{"nodes": [{"id":"0"},{"id":"1"},{"id":"10"},{"id":"100"},{"id":"1000"},{"id":"1001"},{"id":"1002"},{"id":"1003"},{"id":"1004"},{"id":"1005"},{"id":"1006"},{"id":"1007"},{"id":"1008"},{"id":"1009"},{"id":"101"},{"id":"1010"},{"id":"1011"},{"id":"1012"},{"id":"1013"},{"id":"1014"},{"id":"1015"},{"id":"1016"},{"id":"1017"},{"id":"1018"},{"id":"1019"},{"id":"102"},{"id":"1020"},{"id":"1021"},{"id":"1022"},{"id":"1023"},{"id":"1024"},{"id":"1025"},{"id":"1026"},{"id":"1027"},{"id":"1028"},{"id":"1029"},{"id":"103"},{"id":"1030"},{"id":"1031"},{"id":"1032"},{"id":"1033"},{"id":"1034"},{"id":"1035"},{"id":"1036"},{"id":"1037"},{"id":"1038"},{"id":"1039"},{"id":"104"},{"id":"1040"},{"id":"1041"},{"id":"1042"},{"id":"1043"},{"id":"1044"},{"id":"1045"},{"id":"1046"},{"id":"1047"},{"id":"1048"},{"id":"1049"},{"id":"105"},{"id":"1050"},{"id":"1051"},{"id":"1052"},{"id":"1053"},{"id":"1054"},{"id":"1055"},{"id":"1056"},{"id":"1057"},{"id":"1058"},{"id":"1059"},{"id":"106"},{"id":"1060"},{"id":"1061"},{"id":"1062"},{"id":"1063"},{"id":"1064"},{"id":"1065"},{"id":"1066"},{"id":"1067"},{"id":"1068"},{"id":"1069"},{"id":"107"},{"id":"1070"},{"id":"1071"},{"id":"1072"},{"id":"1073"},{"id":"1074"},{"id":"1075"},{"id":"1076"},{"id":"1077"},{"id":"1078"},{"id":"1079"},{"id":"108"},{"id":"1080"},{"id":"1081"},{"id":"1082"},{"id":"1083"},{"id":"1084"},{"id":"1085"},{"id":"1086"},{"id":"1087"},{"id":"1088"},{"id":"1089"},{"id":"109"},{"id":"1090"},{"id":"1091"},{"id":"1092"},{"id":"1093"},{"id":"1094"},{"id":"1095"},{"id":"1096"},{"id":"1097"},{"id":"1098"},{"id":"1099"},{"id":"11"},{"id":"110"},{"id":"1100"},{"id":"1101"},{"id":"1102"},{"id":"1103"},{"id":"1104"},{"id":"1105"},{"id":"1106"},{"id":"1107"},{"id":"1108"},{"id":"1109"},{"id":"111"},{"id":"1110"},{"id":"1111"},{"id":"1112"},{"id":"1113"},{"id":"1114"},{"id":"1115"},{"id":"1116"},{"id":"1117"},{"id":"1118"},{"id":"1119"},{"id":"112"},{"id":"1120"},{"id":"1121"},{"id":"1122"},{"id":"1123"},{"id":"1124"},{"id":"1125"},{"id":"1126"},{"id":"1127"},{"id":"1128"},{"id":"1129"},{"id":"113"},{"id":"1130"},{"id":"1131"},{"id":"1132"},{"id":"1133"},{"id":"1134"},{"id":"1135"},{"id":"1136"},{"id":"1137"},{"id":"1138"},{"id":"1139"},{"id":"114"},{"id":"1140"},{"id":"1141"},{"id":"1142"},{"id":"1143"},{"id":"1144"},{"id":"1145"},{"id":"1146"},{"id":"1147"},{"id":"1148"},{"id":"1149"},{"id":"115"},{"id":"1150"},{"id":"1151"},{"id":"1152"},{"id":"1153"},{"id":"1154"},{"id":"1155"},{"id":"1156"},{"id":"1157"},{"id":"1158"},{"id":"1159"},{"id":"116"},{"id":"1160"},{"id":"1161"},{"id":"1162"},{"id":"1163"},{"id":"1164"},{"id":"1165"},{"id":"1166"},{"id":"1167"},{"id":"1168"},{"id":"1169"},{"id":"117"},{"id":"1170"},{"id":"1171"},{"id":"1172"},{"id":"1173"},{"id":"1174"},{"id":"1175"},{"id":"1176"},{"id":"1177"},{"id":"1178"},{"id":"1179"},{"id":"118"},{"id":"1180"},{"id":"1181"},{"id":"1182"},{"id":"1183"},{"id":"1184"},{"id":"1185"},{"id":"1186"},{"id":"1187"},{"id":"1188"},{"id":"1189"},{"id":"119"},{"id":"1190"},{"id":"1191"},{"id":"1192"},{"id":"1193"},{"id":"1194"},{"id":"1195"},{"id":"1196"},{"id":"1197"},{"id":"1198"},{"id":"1199"},{"id":"12"},{"id":"120"},{"id":"1200"},{"id":"1201"},{"id":"1202"},{"id":"1203"},{"id":"1204"},{"id":"1205"},{"id":"1206"},{"id":"1207"},{"id":"1208"},{"id":"1209"},{"id":"121"},{"id":"1210"},{"id":"1211"},{"id":"1212"},{"id":"1213"},{"id":"1214"},{"id":"1215"},{"id":"1216"},{"id":"1217"},{"id":"1218"},{"id":"1219"},{"id":"122"},{"id":"1220"},{"id":"1221"},{"id":"1222"},{"id":"1223"},{"id":"1224"},{"id":"1225"},{"id":"1226"},{"id":"1227"},{"id":"1228"},{"id":"1229"},{"id":"123"},{"id":"1230"},{"id":"1231"},{"id":"1232"},{"id":"1233"},{"id":"1234"},{"id":"1235"},{"id":"1236"},{"id":"1237"},{"id":"1238"},{"id":"1239"},{"id":"124"},{"id":"1240"},{"id":"1241"},{"id":"1242"},{"id":"1243"},{"id":"1244"},{"id":"1245"},{"id":"1246"},{"id":"1247"},{"id":"1248"},{"id":"1249"},{"id":"125"},{"id":"1250"},{"id":"1251"},{"id":"1252"},{"id":"1253"},{"id":"1254"},{"id":"1255"},{"id":"1256"},{"id":"1257"},{"id":"1258"},{"id":"1259"},{"id":"126"},{"id":"1260"},{"id":"1261"},{"id":"1262"},{"id":"1263"},{"id":"1264"},{"id":"1265"},{"id":"1266"},{"id":"1267"},{"id":"1268"},{"id":"1269"},{"id":"127"},{"id":"1270"},{"id":"1271"},{"id":"1272"},{"id":"1273"},{"id":"1274"},{"id":"1275"},{"id":"1276"},{"id":"1277"},{"id":"1278"},{"id":"1279"},{"id":"128"},{"id":"1280"},{"id":"1281"},{"id":"1282"},{"id":"1283"},{"id":"1284"},{"id":"1285"},{"id":"1286"},{"id":"1287"},{"id":"1288"},{"id":"1289"},{"id":"129"},{"id":"1290"},{"id":"1291"},{"id":"1292"},{"id":"1293"},{"id":"1294"},{"id":"1295"},{"id":"1296"},{"id":"1297"},{"id":"1298"},{"id":"1299"},{"id":"13"},{"id":"130"},{"id":"1300"},{"id":"1301"},{"id":"1302"},{"id":"1303"},{"id":"1304"},{"id":"1305"},{"id":"1306"},{"id":"1307"},{"id":"1308"},{"id":"1309"},{"id":"131"},{"id":"1310"},{"id":"1311"},{"id":"1312"},{"id":"1313"},{"id":"1314"},{"id":"1315"},{"id":"1316"},{"id":"1317"},{"id":"1318"},{"id":"1319"},{"id":"132"},{"id":"1320"},{"id":"1321"},{"id":"1322"},{"id":"1323"},{"id":"1324"},{"id":"1325"},{"id":"1326"},{"id":"1327"},{"id":"1328"},{"id":"1329"},{"id":"133"},{"id":"1330"},{"id":"1331"},{"id":"1332"},{"id":"1333"},{"id":"1334"},{"id":"1335"},{"id":"1336"},{"id":"1337"},{"id":"1338"},{"id":"1339"},{"id":"134"},{"id":"1340"},{"id":"1341"},{"id":"1342"},{"id":"1343"},{"id":"1344"},{"id":"1345"},{"id":"1346"},{"id":"1347"},{"id":"1348"},{"id":"1349"},{"id":"135"},{"id":"1350"},{"id":"1351"},{"id":"1352"},{"id":"1353"},{"id":"1354"},{"id":"1355"},{"id":"1356"},{"id":"1357"},{"id":"1358"},{"id":"1359"},{"id":"136"},{"id":"1360"},{"id":"1361"},{"id":"1362"},{"id":"1363"},{"id":"1364"},{"id":"1365"},{"id":"1366"},{"id":"1367"},{"id":"1368"},{"id":"1369"},{"id":"137"},{"id":"1370"},{"id":"1371"},{"id":"1372"},{"id":"1373"},{"id":"1374"},{"id":"1375"},{"id":"1376"},{"id":"1377"},{"id":"1378"},{"id":"1379"},{"id":"138"},{"id":"1380"},{"id":"1381"},{"id":"1382"},{"id":"1383"},{"id":"1384"},{"id":"1385"},{"id":"1386"},{"id":"1387"},{"id":"1388"},{"id":"1389"},{"id":"139"},{"id":"1390"},{"id":"1391"},{"id":"1392"},{"id":"1393"},{"id":"1394"},{"id":"1395"},{"id":"1396"},{"id":"1397"},{"id":"1398"},{"id":"1399"},{"id":"14"},{"id":"140"},{"id":"1400"},{"id":"1401"},{"id":"1402"},{"id":"1403"},{"id":"1404"},{"id":"1405"},{"id":"1406"},{"id":"1407"},{"id":"1408"},{"id":"1409"},{"id":"141"},{"id":"1410"},{"id":"1411"},{"id":"1412"},{"id":"1413"},{"id":"1414"},{"id":"1415"},{"id":"1416"},{"id":"1417"},{"id":"1418"},{"id":"1419"},{"id":"142"},{"id":"1420"},{"id":"1421"},{"id":"1422"},{"id":"1423"},{"id":"1424"},{"id":"1425"},{"id":"1426"},{"id":"1427"},{"id":"1428"},{"id":"1429"},{"id":"143"},{"id":"1430"},{"id":"1431"},{"id":"1432"},{"id":"1433"},{"id":"1434"},{"id":"1435"},{"id":"1436"},{"id":"1437"},{"id":"1438"},{"id":"1439"},{"id":"144"},{"id":"1440"},{"id":"1441"},{"id":"1442"},{"id":"1443"},{"id":"1444"},{"id":"1445"},{"id":"1446"},{"id":"1447"},{"id":"1448"},{"id":"1449"},{"id":"145"},{"id":"1450"},{"id":"1451"},{"id":"1452"},{"id":"1453"},{"id":"1454"},{"id":"1455"},{"id":"1456"},{"id":"1457"},{"id":"1458"},{"id":"1459"},{"id":"146"},{"id":"1460"},{"id":"1461"},{"id":"1462"},{"id":"1463"},{"id":"1464"},{"id":"1465"},{"id":"1466"},{"id":"1467"},{"id":"1468"},{"id":"1469"},{"id":"147"},{"id":"1470"},{"id":"1471"},{"id":"1472"},{"id":"1473"},{"id":"1474"},{"id":"1475"},{"id":"1476"},{"id":"1477"},{"id":"1478"},{"id":"1479"},{"id":"148"},{"id":"1480"},{"id":"1481"},{"id":"1482"},{"id":"1483"},{"id":"1484"},{"id":"1485"},{"id":"1486"},{"id":"1487"},{"id":"1488"},{"id":"1489"},{"id":"149"},{"id":"1490"},{"id":"1491"},{"id":"1492"},{"id":"1493"},{"id":"1494"},{"id":"1495"},{"id":"1496"},{"id":"1497"},{"id":"1498"},{"id":"1499"},{"id":"15"},{"id":"150"},{"id":"1500"},{"id":"1501"},{"id":"1502"},{"id":"1503"},{"id":"1504"},{"id":"1505"},{"id":"1506"},{"id":"1507"},{"id":"1508"},{"id":"1509"},{"id":"151"},{"id":"1510"},{"id":"1511"},{"id":"1512"},{"id":"1513"},{"id":"1514"},{"id":"1515"},{"id":"1516"},{"id":"1517"},{"id":"1518"},{"id":"1519"},{"id":"152"},{"id":"1520"},{"id":"1521"},{"id":"1522"},{"id":"1523"},{"id":"1524"},{"id":"1525"},{"id":"1526"},{"id":"1527"},{"id":"1528"},{"id":"1529"},{"id":"153"},{"id":"1530"},{"id":"1531"},{"id":"1532"},{"id":"1533"},{"id":"1534"},{"id":"1535"},{"id":"1536"},{"id":"1537"},{"id":"1538"},{"id":"1539"},{"id":"154"},{"id":"1540"},{"id":"1541"},{"id":"1542"},{"id":"1543"},{"id":"1544"},{"id":"1545"},{"id":"1546"},{"id":"1547"},{"id":"1548"},{"id":"1549"},{"id":"155"},{"id":"1550"},{"id":"1551"},{"id":"1552"},{"id":"1553"},{"id":"1554"},{"id":"1555"},{"id":"1556"},{"id":"1557"},{"id":"1558"},{"id":"1559"},{"id":"156"},{"id":"1560"},{"id":"1561"},{"id":"1562"},{"id":"1563"},{"id":"1564"},{"id":"1565"},{"id":"1566"},{"id":"1567"},{"id":"1568"},{"id":"1569"},{"id":"157"},{"id":"1570"},{"id":"1571"},{"id":"1572"},{"id":"1573"},{"id":"1574"},{"id":"1575"},{"id":"1576"},{"id":"1577"},{"id":"1578"},{"id":"1579"},{"id":"158"},{"id":"1580"},{"id":"1581"},{"id":"1582"},{"id":"1583"},{"id":"1584"},{"id":"1585"},{"id":"1586"},{"id":"1587"},{"id":"1588"},{"id":"1589"},{"id":"159"},{"id":"1590"},{"id":"1591"},{"id":"1592"},{"id":"1593"},{"id":"1594"},{"id":"1595"},{"id":"1596"},{"id":"1597"},{"id":"1598"},{"id":"1599"},{"id":"16"},{"id":"160"},{"id":"1600"},{"id":"1601"},{"id":"1602"},{"id":"1603"},{"id":"1604"},{"id":"1605"},{"id":"1606"},{"id":"1607"},{"id":"1608"},{"id":"1609"},{"id":"161"},{"id":"1610"},{"id":"1611"},{"id":"1612"},{"id":"1613"},{"id":"1614"},{"id":"1615"},{"id":"1616"},{"id":"1617"},{"id":"1618"},{"id":"1619"},{"id":"162"},{"id":"1620"},{"id":"1621"},{"id":"1622"},{"id":"1623"},{"id":"1624"},{"id":"1625"},{"id":"1626"},{"id":"1627"},{"id":"1628"},{"id":"1629"},{"id":"163"},{"id":"1630"},{"id":"1631"},{"id":"1632"},{"id":"1633"},{"id":"1634"},{"id":"1635"},{"id":"1636"},{"id":"1637"},{"id":"1638"},{"id":"1639"},{"id":"164"},{"id":"1640"},{"id":"1641"},{"id":"1642"},{"id":"1643"},{"id":"1644"},{"id":"1645"},{"id":"1646"},{"id":"1647"},{"id":"1648"},{"id":"1649"},{"id":"165"},{"id":"1650"},{"id":"1651"},{"id":"1652"},{"id":"1653"},{"id":"1654"},{"id":"1655"},{"id":"1656"},{"id":"1657"},{"id":"1658"},{"id":"1659"},{"id":"166"},{"id":"1660"},{"id":"1661"},{"id":"1662"},{"id":"1663"},{"id":"1664"},{"id":"1665"},{"id":"1666"},{"id":"1667"},{"id":"1668"},{"id":"1669"},{"id":"167"},{"id":"1670"},{"id":"1671"},{"id":"1672"},{"id":"1673"},{"id":"1674"},{"id":"1675"},{"id":"1676"},{"id":"1677"},{"id":"1678"},{"id":"1679"},{"id":"168"},{"id":"1680"},{"id":"1681"},{"id":"1682"},{"id":"1683"},{"id":"1684"},{"id":"1685"},{"id":"1686"},{"id":"1687"},{"id":"1688"},{"id":"1689"},{"id":"169"},{"id":"1690"},{"id":"1691"},{"id":"1692"},{"id":"1693"},{"id":"1694"},{"id":"1695"},{"id":"1696"},{"id":"1697"},{"id":"1698"},{"id":"1699"},{"id":"17"},{"id":"170"},{"id":"1700"},{"id":"1701"},{"id":"1702"},{"id":"1703"},{"id":"1704"},{"id":"1705"},{"id":"1706"},{"id":"1707"},{"id":"1708"},{"id":"1709"},{"id":"171"},{"id":"1710"},{"id":"1711"},{"id":"1712"},{"id":"1713"},{"id":"1714"},{"id":"1715"},{"id":"1716"},{"id":"1717"},{"id":"1718"},{"id":"1719"},{"id":"172"},{"id":"1720"},{"id":"1721"},{"id":"1722"},{"id":"1723"},{"id":"1724"},{"id":"1725"},{"id":"1726"},{"id":"1727"},{"id":"1728"},{"id":"1729"},{"id":"173"},{"id":"1730"},{"id":"1731"},{"id":"1732"},{"id":"1733"},{"id":"1734"},{"id":"1735"},{"id":"1736"},{"id":"1737"},{"id":"1738"},{"id":"1739"},{"id":"174"},{"id":"1740"},{"id":"1741"},{"id":"1742"},{"id":"1743"},{"id":"1744"},{"id":"1745"},{"id":"1746"},{"id":"1747"},{"id":"1748"},{"id":"1749"},{"id":"175"},{"id":"1750"},{"id":"1751"},{"id":"1752"},{"id":"1753"},{"id":"1754"},{"id":"1755"},{"id":"1756"},{"id":"1757"},{"id":"1758"},{"id":"1759"},{"id":"176"},{"id":"1760"},{"id":"1761"},{"id":"1762"},{"id":"1763"},{"id":"1764"},{"id":"1765"},{"id":"1766"},{"id":"1767"},{"id":"1768"},{"id":"1769"},{"id":"177"},{"id":"1770"},{"id":"1771"},{"id":"1772"},{"id":"1773"},{"id":"1774"},{"id":"1775"},{"id":"1776"},{"id":"1777"},{"id":"1778"},{"id":"1779"},{"id":"178"},{"id":"1780"},{"id":"1781"},{"id":"1782"},{"id":"1783"},{"id":"1784"},{"id":"1785"},{"id":"1786"},{"id":"1787"},{"id":"1788"},{"id":"1789"},{"id":"179"},{"id":"1790"},{"id":"1791"},{"id":"1792"},{"id":"1793"},{"id":"1794"},{"id":"1795"},{"id":"1796"},{"id":"1797"},{"id":"1798"},{"id":"1799"},{"id":"18"},{"id":"180"},{"id":"1800"},{"id":"1801"},{"id":"1802"},{"id":"1803"},{"id":"1804"},{"id":"1805"},{"id":"1806"},{"id":"1807"},{"id":"1808"},{"id":"1809"},{"id":"181"},{"id":"1810"},{"id":"1811"},{"id":"1812"},{"id":"1813"},{"id":"1814"},{"id":"1815"},{"id":"1816"},{"id":"1817"},{"id":"1818"},{"id":"1819"},{"id":"182"},{"id":"1820"},{"id":"1821"},{"id":"1822"},{"id":"1823"},{"id":"1824"},{"id":"1825"},{"id":"1826"},{"id":"1827"},{"id":"1828"},{"id":"1829"},{"id":"183"},{"id":"1830"},{"id":"1831"},{"id":"1832"},{"id":"1833"},{"id":"1834"},{"id":"1835"},{"id":"1836"},{"id":"1837"},{"id":"1838"},{"id":"1839"},{"id":"184"},{"id":"1840"},{"id":"1841"},{"id":"1842"},{"id":"1843"},{"id":"1844"},{"id":"1845"},{"id":"1846"},{"id":"1847"},{"id":"1848"},{"id":"1849"},{"id":"185"},{"id":"1850"},{"id":"1851"},{"id":"1852"},{"id":"1853"},{"id":"1854"},{"id":"1855"},{"id":"1856"},{"id":"1857"},{"id":"1858"},{"id":"1859"},{"id":"186"},{"id":"1860"},{"id":"1861"},{"id":"1862"},{"id":"1863"},{"id":"1864"},{"id":"1865"},{"id":"1866"},{"id":"1867"},{"id":"1868"},{"id":"1869"},{"id":"187"},{"id":"1870"},{"id":"1871"},{"id":"1872"},{"id":"1873"},{"id":"1874"},{"id":"1875"},{"id":"1876"},{"id":"1877"},{"id":"1878"},{"id":"1879"},{"id":"188"},{"id":"1880"},{"id":"1881"},{"id":"1882"},{"id":"1883"},{"id":"1884"},{"id":"1885"},{"id":"1886"},{"id":"1887"},{"id":"1888"},{"id":"1889"},{"id":"189"},{"id":"1890"},{"id":"1891"},{"id":"1892"},{"id":"1893"},{"id":"1894"},{"id":"1895"},{"id":"1896"},{"id":"1897"},{"id":"1898"},{"id":"1899"},{"id":"19"},{"id":"190"},{"id":"1900"},{"id":"1901"},{"id":"1902"},{"id":"1903"},{"id":"1904"},{"id":"1905"},{"id":"1906"},{"id":"1907"},{"id":"1908"},{"id":"1909"},{"id":"191"},{"id":"1910"},{"id":"1911"},{"id":"1912"},{"id":"1913"},{"id":"1914"},{"id":"1915"},{"id":"1916"},{"id":"1917"},{"id":"1918"},{"id":"1919"},{"id":"192"},{"id":"1920"},{"id":"1921"},{"id":"1922"},{"id":"1923"},{"id":"1924"},{"id":"1925"},{"id":"1926"},{"id":"1927"},{"id":"1928"},{"id":"1929"},{"id":"193"},{"id":"1930"},{"id":"1931"},{"id":"1932"},{"id":"1933"},{"id":"1934"},{"id":"1935"},{"id":"1936"},{"id":"1937"},{"id":"1938"},{"id":"1939"},{"id":"194"},{"id":"1940"},{"id":"1941"},{"id":"1942"},{"id":"1943"},{"id":"1944"},{"id":"1945"},{"id":"1946"},{"id":"1947"},{"id":"1948"},{"id":"1949"},{"id":"195"},{"id":"1950"},{"id":"1951"},{"id":"1952"},{"id":"1953"},{"id":"1954"},{"id":"1955"},{"id":"1956"},{"id":"1957"},{"id":"1958"},{"id":"1959"},{"id":"196"},{"id":"1960"},{"id":"1961"},{"id":"1962"},{"id":"1963"},{"id":"1964"},{"id":"1965"},{"id":"1966"},{"id":"1967"},{"id":"1968"},{"id":"1969"},{"id":"197"},{"id":"1970"},{"id":"1971"},{"id":"1972"},{"id":"1973"},{"id":"1974"},{"id":"1975"},{"id":"1976"},{"id":"1977"},{"id":"1978"},{"id":"1979"},{"id":"198"},{"id":"1980"},{"id":"1981"},{"id":"1982"},{"id":"1983"},{"id":"1984"},{"id":"1985"},{"id":"1986"},{"id":"1987"},{"id":"1988"},{"id":"1989"},{"id":"199"},{"id":"1990"},{"id":"1991"},{"id":"1992"},{"id":"1993"},{"id":"1994"},{"id":"1995"},{"id":"1996"},{"id":"1997"},{"id":"1998"},{"id":"1999"},{"id":"2"},{"id":"20"},{"id":"200"},{"id":"2000"},{"id":"2001"},{"id":"2002"},{"id":"2003"},{"id":"2004"},{"id":"2005"},{"id":"2006"},{"id":"2007"},{"id":"2008"},{"id":"2009"},{"id":"201"},{"id":"2010"},{"id":"2011"},{"id":"2012"},{"id":"2013"},{"id":"2014"},{"id":"2015"},{"id":"2016"},{"id":"2017"},{"id":"2018"},{"id":"2019"},{"id":"202"},{"id":"2020"},{"id":"2021"},{"id":"2022"},{"id":"2023"},{"id":"2024"},{"id":"2025"},{"id":"2026"},{"id":"2027"},{"id":"2028"},{"id":"2029"},{"id":"203"},{"id":"2030"},{"id":"2031"},{"id":"2032"},{"id":"2033"},{"id":"2034"},{"id":"2035"},{"id":"2036"},{"id":"2037"},{"id":"2038"},{"id":"2039"},{"id":"204"},{"id":"2040"},{"id":"2041"},{"id":"2042"},{"id":"2043"},{"id":"2044"},{"id":"2045"},{"id":"2046"},{"id":"2047"},{"id":"2048"},{"id":"2049"},{"id":"205"},{"id":"2050"},{"id":"2051"},{"id":"2052"},{"id":"2053"},{"id":"2054"},{"id":"2055"},{"id":"2056"},{"id":"2057"},{"id":"2058"},{"id":"2059"},{"id":"206"},{"id":"2060"},{"id":"2061"},{"id":"2062"},{"id":"2063"},{"id":"2064"},{"id":"2065"},{"id":"2066"},{"id":"2067"},{"id":"2068"},{"id":"2069"},{"id":"207"},{"id":"2070"},{"id":"2071"},{"id":"2072"},{"id":"2073"},{"id":"2074"},{"id":"2075"},{"id":"2076"},{"id":"2077"},{"id":"2078"},{"id":"2079"},{"id":"208"},{"id":"2080"},{"id":"2081"},{"id":"2082"},{"id":"2083"},{"id":"2084"},{"id":"2085"},{"id":"2086"},{"id":"2087"},{"id":"2088"},{"id":"2089"},{"id":"209"},{"id":"2090"},{"id":"2091"},{"id":"2092"},{"id":"2093"},{"id":"2094"},{"id":"2095"},{"id":"2096"},{"id":"2097"},{"id":"2098"},{"id":"2099"},{"id":"21"},{"id":"210"},{"id":"2100"},{"id":"2101"},{"id":"2102"},{"id":"2103"},{"id":"2104"},{"id":"2105"},{"id":"2106"},{"id":"2107"},{"id":"2108"},{"id":"2109"},{"id":"211"},{"id":"2110"},{"id":"2111"},{"id":"2112"},{"id":"2113"},{"id":"2114"},{"id":"2115"},{"id":"2116"},{"id":"2117"},{"id":"2118"},{"id":"2119"},{"id":"212"},{"id":"2120"},{"id":"2121"},{"id":"2122"},{"id":"2123"},{"id":"2124"},{"id":"2125"},{"id":"2126"},{"id":"2127"},{"id":"2128"},{"id":"2129"},{"id":"213"},{"id":"2130"},{"id":"2131"},{"id":"2132"},{"id":"2133"},{"id":"2134"},{"id":"2135"},{"id":"2136"},{"id":"2137"},{"id":"2138"},{"id":"2139"},{"id":"214"},{"id":"2140"},{"id":"2141"},{"id":"2142"},{"id":"2143"},{"id":"2144"},{"id":"2145"},{"id":"2146"},{"id":"2147"},{"id":"2148"},{"id":"2149"},{"id":"215"},{"id":"2150"},{"id":"2151"},{"id":"2152"},{"id":"2153"},{"id":"2154"},{"id":"2155"},{"id":"2156"},{"id":"2157"},{"id":"2158"},{"id":"2159"},{"id":"216"},{"id":"2160"},{"id":"2161"},{"id":"2162"},{"id":"2163"},{"id":"2164"},{"id":"2165"},{"id":"2166"},{"id":"2167"},{"id":"2168"},{"id":"2169"},{"id":"217"},{"id":"2170"},{"id":"2171"},{"id":"2172"},{"id":"2173"},{"id":"2174"},{"id":"2175"},{"id":"2176"},{"id":"2177"},{"id":"2178"},{"id":"2179"},{"id":"218"},{"id":"2180"},{"id":"2181"},{"id":"2182"},{"id":"2183"},{"id":"2184"},{"id":"2185"},{"id":"2186"},{"id":"2187"},{"id":"2188"},{"id":"2189"},{"id":"219"},{"id":"2190"},{"id":"2191"},{"id":"2192"},{"id":"2193"},{"id":"2194"},{"id":"2195"},{"id":"2196"},{"id":"2197"},{"id":"2198"},{"id":"2199"},{"id":"22"},{"id":"220"},{"id":"2200"},{"id":"2201"},{"id":"2202"},{"id":"2203"},{"id":"2204"},{"id":"2205"},{"id":"2206"},{"id":"2207"},{"id":"2208"},{"id":"2209"},{"id":"221"},{"id":"2210"},{"id":"2211"},{"id":"2212"},{"id":"2213"},{"id":"2214"},{"id":"2215"},{"id":"2216"},{"id":"2217"},{"id":"2218"},{"id":"2219"},{"id":"222"},{"id":"2220"},{"id":"2221"},{"id":"2222"},{"id":"2223"},{"id":"2224"},{"id":"2225"},{"id":"2226"},{"id":"2227"},{"id":"2228"},{"id":"2229"},{"id":"223"},{"id":"2230"},{"id":"2231"},{"id":"2232"},{"id":"2233"},{"id":"2234"},{"id":"2235"},{"id":"2236"},{"id":"2237"},{"id":"2238"},{"id":"2239"},{"id":"224"},{"id":"2240"},{"id":"2241"},{"id":"2242"},{"id":"2243"},{"id":"2244"},{"id":"2245"},{"id":"2246"},{"id":"2247"},{"id":"2248"},{"id":"2249"},{"id":"225"},{"id":"2250"},{"id":"2251"},{"id":"2252"},{"id":"2253"},{"id":"2254"},{"id":"2255"},{"id":"2256"},{"id":"2257"},{"id":"2258"},{"id":"2259"},{"id":"226"},{"id":"2260"},{"id":"2261"},{"id":"2262"},{"id":"2263"},{"id":"2264"},{"id":"2265"},{"id":"2266"},{"id":"2267"},{"id":"2268"},{"id":"2269"},{"id":"227"},{"id":"2270"},{"id":"2271"},{"id":"2272"},{"id":"2273"},{"id":"2274"},{"id":"2275"},{"id":"2276"},{"id":"2277"},{"id":"2278"},{"id":"2279"},{"id":"228"},{"id":"2280"},{"id":"2281"},{"id":"2282"},{"id":"2283"},{"id":"2284"},{"id":"2285"},{"id":"2286"},{"id":"2287"},{"id":"2288"},{"id":"2289"},{"id":"229"},{"id":"2290"},{"id":"2291"},{"id":"2292"},{"id":"2293"},{"id":"2294"},{"id":"2295"},{"id":"2296"},{"id":"2297"},{"id":"2298"},{"id":"2299"},{"id":"23"},{"id":"230"},{"id":"2300"},{"id":"2301"},{"id":"2302"},{"id":"2303"},{"id":"2304"},{"id":"2305"},{"id":"2306"},{"id":"2307"},{"id":"2308"},{"id":"2309"},{"id":"231"},{"id":"2310"},{"id":"2311"},{"id":"2312"},{"id":"2313"},{"id":"2314"},{"id":"2315"},{"id":"2316"},{"id":"2317"},{"id":"2318"},{"id":"2319"},{"id":"232"},{"id":"2320"},{"id":"2321"},{"id":"2322"},{"id":"2323"},{"id":"2324"},{"id":"2325"},{"id":"2326"},{"id":"2327"},{"id":"2328"},{"id":"2329"},{"id":"233"},{"id":"2330"},{"id":"2331"},{"id":"2332"},{"id":"2333"},{"id":"2334"},{"id":"2335"},{"id":"2336"},{"id":"2337"},{"id":"2338"},{"id":"2339"},{"id":"234"},{"id":"2340"},{"id":"2341"},{"id":"2342"},{"id":"2343"},{"id":"2344"},{"id":"2345"},{"id":"2346"},{"id":"2347"},{"id":"2348"},{"id":"2349"},{"id":"235"},{"id":"2350"},{"id":"2351"},{"id":"2352"},{"id":"2353"},{"id":"2354"},{"id":"2355"},{"id":"2356"},{"id":"2357"},{"id":"2358"},{"id":"2359"},{"id":"236"},{"id":"2360"},{"id":"2361"},{"id":"2362"},{"id":"2363"},{"id":"2364"},{"id":"2365"},{"id":"2366"},{"id":"2367"},{"id":"2368"},{"id":"2369"},{"id":"237"},{"id":"2370"},{"id":"2371"},{"id":"2372"},{"id":"2373"},{"id":"2374"},{"id":"2375"},{"id":"2376"},{"id":"2377"},{"id":"2378"},{"id":"2379"},{"id":"238"},{"id":"2380"},{"id":"2381"},{"id":"2382"},{"id":"2383"},{"id":"2384"},{"id":"2385"},{"id":"2386"},{"id":"2387"},{"id":"2388"},{"id":"2389"},{"id":"239"},{"id":"2390"},{"id":"2391"},{"id":"2392"},{"id":"2393"},{"id":"2394"},{"id":"2395"},{"id":"2396"},{"id":"2397"},{"id":"2398"},{"id":"2399"},{"id":"24"},{"id":"240"},{"id":"2400"},{"id":"2401"},{"id":"2402"},{"id":"2403"},{"id":"2404"},{"id":"2405"},{"id":"2406"},{"id":"2407"},{"id":"2408"},{"id":"2409"},{"id":"241"},{"id":"2410"},{"id":"2411"},{"id":"2412"},{"id":"2413"},{"id":"2414"},{"id":"2415"},{"id":"2416"},{"id":"2417"},{"id":"2418"},{"id":"2419"},{"id":"242"},{"id":"2420"},{"id":"2421"},{"id":"2422"},{"id":"2423"},{"id":"2424"},{"id":"2425"},{"id":"2426"},{"id":"2427"},{"id":"2428"},{"id":"2429"},{"id":"243"},{"id":"2430"},{"id":"2431"},{"id":"2432"},{"id":"2433"},{"id":"2434"},{"id":"2435"},{"id":"2436"},{"id":"2437"},{"id":"2438"},{"id":"2439"},{"id":"244"},{"id":"2440"},{"id":"2441"},{"id":"2442"},{"id":"2443"},{"id":"2444"},{"id":"2445"},{"id":"2446"},{"id":"2447"},{"id":"2448"},{"id":"2449"},{"id":"245"},{"id":"2450"},{"id":"2451"},{"id":"2452"},{"id":"2453"},{"id":"2454"},{"id":"2455"},{"id":"2456"},{"id":"2457"},{"id":"2458"},{"id":"2459"},{"id":"246"},{"id":"2460"},{"id":"2461"},{"id":"2462"},{"id":"2463"},{"id":"2464"},{"id":"2465"},{"id":"2466"},{"id":"2467"},{"id":"2468"},{"id":"2469"},{"id":"247"},{"id":"2470"},{"id":"2471"},{"id":"2472"},{"id":"2473"},{"id":"2474"},{"id":"2475"},{"id":"2476"},{"id":"2477"},{"id":"2478"},{"id":"2479"},{"id":"248"},{"id":"2480"},{"id":"2481"},{"id":"2482"},{"id":"2483"},{"id":"2484"},{"id":"2485"},{"id":"2486"},{"id":"2487"},{"id":"2488"},{"id":"2489"},{"id":"249"},{"id":"2490"},{"id":"2491"},{"id":"2492"},{"id":"2493"},{"id":"2494"},{"id":"2495"},{"id":"2496"},{"id":"2497"},{"id":"2498"},{"id":"2499"},{"id":"25"},{"id":"250"},{"id":"2500"},{"id":"2501"},{"id":"2502"},{"id":"2503"},{"id":"2504"},{"id":"2505"},{"id":"2506"},{"id":"2507"},{"id":"2508"},{"id":"2509"},{"id":"251"},{"id":"2510"},{"id":"2511"},{"id":"2512"},{"id":"2513"},{"id":"2514"},{"id":"2515"},{"id":"2516"},{"id":"2517"},{"id":"2518"},{"id":"2519"},{"id":"252"},{"id":"2520"},{"id":"2521"},{"id":"2522"},{"id":"2523"},{"id":"2524"},{"id":"2525"},{"id":"2526"},{"id":"2527"},{"id":"2528"},{"id":"2529"},{"id":"253"},{"id":"2530"},{"id":"2531"},{"id":"2532"},{"id":"2533"},{"id":"2534"},{"id":"2535"},{"id":"2536"},{"id":"2537"},{"id":"2538"},{"id":"2539"},{"id":"254"},{"id":"2540"},{"id":"2541"},{"id":"2542"},{"id":"2543"},{"id":"2544"},{"id":"2545"},{"id":"2546"},{"id":"2547"},{"id":"2548"},{"id":"2549"},{"id":"255"},{"id":"2550"},{"id":"2551"},{"id":"2552"},{"id":"2553"},{"id":"2554"},{"id":"2555"},{"id":"2556"},{"id":"2557"},{"id":"2558"},{"id":"2559"},{"id":"256"},{"id":"2560"},{"id":"2561"},{"id":"2562"},{"id":"2563"},{"id":"2564"},{"id":"2565"},{"id":"2566"},{"id":"2567"},{"id":"2568"},{"id":"2569"},{"id":"257"},{"id":"2570"},{"id":"2571"},{"id":"2572"},{"id":"2573"},{"id":"2574"},{"id":"2575"},{"id":"2576"},{"id":"2577"},{"id":"2578"},{"id":"2579"},{"id":"258"},{"id":"2580"},{"id":"2581"},{"id":"2582"},{"id":"2583"},{"id":"2584"},{"id":"2585"},{"id":"2586"},{"id":"2587"},{"id":"2588"},{"id":"2589"},{"id":"259"},{"id":"2590"},{"id":"2591"},{"id":"2592"},{"id":"2593"},{"id":"2594"},{"id":"2595"},{"id":"2596"},{"id":"2597"},{"id":"2598"},{"id":"2599"},{"id":"26"},{"id":"260"},{"id":"2600"},{"id":"2601"},{"id":"2602"},{"id":"2603"},{"id":"2604"},{"id":"2605"},{"id":"2606"},{"id":"2607"},{"id":"2608"},{"id":"2609"},{"id":"261"},{"id":"2610"},{"id":"2611"},{"id":"2612"},{"id":"2613"},{"id":"2614"},{"id":"2615"},{"id":"2616"},{"id":"2617"},{"id":"2618"},{"id":"2619"},{"id":"262"},{"id":"2620"},{"id":"2621"},{"id":"2622"},{"id":"2623"},{"id":"2624"},{"id":"2625"},{"id":"2626"},{"id":"2627"},{"id":"2628"},{"id":"2629"},{"id":"263"},{"id":"2630"},{"id":"2631"},{"id":"2632"},{"id":"2633"},{"id":"2634"},{"id":"2635"},{"id":"2636"},{"id":"2637"},{"id":"2638"},{"id":"2639"},{"id":"264"},{"id":"2640"},{"id":"2641"},{"id":"2642"},{"id":"2643"},{"id":"2644"},{"id":"2645"},{"id":"2646"},{"id":"2647"},{"id":"2648"},{"id":"2649"},{"id":"265"},{"id":"2650"},{"id":"2651"},{"id":"2652"},{"id":"2653"},{"id":"2654"},{"id":"2655"},{"id":"2656"},{"id":"2657"},{"id":"2658"},{"id":"2659"},{"id":"266"},{"id":"2660"},{"id":"2661"},{"id":"2662"},{"id":"2663"},{"id":"2664"},{"id":"2665"},{"id":"2666"},{"id":"2667"},{"id":"2668"},{"id":"2669"},{"id":"267"},{"id":"2670"},{"id":"2671"},{"id":"2672"},{"id":"2673"},{"id":"2674"},{"id":"2675"},{"id":"2676"},{"id":"2677"},{"id":"2678"},{"id":"2679"},{"id":"268"},{"id":"2680"},{"id":"2681"},{"id":"2682"},{"id":"2683"},{"id":"2684"},{"id":"2685"},{"id":"2686"},{"id":"2687"},{"id":"2688"},{"id":"2689"},{"id":"269"},{"id":"2690"},{"id":"2691"},{"id":"2692"},{"id":"2693"},{"id":"2694"},{"id":"2695"},{"id":"2696"},{"id":"2697"},{"id":"2698"},{"id":"2699"},{"id":"27"},{"id":"270"},{"id":"2700"},{"id":"2701"},{"id":"2702"},{"id":"2703"},{"id":"2704"},{"id":"2705"},{"id":"2706"},{"id":"2707"},{"id":"2708"},{"id":"2709"},{"id":"271"},{"id":"2710"},{"id":"2711"},{"id":"2712"},{"id":"2713"},{"id":"2714"},{"id":"2715"},{"id":"2716"},{"id":"2717"},{"id":"2718"},{"id":"2719"},{"id":"272"},{"id":"2720"},{"id":"2721"},{"id":"2722"},{"id":"2723"},{"id":"2724"},{"id":"2725"},{"id":"2726"},{"id":"2727"},{"id":"2728"},{"id":"2729"},{"id":"273"},{"id":"2730"},{"id":"2731"},{"id":"2732"},{"id":"2733"},{"id":"2734"},{"id":"2735"},{"id":"2736"},{"id":"2737"},{"id":"2738"},{"id":"2739"},{"id":"274"},{"id":"2740"},{"id":"2741"},{"id":"2742"},{"id":"2743"},{"id":"2744"},{"id":"2745"},{"id":"2746"},{"id":"2747"},{"id":"2748"},{"id":"2749"},{"id":"275"},{"id":"2750"},{"id":"2751"},{"id":"2752"},{"id":"2753"},{"id":"2754"},{"id":"2755"},{"id":"2756"},{"id":"2757"},{"id":"2758"},{"id":"2759"},{"id":"276"},{"id":"2760"},{"id":"2761"},{"id":"2762"},{"id":"2763"},{"id":"2764"},{"id":"2765"},{"id":"2766"},{"id":"2767"},{"id":"2768"},{"id":"2769"},{"id":"277"},{"id":"2770"},{"id":"2771"},{"id":"2772"},{"id":"2773"},{"id":"2774"},{"id":"2775"},{"id":"2776"},{"id":"2777"},{"id":"2778"},{"id":"2779"},{"id":"278"},{"id":"2780"},{"id":"2781"},{"id":"2782"},{"id":"2783"},{"id":"2784"},{"id":"2785"},{"id":"2786"},{"id":"2787"},{"id":"2788"},{"id":"2789"},{"id":"279"},{"id":"2790"},{"id":"2791"},{"id":"2792"},{"id":"2793"},{"id":"2794"},{"id":"2795"},{"id":"2796"},{"id":"2797"},{"id":"2798"},{"id":"2799"},{"id":"28"},{"id":"280"},{"id":"2800"},{"id":"2801"},{"id":"2802"},{"id":"2803"},{"id":"2804"},{"id":"2805"},{"id":"2806"},{"id":"2807"},{"id":"2808"},{"id":"2809"},{"id":"281"},{"id":"2810"},{"id":"2811"},{"id":"2812"},{"id":"2813"},{"id":"2814"},{"id":"2815"},{"id":"2816"},{"id":"2817"},{"id":"2818"},{"id":"2819"},{"id":"282"},{"id":"2820"},{"id":"2821"},{"id":"2822"},{"id":"2823"},{"id":"2824"},{"id":"2825"},{"id":"2826"},{"id":"2827"},{"id":"2828"},{"id":"2829"},{"id":"283"},{"id":"2830"},{"id":"2831"},{"id":"2832"},{"id":"2833"},{"id":"2834"},{"id":"2835"},{"id":"2836"},{"id":"2837"},{"id":"2838"},{"id":"2839"},{"id":"284"},{"id":"2840"},{"id":"2841"},{"id":"2842"},{"id":"2843"},{"id":"2844"},{"id":"2845"},{"id":"2846"},{"id":"2847"},{"id":"2848"},{"id":"2849"},{"id":"285"},{"id":"2850"},{"id":"2851"},{"id":"2852"},{"id":"2853"},{"id":"2854"},{"id":"2855"},{"id":"2856"},{"id":"2857"},{"id":"2858"},{"id":"2859"},{"id":"286"},{"id":"2860"},{"id":"2861"},{"id":"2862"},{"id":"2863"},{"id":"2864"},{"id":"2865"},{"id":"2866"},{"id":"2867"},{"id":"2868"},{"id":"2869"},{"id":"287"},{"id":"2870"},{"id":"2871"},{"id":"2872"},{"id":"2873"},{"id":"2874"},{"id":"2875"},{"id":"2876"},{"id":"2877"},{"id":"2878"},{"id":"2879"},{"id":"288"},{"id":"2880"},{"id":"2881"},{"id":"2882"},{"id":"2883"},{"id":"2884"},{"id":"2885"},{"id":"2886"},{"id":"2887"},{"id":"2888"},{"id":"2889"},{"id":"289"},{"id":"2890"},{"id":"2891"},{"id":"2892"},{"id":"2893"},{"id":"2894"},{"id":"2895"},{"id":"2896"},{"id":"2897"},{"id":"2898"},{"id":"2899"},{"id":"29"},{"id":"290"},{"id":"2900"},{"id":"2901"},{"id":"2902"},{"id":"2903"},{"id":"2904"},{"id":"2905"},{"id":"2906"},{"id":"2907"},{"id":"2908"},{"id":"2909"},{"id":"291"},{"id":"2910"},{"id":"2911"},{"id":"2912"},{"id":"2913"},{"id":"2914"},{"id":"2915"},{"id":"2916"},{"id":"2917"},{"id":"2918"},{"id":"2919"},{"id":"292"},{"id":"2920"},{"id":"2921"},{"id":"2922"},{"id":"2923"},{"id":"2924"},{"id":"2925"},{"id":"2926"},{"id":"2927"},{"id":"2928"},{"id":"2929"},{"id":"293"},{"id":"2930"},{"id":"2931"},{"id":"2932"},{"id":"2933"},{"id":"2934"},{"id":"2935"},{"id":"2936"},{"id":"2937"},{"id":"2938"},{"id":"2939"},{"id":"294"},{"id":"2940"},{"id":"2941"},{"id":"2942"},{"id":"2943"},{"id":"2944"},{"id":"2945"},{"id":"2946"},{"id":"2947"},{"id":"2948"},{"id":"2949"},{"id":"295"},{"id":"2950"},{"id":"2951"},{"id":"2952"},{"id":"2953"},{"id":"2954"},{"id":"2955"},{"id":"2956"},{"id":"2957"},{"id":"2958"},{"id":"2959"},{"id":"296"},{"id":"2960"},{"id":"2961"},{"id":"2962"},{"id":"2963"},{"id":"2964"},{"id":"2965"},{"id":"2966"},{"id":"2967"},{"id":"2968"},{"id":"2969"},{"id":"297"},{"id":"2970"},{"id":"2971"},{"id":"2972"},{"id":"2973"},{"id":"2974"},{"id":"2975"},{"id":"2976"},{"id":"2977"},{"id":"2978"},{"id":"2979"},{"id":"298"},{"id":"2980"},{"id":"2981"},{"id":"2982"},{"id":"2983"},{"id":"2984"},{"id":"2985"},{"id":"2986"},{"id":"2987"},{"id":"2988"},{"id":"2989"},{"id":"299"},{"id":"2990"},{"id":"2991"},{"id":"2992"},{"id":"2993"},{"id":"2994"},{"id":"2995"},{"id":"2996"},{"id":"2997"},{"id":"2998"},{"id":"2999"},{"id":"3"},{"id":"30"},{"id":"300"},{"id":"3000"},{"id":"3001"},{"id":"3002"},{"id":"3003"},{"id":"3004"},{"id":"3005"},{"id":"3006"},{"id":"3007"},{"id":"3008"},{"id":"3009"},{"id":"301"},{"id":"3010"},{"id":"3011"},{"id":"3012"},{"id":"3013"},{"id":"3014"},{"id":"3015"},{"id":"3016"},{"id":"3017"},{"id":"3018"},{"id":"3019"},{"id":"302"},{"id":"3020"},{"id":"3021"},{"id":"3022"},{"id":"3023"},{"id":"3024"},{"id":"3025"},{"id":"3026"},{"id":"3027"},{"id":"3028"},{"id":"3029"},{"id":"303"},{"id":"3030"},{"id":"3031"},{"id":"3032"},{"id":"3033"},{"id":"3034"},{"id":"3035"},{"id":"3036"},{"id":"3037"},{"id":"3038"},{"id":"3039"},{"id":"304"},{"id":"3040"},{"id":"3041"},{"id":"3042"},{"id":"3043"},{"id":"3044"},{"id":"3045"},{"id":"3046"},{"id":"3047"},{"id":"3048"},{"id":"3049"},{"id":"305"},{"id":"3050"},{"id":"3051"},{"id":"3052"},{"id":"3053"},{"id":"3054"},{"id":"3055"},{"id":"3056"},{"id":"3057"},{"id":"3058"},{"id":"3059"},{"id":"306"},{"id":"3060"},{"id":"3061"},{"id":"3062"},{"id":"3063"},{"id":"3064"},{"id":"3065"},{"id":"3066"},{"id":"3067"},{"id":"3068"},{"id":"3069"},{"id":"307"},{"id":"3070"},{"id":"3071"},{"id":"3072"},{"id":"3073"},{"id":"3074"},{"id":"3075"},{"id":"3076"},{"id":"3077"},{"id":"3078"},{"id":"3079"},{"id":"308"},{"id":"3080"},{"id":"3081"},{"id":"3082"},{"id":"3083"},{"id":"3084"},{"id":"3085"},{"id":"3086"},{"id":"3087"},{"id":"3088"},{"id":"3089"},{"id":"309"},{"id":"3090"},{"id":"3091"},{"id":"3092"},{"id":"3093"},{"id":"3094"},{"id":"3095"},{"id":"3096"},{"id":"3097"},{"id":"3098"},{"id":"3099"},{"id":"31"},{"id":"310"},{"id":"3100"},{"id":"3101"},{"id":"3102"},{"id":"3103"},{"id":"3104"},{"id":"3105"},{"id":"3106"},{"id":"3107"},{"id":"3108"},{"id":"3109"},{"id":"311"},{"id":"3110"},{"id":"3111"},{"id":"3112"},{"id":"3113"},{"id":"3114"},{"id":"3115"},{"id":"3116"},{"id":"3117"},{"id":"3118"},{"id":"3119"},{"id":"312"},{"id":"3120"},{"id":"3121"},{"id":"3122"},{"id":"3123"},{"id":"3124"},{"id":"3125"},{"id":"3126"},{"id":"3127"},{"id":"3128"},{"id":"3129"},{"id":"313"},{"id":"3130"},{"id":"3131"},{"id":"3132"},{"id":"3133"},{"id":"3134"},{"id":"3135"},{"id":"3136"},{"id":"3137"},{"id":"3138"},{"id":"3139"},{"id":"314"},{"id":"3140"},{"id":"3141"},{"id":"3142"},{"id":"3143"},{"id":"3144"},{"id":"3145"},{"id":"3146"},{"id":"3147"},{"id":"3148"},{"id":"3149"},{"id":"315"},{"id":"3150"},{"id":"3151"},{"id":"3152"},{"id":"3153"},{"id":"3154"},{"id":"3155"},{"id":"3156"},{"id":"3157"},{"id":"3158"},{"id":"3159"},{"id":"316"},{"id":"3160"},{"id":"3161"},{"id":"3162"},{"id":"3163"},{"id":"3164"},{"id":"3165"},{"id":"3166"},{"id":"3167"},{"id":"3168"},{"id":"3169"},{"id":"317"},{"id":"3170"},{"id":"3171"},{"id":"3172"},{"id":"3173"},{"id":"3174"},{"id":"3175"},{"id":"3176"},{"id":"3177"},{"id":"3178"},{"id":"3179"},{"id":"318"},{"id":"3180"},{"id":"3181"},{"id":"3182"},{"id":"3183"},{"id":"3184"},{"id":"3185"},{"id":"3186"},{"id":"3187"},{"id":"3188"},{"id":"3189"},{"id":"319"},{"id":"3190"},{"id":"3191"},{"id":"3192"},{"id":"3193"},{"id":"3194"},{"id":"3195"},{"id":"3196"},{"id":"3197"},{"id":"3198"},{"id":"3199"},{"id":"32"},{"id":"320"},{"id":"3200"},{"id":"3201"},{"id":"3202"},{"id":"3203"},{"id":"3204"},{"id":"3205"},{"id":"3206"},{"id":"3207"},{"id":"3208"},{"id":"3209"},{"id":"321"},{"id":"3210"},{"id":"3211"},{"id":"3212"},{"id":"3213"},{"id":"3214"},{"id":"3215"},{"id":"3216"},{"id":"3217"},{"id":"3218"},{"id":"3219"},{"id":"322"},{"id":"3220"},{"id":"3221"},{"id":"3222"},{"id":"3223"},{"id":"3224"},{"id":"3225"},{"id":"3226"},{"id":"3227"},{"id":"3228"},{"id":"3229"},{"id":"323"},{"id":"3230"},{"id":"3231"},{"id":"3232"},{"id":"3233"},{"id":"3234"},{"id":"3235"},{"id":"3236"},{"id":"3237"},{"id":"3238"},{"id":"3239"},{"id":"324"},{"id":"3240"},{"id":"3241"},{"id":"3242"},{"id":"3243"},{"id":"3244"},{"id":"3245"},{"id":"3246"},{"id":"3247"},{"id":"3248"},{"id":"3249"},{"id":"325"},{"id":"3250"},{"id":"3251"},{"id":"3252"},{"id":"3253"},{"id":"3254"},{"id":"3255"},{"id":"3256"},{"id":"3257"},{"id":"3258"},{"id":"3259"},{"id":"326"},{"id":"3260"},{"id":"3261"},{"id":"3262"},{"id":"3263"},{"id":"3264"},{"id":"3265"},{"id":"3266"},{"id":"3267"},{"id":"3268"},{"id":"3269"},{"id":"327"},{"id":"3270"},{"id":"3271"},{"id":"3272"},{"id":"3273"},{"id":"3274"},{"id":"3275"},{"id":"3276"},{"id":"3277"},{"id":"3278"},{"id":"3279"},{"id":"328"},{"id":"3280"},{"id":"3281"},{"id":"3282"},{"id":"3283"},{"id":"3284"},{"id":"3285"},{"id":"3286"},{"id":"3287"},{"id":"3288"},{"id":"3289"},{"id":"329"},{"id":"3290"},{"id":"3291"},{"id":"3292"},{"id":"3293"},{"id":"3294"},{"id":"3295"},{"id":"3296"},{"id":"3297"},{"id":"3298"},{"id":"3299"},{"id":"33"},{"id":"330"},{"id":"3300"},{"id":"3301"},{"id":"3302"},{"id":"3303"},{"id":"3304"},{"id":"3305"},{"id":"3306"},{"id":"3307"},{"id":"3308"},{"id":"3309"},{"id":"331"},{"id":"3310"},{"id":"3311"},{"id":"3312"},{"id":"3313"},{"id":"3314"},{"id":"3315"},{"id":"3316"},{"id":"3317"},{"id":"3318"},{"id":"3319"},{"id":"332"},{"id":"3320"},{"id":"3321"},{"id":"3322"},{"id":"3323"},{"id":"3324"},{"id":"3325"},{"id":"3326"},{"id":"3327"},{"id":"3328"},{"id":"3329"},{"id":"333"},{"id":"3330"},{"id":"3331"},{"id":"3332"},{"id":"3333"},{"id":"3334"},{"id":"3335"},{"id":"3336"},{"id":"3337"},{"id":"3338"},{"id":"3339"},{"id":"334"},{"id":"3340"},{"id":"3341"},{"id":"3342"},{"id":"3343"},{"id":"3344"},{"id":"3345"},{"id":"3346"},{"id":"3347"},{"id":"3348"},{"id":"3349"},{"id":"335"},{"id":"3350"},{"id":"3351"},{"id":"3352"},{"id":"3353"},{"id":"3354"},{"id":"3355"},{"id":"3356"},{"id":"3357"},{"id":"3358"},{"id":"3359"},{"id":"336"},{"id":"3360"},{"id":"3361"},{"id":"3362"},{"id":"3363"},{"id":"3364"},{"id":"3365"},{"id":"3366"},{"id":"3367"},{"id":"3368"},{"id":"3369"},{"id":"337"},{"id":"3370"},{"id":"3371"},{"id":"3372"},{"id":"3373"},{"id":"3374"},{"id":"3375"},{"id":"3376"},{"id":"3377"},{"id":"3378"},{"id":"3379"},{"id":"338"},{"id":"3380"},{"id":"3381"},{"id":"3382"},{"id":"3383"},{"id":"3384"},{"id":"3385"},{"id":"3386"},{"id":"3387"},{"id":"3388"},{"id":"3389"},{"id":"339"},{"id":"3390"},{"id":"3391"},{"id":"3392"},{"id":"3393"},{"id":"3394"},{"id":"3395"},{"id":"3396"},{"id":"3397"},{"id":"3398"},{"id":"3399"},{"id":"34"},{"id":"340"},{"id":"3400"},{"id":"3401"},{"id":"3402"},{"id":"3403"},{"id":"3404"},{"id":"3405"},{"id":"3406"},{"id":"3407"},{"id":"3408"},{"id":"3409"},{"id":"341"},{"id":"3410"},{"id":"3411"},{"id":"3412"},{"id":"3413"},{"id":"3414"},{"id":"3415"},{"id":"3416"},{"id":"3417"},{"id":"3418"},{"id":"3419"},{"id":"342"},{"id":"3420"},{"id":"3421"},{"id":"3422"},{"id":"3423"},{"id":"3424"},{"id":"3425"},{"id":"3426"},{"id":"3427"},{"id":"3428"},{"id":"3429"},{"id":"343"},{"id":"3430"},{"id":"3431"},{"id":"3432"},{"id":"3433"},{"id":"3434"},{"id":"3435"},{"id":"3436"},{"id":"3437"},{"id":"3438"},{"id":"3439"},{"id":"344"},{"id":"3440"},{"id":"3441"},{"id":"3442"},{"id":"3443"},{"id":"3444"},{"id":"3445"},{"id":"3446"},{"id":"3447"},{"id":"3448"},{"id":"3449"},{"id":"345"},{"id":"3450"},{"id":"3451"},{"id":"3452"},{"id":"3453"},{"id":"3454"},{"id":"3455"},{"id":"3456"},{"id":"3457"},{"id":"3458"},{"id":"3459"},{"id":"346"},{"id":"3460"},{"id":"3461"},{"id":"3462"},{"id":"3463"},{"id":"3464"},{"id":"3465"},{"id":"3466"},{"id":"3467"},{"id":"3468"},{"id":"3469"},{"id":"347"},{"id":"3470"},{"id":"3471"},{"id":"3472"},{"id":"3473"},{"id":"3474"},{"id":"3475"},{"id":"3476"},{"id":"3477"},{"id":"3478"},{"id":"3479"},{"id":"348"},{"id":"3480"},{"id":"3481"},{"id":"3482"},{"id":"3483"},{"id":"3484"},{"id":"3485"},{"id":"3486"},{"id":"3487"},{"id":"3488"},{"id":"3489"},{"id":"349"},{"id":"3490"},{"id":"3491"},{"id":"3492"},{"id":"3493"},{"id":"3494"},{"id":"3495"},{"id":"3496"},{"id":"3497"},{"id":"3498"},{"id":"3499"},{"id":"35"},{"id":"350"},{"id":"3500"},{"id":"3501"},{"id":"3502"},{"id":"3503"},{"id":"3504"},{"id":"3505"},{"id":"3506"},{"id":"3507"},{"id":"3508"},{"id":"3509"},{"id":"351"},{"id":"3510"},{"id":"3511"},{"id":"3512"},{"id":"3513"},{"id":"3514"},{"id":"3515"},{"id":"3516"},{"id":"3517"},{"id":"3518"},{"id":"3519"},{"id":"352"},{"id":"3520"},{"id":"3521"},{"id":"3522"},{"id":"3523"},{"id":"3524"},{"id":"3525"},{"id":"3526"},{"id":"3527"},{"id":"3528"},{"id":"3529"},{"id":"353"},{"id":"3530"},{"id":"3531"},{"id":"3532"},{"id":"3533"},{"id":"3534"},{"id":"3535"},{"id":"3536"},{"id":"3537"},{"id":"3538"},{"id":"3539"},{"id":"354"},{"id":"3540"},{"id":"3541"},{"id":"3542"},{"id":"3543"},{"id":"3544"},{"id":"3545"},{"id":"3546"},{"id":"3547"},{"id":"3548"},{"id":"3549"},{"id":"355"},{"id":"3550"},{"id":"3551"},{"id":"3552"},{"id":"3553"},{"id":"3554"},{"id":"3555"},{"id":"3556"},{"id":"3557"},{"id":"3558"},{"id":"3559"},{"id":"356"},{"id":"3560"},{"id":"3561"},{"id":"3562"},{"id":"3563"},{"id":"3564"},{"id":"3565"},{"id":"3566"},{"id":"3567"},{"id":"3568"},{"id":"3569"},{"id":"357"},{"id":"3570"},{"id":"3571"},{"id":"3572"},{"id":"3573"},{"id":"3574"},{"id":"3575"},{"id":"3576"},{"id":"3577"},{"id":"3578"},{"id":"3579"},{"id":"358"},{"id":"3580"},{"id":"3581"},{"id":"3582"},{"id":"3583"},{"id":"3584"},{"id":"3585"},{"id":"3586"},{"id":"3587"},{"id":"3588"},{"id":"3589"},{"id":"359"},{"id":"3590"},{"id":"3591"},{"id":"3592"},{"id":"3593"},{"id":"3594"},{"id":"3595"},{"id":"3596"},{"id":"3597"},{"id":"3598"},{"id":"3599"},{"id":"36"},{"id":"360"},{"id":"3600"},{"id":"3601"},{"id":"3602"},{"id":"3603"},{"id":"3604"},{"id":"3605"},{"id":"3606"},{"id":"3607"},{"id":"3608"},{"id":"3609"},{"id":"361"},{"id":"3610"},{"id":"3611"},{"id":"3612"},{"id":"3613"},{"id":"3614"},{"id":"3615"},{"id":"3616"},{"id":"3617"},{"id":"3618"},{"id":"3619"},{"id":"362"},{"id":"3620"},{"id":"3621"},{"id":"3622"},{"id":"3623"},{"id":"3624"},{"id":"3625"},{"id":"3626"},{"id":"3627"},{"id":"3628"},{"id":"3629"},{"id":"363"},{"id":"3630"},{"id":"3631"},{"id":"3632"},{"id":"3633"},{"id":"3634"},{"id":"3635"},{"id":"3636"},{"id":"3637"},{"id":"3638"},{"id":"3639"},{"id":"364"},{"id":"3640"},{"id":"3641"},{"id":"3642"},{"id":"3643"},{"id":"3644"},{"id":"3645"},{"id":"3646"},{"id":"3647"},{"id":"3648"},{"id":"3649"},{"id":"365"},{"id":"3650"},{"id":"3651"},{"id":"3652"},{"id":"3653"},{"id":"3654"},{"id":"3655"},{"id":"3656"},{"id":"3657"},{"id":"3658"},{"id":"3659"},{"id":"366"},{"id":"3660"},{"id":"3661"},{"id":"3662"},{"id":"3663"},{"id":"3664"},{"id":"3665"},{"id":"3666"},{"id":"3667"},{"id":"3668"},{"id":"3669"},{"id":"367"},{"id":"3670"},{"id":"3671"},{"id":"3672"},{"id":"3673"},{"id":"3674"},{"id":"3675"},{"id":"3676"},{"id":"3677"},{"id":"3678"},{"id":"3679"},{"id":"368"},{"id":"3680"},{"id":"3681"},{"id":"3682"},{"id":"3683"},{"id":"3684"},{"id":"3685"},{"id":"3686"},{"id":"3687"},{"id":"3688"},{"id":"3689"},{"id":"369"},{"id":"3690"},{"id":"3691"},{"id":"3692"},{"id":"3693"},{"id":"3694"},{"id":"3695"},{"id":"3696"},{"id":"3697"},{"id":"3698"},{"id":"3699"},{"id":"37"},{"id":"370"},{"id":"3700"},{"id":"3701"},{"id":"3702"},{"id":"3703"},{"id":"3704"},{"id":"3705"},{"id":"3706"},{"id":"3707"},{"id":"3708"},{"id":"3709"},{"id":"371"},{"id":"3710"},{"id":"3711"},{"id":"3712"},{"id":"3713"},{"id":"3714"},{"id":"3715"},{"id":"3716"},{"id":"3717"},{"id":"3718"},{"id":"3719"},{"id":"372"},{"id":"3720"},{"id":"3721"},{"id":"3722"},{"id":"3723"},{"id":"3724"},{"id":"3725"},{"id":"3726"},{"id":"3727"},{"id":"3728"},{"id":"3729"},{"id":"373"},{"id":"3730"},{"id":"3731"},{"id":"3732"},{"id":"3733"},{"id":"3734"},{"id":"3735"},{"id":"3736"},{"id":"3737"},{"id":"3738"},{"id":"3739"},{"id":"374"},{"id":"3740"},{"id":"3741"},{"id":"3742"},{"id":"3743"},{"id":"3744"},{"id":"3745"},{"id":"3746"},{"id":"3747"},{"id":"3748"},{"id":"3749"},{"id":"375"},{"id":"3750"},{"id":"3751"},{"id":"3752"},{"id":"3753"},{"id":"3754"},{"id":"3755"},{"id":"3756"},{"id":"3757"},{"id":"3758"},{"id":"3759"},{"id":"376"},{"id":"3760"},{"id":"3761"},{"id":"3762"},{"id":"3763"},{"id":"3764"},{"id":"3765"},{"id":"3766"},{"id":"3767"},{"id":"3768"},{"id":"3769"},{"id":"377"},{"id":"3770"},{"id":"3771"},{"id":"3772"},{"id":"3773"},{"id":"3774"},{"id":"3775"},{"id":"3776"},{"id":"3777"},{"id":"3778"},{"id":"3779"},{"id":"378"},{"id":"3780"},{"id":"3781"},{"id":"3782"},{"id":"3783"},{"id":"3784"},{"id":"3785"},{"id":"3786"},{"id":"3787"},{"id":"3788"},{"id":"3789"},{"id":"379"},{"id":"3790"},{"id":"3791"},{"id":"3792"},{"id":"3793"},{"id":"3794"},{"id":"3795"},{"id":"3796"},{"id":"3797"},{"id":"3798"},{"id":"3799"},{"id":"38"},{"id":"380"},{"id":"3800"},{"id":"3801"},{"id":"3802"},{"id":"3803"},{"id":"3804"},{"id":"3805"},{"id":"3806"},{"id":"3807"},{"id":"3808"},{"id":"3809"},{"id":"381"},{"id":"3810"},{"id":"3811"},{"id":"3812"},{"id":"3813"},{"id":"3814"},{"id":"3815"},{"id":"3816"},{"id":"3817"},{"id":"3818"},{"id":"3819"},{"id":"382"},{"id":"3820"},{"id":"3821"},{"id":"3822"},{"id":"3823"},{"id":"3824"},{"id":"3825"},{"id":"3826"},{"id":"3827"},{"id":"3828"},{"id":"3829"},{"id":"383"},{"id":"3830"},{"id":"3831"},{"id":"3832"},{"id":"3833"},{"id":"3834"},{"id":"3835"},{"id":"3836"},{"id":"3837"},{"id":"3838"},{"id":"3839"},{"id":"384"},{"id":"3840"},{"id":"3841"},{"id":"3842"},{"id":"3843"},{"id":"3844"},{"id":"3845"},{"id":"3846"},{"id":"3847"},{"id":"3848"},{"id":"3849"},{"id":"385"},{"id":"3850"},{"id":"3851"},{"id":"3852"},{"id":"3853"},{"id":"3854"},{"id":"3855"},{"id":"3856"},{"id":"3857"},{"id":"3858"},{"id":"3859"},{"id":"386"},{"id":"3860"},{"id":"3861"},{"id":"3862"},{"id":"3863"},{"id":"3864"},{"id":"3865"},{"id":"3866"},{"id":"3867"},{"id":"3868"},{"id":"3869"},{"id":"387"},{"id":"3870"},{"id":"3871"},{"id":"3872"},{"id":"3873"},{"id":"3874"},{"id":"3875"},{"id":"3876"},{"id":"3877"},{"id":"3878"},{"id":"3879"},{"id":"388"},{"id":"3880"},{"id":"3881"},{"id":"3882"},{"id":"3883"},{"id":"3884"},{"id":"3885"},{"id":"3886"},{"id":"3887"},{"id":"3888"},{"id":"3889"},{"id":"389"},{"id":"3890"},{"id":"3891"},{"id":"3892"},{"id":"3893"},{"id":"3894"},{"id":"3895"},{"id":"3896"},{"id":"3897"},{"id":"3898"},{"id":"3899"},{"id":"39"},{"id":"390"},{"id":"3900"},{"id":"3901"},{"id":"3902"},{"id":"3903"},{"id":"3904"},{"id":"3905"},{"id":"3906"},{"id":"3907"},{"id":"3908"},{"id":"3909"},{"id":"391"},{"id":"3910"},{"id":"3911"},{"id":"3912"},{"id":"3913"},{"id":"3914"},{"id":"3915"},{"id":"3916"},{"id":"3917"},{"id":"3918"},{"id":"3919"},{"id":"392"},{"id":"3920"},{"id":"3921"},{"id":"3922"},{"id":"3923"},{"id":"3924"},{"id":"3925"},{"id":"3926"},{"id":"3927"},{"id":"3928"},{"id":"3929"},{"id":"393"},{"id":"3930"},{"id":"3931"},{"id":"3932"},{"id":"3933"},{"id":"3934"},{"id":"3935"},{"id":"3936"},{"id":"3937"},{"id":"3938"},{"id":"3939"},{"id":"394"},{"id":"3940"},{"id":"3941"},{"id":"3942"},{"id":"3943"},{"id":"3944"},{"id":"3945"},{"id":"3946"},{"id":"3947"},{"id":"3948"},{"id":"3949"},{"id":"395"},{"id":"3950"},{"id":"3951"},{"id":"3952"},{"id":"3953"},{"id":"3954"},{"id":"3955"},{"id":"3956"},{"id":"3957"},{"id":"3958"},{"id":"3959"},{"id":"396"},{"id":"3960"},{"id":"3961"},{"id":"3962"},{"id":"3963"},{"id":"3964"},{"id":"3965"},{"id":"3966"},{"id":"3967"},{"id":"3968"},{"id":"3969"},{"id":"397"},{"id":"3970"},{"id":"3971"},{"id":"3972"},{"id":"3973"},{"id":"3974"},{"id":"3975"},{"id":"3976"},{"id":"3977"},{"id":"3978"},{"id":"3979"},{"id":"398"},{"id":"3980"},{"id":"3981"},{"id":"3982"},{"id":"3983"},{"id":"3984"},{"id":"3985"},{"id":"3986"},{"id":"3987"},{"id":"3988"},{"id":"3989"},{"id":"399"},{"id":"3990"},{"id":"3991"},{"id":"3992"},{"id":"3993"},{"id":"3994"},{"id":"3995"},{"id":"3996"},{"id":"3997"},{"id":"3998"},{"id":"3999"},{"id":"4"},{"id":"40"},{"id":"400"},{"id":"4000"},{"id":"4001"},{"id":"4002"},{"id":"4003"},{"id":"4004"},{"id":"4005"},{"id":"4006"},{"id":"4007"},{"id":"4008"},{"id":"4009"},{"id":"401"},{"id":"4010"},{"id":"4011"},{"id":"4012"},{"id":"4013"},{"id":"4014"},{"id":"4015"},{"id":"4016"},{"id":"4017"},{"id":"4018"},{"id":"4019"},{"id":"402"},{"id":"4020"},{"id":"4021"},{"id":"4022"},{"id":"4023"},{"id":"4024"},{"id":"4025"},{"id":"4026"},{"id":"4027"},{"id":"4028"},{"id":"4029"},{"id":"403"},{"id":"4030"},{"id":"4031"},{"id":"4032"},{"id":"4033"},{"id":"4034"},{"id":"4035"},{"id":"4036"},{"id":"4037"},{"id":"4038"},{"id":"404"},{"id":"405"},{"id":"406"},{"id":"407"},{"id":"408"},{"id":"409"},{"id":"41"},{"id":"410"},{"id":"411"},{"id":"412"},{"id":"413"},{"id":"414"},{"id":"415"},{"id":"416"},{"id":"417"},{"id":"418"},{"id":"419"},{"id":"42"},{"id":"420"},{"id":"421"},{"id":"422"},{"id":"423"},{"id":"424"},{"id":"425"},{"id":"426"},{"id":"427"},{"id":"428"},{"id":"429"},{"id":"43"},{"id":"430"},{"id":"431"},{"id":"432"},{"id":"433"},{"id":"434"},{"id":"435"},{"id":"436"},{"id":"437"},{"id":"438"},{"id":"439"},{"id":"44"},{"id":"440"},{"id":"441"},{"id":"442"},{"id":"443"},{"id":"444"},{"id":"445"},{"id":"446"},{"id":"447"},{"id":"448"},{"id":"449"},{"id":"45"},{"id":"450"},{"id":"451"},{"id":"452"},{"id":"453"},{"id":"454"},{"id":"455"},{"id":"456"},{"id":"457"},{"id":"458"},{"id":"459"},{"id":"46"},{"id":"460"},{"id":"461"},{"id":"462"},{"id":"463"},{"id":"464"},{"id":"465"},{"id":"466"},{"id":"467"},{"id":"468"},{"id":"469"},{"id":"47"},{"id":"470"},{"id":"471"},{"id":"472"},{"id":"473"},{"id":"474"},{"id":"475"},{"id":"476"},{"id":"477"},{"id":"478"},{"id":"479"},{"id":"48"},{"id":"480"},{"id":"481"},{"id":"482"},{"id":"483"},{"id":"484"},{"id":"485"},{"id":"486"},{"id":"487"},{"id":"488"},{"id":"489"},{"id":"49"},{"id":"490"},{"id":"491"},{"id":"492"},{"id":"493"},{"id":"494"},{"id":"495"},{"id":"496"},{"id":"497"},{"id":"498"},{"id":"499"},{"id":"5"},{"id":"50"},{"id":"500"},{"id":"501"},{"id":"502"},{"id":"503"},{"id":"504"},{"id":"505"},{"id":"506"},{"id":"507"},{"id":"508"},{"id":"509"},{"id":"51"},{"id":"510"},{"id":"511"},{"id":"512"},{"id":"513"},{"id":"514"},{"id":"515"},{"id":"516"},{"id":"517"},{"id":"518"},{"id":"519"},{"id":"52"},{"id":"520"},{"id":"521"},{"id":"522"},{"id":"523"},{"id":"524"},{"id":"525"},{"id":"526"},{"id":"527"},{"id":"528"},{"id":"529"},{"id":"53"},{"id":"530"},{"id":"531"},{"id":"532"},{"id":"533"},{"id":"534"},{"id":"535"},{"id":"536"},{"id":"537"},{"id":"538"},{"id":"539"},{"id":"54"},{"id":"540"},{"id":"541"},{"id":"542"},{"id":"543"},{"id":"544"},{"id":"545"},{"id":"546"},{"id":"547"},{"id":"548"},{"id":"549"},{"id":"55"},{"id":"550"},{"id":"551"},{"id":"552"},{"id":"553"},{"id":"554"},{"id":"555"},{"id":"556"},{"id":"557"},{"id":"558"},{"id":"559"},{"id":"56"},{"id":"560"},{"id":"561"},{"id":"562"},{"id":"563"},{"id":"564"},{"id":"565"},{"id":"566"},{"id":"567"},{"id":"568"},{"id":"569"},{"id":"57"},{"id":"570"},{"id":"571"},{"id":"572"},{"id":"573"},{"id":"574"},{"id":"575"},{"id":"576"},{"id":"577"},{"id":"578"},{"id":"579"},{"id":"58"},{"id":"580"},{"id":"581"},{"id":"582"},{"id":"583"},{"id":"584"},{"id":"585"},{"id":"586"},{"id":"587"},{"id":"588"},{"id":"589"},{"id":"59"},{"id":"590"},{"id":"591"},{"id":"592"},{"id":"593"},{"id":"594"},{"id":"595"},{"id":"596"},{"id":"597"},{"id":"598"},{"id":"599"},{"id":"6"},{"id":"60"},{"id":"600"},{"id":"601"},{"id":"602"},{"id":"603"},{"id":"604"},{"id":"605"},{"id":"606"},{"id":"607"},{"id":"608"},{"id":"609"},{"id":"61"},{"id":"610"},{"id":"611"},{"id":"612"},{"id":"613"},{"id":"614"},{"id":"615"},{"id":"616"},{"id":"617"},{"id":"618"},{"id":"619"},{"id":"62"},{"id":"620"},{"id":"621"},{"id":"622"},{"id":"623"},{"id":"624"},{"id":"625"},{"id":"626"},{"id":"627"},{"id":"628"},{"id":"629"},{"id":"63"},{"id":"630"},{"id":"631"},{"id":"632"},{"id":"633"},{"id":"634"},{"id":"635"},{"id":"636"},{"id":"637"},{"id":"638"},{"id":"639"},{"id":"64"},{"id":"640"},{"id":"641"},{"id":"642"},{"id":"643"},{"id":"644"},{"id":"645"},{"id":"646"},{"id":"647"},{"id":"648"},{"id":"649"},{"id":"65"},{"id":"650"},{"id":"651"},{"id":"652"},{"id":"653"},{"id":"654"},{"id":"655"},{"id":"656"},{"id":"657"},{"id":"658"},{"id":"659"},{"id":"66"},{"id":"660"},{"id":"661"},{"id":"662"},{"id":"663"},{"id":"664"},{"id":"665"},{"id":"666"},{"id":"667"},{"id":"668"},{"id":"669"},{"id":"67"},{"id":"670"},{"id":"671"},{"id":"672"},{"id":"673"},{"id":"674"},{"id":"675"},{"id":"676"},{"id":"677"},{"id":"678"},{"id":"679"},{"id":"68"},{"id":"680"},{"id":"681"},{"id":"682"},{"id":"683"},{"id":"684"},{"id":"685"},{"id":"686"},{"id":"687"},{"id":"688"},{"id":"689"},{"id":"69"},{"id":"690"},{"id":"691"},{"id":"692"},{"id":"693"},{"id":"694"},{"id":"695"},{"id":"696"},{"id":"697"},{"id":"698"},{"id":"699"},{"id":"7"},{"id":"70"},{"id":"700"},{"id":"701"},{"id":"702"},{"id":"703"},{"id":"704"},{"id":"705"},{"id":"706"},{"id":"707"},{"id":"708"},{"id":"709"},{"id":"71"},{"id":"710"},{"id":"711"},{"id":"712"},{"id":"713"},{"id":"714"},{"id":"715"},{"id":"716"},{"id":"717"},{"id":"718"},{"id":"719"},{"id":"72"},{"id":"720"},{"id":"721"},{"id":"722"},{"id":"723"},{"id":"724"},{"id":"725"},{"id":"726"},{"id":"727"},{"id":"728"},{"id":"729"},{"id":"73"},{"id":"730"},{"id":"731"},{"id":"732"},{"id":"733"},{"id":"734"},{"id":"735"},{"id":"736"},{"id":"737"},{"id":"738"},{"id":"739"},{"id":"74"},{"id":"740"},{"id":"741"},{"id":"742"},{"id":"743"},{"id":"744"},{"id":"745"},{"id":"746"},{"id":"747"},{"id":"748"},{"id":"749"},{"id":"75"},{"id":"750"},{"id":"751"},{"id":"752"},{"id":"753"},{"id":"754"},{"id":"755"},{"id":"756"},{"id":"757"},{"id":"758"},{"id":"759"},{"id":"76"},{"id":"760"},{"id":"761"},{"id":"762"},{"id":"763"},{"id":"764"},{"id":"765"},{"id":"766"},{"id":"767"},{"id":"768"},{"id":"769"},{"id":"77"},{"id":"770"},{"id":"771"},{"id":"772"},{"id":"773"},{"id":"774"},{"id":"775"},{"id":"776"},{"id":"777"},{"id":"778"},{"id":"779"},{"id":"78"},{"id":"780"},{"id":"781"},{"id":"782"},{"id":"783"},{"id":"784"},{"id":"785"},{"id":"786"},{"id":"787"},{"id":"788"},{"id":"789"},{"id":"79"},{"id":"790"},{"id":"791"},{"id":"792"},{"id":"793"},{"id":"794"},{"id":"795"},{"id":"796"},{"id":"797"},{"id":"798"},{"id":"799"},{"id":"8"},{"id":"80"},{"id":"800"},{"id":"801"},{"id":"802"},{"id":"803"},{"id":"804"},{"id":"805"},{"id":"806"},{"id":"807"},{"id":"808"},{"id":"809"},{"id":"81"},{"id":"810"},{"id":"811"},{"id":"812"},{"id":"813"},{"id":"814"},{"id":"815"},{"id":"816"},{"id":"817"},{"id":"818"},{"id":"819"},{"id":"82"},{"id":"820"},{"id":"821"},{"id":"822"},{"id":"823"},{"id":"824"},{"id":"825"},{"id":"826"},{"id":"827"},{"id":"828"},{"id":"829"},{"id":"83"},{"id":"830"},{"id":"831"},{"id":"832"},{"id":"833"},{"id":"834"},{"id":"835"},{"id":"836"},{"id":"837"},{"id":"838"},{"id":"839"},{"id":"84"},{"id":"840"},{"id":"841"},{"id":"842"},{"id":"843"},{"id":"844"},{"id":"845"},{"id":"846"},{"id":"847"},{"id":"848"},{"id":"849"},{"id":"85"},{"id":"850"},{"id":"851"},{"id":"852"},{"id":"853"},{"id":"854"},{"id":"855"},{"id":"856"},{"id":"857"},{"id":"858"},{"id":"859"},{"id":"86"},{"id":"860"},{"id":"861"},{"id":"862"},{"id":"863"},{"id":"864"},{"id":"865"},{"id":"866"},{"id":"867"},{"id":"868"},{"id":"869"},{"id":"87"},{"id":"870"},{"id":"871"},{"id":"872"},{"id":"873"},{"id":"874"},{"id":"875"},{"id":"876"},{"id":"877"},{"id":"878"},{"id":"879"},{"id":"88"},{"id":"880"},{"id":"881"},{"id":"882"},{"id":"883"},{"id":"884"},{"id":"885"},{"id":"886"},{"id":"887"},{"id":"888"},{"id":"889"},{"id":"89"},{"id":"890"},{"id":"891"},{"id":"892"},{"id":"893"},{"id":"894"},{"id":"895"},{"id":"896"},{"id":"897"},{"id":"898"},{"id":"899"},{"id":"9"},{"id":"90"},{"id":"900"},{"id":"901"},{"id":"902"},{"id":"903"},{"id":"904"},{"id":"905"},{"id":"906"},{"id":"907"},{"id":"908"},{"id":"909"},{"id":"91"},{"id":"910"},{"id":"911"},{"id":"912"},{"id":"913"},{"id":"914"},{"id":"915"},{"id":"916"},{"id":"917"},{"id":"918"},{"id":"919"},{"id":"92"},{"id":"920"},{"id":"921"},{"id":"922"},{"id":"923"},{"id":"924"},{"id":"925"},{"id":"926"},{"id":"927"},{"id":"928"},{"id":"929"},{"id":"93"},{"id":"930"},{"id":"931"},{"id":"932"},{"id":"933"},{"id":"934"},{"id":"935"},{"id":"936"},{"id":"937"},{"id":"938"},{"id":"939"},{"id":"94"},{"id":"940"},{"id":"941"},{"id":"942"},{"id":"943"},{"id":"944"},{"id":"945"},{"id":"946"},{"id":"947"},{"id":"948"},{"id":"949"},{"id":"95"},{"id":"950"},{"id":"951"},{"id":"952"},{"id":"953"},{"id":"954"},{"id":"955"},{"id":"956"},{"id":"957"},{"id":"958"},{"id":"959"},{"id":"96"},{"id":"960"},{"id":"961"},{"id":"962"},{"id":"963"},{"id":"964"},{"id":"965"},{"id":"966"},{"id":"967"},{"id":"968"},{"id":"969"},{"id":"97"},{"id":"970"},{"id":"971"},{"id":"972"},{"id":"973"},{"id":"974"},{"id":"975"},{"id":"976"},{"id":"977"},{"id":"978"},{"id":"979"},{"id":"98"},{"id":"980"},{"id":"981"},{"id":"982"},{"id":"983"},{"id":"984"},{"id":"985"},{"id":"986"},{"id":"987"},{"id":"988"},{"id":"989"},{"id":"99"},{"id":"990"},{"id":"991"},{"id":"992"},{"id":"993"},{"id":"994"},{"id":"995"},{"id":"996"},{"id":"997"},{"id":"998"},{"id":"999"}], "links": [{"source":"0","target":"1"},{"source":"0","target":"2"},{"source":"0","target":"3"},{"source":"0","target":"4"},{"source":"0","target":"5"},{"source":"0","target":"6"},{"source":"0","target":"7"},{"source":"0","target":"8"},{"source":"0","target":"9"},{"source":"0","target":"10"},{"source":"0","target":"11"},{"source":"0","target":"12"},{"source":"0","target":"13"},{"source":"0","target":"14"},{"source":"0","target":"15"},{"source":"0","target":"16"},{"source":"0","target":"17"},{"source":"0","target":"18"},{"source":"0","target":"19"},{"source":"0","target":"20"},{"source":"0","target":"21"},{"source":"0","target":"22"},{"source":"0","target":"23"},{"source":"0","target":"24"},{"source":"0","target":"25"},{"source":"0","target":"26"},{"source":"0","target":"27"},{"source":"0","target":"28"},{"source":"0","target":"29"},{"source":"0","target":"30"},{"source":"0","target":"31"},{"source":"0","target":"32"},{"source":"0","target":"33"},{"source":"0","target":"34"},{"source":"0","target":"35"},{"source":"0","target":"36"},{"source":"0","target":"37"},{"source":"0","target":"38"},{"source":"0","target":"39"},{"source":"0","target":"40"},{"source":"0","target":"41"},{"source":"0","target":"42"},{"source":"0","target":"43"},{"source":"0","target":"44"},{"source":"0","target":"45"},{"source":"0","target":"46"},{"source":"0","target":"47"},{"source":"0","target":"48"},{"source":"0","target":"49"},{"source":"0","target":"50"},{"source":"0","target":"51"},{"source":"0","target":"52"},{"source":"0","target":"53"},{"source":"0","target":"54"},{"source":"0","target":"55"},{"source":"0","target":"56"},{"source":"0","target":"57"},{"source":"0","target":"58"},{"source":"0","target":"59"},{"source":"0","target":"60"},{"source":"0","target":"61"},{"source":"0","target":"62"},{"source":"0","target":"63"},{"source":"0","target":"64"},{"source":"0","target":"65"},{"source":"0","target":"66"},{"source":"0","target":"67"},{"source":"0","target":"68"},{"source":"0","target":"69"},{"source":"0","target":"70"},{"source":"0","target":"71"},{"source":"0","target":"72"},{"source":"0","target":"73"},{"source":"0","target":"74"},{"source":"0","target":"75"},{"source":"0","target":"76"},{"source":"0","target":"77"},{"source":"0","target":"78"},{"source":"0","target":"79"},{"source":"0","target":"80"},{"source":"0","target":"81"},{"source":"0","target":"82"},{"source":"0","target":"83"},{"source":"0","target":"84"},{"source":"0","target":"85"},{"source":"0","target":"86"},{"source":"0","target":"87"},{"source":"0","target":"88"},{"source":"0","target":"89"},{"source":"0","target":"90"},{"source":"0","target":"91"},{"source":"0","target":"92"},{"source":"0","target":"93"},{"source":"0","target":"94"},{"source":"0","target":"95"},{"source":"0","target":"96"},{"source":"0","target":"97"},{"source":"0","target":"98"},{"source":"0","target":"99"},{"source":"0","target":"100"},{"source":"0","target":"101"},{"source":"0","target":"102"},{"source":"0","target":"103"},{"source":"0","target":"104"},{"source":"0","target":"105"},{"source":"0","target":"106"},{"source":"0","target":"107"},{"source":"0","target":"108"},{"source":"0","target":"109"},{"source":"0","target":"110"},{"source":"0","target":"111"},{"source":"0","target":"112"},{"source":"0","target":"113"},{"source":"0","target":"114"},{"source":"0","target":"115"},{"source":"0","target":"116"},{"source":"0","target":"117"},{"source":"0","target":"118"},{"source":"0","target":"119"},{"source":"0","target":"120"},{"source":"0","target":"121"},{"source":"0","target":"122"},{"source":"0","target":"123"},{"source":"0","target":"124"},{"source":"0","target":"125"},{"source":"0","target":"126"},{"source":"0","target":"127"},{"source":"0","target":"128"},{"source":"0","target":"129"},{"source":"0","target":"130"},{"source":"0","target":"131"},{"source":"0","target":"132"},{"source":"0","target":"133"},{"source":"0","target":"134"},{"source":"0","target":"135"},{"source":"0","target":"136"},{"source":"0","target":"137"},{"source":"0","target":"138"},{"source":"0","target":"139"},{"source":"0","target":"140"},{"source":"0","target":"141"},{"source":"0","target":"142"},{"source":"0","target":"143"},{"source":"0","target":"144"},{"source":"0","target":"145"},{"source":"0","target":"146"},{"source":"0","target":"147"},{"source":"0","target":"148"},{"source":"0","target":"149"},{"source":"0","target":"150"},{"source":"0","target":"151"},{"source":"0","target":"152"},{"source":"0","target":"153"},{"source":"0","target":"154"},{"source":"0","target":"155"},{"source":"0","target":"156"},{"source":"0","target":"157"},{"source":"0","target":"158"},{"source":"0","target":"159"},{"source":"0","target":"160"},{"source":"0","target":"161"},{"source":"0","target":"162"},{"source":"0","target":"163"},{"source":"0","target":"164"},{"source":"0","target":"165"},{"source":"0","target":"166"},{"source":"0","target":"167"},{"source":"0","target":"168"},{"source":"0","target":"169"},{"source":"0","target":"170"},{"source":"0","target":"171"},{"source":"0","target":"172"},{"source":"0","target":"173"},{"source":"0","target":"174"},{"source":"0","target":"175"},{"source":"0","target":"176"},{"source":"0","target":"177"},{"source":"0","target":"178"},{"source":"0","target":"179"},{"source":"0","target":"180"},{"source":"0","target":"181"},{"source":"0","target":"182"},{"source":"0","target":"183"},{"source":"0","target":"184"},{"source":"0","target":"185"},{"source":"0","target":"186"},{"source":"0","target":"187"},{"source":"0","target":"188"},{"source":"0","target":"189"},{"source":"0","target":"190"},{"source":"0","target":"191"},{"source":"0","target":"192"},{"source":"0","target":"193"},{"source":"0","target":"194"},{"source":"0","target":"195"},{"source":"0","target":"196"},{"source":"0","target":"197"},{"source":"0","target":"198"},{"source":"0","target":"199"},{"source":"0","target":"200"},{"source":"0","target":"201"},{"source":"0","target":"202"},{"source":"0","target":"203"},{"source":"0","target":"204"},{"source":"0","target":"205"},{"source":"0","target":"206"},{"source":"0","target":"207"},{"source":"0","target":"208"},{"source":"0","target":"209"},{"source":"0","target":"210"},{"source":"0","target":"211"},{"source":"0","target":"212"},{"source":"0","target":"213"},{"source":"0","target":"214"},{"source":"0","target":"215"},{"source":"0","target":"216"},{"source":"0","target":"217"},{"source":"0","target":"218"},{"source":"0","target":"219"},{"source":"0","target":"220"},{"source":"0","target":"221"},{"source":"0","target":"222"},{"source":"0","target":"223"},{"source":"0","target":"224"},{"source":"0","target":"225"},{"source":"0","target":"226"},{"source":"0","target":"227"},{"source":"0","target":"228"},{"source":"0","target":"229"},{"source":"0","target":"230"},{"source":"0","target":"231"},{"source":"0","target":"232"},{"source":"0","target":"233"},{"source":"0","target":"234"},{"source":"0","target":"235"},{"source":"0","target":"236"},{"source":"0","target":"237"},{"source":"0","target":"238"},{"source":"0","target":"239"},{"source":"0","target":"240"},{"source":"0","target":"241"},{"source":"0","target":"242"},{"source":"0","target":"243"},{"source":"0","target":"244"},{"source":"0","target":"245"},{"source":"0","target":"246"},{"source":"0","target":"247"},{"source":"0","target":"248"},{"source":"0","target":"249"},{"source":"0","target":"250"},{"source":"0","target":"251"},{"source":"0","target":"252"},{"source":"0","target":"253"},{"source":"0","target":"254"},{"source":"0","target":"255"},{"source":"0","target":"256"},{"source":"0","target":"257"},{"source":"0","target":"258"},{"source":"0","target":"259"},{"source":"0","target":"260"},{"source":"0","target":"261"},{"source":"0","target":"262"},{"source":"0","target":"263"},{"source":"0","target":"264"},{"source":"0","target":"265"},{"source":"0","target":"266"},{"source":"0","target":"267"},{"source":"0","target":"268"},{"source":"0","target":"269"},{"source":"0","target":"270"},{"source":"0","target":"271"},{"source":"0","target":"272"},{"source":"0","target":"273"},{"source":"0","target":"274"},{"source":"0","target":"275"},{"source":"0","target":"276"},{"source":"0","target":"277"},{"source":"0","target":"278"},{"source":"0","target":"279"},{"source":"0","target":"280"},{"source":"0","target":"281"},{"source":"0","target":"282"},{"source":"0","target":"283"},{"source":"0","target":"284"},{"source":"0","target":"285"},{"source":"0","target":"286"},{"source":"0","target":"287"},{"source":"0","target":"288"},{"source":"0","target":"289"},{"source":"0","target":"290"},{"source":"0","target":"291"},{"source":"0","target":"292"},{"source":"0","target":"293"},{"source":"0","target":"294"},{"source":"0","target":"295"},{"source":"0","target":"296"},{"source":"0","target":"297"},{"source":"0","target":"298"},{"source":"0","target":"299"},{"source":"0","target":"300"},{"source":"0","target":"301"},{"source":"0","target":"302"},{"source":"0","target":"303"},{"source":"0","target":"304"},{"source":"0","target":"305"},{"source":"0","target":"306"},{"source":"0","target":"307"},{"source":"0","target":"308"},{"source":"0","target":"309"},{"source":"0","target":"310"},{"source":"0","target":"311"},{"source":"0","target":"312"},{"source":"0","target":"313"},{"source":"0","target":"314"},{"source":"0","target":"315"},{"source":"0","target":"316"},{"source":"0","target":"317"},{"source":"0","target":"318"},{"source":"0","target":"319"},{"source":"0","target":"320"},{"source":"0","target":"321"},{"source":"0","target":"322"},{"source":"0","target":"323"},{"source":"0","target":"324"},{"source":"0","target":"325"},{"source":"0","target":"326"},{"source":"0","target":"327"},{"source":"0","target":"328"},{"source":"0","target":"329"},{"source":"0","target":"330"},{"source":"0","target":"331"},{"source":"0","target":"332"},{"source":"0","target":"333"},{"source":"0","target":"334"},{"source":"0","target":"335"},{"source":"0","target":"336"},{"source":"0","target":"337"},{"source":"0","target":"338"},{"source":"0","target":"339"},{"source":"0","target":"340"},{"source":"0","target":"341"},{"source":"0","target":"342"},{"source":"0","target":"343"},{"source":"0","target":"344"},{"source":"0","target":"345"},{"source":"0","target":"346"},{"source":"0","target":"347"},{"source":"1","target":"48"},{"source":"1","target":"53"},{"source":"1","target":"54"},{"source":"1","target":"73"},{"source":"1","target":"88"},{"source":"1","target":"92"},{"source":"1","target":"119"},{"source":"1","target":"126"},{"source":"1","target":"133"},{"source":"1","target":"194"},{"source":"1","target":"236"},{"source":"1","target":"280"},{"source":"1","target":"299"},{"source":"1","target":"315"},{"source":"1","target":"322"},{"source":"1","target":"346"},{"source":"2","target":"20"},{"source":"2","target":"115"},{"source":"2","target":"116"},{"source":"2","target":"149"},{"source":"2","target":"226"},{"source":"2","target":"312"},{"source":"2","target":"326"},{"source":"2","target":"333"},{"source":"2","target":"343"},{"source":"3","target":"9"},{"source":"3","target":"25"},{"source":"3","target":"26"},{"source":"3","target":"67"},{"source":"3","target":"72"},{"source":"3","target":"85"},{"source":"3","target":"122"},{"source":"3","target":"142"},{"source":"3","target":"170"},{"source":"3","target":"188"},{"source":"3","target":"200"},{"source":"3","target":"228"},{"source":"3","target":"274"},{"source":"3","target":"280"},{"source":"3","target":"283"},{"source":"3","target":"323"},{"source":"4","target":"78"},{"source":"4","target":"152"},{"source":"4","target":"181"},{"source":"4","target":"195"},{"source":"4","target":"218"},{"source":"4","target":"273"},{"source":"4","target":"275"},{"source":"4","target":"306"},{"source":"4","target":"328"},{"source":"5","target":"87"},{"source":"5","target":"122"},{"source":"5","target":"156"},{"source":"5","target":"158"},{"source":"5","target":"169"},{"source":"5","target":"180"},{"source":"5","target":"187"},{"source":"5","target":"204"},{"source":"5","target":"213"},{"source":"5","target":"235"},{"source":"5","target":"315"},{"source":"5","target":"316"},{"source":"6","target":"89"},{"source":"6","target":"95"},{"source":"6","target":"147"},{"source":"6","target":"219"},{"source":"6","target":"319"},{"source":"7","target":"22"},{"source":"7","target":"31"},{"source":"7","target":"38"},{"source":"7","target":"65"},{"source":"7","target":"87"},{"source":"7","target":"103"},{"source":"7","target":"129"},{"source":"7","target":"136"},{"source":"7","target":"168"},{"source":"7","target":"213"},{"source":"7","target":"246"},{"source":"7","target":"291"},{"source":"7","target":"304"},{"source":"7","target":"308"},{"source":"7","target":"315"},{"source":"7","target":"322"},{"source":"7","target":"339"},{"source":"7","target":"340"},{"source":"7","target":"347"},{"source":"8","target":"91"},{"source":"8","target":"110"},{"source":"8","target":"193"},{"source":"8","target":"201"},{"source":"8","target":"245"},{"source":"8","target":"259"},{"source":"8","target":"264"},{"source":"9","target":"21"},{"source":"9","target":"25"},{"source":"9","target":"26"},{"source":"9","target":"30"},{"source":"9","target":"56"},{"source":"9","target":"66"},{"source":"9","target":"67"},{"source":"9","target":"69"},{"source":"9","target":"72"},{"source":"9","target":"75"},{"source":"9","target":"79"},{"source":"9","target":"85"},{"source":"9","target":"105"},{"source":"9","target":"113"},{"source":"9","target":"119"},{"source":"9","target":"122"},{"source":"9","target":"128"},{"source":"9","target":"133"},{"source":"9","target":"134"},{"source":"9","target":"141"},{"source":"9","target":"142"},{"source":"9","target":"148"},{"source":"9","target":"156"},{"source":"9","target":"161"},{"source":"9","target":"169"},{"source":"9","target":"170"},{"source":"9","target":"176"},{"source":"9","target":"185"},{"source":"9","target":"186"},{"source":"9","target":"188"},{"source":"9","target":"199"},{"source":"9","target":"200"},{"source":"9","target":"203"},{"source":"9","target":"224"},{"source":"9","target":"231"},{"source":"9","target":"232"},{"source":"9","target":"252"},{"source":"9","target":"258"},{"source":"9","target":"271"},{"source":"9","target":"272"},{"source":"9","target":"276"},{"source":"9","target":"277"},{"source":"9","target":"280"},{"source":"9","target":"285"},{"source":"9","target":"291"},{"source":"9","target":"295"},{"source":"9","target":"297"},{"source":"9","target":"304"},{"source":"9","target":"315"},{"source":"9","target":"322"},{"source":"9","target":"323"},{"source":"9","target":"329"},{"source":"9","target":"334"},{"source":"9","target":"341"},{"source":"9","target":"342"},{"source":"10","target":"67"},{"source":"10","target":"142"},{"source":"10","target":"169"},{"source":"10","target":"200"},{"source":"10","target":"277"},{"source":"10","target":"285"},{"source":"10","target":"291"},{"source":"10","target":"323"},{"source":"10","target":"332"},{"source":"13","target":"21"},{"source":"13","target":"26"},{"source":"13","target":"56"},{"source":"13","target":"59"},{"source":"13","target":"65"},{"source":"13","target":"67"},{"source":"13","target":"82"},{"source":"13","target":"98"},{"source":"13","target":"109"},{"source":"13","target":"118"},{"source":"13","target":"119"},{"source":"13","target":"148"},{"source":"13","target":"172"},{"source":"13","target":"188"},{"source":"13","target":"199"},{"source":"13","target":"211"},{"source":"13","target":"223"},{"source":"13","target":"236"},{"source":"13","target":"238"},{"source":"13","target":"239"},{"source":"13","target":"252"},{"source":"13","target":"261"},{"source":"13","target":"265"},{"source":"13","target":"271"},{"source":"13","target":"277"},{"source":"13","target":"304"},{"source":"13","target":"313"},{"source":"13","target":"325"},{"source":"13","target":"332"},{"source":"13","target":"342"},{"source":"14","target":"20"},{"source":"14","target":"28"},{"source":"14","target":"41"},{"source":"14","target":"115"},{"source":"14","target":"116"},{"source":"14","target":"144"},{"source":"14","target":"149"},{"source":"14","target":"151"},{"source":"14","target":"214"},{"source":"14","target":"226"},{"source":"14","target":"310"},{"source":"14","target":"312"},{"source":"14","target":"326"},{"source":"14","target":"343"},{"source":"16","target":"29"},{"source":"16","target":"82"},{"source":"16","target":"118"},{"source":"16","target":"172"},{"source":"16","target":"261"},{"source":"16","target":"329"},{"source":"16","target":"331"},{"source":"16","target":"332"},{"source":"17","target":"19"},{"source":"17","target":"41"},{"source":"17","target":"111"},{"source":"17","target":"115"},{"source":"17","target":"116"},{"source":"17","target":"137"},{"source":"17","target":"140"},{"source":"17","target":"144"},{"source":"17","target":"214"},{"source":"17","target":"310"},{"source":"17","target":"312"},{"source":"17","target":"326"},{"source":"19","target":"41"},{"source":"19","target":"89"},{"source":"19","target":"112"},{"source":"19","target":"115"},{"source":"19","target":"138"},{"source":"19","target":"174"},{"source":"19","target":"175"},{"source":"19","target":"214"},{"source":"19","target":"227"},{"source":"19","target":"289"},{"source":"19","target":"293"},{"source":"19","target":"312"},{"source":"19","target":"319"},{"source":"19","target":"343"},{"source":"20","target":"41"},{"source":"20","target":"44"},{"source":"20","target":"111"},{"source":"20","target":"115"},{"source":"20","target":"149"},{"source":"20","target":"162"},{"source":"20","target":"214"},{"source":"20","target":"226"},{"source":"20","target":"312"},{"source":"20","target":"326"},{"source":"20","target":"333"},{"source":"20","target":"343"},{"source":"21","target":"25"},{"source":"21","target":"26"},{"source":"21","target":"31"},{"source":"21","target":"39"},{"source":"21","target":"40"},{"source":"21","target":"55"},{"source":"21","target":"56"},{"source":"21","target":"66"},{"source":"21","target":"67"},{"source":"21","target":"88"},{"source":"21","target":"98"},{"source":"21","target":"104"},{"source":"21","target":"105"},{"source":"21","target":"108"},{"source":"21","target":"109"},{"source":"21","target":"119"},{"source":"21","target":"121"},{"source":"21","target":"122"},{"source":"21","target":"123"},{"source":"21","target":"127"},{"source":"21","target":"134"},{"source":"21","target":"136"},{"source":"21","target":"142"},{"source":"21","target":"159"},{"source":"21","target":"161"},{"source":"21","target":"165"},{"source":"21","target":"169"},{"source":"21","target":"170"},{"source":"21","target":"184"},{"source":"21","target":"186"},{"source":"21","target":"188"},{"source":"21","target":"197"},{"source":"21","target":"200"},{"source":"21","target":"203"},{"source":"21","target":"212"},{"source":"21","target":"223"},{"source":"21","target":"232"},{"source":"21","target":"235"},{"source":"21","target":"236"},{"source":"21","target":"239"},{"source":"21","target":"248"},{"source":"21","target":"251"},{"source":"21","target":"252"},{"source":"21","target":"271"},{"source":"21","target":"272"},{"source":"21","target":"274"},{"source":"21","target":"277"},{"source":"21","target":"280"},{"source":"21","target":"281"},{"source":"21","target":"284"},{"source":"21","target":"297"},{"source":"21","target":"304"},{"source":"21","target":"308"},{"source":"21","target":"313"},{"source":"21","target":"315"},{"source":"21","target":"322"},{"source":"21","target":"323"},{"source":"21","target":"325"},{"source":"21","target":"332"},{"source":"21","target":"334"},{"source":"21","target":"342"},{"source":"21","target":"345"},{"source":"22","target":"87"},{"source":"22","target":"158"},{"source":"22","target":"168"},{"source":"22","target":"185"},{"source":"22","target":"277"},{"source":"22","target":"308"},{"source":"22","target":"324"},{"source":"22","target":"339"},{"source":"22","target":"347"},{"source":"23","target":"51"},{"source":"23","target":"61"},{"source":"23","target":"83"},{"source":"23","target":"99"},{"source":"23","target":"116"},{"source":"23","target":"124"},{"source":"23","target":"144"},{"source":"23","target":"155"},{"source":"23","target":"175"},{"source":"23","target":"190"},{"source":"23","target":"227"},{"source":"23","target":"230"},{"source":"23","target":"237"},{"source":"23","target":"240"},{"source":"23","target":"245"},{"source":"23","target":"267"},{"source":"24","target":"53"},{"source":"24","target":"57"},{"source":"24","target":"80"},{"source":"24","target":"92"},{"source":"24","target":"94"},{"source":"24","target":"101"},{"source":"24","target":"180"},{"source":"24","target":"187"},{"source":"24","target":"194"},{"source":"24","target":"242"},{"source":"24","target":"249"},{"source":"24","target":"266"},{"source":"24","target":"299"},{"source":"24","target":"302"},{"source":"24","target":"346"},{"source":"25","target":"26"},{"source":"25","target":"31"},{"source":"25","target":"39"},{"source":"25","target":"40"},{"source":"25","target":"51"},{"source":"25","target":"56"},{"source":"25","target":"65"},{"source":"25","target":"67"},{"source":"25","target":"69"},{"source":"25","target":"72"},{"source":"25","target":"73"},{"source":"25","target":"76"},{"source":"25","target":"79"},{"source":"25","target":"83"},{"source":"25","target":"84"},{"source":"25","target":"88"},{"source":"25","target":"94"},{"source":"25","target":"98"},{"source":"25","target":"103"},{"source":"25","target":"104"},{"source":"25","target":"105"},{"source":"25","target":"113"},{"source":"25","target":"119"},{"source":"25","target":"122"},{"source":"25","target":"130"},{"source":"25","target":"141"},{"source":"25","target":"148"},{"source":"25","target":"158"},{"source":"25","target":"169"},{"source":"25","target":"170"},{"source":"25","target":"176"},{"source":"25","target":"185"},{"source":"25","target":"186"},{"source":"25","target":"188"},{"source":"25","target":"199"},{"source":"25","target":"200"},{"source":"25","target":"203"},{"source":"25","target":"221"},{"source":"25","target":"224"},{"source":"25","target":"231"},{"source":"25","target":"232"},{"source":"25","target":"236"},{"source":"25","target":"237"},{"source":"25","target":"239"},{"source":"25","target":"246"},{"source":"25","target":"252"},{"source":"25","target":"257"},{"source":"25","target":"270"},{"source":"25","target":"271"},{"source":"25","target":"272"},{"source":"25","target":"276"},{"source":"25","target":"277"},{"source":"25","target":"280"},{"source":"25","target":"283"},{"source":"25","target":"285"},{"source":"25","target":"288"},{"source":"25","target":"290"},{"source":"25","target":"291"},{"source":"25","target":"297"},{"source":"25","target":"322"},{"source":"25","target":"323"},{"source":"25","target":"325"},{"source":"25","target":"331"},{"source":"25","target":"332"},{"source":"25","target":"336"},{"source":"26","target":"40"},{"source":"26","target":"55"},{"source":"26","target":"56"},{"source":"26","target":"62"},{"source":"26","target":"66"},{"source":"26","target":"67"},{"source":"26","target":"69"},{"source":"26","target":"72"},{"source":"26","target":"79"},{"source":"26","target":"98"},{"source":"26","target":"104"},{"source":"26","target":"109"},{"source":"26","target":"113"},{"source":"26","target":"118"},{"source":"26","target":"119"},{"source":"26","target":"122"},{"source":"26","target":"123"},{"source":"26","target":"128"},{"source":"26","target":"133"},{"source":"26","target":"134"},{"source":"26","target":"141"},{"source":"26","target":"142"},{"source":"26","target":"158"},{"source":"26","target":"161"},{"source":"26","target":"169"},{"source":"26","target":"170"},{"source":"26","target":"172"},{"source":"26","target":"176"},{"source":"26","target":"185"},{"source":"26","target":"186"},{"source":"26","target":"188"},{"source":"26","target":"199"},{"source":"26","target":"200"},{"source":"26","target":"203"},{"source":"26","target":"212"},{"source":"26","target":"223"},{"source":"26","target":"224"},{"source":"26","target":"232"},{"source":"26","target":"236"},{"source":"26","target":"239"},{"source":"26","target":"248"},{"source":"26","target":"252"},{"source":"26","target":"257"},{"source":"26","target":"265"},{"source":"26","target":"271"},{"source":"26","target":"276"},{"source":"26","target":"277"},{"source":"26","target":"280"},{"source":"26","target":"285"},{"source":"26","target":"291"},{"source":"26","target":"295"},{"source":"26","target":"297"},{"source":"26","target":"298"},{"source":"26","target":"304"},{"source":"26","target":"308"},{"source":"26","target":"313"},{"source":"26","target":"315"},{"source":"26","target":"322"},{"source":"26","target":"323"},{"source":"26","target":"325"},{"source":"26","target":"332"},{"source":"26","target":"334"},{"source":"27","target":"54"},{"source":"27","target":"119"},{"source":"27","target":"324"},{"source":"27","target":"329"},{"source":"28","target":"41"},{"source":"28","target":"115"},{"source":"28","target":"116"},{"source":"28","target":"140"},{"source":"28","target":"144"},{"source":"28","target":"149"},{"source":"28","target":"151"},{"source":"28","target":"226"},{"source":"28","target":"310"},{"source":"28","target":"312"},{"source":"28","target":"326"},{"source":"29","target":"40"},{"source":"29","target":"82"},{"source":"29","target":"106"},{"source":"29","target":"118"},{"source":"29","target":"172"},{"source":"29","target":"203"},{"source":"29","target":"211"},{"source":"29","target":"231"},{"source":"29","target":"247"},{"source":"29","target":"252"},{"source":"29","target":"338"},{"source":"30","target":"48"},{"source":"30","target":"56"},{"source":"30","target":"73"},{"source":"30","target":"178"},{"source":"30","target":"188"},{"source":"30","target":"200"},{"source":"30","target":"213"},{"source":"30","target":"224"},{"source":"30","target":"236"},{"source":"30","target":"271"},{"source":"30","target":"303"},{"source":"30","target":"304"},{"source":"30","target":"322"},{"source":"30","target":"329"},{"source":"30","target":"331"},{"source":"31","target":"51"},{"source":"31","target":"67"},{"source":"31","target":"83"},{"source":"31","target":"84"},{"source":"31","target":"109"},{"source":"31","target":"122"},{"source":"31","target":"129"},{"source":"31","target":"142"},{"source":"31","target":"168"},{"source":"31","target":"200"},{"source":"31","target":"237"},{"source":"31","target":"252"},{"source":"31","target":"277"},{"source":"31","target":"280"},{"source":"31","target":"291"},{"source":"31","target":"304"},{"source":"31","target":"308"},{"source":"31","target":"338"},{"source":"31","target":"339"},{"source":"32","target":"93"},{"source":"32","target":"137"},{"source":"32","target":"167"},{"source":"32","target":"310"},{"source":"32","target":"337"},{"source":"33","target":"42"},{"source":"34","target":"173"},{"source":"34","target":"348"},{"source":"34","target":"414"},{"source":"34","target":"428"},{"source":"35","target":"143"},{"source":"36","target":"108"},{"source":"36","target":"127"},{"source":"36","target":"135"},{"source":"36","target":"184"},{"source":"36","target":"197"},{"source":"36","target":"251"},{"source":"36","target":"281"},{"source":"36","target":"284"},{"source":"36","target":"309"},{"source":"36","target":"320"},{"source":"38","target":"117"},{"source":"38","target":"141"},{"source":"38","target":"178"},{"source":"38","target":"248"},{"source":"38","target":"322"},{"source":"38","target":"332"},{"source":"38","target":"339"},{"source":"39","target":"69"},{"source":"39","target":"105"},{"source":"39","target":"119"},{"source":"39","target":"121"},{"source":"39","target":"141"},{"source":"39","target":"161"},{"source":"39","target":"165"},{"source":"39","target":"200"},{"source":"39","target":"257"},{"source":"39","target":"277"},{"source":"39","target":"280"},{"source":"39","target":"313"},{"source":"40","target":"56"},{"source":"40","target":"67"},{"source":"40","target":"72"},{"source":"40","target":"77"},{"source":"40","target":"113"},{"source":"40","target":"132"},{"source":"40","target":"133"},{"source":"40","target":"141"},{"source":"40","target":"142"},{"source":"40","target":"158"},{"source":"40","target":"169"},{"source":"40","target":"172"},{"source":"40","target":"199"},{"source":"40","target":"200"},{"source":"40","target":"203"},{"source":"40","target":"212"},{"source":"40","target":"213"},{"source":"40","target":"224"},{"source":"40","target":"231"},{"source":"40","target":"232"},{"source":"40","target":"239"},{"source":"40","target":"257"},{"source":"40","target":"258"},{"source":"40","target":"265"},{"source":"40","target":"271"},{"source":"40","target":"272"},{"source":"40","target":"274"},{"source":"40","target":"277"},{"source":"40","target":"280"},{"source":"40","target":"298"},{"source":"40","target":"304"},{"source":"40","target":"307"},{"source":"40","target":"315"},{"source":"40","target":"317"},{"source":"40","target":"322"},{"source":"40","target":"325"},{"source":"40","target":"329"},{"source":"40","target":"332"},{"source":"40","target":"334"},{"source":"41","target":"44"},{"source":"41","target":"93"},{"source":"41","target":"111"},{"source":"41","target":"115"},{"source":"41","target":"116"},{"source":"41","target":"137"},{"source":"41","target":"140"},{"source":"41","target":"144"},{"source":"41","target":"151"},{"source":"41","target":"214"},{"source":"41","target":"226"},{"source":"41","target":"230"},{"source":"41","target":"243"},{"source":"41","target":"310"},{"source":"41","target":"312"},{"source":"41","target":"326"},{"source":"41","target":"337"},{"source":"41","target":"343"},{"source":"44","target":"111"},{"source":"44","target":"312"},{"source":"44","target":"343"},{"source":"45","target":"67"},{"source":"45","target":"104"},{"source":"45","target":"122"},{"source":"45","target":"132"},{"source":"45","target":"142"},{"source":"45","target":"186"},{"source":"45","target":"200"},{"source":"45","target":"221"},{"source":"45","target":"303"},{"source":"45","target":"322"},{"source":"45","target":"345"},{"source":"46","target":"143"},{"source":"46","target":"175"},{"source":"46","target":"177"},{"source":"46","target":"278"},{"source":"47","target":"301"},{"source":"48","target":"53"},{"source":"48","target":"54"},{"source":"48","target":"57"},{"source":"48","target":"73"},{"source":"48","target":"80"},{"source":"48","target":"88"},{"source":"48","target":"119"},{"source":"48","target":"126"},{"source":"48","target":"130"},{"source":"48","target":"180"},{"source":"48","target":"199"},{"source":"48","target":"203"},{"source":"48","target":"271"},{"source":"48","target":"299"},{"source":"48","target":"302"},{"source":"48","target":"320"},{"source":"48","target":"322"},{"source":"48","target":"330"},{"source":"48","target":"332"},{"source":"49","target":"192"},{"source":"49","target":"241"},{"source":"49","target":"255"},{"source":"50","target":"109"},{"source":"50","target":"113"},{"source":"50","target":"119"},{"source":"50","target":"146"},{"source":"50","target":"148"},{"source":"50","target":"203"},{"source":"50","target":"277"},{"source":"50","target":"314"},{"source":"50","target":"331"},{"source":"50","target":"334"},{"source":"51","target":"83"},{"source":"51","target":"84"},{"source":"51","target":"237"},{"source":"52","target":"192"},{"source":"53","target":"54"},{"source":"53","target":"88"},{"source":"53","target":"92"},{"source":"53","target":"94"},{"source":"53","target":"101"},{"source":"53","target":"130"},{"source":"53","target":"146"},{"source":"53","target":"180"},{"source":"53","target":"191"},{"source":"53","target":"194"},{"source":"53","target":"196"},{"source":"53","target":"204"},{"source":"53","target":"213"},{"source":"53","target":"242"},{"source":"53","target":"248"},{"source":"53","target":"249"},{"source":"53","target":"254"},{"source":"53","target":"260"},{"source":"53","target":"266"},{"source":"53","target":"299"},{"source":"53","target":"302"},{"source":"53","target":"315"},{"source":"53","target":"317"},{"source":"53","target":"322"},{"source":"53","target":"330"},{"source":"53","target":"332"},{"source":"53","target":"346"},{"source":"54","target":"119"},{"source":"54","target":"313"},{"source":"54","target":"329"},{"source":"55","target":"56"},{"source":"55","target":"67"},{"source":"55","target":"104"},{"source":"55","target":"122"},{"source":"55","target":"123"},{"source":"55","target":"170"},{"source":"55","target":"185"},{"source":"55","target":"186"},{"source":"55","target":"200"},{"source":"55","target":"203"},{"source":"55","target":"239"},{"source":"55","target":"252"},{"source":"55","target":"261"},{"source":"55","target":"277"},{"source":"56","target":"59"},{"source":"56","target":"60"},{"source":"56","target":"62"},{"source":"56","target":"63"},{"source":"56","target":"66"},{"source":"56","target":"67"},{"source":"56","target":"72"},{"source":"56","target":"75"},{"source":"56","target":"82"},{"source":"56","target":"88"},{"source":"56","target":"98"},{"source":"56","target":"103"},{"source":"56","target":"104"},{"source":"56","target":"109"},{"source":"56","target":"113"},{"source":"56","target":"118"},{"source":"56","target":"119"},{"source":"56","target":"122"},{"source":"56","target":"128"},{"source":"56","target":"132"},{"source":"56","target":"134"},{"source":"56","target":"136"},{"source":"56","target":"141"},{"source":"56","target":"142"},{"source":"56","target":"161"},{"source":"56","target":"169"},{"source":"56","target":"170"},{"source":"56","target":"172"},{"source":"56","target":"185"},{"source":"56","target":"186"},{"source":"56","target":"188"},{"source":"56","target":"199"},{"source":"56","target":"200"},{"source":"56","target":"203"},{"source":"56","target":"207"},{"source":"56","target":"211"},{"source":"56","target":"212"},{"source":"56","target":"213"},{"source":"56","target":"221"},{"source":"56","target":"222"},{"source":"56","target":"223"},{"source":"56","target":"231"},{"source":"56","target":"232"},{"source":"56","target":"238"},{"source":"56","target":"239"},{"source":"56","target":"252"},{"source":"56","target":"261"},{"source":"56","target":"265"},{"source":"56","target":"271"},{"source":"56","target":"272"},{"source":"56","target":"276"},{"source":"56","target":"277"},{"source":"56","target":"285"},{"source":"56","target":"290"},{"source":"56","target":"291"},{"source":"56","target":"297"},{"source":"56","target":"298"},{"source":"56","target":"303"},{"source":"56","target":"304"},{"source":"56","target":"313"},{"source":"56","target":"315"},{"source":"56","target":"322"},{"source":"56","target":"323"},{"source":"56","target":"325"},{"source":"56","target":"331"},{"source":"56","target":"332"},{"source":"56","target":"334"},{"source":"56","target":"341"},{"source":"56","target":"342"},{"source":"57","target":"80"},{"source":"57","target":"92"},{"source":"57","target":"108"},{"source":"57","target":"184"},{"source":"57","target":"204"},{"source":"57","target":"213"},{"source":"57","target":"242"},{"source":"57","target":"249"},{"source":"57","target":"277"},{"source":"57","target":"302"},{"source":"57","target":"320"},{"source":"57","target":"346"},{"source":"58","target":"107"},{"source":"58","target":"171"},{"source":"58","target":"269"},{"source":"58","target":"1684"},{"source":"58","target":"1912"},{"source":"58","target":"2814"},{"source":"58","target":"2838"},{"source":"58","target":"2885"},{"source":"58","target":"3003"},{"source":"58","target":"3173"},{"source":"58","target":"3290"},{"source":"59","target":"82"},{"source":"59","target":"98"},{"source":"59","target":"118"},{"source":"59","target":"172"},{"source":"59","target":"186"},{"source":"59","target":"203"},{"source":"59","target":"211"},{"source":"59","target":"238"},{"source":"59","target":"239"},{"source":"59","target":"250"},{"source":"59","target":"252"},{"source":"59","target":"261"},{"source":"59","target":"268"},{"source":"59","target":"271"},{"source":"59","target":"325"},{"source":"59","target":"342"},{"source":"60","target":"158"},{"source":"60","target":"239"},{"source":"60","target":"285"},{"source":"60","target":"291"},{"source":"60","target":"313"},{"source":"60","target":"322"},{"source":"61","target":"193"},{"source":"62","target":"67"},{"source":"62","target":"96"},{"source":"62","target":"98"},{"source":"62","target":"122"},{"source":"62","target":"130"},{"source":"62","target":"133"},{"source":"62","target":"141"},{"source":"62","target":"142"},{"source":"62","target":"161"},{"source":"62","target":"170"},{"source":"62","target":"186"},{"source":"62","target":"199"},{"source":"62","target":"200"},{"source":"62","target":"223"},{"source":"62","target":"224"},{"source":"62","target":"236"},{"source":"62","target":"239"},{"source":"62","target":"261"},{"source":"62","target":"276"},{"source":"62","target":"318"},{"source":"62","target":"322"},{"source":"62","target":"323"},{"source":"62","target":"341"},{"source":"63","target":"261"},{"source":"63","target":"271"},{"source":"63","target":"313"},{"source":"63","target":"342"},{"source":"64","target":"100"},{"source":"64","target":"119"},{"source":"64","target":"150"},{"source":"64","target":"171"},{"source":"64","target":"189"},{"source":"64","target":"217"},{"source":"65","target":"82"},{"source":"65","target":"118"},{"source":"65","target":"203"},{"source":"65","target":"252"},{"source":"65","target":"261"},{"source":"65","target":"297"},{"source":"65","target":"314"},{"source":"65","target":"339"},{"source":"66","target":"67"},{"source":"66","target":"113"},{"source":"66","target":"122"},{"source":"66","target":"134"},{"source":"66","target":"142"},{"source":"66","target":"239"},{"source":"66","target":"252"},{"source":"66","target":"304"},{"source":"66","target":"308"},{"source":"66","target":"334"},{"source":"67","target":"69"},{"source":"67","target":"72"},{"source":"67","target":"75"},{"source":"67","target":"79"},{"source":"67","target":"82"},{"source":"67","target":"98"},{"source":"67","target":"104"},{"source":"67","target":"109"},{"source":"67","target":"113"},{"source":"67","target":"118"},{"source":"67","target":"119"},{"source":"67","target":"122"},{"source":"67","target":"123"},{"source":"67","target":"128"},{"source":"67","target":"134"},{"source":"67","target":"136"},{"source":"67","target":"141"},{"source":"67","target":"142"},{"source":"67","target":"156"},{"source":"67","target":"158"},{"source":"67","target":"161"},{"source":"67","target":"169"},{"source":"67","target":"170"},{"source":"67","target":"185"},{"source":"67","target":"186"},{"source":"67","target":"188"},{"source":"67","target":"196"},{"source":"67","target":"199"},{"source":"67","target":"200"},{"source":"67","target":"203"},{"source":"67","target":"212"},{"source":"67","target":"213"},{"source":"67","target":"223"},{"source":"67","target":"224"},{"source":"67","target":"236"},{"source":"67","target":"239"},{"source":"67","target":"248"},{"source":"67","target":"252"},{"source":"67","target":"261"},{"source":"67","target":"265"},{"source":"67","target":"271"},{"source":"67","target":"272"},{"source":"67","target":"277"},{"source":"67","target":"280"},{"source":"67","target":"285"},{"source":"67","target":"290"},{"source":"67","target":"297"},{"source":"67","target":"303"},{"source":"67","target":"304"},{"source":"67","target":"308"},{"source":"67","target":"313"},{"source":"67","target":"315"},{"source":"67","target":"322"},{"source":"67","target":"323"},{"source":"67","target":"324"},{"source":"67","target":"325"},{"source":"67","target":"332"},{"source":"67","target":"334"},{"source":"67","target":"342"},{"source":"67","target":"344"},{"source":"67","target":"345"},{"source":"68","target":"99"},{"source":"68","target":"143"},{"source":"68","target":"175"},{"source":"68","target":"177"},{"source":"68","target":"225"},{"source":"68","target":"227"},{"source":"68","target":"263"},{"source":"68","target":"296"},{"source":"69","target":"105"},{"source":"69","target":"121"},{"source":"69","target":"236"},{"source":"69","target":"304"},{"source":"70","target":"230"},{"source":"71","target":"230"},{"source":"71","target":"307"},{"source":"72","target":"113"},{"source":"72","target":"132"},{"source":"72","target":"141"},{"source":"72","target":"165"},{"source":"72","target":"172"},{"source":"72","target":"199"},{"source":"72","target":"200"},{"source":"72","target":"212"},{"source":"72","target":"232"},{"source":"72","target":"239"},{"source":"72","target":"252"},{"source":"72","target":"271"},{"source":"72","target":"272"},{"source":"72","target":"291"},{"source":"72","target":"298"},{"source":"72","target":"329"},{"source":"73","target":"88"},{"source":"73","target":"126"},{"source":"73","target":"130"},{"source":"73","target":"299"},{"source":"73","target":"331"},{"source":"75","target":"85"},{"source":"75","target":"170"},{"source":"75","target":"188"},{"source":"75","target":"200"},{"source":"75","target":"258"},{"source":"75","target":"272"},{"source":"75","target":"274"},{"source":"75","target":"304"},{"source":"75","target":"322"},{"source":"75","target":"323"},{"source":"76","target":"270"},{"source":"77","target":"117"},{"source":"77","target":"231"},{"source":"77","target":"294"},{"source":"77","target":"332"},{"source":"78","target":"181"},{"source":"78","target":"195"},{"source":"78","target":"218"},{"source":"78","target":"273"},{"source":"78","target":"275"},{"source":"78","target":"306"},{"source":"78","target":"328"},{"source":"79","target":"119"},{"source":"79","target":"185"},{"source":"79","target":"188"},{"source":"79","target":"200"},{"source":"79","target":"252"},{"source":"79","target":"271"},{"source":"79","target":"272"},{"source":"80","target":"88"},{"source":"80","target":"92"},{"source":"80","target":"94"},{"source":"80","target":"101"},{"source":"80","target":"173"},{"source":"80","target":"180"},{"source":"80","target":"187"},{"source":"80","target":"194"},{"source":"80","target":"204"},{"source":"80","target":"213"},{"source":"80","target":"242"},{"source":"80","target":"249"},{"source":"80","target":"266"},{"source":"80","target":"299"},{"source":"80","target":"300"},{"source":"80","target":"315"},{"source":"80","target":"320"},{"source":"80","target":"330"},{"source":"80","target":"346"},{"source":"81","target":"269"},{"source":"81","target":"286"},{"source":"82","target":"84"},{"source":"82","target":"98"},{"source":"82","target":"118"},{"source":"82","target":"119"},{"source":"82","target":"121"},{"source":"82","target":"123"},{"source":"82","target":"148"},{"source":"82","target":"158"},{"source":"82","target":"169"},{"source":"82","target":"170"},{"source":"82","target":"172"},{"source":"82","target":"199"},{"source":"82","target":"203"},{"source":"82","target":"211"},{"source":"82","target":"222"},{"source":"82","target":"231"},{"source":"82","target":"238"},{"source":"82","target":"252"},{"source":"82","target":"261"},{"source":"82","target":"268"},{"source":"82","target":"271"},{"source":"82","target":"313"},{"source":"82","target":"314"},{"source":"82","target":"318"},{"source":"82","target":"325"},{"source":"82","target":"331"},{"source":"83","target":"84"},{"source":"83","target":"237"},{"source":"84","target":"224"},{"source":"84","target":"236"},{"source":"84","target":"237"},{"source":"84","target":"265"},{"source":"84","target":"276"},{"source":"84","target":"304"},{"source":"84","target":"313"},{"source":"85","target":"156"},{"source":"85","target":"170"},{"source":"85","target":"176"},{"source":"85","target":"188"},{"source":"85","target":"258"},{"source":"85","target":"271"},{"source":"85","target":"272"},{"source":"85","target":"274"},{"source":"85","target":"322"},{"source":"85","target":"323"},{"source":"86","target":"175"},{"source":"86","target":"177"},{"source":"86","target":"225"},{"source":"86","target":"227"},{"source":"86","target":"278"},{"source":"87","target":"136"},{"source":"87","target":"161"},{"source":"87","target":"213"},{"source":"87","target":"246"},{"source":"87","target":"291"},{"source":"87","target":"308"},{"source":"87","target":"315"},{"source":"87","target":"322"},{"source":"87","target":"339"},{"source":"88","target":"106"},{"source":"88","target":"126"},{"source":"88","target":"130"},{"source":"88","target":"164"},{"source":"88","target":"178"},{"source":"88","target":"186"},{"source":"88","target":"236"},{"source":"88","target":"242"},{"source":"88","target":"303"},{"source":"88","target":"322"},{"source":"88","target":"336"},{"source":"89","target":"95"},{"source":"89","target":"147"},{"source":"89","target":"219"},{"source":"89","target":"319"},{"source":"89","target":"327"},{"source":"90","target":"179"},{"source":"91","target":"110"},{"source":"91","target":"193"},{"source":"91","target":"201"},{"source":"91","target":"245"},{"source":"91","target":"259"},{"source":"91","target":"264"},{"source":"92","target":"94"},{"source":"92","target":"101"},{"source":"92","target":"180"},{"source":"92","target":"187"},{"source":"92","target":"194"},{"source":"92","target":"196"},{"source":"92","target":"204"},{"source":"92","target":"242"},{"source":"92","target":"249"},{"source":"92","target":"254"},{"source":"92","target":"266"},{"source":"92","target":"299"},{"source":"92","target":"302"},{"source":"92","target":"330"},{"source":"92","target":"346"},{"source":"93","target":"111"},{"source":"93","target":"137"},{"source":"93","target":"167"},{"source":"93","target":"310"},{"source":"93","target":"337"},{"source":"94","target":"101"},{"source":"94","target":"180"},{"source":"94","target":"187"},{"source":"94","target":"194"},{"source":"94","target":"204"},{"source":"94","target":"242"},{"source":"94","target":"249"},{"source":"94","target":"254"},{"source":"94","target":"266"},{"source":"94","target":"299"},{"source":"94","target":"300"},{"source":"94","target":"302"},{"source":"94","target":"315"},{"source":"94","target":"320"},{"source":"94","target":"330"},{"source":"94","target":"346"},{"source":"95","target":"147"},{"source":"95","target":"319"},{"source":"95","target":"327"},{"source":"96","target":"133"},{"source":"96","target":"190"},{"source":"96","target":"213"},{"source":"96","target":"224"},{"source":"96","target":"274"},{"source":"96","target":"314"},{"source":"96","target":"323"},{"source":"97","target":"182"},{"source":"97","target":"230"},{"source":"98","target":"103"},{"source":"98","target":"104"},{"source":"98","target":"109"},{"source":"98","target":"113"},{"source":"98","target":"118"},{"source":"98","target":"119"},{"source":"98","target":"122"},{"source":"98","target":"123"},{"source":"98","target":"128"},{"source":"98","target":"141"},{"source":"98","target":"148"},{"source":"98","target":"170"},{"source":"98","target":"172"},{"source":"98","target":"186"},{"source":"98","target":"199"},{"source":"98","target":"200"},{"source":"98","target":"203"},{"source":"98","target":"211"},{"source":"98","target":"223"},{"source":"98","target":"238"},{"source":"98","target":"239"},{"source":"98","target":"252"},{"source":"98","target":"258"},{"source":"98","target":"261"},{"source":"98","target":"265"},{"source":"98","target":"271"},{"source":"98","target":"272"},{"source":"98","target":"276"},{"source":"98","target":"277"},{"source":"98","target":"280"},{"source":"98","target":"285"},{"source":"98","target":"291"},{"source":"98","target":"304"},{"source":"98","target":"313"},{"source":"98","target":"315"},{"source":"98","target":"325"},{"source":"98","target":"331"},{"source":"98","target":"332"},{"source":"98","target":"342"},{"source":"99","target":"102"},{"source":"99","target":"131"},{"source":"99","target":"143"},{"source":"99","target":"175"},{"source":"99","target":"177"},{"source":"99","target":"225"},{"source":"99","target":"227"},{"source":"99","target":"263"},{"source":"99","target":"278"},{"source":"99","target":"296"},{"source":"100","target":"119"},{"source":"100","target":"150"},{"source":"100","target":"163"},{"source":"100","target":"189"},{"source":"100","target":"217"},{"source":"100","target":"269"},{"source":"100","target":"323"},{"source":"101","target":"180"},{"source":"101","target":"187"},{"source":"101","target":"194"},{"source":"101","target":"204"},{"source":"101","target":"242"},{"source":"101","target":"249"},{"source":"101","target":"254"},{"source":"101","target":"266"},{"source":"101","target":"299"},{"source":"101","target":"302"},{"source":"101","target":"317"},{"source":"101","target":"330"},{"source":"101","target":"346"},{"source":"102","target":"175"},{"source":"102","target":"227"},{"source":"102","target":"263"},{"source":"102","target":"296"},{"source":"103","target":"136"},{"source":"103","target":"169"},{"source":"103","target":"172"},{"source":"103","target":"185"},{"source":"103","target":"200"},{"source":"103","target":"211"},{"source":"103","target":"252"},{"source":"103","target":"271"},{"source":"103","target":"285"},{"source":"103","target":"323"},{"source":"103","target":"339"},{"source":"104","target":"109"},{"source":"104","target":"113"},{"source":"104","target":"122"},{"source":"104","target":"123"},{"source":"104","target":"128"},{"source":"104","target":"142"},{"source":"104","target":"169"},{"source":"104","target":"186"},{"source":"104","target":"188"},{"source":"104","target":"200"},{"source":"104","target":"203"},{"source":"104","target":"212"},{"source":"104","target":"239"},{"source":"104","target":"252"},{"source":"104","target":"271"},{"source":"104","target":"277"},{"source":"104","target":"295"},{"source":"104","target":"303"},{"source":"104","target":"318"},{"source":"104","target":"322"},{"source":"104","target":"325"},{"source":"104","target":"332"},{"source":"104","target":"344"},{"source":"105","target":"119"},{"source":"105","target":"148"},{"source":"105","target":"236"},{"source":"105","target":"257"},{"source":"105","target":"272"},{"source":"105","target":"277"},{"source":"105","target":"280"},{"source":"105","target":"315"},{"source":"106","target":"169"},{"source":"106","target":"231"},{"source":"106","target":"238"},{"source":"106","target":"329"},{"source":"106","target":"332"},{"source":"107","target":"171"},{"source":"107","target":"348"},{"source":"107","target":"353"},{"source":"107","target":"363"},{"source":"107","target":"366"},{"source":"107","target":"376"},{"source":"107","target":"389"},{"source":"107","target":"414"},{"source":"107","target":"420"},{"source":"107","target":"428"},{"source":"107","target":"475"},{"source":"107","target":"483"},{"source":"107","target":"484"},{"source":"107","target":"517"},{"source":"107","target":"526"},{"source":"107","target":"538"},{"source":"107","target":"563"},{"source":"107","target":"566"},{"source":"107","target":"580"},{"source":"107","target":"596"},{"source":"107","target":"601"},{"source":"107","target":"606"},{"source":"107","target":"629"},{"source":"107","target":"637"},{"source":"107","target":"641"},{"source":"107","target":"649"},{"source":"107","target":"651"},{"source":"107","target":"896"},{"source":"107","target":"897"},{"source":"107","target":"898"},{"source":"107","target":"899"},{"source":"107","target":"900"},{"source":"107","target":"901"},{"source":"107","target":"902"},{"source":"107","target":"903"},{"source":"107","target":"904"},{"source":"107","target":"905"},{"source":"107","target":"906"},{"source":"107","target":"907"},{"source":"107","target":"908"},{"source":"107","target":"909"},{"source":"107","target":"910"},{"source":"107","target":"911"},{"source":"107","target":"912"},{"source":"107","target":"913"},{"source":"107","target":"914"},{"source":"107","target":"915"},{"source":"107","target":"916"},{"source":"107","target":"917"},{"source":"107","target":"918"},{"source":"107","target":"919"},{"source":"107","target":"920"},{"source":"107","target":"921"},{"source":"107","target":"922"},{"source":"107","target":"923"},{"source":"107","target":"924"},{"source":"107","target":"925"},{"source":"107","target":"926"},{"source":"107","target":"927"},{"source":"107","target":"928"},{"source":"107","target":"929"},{"source":"107","target":"930"},{"source":"107","target":"931"},{"source":"107","target":"932"},{"source":"107","target":"933"},{"source":"107","target":"934"},{"source":"107","target":"935"},{"source":"107","target":"936"},{"source":"107","target":"937"},{"source":"107","target":"938"},{"source":"107","target":"939"},{"source":"107","target":"940"},{"source":"107","target":"941"},{"source":"107","target":"942"},{"source":"107","target":"943"},{"source":"107","target":"944"},{"source":"107","target":"945"},{"source":"107","target":"946"},{"source":"107","target":"947"},{"source":"107","target":"948"},{"source":"107","target":"949"},{"source":"107","target":"950"},{"source":"107","target":"951"},{"source":"107","target":"952"},{"source":"107","target":"953"},{"source":"107","target":"954"},{"source":"107","target":"955"},{"source":"107","target":"956"},{"source":"107","target":"957"},{"source":"107","target":"958"},{"source":"107","target":"959"},{"source":"107","target":"960"},{"source":"107","target":"961"},{"source":"107","target":"962"},{"source":"107","target":"963"},{"source":"107","target":"964"},{"source":"107","target":"965"},{"source":"107","target":"966"},{"source":"107","target":"967"},{"source":"107","target":"968"},{"source":"107","target":"969"},{"source":"107","target":"970"},{"source":"107","target":"971"},{"source":"107","target":"972"},{"source":"107","target":"973"},{"source":"107","target":"974"},{"source":"107","target":"975"},{"source":"107","target":"976"},{"source":"107","target":"977"},{"source":"107","target":"978"},{"source":"107","target":"979"},{"source":"107","target":"980"},{"source":"107","target":"981"},{"source":"107","target":"982"},{"source":"107","target":"983"},{"source":"107","target":"984"},{"source":"107","target":"985"},{"source":"107","target":"986"},{"source":"107","target":"987"},{"source":"107","target":"988"},{"source":"107","target":"989"},{"source":"107","target":"990"},{"source":"107","target":"991"},{"source":"107","target":"992"},{"source":"107","target":"993"},{"source":"107","target":"994"},{"source":"107","target":"995"},{"source":"107","target":"996"},{"source":"107","target":"997"},{"source":"107","target":"998"},{"source":"107","target":"999"},{"source":"107","target":"1000"},{"source":"107","target":"1001"},{"source":"107","target":"1002"},{"source":"107","target":"1003"},{"source":"107","target":"1004"},{"source":"107","target":"1005"},{"source":"107","target":"1006"},{"source":"107","target":"1007"},{"source":"107","target":"1008"},{"source":"107","target":"1009"},{"source":"107","target":"1010"},{"source":"107","target":"1011"},{"source":"107","target":"1012"},{"source":"107","target":"1013"},{"source":"107","target":"1014"},{"source":"107","target":"1015"},{"source":"107","target":"1016"},{"source":"107","target":"1017"},{"source":"107","target":"1018"},{"source":"107","target":"1019"},{"source":"107","target":"1020"},{"source":"107","target":"1021"},{"source":"107","target":"1022"},{"source":"107","target":"1023"},{"source":"107","target":"1024"},{"source":"107","target":"1025"},{"source":"107","target":"1026"},{"source":"107","target":"1027"},{"source":"107","target":"1028"},{"source":"107","target":"1029"},{"source":"107","target":"1030"},{"source":"107","target":"1031"},{"source":"107","target":"1032"},{"source":"107","target":"1033"},{"source":"107","target":"1034"},{"source":"107","target":"1035"},{"source":"107","target":"1036"},{"source":"107","target":"1037"},{"source":"107","target":"1038"},{"source":"107","target":"1039"},{"source":"107","target":"1040"},{"source":"107","target":"1041"},{"source":"107","target":"1042"},{"source":"107","target":"1043"},{"source":"107","target":"1044"},{"source":"107","target":"1045"},{"source":"107","target":"1046"},{"source":"107","target":"1047"},{"source":"107","target":"1048"},{"source":"107","target":"1049"},{"source":"107","target":"1050"},{"source":"107","target":"1051"},{"source":"107","target":"1052"},{"source":"107","target":"1053"},{"source":"107","target":"1054"},{"source":"107","target":"1055"},{"source":"107","target":"1056"},{"source":"107","target":"1057"},{"source":"107","target":"1058"},{"source":"107","target":"1059"},{"source":"107","target":"1060"},{"source":"107","target":"1061"},{"source":"107","target":"1062"},{"source":"107","target":"1063"},{"source":"107","target":"1064"},{"source":"107","target":"1065"},{"source":"107","target":"1066"},{"source":"107","target":"1067"},{"source":"107","target":"1068"},{"source":"107","target":"1069"},{"source":"107","target":"1070"},{"source":"107","target":"1071"},{"source":"107","target":"1072"},{"source":"107","target":"1073"},{"source":"107","target":"1074"},{"source":"107","target":"1075"},{"source":"107","target":"1076"},{"source":"107","target":"1077"},{"source":"107","target":"1078"},{"source":"107","target":"1079"},{"source":"107","target":"1080"},{"source":"107","target":"1081"},{"source":"107","target":"1082"},{"source":"107","target":"1083"},{"source":"107","target":"1084"},{"source":"107","target":"1085"},{"source":"107","target":"1086"},{"source":"107","target":"1087"},{"source":"107","target":"1088"},{"source":"107","target":"1089"},{"source":"107","target":"1090"},{"source":"107","target":"1091"},{"source":"107","target":"1092"},{"source":"107","target":"1093"},{"source":"107","target":"1094"},{"source":"107","target":"1095"},{"source":"107","target":"1096"},{"source":"107","target":"1097"},{"source":"107","target":"1098"},{"source":"107","target":"1099"},{"source":"107","target":"1100"},{"source":"107","target":"1101"},{"source":"107","target":"1102"},{"source":"107","target":"1103"},{"source":"107","target":"1104"},{"source":"107","target":"1105"},{"source":"107","target":"1106"},{"source":"107","target":"1107"},{"source":"107","target":"1108"},{"source":"107","target":"1109"},{"source":"107","target":"1110"},{"source":"107","target":"1111"},{"source":"107","target":"1112"},{"source":"107","target":"1113"},{"source":"107","target":"1114"},{"source":"107","target":"1115"},{"source":"107","target":"1116"},{"source":"107","target":"1117"},{"source":"107","target":"1118"},{"source":"107","target":"1119"},{"source":"107","target":"1120"},{"source":"107","target":"1121"},{"source":"107","target":"1122"},{"source":"107","target":"1123"},{"source":"107","target":"1124"},{"source":"107","target":"1125"},{"source":"107","target":"1126"},{"source":"107","target":"1127"},{"source":"107","target":"1128"},{"source":"107","target":"1129"},{"source":"107","target":"1130"},{"source":"107","target":"1131"},{"source":"107","target":"1132"},{"source":"107","target":"1133"},{"source":"107","target":"1134"},{"source":"107","target":"1135"},{"source":"107","target":"1136"},{"source":"107","target":"1137"},{"source":"107","target":"1138"},{"source":"107","target":"1139"},{"source":"107","target":"1140"},{"source":"107","target":"1141"},{"source":"107","target":"1142"},{"source":"107","target":"1143"},{"source":"107","target":"1144"},{"source":"107","target":"1145"},{"source":"107","target":"1146"},{"source":"107","target":"1147"},{"source":"107","target":"1148"},{"source":"107","target":"1149"},{"source":"107","target":"1150"},{"source":"107","target":"1151"},{"source":"107","target":"1152"},{"source":"107","target":"1153"},{"source":"107","target":"1154"},{"source":"107","target":"1155"},{"source":"107","target":"1156"},{"source":"107","target":"1157"},{"source":"107","target":"1158"},{"source":"107","target":"1159"},{"source":"107","target":"1160"},{"source":"107","target":"1161"},{"source":"107","target":"1162"},{"source":"107","target":"1163"},{"source":"107","target":"1164"},{"source":"107","target":"1165"},{"source":"107","target":"1166"},{"source":"107","target":"1167"},{"source":"107","target":"1168"},{"source":"107","target":"1169"},{"source":"107","target":"1170"},{"source":"107","target":"1171"},{"source":"107","target":"1172"},{"source":"107","target":"1173"},{"source":"107","target":"1174"},{"source":"107","target":"1175"},{"source":"107","target":"1176"},{"source":"107","target":"1177"},{"source":"107","target":"1178"},{"source":"107","target":"1179"},{"source":"107","target":"1180"},{"source":"107","target":"1181"},{"source":"107","target":"1182"},{"source":"107","target":"1183"},{"source":"107","target":"1184"},{"source":"107","target":"1185"},{"source":"107","target":"1186"},{"source":"107","target":"1187"},{"source":"107","target":"1188"},{"source":"107","target":"1189"},{"source":"107","target":"1190"},{"source":"107","target":"1191"},{"source":"107","target":"1192"},{"source":"107","target":"1193"},{"source":"107","target":"1194"},{"source":"107","target":"1195"},{"source":"107","target":"1196"},{"source":"107","target":"1197"},{"source":"107","target":"1198"},{"source":"107","target":"1199"},{"source":"107","target":"1200"},{"source":"107","target":"1201"},{"source":"107","target":"1202"},{"source":"107","target":"1203"},{"source":"107","target":"1204"},{"source":"107","target":"1205"},{"source":"107","target":"1206"},{"source":"107","target":"1207"},{"source":"107","target":"1208"},{"source":"107","target":"1209"},{"source":"107","target":"1210"},{"source":"107","target":"1211"},{"source":"107","target":"1212"},{"source":"107","target":"1213"},{"source":"107","target":"1214"},{"source":"107","target":"1215"},{"source":"107","target":"1216"},{"source":"107","target":"1217"},{"source":"107","target":"1218"},{"source":"107","target":"1219"},{"source":"107","target":"1220"},{"source":"107","target":"1221"},{"source":"107","target":"1222"},{"source":"107","target":"1223"},{"source":"107","target":"1224"},{"source":"107","target":"1225"},{"source":"107","target":"1226"},{"source":"107","target":"1227"},{"source":"107","target":"1228"},{"source":"107","target":"1229"},{"source":"107","target":"1230"},{"source":"107","target":"1231"},{"source":"107","target":"1232"},{"source":"107","target":"1233"},{"source":"107","target":"1234"},{"source":"107","target":"1235"},{"source":"107","target":"1236"},{"source":"107","target":"1237"},{"source":"107","target":"1238"},{"source":"107","target":"1239"},{"source":"107","target":"1240"},{"source":"107","target":"1241"},{"source":"107","target":"1242"},{"source":"107","target":"1243"},{"source":"107","target":"1244"},{"source":"107","target":"1245"},{"source":"107","target":"1246"},{"source":"107","target":"1247"},{"source":"107","target":"1248"},{"source":"107","target":"1249"},{"source":"107","target":"1250"},{"source":"107","target":"1251"},{"source":"107","target":"1252"},{"source":"107","target":"1253"},{"source":"107","target":"1254"},{"source":"107","target":"1255"},{"source":"107","target":"1256"},{"source":"107","target":"1257"},{"source":"107","target":"1258"},{"source":"107","target":"1259"},{"source":"107","target":"1260"},{"source":"107","target":"1261"},{"source":"107","target":"1262"},{"source":"107","target":"1263"},{"source":"107","target":"1264"},{"source":"107","target":"1265"},{"source":"107","target":"1266"},{"source":"107","target":"1267"},{"source":"107","target":"1268"},{"source":"107","target":"1269"},{"source":"107","target":"1270"},{"source":"107","target":"1271"},{"source":"107","target":"1272"},{"source":"107","target":"1273"},{"source":"107","target":"1274"},{"source":"107","target":"1275"},{"source":"107","target":"1276"},{"source":"107","target":"1277"},{"source":"107","target":"1278"},{"source":"107","target":"1279"},{"source":"107","target":"1280"},{"source":"107","target":"1281"},{"source":"107","target":"1282"},{"source":"107","target":"1283"},{"source":"107","target":"1284"},{"source":"107","target":"1285"},{"source":"107","target":"1286"},{"source":"107","target":"1287"},{"source":"107","target":"1288"},{"source":"107","target":"1289"},{"source":"107","target":"1290"},{"source":"107","target":"1291"},{"source":"107","target":"1292"},{"source":"107","target":"1293"},{"source":"107","target":"1294"},{"source":"107","target":"1295"},{"source":"107","target":"1296"},{"source":"107","target":"1297"},{"source":"107","target":"1298"},{"source":"107","target":"1299"},{"source":"107","target":"1300"},{"source":"107","target":"1301"},{"source":"107","target":"1302"},{"source":"107","target":"1303"},{"source":"107","target":"1304"},{"source":"107","target":"1305"},{"source":"107","target":"1306"},{"source":"107","target":"1307"},{"source":"107","target":"1308"},{"source":"107","target":"1309"},{"source":"107","target":"1310"},{"source":"107","target":"1311"},{"source":"107","target":"1312"},{"source":"107","target":"1313"},{"source":"107","target":"1314"},{"source":"107","target":"1315"},{"source":"107","target":"1316"},{"source":"107","target":"1317"},{"source":"107","target":"1318"},{"source":"107","target":"1319"},{"source":"107","target":"1320"},{"source":"107","target":"1321"},{"source":"107","target":"1322"},{"source":"107","target":"1323"},{"source":"107","target":"1324"},{"source":"107","target":"1325"},{"source":"107","target":"1326"},{"source":"107","target":"1327"},{"source":"107","target":"1328"},{"source":"107","target":"1329"},{"source":"107","target":"1330"},{"source":"107","target":"1331"},{"source":"107","target":"1332"},{"source":"107","target":"1333"},{"source":"107","target":"1334"},{"source":"107","target":"1335"},{"source":"107","target":"1336"},{"source":"107","target":"1337"},{"source":"107","target":"1338"},{"source":"107","target":"1339"},{"source":"107","target":"1340"},{"source":"107","target":"1341"},{"source":"107","target":"1342"},{"source":"107","target":"1343"},{"source":"107","target":"1344"},{"source":"107","target":"1345"},{"source":"107","target":"1346"},{"source":"107","target":"1347"},{"source":"107","target":"1348"},{"source":"107","target":"1349"},{"source":"107","target":"1350"},{"source":"107","target":"1351"},{"source":"107","target":"1352"},{"source":"107","target":"1353"},{"source":"107","target":"1354"},{"source":"107","target":"1355"},{"source":"107","target":"1356"},{"source":"107","target":"1357"},{"source":"107","target":"1358"},{"source":"107","target":"1359"},{"source":"107","target":"1360"},{"source":"107","target":"1361"},{"source":"107","target":"1362"},{"source":"107","target":"1363"},{"source":"107","target":"1364"},{"source":"107","target":"1365"},{"source":"107","target":"1366"},{"source":"107","target":"1367"},{"source":"107","target":"1368"},{"source":"107","target":"1369"},{"source":"107","target":"1370"},{"source":"107","target":"1371"},{"source":"107","target":"1372"},{"source":"107","target":"1373"},{"source":"107","target":"1374"},{"source":"107","target":"1375"},{"source":"107","target":"1376"},{"source":"107","target":"1377"},{"source":"107","target":"1378"},{"source":"107","target":"1379"},{"source":"107","target":"1380"},{"source":"107","target":"1381"},{"source":"107","target":"1382"},{"source":"107","target":"1383"},{"source":"107","target":"1384"},{"source":"107","target":"1385"},{"source":"107","target":"1386"},{"source":"107","target":"1387"},{"source":"107","target":"1388"},{"source":"107","target":"1389"},{"source":"107","target":"1390"},{"source":"107","target":"1391"},{"source":"107","target":"1392"},{"source":"107","target":"1393"},{"source":"107","target":"1394"},{"source":"107","target":"1395"},{"source":"107","target":"1396"},{"source":"107","target":"1397"},{"source":"107","target":"1398"},{"source":"107","target":"1399"},{"source":"107","target":"1400"},{"source":"107","target":"1401"},{"source":"107","target":"1402"},{"source":"107","target":"1403"},{"source":"107","target":"1404"},{"source":"107","target":"1405"},{"source":"107","target":"1406"},{"source":"107","target":"1407"},{"source":"107","target":"1408"},{"source":"107","target":"1409"},{"source":"107","target":"1410"},{"source":"107","target":"1411"},{"source":"107","target":"1412"},{"source":"107","target":"1413"},{"source":"107","target":"1414"},{"source":"107","target":"1415"},{"source":"107","target":"1416"},{"source":"107","target":"1417"},{"source":"107","target":"1418"},{"source":"107","target":"1419"},{"source":"107","target":"1420"},{"source":"107","target":"1421"},{"source":"107","target":"1422"},{"source":"107","target":"1423"},{"source":"107","target":"1424"},{"source":"107","target":"1425"},{"source":"107","target":"1426"},{"source":"107","target":"1427"},{"source":"107","target":"1428"},{"source":"107","target":"1429"},{"source":"107","target":"1430"},{"source":"107","target":"1431"},{"source":"107","target":"1432"},{"source":"107","target":"1433"},{"source":"107","target":"1434"},{"source":"107","target":"1435"},{"source":"107","target":"1436"},{"source":"107","target":"1437"},{"source":"107","target":"1438"},{"source":"107","target":"1439"},{"source":"107","target":"1440"},{"source":"107","target":"1441"},{"source":"107","target":"1442"},{"source":"107","target":"1443"},{"source":"107","target":"1444"},{"source":"107","target":"1445"},{"source":"107","target":"1446"},{"source":"107","target":"1447"},{"source":"107","target":"1448"},{"source":"107","target":"1449"},{"source":"107","target":"1450"},{"source":"107","target":"1451"},{"source":"107","target":"1452"},{"source":"107","target":"1453"},{"source":"107","target":"1454"},{"source":"107","target":"1455"},{"source":"107","target":"1456"},{"source":"107","target":"1457"},{"source":"107","target":"1458"},{"source":"107","target":"1459"},{"source":"107","target":"1460"},{"source":"107","target":"1461"},{"source":"107","target":"1462"},{"source":"107","target":"1463"},{"source":"107","target":"1464"},{"source":"107","target":"1465"},{"source":"107","target":"1466"},{"source":"107","target":"1467"},{"source":"107","target":"1468"},{"source":"107","target":"1469"},{"source":"107","target":"1470"},{"source":"107","target":"1471"},{"source":"107","target":"1472"},{"source":"107","target":"1473"},{"source":"107","target":"1474"},{"source":"107","target":"1475"},{"source":"107","target":"1476"},{"source":"107","target":"1477"},{"source":"107","target":"1478"},{"source":"107","target":"1479"},{"source":"107","target":"1480"},{"source":"107","target":"1481"},{"source":"107","target":"1482"},{"source":"107","target":"1483"},{"source":"107","target":"1484"},{"source":"107","target":"1485"},{"source":"107","target":"1486"},{"source":"107","target":"1487"},{"source":"107","target":"1488"},{"source":"107","target":"1489"},{"source":"107","target":"1490"},{"source":"107","target":"1491"},{"source":"107","target":"1492"},{"source":"107","target":"1493"},{"source":"107","target":"1494"},{"source":"107","target":"1495"},{"source":"107","target":"1496"},{"source":"107","target":"1497"},{"source":"107","target":"1498"},{"source":"107","target":"1499"},{"source":"107","target":"1500"},{"source":"107","target":"1501"},{"source":"107","target":"1502"},{"source":"107","target":"1503"},{"source":"107","target":"1504"},{"source":"107","target":"1505"},{"source":"107","target":"1506"},{"source":"107","target":"1507"},{"source":"107","target":"1508"},{"source":"107","target":"1509"},{"source":"107","target":"1510"},{"source":"107","target":"1511"},{"source":"107","target":"1512"},{"source":"107","target":"1513"},{"source":"107","target":"1514"},{"source":"107","target":"1515"},{"source":"107","target":"1516"},{"source":"107","target":"1517"},{"source":"107","target":"1518"},{"source":"107","target":"1519"},{"source":"107","target":"1520"},{"source":"107","target":"1521"},{"source":"107","target":"1522"},{"source":"107","target":"1523"},{"source":"107","target":"1524"},{"source":"107","target":"1525"},{"source":"107","target":"1526"},{"source":"107","target":"1527"},{"source":"107","target":"1528"},{"source":"107","target":"1529"},{"source":"107","target":"1530"},{"source":"107","target":"1531"},{"source":"107","target":"1532"},{"source":"107","target":"1533"},{"source":"107","target":"1534"},{"source":"107","target":"1535"},{"source":"107","target":"1536"},{"source":"107","target":"1537"},{"source":"107","target":"1538"},{"source":"107","target":"1539"},{"source":"107","target":"1540"},{"source":"107","target":"1541"},{"source":"107","target":"1542"},{"source":"107","target":"1543"},{"source":"107","target":"1544"},{"source":"107","target":"1545"},{"source":"107","target":"1546"},{"source":"107","target":"1547"},{"source":"107","target":"1548"},{"source":"107","target":"1549"},{"source":"107","target":"1550"},{"source":"107","target":"1551"},{"source":"107","target":"1552"},{"source":"107","target":"1553"},{"source":"107","target":"1554"},{"source":"107","target":"1555"},{"source":"107","target":"1556"},{"source":"107","target":"1557"},{"source":"107","target":"1558"},{"source":"107","target":"1559"},{"source":"107","target":"1560"},{"source":"107","target":"1561"},{"source":"107","target":"1562"},{"source":"107","target":"1563"},{"source":"107","target":"1564"},{"source":"107","target":"1565"},{"source":"107","target":"1566"},{"source":"107","target":"1567"},{"source":"107","target":"1568"},{"source":"107","target":"1569"},{"source":"107","target":"1570"},{"source":"107","target":"1571"},{"source":"107","target":"1572"},{"source":"107","target":"1573"},{"source":"107","target":"1574"},{"source":"107","target":"1575"},{"source":"107","target":"1576"},{"source":"107","target":"1577"},{"source":"107","target":"1578"},{"source":"107","target":"1579"},{"source":"107","target":"1580"},{"source":"107","target":"1581"},{"source":"107","target":"1582"},{"source":"107","target":"1583"},{"source":"107","target":"1584"},{"source":"107","target":"1585"},{"source":"107","target":"1586"},{"source":"107","target":"1587"},{"source":"107","target":"1588"},{"source":"107","target":"1589"},{"source":"107","target":"1590"},{"source":"107","target":"1591"},{"source":"107","target":"1592"},{"source":"107","target":"1593"},{"source":"107","target":"1594"},{"source":"107","target":"1595"},{"source":"107","target":"1596"},{"source":"107","target":"1597"},{"source":"107","target":"1598"},{"source":"107","target":"1599"},{"source":"107","target":"1600"},{"source":"107","target":"1601"},{"source":"107","target":"1602"},{"source":"107","target":"1603"},{"source":"107","target":"1604"},{"source":"107","target":"1605"},{"source":"107","target":"1606"},{"source":"107","target":"1607"},{"source":"107","target":"1608"},{"source":"107","target":"1609"},{"source":"107","target":"1610"},{"source":"107","target":"1611"},{"source":"107","target":"1612"},{"source":"107","target":"1613"},{"source":"107","target":"1614"},{"source":"107","target":"1615"},{"source":"107","target":"1616"},{"source":"107","target":"1617"},{"source":"107","target":"1618"},{"source":"107","target":"1619"},{"source":"107","target":"1620"},{"source":"107","target":"1621"},{"source":"107","target":"1622"},{"source":"107","target":"1623"},{"source":"107","target":"1624"},{"source":"107","target":"1625"},{"source":"107","target":"1626"},{"source":"107","target":"1627"},{"source":"107","target":"1628"},{"source":"107","target":"1629"},{"source":"107","target":"1630"},{"source":"107","target":"1631"},{"source":"107","target":"1632"},{"source":"107","target":"1633"},{"source":"107","target":"1634"},{"source":"107","target":"1635"},{"source":"107","target":"1636"},{"source":"107","target":"1637"},{"source":"107","target":"1638"},{"source":"107","target":"1639"},{"source":"107","target":"1640"},{"source":"107","target":"1641"},{"source":"107","target":"1642"},{"source":"107","target":"1643"},{"source":"107","target":"1644"},{"source":"107","target":"1645"},{"source":"107","target":"1646"},{"source":"107","target":"1647"},{"source":"107","target":"1648"},{"source":"107","target":"1649"},{"source":"107","target":"1650"},{"source":"107","target":"1651"},{"source":"107","target":"1652"},{"source":"107","target":"1653"},{"source":"107","target":"1654"},{"source":"107","target":"1655"},{"source":"107","target":"1656"},{"source":"107","target":"1657"},{"source":"107","target":"1658"},{"source":"107","target":"1659"},{"source":"107","target":"1660"},{"source":"107","target":"1661"},{"source":"107","target":"1662"},{"source":"107","target":"1663"},{"source":"107","target":"1664"},{"source":"107","target":"1665"},{"source":"107","target":"1666"},{"source":"107","target":"1667"},{"source":"107","target":"1668"},{"source":"107","target":"1669"},{"source":"107","target":"1670"},{"source":"107","target":"1671"},{"source":"107","target":"1672"},{"source":"107","target":"1673"},{"source":"107","target":"1674"},{"source":"107","target":"1675"},{"source":"107","target":"1676"},{"source":"107","target":"1677"},{"source":"107","target":"1678"},{"source":"107","target":"1679"},{"source":"107","target":"1680"},{"source":"107","target":"1681"},{"source":"107","target":"1682"},{"source":"107","target":"1683"},{"source":"107","target":"1684"},{"source":"107","target":"1685"},{"source":"107","target":"1686"},{"source":"107","target":"1687"},{"source":"107","target":"1688"},{"source":"107","target":"1689"},{"source":"107","target":"1690"},{"source":"107","target":"1691"},{"source":"107","target":"1692"},{"source":"107","target":"1693"},{"source":"107","target":"1694"},{"source":"107","target":"1695"},{"source":"107","target":"1696"},{"source":"107","target":"1697"},{"source":"107","target":"1698"},{"source":"107","target":"1699"},{"source":"107","target":"1700"},{"source":"107","target":"1701"},{"source":"107","target":"1702"},{"source":"107","target":"1703"},{"source":"107","target":"1704"},{"source":"107","target":"1705"},{"source":"107","target":"1706"},{"source":"107","target":"1707"},{"source":"107","target":"1708"},{"source":"107","target":"1709"},{"source":"107","target":"1710"},{"source":"107","target":"1711"},{"source":"107","target":"1712"},{"source":"107","target":"1713"},{"source":"107","target":"1714"},{"source":"107","target":"1715"},{"source":"107","target":"1716"},{"source":"107","target":"1717"},{"source":"107","target":"1718"},{"source":"107","target":"1719"},{"source":"107","target":"1720"},{"source":"107","target":"1721"},{"source":"107","target":"1722"},{"source":"107","target":"1723"},{"source":"107","target":"1724"},{"source":"107","target":"1725"},{"source":"107","target":"1726"},{"source":"107","target":"1727"},{"source":"107","target":"1728"},{"source":"107","target":"1729"},{"source":"107","target":"1730"},{"source":"107","target":"1731"},{"source":"107","target":"1732"},{"source":"107","target":"1733"},{"source":"107","target":"1734"},{"source":"107","target":"1735"},{"source":"107","target":"1736"},{"source":"107","target":"1737"},{"source":"107","target":"1738"},{"source":"107","target":"1739"},{"source":"107","target":"1740"},{"source":"107","target":"1741"},{"source":"107","target":"1742"},{"source":"107","target":"1743"},{"source":"107","target":"1744"},{"source":"107","target":"1745"},{"source":"107","target":"1746"},{"source":"107","target":"1747"},{"source":"107","target":"1748"},{"source":"107","target":"1749"},{"source":"107","target":"1750"},{"source":"107","target":"1751"},{"source":"107","target":"1752"},{"source":"107","target":"1753"},{"source":"107","target":"1754"},{"source":"107","target":"1755"},{"source":"107","target":"1756"},{"source":"107","target":"1757"},{"source":"107","target":"1758"},{"source":"107","target":"1759"},{"source":"107","target":"1760"},{"source":"107","target":"1761"},{"source":"107","target":"1762"},{"source":"107","target":"1763"},{"source":"107","target":"1764"},{"source":"107","target":"1765"},{"source":"107","target":"1766"},{"source":"107","target":"1767"},{"source":"107","target":"1768"},{"source":"107","target":"1769"},{"source":"107","target":"1770"},{"source":"107","target":"1771"},{"source":"107","target":"1772"},{"source":"107","target":"1773"},{"source":"107","target":"1774"},{"source":"107","target":"1775"},{"source":"107","target":"1776"},{"source":"107","target":"1777"},{"source":"107","target":"1778"},{"source":"107","target":"1779"},{"source":"107","target":"1780"},{"source":"107","target":"1781"},{"source":"107","target":"1782"},{"source":"107","target":"1783"},{"source":"107","target":"1784"},{"source":"107","target":"1785"},{"source":"107","target":"1786"},{"source":"107","target":"1787"},{"source":"107","target":"1788"},{"source":"107","target":"1789"},{"source":"107","target":"1790"},{"source":"107","target":"1791"},{"source":"107","target":"1792"},{"source":"107","target":"1793"},{"source":"107","target":"1794"},{"source":"107","target":"1795"},{"source":"107","target":"1796"},{"source":"107","target":"1797"},{"source":"107","target":"1798"},{"source":"107","target":"1799"},{"source":"107","target":"1800"},{"source":"107","target":"1801"},{"source":"107","target":"1802"},{"source":"107","target":"1803"},{"source":"107","target":"1804"},{"source":"107","target":"1805"},{"source":"107","target":"1806"},{"source":"107","target":"1807"},{"source":"107","target":"1808"},{"source":"107","target":"1809"},{"source":"107","target":"1810"},{"source":"107","target":"1811"},{"source":"107","target":"1812"},{"source":"107","target":"1813"},{"source":"107","target":"1814"},{"source":"107","target":"1815"},{"source":"107","target":"1816"},{"source":"107","target":"1817"},{"source":"107","target":"1818"},{"source":"107","target":"1819"},{"source":"107","target":"1820"},{"source":"107","target":"1821"},{"source":"107","target":"1822"},{"source":"107","target":"1823"},{"source":"107","target":"1824"},{"source":"107","target":"1825"},{"source":"107","target":"1826"},{"source":"107","target":"1827"},{"source":"107","target":"1828"},{"source":"107","target":"1829"},{"source":"107","target":"1830"},{"source":"107","target":"1831"},{"source":"107","target":"1832"},{"source":"107","target":"1833"},{"source":"107","target":"1834"},{"source":"107","target":"1835"},{"source":"107","target":"1836"},{"source":"107","target":"1837"},{"source":"107","target":"1838"},{"source":"107","target":"1839"},{"source":"107","target":"1840"},{"source":"107","target":"1841"},{"source":"107","target":"1842"},{"source":"107","target":"1843"},{"source":"107","target":"1844"},{"source":"107","target":"1845"},{"source":"107","target":"1846"},{"source":"107","target":"1847"},{"source":"107","target":"1848"},{"source":"107","target":"1849"},{"source":"107","target":"1850"},{"source":"107","target":"1851"},{"source":"107","target":"1852"},{"source":"107","target":"1853"},{"source":"107","target":"1854"},{"source":"107","target":"1855"},{"source":"107","target":"1856"},{"source":"107","target":"1857"},{"source":"107","target":"1858"},{"source":"107","target":"1859"},{"source":"107","target":"1860"},{"source":"107","target":"1861"},{"source":"107","target":"1862"},{"source":"107","target":"1863"},{"source":"107","target":"1864"},{"source":"107","target":"1865"},{"source":"107","target":"1866"},{"source":"107","target":"1867"},{"source":"107","target":"1868"},{"source":"107","target":"1869"},{"source":"107","target":"1870"},{"source":"107","target":"1871"},{"source":"107","target":"1872"},{"source":"107","target":"1873"},{"source":"107","target":"1874"},{"source":"107","target":"1875"},{"source":"107","target":"1876"},{"source":"107","target":"1877"},{"source":"107","target":"1878"},{"source":"107","target":"1879"},{"source":"107","target":"1880"},{"source":"107","target":"1881"},{"source":"107","target":"1882"},{"source":"107","target":"1883"},{"source":"107","target":"1884"},{"source":"107","target":"1885"},{"source":"107","target":"1886"},{"source":"107","target":"1887"},{"source":"107","target":"1888"},{"source":"107","target":"1889"},{"source":"107","target":"1890"},{"source":"107","target":"1891"},{"source":"107","target":"1892"},{"source":"107","target":"1893"},{"source":"107","target":"1894"},{"source":"107","target":"1895"},{"source":"107","target":"1896"},{"source":"107","target":"1897"},{"source":"107","target":"1898"},{"source":"107","target":"1899"},{"source":"107","target":"1900"},{"source":"107","target":"1901"},{"source":"107","target":"1902"},{"source":"107","target":"1903"},{"source":"107","target":"1904"},{"source":"107","target":"1905"},{"source":"107","target":"1906"},{"source":"107","target":"1907"},{"source":"107","target":"1908"},{"source":"107","target":"1909"},{"source":"107","target":"1910"},{"source":"107","target":"1911"},{"source":"108","target":"127"},{"source":"108","target":"159"},{"source":"108","target":"184"},{"source":"108","target":"197"},{"source":"108","target":"251"},{"source":"108","target":"272"},{"source":"108","target":"281"},{"source":"108","target":"284"},{"source":"108","target":"320"},{"source":"109","target":"118"},{"source":"109","target":"119"},{"source":"109","target":"122"},{"source":"109","target":"142"},{"source":"109","target":"148"},{"source":"109","target":"158"},{"source":"109","target":"169"},{"source":"109","target":"186"},{"source":"109","target":"200"},{"source":"109","target":"203"},{"source":"109","target":"229"},{"source":"109","target":"239"},{"source":"109","target":"252"},{"source":"109","target":"271"},{"source":"109","target":"277"},{"source":"109","target":"285"},{"source":"109","target":"295"},{"source":"109","target":"297"},{"source":"109","target":"303"},{"source":"109","target":"304"},{"source":"109","target":"314"},{"source":"109","target":"322"},{"source":"109","target":"323"},{"source":"109","target":"324"},{"source":"109","target":"325"},{"source":"109","target":"331"},{"source":"109","target":"332"},{"source":"110","target":"259"},{"source":"110","target":"264"},{"source":"111","target":"137"},{"source":"111","target":"214"},{"source":"111","target":"279"},{"source":"111","target":"310"},{"source":"111","target":"312"},{"source":"111","target":"326"},{"source":"111","target":"337"},{"source":"111","target":"343"},{"source":"112","target":"174"},{"source":"113","target":"119"},{"source":"113","target":"121"},{"source":"113","target":"122"},{"source":"113","target":"132"},{"source":"113","target":"134"},{"source":"113","target":"142"},{"source":"113","target":"148"},{"source":"113","target":"158"},{"source":"113","target":"165"},{"source":"113","target":"169"},{"source":"113","target":"172"},{"source":"113","target":"186"},{"source":"113","target":"188"},{"source":"113","target":"199"},{"source":"113","target":"200"},{"source":"113","target":"203"},{"source":"113","target":"239"},{"source":"113","target":"252"},{"source":"113","target":"261"},{"source":"113","target":"271"},{"source":"113","target":"277"},{"source":"113","target":"285"},{"source":"113","target":"291"},{"source":"113","target":"304"},{"source":"113","target":"313"},{"source":"113","target":"325"},{"source":"113","target":"334"},{"source":"113","target":"342"},{"source":"115","target":"116"},{"source":"115","target":"137"},{"source":"115","target":"140"},{"source":"115","target":"144"},{"source":"115","target":"149"},{"source":"115","target":"192"},{"source":"115","target":"214"},{"source":"115","target":"220"},{"source":"115","target":"226"},{"source":"115","target":"262"},{"source":"115","target":"312"},{"source":"115","target":"326"},{"source":"115","target":"343"},{"source":"116","target":"140"},{"source":"116","target":"144"},{"source":"116","target":"149"},{"source":"116","target":"162"},{"source":"116","target":"214"},{"source":"116","target":"226"},{"source":"116","target":"312"},{"source":"116","target":"326"},{"source":"116","target":"343"},{"source":"117","target":"231"},{"source":"117","target":"280"},{"source":"117","target":"285"},{"source":"118","target":"134"},{"source":"118","target":"161"},{"source":"118","target":"172"},{"source":"118","target":"199"},{"source":"118","target":"200"},{"source":"118","target":"203"},{"source":"118","target":"211"},{"source":"118","target":"222"},{"source":"118","target":"238"},{"source":"118","target":"239"},{"source":"118","target":"252"},{"source":"118","target":"261"},{"source":"118","target":"265"},{"source":"118","target":"268"},{"source":"118","target":"271"},{"source":"118","target":"277"},{"source":"118","target":"283"},{"source":"118","target":"304"},{"source":"118","target":"313"},{"source":"118","target":"322"},{"source":"118","target":"324"},{"source":"118","target":"325"},{"source":"118","target":"331"},{"source":"118","target":"342"},{"source":"119","target":"122"},{"source":"119","target":"125"},{"source":"119","target":"128"},{"source":"119","target":"132"},{"source":"119","target":"146"},{"source":"119","target":"148"},{"source":"119","target":"150"},{"source":"119","target":"163"},{"source":"119","target":"170"},{"source":"119","target":"171"},{"source":"119","target":"176"},{"source":"119","target":"185"},{"source":"119","target":"188"},{"source":"119","target":"189"},{"source":"119","target":"199"},{"source":"119","target":"200"},{"source":"119","target":"203"},{"source":"119","target":"208"},{"source":"119","target":"217"},{"source":"119","target":"229"},{"source":"119","target":"239"},{"source":"119","target":"248"},{"source":"119","target":"252"},{"source":"119","target":"261"},{"source":"119","target":"269"},{"source":"119","target":"271"},{"source":"119","target":"277"},{"source":"119","target":"280"},{"source":"119","target":"285"},{"source":"119","target":"297"},{"source":"119","target":"313"},{"source":"119","target":"318"},{"source":"119","target":"323"},{"source":"119","target":"324"},{"source":"119","target":"325"},{"source":"119","target":"329"},{"source":"119","target":"331"},{"source":"119","target":"332"},{"source":"119","target":"339"},{"source":"119","target":"342"},{"source":"120","target":"136"},{"source":"120","target":"247"},{"source":"120","target":"277"},{"source":"121","target":"165"},{"source":"121","target":"169"},{"source":"121","target":"206"},{"source":"121","target":"236"},{"source":"121","target":"280"},{"source":"121","target":"315"},{"source":"122","target":"123"},{"source":"122","target":"128"},{"source":"122","target":"136"},{"source":"122","target":"141"},{"source":"122","target":"142"},{"source":"122","target":"156"},{"source":"122","target":"161"},{"source":"122","target":"169"},{"source":"122","target":"170"},{"source":"122","target":"176"},{"source":"122","target":"186"},{"source":"122","target":"188"},{"source":"122","target":"200"},{"source":"122","target":"203"},{"source":"122","target":"213"},{"source":"122","target":"224"},{"source":"122","target":"232"},{"source":"122","target":"235"},{"source":"122","target":"236"},{"source":"122","target":"239"},{"source":"122","target":"248"},{"source":"122","target":"251"},{"source":"122","target":"252"},{"source":"122","target":"261"},{"source":"122","target":"271"},{"source":"122","target":"272"},{"source":"122","target":"274"},{"source":"122","target":"276"},{"source":"122","target":"277"},{"source":"122","target":"280"},{"source":"122","target":"281"},{"source":"122","target":"284"},{"source":"122","target":"285"},{"source":"122","target":"297"},{"source":"122","target":"303"},{"source":"122","target":"304"},{"source":"122","target":"315"},{"source":"122","target":"322"},{"source":"122","target":"323"},{"source":"122","target":"325"},{"source":"122","target":"332"},{"source":"122","target":"342"},{"source":"122","target":"344"},{"source":"122","target":"345"},{"source":"123","target":"142"},{"source":"123","target":"186"},{"source":"123","target":"200"},{"source":"123","target":"239"},{"source":"123","target":"252"},{"source":"123","target":"261"},{"source":"123","target":"318"},{"source":"123","target":"334"},{"source":"123","target":"342"},{"source":"124","target":"157"},{"source":"124","target":"170"},{"source":"125","target":"136"},{"source":"125","target":"169"},{"source":"126","target":"260"},{"source":"126","target":"322"},{"source":"127","target":"135"},{"source":"127","target":"139"},{"source":"127","target":"159"},{"source":"127","target":"184"},{"source":"127","target":"197"},{"source":"127","target":"251"},{"source":"127","target":"272"},{"source":"127","target":"281"},{"source":"127","target":"284"},{"source":"127","target":"309"},{"source":"127","target":"320"},{"source":"127","target":"346"},{"source":"128","target":"150"},{"source":"128","target":"169"},{"source":"128","target":"170"},{"source":"128","target":"172"},{"source":"128","target":"176"},{"source":"128","target":"186"},{"source":"128","target":"199"},{"source":"128","target":"203"},{"source":"128","target":"211"},{"source":"128","target":"213"},{"source":"128","target":"223"},{"source":"128","target":"248"},{"source":"128","target":"252"},{"source":"128","target":"265"},{"source":"128","target":"271"},{"source":"128","target":"313"},{"source":"128","target":"315"},{"source":"128","target":"322"},{"source":"128","target":"334"},{"source":"129","target":"168"},{"source":"129","target":"291"},{"source":"129","target":"339"},{"source":"129","target":"347"},{"source":"130","target":"191"},{"source":"130","target":"204"},{"source":"130","target":"213"},{"source":"130","target":"257"},{"source":"130","target":"277"},{"source":"130","target":"300"},{"source":"130","target":"322"},{"source":"130","target":"329"},{"source":"130","target":"346"},{"source":"131","target":"143"},{"source":"131","target":"177"},{"source":"131","target":"225"},{"source":"131","target":"227"},{"source":"131","target":"278"},{"source":"132","target":"134"},{"source":"132","target":"158"},{"source":"132","target":"242"},{"source":"132","target":"277"},{"source":"132","target":"303"},{"source":"132","target":"311"},{"source":"132","target":"315"},{"source":"132","target":"317"},{"source":"132","target":"334"},{"source":"133","target":"141"},{"source":"133","target":"183"},{"source":"133","target":"188"},{"source":"133","target":"224"},{"source":"133","target":"232"},{"source":"133","target":"236"},{"source":"133","target":"271"},{"source":"133","target":"276"},{"source":"133","target":"280"},{"source":"133","target":"315"},{"source":"133","target":"322"},{"source":"134","target":"142"},{"source":"134","target":"199"},{"source":"134","target":"203"},{"source":"134","target":"238"},{"source":"134","target":"248"},{"source":"134","target":"252"},{"source":"134","target":"277"},{"source":"134","target":"304"},{"source":"134","target":"334"},{"source":"135","target":"184"},{"source":"135","target":"197"},{"source":"135","target":"251"},{"source":"135","target":"281"},{"source":"135","target":"284"},{"source":"135","target":"309"},{"source":"135","target":"320"},{"source":"136","target":"146"},{"source":"136","target":"156"},{"source":"136","target":"169"},{"source":"136","target":"213"},{"source":"136","target":"246"},{"source":"136","target":"285"},{"source":"136","target":"304"},{"source":"136","target":"308"},{"source":"136","target":"315"},{"source":"136","target":"322"},{"source":"136","target":"324"},{"source":"136","target":"339"},{"source":"136","target":"1718"},{"source":"136","target":"1912"},{"source":"136","target":"1926"},{"source":"136","target":"1932"},{"source":"136","target":"1939"},{"source":"136","target":"1945"},{"source":"136","target":"1951"},{"source":"136","target":"1955"},{"source":"136","target":"1972"},{"source":"136","target":"1973"},{"source":"136","target":"1976"},{"source":"136","target":"1991"},{"source":"136","target":"1995"},{"source":"136","target":"1998"},{"source":"136","target":"2001"},{"source":"136","target":"2004"},{"source":"136","target":"2007"},{"source":"136","target":"2009"},{"source":"136","target":"2018"},{"source":"136","target":"2024"},{"source":"136","target":"2027"},{"source":"136","target":"2032"},{"source":"136","target":"2038"},{"source":"136","target":"2039"},{"source":"136","target":"2042"},{"source":"136","target":"2054"},{"source":"136","target":"2068"},{"source":"136","target":"2071"},{"source":"136","target":"2072"},{"source":"136","target":"2081"},{"source":"136","target":"2102"},{"source":"136","target":"2111"},{"source":"136","target":"2116"},{"source":"136","target":"2117"},{"source":"136","target":"2127"},{"source":"136","target":"2128"},{"source":"136","target":"2133"},{"source":"136","target":"2135"},{"source":"136","target":"2138"},{"source":"136","target":"2143"},{"source":"136","target":"2153"},{"source":"136","target":"2157"},{"source":"136","target":"2171"},{"source":"136","target":"2174"},{"source":"136","target":"2180"},{"source":"136","target":"2183"},{"source":"136","target":"2187"},{"source":"136","target":"2189"},{"source":"136","target":"2199"},{"source":"136","target":"2203"},{"source":"136","target":"2223"},{"source":"136","target":"2224"},{"source":"136","target":"2225"},{"source":"136","target":"2247"},{"source":"136","target":"2250"},{"source":"136","target":"2254"},{"source":"136","target":"2264"},{"source":"136","target":"2267"},{"source":"136","target":"2268"},{"source":"136","target":"2279"},{"source":"136","target":"2283"},{"source":"136","target":"2284"},{"source":"136","target":"2289"},{"source":"136","target":"2292"},{"source":"136","target":"2302"},{"source":"136","target":"2319"},{"source":"136","target":"2327"},{"source":"136","target":"2336"},{"source":"136","target":"2337"},{"source":"136","target":"2364"},{"source":"136","target":"2378"},{"source":"136","target":"2384"},{"source":"136","target":"2398"},{"source":"136","target":"2417"},{"source":"136","target":"2436"},{"source":"136","target":"2445"},{"source":"136","target":"2447"},{"source":"136","target":"2451"},{"source":"136","target":"2458"},{"source":"136","target":"2459"},{"source":"136","target":"2461"},{"source":"136","target":"2463"},{"source":"136","target":"2471"},{"source":"136","target":"2472"},{"source":"136","target":"2475"},{"source":"136","target":"2491"},{"source":"136","target":"2494"},{"source":"136","target":"2498"},{"source":"136","target":"2502"},{"source":"136","target":"2508"},{"source":"136","target":"2510"},{"source":"136","target":"2511"},{"source":"136","target":"2529"},{"source":"136","target":"2533"},{"source":"136","target":"2538"},{"source":"136","target":"2543"},{"source":"136","target":"2547"},{"source":"136","target":"2571"},{"source":"136","target":"2583"},{"source":"136","target":"2589"},{"source":"136","target":"2598"},{"source":"136","target":"2617"},{"source":"136","target":"2629"},{"source":"136","target":"2635"},{"source":"136","target":"2636"},{"source":"136","target":"2640"},{"source":"136","target":"2643"},{"source":"136","target":"2647"},{"source":"136","target":"2649"},{"source":"136","target":"2653"},{"source":"136","target":"2660"},{"source":"137","target":"140"},{"source":"137","target":"167"},{"source":"137","target":"214"},{"source":"137","target":"243"},{"source":"137","target":"289"},{"source":"137","target":"310"},{"source":"137","target":"312"},{"source":"137","target":"326"},{"source":"137","target":"337"},{"source":"139","target":"159"},{"source":"139","target":"184"},{"source":"139","target":"197"},{"source":"139","target":"251"},{"source":"139","target":"281"},{"source":"139","target":"284"},{"source":"139","target":"320"},{"source":"140","target":"144"},{"source":"140","target":"214"},{"source":"140","target":"312"},{"source":"140","target":"326"},{"source":"141","target":"172"},{"source":"141","target":"199"},{"source":"141","target":"224"},{"source":"141","target":"236"},{"source":"141","target":"239"},{"source":"141","target":"257"},{"source":"141","target":"258"},{"source":"141","target":"271"},{"source":"141","target":"272"},{"source":"141","target":"276"},{"source":"141","target":"280"},{"source":"141","target":"291"},{"source":"141","target":"304"},{"source":"141","target":"323"},{"source":"142","target":"158"},{"source":"142","target":"161"},{"source":"142","target":"169"},{"source":"142","target":"170"},{"source":"142","target":"186"},{"source":"142","target":"188"},{"source":"142","target":"200"},{"source":"142","target":"203"},{"source":"142","target":"236"},{"source":"142","target":"239"},{"source":"142","target":"252"},{"source":"142","target":"271"},{"source":"142","target":"277"},{"source":"142","target":"280"},{"source":"142","target":"285"},{"source":"142","target":"297"},{"source":"142","target":"303"},{"source":"142","target":"308"},{"source":"142","target":"315"},{"source":"142","target":"322"},{"source":"142","target":"323"},{"source":"142","target":"332"},{"source":"142","target":"334"},{"source":"142","target":"345"},{"source":"143","target":"175"},{"source":"143","target":"177"},{"source":"143","target":"225"},{"source":"143","target":"227"},{"source":"143","target":"278"},{"source":"143","target":"321"},{"source":"144","target":"149"},{"source":"144","target":"151"},{"source":"144","target":"226"},{"source":"144","target":"312"},{"source":"144","target":"326"},{"source":"144","target":"343"},{"source":"145","target":"179"},{"source":"146","target":"148"},{"source":"146","target":"285"},{"source":"146","target":"313"},{"source":"146","target":"317"},{"source":"146","target":"339"},{"source":"147","target":"219"},{"source":"147","target":"319"},{"source":"148","target":"176"},{"source":"148","target":"185"},{"source":"148","target":"224"},{"source":"148","target":"229"},{"source":"148","target":"261"},{"source":"148","target":"271"},{"source":"148","target":"272"},{"source":"148","target":"339"},{"source":"149","target":"162"},{"source":"149","target":"226"},{"source":"149","target":"312"},{"source":"149","target":"326"},{"source":"149","target":"333"},{"source":"149","target":"343"},{"source":"150","target":"163"},{"source":"150","target":"171"},{"source":"150","target":"189"},{"source":"150","target":"217"},{"source":"150","target":"324"},{"source":"150","target":"329"},{"source":"151","target":"310"},{"source":"151","target":"312"},{"source":"152","target":"181"},{"source":"152","target":"275"},{"source":"152","target":"339"},{"source":"153","target":"280"},{"source":"154","target":"219"},{"source":"155","target":"157"},{"source":"156","target":"188"},{"source":"156","target":"235"},{"source":"156","target":"258"},{"source":"156","target":"272"},{"source":"156","target":"295"},{"source":"158","target":"168"},{"source":"158","target":"232"},{"source":"158","target":"242"},{"source":"158","target":"248"},{"source":"158","target":"291"},{"source":"158","target":"304"},{"source":"158","target":"315"},{"source":"158","target":"317"},{"source":"158","target":"322"},{"source":"158","target":"325"},{"source":"158","target":"332"},{"source":"158","target":"339"},{"source":"159","target":"172"},{"source":"159","target":"184"},{"source":"159","target":"197"},{"source":"159","target":"272"},{"source":"159","target":"277"},{"source":"159","target":"281"},{"source":"159","target":"284"},{"source":"159","target":"320"},{"source":"159","target":"345"},{"source":"160","target":"260"},{"source":"161","target":"199"},{"source":"161","target":"203"},{"source":"161","target":"213"},{"source":"161","target":"252"},{"source":"161","target":"258"},{"source":"161","target":"271"},{"source":"161","target":"277"},{"source":"161","target":"304"},{"source":"161","target":"308"},{"source":"161","target":"314"},{"source":"161","target":"322"},{"source":"161","target":"325"},{"source":"161","target":"339"},{"source":"162","target":"312"},{"source":"162","target":"326"},{"source":"162","target":"333"},{"source":"162","target":"343"},{"source":"163","target":"173"},{"source":"163","target":"249"},{"source":"164","target":"285"},{"source":"165","target":"169"},{"source":"165","target":"188"},{"source":"165","target":"200"},{"source":"165","target":"334"},{"source":"165","target":"342"},{"source":"166","target":"173"},{"source":"166","target":"198"},{"source":"166","target":"202"},{"source":"167","target":"243"},{"source":"167","target":"310"},{"source":"167","target":"337"},{"source":"168","target":"277"},{"source":"168","target":"291"},{"source":"168","target":"304"},{"source":"168","target":"339"},{"source":"168","target":"347"},{"source":"169","target":"185"},{"source":"169","target":"236"},{"source":"169","target":"239"},{"source":"169","target":"248"},{"source":"169","target":"252"},{"source":"169","target":"257"},{"source":"169","target":"271"},{"source":"169","target":"277"},{"source":"169","target":"280"},{"source":"169","target":"291"},{"source":"169","target":"315"},{"source":"169","target":"318"},{"source":"169","target":"322"},{"source":"169","target":"332"},{"source":"169","target":"334"},{"source":"170","target":"176"},{"source":"170","target":"185"},{"source":"170","target":"186"},{"source":"170","target":"188"},{"source":"170","target":"200"},{"source":"170","target":"203"},{"source":"170","target":"211"},{"source":"170","target":"223"},{"source":"170","target":"239"},{"source":"170","target":"250"},{"source":"170","target":"252"},{"source":"170","target":"260"},{"source":"170","target":"268"},{"source":"170","target":"271"},{"source":"170","target":"274"},{"source":"170","target":"277"},{"source":"170","target":"285"},{"source":"170","target":"290"},{"source":"170","target":"304"},{"source":"170","target":"313"},{"source":"170","target":"315"},{"source":"170","target":"322"},{"source":"170","target":"323"},{"source":"170","target":"332"},{"source":"170","target":"334"},{"source":"170","target":"341"},{"source":"170","target":"342"},{"source":"171","target":"189"},{"source":"171","target":"217"},{"source":"171","target":"904"},{"source":"171","target":"1171"},{"source":"171","target":"1193"},{"source":"171","target":"1297"},{"source":"171","target":"1387"},{"source":"171","target":"1486"},{"source":"171","target":"1549"},{"source":"171","target":"1684"},{"source":"171","target":"2704"},{"source":"171","target":"2740"},{"source":"171","target":"2838"},{"source":"171","target":"2885"},{"source":"171","target":"3003"},{"source":"171","target":"3290"},{"source":"172","target":"199"},{"source":"172","target":"203"},{"source":"172","target":"211"},{"source":"172","target":"212"},{"source":"172","target":"223"},{"source":"172","target":"231"},{"source":"172","target":"232"},{"source":"172","target":"238"},{"source":"172","target":"239"},{"source":"172","target":"252"},{"source":"172","target":"261"},{"source":"172","target":"265"},{"source":"172","target":"268"},{"source":"172","target":"271"},{"source":"172","target":"277"},{"source":"172","target":"298"},{"source":"172","target":"304"},{"source":"172","target":"308"},{"source":"172","target":"313"},{"source":"172","target":"325"},{"source":"172","target":"329"},{"source":"172","target":"331"},{"source":"172","target":"332"},{"source":"172","target":"342"},{"source":"173","target":"202"},{"source":"173","target":"348"},{"source":"173","target":"414"},{"source":"173","target":"427"},{"source":"173","target":"464"},{"source":"173","target":"549"},{"source":"173","target":"649"},{"source":"174","target":"293"},{"source":"175","target":"177"},{"source":"175","target":"225"},{"source":"175","target":"227"},{"source":"175","target":"263"},{"source":"175","target":"277"},{"source":"175","target":"278"},{"source":"175","target":"296"},{"source":"175","target":"321"},{"source":"176","target":"188"},{"source":"176","target":"239"},{"source":"176","target":"271"},{"source":"176","target":"290"},{"source":"177","target":"225"},{"source":"177","target":"227"},{"source":"177","target":"278"},{"source":"178","target":"186"},{"source":"178","target":"206"},{"source":"178","target":"213"},{"source":"178","target":"231"},{"source":"178","target":"272"},{"source":"178","target":"303"},{"source":"178","target":"322"},{"source":"178","target":"329"},{"source":"178","target":"345"},{"source":"180","target":"187"},{"source":"180","target":"194"},{"source":"180","target":"196"},{"source":"180","target":"204"},{"source":"180","target":"242"},{"source":"180","target":"249"},{"source":"180","target":"254"},{"source":"180","target":"266"},{"source":"180","target":"299"},{"source":"180","target":"302"},{"source":"180","target":"346"},{"source":"181","target":"195"},{"source":"181","target":"218"},{"source":"181","target":"273"},{"source":"181","target":"275"},{"source":"181","target":"306"},{"source":"181","target":"328"},{"source":"182","target":"253"},{"source":"184","target":"197"},{"source":"184","target":"251"},{"source":"184","target":"272"},{"source":"184","target":"281"},{"source":"184","target":"284"},{"source":"184","target":"309"},{"source":"184","target":"320"},{"source":"184","target":"329"},{"source":"184","target":"346"},{"source":"185","target":"188"},{"source":"185","target":"200"},{"source":"185","target":"271"},{"source":"185","target":"272"},{"source":"185","target":"274"},{"source":"185","target":"280"},{"source":"185","target":"285"},{"source":"185","target":"290"},{"source":"185","target":"297"},{"source":"185","target":"315"},{"source":"185","target":"322"},{"source":"185","target":"344"},{"source":"186","target":"188"},{"source":"186","target":"199"},{"source":"186","target":"200"},{"source":"186","target":"203"},{"source":"186","target":"213"},{"source":"186","target":"221"},{"source":"186","target":"222"},{"source":"186","target":"223"},{"source":"186","target":"236"},{"source":"186","target":"239"},{"source":"186","target":"252"},{"source":"186","target":"271"},{"source":"186","target":"272"},{"source":"186","target":"277"},{"source":"186","target":"285"},{"source":"186","target":"303"},{"source":"186","target":"322"},{"source":"186","target":"323"},{"source":"186","target":"325"},{"source":"186","target":"331"},{"source":"186","target":"341"},{"source":"186","target":"345"},{"source":"187","target":"194"},{"source":"187","target":"242"},{"source":"187","target":"249"},{"source":"187","target":"254"},{"source":"187","target":"266"},{"source":"187","target":"299"},{"source":"187","target":"302"},{"source":"187","target":"346"},{"source":"188","target":"200"},{"source":"188","target":"208"},{"source":"188","target":"223"},{"source":"188","target":"224"},{"source":"188","target":"239"},{"source":"188","target":"252"},{"source":"188","target":"258"},{"source":"188","target":"271"},{"source":"188","target":"272"},{"source":"188","target":"274"},{"source":"188","target":"277"},{"source":"188","target":"280"},{"source":"188","target":"285"},{"source":"188","target":"290"},{"source":"188","target":"291"},{"source":"188","target":"297"},{"source":"188","target":"304"},{"source":"188","target":"315"},{"source":"188","target":"322"},{"source":"188","target":"323"},{"source":"188","target":"334"},{"source":"188","target":"341"},{"source":"188","target":"342"},{"source":"189","target":"217"},{"source":"190","target":"229"},{"source":"192","target":"205"},{"source":"193","target":"259"},{"source":"194","target":"196"},{"source":"194","target":"204"},{"source":"194","target":"242"},{"source":"194","target":"249"},{"source":"194","target":"254"},{"source":"194","target":"266"},{"source":"194","target":"299"},{"source":"194","target":"302"},{"source":"194","target":"346"},{"source":"195","target":"218"},{"source":"195","target":"273"},{"source":"195","target":"275"},{"source":"195","target":"306"},{"source":"195","target":"328"},{"source":"196","target":"204"},{"source":"196","target":"249"},{"source":"196","target":"254"},{"source":"196","target":"266"},{"source":"196","target":"285"},{"source":"196","target":"330"},{"source":"196","target":"346"},{"source":"197","target":"251"},{"source":"197","target":"272"},{"source":"197","target":"281"},{"source":"197","target":"284"},{"source":"197","target":"309"},{"source":"197","target":"320"},{"source":"197","target":"329"},{"source":"198","target":"348"},{"source":"198","target":"351"},{"source":"198","target":"364"},{"source":"198","target":"393"},{"source":"198","target":"399"},{"source":"198","target":"441"},{"source":"198","target":"476"},{"source":"198","target":"501"},{"source":"198","target":"549"},{"source":"198","target":"564"},{"source":"199","target":"200"},{"source":"199","target":"203"},{"source":"199","target":"211"},{"source":"199","target":"212"},{"source":"199","target":"222"},{"source":"199","target":"223"},{"source":"199","target":"231"},{"source":"199","target":"232"},{"source":"199","target":"238"},{"source":"199","target":"239"},{"source":"199","target":"252"},{"source":"199","target":"261"},{"source":"199","target":"265"},{"source":"199","target":"271"},{"source":"199","target":"288"},{"source":"199","target":"291"},{"source":"199","target":"298"},{"source":"199","target":"304"},{"source":"199","target":"313"},{"source":"199","target":"314"},{"source":"199","target":"315"},{"source":"199","target":"322"},{"source":"199","target":"324"},{"source":"199","target":"325"},{"source":"199","target":"342"},{"source":"200","target":"203"},{"source":"200","target":"223"},{"source":"200","target":"224"},{"source":"200","target":"232"},{"source":"200","target":"236"},{"source":"200","target":"239"},{"source":"200","target":"248"},{"source":"200","target":"252"},{"source":"200","target":"271"},{"source":"200","target":"274"},{"source":"200","target":"276"},{"source":"200","target":"277"},{"source":"200","target":"280"},{"source":"200","target":"285"},{"source":"200","target":"297"},{"source":"200","target":"304"},{"source":"200","target":"322"},{"source":"200","target":"323"},{"source":"200","target":"324"},{"source":"200","target":"325"},{"source":"200","target":"332"},{"source":"200","target":"334"},{"source":"201","target":"259"},{"source":"202","target":"329"},{"source":"203","target":"211"},{"source":"203","target":"223"},{"source":"203","target":"238"},{"source":"203","target":"239"},{"source":"203","target":"261"},{"source":"203","target":"265"},{"source":"203","target":"268"},{"source":"203","target":"270"},{"source":"203","target":"271"},{"source":"203","target":"272"},{"source":"203","target":"277"},{"source":"203","target":"285"},{"source":"203","target":"297"},{"source":"203","target":"304"},{"source":"203","target":"308"},{"source":"203","target":"313"},{"source":"203","target":"315"},{"source":"203","target":"322"},{"source":"203","target":"324"},{"source":"203","target":"325"},{"source":"203","target":"331"},{"source":"203","target":"332"},{"source":"203","target":"334"},{"source":"203","target":"338"},{"source":"203","target":"341"},{"source":"203","target":"342"},{"source":"204","target":"213"},{"source":"204","target":"242"},{"source":"204","target":"249"},{"source":"204","target":"254"},{"source":"204","target":"266"},{"source":"204","target":"277"},{"source":"204","target":"302"},{"source":"204","target":"329"},{"source":"204","target":"330"},{"source":"204","target":"346"},{"source":"206","target":"260"},{"source":"207","target":"322"},{"source":"208","target":"277"},{"source":"208","target":"285"},{"source":"208","target":"291"},{"source":"208","target":"332"},{"source":"211","target":"222"},{"source":"211","target":"223"},{"source":"211","target":"238"},{"source":"211","target":"239"},{"source":"211","target":"261"},{"source":"211","target":"265"},{"source":"211","target":"268"},{"source":"211","target":"271"},{"source":"211","target":"272"},{"source":"211","target":"285"},{"source":"211","target":"304"},{"source":"211","target":"313"},{"source":"211","target":"315"},{"source":"211","target":"325"},{"source":"211","target":"331"},{"source":"211","target":"342"},{"source":"212","target":"232"},{"source":"212","target":"239"},{"source":"212","target":"252"},{"source":"212","target":"271"},{"source":"212","target":"295"},{"source":"212","target":"298"},{"source":"212","target":"304"},{"source":"212","target":"344"},{"source":"213","target":"224"},{"source":"213","target":"231"},{"source":"213","target":"236"},{"source":"213","target":"239"},{"source":"213","target":"242"},{"source":"213","target":"246"},{"source":"213","target":"249"},{"source":"213","target":"272"},{"source":"213","target":"277"},{"source":"213","target":"285"},{"source":"213","target":"291"},{"source":"213","target":"303"},{"source":"213","target":"308"},{"source":"213","target":"315"},{"source":"213","target":"322"},{"source":"213","target":"324"},{"source":"213","target":"332"},{"source":"213","target":"340"},{"source":"213","target":"345"},{"source":"214","target":"230"},{"source":"214","target":"289"},{"source":"214","target":"312"},{"source":"214","target":"326"},{"source":"214","target":"333"},{"source":"214","target":"343"},{"source":"216","target":"243"},{"source":"217","target":"324"},{"source":"218","target":"273"},{"source":"218","target":"275"},{"source":"218","target":"306"},{"source":"218","target":"328"},{"source":"219","target":"319"},{"source":"220","target":"262"},{"source":"220","target":"312"},{"source":"221","target":"285"},{"source":"221","target":"303"},{"source":"221","target":"322"},{"source":"222","target":"238"},{"source":"222","target":"240"},{"source":"222","target":"313"},{"source":"222","target":"325"},{"source":"223","target":"239"},{"source":"223","target":"246"},{"source":"223","target":"252"},{"source":"223","target":"261"},{"source":"223","target":"265"},{"source":"223","target":"271"},{"source":"223","target":"313"},{"source":"223","target":"315"},{"source":"223","target":"325"},{"source":"223","target":"342"},{"source":"224","target":"232"},{"source":"224","target":"236"},{"source":"224","target":"261"},{"source":"224","target":"271"},{"source":"224","target":"276"},{"source":"224","target":"291"},{"source":"224","target":"304"},{"source":"224","target":"315"},{"source":"224","target":"322"},{"source":"224","target":"324"},{"source":"224","target":"332"},{"source":"225","target":"227"},{"source":"225","target":"278"},{"source":"226","target":"312"},{"source":"226","target":"326"},{"source":"226","target":"333"},{"source":"226","target":"343"},{"source":"227","target":"263"},{"source":"227","target":"278"},{"source":"227","target":"296"},{"source":"228","target":"283"},{"source":"229","target":"334"},{"source":"230","target":"253"},{"source":"230","target":"307"},{"source":"231","target":"232"},{"source":"231","target":"239"},{"source":"231","target":"280"},{"source":"231","target":"291"},{"source":"231","target":"315"},{"source":"231","target":"329"},{"source":"231","target":"332"},{"source":"232","target":"239"},{"source":"232","target":"271"},{"source":"232","target":"276"},{"source":"232","target":"280"},{"source":"232","target":"285"},{"source":"232","target":"291"},{"source":"232","target":"298"},{"source":"232","target":"322"},{"source":"233","target":"256"},{"source":"234","target":"239"},{"source":"236","target":"248"},{"source":"236","target":"252"},{"source":"236","target":"257"},{"source":"236","target":"271"},{"source":"236","target":"272"},{"source":"236","target":"276"},{"source":"236","target":"280"},{"source":"236","target":"297"},{"source":"236","target":"303"},{"source":"236","target":"304"},{"source":"236","target":"314"},{"source":"236","target":"315"},{"source":"236","target":"318"},{"source":"236","target":"322"},{"source":"238","target":"239"},{"source":"238","target":"252"},{"source":"238","target":"261"},{"source":"238","target":"265"},{"source":"238","target":"271"},{"source":"238","target":"313"},{"source":"238","target":"324"},{"source":"238","target":"325"},{"source":"238","target":"342"},{"source":"239","target":"252"},{"source":"239","target":"261"},{"source":"239","target":"265"},{"source":"239","target":"271"},{"source":"239","target":"272"},{"source":"239","target":"276"},{"source":"239","target":"277"},{"source":"239","target":"280"},{"source":"239","target":"285"},{"source":"239","target":"295"},{"source":"239","target":"303"},{"source":"239","target":"304"},{"source":"239","target":"313"},{"source":"239","target":"322"},{"source":"239","target":"323"},{"source":"239","target":"325"},{"source":"239","target":"338"},{"source":"239","target":"344"},{"source":"242","target":"249"},{"source":"242","target":"254"},{"source":"242","target":"266"},{"source":"242","target":"299"},{"source":"242","target":"302"},{"source":"242","target":"322"},{"source":"242","target":"330"},{"source":"242","target":"346"},{"source":"243","target":"310"},{"source":"243","target":"312"},{"source":"243","target":"337"},{"source":"244","target":"282"},{"source":"245","target":"259"},{"source":"246","target":"285"},{"source":"246","target":"304"},{"source":"246","target":"308"},{"source":"246","target":"315"},{"source":"246","target":"322"},{"source":"246","target":"339"},{"source":"246","target":"340"},{"source":"248","target":"252"},{"source":"248","target":"265"},{"source":"248","target":"277"},{"source":"248","target":"291"},{"source":"248","target":"311"},{"source":"248","target":"323"},{"source":"248","target":"332"},{"source":"249","target":"254"},{"source":"249","target":"266"},{"source":"249","target":"299"},{"source":"249","target":"302"},{"source":"249","target":"304"},{"source":"249","target":"315"},{"source":"249","target":"330"},{"source":"249","target":"346"},{"source":"250","target":"252"},{"source":"250","target":"322"},{"source":"251","target":"281"},{"source":"251","target":"284"},{"source":"251","target":"309"},{"source":"251","target":"320"},{"source":"252","target":"261"},{"source":"252","target":"265"},{"source":"252","target":"271"},{"source":"252","target":"272"},{"source":"252","target":"277"},{"source":"252","target":"280"},{"source":"252","target":"285"},{"source":"252","target":"291"},{"source":"252","target":"297"},{"source":"252","target":"304"},{"source":"252","target":"308"},{"source":"252","target":"313"},{"source":"252","target":"315"},{"source":"252","target":"322"},{"source":"252","target":"324"},{"source":"252","target":"325"},{"source":"252","target":"332"},{"source":"252","target":"334"},{"source":"252","target":"338"},{"source":"252","target":"342"},{"source":"252","target":"345"},{"source":"254","target":"266"},{"source":"254","target":"299"},{"source":"254","target":"302"},{"source":"254","target":"330"},{"source":"254","target":"346"},{"source":"257","target":"258"},{"source":"257","target":"272"},{"source":"257","target":"280"},{"source":"257","target":"295"},{"source":"257","target":"304"},{"source":"257","target":"315"},{"source":"257","target":"322"},{"source":"257","target":"344"},{"source":"258","target":"272"},{"source":"258","target":"291"},{"source":"258","target":"295"},{"source":"258","target":"323"},{"source":"259","target":"264"},{"source":"260","target":"322"},{"source":"260","target":"339"},{"source":"261","target":"265"},{"source":"261","target":"268"},{"source":"261","target":"271"},{"source":"261","target":"285"},{"source":"261","target":"297"},{"source":"261","target":"313"},{"source":"261","target":"314"},{"source":"261","target":"318"},{"source":"261","target":"325"},{"source":"261","target":"342"},{"source":"261","target":"345"},{"source":"262","target":"312"},{"source":"263","target":"296"},{"source":"265","target":"271"},{"source":"265","target":"298"},{"source":"265","target":"311"},{"source":"265","target":"313"},{"source":"265","target":"325"},{"source":"265","target":"331"},{"source":"265","target":"342"},{"source":"266","target":"302"},{"source":"266","target":"330"},{"source":"266","target":"346"},{"source":"268","target":"271"},{"source":"268","target":"325"},{"source":"269","target":"329"},{"source":"271","target":"272"},{"source":"271","target":"276"},{"source":"271","target":"277"},{"source":"271","target":"280"},{"source":"271","target":"285"},{"source":"271","target":"290"},{"source":"271","target":"291"},{"source":"271","target":"297"},{"source":"271","target":"298"},{"source":"271","target":"304"},{"source":"271","target":"313"},{"source":"271","target":"314"},{"source":"271","target":"315"},{"source":"271","target":"318"},{"source":"271","target":"322"},{"source":"271","target":"323"},{"source":"271","target":"325"},{"source":"271","target":"331"},{"source":"271","target":"332"},{"source":"271","target":"342"},{"source":"272","target":"277"},{"source":"272","target":"280"},{"source":"272","target":"281"},{"source":"272","target":"285"},{"source":"272","target":"291"},{"source":"272","target":"297"},{"source":"272","target":"304"},{"source":"272","target":"320"},{"source":"272","target":"329"},{"source":"272","target":"346"},{"source":"273","target":"275"},{"source":"273","target":"306"},{"source":"273","target":"328"},{"source":"274","target":"323"},{"source":"274","target":"341"},{"source":"275","target":"306"},{"source":"275","target":"328"},{"source":"276","target":"322"},{"source":"277","target":"280"},{"source":"277","target":"285"},{"source":"277","target":"290"},{"source":"277","target":"291"},{"source":"277","target":"294"},{"source":"277","target":"304"},{"source":"277","target":"308"},{"source":"277","target":"311"},{"source":"277","target":"315"},{"source":"277","target":"322"},{"source":"277","target":"323"},{"source":"277","target":"324"},{"source":"277","target":"325"},{"source":"277","target":"332"},{"source":"277","target":"334"},{"source":"277","target":"339"},{"source":"277","target":"342"},{"source":"280","target":"290"},{"source":"280","target":"291"},{"source":"280","target":"297"},{"source":"280","target":"304"},{"source":"280","target":"315"},{"source":"280","target":"322"},{"source":"280","target":"323"},{"source":"280","target":"329"},{"source":"280","target":"332"},{"source":"281","target":"284"},{"source":"281","target":"309"},{"source":"281","target":"320"},{"source":"284","target":"309"},{"source":"284","target":"320"},{"source":"284","target":"329"},{"source":"285","target":"303"},{"source":"285","target":"304"},{"source":"285","target":"313"},{"source":"285","target":"315"},{"source":"285","target":"322"},{"source":"285","target":"323"},{"source":"285","target":"332"},{"source":"285","target":"342"},{"source":"285","target":"345"},{"source":"288","target":"315"},{"source":"290","target":"322"},{"source":"290","target":"323"},{"source":"290","target":"342"},{"source":"291","target":"315"},{"source":"291","target":"329"},{"source":"291","target":"332"},{"source":"291","target":"339"},{"source":"297","target":"322"},{"source":"297","target":"323"},{"source":"297","target":"324"},{"source":"299","target":"300"},{"source":"299","target":"302"},{"source":"299","target":"330"},{"source":"299","target":"346"},{"source":"300","target":"320"},{"source":"300","target":"346"},{"source":"301","target":"324"},{"source":"302","target":"315"},{"source":"302","target":"330"},{"source":"302","target":"346"},{"source":"303","target":"315"},{"source":"303","target":"322"},{"source":"303","target":"345"},{"source":"304","target":"308"},{"source":"304","target":"315"},{"source":"304","target":"322"},{"source":"304","target":"324"},{"source":"304","target":"325"},{"source":"304","target":"332"},{"source":"304","target":"334"},{"source":"304","target":"341"},{"source":"304","target":"347"},{"source":"305","target":"312"},{"source":"306","target":"328"},{"source":"308","target":"322"},{"source":"308","target":"323"},{"source":"308","target":"329"},{"source":"308","target":"334"},{"source":"308","target":"338"},{"source":"309","target":"320"},{"source":"310","target":"337"},{"source":"311","target":"325"},{"source":"311","target":"344"},{"source":"312","target":"326"},{"source":"312","target":"343"},{"source":"313","target":"314"},{"source":"313","target":"315"},{"source":"313","target":"325"},{"source":"313","target":"339"},{"source":"313","target":"342"},{"source":"314","target":"342"},{"source":"315","target":"322"},{"source":"315","target":"323"},{"source":"315","target":"324"},{"source":"315","target":"329"},{"source":"315","target":"339"},{"source":"315","target":"345"},{"source":"318","target":"334"},{"source":"319","target":"327"},{"source":"320","target":"329"},{"source":"320","target":"346"},{"source":"322","target":"323"},{"source":"322","target":"329"},{"source":"322","target":"339"},{"source":"322","target":"341"},{"source":"322","target":"342"},{"source":"322","target":"345"},{"source":"323","target":"332"},{"source":"323","target":"341"},{"source":"324","target":"329"},{"source":"324","target":"331"},{"source":"324","target":"332"},{"source":"324","target":"340"},{"source":"325","target":"342"},{"source":"326","target":"343"},{"source":"329","target":"332"},{"source":"330","target":"346"},{"source":"331","target":"332"},{"source":"333","target":"343"},{"source":"334","target":"339"},{"source":"339","target":"340"},{"source":"339","target":"347"},{"source":"348","target":"349"},{"source":"348","target":"350"},{"source":"348","target":"351"},{"source":"348","target":"352"},{"source":"348","target":"353"},{"source":"348","target":"354"},{"source":"348","target":"355"},{"source":"348","target":"356"},{"source":"348","target":"357"},{"source":"348","target":"358"},{"source":"348","target":"359"},{"source":"348","target":"360"},{"source":"348","target":"361"},{"source":"348","target":"362"},{"source":"348","target":"363"},{"source":"348","target":"364"},{"source":"348","target":"365"},{"source":"348","target":"366"},{"source":"348","target":"367"},{"source":"348","target":"368"},{"source":"348","target":"369"},{"source":"348","target":"370"},{"source":"348","target":"371"},{"source":"348","target":"372"},{"source":"348","target":"373"},{"source":"348","target":"374"},{"source":"348","target":"375"},{"source":"348","target":"376"},{"source":"348","target":"377"},{"source":"348","target":"378"},{"source":"348","target":"379"},{"source":"348","target":"380"},{"source":"348","target":"381"},{"source":"348","target":"382"},{"source":"348","target":"383"},{"source":"348","target":"384"},{"source":"348","target":"385"},{"source":"348","target":"386"},{"source":"348","target":"387"},{"source":"348","target":"388"},{"source":"348","target":"389"},{"source":"348","target":"390"},{"source":"348","target":"391"},{"source":"348","target":"392"},{"source":"348","target":"393"},{"source":"348","target":"394"},{"source":"348","target":"395"},{"source":"348","target":"396"},{"source":"348","target":"397"},{"source":"348","target":"398"},{"source":"348","target":"399"},{"source":"348","target":"400"},{"source":"348","target":"401"},{"source":"348","target":"402"},{"source":"348","target":"403"},{"source":"348","target":"404"},{"source":"348","target":"405"},{"source":"348","target":"406"},{"source":"348","target":"407"},{"source":"348","target":"408"},{"source":"348","target":"409"},{"source":"348","target":"410"},{"source":"348","target":"411"},{"source":"348","target":"412"},{"source":"348","target":"413"},{"source":"348","target":"414"},{"source":"348","target":"415"},{"source":"348","target":"416"},{"source":"348","target":"417"},{"source":"348","target":"418"},{"source":"348","target":"419"},{"source":"348","target":"420"},{"source":"348","target":"421"},{"source":"348","target":"422"},{"source":"348","target":"423"},{"source":"348","target":"424"},{"source":"348","target":"425"},{"source":"348","target":"426"},{"source":"348","target":"427"},{"source":"348","target":"428"},{"source":"348","target":"429"},{"source":"348","target":"430"},{"source":"348","target":"431"},{"source":"348","target":"432"},{"source":"348","target":"433"},{"source":"348","target":"434"},{"source":"348","target":"435"},{"source":"348","target":"436"},{"source":"348","target":"437"},{"source":"348","target":"438"},{"source":"348","target":"439"},{"source":"348","target":"440"},{"source":"348","target":"441"},{"source":"348","target":"442"},{"source":"348","target":"443"},{"source":"348","target":"444"},{"source":"348","target":"445"},{"source":"348","target":"446"},{"source":"348","target":"447"},{"source":"348","target":"448"},{"source":"348","target":"449"},{"source":"348","target":"450"},{"source":"348","target":"451"},{"source":"348","target":"452"},{"source":"348","target":"453"},{"source":"348","target":"454"},{"source":"348","target":"455"},{"source":"348","target":"456"},{"source":"348","target":"457"},{"source":"348","target":"458"},{"source":"348","target":"459"},{"source":"348","target":"460"},{"source":"348","target":"461"},{"source":"348","target":"462"},{"source":"348","target":"463"},{"source":"348","target":"464"},{"source":"348","target":"465"},{"source":"348","target":"466"},{"source":"348","target":"467"},{"source":"348","target":"468"},{"source":"348","target":"469"},{"source":"348","target":"470"},{"source":"348","target":"471"},{"source":"348","target":"472"},{"source":"348","target":"473"},{"source":"348","target":"474"},{"source":"348","target":"475"},{"source":"348","target":"476"},{"source":"348","target":"477"},{"source":"348","target":"478"},{"source":"348","target":"479"},{"source":"348","target":"480"},{"source":"348","target":"481"},{"source":"348","target":"482"},{"source":"348","target":"483"},{"source":"348","target":"484"},{"source":"348","target":"485"},{"source":"348","target":"486"},{"source":"348","target":"487"},{"source":"348","target":"488"},{"source":"348","target":"489"},{"source":"348","target":"490"},{"source":"348","target":"491"},{"source":"348","target":"492"},{"source":"348","target":"493"},{"source":"348","target":"494"},{"source":"348","target":"495"},{"source":"348","target":"496"},{"source":"348","target":"497"},{"source":"348","target":"498"},{"source":"348","target":"499"},{"source":"348","target":"500"},{"source":"348","target":"501"},{"source":"348","target":"502"},{"source":"348","target":"503"},{"source":"348","target":"504"},{"source":"348","target":"505"},{"source":"348","target":"506"},{"source":"348","target":"507"},{"source":"348","target":"508"},{"source":"348","target":"509"},{"source":"348","target":"510"},{"source":"348","target":"511"},{"source":"348","target":"512"},{"source":"348","target":"513"},{"source":"348","target":"514"},{"source":"348","target":"515"},{"source":"348","target":"516"},{"source":"348","target":"517"},{"source":"348","target":"518"},{"source":"348","target":"519"},{"source":"348","target":"520"},{"source":"348","target":"521"},{"source":"348","target":"522"},{"source":"348","target":"523"},{"source":"348","target":"524"},{"source":"348","target":"525"},{"source":"348","target":"526"},{"source":"348","target":"527"},{"source":"348","target":"528"},{"source":"348","target":"529"},{"source":"348","target":"530"},{"source":"348","target":"531"},{"source":"348","target":"532"},{"source":"348","target":"533"},{"source":"348","target":"534"},{"source":"348","target":"535"},{"source":"348","target":"536"},{"source":"348","target":"537"},{"source":"348","target":"538"},{"source":"348","target":"539"},{"source":"348","target":"540"},{"source":"348","target":"541"},{"source":"348","target":"542"},{"source":"348","target":"543"},{"source":"348","target":"544"},{"source":"348","target":"545"},{"source":"348","target":"546"},{"source":"348","target":"547"},{"source":"348","target":"548"},{"source":"348","target":"549"},{"source":"348","target":"550"},{"source":"348","target":"551"},{"source":"348","target":"552"},{"source":"348","target":"553"},{"source":"348","target":"554"},{"source":"348","target":"555"},{"source":"348","target":"556"},{"source":"348","target":"557"},{"source":"348","target":"558"},{"source":"348","target":"559"},{"source":"348","target":"560"},{"source":"348","target":"561"},{"source":"348","target":"562"},{"source":"348","target":"563"},{"source":"348","target":"564"},{"source":"348","target":"565"},{"source":"348","target":"566"},{"source":"348","target":"567"},{"source":"348","target":"568"},{"source":"348","target":"569"},{"source":"348","target":"570"},{"source":"348","target":"571"},{"source":"348","target":"572"},{"source":"348","target":"1025"},{"source":"349","target":"434"},{"source":"349","target":"478"},{"source":"349","target":"508"},{"source":"349","target":"534"},{"source":"350","target":"369"},{"source":"350","target":"384"},{"source":"350","target":"397"},{"source":"350","target":"407"},{"source":"350","target":"419"},{"source":"350","target":"426"},{"source":"350","target":"433"},{"source":"350","target":"455"},{"source":"350","target":"484"},{"source":"350","target":"497"},{"source":"350","target":"504"},{"source":"350","target":"519"},{"source":"350","target":"527"},{"source":"350","target":"528"},{"source":"350","target":"531"},{"source":"350","target":"543"},{"source":"350","target":"546"},{"source":"350","target":"552"},{"source":"350","target":"561"},{"source":"350","target":"563"},{"source":"351","target":"364"},{"source":"351","target":"454"},{"source":"351","target":"564"},{"source":"352","target":"368"},{"source":"352","target":"375"},{"source":"352","target":"394"},{"source":"352","target":"398"},{"source":"352","target":"404"},{"source":"352","target":"408"},{"source":"352","target":"409"},{"source":"352","target":"412"},{"source":"352","target":"431"},{"source":"352","target":"456"},{"source":"352","target":"462"},{"source":"352","target":"479"},{"source":"352","target":"484"},{"source":"352","target":"492"},{"source":"352","target":"493"},{"source":"352","target":"494"},{"source":"352","target":"503"},{"source":"352","target":"517"},{"source":"352","target":"525"},{"source":"352","target":"536"},{"source":"352","target":"538"},{"source":"352","target":"542"},{"source":"353","target":"363"},{"source":"353","target":"366"},{"source":"353","target":"370"},{"source":"353","target":"373"},{"source":"353","target":"376"},{"source":"353","target":"388"},{"source":"353","target":"391"},{"source":"353","target":"394"},{"source":"353","target":"400"},{"source":"353","target":"404"},{"source":"353","target":"408"},{"source":"353","target":"409"},{"source":"353","target":"412"},{"source":"353","target":"417"},{"source":"353","target":"419"},{"source":"353","target":"420"},{"source":"353","target":"428"},{"source":"353","target":"430"},{"source":"353","target":"431"},{"source":"353","target":"432"},{"source":"353","target":"446"},{"source":"353","target":"460"},{"source":"353","target":"462"},{"source":"353","target":"471"},{"source":"353","target":"475"},{"source":"353","target":"482"},{"source":"353","target":"483"},{"source":"353","target":"484"},{"source":"353","target":"487"},{"source":"353","target":"492"},{"source":"353","target":"493"},{"source":"353","target":"496"},{"source":"353","target":"497"},{"source":"353","target":"500"},{"source":"353","target":"503"},{"source":"353","target":"513"},{"source":"353","target":"514"},{"source":"353","target":"515"},{"source":"353","target":"517"},{"source":"353","target":"520"},{"source":"353","target":"524"},{"source":"353","target":"526"},{"source":"353","target":"537"},{"source":"353","target":"538"},{"source":"353","target":"540"},{"source":"353","target":"542"},{"source":"353","target":"544"},{"source":"353","target":"559"},{"source":"353","target":"560"},{"source":"353","target":"561"},{"source":"353","target":"566"},{"source":"353","target":"567"},{"source":"353","target":"580"},{"source":"353","target":"601"},{"source":"353","target":"606"},{"source":"353","target":"637"},{"source":"353","target":"641"},{"source":"353","target":"651"},{"source":"353","target":"930"},{"source":"353","target":"936"},{"source":"353","target":"976"},{"source":"353","target":"1012"},{"source":"353","target":"1075"},{"source":"353","target":"1080"},{"source":"353","target":"1114"},{"source":"353","target":"1122"},{"source":"353","target":"1155"},{"source":"353","target":"1237"},{"source":"353","target":"1313"},{"source":"353","target":"1320"},{"source":"353","target":"1349"},{"source":"353","target":"1358"},{"source":"353","target":"1374"},{"source":"353","target":"1397"},{"source":"353","target":"1425"},{"source":"353","target":"1427"},{"source":"353","target":"1475"},{"source":"353","target":"1487"},{"source":"353","target":"1512"},{"source":"353","target":"1514"},{"source":"353","target":"1529"},{"source":"353","target":"1543"},{"source":"353","target":"1574"},{"source":"353","target":"1606"},{"source":"353","target":"1616"},{"source":"353","target":"1645"},{"source":"353","target":"1673"},{"source":"353","target":"1677"},{"source":"353","target":"1679"},{"source":"353","target":"1692"},{"source":"353","target":"1694"},{"source":"353","target":"1740"},{"source":"353","target":"1744"},{"source":"353","target":"1778"},{"source":"353","target":"1790"},{"source":"353","target":"1844"},{"source":"353","target":"1855"},{"source":"353","target":"1878"},{"source":"353","target":"1881"},{"source":"353","target":"1882"},{"source":"354","target":"355"},{"source":"354","target":"359"},{"source":"354","target":"361"},{"source":"354","target":"376"},{"source":"354","target":"382"},{"source":"354","target":"396"},{"source":"354","target":"397"},{"source":"354","target":"403"},{"source":"354","target":"450"},{"source":"354","target":"452"},{"source":"354","target":"458"},{"source":"354","target":"463"},{"source":"354","target":"470"},{"source":"354","target":"474"},{"source":"354","target":"481"},{"source":"354","target":"489"},{"source":"354","target":"497"},{"source":"354","target":"500"},{"source":"354","target":"507"},{"source":"354","target":"510"},{"source":"354","target":"519"},{"source":"354","target":"531"},{"source":"354","target":"547"},{"source":"354","target":"555"},{"source":"354","target":"557"},{"source":"355","target":"359"},{"source":"355","target":"361"},{"source":"355","target":"367"},{"source":"355","target":"373"},{"source":"355","target":"376"},{"source":"355","target":"382"},{"source":"355","target":"396"},{"source":"355","target":"397"},{"source":"355","target":"402"},{"source":"355","target":"403"},{"source":"355","target":"410"},{"source":"355","target":"412"},{"source":"355","target":"418"},{"source":"355","target":"452"},{"source":"355","target":"455"},{"source":"355","target":"460"},{"source":"355","target":"463"},{"source":"355","target":"470"},{"source":"355","target":"474"},{"source":"355","target":"475"},{"source":"355","target":"481"},{"source":"355","target":"489"},{"source":"355","target":"497"},{"source":"355","target":"500"},{"source":"355","target":"510"},{"source":"355","target":"515"},{"source":"355","target":"519"},{"source":"355","target":"528"},{"source":"355","target":"531"},{"source":"355","target":"543"},{"source":"355","target":"546"},{"source":"355","target":"547"},{"source":"355","target":"548"},{"source":"355","target":"553"},{"source":"355","target":"555"},{"source":"355","target":"557"},{"source":"355","target":"565"},{"source":"356","target":"411"},{"source":"356","target":"472"},{"source":"357","target":"369"},{"source":"357","target":"389"},{"source":"357","target":"397"},{"source":"357","target":"419"},{"source":"357","target":"424"},{"source":"357","target":"457"},{"source":"357","target":"459"},{"source":"357","target":"469"},{"source":"357","target":"477"},{"source":"357","target":"486"},{"source":"357","target":"505"},{"source":"357","target":"509"},{"source":"357","target":"516"},{"source":"357","target":"518"},{"source":"357","target":"551"},{"source":"357","target":"554"},{"source":"357","target":"563"},{"source":"359","target":"361"},{"source":"359","target":"367"},{"source":"359","target":"376"},{"source":"359","target":"391"},{"source":"359","target":"396"},{"source":"359","target":"403"},{"source":"359","target":"405"},{"source":"359","target":"422"},{"source":"359","target":"452"},{"source":"359","target":"455"},{"source":"359","target":"470"},{"source":"359","target":"474"},{"source":"359","target":"475"},{"source":"359","target":"481"},{"source":"359","target":"489"},{"source":"359","target":"491"},{"source":"359","target":"530"},{"source":"359","target":"531"},{"source":"359","target":"546"},{"source":"359","target":"547"},{"source":"359","target":"555"},{"source":"359","target":"557"},{"source":"359","target":"562"},{"source":"360","target":"362"},{"source":"360","target":"365"},{"source":"360","target":"370"},{"source":"360","target":"373"},{"source":"360","target":"376"},{"source":"360","target":"387"},{"source":"360","target":"388"},{"source":"360","target":"395"},{"source":"360","target":"402"},{"source":"360","target":"412"},{"source":"360","target":"415"},{"source":"360","target":"417"},{"source":"360","target":"422"},{"source":"360","target":"428"},{"source":"360","target":"432"},{"source":"360","target":"438"},{"source":"360","target":"442"},{"source":"360","target":"444"},{"source":"360","target":"460"},{"source":"360","target":"461"},{"source":"360","target":"463"},{"source":"360","target":"495"},{"source":"360","target":"497"},{"source":"360","target":"506"},{"source":"360","target":"507"},{"source":"360","target":"510"},{"source":"360","target":"513"},{"source":"360","target":"514"},{"source":"360","target":"520"},{"source":"360","target":"523"},{"source":"360","target":"524"},{"source":"360","target":"542"},{"source":"360","target":"543"},{"source":"360","target":"544"},{"source":"360","target":"548"},{"source":"360","target":"553"},{"source":"360","target":"555"},{"source":"360","target":"558"},{"source":"360","target":"561"},{"source":"360","target":"565"},{"source":"360","target":"567"},{"source":"360","target":"570"},{"source":"361","target":"376"},{"source":"361","target":"396"},{"source":"361","target":"405"},{"source":"361","target":"450"},{"source":"361","target":"463"},{"source":"361","target":"470"},{"source":"361","target":"474"},{"source":"361","target":"475"},{"source":"361","target":"481"},{"source":"361","target":"489"},{"source":"361","target":"500"},{"source":"361","target":"519"},{"source":"361","target":"530"},{"source":"361","target":"531"},{"source":"361","target":"547"},{"source":"361","target":"555"},{"source":"361","target":"557"},{"source":"361","target":"562"},{"source":"361","target":"568"},{"source":"362","target":"371"},{"source":"362","target":"373"},{"source":"362","target":"412"},{"source":"362","target":"413"},{"source":"362","target":"415"},{"source":"362","target":"445"},{"source":"362","target":"460"},{"source":"362","target":"463"},{"source":"362","target":"473"},{"source":"362","target":"482"},{"source":"362","target":"492"},{"source":"362","target":"495"},{"source":"362","target":"535"},{"source":"362","target":"542"},{"source":"362","target":"558"},{"source":"362","target":"560"},{"source":"362","target":"570"},{"source":"363","target":"366"},{"source":"363","target":"367"},{"source":"363","target":"368"},{"source":"363","target":"370"},{"source":"363","target":"373"},{"source":"363","target":"374"},{"source":"363","target":"376"},{"source":"363","target":"378"},{"source":"363","target":"385"},{"source":"363","target":"388"},{"source":"363","target":"402"},{"source":"363","target":"409"},{"source":"363","target":"412"},{"source":"363","target":"414"},{"source":"363","target":"417"},{"source":"363","target":"419"},{"source":"363","target":"432"},{"source":"363","target":"436"},{"source":"363","target":"444"},{"source":"363","target":"455"},{"source":"363","target":"461"},{"source":"363","target":"463"},{"source":"363","target":"475"},{"source":"363","target":"481"},{"source":"363","target":"482"},{"source":"363","target":"483"},{"source":"363","target":"484"},{"source":"363","target":"487"},{"source":"363","target":"492"},{"source":"363","target":"493"},{"source":"363","target":"497"},{"source":"363","target":"500"},{"source":"363","target":"506"},{"source":"363","target":"507"},{"source":"363","target":"514"},{"source":"363","target":"515"},{"source":"363","target":"517"},{"source":"363","target":"521"},{"source":"363","target":"524"},{"source":"363","target":"525"},{"source":"363","target":"526"},{"source":"363","target":"527"},{"source":"363","target":"538"},{"source":"363","target":"542"},{"source":"363","target":"544"},{"source":"363","target":"553"},{"source":"363","target":"559"},{"source":"363","target":"561"},{"source":"363","target":"565"},{"source":"363","target":"566"},{"source":"363","target":"580"},{"source":"363","target":"591"},{"source":"363","target":"606"},{"source":"363","target":"637"},{"source":"363","target":"651"},{"source":"363","target":"656"},{"source":"363","target":"669"},{"source":"363","target":"936"},{"source":"363","target":"976"},{"source":"363","target":"1080"},{"source":"363","target":"1113"},{"source":"363","target":"1122"},{"source":"363","target":"1155"},{"source":"363","target":"1179"},{"source":"363","target":"1237"},{"source":"363","target":"1318"},{"source":"363","target":"1320"},{"source":"363","target":"1332"},{"source":"363","target":"1349"},{"source":"363","target":"1358"},{"source":"363","target":"1374"},{"source":"363","target":"1400"},{"source":"363","target":"1425"},{"source":"363","target":"1427"},{"source":"363","target":"1506"},{"source":"363","target":"1512"},{"source":"363","target":"1514"},{"source":"363","target":"1529"},{"source":"363","target":"1536"},{"source":"363","target":"1545"},{"source":"363","target":"1574"},{"source":"363","target":"1606"},{"source":"363","target":"1616"},{"source":"363","target":"1645"},{"source":"363","target":"1671"},{"source":"363","target":"1673"},{"source":"363","target":"1677"},{"source":"363","target":"1692"},{"source":"363","target":"1740"},{"source":"363","target":"1744"},{"source":"363","target":"1767"},{"source":"363","target":"1790"},{"source":"363","target":"1844"},{"source":"364","target":"393"},{"source":"364","target":"399"},{"source":"364","target":"441"},{"source":"364","target":"476"},{"source":"364","target":"501"},{"source":"364","target":"564"},{"source":"365","target":"408"},{"source":"365","target":"513"},{"source":"365","target":"520"},{"source":"365","target":"556"},{"source":"366","target":"368"},{"source":"366","target":"373"},{"source":"366","target":"374"},{"source":"366","target":"376"},{"source":"366","target":"378"},{"source":"366","target":"391"},{"source":"366","target":"394"},{"source":"366","target":"395"},{"source":"366","target":"400"},{"source":"366","target":"402"},{"source":"366","target":"404"},{"source":"366","target":"408"},{"source":"366","target":"412"},{"source":"366","target":"417"},{"source":"366","target":"428"},{"source":"366","target":"430"},{"source":"366","target":"431"},{"source":"366","target":"434"},{"source":"366","target":"436"},{"source":"366","target":"438"},{"source":"366","target":"446"},{"source":"366","target":"460"},{"source":"366","target":"475"},{"source":"366","target":"482"},{"source":"366","target":"483"},{"source":"366","target":"484"},{"source":"366","target":"492"},{"source":"366","target":"493"},{"source":"366","target":"496"},{"source":"366","target":"497"},{"source":"366","target":"503"},{"source":"366","target":"513"},{"source":"366","target":"514"},{"source":"366","target":"515"},{"source":"366","target":"517"},{"source":"366","target":"520"},{"source":"366","target":"524"},{"source":"366","target":"526"},{"source":"366","target":"538"},{"source":"366","target":"539"},{"source":"366","target":"542"},{"source":"366","target":"544"},{"source":"366","target":"548"},{"source":"366","target":"553"},{"source":"366","target":"555"},{"source":"366","target":"559"},{"source":"366","target":"566"},{"source":"366","target":"580"},{"source":"366","target":"606"},{"source":"366","target":"637"},{"source":"366","target":"651"},{"source":"366","target":"930"},{"source":"366","target":"936"},{"source":"366","target":"976"},{"source":"366","target":"1001"},{"source":"366","target":"1012"},{"source":"366","target":"1080"},{"source":"366","target":"1113"},{"source":"366","target":"1122"},{"source":"366","target":"1142"},{"source":"366","target":"1155"},{"source":"366","target":"1179"},{"source":"366","target":"1237"},{"source":"366","target":"1300"},{"source":"366","target":"1313"},{"source":"366","target":"1320"},{"source":"366","target":"1349"},{"source":"366","target":"1358"},{"source":"366","target":"1374"},{"source":"366","target":"1397"},{"source":"366","target":"1400"},{"source":"366","target":"1408"},{"source":"366","target":"1427"},{"source":"366","target":"1446"},{"source":"366","target":"1490"},{"source":"366","target":"1512"},{"source":"366","target":"1514"},{"source":"366","target":"1549"},{"source":"366","target":"1574"},{"source":"366","target":"1616"},{"source":"366","target":"1631"},{"source":"366","target":"1645"},{"source":"366","target":"1658"},{"source":"366","target":"1673"},{"source":"366","target":"1692"},{"source":"366","target":"1694"},{"source":"366","target":"1740"},{"source":"366","target":"1767"},{"source":"366","target":"1790"},{"source":"366","target":"1801"},{"source":"366","target":"1844"},{"source":"366","target":"1878"},{"source":"366","target":"1882"},{"source":"367","target":"373"},{"source":"367","target":"376"},{"source":"367","target":"378"},{"source":"367","target":"391"},{"source":"367","target":"396"},{"source":"367","target":"403"},{"source":"367","target":"412"},{"source":"367","target":"416"},{"source":"367","target":"422"},{"source":"367","target":"452"},{"source":"367","target":"455"},{"source":"367","target":"474"},{"source":"367","target":"475"},{"source":"367","target":"481"},{"source":"367","target":"483"},{"source":"367","target":"489"},{"source":"367","target":"490"},{"source":"367","target":"491"},{"source":"367","target":"502"},{"source":"367","target":"504"},{"source":"367","target":"519"},{"source":"367","target":"525"},{"source":"367","target":"546"},{"source":"367","target":"547"},{"source":"367","target":"548"},{"source":"367","target":"553"},{"source":"367","target":"555"},{"source":"367","target":"566"},{"source":"368","target":"371"},{"source":"368","target":"374"},{"source":"368","target":"375"},{"source":"368","target":"378"},{"source":"368","target":"395"},{"source":"368","target":"398"},{"source":"368","target":"404"},{"source":"368","target":"408"},{"source":"368","target":"409"},{"source":"368","target":"412"},{"source":"368","target":"416"},{"source":"368","target":"419"},{"source":"368","target":"431"},{"source":"368","target":"456"},{"source":"368","target":"462"},{"source":"368","target":"479"},{"source":"368","target":"493"},{"source":"368","target":"494"},{"source":"368","target":"497"},{"source":"368","target":"500"},{"source":"368","target":"503"},{"source":"368","target":"517"},{"source":"368","target":"521"},{"source":"368","target":"525"},{"source":"368","target":"526"},{"source":"368","target":"527"},{"source":"368","target":"536"},{"source":"368","target":"538"},{"source":"368","target":"553"},{"source":"368","target":"559"},{"source":"369","target":"378"},{"source":"369","target":"380"},{"source":"369","target":"381"},{"source":"369","target":"389"},{"source":"369","target":"397"},{"source":"369","target":"407"},{"source":"369","target":"419"},{"source":"369","target":"424"},{"source":"369","target":"433"},{"source":"369","target":"435"},{"source":"369","target":"442"},{"source":"369","target":"455"},{"source":"369","target":"457"},{"source":"369","target":"469"},{"source":"369","target":"477"},{"source":"369","target":"486"},{"source":"369","target":"509"},{"source":"369","target":"516"},{"source":"369","target":"518"},{"source":"369","target":"551"},{"source":"369","target":"554"},{"source":"369","target":"561"},{"source":"369","target":"563"},{"source":"370","target":"373"},{"source":"370","target":"374"},{"source":"370","target":"376"},{"source":"370","target":"378"},{"source":"370","target":"387"},{"source":"370","target":"388"},{"source":"370","target":"392"},{"source":"370","target":"395"},{"source":"370","target":"397"},{"source":"370","target":"402"},{"source":"370","target":"412"},{"source":"370","target":"413"},{"source":"370","target":"414"},{"source":"370","target":"415"},{"source":"370","target":"416"},{"source":"370","target":"417"},{"source":"370","target":"419"},{"source":"370","target":"420"},{"source":"370","target":"423"},{"source":"370","target":"428"},{"source":"370","target":"430"},{"source":"370","target":"431"},{"source":"370","target":"432"},{"source":"370","target":"436"},{"source":"370","target":"438"},{"source":"370","target":"439"},{"source":"370","target":"451"},{"source":"370","target":"452"},{"source":"370","target":"456"},{"source":"370","target":"458"},{"source":"370","target":"460"},{"source":"370","target":"461"},{"source":"370","target":"465"},{"source":"370","target":"469"},{"source":"370","target":"471"},{"source":"370","target":"475"},{"source":"370","target":"483"},{"source":"370","target":"492"},{"source":"370","target":"497"},{"source":"370","target":"506"},{"source":"370","target":"507"},{"source":"370","target":"514"},{"source":"370","target":"515"},{"source":"370","target":"520"},{"source":"370","target":"523"},{"source":"370","target":"524"},{"source":"370","target":"525"},{"source":"370","target":"527"},{"source":"370","target":"540"},{"source":"370","target":"542"},{"source":"370","target":"544"},{"source":"370","target":"548"},{"source":"370","target":"553"},{"source":"370","target":"555"},{"source":"370","target":"559"},{"source":"370","target":"561"},{"source":"370","target":"563"},{"source":"370","target":"565"},{"source":"370","target":"566"},{"source":"370","target":"567"},{"source":"370","target":"591"},{"source":"370","target":"604"},{"source":"370","target":"645"},{"source":"370","target":"646"},{"source":"370","target":"666"},{"source":"370","target":"669"},{"source":"370","target":"683"},{"source":"371","target":"460"},{"source":"371","target":"542"},{"source":"372","target":"410"},{"source":"372","target":"421"},{"source":"372","target":"422"},{"source":"372","target":"429"},{"source":"372","target":"444"},{"source":"372","target":"455"},{"source":"372","target":"460"},{"source":"372","target":"530"},{"source":"372","target":"531"},{"source":"372","target":"539"},{"source":"372","target":"543"},{"source":"372","target":"545"},{"source":"372","target":"547"},{"source":"372","target":"558"},{"source":"372","target":"568"},{"source":"372","target":"570"},{"source":"373","target":"374"},{"source":"373","target":"376"},{"source":"373","target":"378"},{"source":"373","target":"387"},{"source":"373","target":"388"},{"source":"373","target":"390"},{"source":"373","target":"391"},{"source":"373","target":"392"},{"source":"373","target":"395"},{"source":"373","target":"397"},{"source":"373","target":"400"},{"source":"373","target":"402"},{"source":"373","target":"408"},{"source":"373","target":"412"},{"source":"373","target":"413"},{"source":"373","target":"414"},{"source":"373","target":"417"},{"source":"373","target":"421"},{"source":"373","target":"423"},{"source":"373","target":"425"},{"source":"373","target":"428"},{"source":"373","target":"431"},{"source":"373","target":"434"},{"source":"373","target":"436"},{"source":"373","target":"438"},{"source":"373","target":"439"},{"source":"373","target":"446"},{"source":"373","target":"450"},{"source":"373","target":"456"},{"source":"373","target":"460"},{"source":"373","target":"461"},{"source":"373","target":"463"},{"source":"373","target":"465"},{"source":"373","target":"471"},{"source":"373","target":"473"},{"source":"373","target":"475"},{"source":"373","target":"483"},{"source":"373","target":"491"},{"source":"373","target":"492"},{"source":"373","target":"496"},{"source":"373","target":"497"},{"source":"373","target":"498"},{"source":"373","target":"500"},{"source":"373","target":"502"},{"source":"373","target":"506"},{"source":"373","target":"507"},{"source":"373","target":"513"},{"source":"373","target":"514"},{"source":"373","target":"515"},{"source":"373","target":"517"},{"source":"373","target":"520"},{"source":"373","target":"523"},{"source":"373","target":"524"},{"source":"373","target":"525"},{"source":"373","target":"527"},{"source":"373","target":"528"},{"source":"373","target":"542"},{"source":"373","target":"544"},{"source":"373","target":"545"},{"source":"373","target":"546"},{"source":"373","target":"548"},{"source":"373","target":"553"},{"source":"373","target":"556"},{"source":"373","target":"558"},{"source":"373","target":"559"},{"source":"373","target":"561"},{"source":"373","target":"563"},{"source":"373","target":"565"},{"source":"373","target":"566"},{"source":"373","target":"567"},{"source":"373","target":"580"},{"source":"373","target":"587"},{"source":"373","target":"590"},{"source":"373","target":"591"},{"source":"373","target":"604"},{"source":"373","target":"606"},{"source":"373","target":"614"},{"source":"373","target":"634"},{"source":"373","target":"637"},{"source":"373","target":"641"},{"source":"373","target":"645"},{"source":"373","target":"651"},{"source":"373","target":"669"},{"source":"373","target":"680"},{"source":"373","target":"683"},{"source":"374","target":"376"},{"source":"374","target":"378"},{"source":"374","target":"391"},{"source":"374","target":"402"},{"source":"374","target":"412"},{"source":"374","target":"414"},{"source":"374","target":"417"},{"source":"374","target":"418"},{"source":"374","target":"419"},{"source":"374","target":"420"},{"source":"374","target":"430"},{"source":"374","target":"431"},{"source":"374","target":"432"},{"source":"374","target":"438"},{"source":"374","target":"439"},{"source":"374","target":"444"},{"source":"374","target":"451"},{"source":"374","target":"456"},{"source":"374","target":"460"},{"source":"374","target":"461"},{"source":"374","target":"463"},{"source":"374","target":"465"},{"source":"374","target":"475"},{"source":"374","target":"482"},{"source":"374","target":"483"},{"source":"374","target":"488"},{"source":"374","target":"492"},{"source":"374","target":"496"},{"source":"374","target":"497"},{"source":"374","target":"500"},{"source":"374","target":"504"},{"source":"374","target":"506"},{"source":"374","target":"507"},{"source":"374","target":"510"},{"source":"374","target":"513"},{"source":"374","target":"514"},{"source":"374","target":"515"},{"source":"374","target":"517"},{"source":"374","target":"520"},{"source":"374","target":"521"},{"source":"374","target":"523"},{"source":"374","target":"524"},{"source":"374","target":"525"},{"source":"374","target":"526"},{"source":"374","target":"527"},{"source":"374","target":"535"},{"source":"374","target":"544"},{"source":"374","target":"545"},{"source":"374","target":"553"},{"source":"374","target":"556"},{"source":"374","target":"559"},{"source":"374","target":"561"},{"source":"374","target":"563"},{"source":"374","target":"565"},{"source":"374","target":"566"},{"source":"374","target":"567"},{"source":"374","target":"569"},{"source":"374","target":"570"},{"source":"374","target":"591"},{"source":"374","target":"614"},{"source":"374","target":"669"},{"source":"374","target":"683"},{"source":"375","target":"398"},{"source":"375","target":"404"},{"source":"375","target":"408"},{"source":"375","target":"409"},{"source":"375","target":"431"},{"source":"375","target":"456"},{"source":"375","target":"479"},{"source":"375","target":"484"},{"source":"375","target":"493"},{"source":"375","target":"494"},{"source":"375","target":"503"},{"source":"375","target":"525"},{"source":"375","target":"526"},{"source":"375","target":"538"},{"source":"376","target":"378"},{"source":"376","target":"387"},{"source":"376","target":"388"},{"source":"376","target":"390"},{"source":"376","target":"391"},{"source":"376","target":"394"},{"source":"376","target":"395"},{"source":"376","target":"396"},{"source":"376","target":"397"},{"source":"376","target":"400"},{"source":"376","target":"402"},{"source":"376","target":"405"},{"source":"376","target":"410"},{"source":"376","target":"412"},{"source":"376","target":"413"},{"source":"376","target":"414"},{"source":"376","target":"417"},{"source":"376","target":"419"},{"source":"376","target":"420"},{"source":"376","target":"423"},{"source":"376","target":"426"},{"source":"376","target":"428"},{"source":"376","target":"431"},{"source":"376","target":"432"},{"source":"376","target":"434"},{"source":"376","target":"436"},{"source":"376","target":"438"},{"source":"376","target":"439"},{"source":"376","target":"442"},{"source":"376","target":"444"},{"source":"376","target":"446"},{"source":"376","target":"450"},{"source":"376","target":"452"},{"source":"376","target":"456"},{"source":"376","target":"458"},{"source":"376","target":"460"},{"source":"376","target":"461"},{"source":"376","target":"463"},{"source":"376","target":"465"},{"source":"376","target":"471"},{"source":"376","target":"473"},{"source":"376","target":"475"},{"source":"376","target":"481"},{"source":"376","target":"482"},{"source":"376","target":"483"},{"source":"376","target":"487"},{"source":"376","target":"488"},{"source":"376","target":"489"},{"source":"376","target":"490"},{"source":"376","target":"491"},{"source":"376","target":"492"},{"source":"376","target":"496"},{"source":"376","target":"497"},{"source":"376","target":"500"},{"source":"376","target":"502"},{"source":"376","target":"506"},{"source":"376","target":"507"},{"source":"376","target":"511"},{"source":"376","target":"513"},{"source":"376","target":"514"},{"source":"376","target":"515"},{"source":"376","target":"517"},{"source":"376","target":"519"},{"source":"376","target":"520"},{"source":"376","target":"523"},{"source":"376","target":"524"},{"source":"376","target":"525"},{"source":"376","target":"526"},{"source":"376","target":"527"},{"source":"376","target":"531"},{"source":"376","target":"538"},{"source":"376","target":"542"},{"source":"376","target":"544"},{"source":"376","target":"545"},{"source":"376","target":"546"},{"source":"376","target":"547"},{"source":"376","target":"548"},{"source":"376","target":"553"},{"source":"376","target":"555"},{"source":"376","target":"556"},{"source":"376","target":"557"},{"source":"376","target":"559"},{"source":"376","target":"561"},{"source":"376","target":"563"},{"source":"376","target":"566"},{"source":"376","target":"567"},{"source":"376","target":"570"},{"source":"376","target":"580"},{"source":"376","target":"586"},{"source":"376","target":"587"},{"source":"376","target":"591"},{"source":"376","target":"604"},{"source":"376","target":"606"},{"source":"376","target":"610"},{"source":"376","target":"614"},{"source":"376","target":"634"},{"source":"376","target":"637"},{"source":"376","target":"645"},{"source":"376","target":"646"},{"source":"376","target":"651"},{"source":"376","target":"652"},{"source":"376","target":"669"},{"source":"376","target":"673"},{"source":"376","target":"676"},{"source":"376","target":"683"},{"source":"376","target":"1095"},{"source":"376","target":"1179"},{"source":"376","target":"1300"},{"source":"376","target":"1313"},{"source":"376","target":"1343"},{"source":"376","target":"1357"},{"source":"376","target":"1358"},{"source":"376","target":"1374"},{"source":"376","target":"1487"},{"source":"376","target":"1536"},{"source":"376","target":"1616"},{"source":"376","target":"1767"},{"source":"376","target":"1777"},{"source":"376","target":"1897"},{"source":"377","target":"383"},{"source":"378","target":"391"},{"source":"378","target":"394"},{"source":"378","target":"400"},{"source":"378","target":"412"},{"source":"378","target":"414"},{"source":"378","target":"417"},{"source":"378","target":"423"},{"source":"378","target":"426"},{"source":"378","target":"428"},{"source":"378","target":"431"},{"source":"378","target":"434"},{"source":"378","target":"436"},{"source":"378","target":"452"},{"source":"378","target":"456"},{"source":"378","target":"461"},{"source":"378","target":"465"},{"source":"378","target":"471"},{"source":"378","target":"475"},{"source":"378","target":"482"},{"source":"378","target":"483"},{"source":"378","target":"484"},{"source":"378","target":"487"},{"source":"378","target":"488"},{"source":"378","target":"492"},{"source":"378","target":"495"},{"source":"378","target":"496"},{"source":"378","target":"497"},{"source":"378","target":"500"},{"source":"378","target":"502"},{"source":"378","target":"506"},{"source":"378","target":"513"},{"source":"378","target":"514"},{"source":"378","target":"515"},{"source":"378","target":"517"},{"source":"378","target":"524"},{"source":"378","target":"527"},{"source":"378","target":"542"},{"source":"378","target":"544"},{"source":"378","target":"553"},{"source":"378","target":"559"},{"source":"378","target":"561"},{"source":"378","target":"563"},{"source":"378","target":"566"},{"source":"378","target":"580"},{"source":"378","target":"591"},{"source":"378","target":"604"},{"source":"378","target":"614"},{"source":"378","target":"637"},{"source":"378","target":"641"},{"source":"378","target":"651"},{"source":"378","target":"669"},{"source":"378","target":"676"},{"source":"379","target":"532"},{"source":"380","target":"389"},{"source":"380","target":"424"},{"source":"380","target":"457"},{"source":"380","target":"486"},{"source":"380","target":"505"},{"source":"380","target":"509"},{"source":"380","target":"516"},{"source":"380","target":"518"},{"source":"380","target":"554"},{"source":"381","target":"389"},{"source":"381","target":"419"},{"source":"381","target":"424"},{"source":"381","target":"457"},{"source":"381","target":"469"},{"source":"381","target":"486"},{"source":"381","target":"509"},{"source":"381","target":"516"},{"source":"381","target":"551"},{"source":"381","target":"554"},{"source":"382","target":"403"},{"source":"382","target":"410"},{"source":"382","target":"452"},{"source":"382","target":"470"},{"source":"382","target":"474"},{"source":"382","target":"500"},{"source":"382","target":"531"},{"source":"382","target":"547"},{"source":"382","target":"555"},{"source":"383","target":"387"},{"source":"384","target":"464"},{"source":"384","target":"552"},{"source":"385","target":"423"},{"source":"385","target":"436"},{"source":"385","target":"461"},{"source":"385","target":"483"},{"source":"385","target":"507"},{"source":"385","target":"524"},{"source":"386","target":"401"},{"source":"386","target":"532"},{"source":"387","target":"395"},{"source":"387","target":"400"},{"source":"387","target":"402"},{"source":"387","target":"406"},{"source":"387","target":"408"},{"source":"387","target":"412"},{"source":"387","target":"415"},{"source":"387","target":"417"},{"source":"387","target":"428"},{"source":"387","target":"436"},{"source":"387","target":"438"},{"source":"387","target":"444"},{"source":"387","target":"461"},{"source":"387","target":"465"},{"source":"387","target":"503"},{"source":"387","target":"506"},{"source":"387","target":"507"},{"source":"387","target":"513"},{"source":"387","target":"514"},{"source":"387","target":"517"},{"source":"387","target":"520"},{"source":"387","target":"523"},{"source":"387","target":"524"},{"source":"387","target":"525"},{"source":"387","target":"544"},{"source":"387","target":"556"},{"source":"387","target":"559"},{"source":"387","target":"561"},{"source":"387","target":"567"},{"source":"387","target":"570"},{"source":"388","target":"400"},{"source":"388","target":"404"},{"source":"388","target":"412"},{"source":"388","target":"415"},{"source":"388","target":"421"},{"source":"388","target":"438"},{"source":"388","target":"444"},{"source":"388","target":"445"},{"source":"388","target":"450"},{"source":"388","target":"452"},{"source":"388","target":"463"},{"source":"388","target":"465"},{"source":"388","target":"475"},{"source":"388","target":"483"},{"source":"388","target":"487"},{"source":"388","target":"492"},{"source":"388","target":"493"},{"source":"388","target":"496"},{"source":"388","target":"497"},{"source":"388","target":"500"},{"source":"388","target":"503"},{"source":"388","target":"507"},{"source":"388","target":"513"},{"source":"388","target":"523"},{"source":"388","target":"537"},{"source":"388","target":"544"},{"source":"388","target":"548"},{"source":"388","target":"557"},{"source":"388","target":"559"},{"source":"388","target":"566"},{"source":"388","target":"567"},{"source":"389","target":"397"},{"source":"389","target":"419"},{"source":"389","target":"424"},{"source":"389","target":"435"},{"source":"389","target":"457"},{"source":"389","target":"459"},{"source":"389","target":"469"},{"source":"389","target":"486"},{"source":"389","target":"497"},{"source":"389","target":"505"},{"source":"389","target":"509"},{"source":"389","target":"516"},{"source":"389","target":"518"},{"source":"389","target":"551"},{"source":"389","target":"554"},{"source":"389","target":"949"},{"source":"389","target":"1010"},{"source":"389","target":"1013"},{"source":"389","target":"1037"},{"source":"389","target":"1041"},{"source":"389","target":"1070"},{"source":"389","target":"1109"},{"source":"389","target":"1121"},{"source":"389","target":"1189"},{"source":"389","target":"1259"},{"source":"389","target":"1275"},{"source":"389","target":"1296"},{"source":"389","target":"1348"},{"source":"389","target":"1385"},{"source":"389","target":"1415"},{"source":"389","target":"1428"},{"source":"389","target":"1469"},{"source":"389","target":"1472"},{"source":"389","target":"1473"},{"source":"389","target":"1496"},{"source":"389","target":"1507"},{"source":"389","target":"1545"},{"source":"389","target":"1630"},{"source":"389","target":"1681"},{"source":"389","target":"1699"},{"source":"389","target":"1745"},{"source":"389","target":"1770"},{"source":"390","target":"450"},{"source":"390","target":"475"},{"source":"390","target":"539"},{"source":"391","target":"394"},{"source":"391","target":"400"},{"source":"391","target":"412"},{"source":"391","target":"414"},{"source":"391","target":"417"},{"source":"391","target":"423"},{"source":"391","target":"428"},{"source":"391","target":"431"},{"source":"391","target":"438"},{"source":"391","target":"446"},{"source":"391","target":"456"},{"source":"391","target":"458"},{"source":"391","target":"460"},{"source":"391","target":"465"},{"source":"391","target":"475"},{"source":"391","target":"482"},{"source":"391","target":"483"},{"source":"391","target":"484"},{"source":"391","target":"487"},{"source":"391","target":"488"},{"source":"391","target":"490"},{"source":"391","target":"491"},{"source":"391","target":"492"},{"source":"391","target":"493"},{"source":"391","target":"497"},{"source":"391","target":"500"},{"source":"391","target":"502"},{"source":"391","target":"503"},{"source":"391","target":"506"},{"source":"391","target":"512"},{"source":"391","target":"513"},{"source":"391","target":"514"},{"source":"391","target":"515"},{"source":"391","target":"517"},{"source":"391","target":"524"},{"source":"391","target":"525"},{"source":"391","target":"527"},{"source":"391","target":"539"},{"source":"391","target":"544"},{"source":"391","target":"548"},{"source":"391","target":"553"},{"source":"391","target":"556"},{"source":"391","target":"559"},{"source":"391","target":"561"},{"source":"391","target":"563"},{"source":"391","target":"566"},{"source":"391","target":"567"},{"source":"391","target":"580"},{"source":"391","target":"591"},{"source":"391","target":"614"},{"source":"391","target":"637"},{"source":"391","target":"669"},{"source":"392","target":"394"},{"source":"392","target":"404"},{"source":"392","target":"412"},{"source":"392","target":"423"},{"source":"392","target":"428"},{"source":"392","target":"430"},{"source":"392","target":"431"},{"source":"392","target":"436"},{"source":"392","target":"456"},{"source":"392","target":"460"},{"source":"392","target":"465"},{"source":"392","target":"473"},{"source":"392","target":"475"},{"source":"392","target":"482"},{"source":"392","target":"483"},{"source":"392","target":"487"},{"source":"392","target":"492"},{"source":"392","target":"493"},{"source":"392","target":"497"},{"source":"392","target":"500"},{"source":"392","target":"503"},{"source":"392","target":"506"},{"source":"392","target":"514"},{"source":"392","target":"515"},{"source":"392","target":"525"},{"source":"392","target":"527"},{"source":"392","target":"537"},{"source":"392","target":"538"},{"source":"392","target":"542"},{"source":"392","target":"553"},{"source":"392","target":"556"},{"source":"392","target":"559"},{"source":"392","target":"560"},{"source":"392","target":"561"},{"source":"392","target":"566"},{"source":"392","target":"567"},{"source":"393","target":"399"},{"source":"393","target":"441"},{"source":"393","target":"501"},{"source":"393","target":"564"},{"source":"394","target":"398"},{"source":"394","target":"400"},{"source":"394","target":"408"},{"source":"394","target":"414"},{"source":"394","target":"436"},{"source":"394","target":"438"},{"source":"394","target":"475"},{"source":"394","target":"479"},{"source":"394","target":"488"},{"source":"394","target":"492"},{"source":"394","target":"503"},{"source":"394","target":"511"},{"source":"394","target":"512"},{"source":"394","target":"513"},{"source":"394","target":"515"},{"source":"394","target":"517"},{"source":"394","target":"520"},{"source":"394","target":"538"},{"source":"394","target":"542"},{"source":"394","target":"544"},{"source":"394","target":"556"},{"source":"394","target":"559"},{"source":"394","target":"566"},{"source":"394","target":"601"},{"source":"394","target":"614"},{"source":"394","target":"620"},{"source":"394","target":"676"},{"source":"394","target":"683"},{"source":"395","target":"398"},{"source":"395","target":"400"},{"source":"395","target":"402"},{"source":"395","target":"404"},{"source":"395","target":"408"},{"source":"395","target":"412"},{"source":"395","target":"413"},{"source":"395","target":"414"},{"source":"395","target":"417"},{"source":"395","target":"419"},{"source":"395","target":"421"},{"source":"395","target":"422"},{"source":"395","target":"423"},{"source":"395","target":"425"},{"source":"395","target":"428"},{"source":"395","target":"430"},{"source":"395","target":"431"},{"source":"395","target":"436"},{"source":"395","target":"438"},{"source":"395","target":"451"},{"source":"395","target":"452"},{"source":"395","target":"456"},{"source":"395","target":"460"},{"source":"395","target":"461"},{"source":"395","target":"463"},{"source":"395","target":"465"},{"source":"395","target":"471"},{"source":"395","target":"479"},{"source":"395","target":"483"},{"source":"395","target":"488"},{"source":"395","target":"495"},{"source":"395","target":"497"},{"source":"395","target":"506"},{"source":"395","target":"507"},{"source":"395","target":"511"},{"source":"395","target":"512"},{"source":"395","target":"513"},{"source":"395","target":"514"},{"source":"395","target":"515"},{"source":"395","target":"517"},{"source":"395","target":"520"},{"source":"395","target":"523"},{"source":"395","target":"524"},{"source":"395","target":"525"},{"source":"395","target":"527"},{"source":"395","target":"536"},{"source":"395","target":"537"},{"source":"395","target":"538"},{"source":"395","target":"542"},{"source":"395","target":"544"},{"source":"395","target":"545"},{"source":"395","target":"553"},{"source":"395","target":"556"},{"source":"395","target":"559"},{"source":"395","target":"560"},{"source":"395","target":"561"},{"source":"395","target":"567"},{"source":"395","target":"574"},{"source":"395","target":"591"},{"source":"395","target":"601"},{"source":"395","target":"604"},{"source":"395","target":"614"},{"source":"395","target":"620"},{"source":"395","target":"630"},{"source":"395","target":"637"},{"source":"395","target":"645"},{"source":"395","target":"669"},{"source":"395","target":"678"},{"source":"395","target":"683"},{"source":"396","target":"403"},{"source":"396","target":"410"},{"source":"396","target":"422"},{"source":"396","target":"450"},{"source":"396","target":"470"},{"source":"396","target":"474"},{"source":"396","target":"475"},{"source":"396","target":"481"},{"source":"396","target":"489"},{"source":"396","target":"500"},{"source":"396","target":"510"},{"source":"396","target":"519"},{"source":"396","target":"531"},{"source":"396","target":"546"},{"source":"396","target":"547"},{"source":"396","target":"548"},{"source":"396","target":"555"},{"source":"396","target":"557"},{"source":"396","target":"568"},{"source":"396","target":"570"},{"source":"397","target":"402"},{"source":"397","target":"418"},{"source":"397","target":"419"},{"source":"397","target":"420"},{"source":"397","target":"421"},{"source":"397","target":"422"},{"source":"397","target":"426"},{"source":"397","target":"432"},{"source":"397","target":"439"},{"source":"397","target":"444"},{"source":"397","target":"449"},{"source":"397","target":"457"},{"source":"397","target":"458"},{"source":"397","target":"469"},{"source":"397","target":"477"},{"source":"397","target":"481"},{"source":"397","target":"483"},{"source":"397","target":"485"},{"source":"397","target":"504"},{"source":"397","target":"506"},{"source":"397","target":"507"},{"source":"397","target":"509"},{"source":"397","target":"510"},{"source":"397","target":"513"},{"source":"397","target":"514"},{"source":"397","target":"516"},{"source":"397","target":"518"},{"source":"397","target":"523"},{"source":"397","target":"531"},{"source":"397","target":"541"},{"source":"397","target":"543"},{"source":"397","target":"544"},{"source":"397","target":"546"},{"source":"397","target":"554"},{"source":"397","target":"557"},{"source":"397","target":"563"},{"source":"397","target":"570"},{"source":"398","target":"404"},{"source":"398","target":"408"},{"source":"398","target":"409"},{"source":"398","target":"412"},{"source":"398","target":"430"},{"source":"398","target":"431"},{"source":"398","target":"445"},{"source":"398","target":"456"},{"source":"398","target":"462"},{"source":"398","target":"479"},{"source":"398","target":"484"},{"source":"398","target":"488"},{"source":"398","target":"493"},{"source":"398","target":"494"},{"source":"398","target":"497"},{"source":"398","target":"503"},{"source":"398","target":"511"},{"source":"398","target":"512"},{"source":"398","target":"517"},{"source":"398","target":"525"},{"source":"398","target":"526"},{"source":"398","target":"527"},{"source":"398","target":"536"},{"source":"398","target":"538"},{"source":"398","target":"545"},{"source":"398","target":"559"},{"source":"398","target":"561"},{"source":"399","target":"441"},{"source":"399","target":"476"},{"source":"399","target":"501"},{"source":"399","target":"564"},{"source":"400","target":"404"},{"source":"400","target":"408"},{"source":"400","target":"409"},{"source":"400","target":"412"},{"source":"400","target":"414"},{"source":"400","target":"415"},{"source":"400","target":"417"},{"source":"400","target":"419"},{"source":"400","target":"420"},{"source":"400","target":"421"},{"source":"400","target":"428"},{"source":"400","target":"431"},{"source":"400","target":"432"},{"source":"400","target":"434"},{"source":"400","target":"436"},{"source":"400","target":"438"},{"source":"400","target":"444"},{"source":"400","target":"445"},{"source":"400","target":"456"},{"source":"400","target":"461"},{"source":"400","target":"465"},{"source":"400","target":"475"},{"source":"400","target":"482"},{"source":"400","target":"484"},{"source":"400","target":"487"},{"source":"400","target":"488"},{"source":"400","target":"492"},{"source":"400","target":"493"},{"source":"400","target":"497"},{"source":"400","target":"500"},{"source":"400","target":"503"},{"source":"400","target":"506"},{"source":"400","target":"511"},{"source":"400","target":"512"},{"source":"400","target":"513"},{"source":"400","target":"514"},{"source":"400","target":"515"},{"source":"400","target":"517"},{"source":"400","target":"524"},{"source":"400","target":"525"},{"source":"400","target":"537"},{"source":"400","target":"538"},{"source":"400","target":"539"},{"source":"400","target":"542"},{"source":"400","target":"544"},{"source":"400","target":"553"},{"source":"400","target":"556"},{"source":"400","target":"559"},{"source":"400","target":"561"},{"source":"400","target":"566"},{"source":"400","target":"567"},{"source":"400","target":"580"},{"source":"400","target":"591"},{"source":"400","target":"601"},{"source":"400","target":"606"},{"source":"400","target":"614"},{"source":"400","target":"637"},{"source":"400","target":"641"},{"source":"400","target":"651"},{"source":"400","target":"669"},{"source":"400","target":"676"},{"source":"400","target":"683"},{"source":"402","target":"412"},{"source":"402","target":"413"},{"source":"402","target":"415"},{"source":"402","target":"417"},{"source":"402","target":"421"},{"source":"402","target":"422"},{"source":"402","target":"425"},{"source":"402","target":"428"},{"source":"402","target":"432"},{"source":"402","target":"436"},{"source":"402","target":"438"},{"source":"402","target":"444"},{"source":"402","target":"451"},{"source":"402","target":"458"},{"source":"402","target":"460"},{"source":"402","target":"463"},{"source":"402","target":"465"},{"source":"402","target":"475"},{"source":"402","target":"482"},{"source":"402","target":"493"},{"source":"402","target":"495"},{"source":"402","target":"497"},{"source":"402","target":"500"},{"source":"402","target":"506"},{"source":"402","target":"507"},{"source":"402","target":"508"},{"source":"402","target":"513"},{"source":"402","target":"514"},{"source":"402","target":"515"},{"source":"402","target":"517"},{"source":"402","target":"520"},{"source":"402","target":"523"},{"source":"402","target":"524"},{"source":"402","target":"542"},{"source":"402","target":"543"},{"source":"402","target":"544"},{"source":"402","target":"545"},{"source":"402","target":"553"},{"source":"402","target":"558"},{"source":"402","target":"559"},{"source":"402","target":"561"},{"source":"402","target":"563"},{"source":"402","target":"566"},{"source":"402","target":"567"},{"source":"402","target":"570"},{"source":"403","target":"452"},{"source":"403","target":"458"},{"source":"403","target":"470"},{"source":"403","target":"475"},{"source":"403","target":"489"},{"source":"403","target":"497"},{"source":"403","target":"510"},{"source":"403","target":"515"},{"source":"403","target":"519"},{"source":"403","target":"546"},{"source":"403","target":"547"},{"source":"403","target":"553"},{"source":"403","target":"555"},{"source":"404","target":"408"},{"source":"404","target":"409"},{"source":"404","target":"415"},{"source":"404","target":"419"},{"source":"404","target":"421"},{"source":"404","target":"428"},{"source":"404","target":"431"},{"source":"404","target":"440"},{"source":"404","target":"444"},{"source":"404","target":"445"},{"source":"404","target":"452"},{"source":"404","target":"456"},{"source":"404","target":"462"},{"source":"404","target":"465"},{"source":"404","target":"479"},{"source":"404","target":"482"},{"source":"404","target":"483"},{"source":"404","target":"484"},{"source":"404","target":"487"},{"source":"404","target":"493"},{"source":"404","target":"494"},{"source":"404","target":"496"},{"source":"404","target":"500"},{"source":"404","target":"503"},{"source":"404","target":"506"},{"source":"404","target":"511"},{"source":"404","target":"512"},{"source":"404","target":"515"},{"source":"404","target":"525"},{"source":"404","target":"526"},{"source":"404","target":"536"},{"source":"404","target":"537"},{"source":"404","target":"538"},{"source":"404","target":"542"},{"source":"404","target":"545"},{"source":"404","target":"556"},{"source":"404","target":"559"},{"source":"404","target":"560"},{"source":"404","target":"561"},{"source":"404","target":"566"},{"source":"405","target":"418"},{"source":"405","target":"428"},{"source":"405","target":"478"},{"source":"405","target":"513"},{"source":"405","target":"531"},{"source":"405","target":"563"},{"source":"405","target":"568"},{"source":"406","target":"437"},{"source":"406","target":"532"},{"source":"407","target":"426"},{"source":"407","target":"433"},{"source":"407","target":"455"},{"source":"407","target":"458"},{"source":"407","target":"490"},{"source":"407","target":"504"},{"source":"407","target":"510"},{"source":"407","target":"513"},{"source":"407","target":"528"},{"source":"407","target":"533"},{"source":"407","target":"543"},{"source":"407","target":"563"},{"source":"408","target":"409"},{"source":"408","target":"412"},{"source":"408","target":"417"},{"source":"408","target":"419"},{"source":"408","target":"428"},{"source":"408","target":"430"},{"source":"408","target":"431"},{"source":"408","target":"438"},{"source":"408","target":"439"},{"source":"408","target":"440"},{"source":"408","target":"444"},{"source":"408","target":"445"},{"source":"408","target":"456"},{"source":"408","target":"461"},{"source":"408","target":"465"},{"source":"408","target":"473"},{"source":"408","target":"479"},{"source":"408","target":"483"},{"source":"408","target":"484"},{"source":"408","target":"487"},{"source":"408","target":"488"},{"source":"408","target":"493"},{"source":"408","target":"500"},{"source":"408","target":"503"},{"source":"408","target":"511"},{"source":"408","target":"512"},{"source":"408","target":"513"},{"source":"408","target":"514"},{"source":"408","target":"517"},{"source":"408","target":"520"},{"source":"408","target":"524"},{"source":"408","target":"525"},{"source":"408","target":"526"},{"source":"408","target":"536"},{"source":"408","target":"537"},{"source":"408","target":"538"},{"source":"408","target":"545"},{"source":"408","target":"556"},{"source":"408","target":"559"},{"source":"408","target":"560"},{"source":"408","target":"561"},{"source":"409","target":"412"},{"source":"409","target":"419"},{"source":"409","target":"431"},{"source":"409","target":"456"},{"source":"409","target":"460"},{"source":"409","target":"462"},{"source":"409","target":"479"},{"source":"409","target":"487"},{"source":"409","target":"492"},{"source":"409","target":"493"},{"source":"409","target":"494"},{"source":"409","target":"497"},{"source":"409","target":"500"},{"source":"409","target":"503"},{"source":"409","target":"512"},{"source":"409","target":"515"},{"source":"409","target":"517"},{"source":"409","target":"521"},{"source":"409","target":"525"},{"source":"409","target":"526"},{"source":"409","target":"536"},{"source":"409","target":"538"},{"source":"409","target":"542"},{"source":"409","target":"561"},{"source":"410","target":"463"},{"source":"410","target":"474"},{"source":"410","target":"475"},{"source":"410","target":"500"},{"source":"410","target":"547"},{"source":"410","target":"548"},{"source":"410","target":"555"},{"source":"410","target":"557"},{"source":"410","target":"568"},{"source":"411","target":"498"},{"source":"412","target":"414"},{"source":"412","target":"416"},{"source":"412","target":"417"},{"source":"412","target":"418"},{"source":"412","target":"422"},{"source":"412","target":"423"},{"source":"412","target":"428"},{"source":"412","target":"430"},{"source":"412","target":"431"},{"source":"412","target":"432"},{"source":"412","target":"434"},{"source":"412","target":"436"},{"source":"412","target":"438"},{"source":"412","target":"442"},{"source":"412","target":"452"},{"source":"412","target":"455"},{"source":"412","target":"456"},{"source":"412","target":"460"},{"source":"412","target":"461"},{"source":"412","target":"473"},{"source":"412","target":"481"},{"source":"412","target":"482"},{"source":"412","target":"483"},{"source":"412","target":"484"},{"source":"412","target":"487"},{"source":"412","target":"488"},{"source":"412","target":"492"},{"source":"412","target":"493"},{"source":"412","target":"494"},{"source":"412","target":"496"},{"source":"412","target":"500"},{"source":"412","target":"503"},{"source":"412","target":"504"},{"source":"412","target":"506"},{"source":"412","target":"507"},{"source":"412","target":"512"},{"source":"412","target":"513"},{"source":"412","target":"515"},{"source":"412","target":"517"},{"source":"412","target":"520"},{"source":"412","target":"523"},{"source":"412","target":"524"},{"source":"412","target":"525"},{"source":"412","target":"526"},{"source":"412","target":"527"},{"source":"412","target":"528"},{"source":"412","target":"529"},{"source":"412","target":"533"},{"source":"412","target":"537"},{"source":"412","target":"538"},{"source":"412","target":"542"},{"source":"412","target":"544"},{"source":"412","target":"547"},{"source":"412","target":"548"},{"source":"412","target":"549"},{"source":"412","target":"555"},{"source":"412","target":"558"},{"source":"412","target":"559"},{"source":"412","target":"560"},{"source":"412","target":"561"},{"source":"412","target":"565"},{"source":"412","target":"566"},{"source":"412","target":"567"},{"source":"412","target":"569"},{"source":"412","target":"580"},{"source":"412","target":"591"},{"source":"412","target":"593"},{"source":"412","target":"604"},{"source":"412","target":"609"},{"source":"412","target":"614"},{"source":"412","target":"645"},{"source":"412","target":"669"},{"source":"412","target":"676"},{"source":"412","target":"683"},{"source":"413","target":"415"},{"source":"413","target":"445"},{"source":"413","target":"448"},{"source":"413","target":"460"},{"source":"413","target":"461"},{"source":"413","target":"463"},{"source":"413","target":"465"},{"source":"413","target":"473"},{"source":"413","target":"535"},{"source":"413","target":"542"},{"source":"414","target":"422"},{"source":"414","target":"423"},{"source":"414","target":"427"},{"source":"414","target":"428"},{"source":"414","target":"431"},{"source":"414","target":"434"},{"source":"414","target":"436"},{"source":"414","target":"438"},{"source":"414","target":"461"},{"source":"414","target":"465"},{"source":"414","target":"475"},{"source":"414","target":"480"},{"source":"414","target":"483"},{"source":"414","target":"492"},{"source":"414","target":"496"},{"source":"414","target":"500"},{"source":"414","target":"506"},{"source":"414","target":"513"},{"source":"414","target":"514"},{"source":"414","target":"515"},{"source":"414","target":"524"},{"source":"414","target":"542"},{"source":"414","target":"544"},{"source":"414","target":"553"},{"source":"414","target":"556"},{"source":"414","target":"558"},{"source":"414","target":"559"},{"source":"414","target":"561"},{"source":"414","target":"563"},{"source":"414","target":"566"},{"source":"414","target":"567"},{"source":"414","target":"573"},{"source":"414","target":"574"},{"source":"414","target":"575"},{"source":"414","target":"576"},{"source":"414","target":"577"},{"source":"414","target":"578"},{"source":"414","target":"579"},{"source":"414","target":"580"},{"source":"414","target":"581"},{"source":"414","target":"582"},{"source":"414","target":"583"},{"source":"414","target":"584"},{"source":"414","target":"585"},{"source":"414","target":"586"},{"source":"414","target":"587"},{"source":"414","target":"588"},{"source":"414","target":"589"},{"source":"414","target":"590"},{"source":"414","target":"591"},{"source":"414","target":"592"},{"source":"414","target":"593"},{"source":"414","target":"594"},{"source":"414","target":"595"},{"source":"414","target":"596"},{"source":"414","target":"597"},{"source":"414","target":"598"},{"source":"414","target":"599"},{"source":"414","target":"600"},{"source":"414","target":"601"},{"source":"414","target":"602"},{"source":"414","target":"603"},{"source":"414","target":"604"},{"source":"414","target":"605"},{"source":"414","target":"606"},{"source":"414","target":"607"},{"source":"414","target":"608"},{"source":"414","target":"609"},{"source":"414","target":"610"},{"source":"414","target":"611"},{"source":"414","target":"612"},{"source":"414","target":"613"},{"source":"414","target":"614"},{"source":"414","target":"615"},{"source":"414","target":"616"},{"source":"414","target":"617"},{"source":"414","target":"618"},{"source":"414","target":"619"},{"source":"414","target":"620"},{"source":"414","target":"621"},{"source":"414","target":"622"},{"source":"414","target":"623"},{"source":"414","target":"624"},{"source":"414","target":"625"},{"source":"414","target":"626"},{"source":"414","target":"627"},{"source":"414","target":"628"},{"source":"414","target":"629"},{"source":"414","target":"630"},{"source":"414","target":"631"},{"source":"414","target":"632"},{"source":"414","target":"633"},{"source":"414","target":"634"},{"source":"414","target":"635"},{"source":"414","target":"636"},{"source":"414","target":"637"},{"source":"414","target":"638"},{"source":"414","target":"639"},{"source":"414","target":"640"},{"source":"414","target":"641"},{"source":"414","target":"642"},{"source":"414","target":"643"},{"source":"414","target":"644"},{"source":"414","target":"645"},{"source":"414","target":"646"},{"source":"414","target":"647"},{"source":"414","target":"648"},{"source":"414","target":"649"},{"source":"414","target":"650"},{"source":"414","target":"651"},{"source":"414","target":"652"},{"source":"414","target":"653"},{"source":"414","target":"654"},{"source":"414","target":"655"},{"source":"414","target":"656"},{"source":"414","target":"657"},{"source":"414","target":"658"},{"source":"414","target":"659"},{"source":"414","target":"660"},{"source":"414","target":"661"},{"source":"414","target":"662"},{"source":"414","target":"663"},{"source":"414","target":"664"},{"source":"414","target":"665"},{"source":"414","target":"666"},{"source":"414","target":"667"},{"source":"414","target":"668"},{"source":"414","target":"669"},{"source":"414","target":"670"},{"source":"414","target":"671"},{"source":"414","target":"672"},{"source":"414","target":"673"},{"source":"414","target":"674"},{"source":"414","target":"675"},{"source":"414","target":"676"},{"source":"414","target":"677"},{"source":"414","target":"678"},{"source":"414","target":"679"},{"source":"414","target":"680"},{"source":"414","target":"681"},{"source":"414","target":"682"},{"source":"414","target":"683"},{"source":"414","target":"684"},{"source":"414","target":"685"},{"source":"415","target":"421"},{"source":"415","target":"428"},{"source":"415","target":"444"},{"source":"415","target":"445"},{"source":"415","target":"460"},{"source":"415","target":"463"},{"source":"415","target":"465"},{"source":"415","target":"473"},{"source":"415","target":"495"},{"source":"415","target":"520"},{"source":"415","target":"535"},{"source":"415","target":"542"},{"source":"415","target":"545"},{"source":"415","target":"556"},{"source":"415","target":"558"},{"source":"415","target":"563"},{"source":"416","target":"417"},{"source":"416","target":"419"},{"source":"416","target":"430"},{"source":"416","target":"432"},{"source":"416","target":"465"},{"source":"416","target":"483"},{"source":"416","target":"493"},{"source":"416","target":"494"},{"source":"416","target":"497"},{"source":"416","target":"500"},{"source":"416","target":"503"},{"source":"416","target":"537"},{"source":"416","target":"557"},{"source":"416","target":"563"},{"source":"416","target":"567"},{"source":"416","target":"569"},{"source":"417","target":"421"},{"source":"417","target":"428"},{"source":"417","target":"431"},{"source":"417","target":"438"},{"source":"417","target":"444"},{"source":"417","target":"445"},{"source":"417","target":"456"},{"source":"417","target":"460"},{"source":"417","target":"461"},{"source":"417","target":"465"},{"source":"417","target":"475"},{"source":"417","target":"479"},{"source":"417","target":"483"},{"source":"417","target":"492"},{"source":"417","target":"493"},{"source":"417","target":"495"},{"source":"417","target":"497"},{"source":"417","target":"500"},{"source":"417","target":"503"},{"source":"417","target":"506"},{"source":"417","target":"507"},{"source":"417","target":"508"},{"source":"417","target":"511"},{"source":"417","target":"513"},{"source":"417","target":"514"},{"source":"417","target":"515"},{"source":"417","target":"517"},{"source":"417","target":"520"},{"source":"417","target":"523"},{"source":"417","target":"524"},{"source":"417","target":"527"},{"source":"417","target":"537"},{"source":"417","target":"538"},{"source":"417","target":"542"},{"source":"417","target":"544"},{"source":"417","target":"545"},{"source":"417","target":"553"},{"source":"417","target":"556"},{"source":"417","target":"559"},{"source":"417","target":"560"},{"source":"417","target":"561"},{"source":"417","target":"566"},{"source":"417","target":"567"},{"source":"417","target":"570"},{"source":"418","target":"432"},{"source":"418","target":"463"},{"source":"418","target":"465"},{"source":"418","target":"475"},{"source":"418","target":"481"},{"source":"418","target":"497"},{"source":"418","target":"504"},{"source":"418","target":"506"},{"source":"418","target":"510"},{"source":"418","target":"514"},{"source":"418","target":"523"},{"source":"418","target":"544"},{"source":"418","target":"547"},{"source":"418","target":"553"},{"source":"418","target":"555"},{"source":"418","target":"557"},{"source":"418","target":"568"},{"source":"419","target":"422"},{"source":"419","target":"423"},{"source":"419","target":"424"},{"source":"419","target":"428"},{"source":"419","target":"430"},{"source":"419","target":"431"},{"source":"419","target":"440"},{"source":"419","target":"452"},{"source":"419","target":"456"},{"source":"419","target":"469"},{"source":"419","target":"471"},{"source":"419","target":"475"},{"source":"419","target":"483"},{"source":"419","target":"484"},{"source":"419","target":"486"},{"source":"419","target":"487"},{"source":"419","target":"488"},{"source":"419","target":"492"},{"source":"419","target":"493"},{"source":"419","target":"503"},{"source":"419","target":"505"},{"source":"419","target":"513"},{"source":"419","target":"516"},{"source":"419","target":"517"},{"source":"419","target":"518"},{"source":"419","target":"525"},{"source":"419","target":"526"},{"source":"419","target":"527"},{"source":"419","target":"536"},{"source":"419","target":"537"},{"source":"419","target":"538"},{"source":"419","target":"540"},{"source":"419","target":"544"},{"source":"419","target":"551"},{"source":"419","target":"559"},{"source":"419","target":"561"},{"source":"419","target":"565"},{"source":"419","target":"567"},{"source":"420","target":"430"},{"source":"420","target":"432"},{"source":"420","target":"439"},{"source":"420","target":"451"},{"source":"420","target":"465"},{"source":"420","target":"471"},{"source":"420","target":"483"},{"source":"420","target":"484"},{"source":"420","target":"506"},{"source":"420","target":"507"},{"source":"420","target":"513"},{"source":"420","target":"514"},{"source":"420","target":"524"},{"source":"420","target":"537"},{"source":"420","target":"553"},{"source":"420","target":"556"},{"source":"420","target":"563"},{"source":"420","target":"566"},{"source":"420","target":"567"},{"source":"420","target":"569"},{"source":"420","target":"596"},{"source":"420","target":"936"},{"source":"420","target":"1237"},{"source":"420","target":"1311"},{"source":"420","target":"1673"},{"source":"420","target":"1692"},{"source":"421","target":"444"},{"source":"421","target":"445"},{"source":"421","target":"455"},{"source":"421","target":"457"},{"source":"421","target":"465"},{"source":"421","target":"487"},{"source":"421","target":"493"},{"source":"421","target":"500"},{"source":"421","target":"504"},{"source":"421","target":"543"},{"source":"421","target":"545"},{"source":"421","target":"558"},{"source":"421","target":"563"},{"source":"421","target":"570"},{"source":"422","target":"432"},{"source":"422","target":"438"},{"source":"422","target":"444"},{"source":"422","target":"449"},{"source":"422","target":"455"},{"source":"422","target":"460"},{"source":"422","target":"474"},{"source":"422","target":"481"},{"source":"422","target":"483"},{"source":"422","target":"489"},{"source":"422","target":"497"},{"source":"422","target":"504"},{"source":"422","target":"520"},{"source":"422","target":"523"},{"source":"422","target":"545"},{"source":"422","target":"546"},{"source":"422","target":"547"},{"source":"422","target":"553"},{"source":"422","target":"555"},{"source":"422","target":"561"},{"source":"422","target":"570"},{"source":"422","target":"579"},{"source":"422","target":"584"},{"source":"422","target":"592"},{"source":"422","target":"593"},{"source":"422","target":"596"},{"source":"422","target":"597"},{"source":"422","target":"601"},{"source":"422","target":"604"},{"source":"422","target":"609"},{"source":"422","target":"614"},{"source":"422","target":"617"},{"source":"422","target":"618"},{"source":"422","target":"619"},{"source":"422","target":"620"},{"source":"422","target":"630"},{"source":"422","target":"631"},{"source":"422","target":"636"},{"source":"422","target":"644"},{"source":"422","target":"653"},{"source":"422","target":"654"},{"source":"422","target":"655"},{"source":"422","target":"657"},{"source":"422","target":"663"},{"source":"422","target":"678"},{"source":"422","target":"680"},{"source":"422","target":"682"},{"source":"422","target":"685"},{"source":"423","target":"425"},{"source":"423","target":"428"},{"source":"423","target":"430"},{"source":"423","target":"431"},{"source":"423","target":"436"},{"source":"423","target":"444"},{"source":"423","target":"456"},{"source":"423","target":"461"},{"source":"423","target":"465"},{"source":"423","target":"473"},{"source":"423","target":"475"},{"source":"423","target":"484"},{"source":"423","target":"492"},{"source":"423","target":"497"},{"source":"423","target":"500"},{"source":"423","target":"503"},{"source":"423","target":"506"},{"source":"423","target":"513"},{"source":"423","target":"517"},{"source":"423","target":"523"},{"source":"423","target":"524"},{"source":"423","target":"525"},{"source":"423","target":"527"},{"source":"423","target":"537"},{"source":"423","target":"538"},{"source":"423","target":"553"},{"source":"423","target":"556"},{"source":"423","target":"558"},{"source":"423","target":"559"},{"source":"423","target":"560"},{"source":"423","target":"561"},{"source":"423","target":"567"},{"source":"423","target":"586"},{"source":"423","target":"587"},{"source":"423","target":"591"},{"source":"423","target":"604"},{"source":"423","target":"606"},{"source":"423","target":"614"},{"source":"423","target":"634"},{"source":"423","target":"637"},{"source":"423","target":"645"},{"source":"423","target":"646"},{"source":"423","target":"651"},{"source":"423","target":"669"},{"source":"423","target":"683"},{"source":"424","target":"435"},{"source":"424","target":"457"},{"source":"424","target":"469"},{"source":"424","target":"486"},{"source":"424","target":"505"},{"source":"424","target":"509"},{"source":"424","target":"516"},{"source":"424","target":"518"},{"source":"424","target":"551"},{"source":"424","target":"554"},{"source":"425","target":"427"},{"source":"425","target":"428"},{"source":"425","target":"434"},{"source":"425","target":"439"},{"source":"425","target":"456"},{"source":"425","target":"460"},{"source":"425","target":"477"},{"source":"425","target":"479"},{"source":"425","target":"520"},{"source":"425","target":"523"},{"source":"425","target":"534"},{"source":"425","target":"553"},{"source":"425","target":"563"},{"source":"425","target":"570"},{"source":"426","target":"431"},{"source":"426","target":"455"},{"source":"426","target":"471"},{"source":"426","target":"504"},{"source":"426","target":"510"},{"source":"426","target":"513"},{"source":"426","target":"524"},{"source":"426","target":"525"},{"source":"426","target":"531"},{"source":"426","target":"544"},{"source":"426","target":"546"},{"source":"426","target":"563"},{"source":"427","target":"428"},{"source":"427","target":"464"},{"source":"427","target":"496"},{"source":"427","target":"549"},{"source":"427","target":"563"},{"source":"428","target":"430"},{"source":"428","target":"431"},{"source":"428","target":"432"},{"source":"428","target":"434"},{"source":"428","target":"436"},{"source":"428","target":"438"},{"source":"428","target":"444"},{"source":"428","target":"451"},{"source":"428","target":"452"},{"source":"428","target":"456"},{"source":"428","target":"460"},{"source":"428","target":"461"},{"source":"428","target":"463"},{"source":"428","target":"465"},{"source":"428","target":"473"},{"source":"428","target":"475"},{"source":"428","target":"479"},{"source":"428","target":"482"},{"source":"428","target":"484"},{"source":"428","target":"492"},{"source":"428","target":"497"},{"source":"428","target":"500"},{"source":"428","target":"506"},{"source":"428","target":"507"},{"source":"428","target":"508"},{"source":"428","target":"511"},{"source":"428","target":"512"},{"source":"428","target":"513"},{"source":"428","target":"514"},{"source":"428","target":"515"},{"source":"428","target":"517"},{"source":"428","target":"520"},{"source":"428","target":"523"},{"source":"428","target":"524"},{"source":"428","target":"525"},{"source":"428","target":"526"},{"source":"428","target":"542"},{"source":"428","target":"544"},{"source":"428","target":"545"},{"source":"428","target":"549"},{"source":"428","target":"553"},{"source":"428","target":"558"},{"source":"428","target":"559"},{"source":"428","target":"561"},{"source":"428","target":"563"},{"source":"428","target":"567"},{"source":"428","target":"570"},{"source":"428","target":"591"},{"source":"428","target":"594"},{"source":"428","target":"601"},{"source":"428","target":"604"},{"source":"428","target":"606"},{"source":"428","target":"609"},{"source":"428","target":"614"},{"source":"428","target":"641"},{"source":"428","target":"651"},{"source":"428","target":"667"},{"source":"428","target":"669"},{"source":"428","target":"676"},{"source":"428","target":"683"},{"source":"428","target":"915"},{"source":"428","target":"930"},{"source":"428","target":"962"},{"source":"428","target":"1013"},{"source":"428","target":"1109"},{"source":"428","target":"1114"},{"source":"428","target":"1179"},{"source":"428","target":"1210"},{"source":"428","target":"1226"},{"source":"428","target":"1237"},{"source":"428","target":"1300"},{"source":"428","target":"1313"},{"source":"428","target":"1320"},{"source":"428","target":"1358"},{"source":"428","target":"1374"},{"source":"428","target":"1408"},{"source":"428","target":"1425"},{"source":"428","target":"1446"},{"source":"428","target":"1512"},{"source":"428","target":"1536"},{"source":"428","target":"1545"},{"source":"428","target":"1549"},{"source":"428","target":"1574"},{"source":"428","target":"1692"},{"source":"428","target":"1740"},{"source":"428","target":"1777"},{"source":"428","target":"1778"},{"source":"428","target":"1912"},{"source":"429","target":"455"},{"source":"429","target":"466"},{"source":"429","target":"481"},{"source":"429","target":"504"},{"source":"429","target":"522"},{"source":"429","target":"529"},{"source":"429","target":"531"},{"source":"429","target":"539"},{"source":"430","target":"432"},{"source":"430","target":"439"},{"source":"430","target":"451"},{"source":"430","target":"456"},{"source":"430","target":"465"},{"source":"430","target":"469"},{"source":"430","target":"471"},{"source":"430","target":"483"},{"source":"430","target":"484"},{"source":"430","target":"493"},{"source":"430","target":"497"},{"source":"430","target":"503"},{"source":"430","target":"514"},{"source":"430","target":"525"},{"source":"430","target":"526"},{"source":"430","target":"537"},{"source":"430","target":"541"},{"source":"430","target":"553"},{"source":"430","target":"559"},{"source":"430","target":"561"},{"source":"430","target":"563"},{"source":"430","target":"566"},{"source":"430","target":"569"},{"source":"431","target":"432"},{"source":"431","target":"434"},{"source":"431","target":"436"},{"source":"431","target":"438"},{"source":"431","target":"440"},{"source":"431","target":"456"},{"source":"431","target":"462"},{"source":"431","target":"465"},{"source":"431","target":"471"},{"source":"431","target":"472"},{"source":"431","target":"475"},{"source":"431","target":"479"},{"source":"431","target":"482"},{"source":"431","target":"483"},{"source":"431","target":"484"},{"source":"431","target":"487"},{"source":"431","target":"492"},{"source":"431","target":"493"},{"source":"431","target":"497"},{"source":"431","target":"500"},{"source":"431","target":"503"},{"source":"431","target":"506"},{"source":"431","target":"507"},{"source":"431","target":"511"},{"source":"431","target":"512"},{"source":"431","target":"513"},{"source":"431","target":"514"},{"source":"431","target":"515"},{"source":"431","target":"517"},{"source":"431","target":"525"},{"source":"431","target":"527"},{"source":"431","target":"536"},{"source":"431","target":"537"},{"source":"431","target":"538"},{"source":"431","target":"545"},{"source":"431","target":"556"},{"source":"431","target":"559"},{"source":"431","target":"561"},{"source":"431","target":"563"},{"source":"431","target":"566"},{"source":"431","target":"606"},{"source":"431","target":"614"},{"source":"431","target":"651"},{"source":"431","target":"669"},{"source":"431","target":"683"},{"source":"432","target":"438"},{"source":"432","target":"439"},{"source":"432","target":"444"},{"source":"432","target":"451"},{"source":"432","target":"452"},{"source":"432","target":"455"},{"source":"432","target":"456"},{"source":"432","target":"460"},{"source":"432","target":"465"},{"source":"432","target":"471"},{"source":"432","target":"475"},{"source":"432","target":"482"},{"source":"432","target":"483"},{"source":"432","target":"497"},{"source":"432","target":"504"},{"source":"432","target":"506"},{"source":"432","target":"507"},{"source":"432","target":"510"},{"source":"432","target":"513"},{"source":"432","target":"514"},{"source":"432","target":"521"},{"source":"432","target":"525"},{"source":"432","target":"527"},{"source":"432","target":"541"},{"source":"432","target":"544"},{"source":"432","target":"545"},{"source":"432","target":"546"},{"source":"432","target":"553"},{"source":"432","target":"555"},{"source":"432","target":"557"},{"source":"432","target":"559"},{"source":"432","target":"561"},{"source":"432","target":"563"},{"source":"432","target":"566"},{"source":"432","target":"569"},{"source":"432","target":"570"},{"source":"432","target":"571"},{"source":"433","target":"455"},{"source":"433","target":"504"},{"source":"433","target":"510"},{"source":"433","target":"528"},{"source":"433","target":"533"},{"source":"433","target":"563"},{"source":"434","target":"436"},{"source":"434","target":"456"},{"source":"434","target":"458"},{"source":"434","target":"475"},{"source":"434","target":"478"},{"source":"434","target":"488"},{"source":"434","target":"490"},{"source":"434","target":"492"},{"source":"434","target":"496"},{"source":"434","target":"497"},{"source":"434","target":"506"},{"source":"434","target":"515"},{"source":"434","target":"517"},{"source":"434","target":"523"},{"source":"434","target":"534"},{"source":"434","target":"559"},{"source":"434","target":"563"},{"source":"434","target":"566"},{"source":"434","target":"580"},{"source":"434","target":"591"},{"source":"434","target":"604"},{"source":"435","target":"459"},{"source":"435","target":"497"},{"source":"435","target":"518"},{"source":"435","target":"551"},{"source":"435","target":"555"},{"source":"435","target":"563"},{"source":"436","target":"438"},{"source":"436","target":"461"},{"source":"436","target":"465"},{"source":"436","target":"475"},{"source":"436","target":"478"},{"source":"436","target":"483"},{"source":"436","target":"484"},{"source":"436","target":"488"},{"source":"436","target":"492"},{"source":"436","target":"496"},{"source":"436","target":"497"},{"source":"436","target":"506"},{"source":"436","target":"507"},{"source":"436","target":"511"},{"source":"436","target":"513"},{"source":"436","target":"517"},{"source":"436","target":"523"},{"source":"436","target":"524"},{"source":"436","target":"525"},{"source":"436","target":"527"},{"source":"436","target":"542"},{"source":"436","target":"553"},{"source":"436","target":"556"},{"source":"436","target":"559"},{"source":"436","target":"561"},{"source":"436","target":"563"},{"source":"436","target":"566"},{"source":"436","target":"580"},{"source":"436","target":"591"},{"source":"436","target":"604"},{"source":"436","target":"606"},{"source":"436","target":"634"},{"source":"436","target":"635"},{"source":"436","target":"637"},{"source":"436","target":"646"},{"source":"436","target":"651"},{"source":"436","target":"652"},{"source":"436","target":"669"},{"source":"436","target":"673"},{"source":"436","target":"683"},{"source":"437","target":"453"},{"source":"437","target":"462"},{"source":"437","target":"463"},{"source":"437","target":"467"},{"source":"437","target":"498"},{"source":"437","target":"499"},{"source":"437","target":"532"},{"source":"437","target":"572"},{"source":"438","target":"444"},{"source":"438","target":"446"},{"source":"438","target":"452"},{"source":"438","target":"456"},{"source":"438","target":"460"},{"source":"438","target":"461"},{"source":"438","target":"465"},{"source":"438","target":"473"},{"source":"438","target":"475"},{"source":"438","target":"483"},{"source":"438","target":"488"},{"source":"438","target":"492"},{"source":"438","target":"493"},{"source":"438","target":"495"},{"source":"438","target":"496"},{"source":"438","target":"497"},{"source":"438","target":"500"},{"source":"438","target":"503"},{"source":"438","target":"506"},{"source":"438","target":"507"},{"source":"438","target":"511"},{"source":"438","target":"513"},{"source":"438","target":"514"},{"source":"438","target":"517"},{"source":"438","target":"520"},{"source":"438","target":"521"},{"source":"438","target":"523"},{"source":"438","target":"524"},{"source":"438","target":"525"},{"source":"438","target":"546"},{"source":"438","target":"548"},{"source":"438","target":"553"},{"source":"438","target":"556"},{"source":"438","target":"559"},{"source":"438","target":"561"},{"source":"438","target":"563"},{"source":"438","target":"566"},{"source":"438","target":"591"},{"source":"438","target":"596"},{"source":"438","target":"604"},{"source":"438","target":"606"},{"source":"438","target":"614"},{"source":"438","target":"634"},{"source":"438","target":"645"},{"source":"438","target":"651"},{"source":"438","target":"669"},{"source":"438","target":"676"},{"source":"438","target":"683"},{"source":"439","target":"442"},{"source":"439","target":"444"},{"source":"439","target":"445"},{"source":"439","target":"451"},{"source":"439","target":"456"},{"source":"439","target":"458"},{"source":"439","target":"461"},{"source":"439","target":"465"},{"source":"439","target":"471"},{"source":"439","target":"473"},{"source":"439","target":"475"},{"source":"439","target":"477"},{"source":"439","target":"487"},{"source":"439","target":"500"},{"source":"439","target":"506"},{"source":"439","target":"507"},{"source":"439","target":"513"},{"source":"439","target":"514"},{"source":"439","target":"517"},{"source":"439","target":"520"},{"source":"439","target":"523"},{"source":"439","target":"525"},{"source":"439","target":"527"},{"source":"439","target":"538"},{"source":"439","target":"542"},{"source":"439","target":"544"},{"source":"439","target":"553"},{"source":"439","target":"561"},{"source":"439","target":"563"},{"source":"439","target":"566"},{"source":"439","target":"567"},{"source":"439","target":"570"},{"source":"440","target":"449"},{"source":"440","target":"456"},{"source":"440","target":"479"},{"source":"440","target":"484"},{"source":"440","target":"493"},{"source":"440","target":"496"},{"source":"440","target":"508"},{"source":"440","target":"525"},{"source":"440","target":"538"},{"source":"441","target":"476"},{"source":"441","target":"501"},{"source":"441","target":"564"},{"source":"442","target":"460"},{"source":"442","target":"475"},{"source":"442","target":"523"},{"source":"442","target":"531"},{"source":"442","target":"544"},{"source":"442","target":"563"},{"source":"443","target":"453"},{"source":"444","target":"445"},{"source":"444","target":"449"},{"source":"444","target":"460"},{"source":"444","target":"473"},{"source":"444","target":"475"},{"source":"444","target":"483"},{"source":"444","target":"487"},{"source":"444","target":"488"},{"source":"444","target":"495"},{"source":"444","target":"500"},{"source":"444","target":"503"},{"source":"444","target":"504"},{"source":"444","target":"506"},{"source":"444","target":"507"},{"source":"444","target":"513"},{"source":"444","target":"517"},{"source":"444","target":"520"},{"source":"444","target":"523"},{"source":"444","target":"531"},{"source":"444","target":"538"},{"source":"444","target":"544"},{"source":"444","target":"545"},{"source":"444","target":"556"},{"source":"444","target":"559"},{"source":"444","target":"570"},{"source":"445","target":"460"},{"source":"445","target":"463"},{"source":"445","target":"465"},{"source":"445","target":"473"},{"source":"445","target":"487"},{"source":"445","target":"492"},{"source":"445","target":"493"},{"source":"445","target":"495"},{"source":"445","target":"500"},{"source":"445","target":"520"},{"source":"445","target":"535"},{"source":"445","target":"542"},{"source":"445","target":"556"},{"source":"445","target":"560"},{"source":"446","target":"475"},{"source":"446","target":"482"},{"source":"446","target":"483"},{"source":"446","target":"487"},{"source":"446","target":"490"},{"source":"446","target":"491"},{"source":"446","target":"492"},{"source":"446","target":"515"},{"source":"446","target":"517"},{"source":"446","target":"539"},{"source":"446","target":"548"},{"source":"448","target":"460"},{"source":"449","target":"480"},{"source":"449","target":"504"},{"source":"449","target":"507"},{"source":"449","target":"543"},{"source":"449","target":"563"},{"source":"450","target":"452"},{"source":"450","target":"463"},{"source":"450","target":"474"},{"source":"450","target":"475"},{"source":"450","target":"481"},{"source":"450","target":"489"},{"source":"450","target":"497"},{"source":"450","target":"500"},{"source":"450","target":"519"},{"source":"450","target":"531"},{"source":"450","target":"539"},{"source":"450","target":"547"},{"source":"450","target":"548"},{"source":"450","target":"557"},{"source":"451","target":"465"},{"source":"451","target":"471"},{"source":"451","target":"493"},{"source":"451","target":"503"},{"source":"451","target":"506"},{"source":"451","target":"507"},{"source":"451","target":"513"},{"source":"451","target":"514"},{"source":"451","target":"544"},{"source":"451","target":"553"},{"source":"451","target":"556"},{"source":"451","target":"561"},{"source":"451","target":"563"},{"source":"451","target":"567"},{"source":"451","target":"569"},{"source":"452","target":"460"},{"source":"452","target":"463"},{"source":"452","target":"465"},{"source":"452","target":"470"},{"source":"452","target":"475"},{"source":"452","target":"489"},{"source":"452","target":"497"},{"source":"452","target":"500"},{"source":"452","target":"506"},{"source":"452","target":"507"},{"source":"452","target":"510"},{"source":"452","target":"513"},{"source":"452","target":"519"},{"source":"452","target":"521"},{"source":"452","target":"531"},{"source":"452","target":"544"},{"source":"452","target":"546"},{"source":"452","target":"547"},{"source":"452","target":"553"},{"source":"452","target":"555"},{"source":"452","target":"557"},{"source":"452","target":"559"},{"source":"452","target":"566"},{"source":"453","target":"468"},{"source":"453","target":"498"},{"source":"454","target":"564"},{"source":"455","target":"466"},{"source":"455","target":"497"},{"source":"455","target":"500"},{"source":"455","target":"504"},{"source":"455","target":"506"},{"source":"455","target":"510"},{"source":"455","target":"522"},{"source":"455","target":"528"},{"source":"455","target":"529"},{"source":"455","target":"531"},{"source":"455","target":"539"},{"source":"455","target":"541"},{"source":"455","target":"543"},{"source":"455","target":"546"},{"source":"455","target":"553"},{"source":"455","target":"557"},{"source":"455","target":"561"},{"source":"455","target":"563"},{"source":"455","target":"565"},{"source":"455","target":"568"},{"source":"455","target":"569"},{"source":"456","target":"460"},{"source":"456","target":"462"},{"source":"456","target":"465"},{"source":"456","target":"473"},{"source":"456","target":"479"},{"source":"456","target":"484"},{"source":"456","target":"493"},{"source":"456","target":"494"},{"source":"456","target":"495"},{"source":"456","target":"496"},{"source":"456","target":"497"},{"source":"456","target":"503"},{"source":"456","target":"506"},{"source":"456","target":"511"},{"source":"456","target":"512"},{"source":"456","target":"513"},{"source":"456","target":"517"},{"source":"456","target":"520"},{"source":"456","target":"523"},{"source":"456","target":"524"},{"source":"456","target":"525"},{"source":"456","target":"527"},{"source":"456","target":"537"},{"source":"456","target":"538"},{"source":"456","target":"545"},{"source":"456","target":"553"},{"source":"456","target":"559"},{"source":"456","target":"561"},{"source":"456","target":"563"},{"source":"456","target":"566"},{"source":"456","target":"567"},{"source":"457","target":"459"},{"source":"457","target":"469"},{"source":"457","target":"477"},{"source":"457","target":"486"},{"source":"457","target":"505"},{"source":"457","target":"509"},{"source":"457","target":"516"},{"source":"457","target":"518"},{"source":"457","target":"551"},{"source":"457","target":"554"},{"source":"457","target":"563"},{"source":"458","target":"469"},{"source":"458","target":"470"},{"source":"458","target":"475"},{"source":"458","target":"482"},{"source":"458","target":"489"},{"source":"458","target":"490"},{"source":"458","target":"496"},{"source":"458","target":"497"},{"source":"458","target":"507"},{"source":"458","target":"510"},{"source":"458","target":"514"},{"source":"458","target":"515"},{"source":"458","target":"545"},{"source":"458","target":"553"},{"source":"458","target":"555"},{"source":"459","target":"486"},{"source":"459","target":"516"},{"source":"459","target":"518"},{"source":"459","target":"551"},{"source":"459","target":"563"},{"source":"460","target":"461"},{"source":"460","target":"463"},{"source":"460","target":"465"},{"source":"460","target":"473"},{"source":"460","target":"475"},{"source":"460","target":"479"},{"source":"460","target":"482"},{"source":"460","target":"492"},{"source":"460","target":"495"},{"source":"460","target":"497"},{"source":"460","target":"506"},{"source":"460","target":"507"},{"source":"460","target":"508"},{"source":"460","target":"514"},{"source":"460","target":"515"},{"source":"460","target":"517"},{"source":"460","target":"520"},{"source":"460","target":"521"},{"source":"460","target":"523"},{"source":"460","target":"524"},{"source":"460","target":"535"},{"source":"460","target":"542"},{"source":"460","target":"543"},{"source":"460","target":"544"},{"source":"460","target":"545"},{"source":"460","target":"547"},{"source":"460","target":"553"},{"source":"460","target":"558"},{"source":"460","target":"559"},{"source":"460","target":"560"},{"source":"460","target":"563"},{"source":"460","target":"566"},{"source":"460","target":"567"},{"source":"460","target":"570"},{"source":"461","target":"463"},{"source":"461","target":"465"},{"source":"461","target":"471"},{"source":"461","target":"475"},{"source":"461","target":"483"},{"source":"461","target":"492"},{"source":"461","target":"497"},{"source":"461","target":"506"},{"source":"461","target":"507"},{"source":"461","target":"513"},{"source":"461","target":"517"},{"source":"461","target":"520"},{"source":"461","target":"523"},{"source":"461","target":"524"},{"source":"461","target":"525"},{"source":"461","target":"527"},{"source":"461","target":"542"},{"source":"461","target":"544"},{"source":"461","target":"548"},{"source":"461","target":"553"},{"source":"461","target":"559"},{"source":"461","target":"561"},{"source":"461","target":"567"},{"source":"461","target":"590"},{"source":"461","target":"591"},{"source":"461","target":"606"},{"source":"461","target":"645"},{"source":"461","target":"653"},{"source":"461","target":"669"},{"source":"461","target":"683"},{"source":"462","target":"487"},{"source":"462","target":"493"},{"source":"462","target":"494"},{"source":"462","target":"512"},{"source":"462","target":"517"},{"source":"462","target":"525"},{"source":"462","target":"532"},{"source":"462","target":"536"},{"source":"462","target":"538"},{"source":"463","target":"473"},{"source":"463","target":"475"},{"source":"463","target":"481"},{"source":"463","target":"483"},{"source":"463","target":"489"},{"source":"463","target":"500"},{"source":"463","target":"504"},{"source":"463","target":"507"},{"source":"463","target":"517"},{"source":"463","target":"519"},{"source":"463","target":"524"},{"source":"463","target":"531"},{"source":"463","target":"535"},{"source":"463","target":"542"},{"source":"463","target":"547"},{"source":"463","target":"555"},{"source":"463","target":"557"},{"source":"463","target":"560"},{"source":"463","target":"570"},{"source":"464","target":"552"},{"source":"465","target":"471"},{"source":"465","target":"473"},{"source":"465","target":"475"},{"source":"465","target":"483"},{"source":"465","target":"484"},{"source":"465","target":"487"},{"source":"465","target":"493"},{"source":"465","target":"495"},{"source":"465","target":"500"},{"source":"465","target":"503"},{"source":"465","target":"506"},{"source":"465","target":"507"},{"source":"465","target":"511"},{"source":"465","target":"513"},{"source":"465","target":"515"},{"source":"465","target":"517"},{"source":"465","target":"524"},{"source":"465","target":"525"},{"source":"465","target":"526"},{"source":"465","target":"535"},{"source":"465","target":"537"},{"source":"465","target":"538"},{"source":"465","target":"542"},{"source":"465","target":"544"},{"source":"465","target":"556"},{"source":"465","target":"557"},{"source":"465","target":"558"},{"source":"465","target":"559"},{"source":"465","target":"561"},{"source":"465","target":"566"},{"source":"465","target":"567"},{"source":"465","target":"569"},{"source":"465","target":"570"},{"source":"465","target":"580"},{"source":"465","target":"591"},{"source":"465","target":"601"},{"source":"465","target":"604"},{"source":"465","target":"614"},{"source":"465","target":"669"},{"source":"465","target":"676"},{"source":"465","target":"683"},{"source":"466","target":"481"},{"source":"466","target":"504"},{"source":"466","target":"522"},{"source":"466","target":"529"},{"source":"466","target":"531"},{"source":"466","target":"539"},{"source":"467","target":"532"},{"source":"467","target":"572"},{"source":"469","target":"486"},{"source":"469","target":"497"},{"source":"469","target":"505"},{"source":"469","target":"516"},{"source":"469","target":"518"},{"source":"469","target":"540"},{"source":"469","target":"551"},{"source":"469","target":"553"},{"source":"469","target":"554"},{"source":"469","target":"563"},{"source":"470","target":"507"},{"source":"470","target":"519"},{"source":"470","target":"531"},{"source":"470","target":"547"},{"source":"470","target":"555"},{"source":"470","target":"562"},{"source":"471","target":"475"},{"source":"471","target":"507"},{"source":"471","target":"513"},{"source":"471","target":"514"},{"source":"471","target":"515"},{"source":"471","target":"524"},{"source":"471","target":"537"},{"source":"471","target":"553"},{"source":"471","target":"559"},{"source":"471","target":"561"},{"source":"471","target":"563"},{"source":"471","target":"566"},{"source":"471","target":"567"},{"source":"471","target":"569"},{"source":"472","target":"533"},{"source":"472","target":"567"},{"source":"473","target":"479"},{"source":"473","target":"483"},{"source":"473","target":"495"},{"source":"473","target":"503"},{"source":"473","target":"515"},{"source":"473","target":"525"},{"source":"473","target":"527"},{"source":"473","target":"535"},{"source":"473","target":"539"},{"source":"473","target":"542"},{"source":"473","target":"556"},{"source":"473","target":"560"},{"source":"473","target":"561"},{"source":"474","target":"475"},{"source":"474","target":"481"},{"source":"474","target":"489"},{"source":"474","target":"500"},{"source":"474","target":"531"},{"source":"474","target":"546"},{"source":"474","target":"547"},{"source":"474","target":"548"},{"source":"474","target":"557"},{"source":"475","target":"481"},{"source":"475","target":"482"},{"source":"475","target":"483"},{"source":"475","target":"484"},{"source":"475","target":"487"},{"source":"475","target":"488"},{"source":"475","target":"489"},{"source":"475","target":"490"},{"source":"475","target":"491"},{"source":"475","target":"492"},{"source":"475","target":"496"},{"source":"475","target":"497"},{"source":"475","target":"500"},{"source":"475","target":"502"},{"source":"475","target":"506"},{"source":"475","target":"507"},{"source":"475","target":"513"},{"source":"475","target":"514"},{"source":"475","target":"515"},{"source":"475","target":"517"},{"source":"475","target":"519"},{"source":"475","target":"521"},{"source":"475","target":"523"},{"source":"475","target":"524"},{"source":"475","target":"525"},{"source":"475","target":"527"},{"source":"475","target":"531"},{"source":"475","target":"542"},{"source":"475","target":"544"},{"source":"475","target":"545"},{"source":"475","target":"546"},{"source":"475","target":"547"},{"source":"475","target":"548"},{"source":"475","target":"553"},{"source":"475","target":"555"},{"source":"475","target":"556"},{"source":"475","target":"557"},{"source":"475","target":"559"},{"source":"475","target":"561"},{"source":"475","target":"563"},{"source":"475","target":"565"},{"source":"475","target":"566"},{"source":"475","target":"567"},{"source":"475","target":"580"},{"source":"475","target":"591"},{"source":"475","target":"604"},{"source":"475","target":"606"},{"source":"475","target":"641"},{"source":"475","target":"651"},{"source":"475","target":"676"},{"source":"475","target":"930"},{"source":"475","target":"1122"},{"source":"475","target":"1155"},{"source":"475","target":"1179"},{"source":"475","target":"1237"},{"source":"475","target":"1300"},{"source":"475","target":"1313"},{"source":"475","target":"1320"},{"source":"475","target":"1332"},{"source":"475","target":"1358"},{"source":"475","target":"1374"},{"source":"475","target":"1425"},{"source":"475","target":"1427"},{"source":"475","target":"1435"},{"source":"475","target":"1514"},{"source":"475","target":"1536"},{"source":"475","target":"1545"},{"source":"475","target":"1549"},{"source":"475","target":"1645"},{"source":"475","target":"1673"},{"source":"475","target":"1692"},{"source":"475","target":"1767"},{"source":"475","target":"1844"},{"source":"475","target":"1882"},{"source":"476","target":"501"},{"source":"477","target":"485"},{"source":"477","target":"516"},{"source":"477","target":"518"},{"source":"477","target":"554"},{"source":"477","target":"563"},{"source":"478","target":"496"},{"source":"478","target":"508"},{"source":"478","target":"534"},{"source":"479","target":"483"},{"source":"479","target":"484"},{"source":"479","target":"492"},{"source":"479","target":"493"},{"source":"479","target":"503"},{"source":"479","target":"511"},{"source":"479","target":"512"},{"source":"479","target":"513"},{"source":"479","target":"515"},{"source":"479","target":"517"},{"source":"479","target":"520"},{"source":"479","target":"525"},{"source":"479","target":"527"},{"source":"479","target":"536"},{"source":"479","target":"538"},{"source":"479","target":"542"},{"source":"479","target":"545"},{"source":"479","target":"559"},{"source":"479","target":"561"},{"source":"480","target":"540"},{"source":"480","target":"543"},{"source":"480","target":"563"},{"source":"480","target":"593"},{"source":"481","target":"489"},{"source":"481","target":"504"},{"source":"481","target":"519"},{"source":"481","target":"522"},{"source":"481","target":"531"},{"source":"481","target":"539"},{"source":"481","target":"547"},{"source":"481","target":"555"},{"source":"482","target":"483"},{"source":"482","target":"484"},{"source":"482","target":"496"},{"source":"482","target":"497"},{"source":"482","target":"506"},{"source":"482","target":"507"},{"source":"482","target":"515"},{"source":"482","target":"517"},{"source":"482","target":"525"},{"source":"482","target":"548"},{"source":"482","target":"553"},{"source":"482","target":"556"},{"source":"482","target":"565"},{"source":"483","target":"484"},{"source":"483","target":"487"},{"source":"483","target":"492"},{"source":"483","target":"493"},{"source":"483","target":"494"},{"source":"483","target":"496"},{"source":"483","target":"497"},{"source":"483","target":"500"},{"source":"483","target":"503"},{"source":"483","target":"506"},{"source":"483","target":"507"},{"source":"483","target":"513"},{"source":"483","target":"514"},{"source":"483","target":"515"},{"source":"483","target":"517"},{"source":"483","target":"520"},{"source":"483","target":"524"},{"source":"483","target":"525"},{"source":"483","target":"526"},{"source":"483","target":"527"},{"source":"483","target":"535"},{"source":"483","target":"537"},{"source":"483","target":"538"},{"source":"483","target":"542"},{"source":"483","target":"544"},{"source":"483","target":"553"},{"source":"483","target":"557"},{"source":"483","target":"559"},{"source":"483","target":"560"},{"source":"483","target":"561"},{"source":"483","target":"563"},{"source":"483","target":"566"},{"source":"483","target":"567"},{"source":"483","target":"580"},{"source":"483","target":"591"},{"source":"483","target":"596"},{"source":"483","target":"601"},{"source":"483","target":"604"},{"source":"483","target":"606"},{"source":"483","target":"614"},{"source":"483","target":"637"},{"source":"483","target":"639"},{"source":"483","target":"641"},{"source":"483","target":"651"},{"source":"483","target":"669"},{"source":"483","target":"671"},{"source":"483","target":"896"},{"source":"483","target":"917"},{"source":"483","target":"919"},{"source":"483","target":"930"},{"source":"483","target":"933"},{"source":"483","target":"936"},{"source":"483","target":"942"},{"source":"483","target":"948"},{"source":"483","target":"954"},{"source":"483","target":"962"},{"source":"483","target":"976"},{"source":"483","target":"984"},{"source":"483","target":"1001"},{"source":"483","target":"1012"},{"source":"483","target":"1014"},{"source":"483","target":"1018"},{"source":"483","target":"1020"},{"source":"483","target":"1025"},{"source":"483","target":"1032"},{"source":"483","target":"1066"},{"source":"483","target":"1080"},{"source":"483","target":"1086"},{"source":"483","target":"1095"},{"source":"483","target":"1099"},{"source":"483","target":"1102"},{"source":"483","target":"1104"},{"source":"483","target":"1108"},{"source":"483","target":"1113"},{"source":"483","target":"1114"},{"source":"483","target":"1122"},{"source":"483","target":"1142"},{"source":"483","target":"1148"},{"source":"483","target":"1155"},{"source":"483","target":"1158"},{"source":"483","target":"1166"},{"source":"483","target":"1179"},{"source":"483","target":"1192"},{"source":"483","target":"1204"},{"source":"483","target":"1210"},{"source":"483","target":"1237"},{"source":"483","target":"1245"},{"source":"483","target":"1261"},{"source":"483","target":"1273"},{"source":"483","target":"1277"},{"source":"483","target":"1281"},{"source":"483","target":"1282"},{"source":"483","target":"1284"},{"source":"483","target":"1294"},{"source":"483","target":"1300"},{"source":"483","target":"1303"},{"source":"483","target":"1309"},{"source":"483","target":"1313"},{"source":"483","target":"1318"},{"source":"483","target":"1320"},{"source":"483","target":"1324"},{"source":"483","target":"1332"},{"source":"483","target":"1349"},{"source":"483","target":"1357"},{"source":"483","target":"1358"},{"source":"483","target":"1373"},{"source":"483","target":"1374"},{"source":"483","target":"1382"},{"source":"483","target":"1392"},{"source":"483","target":"1396"},{"source":"483","target":"1397"},{"source":"483","target":"1400"},{"source":"483","target":"1406"},{"source":"483","target":"1408"},{"source":"483","target":"1425"},{"source":"483","target":"1427"},{"source":"483","target":"1429"},{"source":"483","target":"1446"},{"source":"483","target":"1454"},{"source":"483","target":"1455"},{"source":"483","target":"1464"},{"source":"483","target":"1473"},{"source":"483","target":"1475"},{"source":"483","target":"1487"},{"source":"483","target":"1490"},{"source":"483","target":"1492"},{"source":"483","target":"1495"},{"source":"483","target":"1508"},{"source":"483","target":"1512"},{"source":"483","target":"1514"},{"source":"483","target":"1515"},{"source":"483","target":"1536"},{"source":"483","target":"1543"},{"source":"483","target":"1545"},{"source":"483","target":"1565"},{"source":"483","target":"1574"},{"source":"483","target":"1582"},{"source":"483","target":"1595"},{"source":"483","target":"1606"},{"source":"483","target":"1611"},{"source":"483","target":"1616"},{"source":"483","target":"1625"},{"source":"483","target":"1631"},{"source":"483","target":"1638"},{"source":"483","target":"1645"},{"source":"483","target":"1654"},{"source":"483","target":"1660"},{"source":"483","target":"1661"},{"source":"483","target":"1673"},{"source":"483","target":"1677"},{"source":"483","target":"1679"},{"source":"483","target":"1680"},{"source":"483","target":"1682"},{"source":"483","target":"1692"},{"source":"483","target":"1694"},{"source":"483","target":"1695"},{"source":"483","target":"1706"},{"source":"483","target":"1720"},{"source":"483","target":"1729"},{"source":"483","target":"1732"},{"source":"483","target":"1740"},{"source":"483","target":"1742"},{"source":"483","target":"1744"},{"source":"483","target":"1751"},{"source":"483","target":"1763"},{"source":"483","target":"1766"},{"source":"483","target":"1767"},{"source":"483","target":"1773"},{"source":"483","target":"1778"},{"source":"483","target":"1783"},{"source":"483","target":"1786"},{"source":"483","target":"1790"},{"source":"483","target":"1794"},{"source":"483","target":"1801"},{"source":"483","target":"1812"},{"source":"483","target":"1820"},{"source":"483","target":"1824"},{"source":"483","target":"1828"},{"source":"483","target":"1844"},{"source":"483","target":"1848"},{"source":"483","target":"1850"},{"source":"483","target":"1870"},{"source":"483","target":"1871"},{"source":"483","target":"1875"},{"source":"483","target":"1878"},{"source":"483","target":"1881"},{"source":"483","target":"1882"},{"source":"483","target":"1893"},{"source":"483","target":"1894"},{"source":"483","target":"1899"},{"source":"483","target":"1907"},{"source":"484","target":"493"},{"source":"484","target":"494"},{"source":"484","target":"497"},{"source":"484","target":"500"},{"source":"484","target":"503"},{"source":"484","target":"506"},{"source":"484","target":"511"},{"source":"484","target":"513"},{"source":"484","target":"514"},{"source":"484","target":"515"},{"source":"484","target":"517"},{"source":"484","target":"520"},{"source":"484","target":"525"},{"source":"484","target":"526"},{"source":"484","target":"527"},{"source":"484","target":"536"},{"source":"484","target":"537"},{"source":"484","target":"538"},{"source":"484","target":"544"},{"source":"484","target":"559"},{"source":"484","target":"560"},{"source":"484","target":"566"},{"source":"484","target":"567"},{"source":"484","target":"580"},{"source":"484","target":"606"},{"source":"484","target":"637"},{"source":"484","target":"651"},{"source":"484","target":"913"},{"source":"484","target":"936"},{"source":"484","target":"953"},{"source":"484","target":"968"},{"source":"484","target":"1001"},{"source":"484","target":"1029"},{"source":"484","target":"1080"},{"source":"484","target":"1095"},{"source":"484","target":"1114"},{"source":"484","target":"1122"},{"source":"484","target":"1155"},{"source":"484","target":"1160"},{"source":"484","target":"1173"},{"source":"484","target":"1179"},{"source":"484","target":"1217"},{"source":"484","target":"1223"},{"source":"484","target":"1237"},{"source":"484","target":"1238"},{"source":"484","target":"1300"},{"source":"484","target":"1313"},{"source":"484","target":"1320"},{"source":"484","target":"1349"},{"source":"484","target":"1357"},{"source":"484","target":"1358"},{"source":"484","target":"1374"},{"source":"484","target":"1397"},{"source":"484","target":"1408"},{"source":"484","target":"1422"},{"source":"484","target":"1487"},{"source":"484","target":"1506"},{"source":"484","target":"1512"},{"source":"484","target":"1514"},{"source":"484","target":"1536"},{"source":"484","target":"1543"},{"source":"484","target":"1545"},{"source":"484","target":"1574"},{"source":"484","target":"1598"},{"source":"484","target":"1604"},{"source":"484","target":"1616"},{"source":"484","target":"1620"},{"source":"484","target":"1645"},{"source":"484","target":"1673"},{"source":"484","target":"1677"},{"source":"484","target":"1692"},{"source":"484","target":"1694"},{"source":"484","target":"1740"},{"source":"484","target":"1778"},{"source":"484","target":"1813"},{"source":"484","target":"1882"},{"source":"484","target":"1885"},{"source":"484","target":"1897"},{"source":"485","target":"518"},{"source":"485","target":"563"},{"source":"486","target":"505"},{"source":"486","target":"509"},{"source":"486","target":"516"},{"source":"486","target":"551"},{"source":"486","target":"554"},{"source":"487","target":"492"},{"source":"487","target":"493"},{"source":"487","target":"500"},{"source":"487","target":"503"},{"source":"487","target":"513"},{"source":"487","target":"525"},{"source":"487","target":"538"},{"source":"487","target":"556"},{"source":"487","target":"559"},{"source":"488","target":"496"},{"source":"488","target":"497"},{"source":"488","target":"511"},{"source":"488","target":"512"},{"source":"488","target":"513"},{"source":"488","target":"517"},{"source":"488","target":"524"},{"source":"488","target":"527"},{"source":"488","target":"553"},{"source":"488","target":"556"},{"source":"488","target":"559"},{"source":"489","target":"519"},{"source":"489","target":"531"},{"source":"489","target":"535"},{"source":"489","target":"546"},{"source":"489","target":"547"},{"source":"489","target":"555"},{"source":"489","target":"557"},{"source":"490","target":"491"},{"source":"490","target":"502"},{"source":"490","target":"523"},{"source":"490","target":"548"},{"source":"491","target":"502"},{"source":"491","target":"548"},{"source":"492","target":"495"},{"source":"492","target":"497"},{"source":"492","target":"500"},{"source":"492","target":"503"},{"source":"492","target":"506"},{"source":"492","target":"513"},{"source":"492","target":"514"},{"source":"492","target":"515"},{"source":"492","target":"517"},{"source":"492","target":"524"},{"source":"492","target":"537"},{"source":"492","target":"538"},{"source":"492","target":"542"},{"source":"492","target":"544"},{"source":"492","target":"553"},{"source":"492","target":"559"},{"source":"492","target":"560"},{"source":"492","target":"561"},{"source":"492","target":"566"},{"source":"492","target":"567"},{"source":"492","target":"580"},{"source":"492","target":"591"},{"source":"492","target":"604"},{"source":"492","target":"606"},{"source":"492","target":"614"},{"source":"492","target":"637"},{"source":"492","target":"641"},{"source":"492","target":"651"},{"source":"492","target":"669"},{"source":"492","target":"676"},{"source":"493","target":"494"},{"source":"493","target":"497"},{"source":"493","target":"500"},{"source":"493","target":"503"},{"source":"493","target":"507"},{"source":"493","target":"511"},{"source":"493","target":"512"},{"source":"493","target":"514"},{"source":"493","target":"517"},{"source":"493","target":"525"},{"source":"493","target":"526"},{"source":"493","target":"536"},{"source":"493","target":"537"},{"source":"493","target":"538"},{"source":"493","target":"539"},{"source":"493","target":"545"},{"source":"493","target":"556"},{"source":"493","target":"557"},{"source":"493","target":"559"},{"source":"493","target":"560"},{"source":"493","target":"561"},{"source":"493","target":"566"},{"source":"494","target":"497"},{"source":"494","target":"503"},{"source":"494","target":"517"},{"source":"494","target":"526"},{"source":"494","target":"536"},{"source":"494","target":"537"},{"source":"494","target":"538"},{"source":"494","target":"559"},{"source":"494","target":"561"},{"source":"495","target":"507"},{"source":"495","target":"514"},{"source":"495","target":"520"},{"source":"495","target":"542"},{"source":"495","target":"544"},{"source":"495","target":"558"},{"source":"495","target":"570"},{"source":"496","target":"497"},{"source":"496","target":"506"},{"source":"496","target":"507"},{"source":"496","target":"508"},{"source":"496","target":"513"},{"source":"496","target":"514"},{"source":"496","target":"515"},{"source":"496","target":"517"},{"source":"496","target":"523"},{"source":"496","target":"553"},{"source":"496","target":"565"},{"source":"496","target":"566"},{"source":"496","target":"580"},{"source":"496","target":"591"},{"source":"496","target":"637"},{"source":"496","target":"641"},{"source":"496","target":"669"},{"source":"497","target":"500"},{"source":"497","target":"503"},{"source":"497","target":"506"},{"source":"497","target":"507"},{"source":"497","target":"510"},{"source":"497","target":"513"},{"source":"497","target":"515"},{"source":"497","target":"517"},{"source":"497","target":"520"},{"source":"497","target":"523"},{"source":"497","target":"524"},{"source":"497","target":"525"},{"source":"497","target":"526"},{"source":"497","target":"527"},{"source":"497","target":"537"},{"source":"497","target":"538"},{"source":"497","target":"542"},{"source":"497","target":"544"},{"source":"497","target":"545"},{"source":"497","target":"546"},{"source":"497","target":"555"},{"source":"497","target":"557"},{"source":"497","target":"559"},{"source":"497","target":"560"},{"source":"497","target":"561"},{"source":"497","target":"565"},{"source":"497","target":"566"},{"source":"497","target":"567"},{"source":"497","target":"570"},{"source":"498","target":"532"},{"source":"499","target":"532"},{"source":"500","target":"503"},{"source":"500","target":"506"},{"source":"500","target":"507"},{"source":"500","target":"513"},{"source":"500","target":"514"},{"source":"500","target":"517"},{"source":"500","target":"519"},{"source":"500","target":"520"},{"source":"500","target":"521"},{"source":"500","target":"524"},{"source":"500","target":"525"},{"source":"500","target":"527"},{"source":"500","target":"531"},{"source":"500","target":"537"},{"source":"500","target":"538"},{"source":"500","target":"542"},{"source":"500","target":"546"},{"source":"500","target":"547"},{"source":"500","target":"548"},{"source":"500","target":"553"},{"source":"500","target":"555"},{"source":"500","target":"556"},{"source":"500","target":"557"},{"source":"500","target":"560"},{"source":"500","target":"563"},{"source":"500","target":"565"},{"source":"500","target":"566"},{"source":"500","target":"580"},{"source":"500","target":"591"},{"source":"500","target":"601"},{"source":"500","target":"604"},{"source":"500","target":"614"},{"source":"500","target":"637"},{"source":"500","target":"645"},{"source":"500","target":"651"},{"source":"500","target":"683"},{"source":"501","target":"564"},{"source":"502","target":"539"},{"source":"502","target":"548"},{"source":"503","target":"511"},{"source":"503","target":"513"},{"source":"503","target":"514"},{"source":"503","target":"517"},{"source":"503","target":"524"},{"source":"503","target":"525"},{"source":"503","target":"526"},{"source":"503","target":"527"},{"source":"503","target":"537"},{"source":"503","target":"538"},{"source":"503","target":"539"},{"source":"503","target":"542"},{"source":"503","target":"553"},{"source":"503","target":"556"},{"source":"503","target":"557"},{"source":"503","target":"559"},{"source":"503","target":"560"},{"source":"503","target":"561"},{"source":"503","target":"566"},{"source":"503","target":"567"},{"source":"504","target":"506"},{"source":"504","target":"507"},{"source":"504","target":"510"},{"source":"504","target":"513"},{"source":"504","target":"514"},{"source":"504","target":"521"},{"source":"504","target":"522"},{"source":"504","target":"528"},{"source":"504","target":"529"},{"source":"504","target":"531"},{"source":"504","target":"539"},{"source":"504","target":"541"},{"source":"504","target":"543"},{"source":"504","target":"544"},{"source":"504","target":"546"},{"source":"504","target":"547"},{"source":"504","target":"548"},{"source":"504","target":"553"},{"source":"504","target":"555"},{"source":"504","target":"562"},{"source":"504","target":"563"},{"source":"504","target":"570"},{"source":"504","target":"571"},{"source":"505","target":"509"},{"source":"505","target":"516"},{"source":"505","target":"551"},{"source":"505","target":"554"},{"source":"506","target":"507"},{"source":"506","target":"508"},{"source":"506","target":"513"},{"source":"506","target":"514"},{"source":"506","target":"517"},{"source":"506","target":"519"},{"source":"506","target":"520"},{"source":"506","target":"521"},{"source":"506","target":"523"},{"source":"506","target":"524"},{"source":"506","target":"525"},{"source":"506","target":"527"},{"source":"506","target":"537"},{"source":"506","target":"544"},{"source":"506","target":"545"},{"source":"506","target":"553"},{"source":"506","target":"557"},{"source":"506","target":"559"},{"source":"506","target":"561"},{"source":"506","target":"563"},{"source":"506","target":"566"},{"source":"506","target":"591"},{"source":"506","target":"604"},{"source":"506","target":"606"},{"source":"506","target":"610"},{"source":"506","target":"645"},{"source":"507","target":"510"},{"source":"507","target":"513"},{"source":"507","target":"514"},{"source":"507","target":"515"},{"source":"507","target":"517"},{"source":"507","target":"520"},{"source":"507","target":"523"},{"source":"507","target":"524"},{"source":"507","target":"525"},{"source":"507","target":"526"},{"source":"507","target":"544"},{"source":"507","target":"545"},{"source":"507","target":"553"},{"source":"507","target":"556"},{"source":"507","target":"557"},{"source":"507","target":"559"},{"source":"507","target":"561"},{"source":"507","target":"563"},{"source":"507","target":"565"},{"source":"507","target":"566"},{"source":"507","target":"570"},{"source":"508","target":"520"},{"source":"508","target":"534"},{"source":"508","target":"541"},{"source":"508","target":"542"},{"source":"508","target":"544"},{"source":"508","target":"563"},{"source":"509","target":"516"},{"source":"509","target":"518"},{"source":"509","target":"551"},{"source":"509","target":"554"},{"source":"510","target":"513"},{"source":"510","target":"521"},{"source":"510","target":"528"},{"source":"510","target":"533"},{"source":"510","target":"553"},{"source":"510","target":"555"},{"source":"510","target":"563"},{"source":"511","target":"512"},{"source":"511","target":"517"},{"source":"511","target":"525"},{"source":"511","target":"536"},{"source":"511","target":"538"},{"source":"511","target":"545"},{"source":"511","target":"556"},{"source":"511","target":"559"},{"source":"511","target":"561"},{"source":"511","target":"566"},{"source":"512","target":"513"},{"source":"512","target":"515"},{"source":"512","target":"517"},{"source":"512","target":"525"},{"source":"512","target":"526"},{"source":"512","target":"536"},{"source":"512","target":"538"},{"source":"512","target":"545"},{"source":"512","target":"556"},{"source":"512","target":"560"},{"source":"512","target":"561"},{"source":"513","target":"514"},{"source":"513","target":"515"},{"source":"513","target":"517"},{"source":"513","target":"520"},{"source":"513","target":"523"},{"source":"513","target":"524"},{"source":"513","target":"525"},{"source":"513","target":"527"},{"source":"513","target":"537"},{"source":"513","target":"542"},{"source":"513","target":"544"},{"source":"513","target":"553"},{"source":"513","target":"557"},{"source":"513","target":"559"},{"source":"513","target":"561"},{"source":"513","target":"563"},{"source":"513","target":"566"},{"source":"513","target":"567"},{"source":"513","target":"580"},{"source":"513","target":"591"},{"source":"513","target":"601"},{"source":"513","target":"604"},{"source":"513","target":"606"},{"source":"513","target":"610"},{"source":"513","target":"614"},{"source":"513","target":"634"},{"source":"513","target":"637"},{"source":"513","target":"641"},{"source":"513","target":"645"},{"source":"513","target":"646"},{"source":"513","target":"651"},{"source":"513","target":"669"},{"source":"513","target":"683"},{"source":"514","target":"517"},{"source":"514","target":"520"},{"source":"514","target":"524"},{"source":"514","target":"525"},{"source":"514","target":"527"},{"source":"514","target":"537"},{"source":"514","target":"538"},{"source":"514","target":"541"},{"source":"514","target":"544"},{"source":"514","target":"548"},{"source":"514","target":"559"},{"source":"514","target":"561"},{"source":"514","target":"566"},{"source":"514","target":"569"},{"source":"514","target":"570"},{"source":"514","target":"580"},{"source":"514","target":"614"},{"source":"514","target":"669"},{"source":"514","target":"683"},{"source":"515","target":"517"},{"source":"515","target":"519"},{"source":"515","target":"524"},{"source":"515","target":"525"},{"source":"515","target":"527"},{"source":"515","target":"545"},{"source":"515","target":"548"},{"source":"515","target":"553"},{"source":"515","target":"555"},{"source":"515","target":"557"},{"source":"515","target":"559"},{"source":"515","target":"566"},{"source":"515","target":"580"},{"source":"515","target":"591"},{"source":"515","target":"614"},{"source":"515","target":"620"},{"source":"515","target":"637"},{"source":"515","target":"641"},{"source":"515","target":"654"},{"source":"516","target":"518"},{"source":"516","target":"551"},{"source":"516","target":"554"},{"source":"516","target":"563"},{"source":"517","target":"520"},{"source":"517","target":"524"},{"source":"517","target":"525"},{"source":"517","target":"526"},{"source":"517","target":"527"},{"source":"517","target":"536"},{"source":"517","target":"537"},{"source":"517","target":"538"},{"source":"517","target":"544"},{"source":"517","target":"545"},{"source":"517","target":"553"},{"source":"517","target":"556"},{"source":"517","target":"559"},{"source":"517","target":"561"},{"source":"517","target":"566"},{"source":"517","target":"580"},{"source":"517","target":"601"},{"source":"517","target":"606"},{"source":"517","target":"637"},{"source":"517","target":"651"},{"source":"517","target":"905"},{"source":"517","target":"936"},{"source":"517","target":"976"},{"source":"517","target":"1025"},{"source":"517","target":"1095"},{"source":"517","target":"1114"},{"source":"517","target":"1179"},{"source":"517","target":"1237"},{"source":"517","target":"1268"},{"source":"517","target":"1313"},{"source":"517","target":"1320"},{"source":"517","target":"1358"},{"source":"517","target":"1374"},{"source":"517","target":"1446"},{"source":"517","target":"1487"},{"source":"517","target":"1512"},{"source":"517","target":"1514"},{"source":"517","target":"1543"},{"source":"517","target":"1574"},{"source":"517","target":"1616"},{"source":"517","target":"1645"},{"source":"517","target":"1677"},{"source":"517","target":"1692"},{"source":"517","target":"1694"},{"source":"517","target":"1778"},{"source":"517","target":"1870"},{"source":"518","target":"551"},{"source":"518","target":"554"},{"source":"518","target":"563"},{"source":"519","target":"531"},{"source":"519","target":"546"},{"source":"519","target":"547"},{"source":"519","target":"548"},{"source":"519","target":"555"},{"source":"519","target":"557"},{"source":"520","target":"523"},{"source":"520","target":"524"},{"source":"520","target":"527"},{"source":"520","target":"542"},{"source":"520","target":"544"},{"source":"520","target":"545"},{"source":"520","target":"553"},{"source":"520","target":"561"},{"source":"520","target":"563"},{"source":"520","target":"567"},{"source":"520","target":"570"},{"source":"521","target":"544"},{"source":"522","target":"529"},{"source":"522","target":"531"},{"source":"522","target":"539"},{"source":"522","target":"546"},{"source":"522","target":"568"},{"source":"523","target":"524"},{"source":"523","target":"534"},{"source":"523","target":"544"},{"source":"523","target":"545"},{"source":"523","target":"553"},{"source":"523","target":"561"},{"source":"523","target":"563"},{"source":"523","target":"570"},{"source":"524","target":"525"},{"source":"524","target":"527"},{"source":"524","target":"542"},{"source":"524","target":"544"},{"source":"524","target":"553"},{"source":"524","target":"559"},{"source":"524","target":"561"},{"source":"524","target":"565"},{"source":"524","target":"566"},{"source":"524","target":"567"},{"source":"524","target":"590"},{"source":"524","target":"591"},{"source":"524","target":"606"},{"source":"524","target":"614"},{"source":"524","target":"637"},{"source":"524","target":"651"},{"source":"524","target":"683"},{"source":"525","target":"526"},{"source":"525","target":"527"},{"source":"525","target":"536"},{"source":"525","target":"537"},{"source":"525","target":"538"},{"source":"525","target":"542"},{"source":"525","target":"544"},{"source":"525","target":"545"},{"source":"525","target":"548"},{"source":"525","target":"559"},{"source":"525","target":"561"},{"source":"525","target":"563"},{"source":"525","target":"566"},{"source":"525","target":"567"},{"source":"526","target":"538"},{"source":"526","target":"553"},{"source":"526","target":"559"},{"source":"526","target":"561"},{"source":"526","target":"566"},{"source":"526","target":"606"},{"source":"526","target":"637"},{"source":"526","target":"651"},{"source":"526","target":"906"},{"source":"526","target":"968"},{"source":"526","target":"993"},{"source":"526","target":"1012"},{"source":"526","target":"1049"},{"source":"526","target":"1054"},{"source":"526","target":"1074"},{"source":"526","target":"1075"},{"source":"526","target":"1078"},{"source":"526","target":"1110"},{"source":"526","target":"1114"},{"source":"526","target":"1128"},{"source":"526","target":"1179"},{"source":"526","target":"1191"},{"source":"526","target":"1209"},{"source":"526","target":"1217"},{"source":"526","target":"1226"},{"source":"526","target":"1237"},{"source":"526","target":"1242"},{"source":"526","target":"1250"},{"source":"526","target":"1265"},{"source":"526","target":"1278"},{"source":"526","target":"1290"},{"source":"526","target":"1320"},{"source":"526","target":"1329"},{"source":"526","target":"1334"},{"source":"526","target":"1344"},{"source":"526","target":"1357"},{"source":"526","target":"1358"},{"source":"526","target":"1367"},{"source":"526","target":"1377"},{"source":"526","target":"1393"},{"source":"526","target":"1407"},{"source":"526","target":"1416"},{"source":"526","target":"1435"},{"source":"526","target":"1444"},{"source":"526","target":"1487"},{"source":"526","target":"1519"},{"source":"526","target":"1528"},{"source":"526","target":"1540"},{"source":"526","target":"1557"},{"source":"526","target":"1574"},{"source":"526","target":"1584"},{"source":"526","target":"1600"},{"source":"526","target":"1609"},{"source":"526","target":"1616"},{"source":"526","target":"1620"},{"source":"526","target":"1630"},{"source":"526","target":"1644"},{"source":"526","target":"1688"},{"source":"526","target":"1710"},{"source":"526","target":"1724"},{"source":"526","target":"1730"},{"source":"526","target":"1740"},{"source":"526","target":"1754"},{"source":"526","target":"1768"},{"source":"526","target":"1778"},{"source":"526","target":"1791"},{"source":"526","target":"1800"},{"source":"526","target":"1861"},{"source":"526","target":"1864"},{"source":"526","target":"1882"},{"source":"527","target":"538"},{"source":"527","target":"542"},{"source":"527","target":"553"},{"source":"527","target":"559"},{"source":"527","target":"561"},{"source":"527","target":"567"},{"source":"528","target":"543"},{"source":"528","target":"553"},{"source":"528","target":"563"},{"source":"529","target":"531"},{"source":"529","target":"539"},{"source":"531","target":"539"},{"source":"531","target":"543"},{"source":"531","target":"546"},{"source":"531","target":"547"},{"source":"531","target":"555"},{"source":"531","target":"557"},{"source":"531","target":"563"},{"source":"531","target":"568"},{"source":"531","target":"570"},{"source":"532","target":"572"},{"source":"534","target":"563"},{"source":"536","target":"538"},{"source":"536","target":"545"},{"source":"536","target":"561"},{"source":"537","target":"538"},{"source":"537","target":"545"},{"source":"537","target":"559"},{"source":"537","target":"560"},{"source":"537","target":"561"},{"source":"537","target":"566"},{"source":"537","target":"567"},{"source":"537","target":"569"},{"source":"538","target":"542"},{"source":"538","target":"545"},{"source":"538","target":"559"},{"source":"538","target":"560"},{"source":"538","target":"561"},{"source":"538","target":"566"},{"source":"538","target":"580"},{"source":"538","target":"606"},{"source":"538","target":"637"},{"source":"538","target":"651"},{"source":"538","target":"948"},{"source":"538","target":"1025"},{"source":"538","target":"1080"},{"source":"538","target":"1114"},{"source":"538","target":"1122"},{"source":"538","target":"1179"},{"source":"538","target":"1223"},{"source":"538","target":"1226"},{"source":"538","target":"1237"},{"source":"538","target":"1313"},{"source":"538","target":"1320"},{"source":"538","target":"1349"},{"source":"538","target":"1358"},{"source":"538","target":"1374"},{"source":"538","target":"1400"},{"source":"538","target":"1408"},{"source":"538","target":"1487"},{"source":"538","target":"1543"},{"source":"538","target":"1545"},{"source":"538","target":"1565"},{"source":"538","target":"1574"},{"source":"538","target":"1677"},{"source":"538","target":"1679"},{"source":"538","target":"1692"},{"source":"538","target":"1695"},{"source":"538","target":"1763"},{"source":"538","target":"1767"},{"source":"538","target":"1778"},{"source":"538","target":"1870"},{"source":"538","target":"1878"},{"source":"539","target":"560"},{"source":"539","target":"568"},{"source":"540","target":"559"},{"source":"540","target":"560"},{"source":"541","target":"563"},{"source":"541","target":"568"},{"source":"542","target":"553"},{"source":"542","target":"556"},{"source":"542","target":"559"},{"source":"542","target":"560"},{"source":"542","target":"561"},{"source":"542","target":"567"},{"source":"542","target":"580"},{"source":"542","target":"591"},{"source":"542","target":"606"},{"source":"542","target":"683"},{"source":"543","target":"545"},{"source":"543","target":"546"},{"source":"543","target":"558"},{"source":"543","target":"563"},{"source":"543","target":"570"},{"source":"544","target":"545"},{"source":"544","target":"553"},{"source":"544","target":"556"},{"source":"544","target":"557"},{"source":"544","target":"559"},{"source":"544","target":"561"},{"source":"544","target":"563"},{"source":"544","target":"566"},{"source":"544","target":"570"},{"source":"544","target":"580"},{"source":"544","target":"604"},{"source":"544","target":"645"},{"source":"544","target":"669"},{"source":"544","target":"676"},{"source":"544","target":"683"},{"source":"545","target":"553"},{"source":"545","target":"558"},{"source":"545","target":"559"},{"source":"545","target":"561"},{"source":"545","target":"563"},{"source":"545","target":"566"},{"source":"545","target":"570"},{"source":"546","target":"547"},{"source":"546","target":"555"},{"source":"546","target":"557"},{"source":"546","target":"563"},{"source":"547","target":"548"},{"source":"547","target":"555"},{"source":"547","target":"557"},{"source":"548","target":"555"},{"source":"548","target":"556"},{"source":"549","target":"563"},{"source":"551","target":"554"},{"source":"553","target":"555"},{"source":"553","target":"556"},{"source":"553","target":"558"},{"source":"553","target":"559"},{"source":"553","target":"560"},{"source":"553","target":"561"},{"source":"553","target":"565"},{"source":"553","target":"566"},{"source":"553","target":"567"},{"source":"553","target":"569"},{"source":"553","target":"570"},{"source":"553","target":"591"},{"source":"553","target":"609"},{"source":"553","target":"614"},{"source":"553","target":"620"},{"source":"553","target":"634"},{"source":"553","target":"644"},{"source":"553","target":"645"},{"source":"553","target":"666"},{"source":"553","target":"669"},{"source":"553","target":"683"},{"source":"554","target":"563"},{"source":"555","target":"557"},{"source":"556","target":"559"},{"source":"556","target":"563"},{"source":"556","target":"614"},{"source":"556","target":"652"},{"source":"556","target":"673"},{"source":"556","target":"676"},{"source":"556","target":"683"},{"source":"557","target":"570"},{"source":"558","target":"570"},{"source":"558","target":"604"},{"source":"559","target":"561"},{"source":"559","target":"566"},{"source":"559","target":"567"},{"source":"559","target":"580"},{"source":"559","target":"591"},{"source":"559","target":"604"},{"source":"559","target":"606"},{"source":"559","target":"614"},{"source":"559","target":"637"},{"source":"559","target":"651"},{"source":"559","target":"669"},{"source":"559","target":"676"},{"source":"559","target":"683"},{"source":"560","target":"561"},{"source":"560","target":"565"},{"source":"561","target":"565"},{"source":"561","target":"566"},{"source":"561","target":"567"},{"source":"561","target":"580"},{"source":"561","target":"591"},{"source":"561","target":"604"},{"source":"561","target":"606"},{"source":"561","target":"651"},{"source":"561","target":"669"},{"source":"561","target":"683"},{"source":"563","target":"566"},{"source":"563","target":"567"},{"source":"563","target":"569"},{"source":"563","target":"594"},{"source":"563","target":"604"},{"source":"563","target":"634"},{"source":"563","target":"645"},{"source":"563","target":"1013"},{"source":"563","target":"1070"},{"source":"563","target":"1136"},{"source":"563","target":"1217"},{"source":"563","target":"1338"},{"source":"563","target":"1574"},{"source":"563","target":"1687"},{"source":"563","target":"1688"},{"source":"563","target":"1745"},{"source":"563","target":"1777"},{"source":"563","target":"1808"},{"source":"563","target":"1912"},{"source":"563","target":"1967"},{"source":"566","target":"567"},{"source":"566","target":"580"},{"source":"566","target":"591"},{"source":"566","target":"593"},{"source":"566","target":"637"},{"source":"566","target":"651"},{"source":"566","target":"676"},{"source":"566","target":"936"},{"source":"566","target":"968"},{"source":"566","target":"1128"},{"source":"566","target":"1155"},{"source":"566","target":"1237"},{"source":"566","target":"1313"},{"source":"566","target":"1320"},{"source":"566","target":"1358"},{"source":"566","target":"1435"},{"source":"566","target":"1512"},{"source":"566","target":"1536"},{"source":"566","target":"1574"},{"source":"566","target":"1630"},{"source":"566","target":"1673"},{"source":"566","target":"1692"},{"source":"566","target":"1740"},{"source":"566","target":"1844"},{"source":"567","target":"580"},{"source":"567","target":"590"},{"source":"567","target":"591"},{"source":"567","target":"604"},{"source":"567","target":"610"},{"source":"567","target":"645"},{"source":"567","target":"646"},{"source":"567","target":"651"},{"source":"567","target":"683"},{"source":"567","target":"3437"},{"source":"567","target":"3454"},{"source":"567","target":"3487"},{"source":"567","target":"3723"},{"source":"567","target":"3861"},{"source":"567","target":"3961"},{"source":"573","target":"575"},{"source":"573","target":"579"},{"source":"573","target":"588"},{"source":"573","target":"589"},{"source":"573","target":"592"},{"source":"573","target":"597"},{"source":"573","target":"598"},{"source":"573","target":"603"},{"source":"573","target":"605"},{"source":"573","target":"609"},{"source":"573","target":"611"},{"source":"573","target":"617"},{"source":"573","target":"618"},{"source":"573","target":"619"},{"source":"573","target":"622"},{"source":"573","target":"623"},{"source":"573","target":"625"},{"source":"573","target":"626"},{"source":"573","target":"630"},{"source":"573","target":"633"},{"source":"573","target":"636"},{"source":"573","target":"644"},{"source":"573","target":"653"},{"source":"573","target":"654"},{"source":"573","target":"664"},{"source":"573","target":"666"},{"source":"573","target":"672"},{"source":"573","target":"677"},{"source":"573","target":"680"},{"source":"573","target":"684"},{"source":"573","target":"685"},{"source":"574","target":"579"},{"source":"574","target":"584"},{"source":"574","target":"596"},{"source":"574","target":"616"},{"source":"574","target":"621"},{"source":"574","target":"630"},{"source":"574","target":"631"},{"source":"574","target":"663"},{"source":"574","target":"678"},{"source":"575","target":"579"},{"source":"575","target":"589"},{"source":"575","target":"592"},{"source":"575","target":"612"},{"source":"575","target":"617"},{"source":"575","target":"630"},{"source":"575","target":"654"},{"source":"575","target":"664"},{"source":"575","target":"680"},{"source":"575","target":"685"},{"source":"576","target":"578"},{"source":"576","target":"583"},{"source":"576","target":"600"},{"source":"576","target":"615"},{"source":"576","target":"627"},{"source":"576","target":"640"},{"source":"576","target":"643"},{"source":"576","target":"650"},{"source":"576","target":"658"},{"source":"576","target":"659"},{"source":"576","target":"661"},{"source":"576","target":"675"},{"source":"576","target":"681"},{"source":"577","target":"578"},{"source":"577","target":"582"},{"source":"577","target":"583"},{"source":"577","target":"595"},{"source":"577","target":"599"},{"source":"577","target":"600"},{"source":"577","target":"615"},{"source":"577","target":"627"},{"source":"577","target":"632"},{"source":"577","target":"635"},{"source":"577","target":"640"},{"source":"577","target":"643"},{"source":"577","target":"647"},{"source":"577","target":"650"},{"source":"577","target":"658"},{"source":"577","target":"659"},{"source":"577","target":"661"},{"source":"577","target":"662"},{"source":"577","target":"670"},{"source":"577","target":"675"},{"source":"577","target":"681"},{"source":"578","target":"582"},{"source":"578","target":"583"},{"source":"578","target":"595"},{"source":"578","target":"599"},{"source":"578","target":"600"},{"source":"578","target":"615"},{"source":"578","target":"627"},{"source":"578","target":"632"},{"source":"578","target":"635"},{"source":"578","target":"640"},{"source":"578","target":"643"},{"source":"578","target":"647"},{"source":"578","target":"650"},{"source":"578","target":"658"},{"source":"578","target":"659"},{"source":"578","target":"661"},{"source":"578","target":"662"},{"source":"578","target":"665"},{"source":"578","target":"670"},{"source":"578","target":"675"},{"source":"578","target":"681"},{"source":"579","target":"588"},{"source":"579","target":"589"},{"source":"579","target":"590"},{"source":"579","target":"592"},{"source":"579","target":"597"},{"source":"579","target":"598"},{"source":"579","target":"603"},{"source":"579","target":"605"},{"source":"579","target":"609"},{"source":"579","target":"611"},{"source":"579","target":"612"},{"source":"579","target":"616"},{"source":"579","target":"617"},{"source":"579","target":"619"},{"source":"579","target":"620"},{"source":"579","target":"621"},{"source":"579","target":"622"},{"source":"579","target":"623"},{"source":"579","target":"625"},{"source":"579","target":"626"},{"source":"579","target":"630"},{"source":"579","target":"633"},{"source":"579","target":"636"},{"source":"579","target":"639"},{"source":"579","target":"644"},{"source":"579","target":"653"},{"source":"579","target":"654"},{"source":"579","target":"663"},{"source":"579","target":"664"},{"source":"579","target":"666"},{"source":"579","target":"677"},{"source":"579","target":"680"},{"source":"579","target":"684"},{"source":"579","target":"685"},{"source":"580","target":"591"},{"source":"580","target":"601"},{"source":"580","target":"606"},{"source":"580","target":"637"},{"source":"580","target":"641"},{"source":"580","target":"656"},{"source":"580","target":"930"},{"source":"580","target":"931"},{"source":"580","target":"936"},{"source":"580","target":"976"},{"source":"580","target":"1025"},{"source":"580","target":"1080"},{"source":"580","target":"1095"},{"source":"580","target":"1113"},{"source":"580","target":"1122"},{"source":"580","target":"1142"},{"source":"580","target":"1155"},{"source":"580","target":"1179"},{"source":"580","target":"1210"},{"source":"580","target":"1237"},{"source":"580","target":"1294"},{"source":"580","target":"1300"},{"source":"580","target":"1313"},{"source":"580","target":"1318"},{"source":"580","target":"1320"},{"source":"580","target":"1332"},{"source":"580","target":"1349"},{"source":"580","target":"1358"},{"source":"580","target":"1374"},{"source":"580","target":"1427"},{"source":"580","target":"1446"},{"source":"580","target":"1514"},{"source":"580","target":"1543"},{"source":"580","target":"1565"},{"source":"580","target":"1574"},{"source":"580","target":"1606"},{"source":"580","target":"1616"},{"source":"580","target":"1645"},{"source":"580","target":"1673"},{"source":"580","target":"1677"},{"source":"580","target":"1679"},{"source":"580","target":"1692"},{"source":"580","target":"1694"},{"source":"580","target":"1740"},{"source":"580","target":"1743"},{"source":"580","target":"1744"},{"source":"580","target":"1790"},{"source":"580","target":"1844"},{"source":"580","target":"1853"},{"source":"580","target":"1870"},{"source":"580","target":"1878"},{"source":"580","target":"1881"},{"source":"580","target":"1882"},{"source":"581","target":"642"},{"source":"582","target":"583"},{"source":"582","target":"595"},{"source":"582","target":"599"},{"source":"582","target":"600"},{"source":"582","target":"615"},{"source":"582","target":"627"},{"source":"582","target":"632"},{"source":"582","target":"635"},{"source":"582","target":"640"},{"source":"582","target":"643"},{"source":"582","target":"650"},{"source":"582","target":"658"},{"source":"582","target":"659"},{"source":"582","target":"661"},{"source":"582","target":"662"},{"source":"582","target":"670"},{"source":"582","target":"675"},{"source":"582","target":"681"},{"source":"583","target":"595"},{"source":"583","target":"599"},{"source":"583","target":"600"},{"source":"583","target":"615"},{"source":"583","target":"627"},{"source":"583","target":"628"},{"source":"583","target":"632"},{"source":"583","target":"635"},{"source":"583","target":"640"},{"source":"583","target":"643"},{"source":"583","target":"647"},{"source":"583","target":"650"},{"source":"583","target":"658"},{"source":"583","target":"659"},{"source":"583","target":"661"},{"source":"583","target":"662"},{"source":"583","target":"665"},{"source":"583","target":"670"},{"source":"583","target":"675"},{"source":"583","target":"681"},{"source":"584","target":"592"},{"source":"584","target":"596"},{"source":"584","target":"616"},{"source":"584","target":"618"},{"source":"584","target":"630"},{"source":"584","target":"631"},{"source":"584","target":"637"},{"source":"584","target":"639"},{"source":"584","target":"660"},{"source":"584","target":"678"},{"source":"584","target":"679"},{"source":"584","target":"682"},{"source":"586","target":"587"},{"source":"586","target":"634"},{"source":"586","target":"645"},{"source":"586","target":"646"},{"source":"587","target":"591"},{"source":"587","target":"634"},{"source":"587","target":"645"},{"source":"587","target":"646"},{"source":"587","target":"651"},{"source":"588","target":"592"},{"source":"588","target":"617"},{"source":"588","target":"618"},{"source":"588","target":"619"},{"source":"588","target":"633"},{"source":"588","target":"644"},{"source":"588","target":"653"},{"source":"588","target":"654"},{"source":"588","target":"678"},{"source":"588","target":"682"},{"source":"588","target":"685"},{"source":"589","target":"592"},{"source":"589","target":"596"},{"source":"589","target":"597"},{"source":"589","target":"603"},{"source":"589","target":"605"},{"source":"589","target":"609"},{"source":"589","target":"611"},{"source":"589","target":"617"},{"source":"589","target":"620"},{"source":"589","target":"622"},{"source":"589","target":"623"},{"source":"589","target":"625"},{"source":"589","target":"636"},{"source":"589","target":"654"},{"source":"589","target":"664"},{"source":"589","target":"677"},{"source":"589","target":"684"},{"source":"590","target":"591"},{"source":"590","target":"609"},{"source":"590","target":"612"},{"source":"590","target":"617"},{"source":"590","target":"623"},{"source":"590","target":"633"},{"source":"590","target":"644"},{"source":"590","target":"680"},{"source":"591","target":"604"},{"source":"591","target":"606"},{"source":"591","target":"634"},{"source":"591","target":"637"},{"source":"591","target":"641"},{"source":"591","target":"645"},{"source":"591","target":"646"},{"source":"591","target":"651"},{"source":"591","target":"669"},{"source":"591","target":"683"},{"source":"592","target":"597"},{"source":"592","target":"598"},{"source":"592","target":"603"},{"source":"592","target":"605"},{"source":"592","target":"609"},{"source":"592","target":"611"},{"source":"592","target":"612"},{"source":"592","target":"616"},{"source":"592","target":"617"},{"source":"592","target":"618"},{"source":"592","target":"619"},{"source":"592","target":"620"},{"source":"592","target":"621"},{"source":"592","target":"622"},{"source":"592","target":"623"},{"source":"592","target":"625"},{"source":"592","target":"626"},{"source":"592","target":"630"},{"source":"592","target":"633"},{"source":"592","target":"636"},{"source":"592","target":"644"},{"source":"592","target":"653"},{"source":"592","target":"654"},{"source":"592","target":"655"},{"source":"592","target":"664"},{"source":"592","target":"666"},{"source":"592","target":"672"},{"source":"592","target":"677"},{"source":"592","target":"678"},{"source":"592","target":"680"},{"source":"592","target":"682"},{"source":"592","target":"684"},{"source":"592","target":"685"},{"source":"594","target":"667"},{"source":"594","target":"3980"},{"source":"594","target":"3989"},{"source":"594","target":"4011"},{"source":"594","target":"4031"},{"source":"595","target":"600"},{"source":"595","target":"615"},{"source":"595","target":"627"},{"source":"595","target":"635"},{"source":"595","target":"640"},{"source":"595","target":"643"},{"source":"595","target":"650"},{"source":"595","target":"658"},{"source":"595","target":"659"},{"source":"595","target":"661"},{"source":"595","target":"662"},{"source":"595","target":"670"},{"source":"595","target":"675"},{"source":"595","target":"681"},{"source":"596","target":"604"},{"source":"596","target":"609"},{"source":"596","target":"616"},{"source":"596","target":"618"},{"source":"596","target":"620"},{"source":"596","target":"630"},{"source":"596","target":"639"},{"source":"596","target":"653"},{"source":"596","target":"655"},{"source":"596","target":"663"},{"source":"596","target":"677"},{"source":"596","target":"678"},{"source":"596","target":"917"},{"source":"596","target":"1019"},{"source":"596","target":"1022"},{"source":"596","target":"1032"},{"source":"596","target":"1086"},{"source":"596","target":"1103"},{"source":"596","target":"1129"},{"source":"596","target":"1148"},{"source":"596","target":"1215"},{"source":"596","target":"1229"},{"source":"596","target":"1233"},{"source":"596","target":"1235"},{"source":"596","target":"1311"},{"source":"596","target":"1322"},{"source":"596","target":"1345"},{"source":"596","target":"1412"},{"source":"596","target":"1515"},{"source":"596","target":"1576"},{"source":"596","target":"1650"},{"source":"596","target":"1680"},{"source":"596","target":"1688"},{"source":"596","target":"1720"},{"source":"596","target":"1828"},{"source":"596","target":"1859"},{"source":"596","target":"1872"},{"source":"597","target":"603"},{"source":"597","target":"609"},{"source":"597","target":"611"},{"source":"597","target":"618"},{"source":"597","target":"619"},{"source":"597","target":"623"},{"source":"597","target":"625"},{"source":"597","target":"630"},{"source":"597","target":"633"},{"source":"597","target":"636"},{"source":"597","target":"644"},{"source":"597","target":"653"},{"source":"597","target":"654"},{"source":"597","target":"677"},{"source":"597","target":"680"},{"source":"597","target":"684"},{"source":"598","target":"605"},{"source":"598","target":"609"},{"source":"598","target":"618"},{"source":"598","target":"619"},{"source":"598","target":"625"},{"source":"598","target":"630"},{"source":"598","target":"636"},{"source":"598","target":"653"},{"source":"598","target":"654"},{"source":"598","target":"677"},{"source":"598","target":"680"},{"source":"598","target":"684"},{"source":"599","target":"600"},{"source":"599","target":"615"},{"source":"599","target":"627"},{"source":"599","target":"628"},{"source":"599","target":"632"},{"source":"599","target":"635"},{"source":"599","target":"640"},{"source":"599","target":"643"},{"source":"599","target":"647"},{"source":"599","target":"650"},{"source":"599","target":"658"},{"source":"599","target":"659"},{"source":"599","target":"661"},{"source":"599","target":"662"},{"source":"599","target":"665"},{"source":"599","target":"670"},{"source":"599","target":"675"},{"source":"599","target":"681"},{"source":"600","target":"615"},{"source":"600","target":"627"},{"source":"600","target":"628"},{"source":"600","target":"632"},{"source":"600","target":"635"},{"source":"600","target":"640"},{"source":"600","target":"643"},{"source":"600","target":"650"},{"source":"600","target":"658"},{"source":"600","target":"659"},{"source":"600","target":"661"},{"source":"600","target":"662"},{"source":"600","target":"665"},{"source":"600","target":"670"},{"source":"600","target":"675"},{"source":"600","target":"681"},{"source":"601","target":"609"},{"source":"601","target":"629"},{"source":"601","target":"630"},{"source":"601","target":"637"},{"source":"601","target":"644"},{"source":"601","target":"976"},{"source":"601","target":"1122"},{"source":"601","target":"1349"},{"source":"601","target":"1512"},{"source":"601","target":"1645"},{"source":"601","target":"1679"},{"source":"603","target":"605"},{"source":"603","target":"609"},{"source":"603","target":"611"},{"source":"603","target":"612"},{"source":"603","target":"619"},{"source":"603","target":"623"},{"source":"603","target":"625"},{"source":"603","target":"644"},{"source":"603","target":"654"},{"source":"603","target":"677"},{"source":"603","target":"680"},{"source":"603","target":"684"},{"source":"604","target":"606"},{"source":"604","target":"637"},{"source":"604","target":"645"},{"source":"604","target":"651"},{"source":"604","target":"669"},{"source":"604","target":"671"},{"source":"604","target":"676"},{"source":"605","target":"609"},{"source":"605","target":"617"},{"source":"605","target":"619"},{"source":"605","target":"626"},{"source":"605","target":"630"},{"source":"605","target":"644"},{"source":"605","target":"653"},{"source":"605","target":"654"},{"source":"605","target":"677"},{"source":"605","target":"678"},{"source":"605","target":"680"},{"source":"606","target":"614"},{"source":"606","target":"641"},{"source":"606","target":"645"},{"source":"606","target":"669"},{"source":"606","target":"905"},{"source":"606","target":"915"},{"source":"606","target":"917"},{"source":"606","target":"936"},{"source":"606","target":"963"},{"source":"606","target":"968"},{"source":"606","target":"1001"},{"source":"606","target":"1012"},{"source":"606","target":"1052"},{"source":"606","target":"1070"},{"source":"606","target":"1086"},{"source":"606","target":"1110"},{"source":"606","target":"1113"},{"source":"606","target":"1122"},{"source":"606","target":"1179"},{"source":"606","target":"1183"},{"source":"606","target":"1210"},{"source":"606","target":"1300"},{"source":"606","target":"1313"},{"source":"606","target":"1314"},{"source":"606","target":"1318"},{"source":"606","target":"1320"},{"source":"606","target":"1334"},{"source":"606","target":"1349"},{"source":"606","target":"1357"},{"source":"606","target":"1358"},{"source":"606","target":"1371"},{"source":"606","target":"1374"},{"source":"606","target":"1436"},{"source":"606","target":"1444"},{"source":"606","target":"1487"},{"source":"606","target":"1490"},{"source":"606","target":"1512"},{"source":"606","target":"1514"},{"source":"606","target":"1536"},{"source":"606","target":"1548"},{"source":"606","target":"1565"},{"source":"606","target":"1574"},{"source":"606","target":"1606"},{"source":"606","target":"1616"},{"source":"606","target":"1620"},{"source":"606","target":"1645"},{"source":"606","target":"1671"},{"source":"606","target":"1673"},{"source":"606","target":"1674"},{"source":"606","target":"1677"},{"source":"606","target":"1692"},{"source":"606","target":"1699"},{"source":"606","target":"1727"},{"source":"606","target":"1738"},{"source":"606","target":"1744"},{"source":"606","target":"1766"},{"source":"606","target":"1767"},{"source":"606","target":"1778"},{"source":"606","target":"1876"},{"source":"606","target":"1882"},{"source":"606","target":"1897"},{"source":"609","target":"612"},{"source":"609","target":"617"},{"source":"609","target":"619"},{"source":"609","target":"620"},{"source":"609","target":"623"},{"source":"609","target":"626"},{"source":"609","target":"630"},{"source":"609","target":"636"},{"source":"609","target":"644"},{"source":"609","target":"653"},{"source":"609","target":"654"},{"source":"609","target":"664"},{"source":"609","target":"666"},{"source":"609","target":"680"},{"source":"611","target":"618"},{"source":"611","target":"625"},{"source":"611","target":"636"},{"source":"611","target":"653"},{"source":"611","target":"654"},{"source":"611","target":"664"},{"source":"611","target":"677"},{"source":"611","target":"680"},{"source":"611","target":"684"},{"source":"612","target":"617"},{"source":"612","target":"619"},{"source":"612","target":"630"},{"source":"612","target":"636"},{"source":"612","target":"654"},{"source":"612","target":"664"},{"source":"612","target":"678"},{"source":"612","target":"680"},{"source":"614","target":"637"},{"source":"614","target":"645"},{"source":"614","target":"669"},{"source":"614","target":"676"},{"source":"614","target":"683"},{"source":"615","target":"627"},{"source":"615","target":"628"},{"source":"615","target":"632"},{"source":"615","target":"635"},{"source":"615","target":"640"},{"source":"615","target":"643"},{"source":"615","target":"647"},{"source":"615","target":"658"},{"source":"615","target":"659"},{"source":"615","target":"661"},{"source":"615","target":"662"},{"source":"615","target":"665"},{"source":"615","target":"670"},{"source":"615","target":"675"},{"source":"615","target":"681"},{"source":"616","target":"618"},{"source":"616","target":"621"},{"source":"616","target":"622"},{"source":"616","target":"623"},{"source":"616","target":"625"},{"source":"616","target":"630"},{"source":"616","target":"631"},{"source":"616","target":"639"},{"source":"616","target":"657"},{"source":"616","target":"660"},{"source":"616","target":"663"},{"source":"616","target":"678"},{"source":"616","target":"684"},{"source":"617","target":"619"},{"source":"617","target":"620"},{"source":"617","target":"625"},{"source":"617","target":"626"},{"source":"617","target":"630"},{"source":"617","target":"644"},{"source":"617","target":"648"},{"source":"617","target":"654"},{"source":"617","target":"664"},{"source":"617","target":"666"},{"source":"617","target":"677"},{"source":"617","target":"680"},{"source":"617","target":"685"},{"source":"618","target":"619"},{"source":"618","target":"630"},{"source":"618","target":"631"},{"source":"618","target":"633"},{"source":"618","target":"636"},{"source":"618","target":"653"},{"source":"618","target":"666"},{"source":"618","target":"678"},{"source":"618","target":"679"},{"source":"618","target":"680"},{"source":"618","target":"682"},{"source":"618","target":"684"},{"source":"618","target":"685"},{"source":"619","target":"623"},{"source":"619","target":"625"},{"source":"619","target":"630"},{"source":"619","target":"633"},{"source":"619","target":"636"},{"source":"619","target":"644"},{"source":"619","target":"653"},{"source":"619","target":"654"},{"source":"619","target":"677"},{"source":"619","target":"678"},{"source":"619","target":"684"},{"source":"619","target":"685"},{"source":"620","target":"630"},{"source":"620","target":"636"},{"source":"620","target":"644"},{"source":"620","target":"653"},{"source":"620","target":"654"},{"source":"620","target":"666"},{"source":"620","target":"672"},{"source":"620","target":"678"},{"source":"621","target":"622"},{"source":"621","target":"663"},{"source":"622","target":"623"},{"source":"622","target":"625"},{"source":"622","target":"639"},{"source":"622","target":"663"},{"source":"622","target":"678"},{"source":"622","target":"684"},{"source":"623","target":"625"},{"source":"623","target":"636"},{"source":"623","target":"654"},{"source":"623","target":"677"},{"source":"623","target":"684"},{"source":"625","target":"630"},{"source":"625","target":"633"},{"source":"625","target":"644"},{"source":"625","target":"653"},{"source":"625","target":"654"},{"source":"625","target":"677"},{"source":"625","target":"684"},{"source":"626","target":"630"},{"source":"626","target":"644"},{"source":"626","target":"654"},{"source":"626","target":"657"},{"source":"626","target":"664"},{"source":"626","target":"677"},{"source":"626","target":"680"},{"source":"627","target":"632"},{"source":"627","target":"635"},{"source":"627","target":"640"},{"source":"627","target":"643"},{"source":"627","target":"647"},{"source":"627","target":"650"},{"source":"627","target":"658"},{"source":"627","target":"659"},{"source":"627","target":"661"},{"source":"627","target":"662"},{"source":"627","target":"665"},{"source":"627","target":"670"},{"source":"627","target":"675"},{"source":"627","target":"681"},{"source":"628","target":"632"},{"source":"628","target":"643"},{"source":"628","target":"647"},{"source":"628","target":"661"},{"source":"628","target":"662"},{"source":"628","target":"665"},{"source":"628","target":"681"},{"source":"629","target":"630"},{"source":"629","target":"637"},{"source":"629","target":"641"},{"source":"629","target":"1223"},{"source":"629","target":"1400"},{"source":"629","target":"1679"},{"source":"629","target":"1850"},{"source":"629","target":"1893"},{"source":"630","target":"631"},{"source":"630","target":"636"},{"source":"630","target":"641"},{"source":"630","target":"644"},{"source":"630","target":"653"},{"source":"630","target":"655"},{"source":"630","target":"657"},{"source":"630","target":"663"},{"source":"630","target":"664"},{"source":"630","target":"666"},{"source":"630","target":"672"},{"source":"630","target":"678"},{"source":"630","target":"682"},{"source":"630","target":"684"},{"source":"630","target":"685"},{"source":"631","target":"639"},{"source":"631","target":"678"},{"source":"631","target":"679"},{"source":"631","target":"682"},{"source":"632","target":"635"},{"source":"632","target":"640"},{"source":"632","target":"643"},{"source":"632","target":"647"},{"source":"632","target":"650"},{"source":"632","target":"658"},{"source":"632","target":"659"},{"source":"632","target":"661"},{"source":"632","target":"662"},{"source":"632","target":"665"},{"source":"632","target":"670"},{"source":"632","target":"675"},{"source":"633","target":"636"},{"source":"633","target":"644"},{"source":"633","target":"653"},{"source":"633","target":"666"},{"source":"633","target":"680"},{"source":"634","target":"645"},{"source":"634","target":"646"},{"source":"634","target":"647"},{"source":"634","target":"651"},{"source":"635","target":"640"},{"source":"635","target":"643"},{"source":"635","target":"650"},{"source":"635","target":"658"},{"source":"635","target":"659"},{"source":"635","target":"661"},{"source":"635","target":"662"},{"source":"635","target":"670"},{"source":"635","target":"675"},{"source":"635","target":"681"},{"source":"636","target":"644"},{"source":"636","target":"653"},{"source":"636","target":"666"},{"source":"636","target":"677"},{"source":"636","target":"678"},{"source":"636","target":"680"},{"source":"636","target":"684"},{"source":"636","target":"685"},{"source":"637","target":"639"},{"source":"637","target":"641"},{"source":"637","target":"645"},{"source":"637","target":"669"},{"source":"637","target":"678"},{"source":"637","target":"679"},{"source":"637","target":"896"},{"source":"637","target":"936"},{"source":"637","target":"957"},{"source":"637","target":"968"},{"source":"637","target":"1001"},{"source":"637","target":"1012"},{"source":"637","target":"1018"},{"source":"637","target":"1025"},{"source":"637","target":"1060"},{"source":"637","target":"1067"},{"source":"637","target":"1080"},{"source":"637","target":"1086"},{"source":"637","target":"1104"},{"source":"637","target":"1113"},{"source":"637","target":"1128"},{"source":"637","target":"1142"},{"source":"637","target":"1143"},{"source":"637","target":"1148"},{"source":"637","target":"1155"},{"source":"637","target":"1179"},{"source":"637","target":"1189"},{"source":"637","target":"1192"},{"source":"637","target":"1204"},{"source":"637","target":"1277"},{"source":"637","target":"1300"},{"source":"637","target":"1313"},{"source":"637","target":"1318"},{"source":"637","target":"1320"},{"source":"637","target":"1324"},{"source":"637","target":"1332"},{"source":"637","target":"1358"},{"source":"637","target":"1374"},{"source":"637","target":"1423"},{"source":"637","target":"1427"},{"source":"637","target":"1429"},{"source":"637","target":"1436"},{"source":"637","target":"1448"},{"source":"637","target":"1464"},{"source":"637","target":"1473"},{"source":"637","target":"1475"},{"source":"637","target":"1479"},{"source":"637","target":"1487"},{"source":"637","target":"1512"},{"source":"637","target":"1526"},{"source":"637","target":"1536"},{"source":"637","target":"1543"},{"source":"637","target":"1545"},{"source":"637","target":"1573"},{"source":"637","target":"1574"},{"source":"637","target":"1578"},{"source":"637","target":"1584"},{"source":"637","target":"1595"},{"source":"637","target":"1606"},{"source":"637","target":"1616"},{"source":"637","target":"1628"},{"source":"637","target":"1645"},{"source":"637","target":"1647"},{"source":"637","target":"1671"},{"source":"637","target":"1673"},{"source":"637","target":"1677"},{"source":"637","target":"1679"},{"source":"637","target":"1692"},{"source":"637","target":"1694"},{"source":"637","target":"1716"},{"source":"637","target":"1720"},{"source":"637","target":"1744"},{"source":"637","target":"1766"},{"source":"637","target":"1778"},{"source":"637","target":"1790"},{"source":"637","target":"1808"},{"source":"637","target":"1830"},{"source":"637","target":"1853"},{"source":"637","target":"1871"},{"source":"637","target":"1882"},{"source":"637","target":"1897"},{"source":"637","target":"1901"},{"source":"639","target":"678"},{"source":"639","target":"682"},{"source":"640","target":"643"},{"source":"640","target":"647"},{"source":"640","target":"650"},{"source":"640","target":"658"},{"source":"640","target":"659"},{"source":"640","target":"661"},{"source":"640","target":"662"},{"source":"640","target":"670"},{"source":"640","target":"675"},{"source":"640","target":"681"},{"source":"641","target":"651"},{"source":"641","target":"915"},{"source":"641","target":"930"},{"source":"641","target":"962"},{"source":"641","target":"1060"},{"source":"641","target":"1070"},{"source":"641","target":"1086"},{"source":"641","target":"1113"},{"source":"641","target":"1114"},{"source":"641","target":"1122"},{"source":"641","target":"1179"},{"source":"641","target":"1210"},{"source":"641","target":"1231"},{"source":"641","target":"1235"},{"source":"641","target":"1237"},{"source":"641","target":"1273"},{"source":"641","target":"1300"},{"source":"641","target":"1313"},{"source":"641","target":"1318"},{"source":"641","target":"1320"},{"source":"641","target":"1332"},{"source":"641","target":"1358"},{"source":"641","target":"1374"},{"source":"641","target":"1400"},{"source":"641","target":"1425"},{"source":"641","target":"1436"},{"source":"641","target":"1446"},{"source":"641","target":"1448"},{"source":"641","target":"1459"},{"source":"641","target":"1475"},{"source":"641","target":"1549"},{"source":"641","target":"1565"},{"source":"641","target":"1573"},{"source":"641","target":"1574"},{"source":"641","target":"1606"},{"source":"641","target":"1616"},{"source":"641","target":"1625"},{"source":"641","target":"1671"},{"source":"641","target":"1744"},{"source":"641","target":"1763"},{"source":"641","target":"1766"},{"source":"641","target":"1767"},{"source":"641","target":"1778"},{"source":"641","target":"1830"},{"source":"641","target":"1844"},{"source":"641","target":"1881"},{"source":"641","target":"1882"},{"source":"643","target":"650"},{"source":"643","target":"658"},{"source":"643","target":"659"},{"source":"643","target":"661"},{"source":"643","target":"662"},{"source":"643","target":"665"},{"source":"643","target":"670"},{"source":"643","target":"675"},{"source":"643","target":"681"},{"source":"644","target":"654"},{"source":"644","target":"664"},{"source":"644","target":"666"},{"source":"644","target":"680"},{"source":"645","target":"646"},{"source":"645","target":"651"},{"source":"645","target":"669"},{"source":"645","target":"671"},{"source":"645","target":"683"},{"source":"646","target":"651"},{"source":"647","target":"650"},{"source":"647","target":"658"},{"source":"647","target":"659"},{"source":"647","target":"662"},{"source":"647","target":"665"},{"source":"647","target":"670"},{"source":"647","target":"675"},{"source":"647","target":"681"},{"source":"649","target":"1023"},{"source":"649","target":"1694"},{"source":"650","target":"658"},{"source":"650","target":"659"},{"source":"650","target":"661"},{"source":"650","target":"662"},{"source":"650","target":"665"},{"source":"650","target":"670"},{"source":"650","target":"681"},{"source":"651","target":"683"},{"source":"651","target":"905"},{"source":"651","target":"936"},{"source":"651","target":"1001"},{"source":"651","target":"1011"},{"source":"651","target":"1012"},{"source":"651","target":"1080"},{"source":"651","target":"1113"},{"source":"651","target":"1122"},{"source":"651","target":"1169"},{"source":"651","target":"1179"},{"source":"651","target":"1223"},{"source":"651","target":"1318"},{"source":"651","target":"1320"},{"source":"651","target":"1357"},{"source":"651","target":"1358"},{"source":"651","target":"1374"},{"source":"651","target":"1408"},{"source":"651","target":"1428"},{"source":"651","target":"1473"},{"source":"651","target":"1487"},{"source":"651","target":"1512"},{"source":"651","target":"1526"},{"source":"651","target":"1536"},{"source":"651","target":"1545"},{"source":"651","target":"1565"},{"source":"651","target":"1574"},{"source":"651","target":"1606"},{"source":"651","target":"1645"},{"source":"651","target":"1673"},{"source":"651","target":"1679"},{"source":"651","target":"1692"},{"source":"651","target":"1709"},{"source":"651","target":"1744"},{"source":"651","target":"1763"},{"source":"651","target":"1767"},{"source":"651","target":"1778"},{"source":"651","target":"1882"},{"source":"653","target":"654"},{"source":"653","target":"664"},{"source":"653","target":"666"},{"source":"653","target":"672"},{"source":"653","target":"677"},{"source":"653","target":"678"},{"source":"653","target":"680"},{"source":"653","target":"685"},{"source":"654","target":"664"},{"source":"654","target":"666"},{"source":"654","target":"672"},{"source":"654","target":"677"},{"source":"654","target":"678"},{"source":"654","target":"680"},{"source":"654","target":"683"},{"source":"654","target":"684"},{"source":"654","target":"685"},{"source":"655","target":"657"},{"source":"657","target":"682"},{"source":"658","target":"659"},{"source":"658","target":"661"},{"source":"658","target":"662"},{"source":"658","target":"665"},{"source":"658","target":"670"},{"source":"658","target":"675"},{"source":"658","target":"681"},{"source":"659","target":"661"},{"source":"659","target":"662"},{"source":"659","target":"665"},{"source":"659","target":"670"},{"source":"659","target":"675"},{"source":"659","target":"681"},{"source":"661","target":"662"},{"source":"661","target":"665"},{"source":"661","target":"670"},{"source":"661","target":"675"},{"source":"661","target":"681"},{"source":"662","target":"665"},{"source":"662","target":"670"},{"source":"662","target":"675"},{"source":"662","target":"681"},{"source":"664","target":"666"},{"source":"664","target":"685"},{"source":"665","target":"670"},{"source":"665","target":"675"},{"source":"666","target":"680"},{"source":"669","target":"671"},{"source":"670","target":"675"},{"source":"670","target":"681"},{"source":"672","target":"678"},{"source":"675","target":"681"},{"source":"676","target":"683"},{"source":"677","target":"680"},{"source":"677","target":"682"},{"source":"677","target":"684"},{"source":"678","target":"679"},{"source":"678","target":"682"},{"source":"678","target":"685"},{"source":"679","target":"682"},{"source":"680","target":"684"},{"source":"680","target":"685"},{"source":"686","target":"687"},{"source":"686","target":"688"},{"source":"686","target":"689"},{"source":"686","target":"690"},{"source":"686","target":"691"},{"source":"686","target":"692"},{"source":"686","target":"693"},{"source":"686","target":"694"},{"source":"686","target":"695"},{"source":"686","target":"696"},{"source":"686","target":"697"},{"source":"686","target":"698"},{"source":"686","target":"699"},{"source":"686","target":"700"},{"source":"686","target":"701"},{"source":"686","target":"702"},{"source":"686","target":"703"},{"source":"686","target":"704"},{"source":"686","target":"705"},{"source":"686","target":"706"},{"source":"686","target":"707"},{"source":"686","target":"708"},{"source":"686","target":"709"},{"source":"686","target":"710"},{"source":"686","target":"711"},{"source":"686","target":"712"},{"source":"686","target":"713"},{"source":"686","target":"714"},{"source":"686","target":"715"},{"source":"686","target":"716"},{"source":"686","target":"717"},{"source":"686","target":"718"},{"source":"686","target":"719"},{"source":"686","target":"720"},{"source":"686","target":"721"},{"source":"686","target":"722"},{"source":"686","target":"723"},{"source":"686","target":"724"},{"source":"686","target":"725"},{"source":"686","target":"726"},{"source":"686","target":"727"},{"source":"686","target":"728"},{"source":"686","target":"729"},{"source":"686","target":"730"},{"source":"686","target":"731"},{"source":"686","target":"732"},{"source":"686","target":"733"},{"source":"686","target":"734"},{"source":"686","target":"735"},{"source":"686","target":"736"},{"source":"686","target":"737"},{"source":"686","target":"738"},{"source":"686","target":"739"},{"source":"686","target":"740"},{"source":"686","target":"741"},{"source":"686","target":"742"},{"source":"686","target":"743"},{"source":"686","target":"744"},{"source":"686","target":"745"},{"source":"686","target":"746"},{"source":"686","target":"747"},{"source":"686","target":"748"},{"source":"686","target":"749"},{"source":"686","target":"750"},{"source":"686","target":"751"},{"source":"686","target":"752"},{"source":"686","target":"753"},{"source":"686","target":"754"},{"source":"686","target":"755"},{"source":"686","target":"756"},{"source":"686","target":"757"},{"source":"686","target":"758"},{"source":"686","target":"759"},{"source":"686","target":"760"},{"source":"686","target":"761"},{"source":"686","target":"762"},{"source":"686","target":"763"},{"source":"686","target":"764"},{"source":"686","target":"765"},{"source":"686","target":"766"},{"source":"686","target":"767"},{"source":"686","target":"768"},{"source":"686","target":"769"},{"source":"686","target":"770"},{"source":"686","target":"771"},{"source":"686","target":"772"},{"source":"686","target":"773"},{"source":"686","target":"774"},{"source":"686","target":"775"},{"source":"686","target":"776"},{"source":"686","target":"777"},{"source":"686","target":"778"},{"source":"686","target":"779"},{"source":"686","target":"780"},{"source":"686","target":"781"},{"source":"686","target":"782"},{"source":"686","target":"783"},{"source":"686","target":"784"},{"source":"686","target":"785"},{"source":"686","target":"786"},{"source":"686","target":"787"},{"source":"686","target":"788"},{"source":"686","target":"789"},{"source":"686","target":"790"},{"source":"686","target":"791"},{"source":"686","target":"792"},{"source":"686","target":"793"},{"source":"686","target":"794"},{"source":"686","target":"795"},{"source":"686","target":"796"},{"source":"686","target":"797"},{"source":"686","target":"798"},{"source":"686","target":"799"},{"source":"686","target":"800"},{"source":"686","target":"801"},{"source":"686","target":"802"},{"source":"686","target":"803"},{"source":"686","target":"804"},{"source":"686","target":"805"},{"source":"686","target":"806"},{"source":"686","target":"807"},{"source":"686","target":"808"},{"source":"686","target":"809"},{"source":"686","target":"810"},{"source":"686","target":"811"},{"source":"686","target":"812"},{"source":"686","target":"813"},{"source":"686","target":"814"},{"source":"686","target":"815"},{"source":"686","target":"816"},{"source":"686","target":"817"},{"source":"686","target":"818"},{"source":"686","target":"819"},{"source":"686","target":"820"},{"source":"686","target":"821"},{"source":"686","target":"822"},{"source":"686","target":"823"},{"source":"686","target":"824"},{"source":"686","target":"825"},{"source":"686","target":"826"},{"source":"686","target":"827"},{"source":"686","target":"828"},{"source":"686","target":"829"},{"source":"686","target":"830"},{"source":"686","target":"831"},{"source":"686","target":"832"},{"source":"686","target":"833"},{"source":"686","target":"834"},{"source":"686","target":"835"},{"source":"686","target":"836"},{"source":"686","target":"837"},{"source":"686","target":"838"},{"source":"686","target":"839"},{"source":"686","target":"840"},{"source":"686","target":"841"},{"source":"686","target":"842"},{"source":"686","target":"843"},{"source":"686","target":"844"},{"source":"686","target":"845"},{"source":"686","target":"846"},{"source":"686","target":"847"},{"source":"686","target":"848"},{"source":"686","target":"849"},{"source":"686","target":"850"},{"source":"686","target":"851"},{"source":"686","target":"852"},{"source":"686","target":"853"},{"source":"686","target":"854"},{"source":"686","target":"855"},{"source":"686","target":"856"},{"source":"687","target":"688"},{"source":"687","target":"697"},{"source":"687","target":"703"},{"source":"687","target":"718"},{"source":"687","target":"728"},{"source":"687","target":"730"},{"source":"687","target":"739"},{"source":"687","target":"747"},{"source":"687","target":"759"},{"source":"687","target":"764"},{"source":"687","target":"765"},{"source":"687","target":"774"},{"source":"687","target":"777"},{"source":"687","target":"779"},{"source":"687","target":"780"},{"source":"687","target":"783"},{"source":"687","target":"797"},{"source":"687","target":"805"},{"source":"687","target":"807"},{"source":"687","target":"817"},{"source":"687","target":"819"},{"source":"687","target":"820"},{"source":"687","target":"823"},{"source":"687","target":"828"},{"source":"687","target":"830"},{"source":"687","target":"838"},{"source":"687","target":"856"},{"source":"688","target":"694"},{"source":"688","target":"695"},{"source":"688","target":"696"},{"source":"688","target":"697"},{"source":"688","target":"701"},{"source":"688","target":"713"},{"source":"688","target":"719"},{"source":"688","target":"723"},{"source":"688","target":"724"},{"source":"688","target":"726"},{"source":"688","target":"727"},{"source":"688","target":"734"},{"source":"688","target":"739"},{"source":"688","target":"740"},{"source":"688","target":"747"},{"source":"688","target":"751"},{"source":"688","target":"752"},{"source":"688","target":"754"},{"source":"688","target":"756"},{"source":"688","target":"766"},{"source":"688","target":"770"},{"source":"688","target":"771"},{"source":"688","target":"772"},{"source":"688","target":"774"},{"source":"688","target":"777"},{"source":"688","target":"780"},{"source":"688","target":"792"},{"source":"688","target":"800"},{"source":"688","target":"805"},{"source":"688","target":"815"},{"source":"688","target":"819"},{"source":"688","target":"821"},{"source":"688","target":"823"},{"source":"688","target":"824"},{"source":"688","target":"828"},{"source":"688","target":"830"},{"source":"688","target":"834"},{"source":"688","target":"840"},{"source":"688","target":"845"},{"source":"688","target":"847"},{"source":"688","target":"849"},{"source":"688","target":"853"},{"source":"688","target":"856"},{"source":"689","target":"702"},{"source":"689","target":"712"},{"source":"689","target":"714"},{"source":"689","target":"732"},{"source":"689","target":"771"},{"source":"689","target":"789"},{"source":"689","target":"839"},{"source":"690","target":"694"},{"source":"690","target":"713"},{"source":"690","target":"731"},{"source":"690","target":"773"},{"source":"690","target":"784"},{"source":"690","target":"820"},{"source":"690","target":"831"},{"source":"690","target":"853"},{"source":"691","target":"746"},{"source":"691","target":"771"},{"source":"691","target":"782"},{"source":"691","target":"822"},{"source":"691","target":"833"},{"source":"693","target":"695"},{"source":"693","target":"697"},{"source":"693","target":"705"},{"source":"693","target":"713"},{"source":"693","target":"726"},{"source":"693","target":"734"},{"source":"693","target":"778"},{"source":"693","target":"823"},{"source":"693","target":"824"},{"source":"693","target":"828"},{"source":"693","target":"834"},{"source":"693","target":"837"},{"source":"693","target":"844"},{"source":"694","target":"695"},{"source":"694","target":"696"},{"source":"694","target":"697"},{"source":"694","target":"703"},{"source":"694","target":"705"},{"source":"694","target":"706"},{"source":"694","target":"710"},{"source":"694","target":"711"},{"source":"694","target":"713"},{"source":"694","target":"719"},{"source":"694","target":"722"},{"source":"694","target":"724"},{"source":"694","target":"726"},{"source":"694","target":"727"},{"source":"694","target":"731"},{"source":"694","target":"737"},{"source":"694","target":"738"},{"source":"694","target":"745"},{"source":"694","target":"752"},{"source":"694","target":"754"},{"source":"694","target":"756"},{"source":"694","target":"760"},{"source":"694","target":"766"},{"source":"694","target":"772"},{"source":"694","target":"773"},{"source":"694","target":"774"},{"source":"694","target":"780"},{"source":"694","target":"781"},{"source":"694","target":"784"},{"source":"694","target":"795"},{"source":"694","target":"798"},{"source":"694","target":"800"},{"source":"694","target":"805"},{"source":"694","target":"810"},{"source":"694","target":"812"},{"source":"694","target":"815"},{"source":"694","target":"820"},{"source":"694","target":"821"},{"source":"694","target":"823"},{"source":"694","target":"824"},{"source":"694","target":"827"},{"source":"694","target":"828"},{"source":"694","target":"829"},{"source":"694","target":"830"},{"source":"694","target":"831"},{"source":"694","target":"834"},{"source":"694","target":"842"},{"source":"694","target":"845"},{"source":"694","target":"847"},{"source":"694","target":"848"},{"source":"694","target":"853"},{"source":"695","target":"696"},{"source":"695","target":"697"},{"source":"695","target":"700"},{"source":"695","target":"701"},{"source":"695","target":"706"},{"source":"695","target":"711"},{"source":"695","target":"713"},{"source":"695","target":"718"},{"source":"695","target":"719"},{"source":"695","target":"724"},{"source":"695","target":"726"},{"source":"695","target":"734"},{"source":"695","target":"738"},{"source":"695","target":"745"},{"source":"695","target":"751"},{"source":"695","target":"752"},{"source":"695","target":"754"},{"source":"695","target":"760"},{"source":"695","target":"766"},{"source":"695","target":"777"},{"source":"695","target":"778"},{"source":"695","target":"780"},{"source":"695","target":"781"},{"source":"695","target":"784"},{"source":"695","target":"794"},{"source":"695","target":"805"},{"source":"695","target":"810"},{"source":"695","target":"815"},{"source":"695","target":"824"},{"source":"695","target":"829"},{"source":"695","target":"830"},{"source":"695","target":"834"},{"source":"695","target":"840"},{"source":"695","target":"842"},{"source":"695","target":"844"},{"source":"695","target":"847"},{"source":"695","target":"853"},{"source":"696","target":"697"},{"source":"696","target":"711"},{"source":"696","target":"713"},{"source":"696","target":"719"},{"source":"696","target":"724"},{"source":"696","target":"727"},{"source":"696","target":"738"},{"source":"696","target":"739"},{"source":"696","target":"745"},{"source":"696","target":"747"},{"source":"696","target":"773"},{"source":"696","target":"774"},{"source":"696","target":"778"},{"source":"696","target":"780"},{"source":"696","target":"784"},{"source":"696","target":"795"},{"source":"696","target":"805"},{"source":"696","target":"823"},{"source":"696","target":"824"},{"source":"696","target":"828"},{"source":"696","target":"829"},{"source":"696","target":"830"},{"source":"696","target":"834"},{"source":"696","target":"840"},{"source":"696","target":"842"},{"source":"696","target":"845"},{"source":"696","target":"853"},{"source":"697","target":"698"},{"source":"697","target":"701"},{"source":"697","target":"705"},{"source":"697","target":"708"},{"source":"697","target":"709"},{"source":"697","target":"713"},{"source":"697","target":"719"},{"source":"697","target":"721"},{"source":"697","target":"724"},{"source":"697","target":"726"},{"source":"697","target":"727"},{"source":"697","target":"731"},{"source":"697","target":"745"},{"source":"697","target":"747"},{"source":"697","target":"748"},{"source":"697","target":"753"},{"source":"697","target":"754"},{"source":"697","target":"760"},{"source":"697","target":"765"},{"source":"697","target":"766"},{"source":"697","target":"769"},{"source":"697","target":"772"},{"source":"697","target":"777"},{"source":"697","target":"780"},{"source":"697","target":"781"},{"source":"697","target":"800"},{"source":"697","target":"805"},{"source":"697","target":"815"},{"source":"697","target":"818"},{"source":"697","target":"819"},{"source":"697","target":"820"},{"source":"697","target":"823"},{"source":"697","target":"824"},{"source":"697","target":"827"},{"source":"697","target":"828"},{"source":"697","target":"830"},{"source":"697","target":"834"},{"source":"697","target":"835"},{"source":"697","target":"840"},{"source":"697","target":"842"},{"source":"697","target":"844"},{"source":"697","target":"848"},{"source":"697","target":"849"},{"source":"697","target":"856"},{"source":"697","target":"890"},{"source":"698","target":"703"},{"source":"698","target":"708"},{"source":"698","target":"713"},{"source":"698","target":"719"},{"source":"698","target":"729"},{"source":"698","target":"745"},{"source":"698","target":"747"},{"source":"698","target":"753"},{"source":"698","target":"769"},{"source":"698","target":"772"},{"source":"698","target":"774"},{"source":"698","target":"776"},{"source":"698","target":"798"},{"source":"698","target":"800"},{"source":"698","target":"803"},{"source":"698","target":"804"},{"source":"698","target":"805"},{"source":"698","target":"810"},{"source":"698","target":"811"},{"source":"698","target":"819"},{"source":"698","target":"823"},{"source":"698","target":"825"},{"source":"698","target":"828"},{"source":"698","target":"830"},{"source":"698","target":"840"},{"source":"698","target":"856"},{"source":"698","target":"857"},{"source":"698","target":"858"},{"source":"698","target":"859"},{"source":"698","target":"860"},{"source":"698","target":"861"},{"source":"698","target":"862"},{"source":"698","target":"863"},{"source":"698","target":"864"},{"source":"698","target":"865"},{"source":"698","target":"866"},{"source":"698","target":"867"},{"source":"698","target":"868"},{"source":"698","target":"869"},{"source":"698","target":"870"},{"source":"698","target":"871"},{"source":"698","target":"872"},{"source":"698","target":"873"},{"source":"698","target":"874"},{"source":"698","target":"875"},{"source":"698","target":"876"},{"source":"698","target":"877"},{"source":"698","target":"878"},{"source":"698","target":"879"},{"source":"698","target":"880"},{"source":"698","target":"881"},{"source":"698","target":"882"},{"source":"698","target":"883"},{"source":"698","target":"884"},{"source":"698","target":"885"},{"source":"698","target":"886"},{"source":"698","target":"887"},{"source":"698","target":"888"},{"source":"698","target":"889"},{"source":"698","target":"890"},{"source":"698","target":"891"},{"source":"698","target":"892"},{"source":"698","target":"893"},{"source":"698","target":"894"},{"source":"698","target":"895"},{"source":"698","target":"3437"},{"source":"699","target":"833"},{"source":"700","target":"745"},{"source":"700","target":"784"},{"source":"700","target":"794"},{"source":"700","target":"795"},{"source":"700","target":"815"},{"source":"701","target":"713"},{"source":"701","target":"724"},{"source":"701","target":"726"},{"source":"701","target":"747"},{"source":"701","target":"754"},{"source":"701","target":"760"},{"source":"701","target":"774"},{"source":"701","target":"777"},{"source":"701","target":"778"},{"source":"701","target":"780"},{"source":"701","target":"781"},{"source":"701","target":"794"},{"source":"701","target":"821"},{"source":"701","target":"830"},{"source":"701","target":"834"},{"source":"701","target":"842"},{"source":"701","target":"845"},{"source":"702","target":"714"},{"source":"702","target":"725"},{"source":"702","target":"732"},{"source":"702","target":"789"},{"source":"702","target":"822"},{"source":"702","target":"839"},{"source":"703","target":"705"},{"source":"703","target":"709"},{"source":"703","target":"718"},{"source":"703","target":"719"},{"source":"703","target":"728"},{"source":"703","target":"730"},{"source":"703","target":"739"},{"source":"703","target":"741"},{"source":"703","target":"747"},{"source":"703","target":"748"},{"source":"703","target":"754"},{"source":"703","target":"758"},{"source":"703","target":"759"},{"source":"703","target":"764"},{"source":"703","target":"765"},{"source":"703","target":"779"},{"source":"703","target":"781"},{"source":"703","target":"787"},{"source":"703","target":"792"},{"source":"703","target":"793"},{"source":"703","target":"797"},{"source":"703","target":"805"},{"source":"703","target":"807"},{"source":"703","target":"809"},{"source":"703","target":"815"},{"source":"703","target":"817"},{"source":"703","target":"819"},{"source":"703","target":"820"},{"source":"703","target":"823"},{"source":"703","target":"824"},{"source":"703","target":"827"},{"source":"703","target":"828"},{"source":"703","target":"831"},{"source":"703","target":"835"},{"source":"703","target":"838"},{"source":"703","target":"843"},{"source":"703","target":"845"},{"source":"703","target":"856"},{"source":"703","target":"880"},{"source":"704","target":"770"},{"source":"704","target":"777"},{"source":"704","target":"799"},{"source":"704","target":"848"},{"source":"705","target":"706"},{"source":"705","target":"713"},{"source":"705","target":"715"},{"source":"705","target":"718"},{"source":"705","target":"719"},{"source":"705","target":"720"},{"source":"705","target":"722"},{"source":"705","target":"724"},{"source":"705","target":"726"},{"source":"705","target":"728"},{"source":"705","target":"731"},{"source":"705","target":"737"},{"source":"705","target":"738"},{"source":"705","target":"739"},{"source":"705","target":"741"},{"source":"705","target":"745"},{"source":"705","target":"747"},{"source":"705","target":"748"},{"source":"705","target":"752"},{"source":"705","target":"754"},{"source":"705","target":"755"},{"source":"705","target":"758"},{"source":"705","target":"759"},{"source":"705","target":"760"},{"source":"705","target":"761"},{"source":"705","target":"762"},{"source":"705","target":"763"},{"source":"705","target":"764"},{"source":"705","target":"770"},{"source":"705","target":"772"},{"source":"705","target":"773"},{"source":"705","target":"778"},{"source":"705","target":"780"},{"source":"705","target":"781"},{"source":"705","target":"784"},{"source":"705","target":"787"},{"source":"705","target":"799"},{"source":"705","target":"800"},{"source":"705","target":"803"},{"source":"705","target":"805"},{"source":"705","target":"807"},{"source":"705","target":"808"},{"source":"705","target":"809"},{"source":"705","target":"810"},{"source":"705","target":"814"},{"source":"705","target":"819"},{"source":"705","target":"820"},{"source":"705","target":"823"},{"source":"705","target":"824"},{"source":"705","target":"827"},{"source":"705","target":"828"},{"source":"705","target":"829"},{"source":"705","target":"830"},{"source":"705","target":"831"},{"source":"705","target":"834"},{"source":"705","target":"835"},{"source":"705","target":"836"},{"source":"705","target":"842"},{"source":"705","target":"843"},{"source":"705","target":"844"},{"source":"705","target":"845"},{"source":"705","target":"847"},{"source":"705","target":"849"},{"source":"705","target":"853"},{"source":"706","target":"713"},{"source":"706","target":"719"},{"source":"706","target":"731"},{"source":"706","target":"745"},{"source":"706","target":"752"},{"source":"706","target":"773"},{"source":"706","target":"784"},{"source":"706","target":"805"},{"source":"706","target":"810"},{"source":"706","target":"815"},{"source":"706","target":"828"},{"source":"706","target":"834"},{"source":"706","target":"847"},{"source":"706","target":"853"},{"source":"707","target":"712"},{"source":"707","target":"714"},{"source":"707","target":"736"},{"source":"707","target":"742"},{"source":"707","target":"746"},{"source":"707","target":"767"},{"source":"707","target":"768"},{"source":"707","target":"816"},{"source":"707","target":"833"},{"source":"708","target":"713"},{"source":"708","target":"719"},{"source":"708","target":"724"},{"source":"708","target":"730"},{"source":"708","target":"747"},{"source":"708","target":"753"},{"source":"708","target":"755"},{"source":"708","target":"760"},{"source":"708","target":"769"},{"source":"708","target":"774"},{"source":"708","target":"781"},{"source":"708","target":"797"},{"source":"708","target":"800"},{"source":"708","target":"811"},{"source":"708","target":"814"},{"source":"708","target":"819"},{"source":"708","target":"823"},{"source":"708","target":"824"},{"source":"708","target":"827"},{"source":"708","target":"828"},{"source":"708","target":"830"},{"source":"708","target":"840"},{"source":"708","target":"849"},{"source":"708","target":"856"},{"source":"708","target":"869"},{"source":"708","target":"890"},{"source":"709","target":"739"},{"source":"709","target":"754"},{"source":"709","target":"777"},{"source":"709","target":"805"},{"source":"709","target":"819"},{"source":"709","target":"823"},{"source":"709","target":"824"},{"source":"709","target":"828"},{"source":"709","target":"830"},{"source":"709","target":"835"},{"source":"709","target":"838"},{"source":"709","target":"840"},{"source":"709","target":"843"},{"source":"709","target":"848"},{"source":"710","target":"711"},{"source":"710","target":"803"},{"source":"710","target":"805"},{"source":"710","target":"810"},{"source":"710","target":"847"},{"source":"710","target":"853"},{"source":"711","target":"722"},{"source":"711","target":"724"},{"source":"711","target":"727"},{"source":"711","target":"738"},{"source":"711","target":"745"},{"source":"711","target":"752"},{"source":"711","target":"766"},{"source":"711","target":"784"},{"source":"711","target":"795"},{"source":"711","target":"810"},{"source":"711","target":"828"},{"source":"711","target":"829"},{"source":"711","target":"842"},{"source":"711","target":"847"},{"source":"711","target":"853"},{"source":"712","target":"714"},{"source":"712","target":"736"},{"source":"712","target":"742"},{"source":"712","target":"767"},{"source":"712","target":"768"},{"source":"712","target":"782"},{"source":"712","target":"789"},{"source":"712","target":"816"},{"source":"712","target":"822"},{"source":"712","target":"839"},{"source":"713","target":"719"},{"source":"713","target":"721"},{"source":"713","target":"722"},{"source":"713","target":"724"},{"source":"713","target":"726"},{"source":"713","target":"731"},{"source":"713","target":"734"},{"source":"713","target":"736"},{"source":"713","target":"738"},{"source":"713","target":"742"},{"source":"713","target":"745"},{"source":"713","target":"746"},{"source":"713","target":"747"},{"source":"713","target":"748"},{"source":"713","target":"751"},{"source":"713","target":"752"},{"source":"713","target":"760"},{"source":"713","target":"762"},{"source":"713","target":"766"},{"source":"713","target":"772"},{"source":"713","target":"773"},{"source":"713","target":"774"},{"source":"713","target":"777"},{"source":"713","target":"778"},{"source":"713","target":"780"},{"source":"713","target":"781"},{"source":"713","target":"782"},{"source":"713","target":"784"},{"source":"713","target":"787"},{"source":"713","target":"794"},{"source":"713","target":"800"},{"source":"713","target":"805"},{"source":"713","target":"810"},{"source":"713","target":"813"},{"source":"713","target":"814"},{"source":"713","target":"815"},{"source":"713","target":"816"},{"source":"713","target":"817"},{"source":"713","target":"818"},{"source":"713","target":"819"},{"source":"713","target":"823"},{"source":"713","target":"824"},{"source":"713","target":"827"},{"source":"713","target":"828"},{"source":"713","target":"829"},{"source":"713","target":"830"},{"source":"713","target":"831"},{"source":"713","target":"833"},{"source":"713","target":"834"},{"source":"713","target":"840"},{"source":"713","target":"842"},{"source":"713","target":"844"},{"source":"713","target":"845"},{"source":"713","target":"847"},{"source":"713","target":"848"},{"source":"713","target":"850"},{"source":"713","target":"851"},{"source":"713","target":"853"},{"source":"714","target":"725"},{"source":"714","target":"732"},{"source":"714","target":"767"},{"source":"714","target":"771"},{"source":"714","target":"789"},{"source":"714","target":"806"},{"source":"714","target":"818"},{"source":"714","target":"822"},{"source":"714","target":"839"},{"source":"715","target":"738"},{"source":"715","target":"745"},{"source":"715","target":"781"},{"source":"715","target":"805"},{"source":"715","target":"814"},{"source":"715","target":"827"},{"source":"715","target":"834"},{"source":"715","target":"842"},{"source":"716","target":"718"},{"source":"716","target":"728"},{"source":"716","target":"741"},{"source":"716","target":"747"},{"source":"716","target":"763"},{"source":"716","target":"770"},{"source":"716","target":"795"},{"source":"716","target":"797"},{"source":"716","target":"799"},{"source":"716","target":"820"},{"source":"716","target":"849"},{"source":"717","target":"798"},{"source":"717","target":"852"},{"source":"717","target":"855"},{"source":"718","target":"719"},{"source":"718","target":"720"},{"source":"718","target":"730"},{"source":"718","target":"745"},{"source":"718","target":"747"},{"source":"718","target":"748"},{"source":"718","target":"758"},{"source":"718","target":"762"},{"source":"718","target":"764"},{"source":"718","target":"770"},{"source":"718","target":"781"},{"source":"718","target":"787"},{"source":"718","target":"793"},{"source":"718","target":"797"},{"source":"718","target":"803"},{"source":"718","target":"805"},{"source":"718","target":"809"},{"source":"718","target":"814"},{"source":"718","target":"815"},{"source":"718","target":"817"},{"source":"718","target":"823"},{"source":"718","target":"827"},{"source":"718","target":"828"},{"source":"718","target":"834"},{"source":"719","target":"720"},{"source":"719","target":"722"},{"source":"719","target":"724"},{"source":"719","target":"726"},{"source":"719","target":"727"},{"source":"719","target":"728"},{"source":"719","target":"731"},{"source":"719","target":"733"},{"source":"719","target":"734"},{"source":"719","target":"737"},{"source":"719","target":"745"},{"source":"719","target":"747"},{"source":"719","target":"752"},{"source":"719","target":"755"},{"source":"719","target":"756"},{"source":"719","target":"759"},{"source":"719","target":"760"},{"source":"719","target":"762"},{"source":"719","target":"764"},{"source":"719","target":"766"},{"source":"719","target":"768"},{"source":"719","target":"772"},{"source":"719","target":"773"},{"source":"719","target":"774"},{"source":"719","target":"781"},{"source":"719","target":"784"},{"source":"719","target":"787"},{"source":"719","target":"794"},{"source":"719","target":"799"},{"source":"719","target":"800"},{"source":"719","target":"805"},{"source":"719","target":"810"},{"source":"719","target":"814"},{"source":"719","target":"815"},{"source":"719","target":"817"},{"source":"719","target":"819"},{"source":"719","target":"820"},{"source":"719","target":"823"},{"source":"719","target":"824"},{"source":"719","target":"827"},{"source":"719","target":"828"},{"source":"719","target":"829"},{"source":"719","target":"830"},{"source":"719","target":"834"},{"source":"719","target":"840"},{"source":"719","target":"842"},{"source":"719","target":"845"},{"source":"719","target":"847"},{"source":"719","target":"848"},{"source":"719","target":"849"},{"source":"719","target":"853"},{"source":"720","target":"730"},{"source":"720","target":"739"},{"source":"720","target":"745"},{"source":"720","target":"755"},{"source":"720","target":"764"},{"source":"720","target":"774"},{"source":"720","target":"781"},{"source":"720","target":"787"},{"source":"720","target":"790"},{"source":"720","target":"793"},{"source":"720","target":"803"},{"source":"720","target":"808"},{"source":"720","target":"809"},{"source":"720","target":"832"},{"source":"721","target":"736"},{"source":"721","target":"848"},{"source":"722","target":"737"},{"source":"722","target":"738"},{"source":"722","target":"745"},{"source":"722","target":"768"},{"source":"722","target":"784"},{"source":"722","target":"820"},{"source":"722","target":"829"},{"source":"722","target":"853"},{"source":"723","target":"727"},{"source":"723","target":"734"},{"source":"723","target":"745"},{"source":"723","target":"766"},{"source":"723","target":"770"},{"source":"723","target":"824"},{"source":"723","target":"826"},{"source":"723","target":"828"},{"source":"723","target":"830"},{"source":"723","target":"849"},{"source":"724","target":"726"},{"source":"724","target":"731"},{"source":"724","target":"734"},{"source":"724","target":"736"},{"source":"724","target":"738"},{"source":"724","target":"742"},{"source":"724","target":"745"},{"source":"724","target":"752"},{"source":"724","target":"754"},{"source":"724","target":"760"},{"source":"724","target":"766"},{"source":"724","target":"773"},{"source":"724","target":"777"},{"source":"724","target":"778"},{"source":"724","target":"781"},{"source":"724","target":"784"},{"source":"724","target":"786"},{"source":"724","target":"794"},{"source":"724","target":"795"},{"source":"724","target":"805"},{"source":"724","target":"814"},{"source":"724","target":"819"},{"source":"724","target":"820"},{"source":"724","target":"821"},{"source":"724","target":"823"},{"source":"724","target":"824"},{"source":"724","target":"826"},{"source":"724","target":"827"},{"source":"724","target":"828"},{"source":"724","target":"829"},{"source":"724","target":"830"},{"source":"724","target":"834"},{"source":"724","target":"842"},{"source":"724","target":"848"},{"source":"724","target":"853"},{"source":"725","target":"732"},{"source":"725","target":"771"},{"source":"725","target":"806"},{"source":"725","target":"818"},{"source":"725","target":"839"},{"source":"726","target":"731"},{"source":"726","target":"745"},{"source":"726","target":"751"},{"source":"726","target":"752"},{"source":"726","target":"754"},{"source":"726","target":"760"},{"source":"726","target":"766"},{"source":"726","target":"773"},{"source":"726","target":"778"},{"source":"726","target":"780"},{"source":"726","target":"781"},{"source":"726","target":"784"},{"source":"726","target":"805"},{"source":"726","target":"812"},{"source":"726","target":"815"},{"source":"726","target":"820"},{"source":"726","target":"821"},{"source":"726","target":"823"},{"source":"726","target":"824"},{"source":"726","target":"828"},{"source":"726","target":"830"},{"source":"726","target":"834"},{"source":"726","target":"844"},{"source":"726","target":"845"},{"source":"726","target":"853"},{"source":"727","target":"752"},{"source":"727","target":"756"},{"source":"727","target":"766"},{"source":"727","target":"770"},{"source":"727","target":"784"},{"source":"727","target":"800"},{"source":"727","target":"805"},{"source":"727","target":"824"},{"source":"727","target":"828"},{"source":"727","target":"830"},{"source":"727","target":"842"},{"source":"727","target":"845"},{"source":"727","target":"846"},{"source":"727","target":"847"},{"source":"727","target":"848"},{"source":"727","target":"849"},{"source":"727","target":"853"},{"source":"727","target":"854"},{"source":"728","target":"730"},{"source":"728","target":"737"},{"source":"728","target":"739"},{"source":"728","target":"741"},{"source":"728","target":"747"},{"source":"728","target":"754"},{"source":"728","target":"759"},{"source":"728","target":"764"},{"source":"728","target":"765"},{"source":"728","target":"773"},{"source":"728","target":"774"},{"source":"728","target":"779"},{"source":"728","target":"780"},{"source":"728","target":"781"},{"source":"728","target":"783"},{"source":"728","target":"787"},{"source":"728","target":"792"},{"source":"728","target":"797"},{"source":"728","target":"803"},{"source":"728","target":"805"},{"source":"728","target":"807"},{"source":"728","target":"809"},{"source":"728","target":"817"},{"source":"728","target":"819"},{"source":"728","target":"820"},{"source":"728","target":"823"},{"source":"728","target":"824"},{"source":"728","target":"828"},{"source":"728","target":"835"},{"source":"728","target":"838"},{"source":"728","target":"843"},{"source":"728","target":"856"},{"source":"729","target":"753"},{"source":"729","target":"804"},{"source":"729","target":"856"},{"source":"729","target":"861"},{"source":"729","target":"863"},{"source":"729","target":"876"},{"source":"729","target":"878"},{"source":"729","target":"882"},{"source":"729","target":"886"},{"source":"729","target":"888"},{"source":"729","target":"889"},{"source":"730","target":"747"},{"source":"730","target":"763"},{"source":"730","target":"764"},{"source":"730","target":"783"},{"source":"730","target":"787"},{"source":"730","target":"797"},{"source":"730","target":"803"},{"source":"730","target":"849"},{"source":"731","target":"745"},{"source":"731","target":"752"},{"source":"731","target":"766"},{"source":"731","target":"773"},{"source":"731","target":"774"},{"source":"731","target":"781"},{"source":"731","target":"784"},{"source":"731","target":"805"},{"source":"731","target":"810"},{"source":"731","target":"815"},{"source":"731","target":"827"},{"source":"731","target":"828"},{"source":"731","target":"830"},{"source":"731","target":"834"},{"source":"731","target":"847"},{"source":"731","target":"853"},{"source":"732","target":"771"},{"source":"732","target":"788"},{"source":"732","target":"789"},{"source":"732","target":"791"},{"source":"732","target":"802"},{"source":"732","target":"806"},{"source":"732","target":"818"},{"source":"732","target":"822"},{"source":"732","target":"839"},{"source":"733","target":"768"},{"source":"733","target":"782"},{"source":"733","target":"786"},{"source":"733","target":"795"},{"source":"733","target":"829"},{"source":"733","target":"839"},{"source":"734","target":"756"},{"source":"734","target":"760"},{"source":"734","target":"766"},{"source":"734","target":"770"},{"source":"734","target":"778"},{"source":"734","target":"784"},{"source":"734","target":"785"},{"source":"734","target":"803"},{"source":"734","target":"805"},{"source":"734","target":"829"},{"source":"734","target":"842"},{"source":"734","target":"846"},{"source":"734","target":"847"},{"source":"734","target":"849"},{"source":"734","target":"853"},{"source":"735","target":"769"},{"source":"735","target":"800"},{"source":"735","target":"819"},{"source":"735","target":"856"},{"source":"736","target":"742"},{"source":"736","target":"746"},{"source":"736","target":"782"},{"source":"736","target":"788"},{"source":"736","target":"816"},{"source":"736","target":"818"},{"source":"736","target":"833"},{"source":"736","target":"850"},{"source":"737","target":"745"},{"source":"737","target":"773"},{"source":"737","target":"805"},{"source":"737","target":"815"},{"source":"737","target":"820"},{"source":"737","target":"824"},{"source":"737","target":"828"},{"source":"737","target":"830"},{"source":"737","target":"837"},{"source":"737","target":"843"},{"source":"738","target":"745"},{"source":"738","target":"751"},{"source":"738","target":"752"},{"source":"738","target":"760"},{"source":"738","target":"774"},{"source":"738","target":"781"},{"source":"738","target":"784"},{"source":"738","target":"794"},{"source":"738","target":"795"},{"source":"738","target":"805"},{"source":"738","target":"813"},{"source":"738","target":"826"},{"source":"738","target":"829"},{"source":"738","target":"842"},{"source":"738","target":"853"},{"source":"739","target":"740"},{"source":"739","target":"747"},{"source":"739","target":"754"},{"source":"739","target":"757"},{"source":"739","target":"758"},{"source":"739","target":"764"},{"source":"739","target":"774"},{"source":"739","target":"777"},{"source":"739","target":"780"},{"source":"739","target":"787"},{"source":"739","target":"792"},{"source":"739","target":"793"},{"source":"739","target":"797"},{"source":"739","target":"805"},{"source":"739","target":"807"},{"source":"739","target":"819"},{"source":"739","target":"823"},{"source":"739","target":"824"},{"source":"739","target":"828"},{"source":"739","target":"840"},{"source":"740","target":"748"},{"source":"740","target":"770"},{"source":"740","target":"817"},{"source":"740","target":"831"},{"source":"740","target":"841"},{"source":"741","target":"747"},{"source":"741","target":"763"},{"source":"741","target":"770"},{"source":"741","target":"781"},{"source":"741","target":"800"},{"source":"741","target":"807"},{"source":"741","target":"820"},{"source":"741","target":"823"},{"source":"741","target":"827"},{"source":"741","target":"828"},{"source":"741","target":"835"},{"source":"741","target":"836"},{"source":"742","target":"746"},{"source":"742","target":"759"},{"source":"742","target":"768"},{"source":"742","target":"786"},{"source":"742","target":"789"},{"source":"742","target":"829"},{"source":"743","target":"782"},{"source":"743","target":"833"},{"source":"744","target":"848"},{"source":"745","target":"747"},{"source":"745","target":"751"},{"source":"745","target":"752"},{"source":"745","target":"755"},{"source":"745","target":"758"},{"source":"745","target":"760"},{"source":"745","target":"762"},{"source":"745","target":"773"},{"source":"745","target":"774"},{"source":"745","target":"781"},{"source":"745","target":"784"},{"source":"745","target":"787"},{"source":"745","target":"790"},{"source":"745","target":"794"},{"source":"745","target":"795"},{"source":"745","target":"799"},{"source":"745","target":"800"},{"source":"745","target":"805"},{"source":"745","target":"810"},{"source":"745","target":"813"},{"source":"745","target":"814"},{"source":"745","target":"815"},{"source":"745","target":"817"},{"source":"745","target":"820"},{"source":"745","target":"823"},{"source":"745","target":"824"},{"source":"745","target":"827"},{"source":"745","target":"828"},{"source":"745","target":"829"},{"source":"745","target":"830"},{"source":"745","target":"834"},{"source":"745","target":"842"},{"source":"745","target":"845"},{"source":"745","target":"847"},{"source":"745","target":"853"},{"source":"746","target":"782"},{"source":"746","target":"816"},{"source":"746","target":"833"},{"source":"747","target":"748"},{"source":"747","target":"752"},{"source":"747","target":"753"},{"source":"747","target":"754"},{"source":"747","target":"758"},{"source":"747","target":"763"},{"source":"747","target":"764"},{"source":"747","target":"765"},{"source":"747","target":"769"},{"source":"747","target":"770"},{"source":"747","target":"773"},{"source":"747","target":"774"},{"source":"747","target":"780"},{"source":"747","target":"783"},{"source":"747","target":"792"},{"source":"747","target":"793"},{"source":"747","target":"797"},{"source":"747","target":"800"},{"source":"747","target":"803"},{"source":"747","target":"804"},{"source":"747","target":"805"},{"source":"747","target":"807"},{"source":"747","target":"809"},{"source":"747","target":"810"},{"source":"747","target":"815"},{"source":"747","target":"819"},{"source":"747","target":"820"},{"source":"747","target":"823"},{"source":"747","target":"828"},{"source":"747","target":"830"},{"source":"747","target":"831"},{"source":"747","target":"837"},{"source":"747","target":"838"},{"source":"747","target":"840"},{"source":"747","target":"848"},{"source":"747","target":"849"},{"source":"747","target":"856"},{"source":"747","target":"880"},{"source":"748","target":"758"},{"source":"748","target":"764"},{"source":"748","target":"770"},{"source":"748","target":"779"},{"source":"748","target":"787"},{"source":"748","target":"793"},{"source":"748","target":"797"},{"source":"748","target":"817"},{"source":"748","target":"830"},{"source":"748","target":"831"},{"source":"748","target":"849"},{"source":"749","target":"757"},{"source":"750","target":"770"},{"source":"751","target":"784"},{"source":"751","target":"795"},{"source":"751","target":"828"},{"source":"751","target":"830"},{"source":"751","target":"842"},{"source":"752","target":"759"},{"source":"752","target":"766"},{"source":"752","target":"773"},{"source":"752","target":"774"},{"source":"752","target":"781"},{"source":"752","target":"784"},{"source":"752","target":"800"},{"source":"752","target":"805"},{"source":"752","target":"810"},{"source":"752","target":"815"},{"source":"752","target":"820"},{"source":"752","target":"823"},{"source":"752","target":"824"},{"source":"752","target":"827"},{"source":"752","target":"828"},{"source":"752","target":"829"},{"source":"752","target":"830"},{"source":"752","target":"831"},{"source":"752","target":"834"},{"source":"752","target":"842"},{"source":"752","target":"847"},{"source":"752","target":"853"},{"source":"753","target":"769"},{"source":"753","target":"819"},{"source":"753","target":"823"},{"source":"753","target":"856"},{"source":"753","target":"861"},{"source":"753","target":"889"},{"source":"753","target":"890"},{"source":"754","target":"773"},{"source":"754","target":"777"},{"source":"754","target":"779"},{"source":"754","target":"780"},{"source":"754","target":"792"},{"source":"754","target":"805"},{"source":"754","target":"815"},{"source":"754","target":"821"},{"source":"754","target":"823"},{"source":"754","target":"824"},{"source":"754","target":"828"},{"source":"754","target":"830"},{"source":"754","target":"835"},{"source":"754","target":"838"},{"source":"754","target":"840"},{"source":"754","target":"848"},{"source":"755","target":"758"},{"source":"755","target":"781"},{"source":"755","target":"783"},{"source":"755","target":"787"},{"source":"755","target":"793"},{"source":"755","target":"797"},{"source":"755","target":"808"},{"source":"755","target":"809"},{"source":"755","target":"814"},{"source":"755","target":"827"},{"source":"755","target":"836"},{"source":"755","target":"845"},{"source":"755","target":"849"},{"source":"756","target":"805"},{"source":"756","target":"826"},{"source":"756","target":"827"},{"source":"756","target":"847"},{"source":"757","target":"775"},{"source":"758","target":"781"},{"source":"758","target":"783"},{"source":"758","target":"787"},{"source":"758","target":"793"},{"source":"758","target":"808"},{"source":"758","target":"809"},{"source":"758","target":"814"},{"source":"758","target":"817"},{"source":"758","target":"827"},{"source":"758","target":"836"},{"source":"758","target":"849"},{"source":"759","target":"766"},{"source":"759","target":"828"},{"source":"760","target":"766"},{"source":"760","target":"781"},{"source":"760","target":"784"},{"source":"760","target":"794"},{"source":"760","target":"800"},{"source":"760","target":"805"},{"source":"760","target":"814"},{"source":"760","target":"820"},{"source":"760","target":"823"},{"source":"760","target":"824"},{"source":"760","target":"827"},{"source":"760","target":"828"},{"source":"760","target":"829"},{"source":"760","target":"830"},{"source":"760","target":"834"},{"source":"760","target":"842"},{"source":"761","target":"772"},{"source":"761","target":"800"},{"source":"761","target":"805"},{"source":"761","target":"827"},{"source":"761","target":"842"},{"source":"761","target":"848"},{"source":"762","target":"781"},{"source":"762","target":"799"},{"source":"762","target":"805"},{"source":"762","target":"810"},{"source":"762","target":"814"},{"source":"762","target":"827"},{"source":"762","target":"842"},{"source":"763","target":"770"},{"source":"763","target":"787"},{"source":"763","target":"797"},{"source":"763","target":"803"},{"source":"763","target":"804"},{"source":"763","target":"820"},{"source":"763","target":"836"},{"source":"763","target":"849"},{"source":"764","target":"779"},{"source":"764","target":"781"},{"source":"764","target":"783"},{"source":"764","target":"787"},{"source":"764","target":"793"},{"source":"764","target":"797"},{"source":"764","target":"805"},{"source":"764","target":"807"},{"source":"764","target":"809"},{"source":"764","target":"817"},{"source":"764","target":"823"},{"source":"764","target":"824"},{"source":"764","target":"827"},{"source":"764","target":"828"},{"source":"764","target":"838"},{"source":"764","target":"843"},{"source":"765","target":"779"},{"source":"765","target":"780"},{"source":"765","target":"792"},{"source":"765","target":"807"},{"source":"765","target":"823"},{"source":"765","target":"835"},{"source":"765","target":"843"},{"source":"765","target":"856"},{"source":"766","target":"771"},{"source":"766","target":"780"},{"source":"766","target":"784"},{"source":"766","target":"800"},{"source":"766","target":"805"},{"source":"766","target":"810"},{"source":"766","target":"815"},{"source":"766","target":"820"},{"source":"766","target":"823"},{"source":"766","target":"824"},{"source":"766","target":"826"},{"source":"766","target":"827"},{"source":"766","target":"828"},{"source":"766","target":"830"},{"source":"766","target":"834"},{"source":"766","target":"847"},{"source":"766","target":"849"},{"source":"766","target":"853"},{"source":"767","target":"768"},{"source":"767","target":"796"},{"source":"767","target":"822"},{"source":"767","target":"839"},{"source":"768","target":"786"},{"source":"768","target":"789"},{"source":"768","target":"816"},{"source":"768","target":"822"},{"source":"768","target":"833"},{"source":"768","target":"839"},{"source":"769","target":"774"},{"source":"769","target":"798"},{"source":"769","target":"800"},{"source":"769","target":"811"},{"source":"769","target":"828"},{"source":"769","target":"856"},{"source":"769","target":"869"},{"source":"769","target":"890"},{"source":"770","target":"772"},{"source":"770","target":"777"},{"source":"770","target":"781"},{"source":"770","target":"783"},{"source":"770","target":"797"},{"source":"770","target":"799"},{"source":"770","target":"803"},{"source":"770","target":"820"},{"source":"770","target":"824"},{"source":"770","target":"828"},{"source":"770","target":"845"},{"source":"770","target":"849"},{"source":"771","target":"789"},{"source":"771","target":"791"},{"source":"771","target":"802"},{"source":"771","target":"806"},{"source":"771","target":"818"},{"source":"771","target":"839"},{"source":"771","target":"850"},{"source":"772","target":"781"},{"source":"772","target":"800"},{"source":"772","target":"805"},{"source":"772","target":"814"},{"source":"772","target":"827"},{"source":"772","target":"828"},{"source":"772","target":"845"},{"source":"772","target":"856"},{"source":"773","target":"774"},{"source":"773","target":"780"},{"source":"773","target":"781"},{"source":"773","target":"784"},{"source":"773","target":"810"},{"source":"773","target":"815"},{"source":"773","target":"820"},{"source":"773","target":"821"},{"source":"773","target":"823"},{"source":"773","target":"824"},{"source":"773","target":"827"},{"source":"773","target":"828"},{"source":"773","target":"829"},{"source":"773","target":"831"},{"source":"773","target":"834"},{"source":"773","target":"836"},{"source":"773","target":"842"},{"source":"773","target":"847"},{"source":"773","target":"853"},{"source":"774","target":"784"},{"source":"774","target":"800"},{"source":"774","target":"805"},{"source":"774","target":"807"},{"source":"774","target":"810"},{"source":"774","target":"811"},{"source":"774","target":"819"},{"source":"774","target":"820"},{"source":"774","target":"823"},{"source":"774","target":"824"},{"source":"774","target":"828"},{"source":"774","target":"830"},{"source":"774","target":"840"},{"source":"774","target":"843"},{"source":"774","target":"853"},{"source":"774","target":"856"},{"source":"774","target":"869"},{"source":"776","target":"867"},{"source":"776","target":"872"},{"source":"776","target":"873"},{"source":"776","target":"874"},{"source":"776","target":"877"},{"source":"776","target":"885"},{"source":"776","target":"887"},{"source":"777","target":"779"},{"source":"777","target":"780"},{"source":"777","target":"824"},{"source":"777","target":"829"},{"source":"777","target":"830"},{"source":"778","target":"812"},{"source":"778","target":"819"},{"source":"778","target":"828"},{"source":"778","target":"830"},{"source":"778","target":"834"},{"source":"778","target":"844"},{"source":"779","target":"780"},{"source":"779","target":"792"},{"source":"779","target":"807"},{"source":"779","target":"823"},{"source":"779","target":"824"},{"source":"779","target":"828"},{"source":"779","target":"835"},{"source":"779","target":"838"},{"source":"779","target":"840"},{"source":"780","target":"792"},{"source":"780","target":"803"},{"source":"780","target":"805"},{"source":"780","target":"815"},{"source":"780","target":"819"},{"source":"780","target":"823"},{"source":"780","target":"824"},{"source":"780","target":"828"},{"source":"780","target":"830"},{"source":"780","target":"834"},{"source":"780","target":"835"},{"source":"780","target":"838"},{"source":"780","target":"840"},{"source":"780","target":"845"},{"source":"781","target":"783"},{"source":"781","target":"784"},{"source":"781","target":"787"},{"source":"781","target":"793"},{"source":"781","target":"794"},{"source":"781","target":"800"},{"source":"781","target":"805"},{"source":"781","target":"809"},{"source":"781","target":"810"},{"source":"781","target":"814"},{"source":"781","target":"815"},{"source":"781","target":"817"},{"source":"781","target":"823"},{"source":"781","target":"824"},{"source":"781","target":"827"},{"source":"781","target":"828"},{"source":"781","target":"829"},{"source":"781","target":"830"},{"source":"781","target":"834"},{"source":"781","target":"836"},{"source":"781","target":"842"},{"source":"781","target":"849"},{"source":"781","target":"853"},{"source":"782","target":"786"},{"source":"782","target":"804"},{"source":"782","target":"813"},{"source":"782","target":"829"},{"source":"782","target":"833"},{"source":"783","target":"787"},{"source":"783","target":"793"},{"source":"783","target":"797"},{"source":"783","target":"809"},{"source":"783","target":"817"},{"source":"783","target":"820"},{"source":"783","target":"827"},{"source":"783","target":"849"},{"source":"784","target":"794"},{"source":"784","target":"795"},{"source":"784","target":"800"},{"source":"784","target":"810"},{"source":"784","target":"813"},{"source":"784","target":"824"},{"source":"784","target":"826"},{"source":"784","target":"827"},{"source":"784","target":"828"},{"source":"784","target":"829"},{"source":"784","target":"834"},{"source":"784","target":"842"},{"source":"784","target":"853"},{"source":"784","target":"854"},{"source":"785","target":"846"},{"source":"786","target":"813"},{"source":"786","target":"829"},{"source":"786","target":"833"},{"source":"787","target":"793"},{"source":"787","target":"797"},{"source":"787","target":"803"},{"source":"787","target":"808"},{"source":"787","target":"809"},{"source":"787","target":"814"},{"source":"787","target":"817"},{"source":"787","target":"823"},{"source":"787","target":"827"},{"source":"787","target":"836"},{"source":"787","target":"849"},{"source":"788","target":"806"},{"source":"789","target":"806"},{"source":"789","target":"818"},{"source":"789","target":"833"},{"source":"789","target":"839"},{"source":"790","target":"832"},{"source":"791","target":"796"},{"source":"791","target":"806"},{"source":"791","target":"818"},{"source":"791","target":"822"},{"source":"792","target":"803"},{"source":"792","target":"805"},{"source":"792","target":"807"},{"source":"792","target":"815"},{"source":"792","target":"819"},{"source":"792","target":"823"},{"source":"792","target":"824"},{"source":"792","target":"828"},{"source":"792","target":"830"},{"source":"792","target":"835"},{"source":"792","target":"837"},{"source":"792","target":"838"},{"source":"792","target":"850"},{"source":"793","target":"797"},{"source":"793","target":"808"},{"source":"793","target":"809"},{"source":"793","target":"817"},{"source":"793","target":"836"},{"source":"793","target":"849"},{"source":"793","target":"850"},{"source":"794","target":"795"},{"source":"794","target":"842"},{"source":"795","target":"813"},{"source":"795","target":"820"},{"source":"795","target":"829"},{"source":"795","target":"842"},{"source":"795","target":"853"},{"source":"796","target":"806"},{"source":"796","target":"818"},{"source":"796","target":"822"},{"source":"796","target":"829"},{"source":"797","target":"808"},{"source":"797","target":"809"},{"source":"797","target":"817"},{"source":"797","target":"820"},{"source":"797","target":"827"},{"source":"797","target":"828"},{"source":"797","target":"831"},{"source":"797","target":"849"},{"source":"798","target":"852"},{"source":"798","target":"855"},{"source":"799","target":"813"},{"source":"799","target":"814"},{"source":"799","target":"835"},{"source":"799","target":"845"},{"source":"800","target":"805"},{"source":"800","target":"810"},{"source":"800","target":"811"},{"source":"800","target":"814"},{"source":"800","target":"823"},{"source":"800","target":"827"},{"source":"800","target":"828"},{"source":"800","target":"830"},{"source":"800","target":"834"},{"source":"800","target":"842"},{"source":"800","target":"845"},{"source":"800","target":"851"},{"source":"800","target":"853"},{"source":"800","target":"856"},{"source":"802","target":"806"},{"source":"802","target":"818"},{"source":"803","target":"820"},{"source":"803","target":"832"},{"source":"803","target":"837"},{"source":"803","target":"840"},{"source":"803","target":"880"},{"source":"804","target":"849"},{"source":"804","target":"856"},{"source":"804","target":"861"},{"source":"804","target":"863"},{"source":"804","target":"876"},{"source":"804","target":"878"},{"source":"804","target":"882"},{"source":"804","target":"886"},{"source":"804","target":"888"},{"source":"804","target":"889"},{"source":"805","target":"807"},{"source":"805","target":"810"},{"source":"805","target":"814"},{"source":"805","target":"815"},{"source":"805","target":"817"},{"source":"805","target":"818"},{"source":"805","target":"819"},{"source":"805","target":"823"},{"source":"805","target":"824"},{"source":"805","target":"827"},{"source":"805","target":"828"},{"source":"805","target":"829"},{"source":"805","target":"830"},{"source":"805","target":"831"},{"source":"805","target":"834"},{"source":"805","target":"837"},{"source":"805","target":"838"},{"source":"805","target":"840"},{"source":"805","target":"842"},{"source":"805","target":"843"},{"source":"805","target":"844"},{"source":"805","target":"847"},{"source":"805","target":"853"},{"source":"805","target":"880"},{"source":"806","target":"818"},{"source":"806","target":"822"},{"source":"806","target":"833"},{"source":"806","target":"839"},{"source":"806","target":"850"},{"source":"807","target":"819"},{"source":"807","target":"823"},{"source":"807","target":"828"},{"source":"807","target":"838"},{"source":"807","target":"843"},{"source":"807","target":"856"},{"source":"808","target":"809"},{"source":"809","target":"817"},{"source":"809","target":"827"},{"source":"810","target":"814"},{"source":"810","target":"815"},{"source":"810","target":"823"},{"source":"810","target":"827"},{"source":"810","target":"828"},{"source":"810","target":"834"},{"source":"810","target":"842"},{"source":"810","target":"847"},{"source":"810","target":"853"},{"source":"810","target":"856"},{"source":"811","target":"856"},{"source":"811","target":"869"},{"source":"811","target":"890"},{"source":"812","target":"815"},{"source":"812","target":"824"},{"source":"812","target":"828"},{"source":"812","target":"837"},{"source":"813","target":"833"},{"source":"814","target":"827"},{"source":"814","target":"828"},{"source":"814","target":"829"},{"source":"814","target":"834"},{"source":"814","target":"842"},{"source":"814","target":"853"},{"source":"815","target":"819"},{"source":"815","target":"823"},{"source":"815","target":"824"},{"source":"815","target":"828"},{"source":"815","target":"830"},{"source":"815","target":"834"},{"source":"815","target":"835"},{"source":"815","target":"837"},{"source":"815","target":"838"},{"source":"815","target":"845"},{"source":"815","target":"847"},{"source":"815","target":"853"},{"source":"815","target":"856"},{"source":"816","target":"833"},{"source":"816","target":"850"},{"source":"817","target":"819"},{"source":"817","target":"827"},{"source":"817","target":"828"},{"source":"817","target":"830"},{"source":"817","target":"850"},{"source":"818","target":"822"},{"source":"818","target":"839"},{"source":"819","target":"823"},{"source":"819","target":"824"},{"source":"819","target":"827"},{"source":"819","target":"828"},{"source":"819","target":"830"},{"source":"819","target":"834"},{"source":"819","target":"835"},{"source":"819","target":"838"},{"source":"819","target":"840"},{"source":"819","target":"848"},{"source":"819","target":"856"},{"source":"819","target":"880"},{"source":"820","target":"823"},{"source":"820","target":"824"},{"source":"820","target":"828"},{"source":"820","target":"830"},{"source":"820","target":"831"},{"source":"820","target":"834"},{"source":"820","target":"845"},{"source":"820","target":"848"},{"source":"820","target":"849"},{"source":"820","target":"853"},{"source":"821","target":"836"},{"source":"822","target":"829"},{"source":"822","target":"839"},{"source":"822","target":"850"},{"source":"823","target":"824"},{"source":"823","target":"827"},{"source":"823","target":"828"},{"source":"823","target":"830"},{"source":"823","target":"834"},{"source":"823","target":"835"},{"source":"823","target":"838"},{"source":"823","target":"840"},{"source":"823","target":"843"},{"source":"823","target":"848"},{"source":"823","target":"853"},{"source":"823","target":"856"},{"source":"823","target":"880"},{"source":"824","target":"826"},{"source":"824","target":"827"},{"source":"824","target":"828"},{"source":"824","target":"829"},{"source":"824","target":"830"},{"source":"824","target":"834"},{"source":"824","target":"835"},{"source":"824","target":"837"},{"source":"824","target":"838"},{"source":"824","target":"840"},{"source":"824","target":"842"},{"source":"824","target":"843"},{"source":"824","target":"844"},{"source":"824","target":"847"},{"source":"824","target":"848"},{"source":"824","target":"849"},{"source":"824","target":"853"},{"source":"825","target":"856"},{"source":"825","target":"864"},{"source":"825","target":"884"},{"source":"825","target":"889"},{"source":"826","target":"828"},{"source":"826","target":"830"},{"source":"826","target":"842"},{"source":"827","target":"828"},{"source":"827","target":"830"},{"source":"827","target":"834"},{"source":"827","target":"842"},{"source":"827","target":"849"},{"source":"827","target":"853"},{"source":"828","target":"829"},{"source":"828","target":"830"},{"source":"828","target":"834"},{"source":"828","target":"835"},{"source":"828","target":"837"},{"source":"828","target":"838"},{"source":"828","target":"840"},{"source":"828","target":"842"},{"source":"828","target":"844"},{"source":"828","target":"845"},{"source":"828","target":"846"},{"source":"828","target":"847"},{"source":"828","target":"848"},{"source":"828","target":"849"},{"source":"828","target":"851"},{"source":"828","target":"853"},{"source":"828","target":"856"},{"source":"828","target":"880"},{"source":"829","target":"834"},{"source":"829","target":"842"},{"source":"829","target":"847"},{"source":"829","target":"853"},{"source":"830","target":"834"},{"source":"830","target":"838"},{"source":"830","target":"840"},{"source":"830","target":"844"},{"source":"830","target":"845"},{"source":"830","target":"846"},{"source":"830","target":"847"},{"source":"830","target":"849"},{"source":"830","target":"853"},{"source":"830","target":"856"},{"source":"831","target":"853"},{"source":"834","target":"842"},{"source":"834","target":"844"},{"source":"834","target":"847"},{"source":"834","target":"853"},{"source":"835","target":"837"},{"source":"835","target":"838"},{"source":"836","target":"853"},{"source":"837","target":"840"},{"source":"838","target":"840"},{"source":"838","target":"856"},{"source":"840","target":"848"},{"source":"840","target":"856"},{"source":"842","target":"853"},{"source":"844","target":"848"},{"source":"845","target":"849"},{"source":"847","target":"853"},{"source":"852","target":"855"},{"source":"856","target":"861"},{"source":"856","target":"863"},{"source":"856","target":"864"},{"source":"856","target":"869"},{"source":"856","target":"876"},{"source":"856","target":"878"},{"source":"856","target":"882"},{"source":"856","target":"888"},{"source":"856","target":"889"},{"source":"856","target":"893"},{"source":"857","target":"862"},{"source":"857","target":"865"},{"source":"857","target":"868"},{"source":"857","target":"871"},{"source":"857","target":"3437"},{"source":"857","target":"3456"},{"source":"857","target":"3495"},{"source":"857","target":"3586"},{"source":"857","target":"3621"},{"source":"857","target":"3626"},{"source":"857","target":"3797"},{"source":"858","target":"870"},{"source":"858","target":"871"},{"source":"858","target":"881"},{"source":"858","target":"895"},{"source":"859","target":"885"},{"source":"860","target":"1684"},{"source":"861","target":"863"},{"source":"861","target":"876"},{"source":"861","target":"878"},{"source":"861","target":"888"},{"source":"861","target":"889"},{"source":"862","target":"865"},{"source":"862","target":"868"},{"source":"862","target":"1085"},{"source":"862","target":"3437"},{"source":"862","target":"3456"},{"source":"862","target":"3495"},{"source":"862","target":"3501"},{"source":"862","target":"3517"},{"source":"862","target":"3550"},{"source":"862","target":"3577"},{"source":"862","target":"3586"},{"source":"862","target":"3592"},{"source":"862","target":"3609"},{"source":"862","target":"3621"},{"source":"862","target":"3633"},{"source":"862","target":"3677"},{"source":"862","target":"3684"},{"source":"862","target":"3721"},{"source":"862","target":"3779"},{"source":"862","target":"3797"},{"source":"862","target":"3872"},{"source":"862","target":"3948"},{"source":"863","target":"876"},{"source":"863","target":"878"},{"source":"863","target":"882"},{"source":"863","target":"886"},{"source":"863","target":"888"},{"source":"863","target":"889"},{"source":"864","target":"884"},{"source":"864","target":"893"},{"source":"865","target":"868"},{"source":"866","target":"879"},{"source":"866","target":"881"},{"source":"866","target":"894"},{"source":"866","target":"895"},{"source":"867","target":"872"},{"source":"867","target":"873"},{"source":"867","target":"874"},{"source":"867","target":"877"},{"source":"867","target":"885"},{"source":"867","target":"887"},{"source":"869","target":"890"},{"source":"870","target":"871"},{"source":"870","target":"879"},{"source":"870","target":"881"},{"source":"870","target":"894"},{"source":"870","target":"895"},{"source":"871","target":"879"},{"source":"871","target":"881"},{"source":"871","target":"895"},{"source":"872","target":"873"},{"source":"872","target":"874"},{"source":"872","target":"885"},{"source":"872","target":"887"},{"source":"873","target":"874"},{"source":"873","target":"885"},{"source":"874","target":"885"},{"source":"874","target":"887"},{"source":"876","target":"878"},{"source":"876","target":"882"},{"source":"876","target":"886"},{"source":"876","target":"888"},{"source":"876","target":"889"},{"source":"877","target":"885"},{"source":"878","target":"886"},{"source":"878","target":"888"},{"source":"878","target":"889"},{"source":"879","target":"881"},{"source":"879","target":"894"},{"source":"881","target":"895"},{"source":"882","target":"886"},{"source":"882","target":"889"},{"source":"884","target":"893"},{"source":"885","target":"887"},{"source":"886","target":"889"},{"source":"888","target":"889"},{"source":"896","target":"902"},{"source":"896","target":"954"},{"source":"896","target":"957"},{"source":"896","target":"975"},{"source":"896","target":"981"},{"source":"896","target":"984"},{"source":"896","target":"988"},{"source":"896","target":"989"},{"source":"896","target":"994"},{"source":"896","target":"1007"},{"source":"896","target":"1009"},{"source":"896","target":"1014"},{"source":"896","target":"1015"},{"source":"896","target":"1018"},{"source":"896","target":"1019"},{"source":"896","target":"1021"},{"source":"896","target":"1032"},{"source":"896","target":"1036"},{"source":"896","target":"1044"},{"source":"896","target":"1060"},{"source":"896","target":"1067"},{"source":"896","target":"1081"},{"source":"896","target":"1082"},{"source":"896","target":"1100"},{"source":"896","target":"1102"},{"source":"896","target":"1104"},{"source":"896","target":"1108"},{"source":"896","target":"1115"},{"source":"896","target":"1120"},{"source":"896","target":"1129"},{"source":"896","target":"1148"},{"source":"896","target":"1158"},{"source":"896","target":"1170"},{"source":"896","target":"1190"},{"source":"896","target":"1192"},{"source":"896","target":"1204"},{"source":"896","target":"1215"},{"source":"896","target":"1221"},{"source":"896","target":"1227"},{"source":"896","target":"1229"},{"source":"896","target":"1231"},{"source":"896","target":"1235"},{"source":"896","target":"1257"},{"source":"896","target":"1261"},{"source":"896","target":"1273"},{"source":"896","target":"1277"},{"source":"896","target":"1282"},{"source":"896","target":"1284"},{"source":"896","target":"1286"},{"source":"896","target":"1292"},{"source":"896","target":"1298"},{"source":"896","target":"1303"},{"source":"896","target":"1315"},{"source":"896","target":"1322"},{"source":"896","target":"1324"},{"source":"896","target":"1345"},{"source":"896","target":"1347"},{"source":"896","target":"1350"},{"source":"896","target":"1373"},{"source":"896","target":"1379"},{"source":"896","target":"1381"},{"source":"896","target":"1392"},{"source":"896","target":"1396"},{"source":"896","target":"1404"},{"source":"896","target":"1413"},{"source":"896","target":"1417"},{"source":"896","target":"1423"},{"source":"896","target":"1426"},{"source":"896","target":"1432"},{"source":"896","target":"1438"},{"source":"896","target":"1448"},{"source":"896","target":"1454"},{"source":"896","target":"1459"},{"source":"896","target":"1462"},{"source":"896","target":"1475"},{"source":"896","target":"1479"},{"source":"896","target":"1495"},{"source":"896","target":"1502"},{"source":"896","target":"1515"},{"source":"896","target":"1550"},{"source":"896","target":"1573"},{"source":"896","target":"1576"},{"source":"896","target":"1578"},{"source":"896","target":"1583"},{"source":"896","target":"1587"},{"source":"896","target":"1591"},{"source":"896","target":"1595"},{"source":"896","target":"1596"},{"source":"896","target":"1611"},{"source":"896","target":"1628"},{"source":"896","target":"1635"},{"source":"896","target":"1636"},{"source":"896","target":"1638"},{"source":"896","target":"1647"},{"source":"896","target":"1661"},{"source":"896","target":"1680"},{"source":"896","target":"1691"},{"source":"896","target":"1706"},{"source":"896","target":"1715"},{"source":"896","target":"1716"},{"source":"896","target":"1720"},{"source":"896","target":"1728"},{"source":"896","target":"1732"},{"source":"896","target":"1742"},{"source":"896","target":"1751"},{"source":"896","target":"1764"},{"source":"896","target":"1783"},{"source":"896","target":"1786"},{"source":"896","target":"1790"},{"source":"896","target":"1812"},{"source":"896","target":"1824"},{"source":"896","target":"1841"},{"source":"896","target":"1850"},{"source":"896","target":"1857"},{"source":"896","target":"1859"},{"source":"896","target":"1862"},{"source":"896","target":"1871"},{"source":"896","target":"1872"},{"source":"896","target":"1873"},{"source":"896","target":"1875"},{"source":"896","target":"1893"},{"source":"896","target":"1899"},{"source":"896","target":"1903"},{"source":"897","target":"922"},{"source":"897","target":"927"},{"source":"897","target":"947"},{"source":"897","target":"953"},{"source":"897","target":"967"},{"source":"897","target":"991"},{"source":"897","target":"995"},{"source":"897","target":"1029"},{"source":"897","target":"1058"},{"source":"897","target":"1074"},{"source":"897","target":"1083"},{"source":"897","target":"1084"},{"source":"897","target":"1123"},{"source":"897","target":"1160"},{"source":"897","target":"1173"},{"source":"897","target":"1191"},{"source":"897","target":"1205"},{"source":"897","target":"1214"},{"source":"897","target":"1219"},{"source":"897","target":"1256"},{"source":"897","target":"1280"},{"source":"897","target":"1305"},{"source":"897","target":"1312"},{"source":"897","target":"1323"},{"source":"897","target":"1329"},{"source":"897","target":"1331"},{"source":"897","target":"1361"},{"source":"897","target":"1376"},{"source":"897","target":"1388"},{"source":"897","target":"1398"},{"source":"897","target":"1409"},{"source":"897","target":"1420"},{"source":"897","target":"1447"},{"source":"897","target":"1449"},{"source":"897","target":"1458"},{"source":"897","target":"1460"},{"source":"897","target":"1467"},{"source":"897","target":"1470"},{"source":"897","target":"1480"},{"source":"897","target":"1483"},{"source":"897","target":"1513"},{"source":"897","target":"1519"},{"source":"897","target":"1522"},{"source":"897","target":"1530"},{"source":"897","target":"1535"},{"source":"897","target":"1553"},{"source":"897","target":"1570"},{"source":"897","target":"1590"},{"source":"897","target":"1612"},{"source":"897","target":"1620"},{"source":"897","target":"1639"},{"source":"897","target":"1741"},{"source":"897","target":"1765"},{"source":"897","target":"1768"},{"source":"897","target":"1769"},{"source":"897","target":"1782"},{"source":"897","target":"1791"},{"source":"897","target":"1799"},{"source":"897","target":"1805"},{"source":"897","target":"1835"},{"source":"897","target":"1842"},{"source":"897","target":"1846"},{"source":"897","target":"1861"},{"source":"897","target":"1863"},{"source":"897","target":"1888"},{"source":"898","target":"917"},{"source":"898","target":"919"},{"source":"898","target":"942"},{"source":"898","target":"969"},{"source":"898","target":"971"},{"source":"898","target":"1014"},{"source":"898","target":"1020"},{"source":"898","target":"1066"},{"source":"898","target":"1081"},{"source":"898","target":"1099"},{"source":"898","target":"1102"},{"source":"898","target":"1108"},{"source":"898","target":"1166"},{"source":"898","target":"1261"},{"source":"898","target":"1273"},{"source":"898","target":"1277"},{"source":"898","target":"1282"},{"source":"898","target":"1309"},{"source":"898","target":"1316"},{"source":"898","target":"1373"},{"source":"898","target":"1382"},{"source":"898","target":"1396"},{"source":"898","target":"1406"},{"source":"898","target":"1454"},{"source":"898","target":"1515"},{"source":"898","target":"1595"},{"source":"898","target":"1729"},{"source":"898","target":"1732"},{"source":"898","target":"1742"},{"source":"898","target":"1751"},{"source":"898","target":"1783"},{"source":"898","target":"1786"},{"source":"898","target":"1820"},{"source":"898","target":"1824"},{"source":"898","target":"1848"},{"source":"898","target":"1871"},{"source":"898","target":"1875"},{"source":"899","target":"1133"},{"source":"899","target":"1442"},{"source":"900","target":"908"},{"source":"900","target":"919"},{"source":"900","target":"1014"},{"source":"900","target":"1136"},{"source":"900","target":"1261"},{"source":"900","target":"1307"},{"source":"900","target":"1494"},{"source":"900","target":"1553"},{"source":"900","target":"1615"},{"source":"900","target":"1687"},{"source":"900","target":"1698"},{"source":"900","target":"1825"},{"source":"901","target":"903"},{"source":"901","target":"938"},{"source":"901","target":"958"},{"source":"901","target":"963"},{"source":"901","target":"992"},{"source":"901","target":"1097"},{"source":"901","target":"1118"},{"source":"901","target":"1137"},{"source":"901","target":"1186"},{"source":"901","target":"1216"},{"source":"901","target":"1232"},{"source":"901","target":"1314"},{"source":"901","target":"1319"},{"source":"901","target":"1333"},{"source":"901","target":"1363"},{"source":"901","target":"1371"},{"source":"901","target":"1378"},{"source":"901","target":"1452"},{"source":"901","target":"1468"},{"source":"901","target":"1493"},{"source":"901","target":"1533"},{"source":"901","target":"1548"},{"source":"901","target":"1568"},{"source":"901","target":"1601"},{"source":"901","target":"1629"},{"source":"901","target":"1648"},{"source":"901","target":"1733"},{"source":"901","target":"1787"},{"source":"901","target":"1798"},{"source":"901","target":"1837"},{"source":"901","target":"1880"},{"source":"901","target":"1892"},{"source":"901","target":"1895"},{"source":"902","target":"957"},{"source":"902","target":"975"},{"source":"902","target":"981"},{"source":"902","target":"1019"},{"source":"902","target":"1036"},{"source":"902","target":"1067"},{"source":"902","target":"1082"},{"source":"902","target":"1100"},{"source":"902","target":"1104"},{"source":"902","target":"1129"},{"source":"902","target":"1148"},{"source":"902","target":"1158"},{"source":"902","target":"1190"},{"source":"902","target":"1192"},{"source":"902","target":"1204"},{"source":"902","target":"1227"},{"source":"902","target":"1235"},{"source":"902","target":"1257"},{"source":"902","target":"1277"},{"source":"902","target":"1279"},{"source":"902","target":"1298"},{"source":"902","target":"1322"},{"source":"902","target":"1345"},{"source":"902","target":"1347"},{"source":"902","target":"1379"},{"source":"902","target":"1426"},{"source":"902","target":"1438"},{"source":"902","target":"1448"},{"source":"902","target":"1459"},{"source":"902","target":"1462"},{"source":"902","target":"1479"},{"source":"902","target":"1573"},{"source":"902","target":"1576"},{"source":"902","target":"1591"},{"source":"902","target":"1596"},{"source":"902","target":"1611"},{"source":"902","target":"1628"},{"source":"902","target":"1636"},{"source":"902","target":"1680"},{"source":"902","target":"1691"},{"source":"902","target":"1857"},{"source":"902","target":"1872"},{"source":"902","target":"1873"},{"source":"902","target":"1899"},{"source":"903","target":"917"},{"source":"903","target":"963"},{"source":"903","target":"992"},{"source":"903","target":"1097"},{"source":"903","target":"1118"},{"source":"903","target":"1137"},{"source":"903","target":"1186"},{"source":"903","target":"1216"},{"source":"903","target":"1232"},{"source":"903","target":"1314"},{"source":"903","target":"1319"},{"source":"903","target":"1333"},{"source":"903","target":"1363"},{"source":"903","target":"1371"},{"source":"903","target":"1378"},{"source":"903","target":"1452"},{"source":"903","target":"1468"},{"source":"903","target":"1493"},{"source":"903","target":"1533"},{"source":"903","target":"1548"},{"source":"903","target":"1568"},{"source":"903","target":"1601"},{"source":"903","target":"1629"},{"source":"903","target":"1648"},{"source":"903","target":"1733"},{"source":"903","target":"1747"},{"source":"903","target":"1787"},{"source":"903","target":"1798"},{"source":"903","target":"1837"},{"source":"903","target":"1880"},{"source":"903","target":"1892"},{"source":"903","target":"1895"},{"source":"904","target":"1224"},{"source":"905","target":"1001"},{"source":"905","target":"1095"},{"source":"905","target":"1114"},{"source":"905","target":"1217"},{"source":"905","target":"1226"},{"source":"905","target":"1237"},{"source":"905","target":"1263"},{"source":"905","target":"1408"},{"source":"905","target":"1422"},{"source":"905","target":"1487"},{"source":"905","target":"1536"},{"source":"905","target":"1658"},{"source":"905","target":"1692"},{"source":"906","target":"925"},{"source":"906","target":"966"},{"source":"906","target":"1003"},{"source":"906","target":"1048"},{"source":"906","target":"1049"},{"source":"906","target":"1054"},{"source":"906","target":"1059"},{"source":"906","target":"1075"},{"source":"906","target":"1078"},{"source":"906","target":"1110"},{"source":"906","target":"1116"},{"source":"906","target":"1126"},{"source":"906","target":"1128"},{"source":"906","target":"1175"},{"source":"906","target":"1184"},{"source":"906","target":"1199"},{"source":"906","target":"1205"},{"source":"906","target":"1209"},{"source":"906","target":"1222"},{"source":"906","target":"1242"},{"source":"906","target":"1243"},{"source":"906","target":"1250"},{"source":"906","target":"1256"},{"source":"906","target":"1269"},{"source":"906","target":"1278"},{"source":"906","target":"1323"},{"source":"906","target":"1344"},{"source":"906","target":"1352"},{"source":"906","target":"1367"},{"source":"906","target":"1375"},{"source":"906","target":"1376"},{"source":"906","target":"1377"},{"source":"906","target":"1390"},{"source":"906","target":"1407"},{"source":"906","target":"1431"},{"source":"906","target":"1471"},{"source":"906","target":"1480"},{"source":"906","target":"1520"},{"source":"906","target":"1528"},{"source":"906","target":"1547"},{"source":"906","target":"1551"},{"source":"906","target":"1554"},{"source":"906","target":"1557"},{"source":"906","target":"1570"},{"source":"906","target":"1572"},{"source":"906","target":"1600"},{"source":"906","target":"1609"},{"source":"906","target":"1620"},{"source":"906","target":"1622"},{"source":"906","target":"1623"},{"source":"906","target":"1644"},{"source":"906","target":"1652"},{"source":"906","target":"1653"},{"source":"906","target":"1659"},{"source":"906","target":"1663"},{"source":"906","target":"1688"},{"source":"906","target":"1689"},{"source":"906","target":"1724"},{"source":"906","target":"1730"},{"source":"906","target":"1737"},{"source":"906","target":"1746"},{"source":"906","target":"1757"},{"source":"906","target":"1768"},{"source":"906","target":"1771"},{"source":"906","target":"1795"},{"source":"906","target":"1796"},{"source":"906","target":"1800"},{"source":"906","target":"1804"},{"source":"906","target":"1811"},{"source":"906","target":"1816"},{"source":"906","target":"1827"},{"source":"906","target":"1861"},{"source":"906","target":"1867"},{"source":"906","target":"1877"},{"source":"906","target":"1888"},{"source":"906","target":"1891"},{"source":"907","target":"948"},{"source":"907","target":"980"},{"source":"907","target":"1047"},{"source":"907","target":"1155"},{"source":"907","target":"1172"},{"source":"907","target":"1420"},{"source":"907","target":"1464"},{"source":"907","target":"1677"},{"source":"907","target":"1685"},{"source":"907","target":"1730"},{"source":"907","target":"1734"},{"source":"907","target":"1845"},{"source":"908","target":"950"},{"source":"908","target":"1033"},{"source":"908","target":"1077"},{"source":"908","target":"1136"},{"source":"908","target":"1144"},{"source":"908","target":"1187"},{"source":"908","target":"1203"},{"source":"908","target":"1274"},{"source":"908","target":"1307"},{"source":"908","target":"1325"},{"source":"908","target":"1327"},{"source":"908","target":"1337"},{"source":"908","target":"1360"},{"source":"908","target":"1421"},{"source":"908","target":"1433"},{"source":"908","target":"1465"},{"source":"908","target":"1511"},{"source":"908","target":"1518"},{"source":"908","target":"1537"},{"source":"908","target":"1555"},{"source":"908","target":"1567"},{"source":"908","target":"1588"},{"source":"908","target":"1593"},{"source":"908","target":"1615"},{"source":"908","target":"1687"},{"source":"908","target":"1698"},{"source":"908","target":"1719"},{"source":"908","target":"1806"},{"source":"908","target":"1825"},{"source":"908","target":"1866"},{"source":"909","target":"955"},{"source":"909","target":"1030"},{"source":"909","target":"1043"},{"source":"909","target":"1045"},{"source":"909","target":"1111"},{"source":"909","target":"1197"},{"source":"909","target":"1368"},{"source":"909","target":"1384"},{"source":"909","target":"1436"},{"source":"909","target":"1788"},{"source":"909","target":"1889"},{"source":"910","target":"912"},{"source":"910","target":"1657"},{"source":"910","target":"1776"},{"source":"910","target":"1808"},{"source":"912","target":"1122"},{"source":"912","target":"1357"},{"source":"912","target":"1422"},{"source":"912","target":"1536"},{"source":"912","target":"1657"},{"source":"912","target":"1776"},{"source":"912","target":"1808"},{"source":"913","target":"914"},{"source":"913","target":"968"},{"source":"913","target":"1052"},{"source":"913","target":"1068"},{"source":"913","target":"1093"},{"source":"913","target":"1135"},{"source":"913","target":"1173"},{"source":"913","target":"1183"},{"source":"913","target":"1217"},{"source":"913","target":"1222"},{"source":"913","target":"1238"},{"source":"913","target":"1247"},{"source":"913","target":"1357"},{"source":"913","target":"1366"},{"source":"913","target":"1377"},{"source":"913","target":"1408"},{"source":"913","target":"1436"},{"source":"913","target":"1444"},{"source":"913","target":"1453"},{"source":"913","target":"1487"},{"source":"913","target":"1497"},{"source":"913","target":"1561"},{"source":"913","target":"1575"},{"source":"913","target":"1620"},{"source":"913","target":"1630"},{"source":"913","target":"1646"},{"source":"913","target":"1658"},{"source":"913","target":"1675"},{"source":"913","target":"1688"},{"source":"913","target":"1699"},{"source":"913","target":"1703"},{"source":"913","target":"1709"},{"source":"913","target":"1727"},{"source":"913","target":"1738"},{"source":"913","target":"1807"},{"source":"913","target":"1813"},{"source":"913","target":"1818"},{"source":"913","target":"1867"},{"source":"913","target":"1881"},{"source":"913","target":"1885"},{"source":"913","target":"1897"},{"source":"913","target":"1910"},{"source":"914","target":"915"},{"source":"914","target":"1052"},{"source":"914","target":"1217"},{"source":"914","target":"1247"},{"source":"914","target":"1408"},{"source":"914","target":"1453"},{"source":"914","target":"1574"},{"source":"914","target":"1575"},{"source":"914","target":"1673"},{"source":"914","target":"1807"},{"source":"914","target":"1818"},{"source":"914","target":"1882"},{"source":"914","target":"1885"},{"source":"914","target":"1897"},{"source":"915","target":"930"},{"source":"915","target":"948"},{"source":"915","target":"962"},{"source":"915","target":"1110"},{"source":"915","target":"1142"},{"source":"915","target":"1155"},{"source":"915","target":"1192"},{"source":"915","target":"1294"},{"source":"915","target":"1408"},{"source":"915","target":"1425"},{"source":"915","target":"1427"},{"source":"915","target":"1446"},{"source":"915","target":"1487"},{"source":"915","target":"1545"},{"source":"915","target":"1549"},{"source":"915","target":"1565"},{"source":"915","target":"1574"},{"source":"915","target":"1602"},{"source":"915","target":"1625"},{"source":"915","target":"1636"},{"source":"915","target":"1671"},{"source":"915","target":"1673"},{"source":"915","target":"1763"},{"source":"915","target":"1766"},{"source":"915","target":"1778"},{"source":"915","target":"1790"},{"source":"915","target":"1801"},{"source":"915","target":"1844"},{"source":"915","target":"1881"},{"source":"915","target":"1897"},{"source":"916","target":"925"},{"source":"916","target":"946"},{"source":"916","target":"947"},{"source":"916","target":"952"},{"source":"916","target":"960"},{"source":"916","target":"966"},{"source":"916","target":"967"},{"source":"916","target":"972"},{"source":"916","target":"978"},{"source":"916","target":"982"},{"source":"916","target":"983"},{"source":"916","target":"993"},{"source":"916","target":"999"},{"source":"916","target":"1004"},{"source":"916","target":"1006"},{"source":"916","target":"1017"},{"source":"916","target":"1026"},{"source":"916","target":"1028"},{"source":"916","target":"1040"},{"source":"916","target":"1047"},{"source":"916","target":"1063"},{"source":"916","target":"1069"},{"source":"916","target":"1076"},{"source":"916","target":"1078"},{"source":"916","target":"1079"},{"source":"916","target":"1086"},{"source":"916","target":"1092"},{"source":"916","target":"1125"},{"source":"916","target":"1149"},{"source":"916","target":"1153"},{"source":"916","target":"1156"},{"source":"916","target":"1163"},{"source":"916","target":"1172"},{"source":"916","target":"1175"},{"source":"916","target":"1182"},{"source":"916","target":"1184"},{"source":"916","target":"1191"},{"source":"916","target":"1199"},{"source":"916","target":"1207"},{"source":"916","target":"1211"},{"source":"916","target":"1214"},{"source":"916","target":"1222"},{"source":"916","target":"1230"},{"source":"916","target":"1238"},{"source":"916","target":"1250"},{"source":"916","target":"1255"},{"source":"916","target":"1256"},{"source":"916","target":"1267"},{"source":"916","target":"1269"},{"source":"916","target":"1271"},{"source":"916","target":"1280"},{"source":"916","target":"1285"},{"source":"916","target":"1287"},{"source":"916","target":"1288"},{"source":"916","target":"1289"},{"source":"916","target":"1290"},{"source":"916","target":"1293"},{"source":"916","target":"1294"},{"source":"916","target":"1302"},{"source":"916","target":"1305"},{"source":"916","target":"1312"},{"source":"916","target":"1329"},{"source":"916","target":"1330"},{"source":"916","target":"1331"},{"source":"916","target":"1335"},{"source":"916","target":"1361"},{"source":"916","target":"1365"},{"source":"916","target":"1370"},{"source":"916","target":"1376"},{"source":"916","target":"1380"},{"source":"916","target":"1390"},{"source":"916","target":"1399"},{"source":"916","target":"1402"},{"source":"916","target":"1409"},{"source":"916","target":"1431"},{"source":"916","target":"1456"},{"source":"916","target":"1471"},{"source":"916","target":"1483"},{"source":"916","target":"1509"},{"source":"916","target":"1516"},{"source":"916","target":"1522"},{"source":"916","target":"1523"},{"source":"916","target":"1524"},{"source":"916","target":"1530"},{"source":"916","target":"1547"},{"source":"916","target":"1551"},{"source":"916","target":"1554"},{"source":"916","target":"1557"},{"source":"916","target":"1559"},{"source":"916","target":"1563"},{"source":"916","target":"1571"},{"source":"916","target":"1580"},{"source":"916","target":"1584"},{"source":"916","target":"1589"},{"source":"916","target":"1597"},{"source":"916","target":"1598"},{"source":"916","target":"1605"},{"source":"916","target":"1610"},{"source":"916","target":"1612"},{"source":"916","target":"1613"},{"source":"916","target":"1614"},{"source":"916","target":"1617"},{"source":"916","target":"1619"},{"source":"916","target":"1621"},{"source":"916","target":"1622"},{"source":"916","target":"1623"},{"source":"916","target":"1632"},{"source":"916","target":"1637"},{"source":"916","target":"1643"},{"source":"916","target":"1662"},{"source":"916","target":"1663"},{"source":"916","target":"1665"},{"source":"916","target":"1668"},{"source":"916","target":"1685"},{"source":"916","target":"1707"},{"source":"916","target":"1712"},{"source":"916","target":"1717"},{"source":"916","target":"1718"},{"source":"916","target":"1730"},{"source":"916","target":"1735"},{"source":"916","target":"1736"},{"source":"916","target":"1746"},{"source":"916","target":"1750"},{"source":"916","target":"1752"},{"source":"916","target":"1753"},{"source":"916","target":"1754"},{"source":"916","target":"1768"},{"source":"916","target":"1791"},{"source":"916","target":"1793"},{"source":"916","target":"1796"},{"source":"916","target":"1799"},{"source":"916","target":"1800"},{"source":"916","target":"1804"},{"source":"916","target":"1809"},{"source":"916","target":"1823"},{"source":"916","target":"1827"},{"source":"916","target":"1835"},{"source":"916","target":"1839"},{"source":"916","target":"1849"},{"source":"916","target":"1861"},{"source":"916","target":"1864"},{"source":"916","target":"1868"},{"source":"916","target":"1879"},{"source":"916","target":"1888"},{"source":"916","target":"1900"},{"source":"916","target":"1902"},{"source":"917","target":"919"},{"source":"917","target":"933"},{"source":"917","target":"938"},{"source":"917","target":"942"},{"source":"917","target":"944"},{"source":"917","target":"954"},{"source":"917","target":"957"},{"source":"917","target":"964"},{"source":"917","target":"965"},{"source":"917","target":"969"},{"source":"917","target":"984"},{"source":"917","target":"992"},{"source":"917","target":"1007"},{"source":"917","target":"1014"},{"source":"917","target":"1018"},{"source":"917","target":"1020"},{"source":"917","target":"1032"},{"source":"917","target":"1037"},{"source":"917","target":"1042"},{"source":"917","target":"1051"},{"source":"917","target":"1052"},{"source":"917","target":"1057"},{"source":"917","target":"1060"},{"source":"917","target":"1066"},{"source":"917","target":"1070"},{"source":"917","target":"1081"},{"source":"917","target":"1086"},{"source":"917","target":"1099"},{"source":"917","target":"1102"},{"source":"917","target":"1108"},{"source":"917","target":"1121"},{"source":"917","target":"1158"},{"source":"917","target":"1159"},{"source":"917","target":"1166"},{"source":"917","target":"1167"},{"source":"917","target":"1183"},{"source":"917","target":"1204"},{"source":"917","target":"1216"},{"source":"917","target":"1217"},{"source":"917","target":"1221"},{"source":"917","target":"1225"},{"source":"917","target":"1235"},{"source":"917","target":"1241"},{"source":"917","target":"1245"},{"source":"917","target":"1246"},{"source":"917","target":"1260"},{"source":"917","target":"1261"},{"source":"917","target":"1273"},{"source":"917","target":"1275"},{"source":"917","target":"1277"},{"source":"917","target":"1281"},{"source":"917","target":"1282"},{"source":"917","target":"1296"},{"source":"917","target":"1299"},{"source":"917","target":"1303"},{"source":"917","target":"1309"},{"source":"917","target":"1314"},{"source":"917","target":"1316"},{"source":"917","target":"1324"},{"source":"917","target":"1338"},{"source":"917","target":"1366"},{"source":"917","target":"1371"},{"source":"917","target":"1373"},{"source":"917","target":"1382"},{"source":"917","target":"1396"},{"source":"917","target":"1406"},{"source":"917","target":"1412"},{"source":"917","target":"1418"},{"source":"917","target":"1429"},{"source":"917","target":"1436"},{"source":"917","target":"1444"},{"source":"917","target":"1451"},{"source":"917","target":"1454"},{"source":"917","target":"1469"},{"source":"917","target":"1472"},{"source":"917","target":"1481"},{"source":"917","target":"1502"},{"source":"917","target":"1503"},{"source":"917","target":"1504"},{"source":"917","target":"1507"},{"source":"917","target":"1515"},{"source":"917","target":"1525"},{"source":"917","target":"1531"},{"source":"917","target":"1533"},{"source":"917","target":"1536"},{"source":"917","target":"1541"},{"source":"917","target":"1569"},{"source":"917","target":"1582"},{"source":"917","target":"1595"},{"source":"917","target":"1630"},{"source":"917","target":"1661"},{"source":"917","target":"1681"},{"source":"917","target":"1686"},{"source":"917","target":"1699"},{"source":"917","target":"1703"},{"source":"917","target":"1706"},{"source":"917","target":"1709"},{"source":"917","target":"1725"},{"source":"917","target":"1727"},{"source":"917","target":"1729"},{"source":"917","target":"1732"},{"source":"917","target":"1733"},{"source":"917","target":"1738"},{"source":"917","target":"1739"},{"source":"917","target":"1742"},{"source":"917","target":"1751"},{"source":"917","target":"1770"},{"source":"917","target":"1783"},{"source":"917","target":"1785"},{"source":"917","target":"1786"},{"source":"917","target":"1787"},{"source":"917","target":"1807"},{"source":"917","target":"1812"},{"source":"917","target":"1820"},{"source":"917","target":"1824"},{"source":"917","target":"1828"},{"source":"917","target":"1848"},{"source":"917","target":"1871"},{"source":"917","target":"1876"},{"source":"917","target":"1893"},{"source":"917","target":"1894"},{"source":"917","target":"1899"},{"source":"917","target":"1906"},{"source":"917","target":"1907"},{"source":"919","target":"942"},{"source":"919","target":"1020"},{"source":"919","target":"1032"},{"source":"919","target":"1066"},{"source":"919","target":"1099"},{"source":"919","target":"1102"},{"source":"919","target":"1245"},{"source":"919","target":"1261"},{"source":"919","target":"1277"},{"source":"919","target":"1303"},{"source":"919","target":"1373"},{"source":"919","target":"1396"},{"source":"919","target":"1495"},{"source":"919","target":"1582"},{"source":"919","target":"1661"},{"source":"919","target":"1729"},{"source":"919","target":"1732"},{"source":"919","target":"1742"},{"source":"919","target":"1751"},{"source":"919","target":"1783"},{"source":"919","target":"1786"},{"source":"919","target":"1820"},{"source":"919","target":"1824"},{"source":"919","target":"1871"},{"source":"920","target":"921"},{"source":"920","target":"1182"},{"source":"920","target":"1334"},{"source":"920","target":"1369"},{"source":"920","target":"1376"},{"source":"920","target":"1447"},{"source":"920","target":"1477"},{"source":"920","target":"1484"},{"source":"920","target":"1584"},{"source":"920","target":"1782"},{"source":"920","target":"1792"},{"source":"920","target":"1860"},{"source":"921","target":"925"},{"source":"921","target":"927"},{"source":"921","target":"934"},{"source":"921","target":"952"},{"source":"921","target":"967"},{"source":"921","target":"980"},{"source":"921","target":"993"},{"source":"921","target":"995"},{"source":"921","target":"1026"},{"source":"921","target":"1048"},{"source":"921","target":"1049"},{"source":"921","target":"1059"},{"source":"921","target":"1078"},{"source":"921","target":"1124"},{"source":"921","target":"1126"},{"source":"921","target":"1128"},{"source":"921","target":"1135"},{"source":"921","target":"1146"},{"source":"921","target":"1164"},{"source":"921","target":"1182"},{"source":"921","target":"1185"},{"source":"921","target":"1195"},{"source":"921","target":"1199"},{"source":"921","target":"1222"},{"source":"921","target":"1230"},{"source":"921","target":"1243"},{"source":"921","target":"1255"},{"source":"921","target":"1269"},{"source":"921","target":"1272"},{"source":"921","target":"1290"},{"source":"921","target":"1291"},{"source":"921","target":"1312"},{"source":"921","target":"1323"},{"source":"921","target":"1329"},{"source":"921","target":"1334"},{"source":"921","target":"1341"},{"source":"921","target":"1352"},{"source":"921","target":"1361"},{"source":"921","target":"1367"},{"source":"921","target":"1369"},{"source":"921","target":"1375"},{"source":"921","target":"1376"},{"source":"921","target":"1377"},{"source":"921","target":"1389"},{"source":"921","target":"1390"},{"source":"921","target":"1391"},{"source":"921","target":"1393"},{"source":"921","target":"1399"},{"source":"921","target":"1404"},{"source":"921","target":"1407"},{"source":"921","target":"1420"},{"source":"921","target":"1431"},{"source":"921","target":"1467"},{"source":"921","target":"1471"},{"source":"921","target":"1509"},{"source":"921","target":"1516"},{"source":"921","target":"1520"},{"source":"921","target":"1522"},{"source":"921","target":"1535"},{"source":"921","target":"1540"},{"source":"921","target":"1551"},{"source":"921","target":"1554"},{"source":"921","target":"1557"},{"source":"921","target":"1563"},{"source":"921","target":"1570"},{"source":"921","target":"1584"},{"source":"921","target":"1589"},{"source":"921","target":"1603"},{"source":"921","target":"1608"},{"source":"921","target":"1612"},{"source":"921","target":"1613"},{"source":"921","target":"1621"},{"source":"921","target":"1622"},{"source":"921","target":"1639"},{"source":"921","target":"1643"},{"source":"921","target":"1663"},{"source":"921","target":"1669"},{"source":"921","target":"1675"},{"source":"921","target":"1683"},{"source":"921","target":"1685"},{"source":"921","target":"1689"},{"source":"921","target":"1714"},{"source":"921","target":"1718"},{"source":"921","target":"1730"},{"source":"921","target":"1734"},{"source":"921","target":"1735"},{"source":"921","target":"1750"},{"source":"921","target":"1753"},{"source":"921","target":"1757"},{"source":"921","target":"1761"},{"source":"921","target":"1765"},{"source":"921","target":"1768"},{"source":"921","target":"1793"},{"source":"921","target":"1813"},{"source":"921","target":"1823"},{"source":"921","target":"1826"},{"source":"921","target":"1827"},{"source":"921","target":"1833"},{"source":"921","target":"1835"},{"source":"921","target":"1842"},{"source":"921","target":"1845"},{"source":"921","target":"1864"},{"source":"921","target":"1888"},{"source":"921","target":"1891"},{"source":"922","target":"946"},{"source":"922","target":"991"},{"source":"922","target":"1123"},{"source":"922","target":"1130"},{"source":"922","target":"1199"},{"source":"922","target":"1305"},{"source":"922","target":"1312"},{"source":"922","target":"1341"},{"source":"922","target":"1398"},{"source":"922","target":"1399"},{"source":"922","target":"1449"},{"source":"922","target":"1458"},{"source":"922","target":"1467"},{"source":"922","target":"1480"},{"source":"922","target":"1590"},{"source":"922","target":"1614"},{"source":"922","target":"1626"},{"source":"922","target":"1662"},{"source":"922","target":"1702"},{"source":"922","target":"1780"},{"source":"922","target":"1800"},{"source":"922","target":"1805"},{"source":"922","target":"1817"},{"source":"922","target":"1839"},{"source":"922","target":"1846"},{"source":"922","target":"1858"},{"source":"922","target":"1863"},{"source":"922","target":"1909"},{"source":"923","target":"961"},{"source":"923","target":"1178"},{"source":"923","target":"1193"},{"source":"923","target":"1317"},{"source":"923","target":"1369"},{"source":"923","target":"1505"},{"source":"923","target":"1758"},{"source":"924","target":"940"},{"source":"924","target":"954"},{"source":"924","target":"974"},{"source":"924","target":"1000"},{"source":"924","target":"1010"},{"source":"924","target":"1035"},{"source":"924","target":"1037"},{"source":"924","target":"1051"},{"source":"924","target":"1070"},{"source":"924","target":"1109"},{"source":"924","target":"1120"},{"source":"924","target":"1127"},{"source":"924","target":"1141"},{"source":"924","target":"1159"},{"source":"924","target":"1170"},{"source":"924","target":"1188"},{"source":"924","target":"1228"},{"source":"924","target":"1236"},{"source":"924","target":"1258"},{"source":"924","target":"1260"},{"source":"924","target":"1275"},{"source":"924","target":"1304"},{"source":"924","target":"1308"},{"source":"924","target":"1310"},{"source":"924","target":"1338"},{"source":"924","target":"1355"},{"source":"924","target":"1366"},{"source":"924","target":"1412"},{"source":"924","target":"1469"},{"source":"924","target":"1472"},{"source":"924","target":"1482"},{"source":"924","target":"1496"},{"source":"924","target":"1500"},{"source":"924","target":"1525"},{"source":"924","target":"1536"},{"source":"924","target":"1549"},{"source":"924","target":"1703"},{"source":"924","target":"1709"},{"source":"924","target":"1725"},{"source":"924","target":"1745"},{"source":"924","target":"1781"},{"source":"924","target":"1830"},{"source":"924","target":"1876"},{"source":"924","target":"1906"},{"source":"925","target":"927"},{"source":"925","target":"946"},{"source":"925","target":"967"},{"source":"925","target":"978"},{"source":"925","target":"980"},{"source":"925","target":"993"},{"source":"925","target":"999"},{"source":"925","target":"1003"},{"source":"925","target":"1004"},{"source":"925","target":"1017"},{"source":"925","target":"1047"},{"source":"925","target":"1048"},{"source":"925","target":"1049"},{"source":"925","target":"1054"},{"source":"925","target":"1059"},{"source":"925","target":"1075"},{"source":"925","target":"1076"},{"source":"925","target":"1079"},{"source":"925","target":"1086"},{"source":"925","target":"1092"},{"source":"925","target":"1110"},{"source":"925","target":"1112"},{"source":"925","target":"1124"},{"source":"925","target":"1125"},{"source":"925","target":"1126"},{"source":"925","target":"1132"},{"source":"925","target":"1146"},{"source":"925","target":"1149"},{"source":"925","target":"1172"},{"source":"925","target":"1175"},{"source":"925","target":"1180"},{"source":"925","target":"1181"},{"source":"925","target":"1184"},{"source":"925","target":"1185"},{"source":"925","target":"1196"},{"source":"925","target":"1198"},{"source":"925","target":"1199"},{"source":"925","target":"1209"},{"source":"925","target":"1211"},{"source":"925","target":"1214"},{"source":"925","target":"1222"},{"source":"925","target":"1242"},{"source":"925","target":"1243"},{"source":"925","target":"1250"},{"source":"925","target":"1265"},{"source":"925","target":"1267"},{"source":"925","target":"1269"},{"source":"925","target":"1290"},{"source":"925","target":"1291"},{"source":"925","target":"1302"},{"source":"925","target":"1312"},{"source":"925","target":"1323"},{"source":"925","target":"1334"},{"source":"925","target":"1335"},{"source":"925","target":"1339"},{"source":"925","target":"1340"},{"source":"925","target":"1344"},{"source":"925","target":"1352"},{"source":"925","target":"1365"},{"source":"925","target":"1367"},{"source":"925","target":"1375"},{"source":"925","target":"1376"},{"source":"925","target":"1377"},{"source":"925","target":"1390"},{"source":"925","target":"1399"},{"source":"925","target":"1416"},{"source":"925","target":"1420"},{"source":"925","target":"1431"},{"source":"925","target":"1449"},{"source":"925","target":"1456"},{"source":"925","target":"1460"},{"source":"925","target":"1471"},{"source":"925","target":"1485"},{"source":"925","target":"1491"},{"source":"925","target":"1509"},{"source":"925","target":"1516"},{"source":"925","target":"1520"},{"source":"925","target":"1523"},{"source":"925","target":"1524"},{"source":"925","target":"1530"},{"source":"925","target":"1538"},{"source":"925","target":"1539"},{"source":"925","target":"1547"},{"source":"925","target":"1551"},{"source":"925","target":"1554"},{"source":"925","target":"1557"},{"source":"925","target":"1559"},{"source":"925","target":"1563"},{"source":"925","target":"1570"},{"source":"925","target":"1572"},{"source":"925","target":"1584"},{"source":"925","target":"1589"},{"source":"925","target":"1590"},{"source":"925","target":"1597"},{"source":"925","target":"1598"},{"source":"925","target":"1600"},{"source":"925","target":"1608"},{"source":"925","target":"1610"},{"source":"925","target":"1612"},{"source":"925","target":"1613"},{"source":"925","target":"1614"},{"source":"925","target":"1617"},{"source":"925","target":"1618"},{"source":"925","target":"1620"},{"source":"925","target":"1621"},{"source":"925","target":"1622"},{"source":"925","target":"1623"},{"source":"925","target":"1632"},{"source":"925","target":"1637"},{"source":"925","target":"1639"},{"source":"925","target":"1643"},{"source":"925","target":"1644"},{"source":"925","target":"1653"},{"source":"925","target":"1659"},{"source":"925","target":"1663"},{"source":"925","target":"1668"},{"source":"925","target":"1669"},{"source":"925","target":"1675"},{"source":"925","target":"1683"},{"source":"925","target":"1688"},{"source":"925","target":"1689"},{"source":"925","target":"1710"},{"source":"925","target":"1714"},{"source":"925","target":"1717"},{"source":"925","target":"1718"},{"source":"925","target":"1721"},{"source":"925","target":"1724"},{"source":"925","target":"1730"},{"source":"925","target":"1734"},{"source":"925","target":"1735"},{"source":"925","target":"1736"},{"source":"925","target":"1737"},{"source":"925","target":"1746"},{"source":"925","target":"1750"},{"source":"925","target":"1752"},{"source":"925","target":"1753"},{"source":"925","target":"1757"},{"source":"925","target":"1768"},{"source":"925","target":"1769"},{"source":"925","target":"1771"},{"source":"925","target":"1774"},{"source":"925","target":"1793"},{"source":"925","target":"1795"},{"source":"925","target":"1796"},{"source":"925","target":"1799"},{"source":"925","target":"1800"},{"source":"925","target":"1804"},{"source":"925","target":"1811"},{"source":"925","target":"1813"},{"source":"925","target":"1819"},{"source":"925","target":"1827"},{"source":"925","target":"1833"},{"source":"925","target":"1835"},{"source":"925","target":"1836"},{"source":"925","target":"1842"},{"source":"925","target":"1861"},{"source":"925","target":"1867"},{"source":"925","target":"1877"},{"source":"925","target":"1879"},{"source":"925","target":"1886"},{"source":"925","target":"1888"},{"source":"925","target":"1891"},{"source":"925","target":"1909"},{"source":"926","target":"946"},{"source":"926","target":"960"},{"source":"926","target":"997"},{"source":"926","target":"1026"},{"source":"926","target":"1056"},{"source":"926","target":"1151"},{"source":"926","target":"1191"},{"source":"926","target":"1255"},{"source":"926","target":"1256"},{"source":"926","target":"1280"},{"source":"926","target":"1409"},{"source":"926","target":"1509"},{"source":"926","target":"1604"},{"source":"926","target":"1605"},{"source":"926","target":"1608"},{"source":"926","target":"1663"},{"source":"926","target":"1722"},{"source":"926","target":"1782"},{"source":"926","target":"1810"},{"source":"926","target":"1835"},{"source":"927","target":"946"},{"source":"927","target":"947"},{"source":"927","target":"967"},{"source":"927","target":"980"},{"source":"927","target":"993"},{"source":"927","target":"1026"},{"source":"927","target":"1048"},{"source":"927","target":"1124"},{"source":"927","target":"1146"},{"source":"927","target":"1153"},{"source":"927","target":"1175"},{"source":"927","target":"1182"},{"source":"927","target":"1185"},{"source":"927","target":"1195"},{"source":"927","target":"1214"},{"source":"927","target":"1243"},{"source":"927","target":"1255"},{"source":"927","target":"1265"},{"source":"927","target":"1269"},{"source":"927","target":"1290"},{"source":"927","target":"1312"},{"source":"927","target":"1329"},{"source":"927","target":"1334"},{"source":"927","target":"1352"},{"source":"927","target":"1367"},{"source":"927","target":"1369"},{"source":"927","target":"1376"},{"source":"927","target":"1377"},{"source":"927","target":"1405"},{"source":"927","target":"1420"},{"source":"927","target":"1460"},{"source":"927","target":"1467"},{"source":"927","target":"1513"},{"source":"927","target":"1520"},{"source":"927","target":"1528"},{"source":"927","target":"1530"},{"source":"927","target":"1551"},{"source":"927","target":"1554"},{"source":"927","target":"1563"},{"source":"927","target":"1570"},{"source":"927","target":"1584"},{"source":"927","target":"1589"},{"source":"927","target":"1590"},{"source":"927","target":"1603"},{"source":"927","target":"1608"},{"source":"927","target":"1609"},{"source":"927","target":"1611"},{"source":"927","target":"1612"},{"source":"927","target":"1613"},{"source":"927","target":"1621"},{"source":"927","target":"1639"},{"source":"927","target":"1663"},{"source":"927","target":"1669"},{"source":"927","target":"1675"},{"source":"927","target":"1724"},{"source":"927","target":"1730"},{"source":"927","target":"1736"},{"source":"927","target":"1750"},{"source":"927","target":"1765"},{"source":"927","target":"1768"},{"source":"927","target":"1782"},{"source":"927","target":"1791"},{"source":"927","target":"1799"},{"source":"927","target":"1811"},{"source":"927","target":"1819"},{"source":"927","target":"1827"},{"source":"927","target":"1831"},{"source":"927","target":"1835"},{"source":"927","target":"1846"},{"source":"927","target":"1851"},{"source":"927","target":"1888"},{"source":"928","target":"1061"},{"source":"928","target":"1144"},{"source":"928","target":"1174"},{"source":"928","target":"1328"},{"source":"928","target":"1494"},{"source":"928","target":"1676"},{"source":"928","target":"1705"},{"source":"928","target":"1825"},{"source":"929","target":"1317"},{"source":"929","target":"1505"},{"source":"929","target":"1701"},{"source":"929","target":"1838"},{"source":"930","target":"948"},{"source":"930","target":"962"},{"source":"930","target":"976"},{"source":"930","target":"1080"},{"source":"930","target":"1113"},{"source":"930","target":"1122"},{"source":"930","target":"1142"},{"source":"930","target":"1155"},{"source":"930","target":"1210"},{"source":"930","target":"1294"},{"source":"930","target":"1318"},{"source":"930","target":"1332"},{"source":"930","target":"1349"},{"source":"930","target":"1358"},{"source":"930","target":"1374"},{"source":"930","target":"1400"},{"source":"930","target":"1408"},{"source":"930","target":"1425"},{"source":"930","target":"1427"},{"source":"930","target":"1446"},{"source":"930","target":"1464"},{"source":"930","target":"1514"},{"source":"930","target":"1526"},{"source":"930","target":"1549"},{"source":"930","target":"1565"},{"source":"930","target":"1574"},{"source":"930","target":"1616"},{"source":"930","target":"1625"},{"source":"930","target":"1645"},{"source":"930","target":"1660"},{"source":"930","target":"1671"},{"source":"930","target":"1679"},{"source":"930","target":"1694"},{"source":"930","target":"1695"},{"source":"930","target":"1763"},{"source":"930","target":"1766"},{"source":"930","target":"1773"},{"source":"930","target":"1801"},{"source":"930","target":"1844"},{"source":"930","target":"1870"},{"source":"930","target":"1878"},{"source":"930","target":"1881"},{"source":"930","target":"1882"},{"source":"931","target":"939"},{"source":"931","target":"1064"},{"source":"931","target":"1212"},{"source":"931","target":"1343"},{"source":"931","target":"1453"},{"source":"931","target":"1566"},{"source":"931","target":"1645"},{"source":"931","target":"1671"},{"source":"931","target":"1694"},{"source":"931","target":"1743"},{"source":"931","target":"1829"},{"source":"931","target":"1831"},{"source":"931","target":"1910"},{"source":"932","target":"953"},{"source":"932","target":"980"},{"source":"932","target":"982"},{"source":"932","target":"995"},{"source":"932","target":"997"},{"source":"932","target":"1026"},{"source":"932","target":"1029"},{"source":"932","target":"1056"},{"source":"932","target":"1074"},{"source":"932","target":"1107"},{"source":"932","target":"1156"},{"source":"932","target":"1172"},{"source":"932","target":"1173"},{"source":"932","target":"1191"},{"source":"932","target":"1205"},{"source":"932","target":"1211"},{"source":"932","target":"1238"},{"source":"932","target":"1256"},{"source":"932","target":"1269"},{"source":"932","target":"1302"},{"source":"932","target":"1329"},{"source":"932","target":"1330"},{"source":"932","target":"1331"},{"source":"932","target":"1370"},{"source":"932","target":"1388"},{"source":"932","target":"1399"},{"source":"932","target":"1409"},{"source":"932","target":"1420"},{"source":"932","target":"1440"},{"source":"932","target":"1447"},{"source":"932","target":"1483"},{"source":"932","target":"1488"},{"source":"932","target":"1509"},{"source":"932","target":"1517"},{"source":"932","target":"1535"},{"source":"932","target":"1571"},{"source":"932","target":"1580"},{"source":"932","target":"1589"},{"source":"932","target":"1594"},{"source":"932","target":"1604"},{"source":"932","target":"1605"},{"source":"932","target":"1620"},{"source":"932","target":"1622"},{"source":"932","target":"1659"},{"source":"932","target":"1663"},{"source":"932","target":"1665"},{"source":"932","target":"1669"},{"source":"932","target":"1675"},{"source":"932","target":"1685"},{"source":"932","target":"1722"},{"source":"932","target":"1730"},{"source":"932","target":"1734"},{"source":"932","target":"1741"},{"source":"932","target":"1754"},{"source":"932","target":"1775"},{"source":"932","target":"1813"},{"source":"932","target":"1827"},{"source":"932","target":"1843"},{"source":"932","target":"1845"},{"source":"932","target":"1864"},{"source":"932","target":"1898"},{"source":"932","target":"1902"},{"source":"933","target":"941"},{"source":"933","target":"942"},{"source":"933","target":"971"},{"source":"933","target":"1014"},{"source":"933","target":"1103"},{"source":"933","target":"1215"},{"source":"933","target":"1241"},{"source":"933","target":"1261"},{"source":"933","target":"1273"},{"source":"933","target":"1502"},{"source":"933","target":"1503"},{"source":"933","target":"1573"},{"source":"933","target":"1649"},{"source":"933","target":"1661"},{"source":"933","target":"1704"},{"source":"933","target":"1706"},{"source":"933","target":"1729"},{"source":"933","target":"1742"},{"source":"933","target":"1794"},{"source":"933","target":"1820"},{"source":"933","target":"1850"},{"source":"933","target":"1871"},{"source":"934","target":"952"},{"source":"934","target":"980"},{"source":"934","target":"993"},{"source":"934","target":"1026"},{"source":"934","target":"1048"},{"source":"934","target":"1076"},{"source":"934","target":"1079"},{"source":"934","target":"1086"},{"source":"934","target":"1126"},{"source":"934","target":"1128"},{"source":"934","target":"1146"},{"source":"934","target":"1155"},{"source":"934","target":"1175"},{"source":"934","target":"1185"},{"source":"934","target":"1199"},{"source":"934","target":"1211"},{"source":"934","target":"1243"},{"source":"934","target":"1267"},{"source":"934","target":"1269"},{"source":"934","target":"1291"},{"source":"934","target":"1302"},{"source":"934","target":"1305"},{"source":"934","target":"1329"},{"source":"934","target":"1334"},{"source":"934","target":"1352"},{"source":"934","target":"1367"},{"source":"934","target":"1376"},{"source":"934","target":"1377"},{"source":"934","target":"1390"},{"source":"934","target":"1391"},{"source":"934","target":"1399"},{"source":"934","target":"1420"},{"source":"934","target":"1431"},{"source":"934","target":"1456"},{"source":"934","target":"1467"},{"source":"934","target":"1471"},{"source":"934","target":"1491"},{"source":"934","target":"1508"},{"source":"934","target":"1509"},{"source":"934","target":"1516"},{"source":"934","target":"1522"},{"source":"934","target":"1538"},{"source":"934","target":"1551"},{"source":"934","target":"1559"},{"source":"934","target":"1584"},{"source":"934","target":"1589"},{"source":"934","target":"1597"},{"source":"934","target":"1603"},{"source":"934","target":"1608"},{"source":"934","target":"1610"},{"source":"934","target":"1612"},{"source":"934","target":"1613"},{"source":"934","target":"1621"},{"source":"934","target":"1637"},{"source":"934","target":"1643"},{"source":"934","target":"1663"},{"source":"934","target":"1668"},{"source":"934","target":"1675"},{"source":"934","target":"1707"},{"source":"934","target":"1714"},{"source":"934","target":"1721"},{"source":"934","target":"1730"},{"source":"934","target":"1746"},{"source":"934","target":"1750"},{"source":"934","target":"1753"},{"source":"934","target":"1757"},{"source":"934","target":"1761"},{"source":"934","target":"1768"},{"source":"934","target":"1791"},{"source":"934","target":"1793"},{"source":"934","target":"1795"},{"source":"934","target":"1799"},{"source":"934","target":"1800"},{"source":"934","target":"1804"},{"source":"934","target":"1823"},{"source":"934","target":"1827"},{"source":"934","target":"1833"},{"source":"934","target":"1835"},{"source":"934","target":"1888"},{"source":"934","target":"1902"},{"source":"935","target":"1007"},{"source":"935","target":"1393"},{"source":"935","target":"1531"},{"source":"935","target":"1680"},{"source":"935","target":"1781"},{"source":"935","target":"1807"},{"source":"936","target":"1001"},{"source":"936","target":"1012"},{"source":"936","target":"1114"},{"source":"936","target":"1122"},{"source":"936","target":"1155"},{"source":"936","target":"1179"},{"source":"936","target":"1223"},{"source":"936","target":"1237"},{"source":"936","target":"1300"},{"source":"936","target":"1320"},{"source":"936","target":"1358"},{"source":"936","target":"1374"},{"source":"936","target":"1506"},{"source":"936","target":"1512"},{"source":"936","target":"1574"},{"source":"936","target":"1606"},{"source":"936","target":"1616"},{"source":"936","target":"1645"},{"source":"936","target":"1673"},{"source":"936","target":"1677"},{"source":"936","target":"1740"},{"source":"936","target":"1767"},{"source":"936","target":"1870"},{"source":"936","target":"1882"},{"source":"937","target":"1106"},{"source":"937","target":"1248"},{"source":"937","target":"1264"},{"source":"937","target":"1725"},{"source":"937","target":"1749"},{"source":"937","target":"1785"},{"source":"938","target":"992"},{"source":"938","target":"1097"},{"source":"938","target":"1118"},{"source":"938","target":"1216"},{"source":"938","target":"1232"},{"source":"938","target":"1314"},{"source":"938","target":"1319"},{"source":"938","target":"1333"},{"source":"938","target":"1363"},{"source":"938","target":"1378"},{"source":"938","target":"1424"},{"source":"938","target":"1452"},{"source":"938","target":"1468"},{"source":"938","target":"1493"},{"source":"938","target":"1533"},{"source":"938","target":"1548"},{"source":"938","target":"1568"},{"source":"938","target":"1601"},{"source":"938","target":"1648"},{"source":"938","target":"1733"},{"source":"938","target":"1747"},{"source":"938","target":"1787"},{"source":"938","target":"1798"},{"source":"938","target":"1837"},{"source":"938","target":"1880"},{"source":"938","target":"1895"},{"source":"939","target":"1064"},{"source":"939","target":"1154"},{"source":"939","target":"1212"},{"source":"939","target":"1295"},{"source":"939","target":"1342"},{"source":"939","target":"1356"},{"source":"939","target":"1425"},{"source":"939","target":"1453"},{"source":"939","target":"1478"},{"source":"939","target":"1497"},{"source":"939","target":"1545"},{"source":"939","target":"1566"},{"source":"939","target":"1829"},{"source":"939","target":"1831"},{"source":"939","target":"1910"},{"source":"940","target":"1109"},{"source":"940","target":"1139"},{"source":"940","target":"1221"},{"source":"940","target":"1236"},{"source":"940","target":"1259"},{"source":"940","target":"1338"},{"source":"940","target":"1418"},{"source":"940","target":"1425"},{"source":"940","target":"1469"},{"source":"940","target":"1472"},{"source":"940","target":"1504"},{"source":"940","target":"1541"},{"source":"940","target":"1650"},{"source":"940","target":"1904"},{"source":"940","target":"1906"},{"source":"941","target":"942"},{"source":"941","target":"945"},{"source":"941","target":"954"},{"source":"941","target":"969"},{"source":"941","target":"971"},{"source":"941","target":"984"},{"source":"941","target":"1020"},{"source":"941","target":"1032"},{"source":"941","target":"1081"},{"source":"941","target":"1104"},{"source":"941","target":"1227"},{"source":"941","target":"1235"},{"source":"941","target":"1257"},{"source":"941","target":"1273"},{"source":"941","target":"1277"},{"source":"941","target":"1281"},{"source":"941","target":"1282"},{"source":"941","target":"1303"},{"source":"941","target":"1379"},{"source":"941","target":"1404"},{"source":"941","target":"1406"},{"source":"941","target":"1412"},{"source":"941","target":"1429"},{"source":"941","target":"1454"},{"source":"941","target":"1462"},{"source":"941","target":"1502"},{"source":"941","target":"1573"},{"source":"941","target":"1582"},{"source":"941","target":"1596"},{"source":"941","target":"1611"},{"source":"941","target":"1628"},{"source":"941","target":"1635"},{"source":"941","target":"1638"},{"source":"941","target":"1680"},{"source":"941","target":"1691"},{"source":"941","target":"1704"},{"source":"941","target":"1706"},{"source":"941","target":"1729"},{"source":"941","target":"1742"},{"source":"941","target":"1764"},{"source":"941","target":"1783"},{"source":"941","target":"1786"},{"source":"941","target":"1794"},{"source":"941","target":"1820"},{"source":"941","target":"1824"},{"source":"941","target":"1828"},{"source":"941","target":"1850"},{"source":"941","target":"1857"},{"source":"941","target":"1871"},{"source":"941","target":"1893"},{"source":"941","target":"1894"},{"source":"941","target":"1907"},{"source":"942","target":"954"},{"source":"942","target":"969"},{"source":"942","target":"971"},{"source":"942","target":"984"},{"source":"942","target":"1014"},{"source":"942","target":"1018"},{"source":"942","target":"1020"},{"source":"942","target":"1032"},{"source":"942","target":"1066"},{"source":"942","target":"1081"},{"source":"942","target":"1099"},{"source":"942","target":"1102"},{"source":"942","target":"1108"},{"source":"942","target":"1148"},{"source":"942","target":"1166"},{"source":"942","target":"1204"},{"source":"942","target":"1215"},{"source":"942","target":"1245"},{"source":"942","target":"1261"},{"source":"942","target":"1282"},{"source":"942","target":"1284"},{"source":"942","target":"1303"},{"source":"942","target":"1309"},{"source":"942","target":"1316"},{"source":"942","target":"1324"},{"source":"942","target":"1347"},{"source":"942","target":"1373"},{"source":"942","target":"1396"},{"source":"942","target":"1404"},{"source":"942","target":"1406"},{"source":"942","target":"1451"},{"source":"942","target":"1454"},{"source":"942","target":"1495"},{"source":"942","target":"1502"},{"source":"942","target":"1503"},{"source":"942","target":"1508"},{"source":"942","target":"1515"},{"source":"942","target":"1582"},{"source":"942","target":"1595"},{"source":"942","target":"1638"},{"source":"942","target":"1661"},{"source":"942","target":"1706"},{"source":"942","target":"1729"},{"source":"942","target":"1732"},{"source":"942","target":"1742"},{"source":"942","target":"1751"},{"source":"942","target":"1783"},{"source":"942","target":"1786"},{"source":"942","target":"1812"},{"source":"942","target":"1820"},{"source":"942","target":"1824"},{"source":"942","target":"1828"},{"source":"942","target":"1848"},{"source":"942","target":"1871"},{"source":"942","target":"1893"},{"source":"942","target":"1894"},{"source":"942","target":"1899"},{"source":"942","target":"1907"},{"source":"943","target":"1042"},{"source":"943","target":"1051"},{"source":"943","target":"1167"},{"source":"943","target":"1168"},{"source":"943","target":"1189"},{"source":"943","target":"1225"},{"source":"943","target":"1236"},{"source":"943","target":"1244"},{"source":"943","target":"1304"},{"source":"943","target":"1308"},{"source":"943","target":"1536"},{"source":"944","target":"965"},{"source":"944","target":"977"},{"source":"944","target":"1011"},{"source":"944","target":"1041"},{"source":"944","target":"1051"},{"source":"944","target":"1070"},{"source":"944","target":"1072"},{"source":"944","target":"1131"},{"source":"944","target":"1159"},{"source":"944","target":"1169"},{"source":"944","target":"1249"},{"source":"944","target":"1258"},{"source":"944","target":"1260"},{"source":"944","target":"1275"},{"source":"944","target":"1306"},{"source":"944","target":"1338"},{"source":"944","target":"1366"},{"source":"944","target":"1428"},{"source":"944","target":"1469"},{"source":"944","target":"1472"},{"source":"944","target":"1504"},{"source":"944","target":"1525"},{"source":"944","target":"1536"},{"source":"944","target":"1630"},{"source":"944","target":"1634"},{"source":"944","target":"1686"},{"source":"944","target":"1703"},{"source":"944","target":"1709"},{"source":"944","target":"1725"},{"source":"944","target":"1738"},{"source":"944","target":"1748"},{"source":"944","target":"1756"},{"source":"944","target":"1770"},{"source":"944","target":"1815"},{"source":"944","target":"1876"},{"source":"945","target":"1406"},{"source":"945","target":"1704"},{"source":"946","target":"947"},{"source":"946","target":"952"},{"source":"946","target":"960"},{"source":"946","target":"966"},{"source":"946","target":"967"},{"source":"946","target":"968"},{"source":"946","target":"991"},{"source":"946","target":"993"},{"source":"946","target":"1003"},{"source":"946","target":"1004"},{"source":"946","target":"1006"},{"source":"946","target":"1024"},{"source":"946","target":"1026"},{"source":"946","target":"1028"},{"source":"946","target":"1048"},{"source":"946","target":"1059"},{"source":"946","target":"1076"},{"source":"946","target":"1078"},{"source":"946","target":"1079"},{"source":"946","target":"1083"},{"source":"946","target":"1086"},{"source":"946","target":"1092"},{"source":"946","target":"1112"},{"source":"946","target":"1123"},{"source":"946","target":"1125"},{"source":"946","target":"1126"},{"source":"946","target":"1132"},{"source":"946","target":"1146"},{"source":"946","target":"1149"},{"source":"946","target":"1153"},{"source":"946","target":"1163"},{"source":"946","target":"1172"},{"source":"946","target":"1181"},{"source":"946","target":"1182"},{"source":"946","target":"1184"},{"source":"946","target":"1185"},{"source":"946","target":"1196"},{"source":"946","target":"1199"},{"source":"946","target":"1207"},{"source":"946","target":"1209"},{"source":"946","target":"1211"},{"source":"946","target":"1238"},{"source":"946","target":"1242"},{"source":"946","target":"1243"},{"source":"946","target":"1250"},{"source":"946","target":"1255"},{"source":"946","target":"1267"},{"source":"946","target":"1272"},{"source":"946","target":"1287"},{"source":"946","target":"1289"},{"source":"946","target":"1302"},{"source":"946","target":"1305"},{"source":"946","target":"1312"},{"source":"946","target":"1330"},{"source":"946","target":"1331"},{"source":"946","target":"1339"},{"source":"946","target":"1344"},{"source":"946","target":"1352"},{"source":"946","target":"1361"},{"source":"946","target":"1365"},{"source":"946","target":"1367"},{"source":"946","target":"1369"},{"source":"946","target":"1370"},{"source":"946","target":"1375"},{"source":"946","target":"1376"},{"source":"946","target":"1377"},{"source":"946","target":"1390"},{"source":"946","target":"1391"},{"source":"946","target":"1398"},{"source":"946","target":"1399"},{"source":"946","target":"1402"},{"source":"946","target":"1405"},{"source":"946","target":"1416"},{"source":"946","target":"1420"},{"source":"946","target":"1431"},{"source":"946","target":"1449"},{"source":"946","target":"1456"},{"source":"946","target":"1467"},{"source":"946","target":"1480"},{"source":"946","target":"1485"},{"source":"946","target":"1488"},{"source":"946","target":"1491"},{"source":"946","target":"1509"},{"source":"946","target":"1516"},{"source":"946","target":"1522"},{"source":"946","target":"1530"},{"source":"946","target":"1532"},{"source":"946","target":"1538"},{"source":"946","target":"1539"},{"source":"946","target":"1547"},{"source":"946","target":"1554"},{"source":"946","target":"1557"},{"source":"946","target":"1559"},{"source":"946","target":"1563"},{"source":"946","target":"1570"},{"source":"946","target":"1580"},{"source":"946","target":"1584"},{"source":"946","target":"1589"},{"source":"946","target":"1590"},{"source":"946","target":"1597"},{"source":"946","target":"1598"},{"source":"946","target":"1603"},{"source":"946","target":"1608"},{"source":"946","target":"1610"},{"source":"946","target":"1612"},{"source":"946","target":"1614"},{"source":"946","target":"1617"},{"source":"946","target":"1619"},{"source":"946","target":"1621"},{"source":"946","target":"1623"},{"source":"946","target":"1632"},{"source":"946","target":"1637"},{"source":"946","target":"1653"},{"source":"946","target":"1662"},{"source":"946","target":"1663"},{"source":"946","target":"1668"},{"source":"946","target":"1683"},{"source":"946","target":"1689"},{"source":"946","target":"1700"},{"source":"946","target":"1707"},{"source":"946","target":"1712"},{"source":"946","target":"1714"},{"source":"946","target":"1717"},{"source":"946","target":"1721"},{"source":"946","target":"1730"},{"source":"946","target":"1735"},{"source":"946","target":"1736"},{"source":"946","target":"1737"},{"source":"946","target":"1741"},{"source":"946","target":"1746"},{"source":"946","target":"1750"},{"source":"946","target":"1752"},{"source":"946","target":"1753"},{"source":"946","target":"1757"},{"source":"946","target":"1761"},{"source":"946","target":"1768"},{"source":"946","target":"1782"},{"source":"946","target":"1791"},{"source":"946","target":"1793"},{"source":"946","target":"1799"},{"source":"946","target":"1800"},{"source":"946","target":"1804"},{"source":"946","target":"1810"},{"source":"946","target":"1816"},{"source":"946","target":"1819"},{"source":"946","target":"1823"},{"source":"946","target":"1826"},{"source":"946","target":"1827"},{"source":"946","target":"1833"},{"source":"946","target":"1835"},{"source":"946","target":"1836"},{"source":"946","target":"1839"},{"source":"946","target":"1846"},{"source":"946","target":"1849"},{"source":"946","target":"1867"},{"source":"946","target":"1868"},{"source":"946","target":"1879"},{"source":"946","target":"1886"},{"source":"946","target":"1888"},{"source":"946","target":"1902"},{"source":"947","target":"978"},{"source":"947","target":"993"},{"source":"947","target":"999"},{"source":"947","target":"1017"},{"source":"947","target":"1028"},{"source":"947","target":"1049"},{"source":"947","target":"1059"},{"source":"947","target":"1078"},{"source":"947","target":"1079"},{"source":"947","target":"1086"},{"source":"947","target":"1101"},{"source":"947","target":"1126"},{"source":"947","target":"1128"},{"source":"947","target":"1132"},{"source":"947","target":"1135"},{"source":"947","target":"1156"},{"source":"947","target":"1184"},{"source":"947","target":"1185"},{"source":"947","target":"1199"},{"source":"947","target":"1211"},{"source":"947","target":"1230"},{"source":"947","target":"1242"},{"source":"947","target":"1243"},{"source":"947","target":"1250"},{"source":"947","target":"1267"},{"source":"947","target":"1269"},{"source":"947","target":"1272"},{"source":"947","target":"1287"},{"source":"947","target":"1291"},{"source":"947","target":"1302"},{"source":"947","target":"1305"},{"source":"947","target":"1329"},{"source":"947","target":"1341"},{"source":"947","target":"1352"},{"source":"947","target":"1365"},{"source":"947","target":"1367"},{"source":"947","target":"1376"},{"source":"947","target":"1377"},{"source":"947","target":"1390"},{"source":"947","target":"1391"},{"source":"947","target":"1399"},{"source":"947","target":"1416"},{"source":"947","target":"1420"},{"source":"947","target":"1431"},{"source":"947","target":"1449"},{"source":"947","target":"1467"},{"source":"947","target":"1471"},{"source":"947","target":"1491"},{"source":"947","target":"1509"},{"source":"947","target":"1516"},{"source":"947","target":"1522"},{"source":"947","target":"1528"},{"source":"947","target":"1539"},{"source":"947","target":"1551"},{"source":"947","target":"1559"},{"source":"947","target":"1562"},{"source":"947","target":"1563"},{"source":"947","target":"1584"},{"source":"947","target":"1589"},{"source":"947","target":"1590"},{"source":"947","target":"1597"},{"source":"947","target":"1598"},{"source":"947","target":"1603"},{"source":"947","target":"1604"},{"source":"947","target":"1608"},{"source":"947","target":"1610"},{"source":"947","target":"1612"},{"source":"947","target":"1613"},{"source":"947","target":"1614"},{"source":"947","target":"1617"},{"source":"947","target":"1621"},{"source":"947","target":"1622"},{"source":"947","target":"1637"},{"source":"947","target":"1639"},{"source":"947","target":"1653"},{"source":"947","target":"1663"},{"source":"947","target":"1668"},{"source":"947","target":"1669"},{"source":"947","target":"1683"},{"source":"947","target":"1714"},{"source":"947","target":"1717"},{"source":"947","target":"1721"},{"source":"947","target":"1730"},{"source":"947","target":"1735"},{"source":"947","target":"1746"},{"source":"947","target":"1750"},{"source":"947","target":"1752"},{"source":"947","target":"1754"},{"source":"947","target":"1757"},{"source":"947","target":"1761"},{"source":"947","target":"1765"},{"source":"947","target":"1768"},{"source":"947","target":"1782"},{"source":"947","target":"1795"},{"source":"947","target":"1799"},{"source":"947","target":"1800"},{"source":"947","target":"1804"},{"source":"947","target":"1808"},{"source":"947","target":"1813"},{"source":"947","target":"1816"},{"source":"947","target":"1823"},{"source":"947","target":"1827"},{"source":"947","target":"1832"},{"source":"947","target":"1833"},{"source":"947","target":"1835"},{"source":"947","target":"1845"},{"source":"947","target":"1864"},{"source":"947","target":"1867"},{"source":"947","target":"1886"},{"source":"947","target":"1888"},{"source":"948","target":"1012"},{"source":"948","target":"1025"},{"source":"948","target":"1080"},{"source":"948","target":"1113"},{"source":"948","target":"1142"},{"source":"948","target":"1237"},{"source":"948","target":"1313"},{"source":"948","target":"1318"},{"source":"948","target":"1320"},{"source":"948","target":"1332"},{"source":"948","target":"1358"},{"source":"948","target":"1427"},{"source":"948","target":"1446"},{"source":"948","target":"1464"},{"source":"948","target":"1487"},{"source":"948","target":"1526"},{"source":"948","target":"1543"},{"source":"948","target":"1549"},{"source":"948","target":"1565"},{"source":"948","target":"1574"},{"source":"948","target":"1625"},{"source":"948","target":"1660"},{"source":"948","target":"1677"},{"source":"948","target":"1695"},{"source":"948","target":"1763"},{"source":"948","target":"1766"},{"source":"948","target":"1773"},{"source":"948","target":"1801"},{"source":"948","target":"1844"},{"source":"948","target":"1870"},{"source":"948","target":"1878"},{"source":"948","target":"1881"},{"source":"949","target":"1041"},{"source":"949","target":"1052"},{"source":"949","target":"1072"},{"source":"949","target":"1106"},{"source":"949","target":"1109"},{"source":"949","target":"1121"},{"source":"949","target":"1189"},{"source":"949","target":"1226"},{"source":"949","target":"1259"},{"source":"949","target":"1348"},{"source":"949","target":"1415"},{"source":"949","target":"1428"},{"source":"949","target":"1472"},{"source":"949","target":"1507"},{"source":"949","target":"1529"},{"source":"949","target":"1536"},{"source":"949","target":"1541"},{"source":"949","target":"1630"},{"source":"949","target":"1681"},{"source":"949","target":"1770"},{"source":"949","target":"1831"},{"source":"950","target":"1136"},{"source":"950","target":"1337"},{"source":"950","target":"1410"},{"source":"950","target":"1445"},{"source":"950","target":"1494"},{"source":"950","target":"1537"},{"source":"950","target":"1555"},{"source":"950","target":"1687"},{"source":"951","target":"973"},{"source":"951","target":"1033"},{"source":"951","target":"1161"},{"source":"951","target":"1274"},{"source":"951","target":"1325"},{"source":"951","target":"1327"},{"source":"951","target":"1337"},{"source":"951","target":"1445"},{"source":"951","target":"1511"},{"source":"951","target":"1523"},{"source":"951","target":"1540"},{"source":"951","target":"1618"},{"source":"951","target":"1641"},{"source":"951","target":"1656"},{"source":"951","target":"1687"},{"source":"951","target":"1702"},{"source":"951","target":"1718"},{"source":"951","target":"1806"},{"source":"951","target":"1852"},{"source":"952","target":"967"},{"source":"952","target":"993"},{"source":"952","target":"1004"},{"source":"952","target":"1017"},{"source":"952","target":"1028"},{"source":"952","target":"1054"},{"source":"952","target":"1059"},{"source":"952","target":"1076"},{"source":"952","target":"1078"},{"source":"952","target":"1086"},{"source":"952","target":"1126"},{"source":"952","target":"1128"},{"source":"952","target":"1149"},{"source":"952","target":"1156"},{"source":"952","target":"1184"},{"source":"952","target":"1185"},{"source":"952","target":"1199"},{"source":"952","target":"1211"},{"source":"952","target":"1230"},{"source":"952","target":"1250"},{"source":"952","target":"1267"},{"source":"952","target":"1269"},{"source":"952","target":"1290"},{"source":"952","target":"1291"},{"source":"952","target":"1302"},{"source":"952","target":"1341"},{"source":"952","target":"1352"},{"source":"952","target":"1365"},{"source":"952","target":"1367"},{"source":"952","target":"1376"},{"source":"952","target":"1377"},{"source":"952","target":"1390"},{"source":"952","target":"1391"},{"source":"952","target":"1399"},{"source":"952","target":"1420"},{"source":"952","target":"1431"},{"source":"952","target":"1467"},{"source":"952","target":"1491"},{"source":"952","target":"1516"},{"source":"952","target":"1522"},{"source":"952","target":"1530"},{"source":"952","target":"1539"},{"source":"952","target":"1554"},{"source":"952","target":"1557"},{"source":"952","target":"1572"},{"source":"952","target":"1584"},{"source":"952","target":"1589"},{"source":"952","target":"1597"},{"source":"952","target":"1603"},{"source":"952","target":"1608"},{"source":"952","target":"1612"},{"source":"952","target":"1617"},{"source":"952","target":"1621"},{"source":"952","target":"1622"},{"source":"952","target":"1662"},{"source":"952","target":"1663"},{"source":"952","target":"1689"},{"source":"952","target":"1707"},{"source":"952","target":"1714"},{"source":"952","target":"1717"},{"source":"952","target":"1730"},{"source":"952","target":"1735"},{"source":"952","target":"1736"},{"source":"952","target":"1746"},{"source":"952","target":"1750"},{"source":"952","target":"1752"},{"source":"952","target":"1757"},{"source":"952","target":"1761"},{"source":"952","target":"1791"},{"source":"952","target":"1793"},{"source":"952","target":"1799"},{"source":"952","target":"1800"},{"source":"952","target":"1810"},{"source":"952","target":"1823"},{"source":"952","target":"1827"},{"source":"952","target":"1833"},{"source":"952","target":"1849"},{"source":"952","target":"1886"},{"source":"952","target":"1888"},{"source":"953","target":"978"},{"source":"953","target":"993"},{"source":"953","target":"995"},{"source":"953","target":"997"},{"source":"953","target":"1029"},{"source":"953","target":"1040"},{"source":"953","target":"1047"},{"source":"953","target":"1056"},{"source":"953","target":"1059"},{"source":"953","target":"1078"},{"source":"953","target":"1083"},{"source":"953","target":"1086"},{"source":"953","target":"1107"},{"source":"953","target":"1117"},{"source":"953","target":"1124"},{"source":"953","target":"1135"},{"source":"953","target":"1156"},{"source":"953","target":"1160"},{"source":"953","target":"1163"},{"source":"953","target":"1172"},{"source":"953","target":"1173"},{"source":"953","target":"1191"},{"source":"953","target":"1199"},{"source":"953","target":"1201"},{"source":"953","target":"1205"},{"source":"953","target":"1214"},{"source":"953","target":"1222"},{"source":"953","target":"1230"},{"source":"953","target":"1238"},{"source":"953","target":"1243"},{"source":"953","target":"1256"},{"source":"953","target":"1271"},{"source":"953","target":"1280"},{"source":"953","target":"1289"},{"source":"953","target":"1323"},{"source":"953","target":"1330"},{"source":"953","target":"1331"},{"source":"953","target":"1336"},{"source":"953","target":"1359"},{"source":"953","target":"1361"},{"source":"953","target":"1370"},{"source":"953","target":"1377"},{"source":"953","target":"1389"},{"source":"953","target":"1390"},{"source":"953","target":"1391"},{"source":"953","target":"1409"},{"source":"953","target":"1431"},{"source":"953","target":"1447"},{"source":"953","target":"1456"},{"source":"953","target":"1470"},{"source":"953","target":"1471"},{"source":"953","target":"1483"},{"source":"953","target":"1487"},{"source":"953","target":"1488"},{"source":"953","target":"1509"},{"source":"953","target":"1517"},{"source":"953","target":"1520"},{"source":"953","target":"1530"},{"source":"953","target":"1551"},{"source":"953","target":"1553"},{"source":"953","target":"1559"},{"source":"953","target":"1563"},{"source":"953","target":"1571"},{"source":"953","target":"1580"},{"source":"953","target":"1589"},{"source":"953","target":"1590"},{"source":"953","target":"1604"},{"source":"953","target":"1605"},{"source":"953","target":"1609"},{"source":"953","target":"1610"},{"source":"953","target":"1613"},{"source":"953","target":"1619"},{"source":"953","target":"1620"},{"source":"953","target":"1621"},{"source":"953","target":"1622"},{"source":"953","target":"1637"},{"source":"953","target":"1662"},{"source":"953","target":"1663"},{"source":"953","target":"1665"},{"source":"953","target":"1670"},{"source":"953","target":"1675"},{"source":"953","target":"1685"},{"source":"953","target":"1688"},{"source":"953","target":"1707"},{"source":"953","target":"1714"},{"source":"953","target":"1717"},{"source":"953","target":"1722"},{"source":"953","target":"1730"},{"source":"953","target":"1736"},{"source":"953","target":"1741"},{"source":"953","target":"1768"},{"source":"953","target":"1791"},{"source":"953","target":"1793"},{"source":"953","target":"1800"},{"source":"953","target":"1804"},{"source":"953","target":"1809"},{"source":"953","target":"1813"},{"source":"953","target":"1826"},{"source":"953","target":"1842"},{"source":"953","target":"1849"},{"source":"953","target":"1861"},{"source":"953","target":"1868"},{"source":"953","target":"1888"},{"source":"953","target":"1898"},{"source":"953","target":"1902"},{"source":"954","target":"969"},{"source":"954","target":"971"},{"source":"954","target":"984"},{"source":"954","target":"1014"},{"source":"954","target":"1018"},{"source":"954","target":"1020"},{"source":"954","target":"1032"},{"source":"954","target":"1066"},{"source":"954","target":"1102"},{"source":"954","target":"1104"},{"source":"954","target":"1108"},{"source":"954","target":"1120"},{"source":"954","target":"1166"},{"source":"954","target":"1227"},{"source":"954","target":"1235"},{"source":"954","target":"1245"},{"source":"954","target":"1273"},{"source":"954","target":"1277"},{"source":"954","target":"1281"},{"source":"954","target":"1282"},{"source":"954","target":"1303"},{"source":"954","target":"1324"},{"source":"954","target":"1373"},{"source":"954","target":"1382"},{"source":"954","target":"1396"},{"source":"954","target":"1479"},{"source":"954","target":"1495"},{"source":"954","target":"1502"},{"source":"954","target":"1515"},{"source":"954","target":"1591"},{"source":"954","target":"1595"},{"source":"954","target":"1649"},{"source":"954","target":"1661"},{"source":"954","target":"1706"},{"source":"954","target":"1729"},{"source":"954","target":"1732"},{"source":"954","target":"1742"},{"source":"954","target":"1751"},{"source":"954","target":"1781"},{"source":"954","target":"1783"},{"source":"954","target":"1786"},{"source":"954","target":"1794"},{"source":"954","target":"1812"},{"source":"954","target":"1820"},{"source":"954","target":"1824"},{"source":"954","target":"1830"},{"source":"954","target":"1871"},{"source":"954","target":"1893"},{"source":"955","target":"1030"},{"source":"955","target":"1043"},{"source":"955","target":"1045"},{"source":"955","target":"1111"},{"source":"955","target":"1197"},{"source":"955","target":"1254"},{"source":"955","target":"1368"},{"source":"955","target":"1788"},{"source":"956","target":"979"},{"source":"956","target":"1016"},{"source":"956","target":"1138"},{"source":"956","target":"1177"},{"source":"956","target":"1218"},{"source":"956","target":"1403"},{"source":"956","target":"1499"},{"source":"956","target":"1548"},{"source":"956","target":"1889"},{"source":"957","target":"975"},{"source":"957","target":"981"},{"source":"957","target":"1036"},{"source":"957","target":"1060"},{"source":"957","target":"1066"},{"source":"957","target":"1067"},{"source":"957","target":"1082"},{"source":"957","target":"1104"},{"source":"957","target":"1120"},{"source":"957","target":"1148"},{"source":"957","target":"1158"},{"source":"957","target":"1170"},{"source":"957","target":"1190"},{"source":"957","target":"1192"},{"source":"957","target":"1204"},{"source":"957","target":"1227"},{"source":"957","target":"1231"},{"source":"957","target":"1235"},{"source":"957","target":"1257"},{"source":"957","target":"1277"},{"source":"957","target":"1284"},{"source":"957","target":"1286"},{"source":"957","target":"1292"},{"source":"957","target":"1298"},{"source":"957","target":"1315"},{"source":"957","target":"1322"},{"source":"957","target":"1345"},{"source":"957","target":"1347"},{"source":"957","target":"1379"},{"source":"957","target":"1381"},{"source":"957","target":"1392"},{"source":"957","target":"1404"},{"source":"957","target":"1413"},{"source":"957","target":"1423"},{"source":"957","target":"1432"},{"source":"957","target":"1438"},{"source":"957","target":"1459"},{"source":"957","target":"1462"},{"source":"957","target":"1475"},{"source":"957","target":"1479"},{"source":"957","target":"1550"},{"source":"957","target":"1573"},{"source":"957","target":"1576"},{"source":"957","target":"1578"},{"source":"957","target":"1583"},{"source":"957","target":"1591"},{"source":"957","target":"1596"},{"source":"957","target":"1611"},{"source":"957","target":"1628"},{"source":"957","target":"1636"},{"source":"957","target":"1655"},{"source":"957","target":"1691"},{"source":"957","target":"1715"},{"source":"957","target":"1716"},{"source":"957","target":"1732"},{"source":"957","target":"1764"},{"source":"957","target":"1857"},{"source":"957","target":"1859"},{"source":"957","target":"1873"},{"source":"957","target":"1899"},{"source":"958","target":"1097"},{"source":"958","target":"1118"},{"source":"958","target":"1137"},{"source":"958","target":"1186"},{"source":"958","target":"1216"},{"source":"958","target":"1232"},{"source":"958","target":"1319"},{"source":"958","target":"1333"},{"source":"958","target":"1371"},{"source":"958","target":"1452"},{"source":"958","target":"1468"},{"source":"958","target":"1493"},{"source":"958","target":"1533"},{"source":"958","target":"1548"},{"source":"958","target":"1601"},{"source":"958","target":"1648"},{"source":"958","target":"1733"},{"source":"958","target":"1787"},{"source":"958","target":"1798"},{"source":"958","target":"1837"},{"source":"958","target":"1880"},{"source":"958","target":"1895"},{"source":"959","target":"960"},{"source":"959","target":"972"},{"source":"959","target":"983"},{"source":"959","target":"1006"},{"source":"959","target":"1029"},{"source":"959","target":"1039"},{"source":"959","target":"1040"},{"source":"959","target":"1063"},{"source":"959","target":"1069"},{"source":"959","target":"1078"},{"source":"959","target":"1107"},{"source":"959","target":"1132"},{"source":"959","target":"1153"},{"source":"959","target":"1160"},{"source":"959","target":"1163"},{"source":"959","target":"1199"},{"source":"959","target":"1201"},{"source":"959","target":"1205"},{"source":"959","target":"1207"},{"source":"959","target":"1238"},{"source":"959","target":"1256"},{"source":"959","target":"1271"},{"source":"959","target":"1285"},{"source":"959","target":"1288"},{"source":"959","target":"1330"},{"source":"959","target":"1359"},{"source":"959","target":"1370"},{"source":"959","target":"1380"},{"source":"959","target":"1391"},{"source":"959","target":"1402"},{"source":"959","target":"1409"},{"source":"959","target":"1447"},{"source":"959","target":"1456"},{"source":"959","target":"1457"},{"source":"959","target":"1483"},{"source":"959","target":"1519"},{"source":"959","target":"1551"},{"source":"959","target":"1598"},{"source":"959","target":"1604"},{"source":"959","target":"1619"},{"source":"959","target":"1663"},{"source":"959","target":"1809"},{"source":"959","target":"1832"},{"source":"959","target":"1868"},{"source":"959","target":"1898"},{"source":"960","target":"966"},{"source":"960","target":"972"},{"source":"960","target":"982"},{"source":"960","target":"997"},{"source":"960","target":"998"},{"source":"960","target":"1006"},{"source":"960","target":"1017"},{"source":"960","target":"1024"},{"source":"960","target":"1040"},{"source":"960","target":"1059"},{"source":"960","target":"1068"},{"source":"960","target":"1069"},{"source":"960","target":"1078"},{"source":"960","target":"1083"},{"source":"960","target":"1086"},{"source":"960","target":"1091"},{"source":"960","target":"1101"},{"source":"960","target":"1107"},{"source":"960","target":"1123"},{"source":"960","target":"1125"},{"source":"960","target":"1126"},{"source":"960","target":"1130"},{"source":"960","target":"1132"},{"source":"960","target":"1153"},{"source":"960","target":"1156"},{"source":"960","target":"1163"},{"source":"960","target":"1175"},{"source":"960","target":"1199"},{"source":"960","target":"1207"},{"source":"960","target":"1211"},{"source":"960","target":"1214"},{"source":"960","target":"1238"},{"source":"960","target":"1256"},{"source":"960","target":"1271"},{"source":"960","target":"1272"},{"source":"960","target":"1285"},{"source":"960","target":"1287"},{"source":"960","target":"1288"},{"source":"960","target":"1289"},{"source":"960","target":"1291"},{"source":"960","target":"1302"},{"source":"960","target":"1305"},{"source":"960","target":"1331"},{"source":"960","target":"1336"},{"source":"960","target":"1370"},{"source":"960","target":"1388"},{"source":"960","target":"1390"},{"source":"960","target":"1398"},{"source":"960","target":"1399"},{"source":"960","target":"1409"},{"source":"960","target":"1431"},{"source":"960","target":"1447"},{"source":"960","target":"1449"},{"source":"960","target":"1456"},{"source":"960","target":"1471"},{"source":"960","target":"1480"},{"source":"960","target":"1488"},{"source":"960","target":"1519"},{"source":"960","target":"1527"},{"source":"960","target":"1542"},{"source":"960","target":"1547"},{"source":"960","target":"1551"},{"source":"960","target":"1559"},{"source":"960","target":"1571"},{"source":"960","target":"1584"},{"source":"960","target":"1598"},{"source":"960","target":"1603"},{"source":"960","target":"1604"},{"source":"960","target":"1610"},{"source":"960","target":"1612"},{"source":"960","target":"1613"},{"source":"960","target":"1617"},{"source":"960","target":"1619"},{"source":"960","target":"1622"},{"source":"960","target":"1652"},{"source":"960","target":"1663"},{"source":"960","target":"1665"},{"source":"960","target":"1668"},{"source":"960","target":"1707"},{"source":"960","target":"1712"},{"source":"960","target":"1714"},{"source":"960","target":"1736"},{"source":"960","target":"1789"},{"source":"960","target":"1793"},{"source":"960","target":"1799"},{"source":"960","target":"1800"},{"source":"960","target":"1804"},{"source":"960","target":"1809"},{"source":"960","target":"1816"},{"source":"960","target":"1823"},{"source":"960","target":"1827"},{"source":"960","target":"1832"},{"source":"960","target":"1833"},{"source":"960","target":"1839"},{"source":"960","target":"1863"},{"source":"960","target":"1879"},{"source":"960","target":"1888"},{"source":"960","target":"1898"},{"source":"961","target":"1038"},{"source":"961","target":"1087"},{"source":"961","target":"1088"},{"source":"961","target":"1197"},{"source":"961","target":"1283"},{"source":"961","target":"1301"},{"source":"961","target":"1327"},{"source":"961","target":"1505"},{"source":"961","target":"1688"},{"source":"961","target":"1780"},{"source":"961","target":"1852"},{"source":"962","target":"1064"},{"source":"962","target":"1095"},{"source":"962","target":"1142"},{"source":"962","target":"1210"},{"source":"962","target":"1212"},{"source":"962","target":"1234"},{"source":"962","target":"1235"},{"source":"962","target":"1294"},{"source":"962","target":"1425"},{"source":"962","target":"1453"},{"source":"962","target":"1487"},{"source":"962","target":"1545"},{"source":"962","target":"1549"},{"source":"962","target":"1574"},{"source":"962","target":"1671"},{"source":"962","target":"1677"},{"source":"962","target":"1743"},{"source":"962","target":"1778"},{"source":"962","target":"1831"},{"source":"962","target":"1844"},{"source":"962","target":"1910"},{"source":"963","target":"992"},{"source":"963","target":"1097"},{"source":"963","target":"1118"},{"source":"963","target":"1137"},{"source":"963","target":"1216"},{"source":"963","target":"1232"},{"source":"963","target":"1314"},{"source":"963","target":"1319"},{"source":"963","target":"1333"},{"source":"963","target":"1363"},{"source":"963","target":"1371"},{"source":"963","target":"1378"},{"source":"963","target":"1452"},{"source":"963","target":"1468"},{"source":"963","target":"1493"},{"source":"963","target":"1533"},{"source":"963","target":"1548"},{"source":"963","target":"1568"},{"source":"963","target":"1601"},{"source":"963","target":"1629"},{"source":"963","target":"1648"},{"source":"963","target":"1733"},{"source":"963","target":"1747"},{"source":"963","target":"1787"},{"source":"963","target":"1798"},{"source":"963","target":"1802"},{"source":"963","target":"1837"},{"source":"963","target":"1880"},{"source":"963","target":"1895"},{"source":"964","target":"1005"},{"source":"964","target":"1041"},{"source":"964","target":"1062"},{"source":"964","target":"1089"},{"source":"964","target":"1109"},{"source":"964","target":"1213"},{"source":"964","target":"1259"},{"source":"964","target":"1278"},{"source":"964","target":"1311"},{"source":"964","target":"1373"},{"source":"964","target":"1415"},{"source":"964","target":"1428"},{"source":"964","target":"1469"},{"source":"964","target":"1482"},{"source":"964","target":"1507"},{"source":"964","target":"1624"},{"source":"964","target":"1664"},{"source":"964","target":"1667"},{"source":"964","target":"1672"},{"source":"964","target":"1725"},{"source":"964","target":"1739"},{"source":"964","target":"1783"},{"source":"964","target":"1876"},{"source":"964","target":"1904"},{"source":"965","target":"986"},{"source":"965","target":"1052"},{"source":"965","target":"1070"},{"source":"965","target":"1188"},{"source":"965","target":"1225"},{"source":"965","target":"1275"},{"source":"965","target":"1299"},{"source":"965","target":"1304"},{"source":"965","target":"1500"},{"source":"965","target":"1536"},{"source":"965","target":"1634"},{"source":"965","target":"1686"},{"source":"965","target":"1703"},{"source":"966","target":"978"},{"source":"966","target":"982"},{"source":"966","target":"983"},{"source":"966","target":"999"},{"source":"966","target":"1006"},{"source":"966","target":"1017"},{"source":"966","target":"1024"},{"source":"966","target":"1040"},{"source":"966","target":"1078"},{"source":"966","target":"1083"},{"source":"966","target":"1086"},{"source":"966","target":"1101"},{"source":"966","target":"1107"},{"source":"966","target":"1117"},{"source":"966","target":"1125"},{"source":"966","target":"1126"},{"source":"966","target":"1130"},{"source":"966","target":"1132"},{"source":"966","target":"1153"},{"source":"966","target":"1163"},{"source":"966","target":"1172"},{"source":"966","target":"1181"},{"source":"966","target":"1184"},{"source":"966","target":"1185"},{"source":"966","target":"1191"},{"source":"966","target":"1199"},{"source":"966","target":"1211"},{"source":"966","target":"1219"},{"source":"966","target":"1222"},{"source":"966","target":"1230"},{"source":"966","target":"1238"},{"source":"966","target":"1256"},{"source":"966","target":"1271"},{"source":"966","target":"1285"},{"source":"966","target":"1288"},{"source":"966","target":"1289"},{"source":"966","target":"1291"},{"source":"966","target":"1302"},{"source":"966","target":"1305"},{"source":"966","target":"1330"},{"source":"966","target":"1331"},{"source":"966","target":"1335"},{"source":"966","target":"1336"},{"source":"966","target":"1341"},{"source":"966","target":"1351"},{"source":"966","target":"1352"},{"source":"966","target":"1361"},{"source":"966","target":"1367"},{"source":"966","target":"1370"},{"source":"966","target":"1380"},{"source":"966","target":"1390"},{"source":"966","target":"1399"},{"source":"966","target":"1416"},{"source":"966","target":"1431"},{"source":"966","target":"1449"},{"source":"966","target":"1456"},{"source":"966","target":"1457"},{"source":"966","target":"1471"},{"source":"966","target":"1488"},{"source":"966","target":"1491"},{"source":"966","target":"1516"},{"source":"966","target":"1522"},{"source":"966","target":"1547"},{"source":"966","target":"1556"},{"source":"966","target":"1559"},{"source":"966","target":"1572"},{"source":"966","target":"1584"},{"source":"966","target":"1589"},{"source":"966","target":"1605"},{"source":"966","target":"1610"},{"source":"966","target":"1619"},{"source":"966","target":"1621"},{"source":"966","target":"1652"},{"source":"966","target":"1662"},{"source":"966","target":"1663"},{"source":"966","target":"1665"},{"source":"966","target":"1668"},{"source":"966","target":"1707"},{"source":"966","target":"1714"},{"source":"966","target":"1717"},{"source":"966","target":"1721"},{"source":"966","target":"1730"},{"source":"966","target":"1736"},{"source":"966","target":"1737"},{"source":"966","target":"1746"},{"source":"966","target":"1757"},{"source":"966","target":"1789"},{"source":"966","target":"1793"},{"source":"966","target":"1799"},{"source":"966","target":"1800"},{"source":"966","target":"1804"},{"source":"966","target":"1809"},{"source":"966","target":"1810"},{"source":"966","target":"1813"},{"source":"966","target":"1816"},{"source":"966","target":"1821"},{"source":"966","target":"1823"},{"source":"966","target":"1826"},{"source":"966","target":"1827"},{"source":"966","target":"1832"},{"source":"966","target":"1833"},{"source":"966","target":"1839"},{"source":"966","target":"1849"},{"source":"966","target":"1864"},{"source":"966","target":"1868"},{"source":"966","target":"1879"},{"source":"966","target":"1886"},{"source":"966","target":"1888"},{"source":"966","target":"1898"},{"source":"966","target":"1902"},{"source":"967","target":"980"},{"source":"967","target":"993"},{"source":"967","target":"1003"},{"source":"967","target":"1026"},{"source":"967","target":"1047"},{"source":"967","target":"1048"},{"source":"967","target":"1049"},{"source":"967","target":"1054"},{"source":"967","target":"1076"},{"source":"967","target":"1092"},{"source":"967","target":"1110"},{"source":"967","target":"1112"},{"source":"967","target":"1124"},{"source":"967","target":"1126"},{"source":"967","target":"1146"},{"source":"967","target":"1149"},{"source":"967","target":"1175"},{"source":"967","target":"1182"},{"source":"967","target":"1195"},{"source":"967","target":"1230"},{"source":"967","target":"1238"},{"source":"967","target":"1243"},{"source":"967","target":"1250"},{"source":"967","target":"1255"},{"source":"967","target":"1265"},{"source":"967","target":"1272"},{"source":"967","target":"1290"},{"source":"967","target":"1293"},{"source":"967","target":"1305"},{"source":"967","target":"1312"},{"source":"967","target":"1329"},{"source":"967","target":"1334"},{"source":"967","target":"1352"},{"source":"967","target":"1361"},{"source":"967","target":"1365"},{"source":"967","target":"1367"},{"source":"967","target":"1369"},{"source":"967","target":"1376"},{"source":"967","target":"1377"},{"source":"967","target":"1390"},{"source":"967","target":"1402"},{"source":"967","target":"1405"},{"source":"967","target":"1420"},{"source":"967","target":"1431"},{"source":"967","target":"1441"},{"source":"967","target":"1467"},{"source":"967","target":"1480"},{"source":"967","target":"1484"},{"source":"967","target":"1485"},{"source":"967","target":"1509"},{"source":"967","target":"1516"},{"source":"967","target":"1520"},{"source":"967","target":"1522"},{"source":"967","target":"1523"},{"source":"967","target":"1524"},{"source":"967","target":"1528"},{"source":"967","target":"1554"},{"source":"967","target":"1557"},{"source":"967","target":"1559"},{"source":"967","target":"1563"},{"source":"967","target":"1570"},{"source":"967","target":"1584"},{"source":"967","target":"1589"},{"source":"967","target":"1590"},{"source":"967","target":"1603"},{"source":"967","target":"1604"},{"source":"967","target":"1614"},{"source":"967","target":"1621"},{"source":"967","target":"1622"},{"source":"967","target":"1626"},{"source":"967","target":"1637"},{"source":"967","target":"1659"},{"source":"967","target":"1663"},{"source":"967","target":"1675"},{"source":"967","target":"1685"},{"source":"967","target":"1688"},{"source":"967","target":"1689"},{"source":"967","target":"1717"},{"source":"967","target":"1721"},{"source":"967","target":"1730"},{"source":"967","target":"1734"},{"source":"967","target":"1752"},{"source":"967","target":"1753"},{"source":"967","target":"1768"},{"source":"967","target":"1772"},{"source":"967","target":"1774"},{"source":"967","target":"1782"},{"source":"967","target":"1791"},{"source":"967","target":"1796"},{"source":"967","target":"1800"},{"source":"967","target":"1813"},{"source":"967","target":"1827"},{"source":"967","target":"1833"},{"source":"967","target":"1835"},{"source":"967","target":"1843"},{"source":"967","target":"1845"},{"source":"967","target":"1867"},{"source":"967","target":"1888"},{"source":"967","target":"1891"},{"source":"968","target":"999"},{"source":"968","target":"1052"},{"source":"968","target":"1054"},{"source":"968","target":"1062"},{"source":"968","target":"1110"},{"source":"968","target":"1172"},{"source":"968","target":"1183"},{"source":"968","target":"1217"},{"source":"968","target":"1334"},{"source":"968","target":"1343"},{"source":"968","target":"1364"},{"source":"968","target":"1429"},{"source":"968","target":"1435"},{"source":"968","target":"1436"},{"source":"968","target":"1444"},{"source":"968","target":"1487"},{"source":"968","target":"1523"},{"source":"968","target":"1536"},{"source":"968","target":"1540"},{"source":"968","target":"1584"},{"source":"968","target":"1630"},{"source":"968","target":"1658"},{"source":"968","target":"1696"},{"source":"968","target":"1699"},{"source":"968","target":"1711"},{"source":"968","target":"1738"},{"source":"968","target":"1794"},{"source":"968","target":"1807"},{"source":"968","target":"1814"},{"source":"968","target":"1818"},{"source":"968","target":"1827"},{"source":"968","target":"1897"},{"source":"969","target":"1014"},{"source":"969","target":"1032"},{"source":"969","target":"1081"},{"source":"969","target":"1099"},{"source":"969","target":"1108"},{"source":"969","target":"1170"},{"source":"969","target":"1261"},{"source":"969","target":"1282"},{"source":"969","target":"1303"},{"source":"969","target":"1396"},{"source":"969","target":"1406"},{"source":"969","target":"1451"},{"source":"969","target":"1502"},{"source":"969","target":"1573"},{"source":"969","target":"1704"},{"source":"969","target":"1729"},{"source":"969","target":"1732"},{"source":"969","target":"1742"},{"source":"969","target":"1751"},{"source":"969","target":"1783"},{"source":"969","target":"1786"},{"source":"969","target":"1794"},{"source":"969","target":"1820"},{"source":"969","target":"1824"},{"source":"969","target":"1871"},{"source":"969","target":"1894"},{"source":"970","target":"1033"},{"source":"970","target":"1073"},{"source":"970","target":"1307"},{"source":"970","target":"1360"},{"source":"970","target":"1433"},{"source":"970","target":"1511"},{"source":"970","target":"1555"},{"source":"970","target":"1567"},{"source":"970","target":"1615"},{"source":"970","target":"1687"},{"source":"970","target":"1806"},{"source":"970","target":"1825"},{"source":"970","target":"1847"},{"source":"970","target":"1866"},{"source":"971","target":"984"},{"source":"971","target":"1014"},{"source":"971","target":"1020"},{"source":"971","target":"1032"},{"source":"971","target":"1158"},{"source":"971","target":"1204"},{"source":"971","target":"1215"},{"source":"971","target":"1241"},{"source":"971","target":"1247"},{"source":"971","target":"1273"},{"source":"971","target":"1282"},{"source":"971","target":"1347"},{"source":"971","target":"1429"},{"source":"971","target":"1489"},{"source":"971","target":"1495"},{"source":"971","target":"1502"},{"source":"971","target":"1503"},{"source":"971","target":"1591"},{"source":"971","target":"1649"},{"source":"971","target":"1704"},{"source":"971","target":"1706"},{"source":"971","target":"1729"},{"source":"971","target":"1732"},{"source":"971","target":"1783"},{"source":"971","target":"1786"},{"source":"971","target":"1794"},{"source":"971","target":"1850"},{"source":"971","target":"1871"},{"source":"972","target":"983"},{"source":"972","target":"1006"},{"source":"972","target":"1040"},{"source":"972","target":"1069"},{"source":"972","target":"1101"},{"source":"972","target":"1117"},{"source":"972","target":"1238"},{"source":"972","target":"1256"},{"source":"972","target":"1285"},{"source":"972","target":"1288"},{"source":"972","target":"1359"},{"source":"972","target":"1431"},{"source":"972","target":"1488"},{"source":"972","target":"1736"},{"source":"972","target":"1809"},{"source":"972","target":"1868"},{"source":"972","target":"1900"},{"source":"973","target":"990"},{"source":"973","target":"1150"},{"source":"973","target":"1178"},{"source":"973","target":"1272"},{"source":"973","target":"1321"},{"source":"973","target":"1327"},{"source":"973","target":"1369"},{"source":"973","target":"1461"},{"source":"973","target":"1505"},{"source":"973","target":"1561"},{"source":"973","target":"1597"},{"source":"973","target":"1626"},{"source":"973","target":"1656"},{"source":"973","target":"1702"},{"source":"973","target":"1863"},{"source":"973","target":"1883"},{"source":"974","target":"1000"},{"source":"974","target":"1010"},{"source":"974","target":"1127"},{"source":"974","target":"1134"},{"source":"974","target":"1228"},{"source":"974","target":"1236"},{"source":"974","target":"1366"},{"source":"974","target":"1640"},{"source":"974","target":"1703"},{"source":"975","target":"981"},{"source":"975","target":"988"},{"source":"975","target":"1060"},{"source":"975","target":"1104"},{"source":"975","target":"1129"},{"source":"975","target":"1192"},{"source":"975","target":"1204"},{"source":"975","target":"1227"},{"source":"975","target":"1231"},{"source":"975","target":"1235"},{"source":"975","target":"1277"},{"source":"975","target":"1279"},{"source":"975","target":"1292"},{"source":"975","target":"1298"},{"source":"975","target":"1322"},{"source":"975","target":"1345"},{"source":"975","target":"1347"},{"source":"975","target":"1379"},{"source":"975","target":"1404"},{"source":"975","target":"1423"},{"source":"975","target":"1426"},{"source":"975","target":"1438"},{"source":"975","target":"1448"},{"source":"975","target":"1459"},{"source":"975","target":"1462"},{"source":"975","target":"1473"},{"source":"975","target":"1475"},{"source":"975","target":"1479"},{"source":"975","target":"1502"},{"source":"975","target":"1573"},{"source":"975","target":"1576"},{"source":"975","target":"1583"},{"source":"975","target":"1587"},{"source":"975","target":"1591"},{"source":"975","target":"1596"},{"source":"975","target":"1611"},{"source":"975","target":"1628"},{"source":"975","target":"1636"},{"source":"975","target":"1655"},{"source":"975","target":"1680"},{"source":"975","target":"1682"},{"source":"975","target":"1716"},{"source":"975","target":"1786"},{"source":"975","target":"1841"},{"source":"975","target":"1857"},{"source":"975","target":"1862"},{"source":"975","target":"1872"},{"source":"975","target":"1873"},{"source":"975","target":"1899"},{"source":"975","target":"1903"},{"source":"976","target":"1122"},{"source":"976","target":"1349"},{"source":"976","target":"1358"},{"source":"976","target":"1374"},{"source":"976","target":"1514"},{"source":"976","target":"1574"},{"source":"976","target":"1616"},{"source":"976","target":"1645"},{"source":"976","target":"1677"},{"source":"976","target":"1679"},{"source":"976","target":"1692"},{"source":"976","target":"1743"},{"source":"976","target":"1801"},{"source":"976","target":"1878"},{"source":"976","target":"1882"},{"source":"977","target":"986"},{"source":"977","target":"1011"},{"source":"977","target":"1041"},{"source":"977","target":"1072"},{"source":"977","target":"1131"},{"source":"977","target":"1169"},{"source":"977","target":"1189"},{"source":"977","target":"1225"},{"source":"977","target":"1249"},{"source":"977","target":"1258"},{"source":"977","target":"1260"},{"source":"977","target":"1304"},{"source":"977","target":"1306"},{"source":"977","target":"1338"},{"source":"977","target":"1348"},{"source":"977","target":"1428"},{"source":"977","target":"1482"},{"source":"977","target":"1624"},{"source":"977","target":"1703"},{"source":"977","target":"1709"},{"source":"977","target":"1748"},{"source":"977","target":"1756"},{"source":"977","target":"1815"},{"source":"977","target":"1831"},{"source":"978","target":"980"},{"source":"978","target":"993"},{"source":"978","target":"1017"},{"source":"978","target":"1047"},{"source":"978","target":"1076"},{"source":"978","target":"1086"},{"source":"978","target":"1117"},{"source":"978","target":"1124"},{"source":"978","target":"1126"},{"source":"978","target":"1132"},{"source":"978","target":"1146"},{"source":"978","target":"1184"},{"source":"978","target":"1185"},{"source":"978","target":"1191"},{"source":"978","target":"1198"},{"source":"978","target":"1199"},{"source":"978","target":"1205"},{"source":"978","target":"1209"},{"source":"978","target":"1222"},{"source":"978","target":"1243"},{"source":"978","target":"1255"},{"source":"978","target":"1269"},{"source":"978","target":"1272"},{"source":"978","target":"1274"},{"source":"978","target":"1305"},{"source":"978","target":"1323"},{"source":"978","target":"1329"},{"source":"978","target":"1330"},{"source":"978","target":"1331"},{"source":"978","target":"1351"},{"source":"978","target":"1352"},{"source":"978","target":"1367"},{"source":"978","target":"1376"},{"source":"978","target":"1377"},{"source":"978","target":"1389"},{"source":"978","target":"1391"},{"source":"978","target":"1399"},{"source":"978","target":"1431"},{"source":"978","target":"1435"},{"source":"978","target":"1439"},{"source":"978","target":"1440"},{"source":"978","target":"1471"},{"source":"978","target":"1484"},{"source":"978","target":"1488"},{"source":"978","target":"1491"},{"source":"978","target":"1509"},{"source":"978","target":"1516"},{"source":"978","target":"1520"},{"source":"978","target":"1522"},{"source":"978","target":"1535"},{"source":"978","target":"1537"},{"source":"978","target":"1547"},{"source":"978","target":"1551"},{"source":"978","target":"1554"},{"source":"978","target":"1557"},{"source":"978","target":"1559"},{"source":"978","target":"1589"},{"source":"978","target":"1603"},{"source":"978","target":"1609"},{"source":"978","target":"1610"},{"source":"978","target":"1612"},{"source":"978","target":"1613"},{"source":"978","target":"1621"},{"source":"978","target":"1622"},{"source":"978","target":"1623"},{"source":"978","target":"1626"},{"source":"978","target":"1643"},{"source":"978","target":"1662"},{"source":"978","target":"1663"},{"source":"978","target":"1669"},{"source":"978","target":"1685"},{"source":"978","target":"1707"},{"source":"978","target":"1717"},{"source":"978","target":"1721"},{"source":"978","target":"1730"},{"source":"978","target":"1734"},{"source":"978","target":"1746"},{"source":"978","target":"1750"},{"source":"978","target":"1757"},{"source":"978","target":"1768"},{"source":"978","target":"1791"},{"source":"978","target":"1793"},{"source":"978","target":"1800"},{"source":"978","target":"1804"},{"source":"978","target":"1811"},{"source":"978","target":"1813"},{"source":"978","target":"1819"},{"source":"978","target":"1827"},{"source":"978","target":"1833"},{"source":"978","target":"1835"},{"source":"978","target":"1839"},{"source":"978","target":"1842"},{"source":"978","target":"1849"},{"source":"978","target":"1874"},{"source":"978","target":"1888"},{"source":"978","target":"1891"},{"source":"978","target":"1902"},{"source":"978","target":"1909"},{"source":"979","target":"1016"},{"source":"979","target":"1138"},{"source":"979","target":"1177"},{"source":"979","target":"1218"},{"source":"979","target":"1403"},{"source":"979","target":"1499"},{"source":"979","target":"1562"},{"source":"979","target":"1889"},{"source":"980","target":"993"},{"source":"980","target":"995"},{"source":"980","target":"1017"},{"source":"980","target":"1026"},{"source":"980","target":"1047"},{"source":"980","target":"1048"},{"source":"980","target":"1049"},{"source":"980","target":"1074"},{"source":"980","target":"1078"},{"source":"980","target":"1079"},{"source":"980","target":"1086"},{"source":"980","target":"1116"},{"source":"980","target":"1124"},{"source":"980","target":"1126"},{"source":"980","target":"1128"},{"source":"980","target":"1146"},{"source":"980","target":"1164"},{"source":"980","target":"1175"},{"source":"980","target":"1182"},{"source":"980","target":"1185"},{"source":"980","target":"1191"},{"source":"980","target":"1195"},{"source":"980","target":"1199"},{"source":"980","target":"1209"},{"source":"980","target":"1211"},{"source":"980","target":"1222"},{"source":"980","target":"1230"},{"source":"980","target":"1239"},{"source":"980","target":"1242"},{"source":"980","target":"1243"},{"source":"980","target":"1267"},{"source":"980","target":"1269"},{"source":"980","target":"1272"},{"source":"980","target":"1290"},{"source":"980","target":"1305"},{"source":"980","target":"1312"},{"source":"980","target":"1323"},{"source":"980","target":"1329"},{"source":"980","target":"1331"},{"source":"980","target":"1334"},{"source":"980","target":"1344"},{"source":"980","target":"1351"},{"source":"980","target":"1352"},{"source":"980","target":"1361"},{"source":"980","target":"1367"},{"source":"980","target":"1376"},{"source":"980","target":"1377"},{"source":"980","target":"1393"},{"source":"980","target":"1399"},{"source":"980","target":"1422"},{"source":"980","target":"1431"},{"source":"980","target":"1449"},{"source":"980","target":"1460"},{"source":"980","target":"1467"},{"source":"980","target":"1484"},{"source":"980","target":"1491"},{"source":"980","target":"1516"},{"source":"980","target":"1520"},{"source":"980","target":"1547"},{"source":"980","target":"1551"},{"source":"980","target":"1554"},{"source":"980","target":"1557"},{"source":"980","target":"1559"},{"source":"980","target":"1563"},{"source":"980","target":"1570"},{"source":"980","target":"1584"},{"source":"980","target":"1589"},{"source":"980","target":"1603"},{"source":"980","target":"1608"},{"source":"980","target":"1610"},{"source":"980","target":"1612"},{"source":"980","target":"1613"},{"source":"980","target":"1621"},{"source":"980","target":"1622"},{"source":"980","target":"1632"},{"source":"980","target":"1637"},{"source":"980","target":"1643"},{"source":"980","target":"1644"},{"source":"980","target":"1659"},{"source":"980","target":"1662"},{"source":"980","target":"1663"},{"source":"980","target":"1669"},{"source":"980","target":"1675"},{"source":"980","target":"1683"},{"source":"980","target":"1685"},{"source":"980","target":"1689"},{"source":"980","target":"1707"},{"source":"980","target":"1714"},{"source":"980","target":"1717"},{"source":"980","target":"1721"},{"source":"980","target":"1730"},{"source":"980","target":"1734"},{"source":"980","target":"1746"},{"source":"980","target":"1750"},{"source":"980","target":"1753"},{"source":"980","target":"1761"},{"source":"980","target":"1765"},{"source":"980","target":"1768"},{"source":"980","target":"1774"},{"source":"980","target":"1775"},{"source":"980","target":"1782"},{"source":"980","target":"1793"},{"source":"980","target":"1795"},{"source":"980","target":"1800"},{"source":"980","target":"1804"},{"source":"980","target":"1813"},{"source":"980","target":"1823"},{"source":"980","target":"1827"},{"source":"980","target":"1833"},{"source":"980","target":"1835"},{"source":"980","target":"1839"},{"source":"980","target":"1842"},{"source":"980","target":"1845"},{"source":"980","target":"1861"},{"source":"980","target":"1874"},{"source":"980","target":"1879"},{"source":"980","target":"1888"},{"source":"980","target":"1891"},{"source":"980","target":"1902"},{"source":"981","target":"988"},{"source":"981","target":"1036"},{"source":"981","target":"1044"},{"source":"981","target":"1060"},{"source":"981","target":"1067"},{"source":"981","target":"1100"},{"source":"981","target":"1104"},{"source":"981","target":"1120"},{"source":"981","target":"1129"},{"source":"981","target":"1192"},{"source":"981","target":"1204"},{"source":"981","target":"1227"},{"source":"981","target":"1231"},{"source":"981","target":"1235"},{"source":"981","target":"1257"},{"source":"981","target":"1279"},{"source":"981","target":"1292"},{"source":"981","target":"1298"},{"source":"981","target":"1322"},{"source":"981","target":"1347"},{"source":"981","target":"1379"},{"source":"981","target":"1404"},{"source":"981","target":"1426"},{"source":"981","target":"1438"},{"source":"981","target":"1448"},{"source":"981","target":"1459"},{"source":"981","target":"1462"},{"source":"981","target":"1475"},{"source":"981","target":"1479"},{"source":"981","target":"1502"},{"source":"981","target":"1573"},{"source":"981","target":"1583"},{"source":"981","target":"1587"},{"source":"981","target":"1596"},{"source":"981","target":"1611"},{"source":"981","target":"1636"},{"source":"981","target":"1691"},{"source":"981","target":"1786"},{"source":"981","target":"1857"},{"source":"981","target":"1862"},{"source":"981","target":"1872"},{"source":"981","target":"1899"},{"source":"982","target":"983"},{"source":"982","target":"998"},{"source":"982","target":"1006"},{"source":"982","target":"1017"},{"source":"982","target":"1029"},{"source":"982","target":"1040"},{"source":"982","target":"1056"},{"source":"982","target":"1078"},{"source":"982","target":"1083"},{"source":"982","target":"1101"},{"source":"982","target":"1125"},{"source":"982","target":"1126"},{"source":"982","target":"1132"},{"source":"982","target":"1153"},{"source":"982","target":"1163"},{"source":"982","target":"1199"},{"source":"982","target":"1207"},{"source":"982","target":"1211"},{"source":"982","target":"1256"},{"source":"982","target":"1269"},{"source":"982","target":"1271"},{"source":"982","target":"1288"},{"source":"982","target":"1291"},{"source":"982","target":"1302"},{"source":"982","target":"1331"},{"source":"982","target":"1336"},{"source":"982","target":"1346"},{"source":"982","target":"1370"},{"source":"982","target":"1380"},{"source":"982","target":"1390"},{"source":"982","target":"1391"},{"source":"982","target":"1399"},{"source":"982","target":"1409"},{"source":"982","target":"1456"},{"source":"982","target":"1457"},{"source":"982","target":"1488"},{"source":"982","target":"1491"},{"source":"982","target":"1516"},{"source":"982","target":"1522"},{"source":"982","target":"1537"},{"source":"982","target":"1547"},{"source":"982","target":"1589"},{"source":"982","target":"1598"},{"source":"982","target":"1604"},{"source":"982","target":"1610"},{"source":"982","target":"1619"},{"source":"982","target":"1663"},{"source":"982","target":"1668"},{"source":"982","target":"1712"},{"source":"982","target":"1714"},{"source":"982","target":"1730"},{"source":"982","target":"1736"},{"source":"982","target":"1754"},{"source":"982","target":"1800"},{"source":"982","target":"1809"},{"source":"982","target":"1821"},{"source":"982","target":"1833"},{"source":"982","target":"1839"},{"source":"982","target":"1845"},{"source":"982","target":"1856"},{"source":"982","target":"1864"},{"source":"982","target":"1888"},{"source":"982","target":"1898"},{"source":"983","target":"1006"},{"source":"983","target":"1040"},{"source":"983","target":"1063"},{"source":"983","target":"1069"},{"source":"983","target":"1078"},{"source":"983","target":"1083"},{"source":"983","target":"1086"},{"source":"983","target":"1101"},{"source":"983","target":"1107"},{"source":"983","target":"1125"},{"source":"983","target":"1153"},{"source":"983","target":"1156"},{"source":"983","target":"1163"},{"source":"983","target":"1199"},{"source":"983","target":"1211"},{"source":"983","target":"1238"},{"source":"983","target":"1256"},{"source":"983","target":"1271"},{"source":"983","target":"1285"},{"source":"983","target":"1288"},{"source":"983","target":"1289"},{"source":"983","target":"1331"},{"source":"983","target":"1336"},{"source":"983","target":"1341"},{"source":"983","target":"1370"},{"source":"983","target":"1380"},{"source":"983","target":"1390"},{"source":"983","target":"1399"},{"source":"983","target":"1402"},{"source":"983","target":"1409"},{"source":"983","target":"1456"},{"source":"983","target":"1457"},{"source":"983","target":"1488"},{"source":"983","target":"1542"},{"source":"983","target":"1547"},{"source":"983","target":"1619"},{"source":"983","target":"1662"},{"source":"983","target":"1665"},{"source":"983","target":"1668"},{"source":"983","target":"1707"},{"source":"983","target":"1712"},{"source":"983","target":"1736"},{"source":"983","target":"1791"},{"source":"983","target":"1793"},{"source":"983","target":"1809"},{"source":"983","target":"1810"},{"source":"983","target":"1832"},{"source":"983","target":"1833"},{"source":"983","target":"1839"},{"source":"983","target":"1845"},{"source":"983","target":"1849"},{"source":"983","target":"1864"},{"source":"983","target":"1868"},{"source":"983","target":"1879"},{"source":"983","target":"1888"},{"source":"983","target":"1898"},{"source":"984","target":"1014"},{"source":"984","target":"1020"},{"source":"984","target":"1032"},{"source":"984","target":"1066"},{"source":"984","target":"1099"},{"source":"984","target":"1102"},{"source":"984","target":"1166"},{"source":"984","target":"1192"},{"source":"984","target":"1204"},{"source":"984","target":"1215"},{"source":"984","target":"1245"},{"source":"984","target":"1261"},{"source":"984","target":"1273"},{"source":"984","target":"1282"},{"source":"984","target":"1373"},{"source":"984","target":"1382"},{"source":"984","target":"1396"},{"source":"984","target":"1459"},{"source":"984","target":"1495"},{"source":"984","target":"1502"},{"source":"984","target":"1582"},{"source":"984","target":"1591"},{"source":"984","target":"1649"},{"source":"984","target":"1661"},{"source":"984","target":"1706"},{"source":"984","target":"1729"},{"source":"984","target":"1742"},{"source":"984","target":"1783"},{"source":"984","target":"1786"},{"source":"984","target":"1820"},{"source":"984","target":"1828"},{"source":"984","target":"1871"},{"source":"984","target":"1893"},{"source":"984","target":"1894"},{"source":"985","target":"1000"},{"source":"985","target":"1090"},{"source":"985","target":"1127"},{"source":"985","target":"1304"},{"source":"985","target":"1634"},{"source":"985","target":"1840"},{"source":"986","target":"1225"},{"source":"986","target":"1236"},{"source":"986","target":"1299"},{"source":"986","target":"1304"},{"source":"986","target":"1308"},{"source":"986","target":"1355"},{"source":"986","target":"1536"},{"source":"986","target":"1634"},{"source":"987","target":"1177"},{"source":"987","target":"1240"},{"source":"987","target":"1371"},{"source":"987","target":"1758"},{"source":"987","target":"1794"},{"source":"988","target":"1019"},{"source":"988","target":"1100"},{"source":"988","target":"1104"},{"source":"988","target":"1190"},{"source":"988","target":"1192"},{"source":"988","target":"1204"},{"source":"988","target":"1221"},{"source":"988","target":"1227"},{"source":"988","target":"1231"},{"source":"988","target":"1235"},{"source":"988","target":"1277"},{"source":"988","target":"1279"},{"source":"988","target":"1298"},{"source":"988","target":"1303"},{"source":"988","target":"1322"},{"source":"988","target":"1345"},{"source":"988","target":"1347"},{"source":"988","target":"1426"},{"source":"988","target":"1438"},{"source":"988","target":"1448"},{"source":"988","target":"1459"},{"source":"988","target":"1462"},{"source":"988","target":"1479"},{"source":"988","target":"1515"},{"source":"988","target":"1573"},{"source":"988","target":"1576"},{"source":"988","target":"1583"},{"source":"988","target":"1591"},{"source":"988","target":"1596"},{"source":"988","target":"1628"},{"source":"988","target":"1636"},{"source":"988","target":"1655"},{"source":"988","target":"1715"},{"source":"988","target":"1720"},{"source":"988","target":"1873"},{"source":"988","target":"1893"},{"source":"988","target":"1899"},{"source":"989","target":"1009"},{"source":"989","target":"1014"},{"source":"989","target":"1019"},{"source":"989","target":"1044"},{"source":"989","target":"1067"},{"source":"989","target":"1082"},{"source":"989","target":"1104"},{"source":"989","target":"1158"},{"source":"989","target":"1227"},{"source":"989","target":"1231"},{"source":"989","target":"1235"},{"source":"989","target":"1277"},{"source":"989","target":"1322"},{"source":"989","target":"1345"},{"source":"989","target":"1413"},{"source":"989","target":"1432"},{"source":"989","target":"1462"},{"source":"989","target":"1573"},{"source":"989","target":"1583"},{"source":"989","target":"1628"},{"source":"989","target":"1647"},{"source":"989","target":"1655"},{"source":"989","target":"1661"},{"source":"989","target":"1680"},{"source":"989","target":"1716"},{"source":"989","target":"1720"},{"source":"989","target":"1728"},{"source":"989","target":"1729"},{"source":"989","target":"1751"},{"source":"989","target":"1824"},{"source":"989","target":"1857"},{"source":"989","target":"1875"},{"source":"989","target":"1899"},{"source":"990","target":"1419"},{"source":"990","target":"1450"},{"source":"990","target":"1505"},{"source":"990","target":"1534"},{"source":"990","target":"1656"},{"source":"990","target":"1666"},{"source":"990","target":"1674"},{"source":"990","target":"1678"},{"source":"990","target":"1684"},{"source":"990","target":"1726"},{"source":"990","target":"2678"},{"source":"990","target":"2760"},{"source":"990","target":"2822"},{"source":"990","target":"2883"},{"source":"990","target":"2941"},{"source":"990","target":"2968"},{"source":"990","target":"3005"},{"source":"990","target":"3057"},{"source":"990","target":"3136"},{"source":"990","target":"3164"},{"source":"990","target":"3222"},{"source":"990","target":"3245"},{"source":"990","target":"3248"},{"source":"990","target":"3263"},{"source":"990","target":"3278"},{"source":"990","target":"3328"},{"source":"990","target":"3361"},{"source":"991","target":"1034"},{"source":"991","target":"1165"},{"source":"991","target":"1177"},{"source":"991","target":"1283"},{"source":"991","target":"1312"},{"source":"991","target":"1317"},{"source":"991","target":"1467"},{"source":"991","target":"1505"},{"source":"991","target":"1561"},{"source":"991","target":"1590"},{"source":"991","target":"1641"},{"source":"991","target":"1701"},{"source":"991","target":"1726"},{"source":"991","target":"1750"},{"source":"991","target":"1846"},{"source":"992","target":"1097"},{"source":"992","target":"1118"},{"source":"992","target":"1216"},{"source":"992","target":"1314"},{"source":"992","target":"1333"},{"source":"992","target":"1363"},{"source":"992","target":"1371"},{"source":"992","target":"1378"},{"source":"992","target":"1424"},{"source":"992","target":"1452"},{"source":"992","target":"1468"},{"source":"992","target":"1533"},{"source":"992","target":"1548"},{"source":"992","target":"1568"},{"source":"992","target":"1601"},{"source":"992","target":"1629"},{"source":"992","target":"1648"},{"source":"992","target":"1733"},{"source":"992","target":"1747"},{"source":"992","target":"1784"},{"source":"992","target":"1787"},{"source":"992","target":"1798"},{"source":"992","target":"1837"},{"source":"992","target":"1880"},{"source":"992","target":"1895"},{"source":"993","target":"1006"},{"source":"993","target":"1026"},{"source":"993","target":"1028"},{"source":"993","target":"1048"},{"source":"993","target":"1059"},{"source":"993","target":"1076"},{"source":"993","target":"1079"},{"source":"993","target":"1086"},{"source":"993","target":"1101"},{"source":"993","target":"1110"},{"source":"993","target":"1117"},{"source":"993","target":"1122"},{"source":"993","target":"1126"},{"source":"993","target":"1128"},{"source":"993","target":"1135"},{"source":"993","target":"1146"},{"source":"993","target":"1149"},{"source":"993","target":"1172"},{"source":"993","target":"1175"},{"source":"993","target":"1182"},{"source":"993","target":"1184"},{"source":"993","target":"1185"},{"source":"993","target":"1191"},{"source":"993","target":"1195"},{"source":"993","target":"1199"},{"source":"993","target":"1205"},{"source":"993","target":"1209"},{"source":"993","target":"1211"},{"source":"993","target":"1214"},{"source":"993","target":"1243"},{"source":"993","target":"1255"},{"source":"993","target":"1256"},{"source":"993","target":"1267"},{"source":"993","target":"1269"},{"source":"993","target":"1287"},{"source":"993","target":"1289"},{"source":"993","target":"1290"},{"source":"993","target":"1291"},{"source":"993","target":"1302"},{"source":"993","target":"1312"},{"source":"993","target":"1329"},{"source":"993","target":"1330"},{"source":"993","target":"1335"},{"source":"993","target":"1341"},{"source":"993","target":"1352"},{"source":"993","target":"1359"},{"source":"993","target":"1361"},{"source":"993","target":"1376"},{"source":"993","target":"1377"},{"source":"993","target":"1389"},{"source":"993","target":"1390"},{"source":"993","target":"1391"},{"source":"993","target":"1399"},{"source":"993","target":"1407"},{"source":"993","target":"1409"},{"source":"993","target":"1420"},{"source":"993","target":"1431"},{"source":"993","target":"1447"},{"source":"993","target":"1460"},{"source":"993","target":"1467"},{"source":"993","target":"1470"},{"source":"993","target":"1471"},{"source":"993","target":"1484"},{"source":"993","target":"1491"},{"source":"993","target":"1509"},{"source":"993","target":"1513"},{"source":"993","target":"1516"},{"source":"993","target":"1522"},{"source":"993","target":"1530"},{"source":"993","target":"1535"},{"source":"993","target":"1539"},{"source":"993","target":"1551"},{"source":"993","target":"1554"},{"source":"993","target":"1557"},{"source":"993","target":"1559"},{"source":"993","target":"1580"},{"source":"993","target":"1584"},{"source":"993","target":"1589"},{"source":"993","target":"1590"},{"source":"993","target":"1597"},{"source":"993","target":"1598"},{"source":"993","target":"1600"},{"source":"993","target":"1603"},{"source":"993","target":"1604"},{"source":"993","target":"1608"},{"source":"993","target":"1609"},{"source":"993","target":"1612"},{"source":"993","target":"1613"},{"source":"993","target":"1617"},{"source":"993","target":"1620"},{"source":"993","target":"1621"},{"source":"993","target":"1622"},{"source":"993","target":"1632"},{"source":"993","target":"1637"},{"source":"993","target":"1639"},{"source":"993","target":"1643"},{"source":"993","target":"1659"},{"source":"993","target":"1662"},{"source":"993","target":"1663"},{"source":"993","target":"1669"},{"source":"993","target":"1675"},{"source":"993","target":"1683"},{"source":"993","target":"1685"},{"source":"993","target":"1688"},{"source":"993","target":"1689"},{"source":"993","target":"1714"},{"source":"993","target":"1717"},{"source":"993","target":"1721"},{"source":"993","target":"1730"},{"source":"993","target":"1734"},{"source":"993","target":"1735"},{"source":"993","target":"1746"},{"source":"993","target":"1750"},{"source":"993","target":"1753"},{"source":"993","target":"1757"},{"source":"993","target":"1761"},{"source":"993","target":"1768"},{"source":"993","target":"1772"},{"source":"993","target":"1791"},{"source":"993","target":"1793"},{"source":"993","target":"1796"},{"source":"993","target":"1799"},{"source":"993","target":"1800"},{"source":"993","target":"1804"},{"source":"993","target":"1813"},{"source":"993","target":"1823"},{"source":"993","target":"1827"},{"source":"993","target":"1833"},{"source":"993","target":"1835"},{"source":"993","target":"1839"},{"source":"993","target":"1842"},{"source":"993","target":"1849"},{"source":"993","target":"1851"},{"source":"993","target":"1864"},{"source":"993","target":"1867"},{"source":"993","target":"1877"},{"source":"993","target":"1886"},{"source":"993","target":"1888"},{"source":"993","target":"1891"},{"source":"993","target":"1902"},{"source":"994","target":"1009"},{"source":"994","target":"1021"},{"source":"994","target":"1067"},{"source":"994","target":"1159"},{"source":"994","target":"1192"},{"source":"994","target":"1217"},{"source":"994","target":"1235"},{"source":"994","target":"1258"},{"source":"994","target":"1366"},{"source":"994","target":"1426"},{"source":"994","target":"1427"},{"source":"994","target":"1435"},{"source":"994","target":"1448"},{"source":"994","target":"1459"},{"source":"994","target":"1473"},{"source":"994","target":"1479"},{"source":"994","target":"1492"},{"source":"994","target":"1525"},{"source":"994","target":"1569"},{"source":"994","target":"1573"},{"source":"994","target":"1584"},{"source":"994","target":"1630"},{"source":"994","target":"1658"},{"source":"994","target":"1807"},{"source":"994","target":"1818"},{"source":"995","target":"997"},{"source":"995","target":"1029"},{"source":"995","target":"1074"},{"source":"995","target":"1083"},{"source":"995","target":"1084"},{"source":"995","target":"1160"},{"source":"995","target":"1171"},{"source":"995","target":"1173"},{"source":"995","target":"1180"},{"source":"995","target":"1201"},{"source":"995","target":"1205"},{"source":"995","target":"1214"},{"source":"995","target":"1219"},{"source":"995","target":"1238"},{"source":"995","target":"1239"},{"source":"995","target":"1243"},{"source":"995","target":"1265"},{"source":"995","target":"1271"},{"source":"995","target":"1274"},{"source":"995","target":"1280"},{"source":"995","target":"1323"},{"source":"995","target":"1330"},{"source":"995","target":"1331"},{"source":"995","target":"1334"},{"source":"995","target":"1352"},{"source":"995","target":"1361"},{"source":"995","target":"1377"},{"source":"995","target":"1388"},{"source":"995","target":"1409"},{"source":"995","target":"1419"},{"source":"995","target":"1431"},{"source":"995","target":"1447"},{"source":"995","target":"1458"},{"source":"995","target":"1460"},{"source":"995","target":"1461"},{"source":"995","target":"1470"},{"source":"995","target":"1483"},{"source":"995","target":"1488"},{"source":"995","target":"1517"},{"source":"995","target":"1519"},{"source":"995","target":"1535"},{"source":"995","target":"1540"},{"source":"995","target":"1551"},{"source":"995","target":"1553"},{"source":"995","target":"1554"},{"source":"995","target":"1559"},{"source":"995","target":"1570"},{"source":"995","target":"1580"},{"source":"995","target":"1620"},{"source":"995","target":"1651"},{"source":"995","target":"1665"},{"source":"995","target":"1722"},{"source":"995","target":"1730"},{"source":"995","target":"1741"},{"source":"995","target":"1768"},{"source":"995","target":"1809"},{"source":"995","target":"1813"},{"source":"995","target":"1826"},{"source":"995","target":"1861"},{"source":"995","target":"1868"},{"source":"996","target":"1087"},{"source":"996","target":"1505"},{"source":"996","target":"1860"},{"source":"997","target":"1006"},{"source":"997","target":"1024"},{"source":"997","target":"1029"},{"source":"997","target":"1056"},{"source":"997","target":"1083"},{"source":"997","target":"1101"},{"source":"997","target":"1117"},{"source":"997","target":"1124"},{"source":"997","target":"1125"},{"source":"997","target":"1132"},{"source":"997","target":"1146"},{"source":"997","target":"1153"},{"source":"997","target":"1160"},{"source":"997","target":"1163"},{"source":"997","target":"1172"},{"source":"997","target":"1173"},{"source":"997","target":"1180"},{"source":"997","target":"1191"},{"source":"997","target":"1199"},{"source":"997","target":"1201"},{"source":"997","target":"1205"},{"source":"997","target":"1214"},{"source":"997","target":"1222"},{"source":"997","target":"1238"},{"source":"997","target":"1243"},{"source":"997","target":"1255"},{"source":"997","target":"1256"},{"source":"997","target":"1267"},{"source":"997","target":"1280"},{"source":"997","target":"1323"},{"source":"997","target":"1330"},{"source":"997","target":"1331"},{"source":"997","target":"1336"},{"source":"997","target":"1359"},{"source":"997","target":"1361"},{"source":"997","target":"1377"},{"source":"997","target":"1388"},{"source":"997","target":"1389"},{"source":"997","target":"1391"},{"source":"997","target":"1402"},{"source":"997","target":"1409"},{"source":"997","target":"1447"},{"source":"997","target":"1456"},{"source":"997","target":"1470"},{"source":"997","target":"1471"},{"source":"997","target":"1480"},{"source":"997","target":"1483"},{"source":"997","target":"1509"},{"source":"997","target":"1517"},{"source":"997","target":"1520"},{"source":"997","target":"1535"},{"source":"997","target":"1551"},{"source":"997","target":"1559"},{"source":"997","target":"1563"},{"source":"997","target":"1570"},{"source":"997","target":"1571"},{"source":"997","target":"1580"},{"source":"997","target":"1604"},{"source":"997","target":"1605"},{"source":"997","target":"1608"},{"source":"997","target":"1609"},{"source":"997","target":"1610"},{"source":"997","target":"1613"},{"source":"997","target":"1620"},{"source":"997","target":"1622"},{"source":"997","target":"1637"},{"source":"997","target":"1663"},{"source":"997","target":"1665"},{"source":"997","target":"1668"},{"source":"997","target":"1669"},{"source":"997","target":"1675"},{"source":"997","target":"1712"},{"source":"997","target":"1722"},{"source":"997","target":"1730"},{"source":"997","target":"1741"},{"source":"997","target":"1768"},{"source":"997","target":"1772"},{"source":"997","target":"1791"},{"source":"997","target":"1793"},{"source":"997","target":"1804"},{"source":"997","target":"1809"},{"source":"997","target":"1811"},{"source":"997","target":"1813"},{"source":"997","target":"1835"},{"source":"997","target":"1842"},{"source":"997","target":"1861"},{"source":"997","target":"1868"},{"source":"997","target":"1888"},{"source":"997","target":"1898"},{"source":"997","target":"1902"},{"source":"998","target":"1029"},{"source":"998","target":"1173"},{"source":"998","target":"1330"},{"source":"998","target":"1346"},{"source":"998","target":"1537"},{"source":"998","target":"1722"},{"source":"999","target":"1006"},{"source":"999","target":"1017"},{"source":"999","target":"1059"},{"source":"999","target":"1068"},{"source":"999","target":"1076"},{"source":"999","target":"1078"},{"source":"999","target":"1079"},{"source":"999","target":"1092"},{"source":"999","target":"1124"},{"source":"999","target":"1125"},{"source":"999","target":"1126"},{"source":"999","target":"1132"},{"source":"999","target":"1172"},{"source":"999","target":"1181"},{"source":"999","target":"1184"},{"source":"999","target":"1185"},{"source":"999","target":"1199"},{"source":"999","target":"1211"},{"source":"999","target":"1222"},{"source":"999","target":"1230"},{"source":"999","target":"1291"},{"source":"999","target":"1335"},{"source":"999","target":"1351"},{"source":"999","target":"1352"},{"source":"999","target":"1361"},{"source":"999","target":"1367"},{"source":"999","target":"1376"},{"source":"999","target":"1399"},{"source":"999","target":"1416"},{"source":"999","target":"1431"},{"source":"999","target":"1437"},{"source":"999","target":"1439"},{"source":"999","target":"1471"},{"source":"999","target":"1491"},{"source":"999","target":"1516"},{"source":"999","target":"1530"},{"source":"999","target":"1532"},{"source":"999","target":"1538"},{"source":"999","target":"1547"},{"source":"999","target":"1551"},{"source":"999","target":"1554"},{"source":"999","target":"1584"},{"source":"999","target":"1589"},{"source":"999","target":"1603"},{"source":"999","target":"1612"},{"source":"999","target":"1617"},{"source":"999","target":"1621"},{"source":"999","target":"1652"},{"source":"999","target":"1653"},{"source":"999","target":"1669"},{"source":"999","target":"1707"},{"source":"999","target":"1714"},{"source":"999","target":"1721"},{"source":"999","target":"1737"},{"source":"999","target":"1746"},{"source":"999","target":"1750"},{"source":"999","target":"1752"},{"source":"999","target":"1757"},{"source":"999","target":"1799"},{"source":"999","target":"1800"},{"source":"999","target":"1804"},{"source":"999","target":"1810"},{"source":"999","target":"1821"},{"source":"999","target":"1823"},{"source":"999","target":"1827"},{"source":"999","target":"1833"},{"source":"999","target":"1839"},{"source":"999","target":"1842"},{"source":"999","target":"1864"},{"source":"999","target":"1879"},{"source":"999","target":"1888"},{"source":"1000","target":"1010"},{"source":"1000","target":"1127"},{"source":"1000","target":"1134"},{"source":"1000","target":"1228"},{"source":"1000","target":"1304"},{"source":"1000","target":"1474"},{"source":"1000","target":"1640"},{"source":"1000","target":"1667"},{"source":"1000","target":"1703"},{"source":"1000","target":"1725"},{"source":"1000","target":"1759"},{"source":"1000","target":"1840"},{"source":"1001","target":"1080"},{"source":"1001","target":"1095"},{"source":"1001","target":"1114"},{"source":"1001","target":"1124"},{"source":"1001","target":"1155"},{"source":"1001","target":"1179"},{"source":"1001","target":"1180"},{"source":"1001","target":"1207"},{"source":"1001","target":"1217"},{"source":"1001","target":"1237"},{"source":"1001","target":"1349"},{"source":"1001","target":"1352"},{"source":"1001","target":"1357"},{"source":"1001","target":"1358"},{"source":"1001","target":"1374"},{"source":"1001","target":"1397"},{"source":"1001","target":"1422"},{"source":"1001","target":"1427"},{"source":"1001","target":"1487"},{"source":"1001","target":"1506"},{"source":"1001","target":"1512"},{"source":"1001","target":"1536"},{"source":"1001","target":"1542"},{"source":"1001","target":"1543"},{"source":"1001","target":"1616"},{"source":"1001","target":"1673"},{"source":"1001","target":"1692"},{"source":"1001","target":"1740"},{"source":"1001","target":"1767"},{"source":"1001","target":"1844"},{"source":"1002","target":"1105"},{"source":"1002","target":"1208"},{"source":"1002","target":"1890"},{"source":"1003","target":"1004"},{"source":"1003","target":"1054"},{"source":"1003","target":"1059"},{"source":"1003","target":"1075"},{"source":"1003","target":"1076"},{"source":"1003","target":"1079"},{"source":"1003","target":"1086"},{"source":"1003","target":"1112"},{"source":"1003","target":"1126"},{"source":"1003","target":"1175"},{"source":"1003","target":"1184"},{"source":"1003","target":"1191"},{"source":"1003","target":"1242"},{"source":"1003","target":"1250"},{"source":"1003","target":"1255"},{"source":"1003","target":"1272"},{"source":"1003","target":"1293"},{"source":"1003","target":"1305"},{"source":"1003","target":"1331"},{"source":"1003","target":"1339"},{"source":"1003","target":"1340"},{"source":"1003","target":"1352"},{"source":"1003","target":"1367"},{"source":"1003","target":"1376"},{"source":"1003","target":"1380"},{"source":"1003","target":"1390"},{"source":"1003","target":"1391"},{"source":"1003","target":"1416"},{"source":"1003","target":"1420"},{"source":"1003","target":"1431"},{"source":"1003","target":"1435"},{"source":"1003","target":"1480"},{"source":"1003","target":"1484"},{"source":"1003","target":"1488"},{"source":"1003","target":"1513"},{"source":"1003","target":"1516"},{"source":"1003","target":"1520"},{"source":"1003","target":"1523"},{"source":"1003","target":"1539"},{"source":"1003","target":"1540"},{"source":"1003","target":"1557"},{"source":"1003","target":"1559"},{"source":"1003","target":"1563"},{"source":"1003","target":"1589"},{"source":"1003","target":"1597"},{"source":"1003","target":"1598"},{"source":"1003","target":"1600"},{"source":"1003","target":"1612"},{"source":"1003","target":"1613"},{"source":"1003","target":"1614"},{"source":"1003","target":"1618"},{"source":"1003","target":"1622"},{"source":"1003","target":"1623"},{"source":"1003","target":"1637"},{"source":"1003","target":"1639"},{"source":"1003","target":"1641"},{"source":"1003","target":"1644"},{"source":"1003","target":"1652"},{"source":"1003","target":"1653"},{"source":"1003","target":"1659"},{"source":"1003","target":"1662"},{"source":"1003","target":"1663"},{"source":"1003","target":"1683"},{"source":"1003","target":"1689"},{"source":"1003","target":"1707"},{"source":"1003","target":"1712"},{"source":"1003","target":"1717"},{"source":"1003","target":"1721"},{"source":"1003","target":"1724"},{"source":"1003","target":"1737"},{"source":"1003","target":"1741"},{"source":"1003","target":"1746"},{"source":"1003","target":"1750"},{"source":"1003","target":"1752"},{"source":"1003","target":"1765"},{"source":"1003","target":"1779"},{"source":"1003","target":"1789"},{"source":"1003","target":"1795"},{"source":"1003","target":"1799"},{"source":"1003","target":"1800"},{"source":"1003","target":"1809"},{"source":"1003","target":"1816"},{"source":"1003","target":"1819"},{"source":"1003","target":"1827"},{"source":"1003","target":"1835"},{"source":"1003","target":"1843"},{"source":"1003","target":"1851"},{"source":"1003","target":"1867"},{"source":"1003","target":"1877"},{"source":"1003","target":"1888"},{"source":"1004","target":"1017"},{"source":"1004","target":"1059"},{"source":"1004","target":"1076"},{"source":"1004","target":"1078"},{"source":"1004","target":"1079"},{"source":"1004","target":"1091"},{"source":"1004","target":"1092"},{"source":"1004","target":"1101"},{"source":"1004","target":"1112"},{"source":"1004","target":"1128"},{"source":"1004","target":"1146"},{"source":"1004","target":"1149"},{"source":"1004","target":"1163"},{"source":"1004","target":"1181"},{"source":"1004","target":"1184"},{"source":"1004","target":"1185"},{"source":"1004","target":"1198"},{"source":"1004","target":"1199"},{"source":"1004","target":"1209"},{"source":"1004","target":"1211"},{"source":"1004","target":"1242"},{"source":"1004","target":"1250"},{"source":"1004","target":"1267"},{"source":"1004","target":"1287"},{"source":"1004","target":"1289"},{"source":"1004","target":"1290"},{"source":"1004","target":"1291"},{"source":"1004","target":"1302"},{"source":"1004","target":"1330"},{"source":"1004","target":"1331"},{"source":"1004","target":"1335"},{"source":"1004","target":"1339"},{"source":"1004","target":"1344"},{"source":"1004","target":"1352"},{"source":"1004","target":"1367"},{"source":"1004","target":"1375"},{"source":"1004","target":"1390"},{"source":"1004","target":"1391"},{"source":"1004","target":"1399"},{"source":"1004","target":"1416"},{"source":"1004","target":"1420"},{"source":"1004","target":"1431"},{"source":"1004","target":"1435"},{"source":"1004","target":"1437"},{"source":"1004","target":"1467"},{"source":"1004","target":"1471"},{"source":"1004","target":"1480"},{"source":"1004","target":"1491"},{"source":"1004","target":"1516"},{"source":"1004","target":"1522"},{"source":"1004","target":"1523"},{"source":"1004","target":"1524"},{"source":"1004","target":"1532"},{"source":"1004","target":"1538"},{"source":"1004","target":"1539"},{"source":"1004","target":"1547"},{"source":"1004","target":"1554"},{"source":"1004","target":"1557"},{"source":"1004","target":"1559"},{"source":"1004","target":"1584"},{"source":"1004","target":"1589"},{"source":"1004","target":"1597"},{"source":"1004","target":"1598"},{"source":"1004","target":"1600"},{"source":"1004","target":"1603"},{"source":"1004","target":"1610"},{"source":"1004","target":"1612"},{"source":"1004","target":"1617"},{"source":"1004","target":"1620"},{"source":"1004","target":"1621"},{"source":"1004","target":"1622"},{"source":"1004","target":"1623"},{"source":"1004","target":"1632"},{"source":"1004","target":"1643"},{"source":"1004","target":"1644"},{"source":"1004","target":"1652"},{"source":"1004","target":"1653"},{"source":"1004","target":"1659"},{"source":"1004","target":"1662"},{"source":"1004","target":"1663"},{"source":"1004","target":"1683"},{"source":"1004","target":"1688"},{"source":"1004","target":"1689"},{"source":"1004","target":"1707"},{"source":"1004","target":"1714"},{"source":"1004","target":"1717"},{"source":"1004","target":"1721"},{"source":"1004","target":"1730"},{"source":"1004","target":"1735"},{"source":"1004","target":"1736"},{"source":"1004","target":"1741"},{"source":"1004","target":"1746"},{"source":"1004","target":"1750"},{"source":"1004","target":"1752"},{"source":"1004","target":"1757"},{"source":"1004","target":"1789"},{"source":"1004","target":"1795"},{"source":"1004","target":"1796"},{"source":"1004","target":"1799"},{"source":"1004","target":"1800"},{"source":"1004","target":"1804"},{"source":"1004","target":"1810"},{"source":"1004","target":"1816"},{"source":"1004","target":"1819"},{"source":"1004","target":"1827"},{"source":"1004","target":"1833"},{"source":"1004","target":"1835"},{"source":"1004","target":"1842"},{"source":"1004","target":"1849"},{"source":"1004","target":"1867"},{"source":"1004","target":"1877"},{"source":"1004","target":"1879"},{"source":"1004","target":"1886"},{"source":"1004","target":"1888"},{"source":"1005","target":"1089"},{"source":"1005","target":"1213"},{"source":"1005","target":"1259"},{"source":"1005","target":"1415"},{"source":"1005","target":"1469"},{"source":"1005","target":"1504"},{"source":"1005","target":"1507"},{"source":"1005","target":"1624"},{"source":"1005","target":"1667"},{"source":"1005","target":"1672"},{"source":"1005","target":"1725"},{"source":"1005","target":"1783"},{"source":"1006","target":"1017"},{"source":"1006","target":"1024"},{"source":"1006","target":"1039"},{"source":"1006","target":"1040"},{"source":"1006","target":"1059"},{"source":"1006","target":"1063"},{"source":"1006","target":"1069"},{"source":"1006","target":"1078"},{"source":"1006","target":"1083"},{"source":"1006","target":"1086"},{"source":"1006","target":"1091"},{"source":"1006","target":"1101"},{"source":"1006","target":"1107"},{"source":"1006","target":"1123"},{"source":"1006","target":"1124"},{"source":"1006","target":"1125"},{"source":"1006","target":"1126"},{"source":"1006","target":"1130"},{"source":"1006","target":"1132"},{"source":"1006","target":"1153"},{"source":"1006","target":"1156"},{"source":"1006","target":"1163"},{"source":"1006","target":"1172"},{"source":"1006","target":"1175"},{"source":"1006","target":"1191"},{"source":"1006","target":"1199"},{"source":"1006","target":"1201"},{"source":"1006","target":"1207"},{"source":"1006","target":"1211"},{"source":"1006","target":"1214"},{"source":"1006","target":"1219"},{"source":"1006","target":"1222"},{"source":"1006","target":"1230"},{"source":"1006","target":"1238"},{"source":"1006","target":"1242"},{"source":"1006","target":"1256"},{"source":"1006","target":"1271"},{"source":"1006","target":"1285"},{"source":"1006","target":"1287"},{"source":"1006","target":"1288"},{"source":"1006","target":"1289"},{"source":"1006","target":"1293"},{"source":"1006","target":"1302"},{"source":"1006","target":"1331"},{"source":"1006","target":"1335"},{"source":"1006","target":"1336"},{"source":"1006","target":"1341"},{"source":"1006","target":"1351"},{"source":"1006","target":"1352"},{"source":"1006","target":"1361"},{"source":"1006","target":"1367"},{"source":"1006","target":"1370"},{"source":"1006","target":"1376"},{"source":"1006","target":"1380"},{"source":"1006","target":"1388"},{"source":"1006","target":"1390"},{"source":"1006","target":"1391"},{"source":"1006","target":"1398"},{"source":"1006","target":"1399"},{"source":"1006","target":"1402"},{"source":"1006","target":"1431"},{"source":"1006","target":"1437"},{"source":"1006","target":"1449"},{"source":"1006","target":"1456"},{"source":"1006","target":"1471"},{"source":"1006","target":"1480"},{"source":"1006","target":"1488"},{"source":"1006","target":"1516"},{"source":"1006","target":"1522"},{"source":"1006","target":"1530"},{"source":"1006","target":"1542"},{"source":"1006","target":"1547"},{"source":"1006","target":"1551"},{"source":"1006","target":"1556"},{"source":"1006","target":"1559"},{"source":"1006","target":"1584"},{"source":"1006","target":"1598"},{"source":"1006","target":"1600"},{"source":"1006","target":"1603"},{"source":"1006","target":"1604"},{"source":"1006","target":"1605"},{"source":"1006","target":"1610"},{"source":"1006","target":"1612"},{"source":"1006","target":"1613"},{"source":"1006","target":"1619"},{"source":"1006","target":"1621"},{"source":"1006","target":"1662"},{"source":"1006","target":"1663"},{"source":"1006","target":"1665"},{"source":"1006","target":"1668"},{"source":"1006","target":"1683"},{"source":"1006","target":"1702"},{"source":"1006","target":"1707"},{"source":"1006","target":"1712"},{"source":"1006","target":"1714"},{"source":"1006","target":"1717"},{"source":"1006","target":"1730"},{"source":"1006","target":"1736"},{"source":"1006","target":"1741"},{"source":"1006","target":"1746"},{"source":"1006","target":"1768"},{"source":"1006","target":"1789"},{"source":"1006","target":"1791"},{"source":"1006","target":"1793"},{"source":"1006","target":"1795"},{"source":"1006","target":"1799"},{"source":"1006","target":"1800"},{"source":"1006","target":"1804"},{"source":"1006","target":"1809"},{"source":"1006","target":"1810"},{"source":"1006","target":"1813"},{"source":"1006","target":"1816"},{"source":"1006","target":"1821"},{"source":"1006","target":"1823"},{"source":"1006","target":"1826"},{"source":"1006","target":"1827"},{"source":"1006","target":"1833"},{"source":"1006","target":"1835"},{"source":"1006","target":"1839"},{"source":"1006","target":"1842"},{"source":"1006","target":"1845"},{"source":"1006","target":"1849"},{"source":"1006","target":"1864"},{"source":"1006","target":"1868"},{"source":"1006","target":"1874"},{"source":"1006","target":"1879"},{"source":"1006","target":"1888"},{"source":"1006","target":"1898"},{"source":"1006","target":"1900"},{"source":"1006","target":"1902"},{"source":"1007","target":"1021"},{"source":"1007","target":"1067"},{"source":"1007","target":"1070"},{"source":"1007","target":"1104"},{"source":"1007","target":"1170"},{"source":"1007","target":"1303"},{"source":"1007","target":"1393"},{"source":"1007","target":"1426"},{"source":"1007","target":"1429"},{"source":"1007","target":"1531"},{"source":"1007","target":"1573"},{"source":"1007","target":"1661"},{"source":"1008","target":"1073"},{"source":"1008","target":"1337"},{"source":"1008","target":"1357"},{"source":"1008","target":"1505"},{"source":"1008","target":"1674"},{"source":"1008","target":"1708"},{"source":"1008","target":"1911"},{"source":"1009","target":"1014"},{"source":"1009","target":"1015"},{"source":"1009","target":"1021"},{"source":"1009","target":"1036"},{"source":"1009","target":"1044"},{"source":"1009","target":"1060"},{"source":"1009","target":"1066"},{"source":"1009","target":"1067"},{"source":"1009","target":"1082"},{"source":"1009","target":"1100"},{"source":"1009","target":"1104"},{"source":"1009","target":"1148"},{"source":"1009","target":"1158"},{"source":"1009","target":"1204"},{"source":"1009","target":"1227"},{"source":"1009","target":"1229"},{"source":"1009","target":"1235"},{"source":"1009","target":"1257"},{"source":"1009","target":"1261"},{"source":"1009","target":"1277"},{"source":"1009","target":"1284"},{"source":"1009","target":"1322"},{"source":"1009","target":"1324"},{"source":"1009","target":"1345"},{"source":"1009","target":"1381"},{"source":"1009","target":"1392"},{"source":"1009","target":"1404"},{"source":"1009","target":"1423"},{"source":"1009","target":"1459"},{"source":"1009","target":"1475"},{"source":"1009","target":"1573"},{"source":"1009","target":"1583"},{"source":"1009","target":"1592"},{"source":"1009","target":"1596"},{"source":"1009","target":"1611"},{"source":"1009","target":"1628"},{"source":"1009","target":"1635"},{"source":"1009","target":"1636"},{"source":"1009","target":"1655"},{"source":"1009","target":"1680"},{"source":"1009","target":"1691"},{"source":"1009","target":"1716"},{"source":"1009","target":"1720"},{"source":"1009","target":"1729"},{"source":"1009","target":"1786"},{"source":"1009","target":"1790"},{"source":"1009","target":"1850"},{"source":"1009","target":"1857"},{"source":"1009","target":"1862"},{"source":"1009","target":"1872"},{"source":"1009","target":"1893"},{"source":"1009","target":"1899"},{"source":"1009","target":"1903"},{"source":"1010","target":"1035"},{"source":"1010","target":"1037"},{"source":"1010","target":"1051"},{"source":"1010","target":"1070"},{"source":"1010","target":"1134"},{"source":"1010","target":"1141"},{"source":"1010","target":"1159"},{"source":"1010","target":"1170"},{"source":"1010","target":"1228"},{"source":"1010","target":"1275"},{"source":"1010","target":"1304"},{"source":"1010","target":"1308"},{"source":"1010","target":"1366"},{"source":"1010","target":"1412"},{"source":"1010","target":"1472"},{"source":"1010","target":"1496"},{"source":"1010","target":"1500"},{"source":"1010","target":"1525"},{"source":"1010","target":"1529"},{"source":"1010","target":"1549"},{"source":"1010","target":"1633"},{"source":"1010","target":"1640"},{"source":"1010","target":"1650"},{"source":"1010","target":"1667"},{"source":"1010","target":"1703"},{"source":"1010","target":"1709"},{"source":"1010","target":"1725"},{"source":"1010","target":"1770"},{"source":"1010","target":"1781"},{"source":"1010","target":"1785"},{"source":"1010","target":"1828"},{"source":"1011","target":"1037"},{"source":"1011","target":"1041"},{"source":"1011","target":"1052"},{"source":"1011","target":"1070"},{"source":"1011","target":"1072"},{"source":"1011","target":"1109"},{"source":"1011","target":"1131"},{"source":"1011","target":"1169"},{"source":"1011","target":"1189"},{"source":"1011","target":"1249"},{"source":"1011","target":"1258"},{"source":"1011","target":"1259"},{"source":"1011","target":"1260"},{"source":"1011","target":"1338"},{"source":"1011","target":"1348"},{"source":"1011","target":"1469"},{"source":"1011","target":"1472"},{"source":"1011","target":"1482"},{"source":"1011","target":"1504"},{"source":"1011","target":"1541"},{"source":"1011","target":"1624"},{"source":"1011","target":"1703"},{"source":"1011","target":"1709"},{"source":"1011","target":"1748"},{"source":"1011","target":"1756"},{"source":"1011","target":"1770"},{"source":"1011","target":"1815"},{"source":"1011","target":"1904"},{"source":"1012","target":"1074"},{"source":"1012","target":"1075"},{"source":"1012","target":"1113"},{"source":"1012","target":"1114"},{"source":"1012","target":"1155"},{"source":"1012","target":"1223"},{"source":"1012","target":"1237"},{"source":"1012","target":"1318"},{"source":"1012","target":"1320"},{"source":"1012","target":"1358"},{"source":"1012","target":"1400"},{"source":"1012","target":"1407"},{"source":"1012","target":"1436"},{"source":"1012","target":"1616"},{"source":"1012","target":"1692"},{"source":"1012","target":"1699"},{"source":"1012","target":"1770"},{"source":"1012","target":"1778"},{"source":"1012","target":"1844"},{"source":"1012","target":"1881"},{"source":"1012","target":"1882"},{"source":"1012","target":"1886"},{"source":"1013","target":"1035"},{"source":"1013","target":"1109"},{"source":"1013","target":"1385"},{"source":"1013","target":"1465"},{"source":"1013","target":"1549"},{"source":"1013","target":"1574"},{"source":"1013","target":"1713"},{"source":"1013","target":"1777"},{"source":"1014","target":"1015"},{"source":"1014","target":"1018"},{"source":"1014","target":"1020"},{"source":"1014","target":"1032"},{"source":"1014","target":"1036"},{"source":"1014","target":"1066"},{"source":"1014","target":"1067"},{"source":"1014","target":"1099"},{"source":"1014","target":"1100"},{"source":"1014","target":"1102"},{"source":"1014","target":"1104"},{"source":"1014","target":"1108"},{"source":"1014","target":"1129"},{"source":"1014","target":"1158"},{"source":"1014","target":"1166"},{"source":"1014","target":"1192"},{"source":"1014","target":"1204"},{"source":"1014","target":"1215"},{"source":"1014","target":"1227"},{"source":"1014","target":"1231"},{"source":"1014","target":"1235"},{"source":"1014","target":"1241"},{"source":"1014","target":"1245"},{"source":"1014","target":"1257"},{"source":"1014","target":"1261"},{"source":"1014","target":"1273"},{"source":"1014","target":"1277"},{"source":"1014","target":"1281"},{"source":"1014","target":"1282"},{"source":"1014","target":"1286"},{"source":"1014","target":"1292"},{"source":"1014","target":"1303"},{"source":"1014","target":"1309"},{"source":"1014","target":"1316"},{"source":"1014","target":"1322"},{"source":"1014","target":"1324"},{"source":"1014","target":"1345"},{"source":"1014","target":"1347"},{"source":"1014","target":"1373"},{"source":"1014","target":"1381"},{"source":"1014","target":"1382"},{"source":"1014","target":"1392"},{"source":"1014","target":"1396"},{"source":"1014","target":"1406"},{"source":"1014","target":"1423"},{"source":"1014","target":"1451"},{"source":"1014","target":"1454"},{"source":"1014","target":"1459"},{"source":"1014","target":"1462"},{"source":"1014","target":"1473"},{"source":"1014","target":"1495"},{"source":"1014","target":"1502"},{"source":"1014","target":"1508"},{"source":"1014","target":"1515"},{"source":"1014","target":"1573"},{"source":"1014","target":"1582"},{"source":"1014","target":"1583"},{"source":"1014","target":"1592"},{"source":"1014","target":"1595"},{"source":"1014","target":"1611"},{"source":"1014","target":"1636"},{"source":"1014","target":"1638"},{"source":"1014","target":"1655"},{"source":"1014","target":"1661"},{"source":"1014","target":"1706"},{"source":"1014","target":"1725"},{"source":"1014","target":"1729"},{"source":"1014","target":"1732"},{"source":"1014","target":"1742"},{"source":"1014","target":"1751"},{"source":"1014","target":"1783"},{"source":"1014","target":"1786"},{"source":"1014","target":"1812"},{"source":"1014","target":"1820"},{"source":"1014","target":"1824"},{"source":"1014","target":"1828"},{"source":"1014","target":"1848"},{"source":"1014","target":"1857"},{"source":"1014","target":"1871"},{"source":"1014","target":"1872"},{"source":"1014","target":"1875"},{"source":"1014","target":"1893"},{"source":"1014","target":"1894"},{"source":"1014","target":"1899"},{"source":"1014","target":"1907"},{"source":"1015","target":"1021"},{"source":"1015","target":"1044"},{"source":"1015","target":"1100"},{"source":"1015","target":"1104"},{"source":"1015","target":"1120"},{"source":"1015","target":"1129"},{"source":"1015","target":"1192"},{"source":"1015","target":"1229"},{"source":"1015","target":"1231"},{"source":"1015","target":"1235"},{"source":"1015","target":"1277"},{"source":"1015","target":"1298"},{"source":"1015","target":"1315"},{"source":"1015","target":"1322"},{"source":"1015","target":"1345"},{"source":"1015","target":"1423"},{"source":"1015","target":"1459"},{"source":"1015","target":"1462"},{"source":"1015","target":"1479"},{"source":"1015","target":"1495"},{"source":"1015","target":"1576"},{"source":"1015","target":"1583"},{"source":"1015","target":"1592"},{"source":"1015","target":"1628"},{"source":"1015","target":"1636"},{"source":"1015","target":"1655"},{"source":"1015","target":"1682"},{"source":"1015","target":"1715"},{"source":"1015","target":"1857"},{"source":"1015","target":"1884"},{"source":"1015","target":"1899"},{"source":"1015","target":"1903"},{"source":"1016","target":"1138"},{"source":"1016","target":"1177"},{"source":"1016","target":"1218"},{"source":"1016","target":"1403"},{"source":"1016","target":"1499"},{"source":"1016","target":"1889"},{"source":"1017","target":"1024"},{"source":"1017","target":"1028"},{"source":"1017","target":"1059"},{"source":"1017","target":"1074"},{"source":"1017","target":"1076"},{"source":"1017","target":"1078"},{"source":"1017","target":"1092"},{"source":"1017","target":"1101"},{"source":"1017","target":"1117"},{"source":"1017","target":"1123"},{"source":"1017","target":"1124"},{"source":"1017","target":"1125"},{"source":"1017","target":"1126"},{"source":"1017","target":"1128"},{"source":"1017","target":"1130"},{"source":"1017","target":"1132"},{"source":"1017","target":"1149"},{"source":"1017","target":"1153"},{"source":"1017","target":"1156"},{"source":"1017","target":"1163"},{"source":"1017","target":"1181"},{"source":"1017","target":"1184"},{"source":"1017","target":"1185"},{"source":"1017","target":"1187"},{"source":"1017","target":"1198"},{"source":"1017","target":"1199"},{"source":"1017","target":"1211"},{"source":"1017","target":"1219"},{"source":"1017","target":"1222"},{"source":"1017","target":"1230"},{"source":"1017","target":"1250"},{"source":"1017","target":"1267"},{"source":"1017","target":"1269"},{"source":"1017","target":"1287"},{"source":"1017","target":"1289"},{"source":"1017","target":"1291"},{"source":"1017","target":"1293"},{"source":"1017","target":"1302"},{"source":"1017","target":"1330"},{"source":"1017","target":"1331"},{"source":"1017","target":"1335"},{"source":"1017","target":"1336"},{"source":"1017","target":"1341"},{"source":"1017","target":"1351"},{"source":"1017","target":"1352"},{"source":"1017","target":"1361"},{"source":"1017","target":"1367"},{"source":"1017","target":"1370"},{"source":"1017","target":"1375"},{"source":"1017","target":"1380"},{"source":"1017","target":"1390"},{"source":"1017","target":"1391"},{"source":"1017","target":"1398"},{"source":"1017","target":"1399"},{"source":"1017","target":"1401"},{"source":"1017","target":"1416"},{"source":"1017","target":"1420"},{"source":"1017","target":"1431"},{"source":"1017","target":"1437"},{"source":"1017","target":"1449"},{"source":"1017","target":"1456"},{"source":"1017","target":"1457"},{"source":"1017","target":"1467"},{"source":"1017","target":"1471"},{"source":"1017","target":"1480"},{"source":"1017","target":"1491"},{"source":"1017","target":"1501"},{"source":"1017","target":"1516"},{"source":"1017","target":"1522"},{"source":"1017","target":"1530"},{"source":"1017","target":"1547"},{"source":"1017","target":"1551"},{"source":"1017","target":"1554"},{"source":"1017","target":"1557"},{"source":"1017","target":"1563"},{"source":"1017","target":"1584"},{"source":"1017","target":"1589"},{"source":"1017","target":"1597"},{"source":"1017","target":"1598"},{"source":"1017","target":"1603"},{"source":"1017","target":"1604"},{"source":"1017","target":"1605"},{"source":"1017","target":"1610"},{"source":"1017","target":"1612"},{"source":"1017","target":"1614"},{"source":"1017","target":"1617"},{"source":"1017","target":"1621"},{"source":"1017","target":"1622"},{"source":"1017","target":"1623"},{"source":"1017","target":"1632"},{"source":"1017","target":"1652"},{"source":"1017","target":"1653"},{"source":"1017","target":"1662"},{"source":"1017","target":"1663"},{"source":"1017","target":"1665"},{"source":"1017","target":"1668"},{"source":"1017","target":"1669"},{"source":"1017","target":"1683"},{"source":"1017","target":"1685"},{"source":"1017","target":"1707"},{"source":"1017","target":"1712"},{"source":"1017","target":"1714"},{"source":"1017","target":"1721"},{"source":"1017","target":"1730"},{"source":"1017","target":"1735"},{"source":"1017","target":"1736"},{"source":"1017","target":"1737"},{"source":"1017","target":"1741"},{"source":"1017","target":"1746"},{"source":"1017","target":"1750"},{"source":"1017","target":"1752"},{"source":"1017","target":"1757"},{"source":"1017","target":"1761"},{"source":"1017","target":"1782"},{"source":"1017","target":"1793"},{"source":"1017","target":"1799"},{"source":"1017","target":"1800"},{"source":"1017","target":"1804"},{"source":"1017","target":"1810"},{"source":"1017","target":"1816"},{"source":"1017","target":"1821"},{"source":"1017","target":"1823"},{"source":"1017","target":"1826"},{"source":"1017","target":"1827"},{"source":"1017","target":"1833"},{"source":"1017","target":"1839"},{"source":"1017","target":"1842"},{"source":"1017","target":"1845"},{"source":"1017","target":"1849"},{"source":"1017","target":"1864"},{"source":"1017","target":"1867"},{"source":"1017","target":"1879"},{"source":"1017","target":"1886"},{"source":"1017","target":"1888"},{"source":"1017","target":"1902"},{"source":"1017","target":"1909"},{"source":"1018","target":"1032"},{"source":"1018","target":"1066"},{"source":"1018","target":"1099"},{"source":"1018","target":"1102"},{"source":"1018","target":"1148"},{"source":"1018","target":"1166"},{"source":"1018","target":"1192"},{"source":"1018","target":"1231"},{"source":"1018","target":"1261"},{"source":"1018","target":"1273"},{"source":"1018","target":"1277"},{"source":"1018","target":"1281"},{"source":"1018","target":"1282"},{"source":"1018","target":"1284"},{"source":"1018","target":"1286"},{"source":"1018","target":"1303"},{"source":"1018","target":"1309"},{"source":"1018","target":"1324"},{"source":"1018","target":"1373"},{"source":"1018","target":"1382"},{"source":"1018","target":"1396"},{"source":"1018","target":"1454"},{"source":"1018","target":"1479"},{"source":"1018","target":"1495"},{"source":"1018","target":"1508"},{"source":"1018","target":"1573"},{"source":"1018","target":"1578"},{"source":"1018","target":"1595"},{"source":"1018","target":"1638"},{"source":"1018","target":"1661"},{"source":"1018","target":"1716"},{"source":"1018","target":"1720"},{"source":"1018","target":"1729"},{"source":"1018","target":"1742"},{"source":"1018","target":"1751"},{"source":"1018","target":"1786"},{"source":"1018","target":"1820"},{"source":"1018","target":"1824"},{"source":"1018","target":"1848"},{"source":"1018","target":"1871"},{"source":"1018","target":"1894"},{"source":"1018","target":"1899"},{"source":"1018","target":"1907"},{"source":"1019","target":"1021"},{"source":"1019","target":"1036"},{"source":"1019","target":"1044"},{"source":"1019","target":"1060"},{"source":"1019","target":"1067"},{"source":"1019","target":"1100"},{"source":"1019","target":"1104"},{"source":"1019","target":"1115"},{"source":"1019","target":"1129"},{"source":"1019","target":"1192"},{"source":"1019","target":"1204"},{"source":"1019","target":"1221"},{"source":"1019","target":"1227"},{"source":"1019","target":"1229"},{"source":"1019","target":"1231"},{"source":"1019","target":"1235"},{"source":"1019","target":"1257"},{"source":"1019","target":"1277"},{"source":"1019","target":"1279"},{"source":"1019","target":"1298"},{"source":"1019","target":"1315"},{"source":"1019","target":"1322"},{"source":"1019","target":"1345"},{"source":"1019","target":"1347"},{"source":"1019","target":"1350"},{"source":"1019","target":"1413"},{"source":"1019","target":"1426"},{"source":"1019","target":"1432"},{"source":"1019","target":"1448"},{"source":"1019","target":"1459"},{"source":"1019","target":"1462"},{"source":"1019","target":"1475"},{"source":"1019","target":"1479"},{"source":"1019","target":"1578"},{"source":"1019","target":"1583"},{"source":"1019","target":"1587"},{"source":"1019","target":"1591"},{"source":"1019","target":"1596"},{"source":"1019","target":"1611"},{"source":"1019","target":"1628"},{"source":"1019","target":"1635"},{"source":"1019","target":"1636"},{"source":"1019","target":"1680"},{"source":"1019","target":"1691"},{"source":"1019","target":"1715"},{"source":"1019","target":"1742"},{"source":"1019","target":"1828"},{"source":"1019","target":"1857"},{"source":"1019","target":"1859"},{"source":"1019","target":"1862"},{"source":"1019","target":"1884"},{"source":"1019","target":"1899"},{"source":"1020","target":"1032"},{"source":"1020","target":"1066"},{"source":"1020","target":"1081"},{"source":"1020","target":"1099"},{"source":"1020","target":"1102"},{"source":"1020","target":"1104"},{"source":"1020","target":"1108"},{"source":"1020","target":"1158"},{"source":"1020","target":"1166"},{"source":"1020","target":"1245"},{"source":"1020","target":"1261"},{"source":"1020","target":"1273"},{"source":"1020","target":"1277"},{"source":"1020","target":"1282"},{"source":"1020","target":"1286"},{"source":"1020","target":"1309"},{"source":"1020","target":"1316"},{"source":"1020","target":"1324"},{"source":"1020","target":"1373"},{"source":"1020","target":"1382"},{"source":"1020","target":"1396"},{"source":"1020","target":"1451"},{"source":"1020","target":"1454"},{"source":"1020","target":"1459"},{"source":"1020","target":"1475"},{"source":"1020","target":"1495"},{"source":"1020","target":"1502"},{"source":"1020","target":"1503"},{"source":"1020","target":"1508"},{"source":"1020","target":"1582"},{"source":"1020","target":"1591"},{"source":"1020","target":"1661"},{"source":"1020","target":"1729"},{"source":"1020","target":"1732"},{"source":"1020","target":"1742"},{"source":"1020","target":"1746"},{"source":"1020","target":"1751"},{"source":"1020","target":"1783"},{"source":"1020","target":"1786"},{"source":"1020","target":"1812"},{"source":"1020","target":"1820"},{"source":"1020","target":"1824"},{"source":"1020","target":"1828"},{"source":"1020","target":"1848"},{"source":"1020","target":"1871"},{"source":"1020","target":"1893"},{"source":"1020","target":"1894"},{"source":"1021","target":"1036"},{"source":"1021","target":"1060"},{"source":"1021","target":"1067"},{"source":"1021","target":"1100"},{"source":"1021","target":"1104"},{"source":"1021","target":"1115"},{"source":"1021","target":"1120"},{"source":"1021","target":"1129"},{"source":"1021","target":"1192"},{"source":"1021","target":"1204"},{"source":"1021","target":"1221"},{"source":"1021","target":"1227"},{"source":"1021","target":"1229"},{"source":"1021","target":"1231"},{"source":"1021","target":"1235"},{"source":"1021","target":"1257"},{"source":"1021","target":"1277"},{"source":"1021","target":"1281"},{"source":"1021","target":"1298"},{"source":"1021","target":"1303"},{"source":"1021","target":"1322"},{"source":"1021","target":"1334"},{"source":"1021","target":"1345"},{"source":"1021","target":"1350"},{"source":"1021","target":"1413"},{"source":"1021","target":"1423"},{"source":"1021","target":"1426"},{"source":"1021","target":"1432"},{"source":"1021","target":"1448"},{"source":"1021","target":"1459"},{"source":"1021","target":"1462"},{"source":"1021","target":"1475"},{"source":"1021","target":"1479"},{"source":"1021","target":"1495"},{"source":"1021","target":"1573"},{"source":"1021","target":"1578"},{"source":"1021","target":"1583"},{"source":"1021","target":"1587"},{"source":"1021","target":"1596"},{"source":"1021","target":"1628"},{"source":"1021","target":"1635"},{"source":"1021","target":"1636"},{"source":"1021","target":"1661"},{"source":"1021","target":"1691"},{"source":"1021","target":"1715"},{"source":"1021","target":"1720"},{"source":"1021","target":"1729"},{"source":"1021","target":"1786"},{"source":"1021","target":"1857"},{"source":"1021","target":"1859"},{"source":"1021","target":"1862"},{"source":"1021","target":"1893"},{"source":"1021","target":"1899"},{"source":"1021","target":"1903"},{"source":"1022","target":"1086"},{"source":"1022","target":"1650"},{"source":"1023","target":"1073"},{"source":"1023","target":"1445"},{"source":"1023","target":"1615"},{"source":"1023","target":"1674"},{"source":"1023","target":"1687"},{"source":"1023","target":"1806"},{"source":"1023","target":"1861"},{"source":"1024","target":"1028"},{"source":"1024","target":"1078"},{"source":"1024","target":"1083"},{"source":"1024","target":"1086"},{"source":"1024","target":"1101"},{"source":"1024","target":"1123"},{"source":"1024","target":"1125"},{"source":"1024","target":"1126"},{"source":"1024","target":"1130"},{"source":"1024","target":"1132"},{"source":"1024","target":"1133"},{"source":"1024","target":"1153"},{"source":"1024","target":"1163"},{"source":"1024","target":"1199"},{"source":"1024","target":"1207"},{"source":"1024","target":"1211"},{"source":"1024","target":"1214"},{"source":"1024","target":"1238"},{"source":"1024","target":"1256"},{"source":"1024","target":"1267"},{"source":"1024","target":"1271"},{"source":"1024","target":"1285"},{"source":"1024","target":"1287"},{"source":"1024","target":"1288"},{"source":"1024","target":"1289"},{"source":"1024","target":"1291"},{"source":"1024","target":"1302"},{"source":"1024","target":"1305"},{"source":"1024","target":"1336"},{"source":"1024","target":"1339"},{"source":"1024","target":"1352"},{"source":"1024","target":"1370"},{"source":"1024","target":"1390"},{"source":"1024","target":"1398"},{"source":"1024","target":"1431"},{"source":"1024","target":"1442"},{"source":"1024","target":"1449"},{"source":"1024","target":"1456"},{"source":"1024","target":"1458"},{"source":"1024","target":"1471"},{"source":"1024","target":"1480"},{"source":"1024","target":"1488"},{"source":"1024","target":"1491"},{"source":"1024","target":"1501"},{"source":"1024","target":"1516"},{"source":"1024","target":"1530"},{"source":"1024","target":"1571"},{"source":"1024","target":"1584"},{"source":"1024","target":"1598"},{"source":"1024","target":"1604"},{"source":"1024","target":"1610"},{"source":"1024","target":"1614"},{"source":"1024","target":"1617"},{"source":"1024","target":"1619"},{"source":"1024","target":"1652"},{"source":"1024","target":"1663"},{"source":"1024","target":"1665"},{"source":"1024","target":"1668"},{"source":"1024","target":"1707"},{"source":"1024","target":"1712"},{"source":"1024","target":"1714"},{"source":"1024","target":"1736"},{"source":"1024","target":"1752"},{"source":"1024","target":"1789"},{"source":"1024","target":"1800"},{"source":"1024","target":"1804"},{"source":"1024","target":"1809"},{"source":"1024","target":"1816"},{"source":"1024","target":"1833"},{"source":"1024","target":"1839"},{"source":"1024","target":"1849"},{"source":"1024","target":"1863"},{"source":"1024","target":"1868"},{"source":"1024","target":"1879"},{"source":"1024","target":"1886"},{"source":"1024","target":"1888"},{"source":"1024","target":"1898"},{"source":"1024","target":"1902"},{"source":"1025","target":"1080"},{"source":"1025","target":"1113"},{"source":"1025","target":"1189"},{"source":"1025","target":"1237"},{"source":"1025","target":"1324"},{"source":"1025","target":"1332"},{"source":"1025","target":"1334"},{"source":"1025","target":"1427"},{"source":"1025","target":"1429"},{"source":"1025","target":"1464"},{"source":"1025","target":"1487"},{"source":"1025","target":"1526"},{"source":"1025","target":"1536"},{"source":"1025","target":"1545"},{"source":"1025","target":"1696"},{"source":"1025","target":"1794"},{"source":"1025","target":"1800"},{"source":"1025","target":"1844"},{"source":"1025","target":"1853"},{"source":"1025","target":"1897"},{"source":"1025","target":"1901"},{"source":"1026","target":"1028"},{"source":"1026","target":"1048"},{"source":"1026","target":"1075"},{"source":"1026","target":"1146"},{"source":"1026","target":"1149"},{"source":"1026","target":"1155"},{"source":"1026","target":"1156"},{"source":"1026","target":"1164"},{"source":"1026","target":"1172"},{"source":"1026","target":"1175"},{"source":"1026","target":"1182"},{"source":"1026","target":"1185"},{"source":"1026","target":"1250"},{"source":"1026","target":"1290"},{"source":"1026","target":"1305"},{"source":"1026","target":"1312"},{"source":"1026","target":"1334"},{"source":"1026","target":"1352"},{"source":"1026","target":"1367"},{"source":"1026","target":"1369"},{"source":"1026","target":"1376"},{"source":"1026","target":"1377"},{"source":"1026","target":"1391"},{"source":"1026","target":"1409"},{"source":"1026","target":"1420"},{"source":"1026","target":"1431"},{"source":"1026","target":"1460"},{"source":"1026","target":"1509"},{"source":"1026","target":"1517"},{"source":"1026","target":"1520"},{"source":"1026","target":"1522"},{"source":"1026","target":"1554"},{"source":"1026","target":"1557"},{"source":"1026","target":"1559"},{"source":"1026","target":"1570"},{"source":"1026","target":"1584"},{"source":"1026","target":"1589"},{"source":"1026","target":"1590"},{"source":"1026","target":"1603"},{"source":"1026","target":"1612"},{"source":"1026","target":"1613"},{"source":"1026","target":"1621"},{"source":"1026","target":"1622"},{"source":"1026","target":"1637"},{"source":"1026","target":"1663"},{"source":"1026","target":"1669"},{"source":"1026","target":"1675"},{"source":"1026","target":"1685"},{"source":"1026","target":"1714"},{"source":"1026","target":"1721"},{"source":"1026","target":"1730"},{"source":"1026","target":"1734"},{"source":"1026","target":"1746"},{"source":"1026","target":"1753"},{"source":"1026","target":"1757"},{"source":"1026","target":"1761"},{"source":"1026","target":"1765"},{"source":"1026","target":"1768"},{"source":"1026","target":"1775"},{"source":"1026","target":"1793"},{"source":"1026","target":"1810"},{"source":"1026","target":"1813"},{"source":"1026","target":"1827"},{"source":"1026","target":"1835"},{"source":"1026","target":"1845"},{"source":"1026","target":"1846"},{"source":"1026","target":"1883"},{"source":"1026","target":"1888"},{"source":"1026","target":"1902"},{"source":"1027","target":"1627"},{"source":"1027","target":"1890"},{"source":"1028","target":"1078"},{"source":"1028","target":"1092"},{"source":"1028","target":"1124"},{"source":"1028","target":"1126"},{"source":"1028","target":"1128"},{"source":"1028","target":"1149"},{"source":"1028","target":"1163"},{"source":"1028","target":"1185"},{"source":"1028","target":"1209"},{"source":"1028","target":"1267"},{"source":"1028","target":"1287"},{"source":"1028","target":"1291"},{"source":"1028","target":"1305"},{"source":"1028","target":"1329"},{"source":"1028","target":"1352"},{"source":"1028","target":"1365"},{"source":"1028","target":"1375"},{"source":"1028","target":"1376"},{"source":"1028","target":"1377"},{"source":"1028","target":"1420"},{"source":"1028","target":"1449"},{"source":"1028","target":"1467"},{"source":"1028","target":"1471"},{"source":"1028","target":"1491"},{"source":"1028","target":"1509"},{"source":"1028","target":"1516"},{"source":"1028","target":"1520"},{"source":"1028","target":"1522"},{"source":"1028","target":"1523"},{"source":"1028","target":"1532"},{"source":"1028","target":"1559"},{"source":"1028","target":"1584"},{"source":"1028","target":"1589"},{"source":"1028","target":"1597"},{"source":"1028","target":"1603"},{"source":"1028","target":"1610"},{"source":"1028","target":"1612"},{"source":"1028","target":"1613"},{"source":"1028","target":"1614"},{"source":"1028","target":"1617"},{"source":"1028","target":"1632"},{"source":"1028","target":"1663"},{"source":"1028","target":"1700"},{"source":"1028","target":"1714"},{"source":"1028","target":"1718"},{"source":"1028","target":"1730"},{"source":"1028","target":"1735"},{"source":"1028","target":"1757"},{"source":"1028","target":"1761"},{"source":"1028","target":"1768"},{"source":"1028","target":"1799"},{"source":"1028","target":"1800"},{"source":"1028","target":"1823"},{"source":"1028","target":"1833"},{"source":"1028","target":"1835"},{"source":"1028","target":"1867"},{"source":"1028","target":"1886"},{"source":"1028","target":"1888"},{"source":"1029","target":"1056"},{"source":"1029","target":"1059"},{"source":"1029","target":"1074"},{"source":"1029","target":"1078"},{"source":"1029","target":"1084"},{"source":"1029","target":"1086"},{"source":"1029","target":"1153"},{"source":"1029","target":"1160"},{"source":"1029","target":"1165"},{"source":"1029","target":"1171"},{"source":"1029","target":"1173"},{"source":"1029","target":"1175"},{"source":"1029","target":"1201"},{"source":"1029","target":"1205"},{"source":"1029","target":"1214"},{"source":"1029","target":"1220"},{"source":"1029","target":"1222"},{"source":"1029","target":"1238"},{"source":"1029","target":"1256"},{"source":"1029","target":"1280"},{"source":"1029","target":"1323"},{"source":"1029","target":"1330"},{"source":"1029","target":"1346"},{"source":"1029","target":"1359"},{"source":"1029","target":"1377"},{"source":"1029","target":"1391"},{"source":"1029","target":"1409"},{"source":"1029","target":"1447"},{"source":"1029","target":"1460"},{"source":"1029","target":"1470"},{"source":"1029","target":"1483"},{"source":"1029","target":"1487"},{"source":"1029","target":"1513"},{"source":"1029","target":"1519"},{"source":"1029","target":"1535"},{"source":"1029","target":"1537"},{"source":"1029","target":"1551"},{"source":"1029","target":"1553"},{"source":"1029","target":"1557"},{"source":"1029","target":"1570"},{"source":"1029","target":"1577"},{"source":"1029","target":"1580"},{"source":"1029","target":"1598"},{"source":"1029","target":"1600"},{"source":"1029","target":"1604"},{"source":"1029","target":"1608"},{"source":"1029","target":"1609"},{"source":"1029","target":"1613"},{"source":"1029","target":"1620"},{"source":"1029","target":"1663"},{"source":"1029","target":"1669"},{"source":"1029","target":"1675"},{"source":"1029","target":"1687"},{"source":"1029","target":"1688"},{"source":"1029","target":"1707"},{"source":"1029","target":"1722"},{"source":"1029","target":"1730"},{"source":"1029","target":"1768"},{"source":"1029","target":"1772"},{"source":"1029","target":"1774"},{"source":"1029","target":"1804"},{"source":"1029","target":"1813"},{"source":"1029","target":"1835"},{"source":"1029","target":"1842"},{"source":"1029","target":"1843"},{"source":"1029","target":"1856"},{"source":"1029","target":"1861"},{"source":"1029","target":"1898"},{"source":"1029","target":"1902"},{"source":"1030","target":"1043"},{"source":"1030","target":"1111"},{"source":"1030","target":"1197"},{"source":"1030","target":"1237"},{"source":"1030","target":"1252"},{"source":"1030","target":"1254"},{"source":"1030","target":"1368"},{"source":"1030","target":"1788"},{"source":"1031","target":"1098"},{"source":"1031","target":"1165"},{"source":"1031","target":"1666"},{"source":"1032","target":"1066"},{"source":"1032","target":"1067"},{"source":"1032","target":"1081"},{"source":"1032","target":"1086"},{"source":"1032","target":"1099"},{"source":"1032","target":"1102"},{"source":"1032","target":"1104"},{"source":"1032","target":"1108"},{"source":"1032","target":"1166"},{"source":"1032","target":"1170"},{"source":"1032","target":"1192"},{"source":"1032","target":"1204"},{"source":"1032","target":"1215"},{"source":"1032","target":"1227"},{"source":"1032","target":"1235"},{"source":"1032","target":"1245"},{"source":"1032","target":"1247"},{"source":"1032","target":"1261"},{"source":"1032","target":"1273"},{"source":"1032","target":"1277"},{"source":"1032","target":"1281"},{"source":"1032","target":"1282"},{"source":"1032","target":"1286"},{"source":"1032","target":"1303"},{"source":"1032","target":"1309"},{"source":"1032","target":"1316"},{"source":"1032","target":"1324"},{"source":"1032","target":"1373"},{"source":"1032","target":"1382"},{"source":"1032","target":"1396"},{"source":"1032","target":"1406"},{"source":"1032","target":"1427"},{"source":"1032","target":"1429"},{"source":"1032","target":"1454"},{"source":"1032","target":"1473"},{"source":"1032","target":"1489"},{"source":"1032","target":"1495"},{"source":"1032","target":"1502"},{"source":"1032","target":"1503"},{"source":"1032","target":"1515"},{"source":"1032","target":"1582"},{"source":"1032","target":"1591"},{"source":"1032","target":"1595"},{"source":"1032","target":"1638"},{"source":"1032","target":"1649"},{"source":"1032","target":"1661"},{"source":"1032","target":"1704"},{"source":"1032","target":"1706"},{"source":"1032","target":"1729"},{"source":"1032","target":"1732"},{"source":"1032","target":"1742"},{"source":"1032","target":"1751"},{"source":"1032","target":"1783"},{"source":"1032","target":"1786"},{"source":"1032","target":"1812"},{"source":"1032","target":"1820"},{"source":"1032","target":"1824"},{"source":"1032","target":"1828"},{"source":"1032","target":"1848"},{"source":"1032","target":"1850"},{"source":"1032","target":"1871"},{"source":"1032","target":"1893"},{"source":"1032","target":"1894"},{"source":"1032","target":"1907"},{"source":"1033","target":"1274"},{"source":"1033","target":"1307"},{"source":"1033","target":"1325"},{"source":"1033","target":"1360"},{"source":"1033","target":"1433"},{"source":"1033","target":"1511"},{"source":"1033","target":"1567"},{"source":"1033","target":"1615"},{"source":"1033","target":"1687"},{"source":"1033","target":"1697"},{"source":"1033","target":"1698"},{"source":"1033","target":"1806"},{"source":"1033","target":"1908"},{"source":"1034","target":"1283"},{"source":"1035","target":"1037"},{"source":"1035","target":"1070"},{"source":"1035","target":"1109"},{"source":"1035","target":"1152"},{"source":"1035","target":"1159"},{"source":"1035","target":"1170"},{"source":"1035","target":"1221"},{"source":"1035","target":"1228"},{"source":"1035","target":"1246"},{"source":"1035","target":"1296"},{"source":"1035","target":"1412"},{"source":"1035","target":"1472"},{"source":"1035","target":"1496"},{"source":"1035","target":"1500"},{"source":"1035","target":"1525"},{"source":"1035","target":"1529"},{"source":"1035","target":"1531"},{"source":"1035","target":"1549"},{"source":"1035","target":"1646"},{"source":"1035","target":"1745"},{"source":"1035","target":"1770"},{"source":"1035","target":"1778"},{"source":"1036","target":"1067"},{"source":"1036","target":"1100"},{"source":"1036","target":"1104"},{"source":"1036","target":"1129"},{"source":"1036","target":"1148"},{"source":"1036","target":"1158"},{"source":"1036","target":"1192"},{"source":"1036","target":"1204"},{"source":"1036","target":"1221"},{"source":"1036","target":"1227"},{"source":"1036","target":"1229"},{"source":"1036","target":"1231"},{"source":"1036","target":"1235"},{"source":"1036","target":"1257"},{"source":"1036","target":"1277"},{"source":"1036","target":"1284"},{"source":"1036","target":"1298"},{"source":"1036","target":"1315"},{"source":"1036","target":"1322"},{"source":"1036","target":"1345"},{"source":"1036","target":"1350"},{"source":"1036","target":"1381"},{"source":"1036","target":"1404"},{"source":"1036","target":"1413"},{"source":"1036","target":"1426"},{"source":"1036","target":"1432"},{"source":"1036","target":"1448"},{"source":"1036","target":"1459"},{"source":"1036","target":"1462"},{"source":"1036","target":"1475"},{"source":"1036","target":"1479"},{"source":"1036","target":"1550"},{"source":"1036","target":"1573"},{"source":"1036","target":"1576"},{"source":"1036","target":"1583"},{"source":"1036","target":"1592"},{"source":"1036","target":"1596"},{"source":"1036","target":"1647"},{"source":"1036","target":"1655"},{"source":"1036","target":"1680"},{"source":"1036","target":"1691"},{"source":"1036","target":"1715"},{"source":"1036","target":"1783"},{"source":"1036","target":"1841"},{"source":"1036","target":"1857"},{"source":"1036","target":"1859"},{"source":"1036","target":"1862"},{"source":"1036","target":"1872"},{"source":"1036","target":"1899"},{"source":"1037","target":"1052"},{"source":"1037","target":"1070"},{"source":"1037","target":"1072"},{"source":"1037","target":"1109"},{"source":"1037","target":"1159"},{"source":"1037","target":"1170"},{"source":"1037","target":"1259"},{"source":"1037","target":"1275"},{"source":"1037","target":"1296"},{"source":"1037","target":"1299"},{"source":"1037","target":"1338"},{"source":"1037","target":"1412"},{"source":"1037","target":"1469"},{"source":"1037","target":"1472"},{"source":"1037","target":"1482"},{"source":"1037","target":"1504"},{"source":"1037","target":"1525"},{"source":"1037","target":"1529"},{"source":"1037","target":"1536"},{"source":"1037","target":"1541"},{"source":"1037","target":"1549"},{"source":"1037","target":"1630"},{"source":"1037","target":"1650"},{"source":"1037","target":"1681"},{"source":"1037","target":"1703"},{"source":"1037","target":"1727"},{"source":"1037","target":"1770"},{"source":"1037","target":"1855"},{"source":"1037","target":"1876"},{"source":"1037","target":"1904"},{"source":"1038","target":"1161"},{"source":"1038","target":"1518"},{"source":"1038","target":"1861"},{"source":"1039","target":"1040"},{"source":"1039","target":"1107"},{"source":"1039","target":"1160"},{"source":"1039","target":"1205"},{"source":"1039","target":"1211"},{"source":"1039","target":"1214"},{"source":"1039","target":"1271"},{"source":"1039","target":"1280"},{"source":"1039","target":"1331"},{"source":"1039","target":"1359"},{"source":"1039","target":"1388"},{"source":"1039","target":"1391"},{"source":"1039","target":"1447"},{"source":"1039","target":"1551"},{"source":"1039","target":"1608"},{"source":"1039","target":"1619"},{"source":"1039","target":"1707"},{"source":"1039","target":"1736"},{"source":"1039","target":"1809"},{"source":"1039","target":"1832"},{"source":"1039","target":"1842"},{"source":"1039","target":"1864"},{"source":"1039","target":"1868"},{"source":"1039","target":"1898"},{"source":"1040","target":"1063"},{"source":"1040","target":"1069"},{"source":"1040","target":"1078"},{"source":"1040","target":"1083"},{"source":"1040","target":"1107"},{"source":"1040","target":"1125"},{"source":"1040","target":"1132"},{"source":"1040","target":"1153"},{"source":"1040","target":"1163"},{"source":"1040","target":"1199"},{"source":"1040","target":"1238"},{"source":"1040","target":"1256"},{"source":"1040","target":"1271"},{"source":"1040","target":"1285"},{"source":"1040","target":"1288"},{"source":"1040","target":"1289"},{"source":"1040","target":"1330"},{"source":"1040","target":"1331"},{"source":"1040","target":"1359"},{"source":"1040","target":"1370"},{"source":"1040","target":"1380"},{"source":"1040","target":"1390"},{"source":"1040","target":"1391"},{"source":"1040","target":"1402"},{"source":"1040","target":"1409"},{"source":"1040","target":"1456"},{"source":"1040","target":"1457"},{"source":"1040","target":"1519"},{"source":"1040","target":"1542"},{"source":"1040","target":"1547"},{"source":"1040","target":"1571"},{"source":"1040","target":"1584"},{"source":"1040","target":"1589"},{"source":"1040","target":"1598"},{"source":"1040","target":"1604"},{"source":"1040","target":"1613"},{"source":"1040","target":"1619"},{"source":"1040","target":"1622"},{"source":"1040","target":"1662"},{"source":"1040","target":"1665"},{"source":"1040","target":"1668"},{"source":"1040","target":"1707"},{"source":"1040","target":"1712"},{"source":"1040","target":"1736"},{"source":"1040","target":"1768"},{"source":"1040","target":"1793"},{"source":"1040","target":"1809"},{"source":"1040","target":"1823"},{"source":"1040","target":"1832"},{"source":"1040","target":"1849"},{"source":"1040","target":"1864"},{"source":"1040","target":"1868"},{"source":"1040","target":"1879"},{"source":"1040","target":"1898"},{"source":"1040","target":"1900"},{"source":"1040","target":"1902"},{"source":"1041","target":"1052"},{"source":"1041","target":"1070"},{"source":"1041","target":"1072"},{"source":"1041","target":"1109"},{"source":"1041","target":"1121"},{"source":"1041","target":"1131"},{"source":"1041","target":"1139"},{"source":"1041","target":"1169"},{"source":"1041","target":"1189"},{"source":"1041","target":"1213"},{"source":"1041","target":"1226"},{"source":"1041","target":"1246"},{"source":"1041","target":"1249"},{"source":"1041","target":"1259"},{"source":"1041","target":"1275"},{"source":"1041","target":"1306"},{"source":"1041","target":"1338"},{"source":"1041","target":"1348"},{"source":"1041","target":"1415"},{"source":"1041","target":"1428"},{"source":"1041","target":"1469"},{"source":"1041","target":"1472"},{"source":"1041","target":"1482"},{"source":"1041","target":"1496"},{"source":"1041","target":"1504"},{"source":"1041","target":"1507"},{"source":"1041","target":"1541"},{"source":"1041","target":"1624"},{"source":"1041","target":"1630"},{"source":"1041","target":"1681"},{"source":"1041","target":"1703"},{"source":"1041","target":"1709"},{"source":"1041","target":"1739"},{"source":"1041","target":"1748"},{"source":"1041","target":"1756"},{"source":"1041","target":"1770"},{"source":"1041","target":"1815"},{"source":"1041","target":"1831"},{"source":"1041","target":"1869"},{"source":"1041","target":"1876"},{"source":"1041","target":"1904"},{"source":"1042","target":"1051"},{"source":"1042","target":"1052"},{"source":"1042","target":"1167"},{"source":"1042","target":"1225"},{"source":"1042","target":"1299"},{"source":"1042","target":"1338"},{"source":"1042","target":"1366"},{"source":"1042","target":"1536"},{"source":"1042","target":"1634"},{"source":"1042","target":"1686"},{"source":"1042","target":"1831"},{"source":"1042","target":"1876"},{"source":"1043","target":"1045"},{"source":"1043","target":"1111"},{"source":"1043","target":"1197"},{"source":"1043","target":"1368"},{"source":"1043","target":"1384"},{"source":"1043","target":"1788"},{"source":"1043","target":"1889"},{"source":"1043","target":"1896"},{"source":"1044","target":"1100"},{"source":"1044","target":"1104"},{"source":"1044","target":"1158"},{"source":"1044","target":"1221"},{"source":"1044","target":"1227"},{"source":"1044","target":"1235"},{"source":"1044","target":"1277"},{"source":"1044","target":"1279"},{"source":"1044","target":"1298"},{"source":"1044","target":"1315"},{"source":"1044","target":"1322"},{"source":"1044","target":"1392"},{"source":"1044","target":"1448"},{"source":"1044","target":"1459"},{"source":"1044","target":"1583"},{"source":"1044","target":"1596"},{"source":"1044","target":"1636"},{"source":"1044","target":"1680"},{"source":"1044","target":"1715"},{"source":"1044","target":"1857"},{"source":"1044","target":"1884"},{"source":"1045","target":"1111"},{"source":"1045","target":"1197"},{"source":"1045","target":"1337"},{"source":"1045","target":"1360"},{"source":"1045","target":"1368"},{"source":"1045","target":"1384"},{"source":"1045","target":"1593"},{"source":"1045","target":"1788"},{"source":"1046","target":"1194"},{"source":"1046","target":"1586"},{"source":"1047","target":"1076"},{"source":"1047","target":"1110"},{"source":"1047","target":"1124"},{"source":"1047","target":"1126"},{"source":"1047","target":"1146"},{"source":"1047","target":"1160"},{"source":"1047","target":"1173"},{"source":"1047","target":"1191"},{"source":"1047","target":"1199"},{"source":"1047","target":"1222"},{"source":"1047","target":"1239"},{"source":"1047","target":"1243"},{"source":"1047","target":"1267"},{"source":"1047","target":"1290"},{"source":"1047","target":"1323"},{"source":"1047","target":"1327"},{"source":"1047","target":"1330"},{"source":"1047","target":"1352"},{"source":"1047","target":"1377"},{"source":"1047","target":"1389"},{"source":"1047","target":"1407"},{"source":"1047","target":"1420"},{"source":"1047","target":"1471"},{"source":"1047","target":"1509"},{"source":"1047","target":"1520"},{"source":"1047","target":"1523"},{"source":"1047","target":"1551"},{"source":"1047","target":"1554"},{"source":"1047","target":"1557"},{"source":"1047","target":"1559"},{"source":"1047","target":"1609"},{"source":"1047","target":"1610"},{"source":"1047","target":"1621"},{"source":"1047","target":"1622"},{"source":"1047","target":"1626"},{"source":"1047","target":"1663"},{"source":"1047","target":"1669"},{"source":"1047","target":"1675"},{"source":"1047","target":"1689"},{"source":"1047","target":"1721"},{"source":"1047","target":"1730"},{"source":"1047","target":"1734"},{"source":"1047","target":"1753"},{"source":"1047","target":"1757"},{"source":"1047","target":"1768"},{"source":"1047","target":"1800"},{"source":"1047","target":"1804"},{"source":"1047","target":"1811"},{"source":"1047","target":"1813"},{"source":"1047","target":"1827"},{"source":"1047","target":"1835"},{"source":"1047","target":"1842"},{"source":"1047","target":"1861"},{"source":"1047","target":"1867"},{"source":"1047","target":"1891"},{"source":"1047","target":"1902"},{"source":"1047","target":"1911"},{"source":"1048","target":"1049"},{"source":"1048","target":"1056"},{"source":"1048","target":"1074"},{"source":"1048","target":"1075"},{"source":"1048","target":"1110"},{"source":"1048","target":"1116"},{"source":"1048","target":"1124"},{"source":"1048","target":"1126"},{"source":"1048","target":"1146"},{"source":"1048","target":"1149"},{"source":"1048","target":"1175"},{"source":"1048","target":"1182"},{"source":"1048","target":"1185"},{"source":"1048","target":"1191"},{"source":"1048","target":"1195"},{"source":"1048","target":"1209"},{"source":"1048","target":"1230"},{"source":"1048","target":"1265"},{"source":"1048","target":"1269"},{"source":"1048","target":"1287"},{"source":"1048","target":"1290"},{"source":"1048","target":"1305"},{"source":"1048","target":"1329"},{"source":"1048","target":"1331"},{"source":"1048","target":"1334"},{"source":"1048","target":"1341"},{"source":"1048","target":"1352"},{"source":"1048","target":"1365"},{"source":"1048","target":"1367"},{"source":"1048","target":"1376"},{"source":"1048","target":"1377"},{"source":"1048","target":"1391"},{"source":"1048","target":"1393"},{"source":"1048","target":"1399"},{"source":"1048","target":"1407"},{"source":"1048","target":"1409"},{"source":"1048","target":"1416"},{"source":"1048","target":"1420"},{"source":"1048","target":"1431"},{"source":"1048","target":"1449"},{"source":"1048","target":"1450"},{"source":"1048","target":"1467"},{"source":"1048","target":"1471"},{"source":"1048","target":"1484"},{"source":"1048","target":"1485"},{"source":"1048","target":"1509"},{"source":"1048","target":"1513"},{"source":"1048","target":"1519"},{"source":"1048","target":"1522"},{"source":"1048","target":"1528"},{"source":"1048","target":"1551"},{"source":"1048","target":"1553"},{"source":"1048","target":"1554"},{"source":"1048","target":"1557"},{"source":"1048","target":"1559"},{"source":"1048","target":"1563"},{"source":"1048","target":"1570"},{"source":"1048","target":"1584"},{"source":"1048","target":"1589"},{"source":"1048","target":"1590"},{"source":"1048","target":"1608"},{"source":"1048","target":"1609"},{"source":"1048","target":"1612"},{"source":"1048","target":"1613"},{"source":"1048","target":"1614"},{"source":"1048","target":"1621"},{"source":"1048","target":"1622"},{"source":"1048","target":"1637"},{"source":"1048","target":"1659"},{"source":"1048","target":"1663"},{"source":"1048","target":"1669"},{"source":"1048","target":"1675"},{"source":"1048","target":"1685"},{"source":"1048","target":"1688"},{"source":"1048","target":"1717"},{"source":"1048","target":"1722"},{"source":"1048","target":"1724"},{"source":"1048","target":"1730"},{"source":"1048","target":"1746"},{"source":"1048","target":"1750"},{"source":"1048","target":"1753"},{"source":"1048","target":"1754"},{"source":"1048","target":"1765"},{"source":"1048","target":"1768"},{"source":"1048","target":"1782"},{"source":"1048","target":"1791"},{"source":"1048","target":"1800"},{"source":"1048","target":"1811"},{"source":"1048","target":"1813"},{"source":"1048","target":"1816"},{"source":"1048","target":"1827"},{"source":"1048","target":"1835"},{"source":"1048","target":"1845"},{"source":"1048","target":"1864"},{"source":"1048","target":"1888"},{"source":"1049","target":"1054"},{"source":"1049","target":"1059"},{"source":"1049","target":"1075"},{"source":"1049","target":"1086"},{"source":"1049","target":"1110"},{"source":"1049","target":"1112"},{"source":"1049","target":"1116"},{"source":"1049","target":"1123"},{"source":"1049","target":"1128"},{"source":"1049","target":"1146"},{"source":"1049","target":"1184"},{"source":"1049","target":"1191"},{"source":"1049","target":"1209"},{"source":"1049","target":"1222"},{"source":"1049","target":"1230"},{"source":"1049","target":"1242"},{"source":"1049","target":"1243"},{"source":"1049","target":"1250"},{"source":"1049","target":"1269"},{"source":"1049","target":"1278"},{"source":"1049","target":"1290"},{"source":"1049","target":"1317"},{"source":"1049","target":"1329"},{"source":"1049","target":"1340"},{"source":"1049","target":"1344"},{"source":"1049","target":"1352"},{"source":"1049","target":"1367"},{"source":"1049","target":"1375"},{"source":"1049","target":"1376"},{"source":"1049","target":"1377"},{"source":"1049","target":"1390"},{"source":"1049","target":"1391"},{"source":"1049","target":"1393"},{"source":"1049","target":"1399"},{"source":"1049","target":"1407"},{"source":"1049","target":"1416"},{"source":"1049","target":"1431"},{"source":"1049","target":"1522"},{"source":"1049","target":"1523"},{"source":"1049","target":"1528"},{"source":"1049","target":"1534"},{"source":"1049","target":"1554"},{"source":"1049","target":"1557"},{"source":"1049","target":"1572"},{"source":"1049","target":"1589"},{"source":"1049","target":"1597"},{"source":"1049","target":"1603"},{"source":"1049","target":"1620"},{"source":"1049","target":"1621"},{"source":"1049","target":"1623"},{"source":"1049","target":"1644"},{"source":"1049","target":"1653"},{"source":"1049","target":"1659"},{"source":"1049","target":"1688"},{"source":"1049","target":"1689"},{"source":"1049","target":"1721"},{"source":"1049","target":"1724"},{"source":"1049","target":"1730"},{"source":"1049","target":"1737"},{"source":"1049","target":"1746"},{"source":"1049","target":"1750"},{"source":"1049","target":"1752"},{"source":"1049","target":"1754"},{"source":"1049","target":"1800"},{"source":"1049","target":"1813"},{"source":"1049","target":"1816"},{"source":"1049","target":"1819"},{"source":"1049","target":"1827"},{"source":"1049","target":"1845"},{"source":"1049","target":"1864"},{"source":"1049","target":"1867"},{"source":"1049","target":"1877"},{"source":"1049","target":"1888"},{"source":"1050","target":"1055"},{"source":"1050","target":"1266"},{"source":"1050","target":"1328"},{"source":"1050","target":"1441"},{"source":"1050","target":"1544"},{"source":"1050","target":"1564"},{"source":"1050","target":"1585"},{"source":"1050","target":"1779"},{"source":"1050","target":"1822"},{"source":"1050","target":"1905"},{"source":"1051","target":"1064"},{"source":"1051","target":"1070"},{"source":"1051","target":"1152"},{"source":"1051","target":"1159"},{"source":"1051","target":"1166"},{"source":"1051","target":"1183"},{"source":"1051","target":"1188"},{"source":"1051","target":"1225"},{"source":"1051","target":"1228"},{"source":"1051","target":"1236"},{"source":"1051","target":"1258"},{"source":"1051","target":"1260"},{"source":"1051","target":"1275"},{"source":"1051","target":"1306"},{"source":"1051","target":"1310"},{"source":"1051","target":"1338"},{"source":"1051","target":"1355"},{"source":"1051","target":"1366"},{"source":"1051","target":"1444"},{"source":"1051","target":"1472"},{"source":"1051","target":"1473"},{"source":"1051","target":"1481"},{"source":"1051","target":"1496"},{"source":"1051","target":"1500"},{"source":"1051","target":"1525"},{"source":"1051","target":"1536"},{"source":"1051","target":"1569"},{"source":"1051","target":"1584"},{"source":"1051","target":"1630"},{"source":"1051","target":"1686"},{"source":"1051","target":"1699"},{"source":"1051","target":"1703"},{"source":"1051","target":"1709"},{"source":"1051","target":"1727"},{"source":"1051","target":"1738"},{"source":"1051","target":"1767"},{"source":"1051","target":"1783"},{"source":"1051","target":"1807"},{"source":"1051","target":"1876"},{"source":"1052","target":"1070"},{"source":"1052","target":"1106"},{"source":"1052","target":"1109"},{"source":"1052","target":"1121"},{"source":"1052","target":"1159"},{"source":"1052","target":"1188"},{"source":"1052","target":"1217"},{"source":"1052","target":"1225"},{"source":"1052","target":"1226"},{"source":"1052","target":"1247"},{"source":"1052","target":"1259"},{"source":"1052","target":"1260"},{"source":"1052","target":"1299"},{"source":"1052","target":"1304"},{"source":"1052","target":"1310"},{"source":"1052","target":"1338"},{"source":"1052","target":"1343"},{"source":"1052","target":"1348"},{"source":"1052","target":"1355"},{"source":"1052","target":"1366"},{"source":"1052","target":"1408"},{"source":"1052","target":"1428"},{"source":"1052","target":"1436"},{"source":"1052","target":"1444"},{"source":"1052","target":"1453"},{"source":"1052","target":"1472"},{"source":"1052","target":"1482"},{"source":"1052","target":"1496"},{"source":"1052","target":"1504"},{"source":"1052","target":"1507"},{"source":"1052","target":"1525"},{"source":"1052","target":"1529"},{"source":"1052","target":"1536"},{"source":"1052","target":"1541"},{"source":"1052","target":"1620"},{"source":"1052","target":"1630"},{"source":"1052","target":"1634"},{"source":"1052","target":"1681"},{"source":"1052","target":"1686"},{"source":"1052","target":"1699"},{"source":"1052","target":"1725"},{"source":"1052","target":"1727"},{"source":"1052","target":"1738"},{"source":"1052","target":"1770"},{"source":"1052","target":"1807"},{"source":"1052","target":"1818"},{"source":"1052","target":"1876"},{"source":"1052","target":"1881"},{"source":"1052","target":"1885"},{"source":"1052","target":"1895"},{"source":"1052","target":"1897"},{"source":"1053","target":"1062"},{"source":"1053","target":"1138"},{"source":"1053","target":"1171"},{"source":"1053","target":"1183"},{"source":"1053","target":"1607"},{"source":"1053","target":"1808"},{"source":"1053","target":"1896"},{"source":"1054","target":"1059"},{"source":"1054","target":"1075"},{"source":"1054","target":"1086"},{"source":"1054","target":"1092"},{"source":"1054","target":"1110"},{"source":"1054","target":"1128"},{"source":"1054","target":"1209"},{"source":"1054","target":"1242"},{"source":"1054","target":"1250"},{"source":"1054","target":"1278"},{"source":"1054","target":"1293"},{"source":"1054","target":"1344"},{"source":"1054","target":"1367"},{"source":"1054","target":"1375"},{"source":"1054","target":"1376"},{"source":"1054","target":"1390"},{"source":"1054","target":"1416"},{"source":"1054","target":"1435"},{"source":"1054","target":"1529"},{"source":"1054","target":"1540"},{"source":"1054","target":"1554"},{"source":"1054","target":"1557"},{"source":"1054","target":"1572"},{"source":"1054","target":"1600"},{"source":"1054","target":"1608"},{"source":"1054","target":"1612"},{"source":"1054","target":"1613"},{"source":"1054","target":"1644"},{"source":"1054","target":"1659"},{"source":"1054","target":"1688"},{"source":"1054","target":"1689"},{"source":"1054","target":"1707"},{"source":"1054","target":"1717"},{"source":"1054","target":"1721"},{"source":"1054","target":"1724"},{"source":"1054","target":"1737"},{"source":"1054","target":"1746"},{"source":"1054","target":"1752"},{"source":"1054","target":"1761"},{"source":"1054","target":"1768"},{"source":"1054","target":"1795"},{"source":"1054","target":"1800"},{"source":"1054","target":"1819"},{"source":"1054","target":"1827"},{"source":"1054","target":"1861"},{"source":"1055","target":"1266"},{"source":"1055","target":"1431"},{"source":"1055","target":"1434"},{"source":"1055","target":"1441"},{"source":"1055","target":"1513"},{"source":"1055","target":"1544"},{"source":"1055","target":"1564"},{"source":"1055","target":"1585"},{"source":"1055","target":"1666"},{"source":"1055","target":"1779"},{"source":"1055","target":"1822"},{"source":"1055","target":"1905"},{"source":"1056","target":"1078"},{"source":"1056","target":"1110"},{"source":"1056","target":"1124"},{"source":"1056","target":"1135"},{"source":"1056","target":"1160"},{"source":"1056","target":"1173"},{"source":"1056","target":"1191"},{"source":"1056","target":"1201"},{"source":"1056","target":"1205"},{"source":"1056","target":"1222"},{"source":"1056","target":"1238"},{"source":"1056","target":"1280"},{"source":"1056","target":"1290"},{"source":"1056","target":"1323"},{"source":"1056","target":"1329"},{"source":"1056","target":"1330"},{"source":"1056","target":"1359"},{"source":"1056","target":"1377"},{"source":"1056","target":"1391"},{"source":"1056","target":"1409"},{"source":"1056","target":"1447"},{"source":"1056","target":"1457"},{"source":"1056","target":"1483"},{"source":"1056","target":"1519"},{"source":"1056","target":"1527"},{"source":"1056","target":"1528"},{"source":"1056","target":"1551"},{"source":"1056","target":"1559"},{"source":"1056","target":"1570"},{"source":"1056","target":"1580"},{"source":"1056","target":"1584"},{"source":"1056","target":"1598"},{"source":"1056","target":"1604"},{"source":"1056","target":"1609"},{"source":"1056","target":"1620"},{"source":"1056","target":"1637"},{"source":"1056","target":"1663"},{"source":"1056","target":"1669"},{"source":"1056","target":"1675"},{"source":"1056","target":"1685"},{"source":"1056","target":"1688"},{"source":"1056","target":"1712"},{"source":"1056","target":"1722"},{"source":"1056","target":"1754"},{"source":"1056","target":"1768"},{"source":"1056","target":"1772"},{"source":"1056","target":"1791"},{"source":"1056","target":"1793"},{"source":"1056","target":"1800"},{"source":"1056","target":"1805"},{"source":"1056","target":"1811"},{"source":"1056","target":"1813"},{"source":"1056","target":"1842"},{"source":"1056","target":"1861"},{"source":"1056","target":"1864"},{"source":"1056","target":"1898"},{"source":"1056","target":"1902"},{"source":"1057","target":"1138"},{"source":"1057","target":"1607"},{"source":"1057","target":"1664"},{"source":"1058","target":"1077"},{"source":"1058","target":"1171"},{"source":"1058","target":"1470"},{"source":"1058","target":"1552"},{"source":"1058","target":"1642"},{"source":"1059","target":"1075"},{"source":"1059","target":"1076"},{"source":"1059","target":"1078"},{"source":"1059","target":"1079"},{"source":"1059","target":"1086"},{"source":"1059","target":"1107"},{"source":"1059","target":"1110"},{"source":"1059","target":"1112"},{"source":"1059","target":"1126"},{"source":"1059","target":"1128"},{"source":"1059","target":"1132"},{"source":"1059","target":"1146"},{"source":"1059","target":"1149"},{"source":"1059","target":"1172"},{"source":"1059","target":"1175"},{"source":"1059","target":"1180"},{"source":"1059","target":"1184"},{"source":"1059","target":"1185"},{"source":"1059","target":"1191"},{"source":"1059","target":"1198"},{"source":"1059","target":"1199"},{"source":"1059","target":"1211"},{"source":"1059","target":"1214"},{"source":"1059","target":"1238"},{"source":"1059","target":"1242"},{"source":"1059","target":"1243"},{"source":"1059","target":"1250"},{"source":"1059","target":"1255"},{"source":"1059","target":"1269"},{"source":"1059","target":"1278"},{"source":"1059","target":"1290"},{"source":"1059","target":"1291"},{"source":"1059","target":"1293"},{"source":"1059","target":"1302"},{"source":"1059","target":"1312"},{"source":"1059","target":"1329"},{"source":"1059","target":"1334"},{"source":"1059","target":"1335"},{"source":"1059","target":"1339"},{"source":"1059","target":"1340"},{"source":"1059","target":"1341"},{"source":"1059","target":"1344"},{"source":"1059","target":"1352"},{"source":"1059","target":"1367"},{"source":"1059","target":"1370"},{"source":"1059","target":"1375"},{"source":"1059","target":"1376"},{"source":"1059","target":"1377"},{"source":"1059","target":"1380"},{"source":"1059","target":"1390"},{"source":"1059","target":"1391"},{"source":"1059","target":"1399"},{"source":"1059","target":"1416"},{"source":"1059","target":"1420"},{"source":"1059","target":"1431"},{"source":"1059","target":"1435"},{"source":"1059","target":"1467"},{"source":"1059","target":"1471"},{"source":"1059","target":"1488"},{"source":"1059","target":"1491"},{"source":"1059","target":"1509"},{"source":"1059","target":"1516"},{"source":"1059","target":"1520"},{"source":"1059","target":"1522"},{"source":"1059","target":"1523"},{"source":"1059","target":"1524"},{"source":"1059","target":"1530"},{"source":"1059","target":"1532"},{"source":"1059","target":"1539"},{"source":"1059","target":"1540"},{"source":"1059","target":"1544"},{"source":"1059","target":"1547"},{"source":"1059","target":"1551"},{"source":"1059","target":"1554"},{"source":"1059","target":"1557"},{"source":"1059","target":"1559"},{"source":"1059","target":"1563"},{"source":"1059","target":"1570"},{"source":"1059","target":"1572"},{"source":"1059","target":"1584"},{"source":"1059","target":"1589"},{"source":"1059","target":"1598"},{"source":"1059","target":"1600"},{"source":"1059","target":"1603"},{"source":"1059","target":"1610"},{"source":"1059","target":"1612"},{"source":"1059","target":"1613"},{"source":"1059","target":"1617"},{"source":"1059","target":"1620"},{"source":"1059","target":"1621"},{"source":"1059","target":"1622"},{"source":"1059","target":"1623"},{"source":"1059","target":"1632"},{"source":"1059","target":"1643"},{"source":"1059","target":"1644"},{"source":"1059","target":"1652"},{"source":"1059","target":"1653"},{"source":"1059","target":"1659"},{"source":"1059","target":"1662"},{"source":"1059","target":"1663"},{"source":"1059","target":"1665"},{"source":"1059","target":"1669"},{"source":"1059","target":"1683"},{"source":"1059","target":"1685"},{"source":"1059","target":"1688"},{"source":"1059","target":"1689"},{"source":"1059","target":"1707"},{"source":"1059","target":"1712"},{"source":"1059","target":"1714"},{"source":"1059","target":"1717"},{"source":"1059","target":"1721"},{"source":"1059","target":"1724"},{"source":"1059","target":"1730"},{"source":"1059","target":"1735"},{"source":"1059","target":"1736"},{"source":"1059","target":"1737"},{"source":"1059","target":"1746"},{"source":"1059","target":"1750"},{"source":"1059","target":"1752"},{"source":"1059","target":"1754"},{"source":"1059","target":"1757"},{"source":"1059","target":"1761"},{"source":"1059","target":"1765"},{"source":"1059","target":"1768"},{"source":"1059","target":"1789"},{"source":"1059","target":"1793"},{"source":"1059","target":"1795"},{"source":"1059","target":"1796"},{"source":"1059","target":"1799"},{"source":"1059","target":"1800"},{"source":"1059","target":"1804"},{"source":"1059","target":"1810"},{"source":"1059","target":"1816"},{"source":"1059","target":"1819"},{"source":"1059","target":"1823"},{"source":"1059","target":"1827"},{"source":"1059","target":"1833"},{"source":"1059","target":"1835"},{"source":"1059","target":"1839"},{"source":"1059","target":"1849"},{"source":"1059","target":"1851"},{"source":"1059","target":"1867"},{"source":"1059","target":"1877"},{"source":"1059","target":"1879"},{"source":"1059","target":"1886"},{"source":"1059","target":"1888"},{"source":"1059","target":"1891"},{"source":"1060","target":"1067"},{"source":"1060","target":"1086"},{"source":"1060","target":"1100"},{"source":"1060","target":"1104"},{"source":"1060","target":"1148"},{"source":"1060","target":"1152"},{"source":"1060","target":"1158"},{"source":"1060","target":"1204"},{"source":"1060","target":"1227"},{"source":"1060","target":"1229"},{"source":"1060","target":"1235"},{"source":"1060","target":"1257"},{"source":"1060","target":"1277"},{"source":"1060","target":"1298"},{"source":"1060","target":"1322"},{"source":"1060","target":"1347"},{"source":"1060","target":"1373"},{"source":"1060","target":"1423"},{"source":"1060","target":"1426"},{"source":"1060","target":"1432"},{"source":"1060","target":"1459"},{"source":"1060","target":"1475"},{"source":"1060","target":"1479"},{"source":"1060","target":"1515"},{"source":"1060","target":"1573"},{"source":"1060","target":"1576"},{"source":"1060","target":"1578"},{"source":"1060","target":"1591"},{"source":"1060","target":"1596"},{"source":"1060","target":"1628"},{"source":"1060","target":"1636"},{"source":"1060","target":"1661"},{"source":"1060","target":"1715"},{"source":"1060","target":"1716"},{"source":"1060","target":"1728"},{"source":"1060","target":"1742"},{"source":"1060","target":"1859"},{"source":"1060","target":"1893"},{"source":"1060","target":"1899"},{"source":"1060","target":"1903"},{"source":"1061","target":"1136"},{"source":"1061","target":"1144"},{"source":"1061","target":"1174"},{"source":"1061","target":"1325"},{"source":"1061","target":"1328"},{"source":"1061","target":"1494"},{"source":"1061","target":"1676"},{"source":"1061","target":"1687"},{"source":"1062","target":"1183"},{"source":"1062","target":"1223"},{"source":"1062","target":"1226"},{"source":"1062","target":"1343"},{"source":"1062","target":"1357"},{"source":"1062","target":"1435"},{"source":"1062","target":"1436"},{"source":"1062","target":"1444"},{"source":"1062","target":"1469"},{"source":"1062","target":"1540"},{"source":"1062","target":"1630"},{"source":"1062","target":"1696"},{"source":"1062","target":"1699"},{"source":"1062","target":"1739"},{"source":"1062","target":"1783"},{"source":"1062","target":"1794"},{"source":"1062","target":"1876"},{"source":"1062","target":"1896"},{"source":"1063","target":"1069"},{"source":"1063","target":"1083"},{"source":"1063","target":"1101"},{"source":"1063","target":"1238"},{"source":"1063","target":"1256"},{"source":"1063","target":"1285"},{"source":"1063","target":"1288"},{"source":"1063","target":"1359"},{"source":"1063","target":"1370"},{"source":"1063","target":"1431"},{"source":"1063","target":"1488"},{"source":"1063","target":"1736"},{"source":"1063","target":"1768"},{"source":"1063","target":"1809"},{"source":"1063","target":"1868"},{"source":"1063","target":"1900"},{"source":"1064","target":"1094"},{"source":"1064","target":"1202"},{"source":"1064","target":"1212"},{"source":"1064","target":"1234"},{"source":"1064","target":"1342"},{"source":"1064","target":"1343"},{"source":"1064","target":"1356"},{"source":"1064","target":"1372"},{"source":"1064","target":"1443"},{"source":"1064","target":"1453"},{"source":"1064","target":"1473"},{"source":"1064","target":"1478"},{"source":"1064","target":"1497"},{"source":"1064","target":"1566"},{"source":"1064","target":"1596"},{"source":"1064","target":"1671"},{"source":"1064","target":"1694"},{"source":"1064","target":"1743"},{"source":"1064","target":"1829"},{"source":"1064","target":"1831"},{"source":"1064","target":"1901"},{"source":"1064","target":"1910"},{"source":"1065","target":"1739"},{"source":"1066","target":"1080"},{"source":"1066","target":"1082"},{"source":"1066","target":"1099"},{"source":"1066","target":"1102"},{"source":"1066","target":"1108"},{"source":"1066","target":"1148"},{"source":"1066","target":"1158"},{"source":"1066","target":"1166"},{"source":"1066","target":"1192"},{"source":"1066","target":"1204"},{"source":"1066","target":"1245"},{"source":"1066","target":"1261"},{"source":"1066","target":"1277"},{"source":"1066","target":"1281"},{"source":"1066","target":"1282"},{"source":"1066","target":"1303"},{"source":"1066","target":"1306"},{"source":"1066","target":"1309"},{"source":"1066","target":"1316"},{"source":"1066","target":"1324"},{"source":"1066","target":"1347"},{"source":"1066","target":"1373"},{"source":"1066","target":"1382"},{"source":"1066","target":"1392"},{"source":"1066","target":"1396"},{"source":"1066","target":"1406"},{"source":"1066","target":"1451"},{"source":"1066","target":"1454"},{"source":"1066","target":"1459"},{"source":"1066","target":"1473"},{"source":"1066","target":"1495"},{"source":"1066","target":"1504"},{"source":"1066","target":"1508"},{"source":"1066","target":"1515"},{"source":"1066","target":"1582"},{"source":"1066","target":"1595"},{"source":"1066","target":"1638"},{"source":"1066","target":"1661"},{"source":"1066","target":"1716"},{"source":"1066","target":"1729"},{"source":"1066","target":"1732"},{"source":"1066","target":"1742"},{"source":"1066","target":"1783"},{"source":"1066","target":"1786"},{"source":"1066","target":"1812"},{"source":"1066","target":"1820"},{"source":"1066","target":"1824"},{"source":"1066","target":"1828"},{"source":"1066","target":"1848"},{"source":"1066","target":"1871"},{"source":"1066","target":"1875"},{"source":"1066","target":"1893"},{"source":"1066","target":"1894"},{"source":"1066","target":"1907"},{"source":"1067","target":"1081"},{"source":"1067","target":"1082"},{"source":"1067","target":"1100"},{"source":"1067","target":"1104"},{"source":"1067","target":"1115"},{"source":"1067","target":"1148"},{"source":"1067","target":"1192"},{"source":"1067","target":"1204"},{"source":"1067","target":"1227"},{"source":"1067","target":"1229"},{"source":"1067","target":"1231"},{"source":"1067","target":"1235"},{"source":"1067","target":"1257"},{"source":"1067","target":"1277"},{"source":"1067","target":"1279"},{"source":"1067","target":"1284"},{"source":"1067","target":"1292"},{"source":"1067","target":"1298"},{"source":"1067","target":"1322"},{"source":"1067","target":"1345"},{"source":"1067","target":"1347"},{"source":"1067","target":"1379"},{"source":"1067","target":"1404"},{"source":"1067","target":"1413"},{"source":"1067","target":"1423"},{"source":"1067","target":"1426"},{"source":"1067","target":"1432"},{"source":"1067","target":"1438"},{"source":"1067","target":"1448"},{"source":"1067","target":"1459"},{"source":"1067","target":"1462"},{"source":"1067","target":"1475"},{"source":"1067","target":"1479"},{"source":"1067","target":"1515"},{"source":"1067","target":"1550"},{"source":"1067","target":"1573"},{"source":"1067","target":"1576"},{"source":"1067","target":"1583"},{"source":"1067","target":"1587"},{"source":"1067","target":"1591"},{"source":"1067","target":"1592"},{"source":"1067","target":"1596"},{"source":"1067","target":"1611"},{"source":"1067","target":"1628"},{"source":"1067","target":"1636"},{"source":"1067","target":"1647"},{"source":"1067","target":"1655"},{"source":"1067","target":"1661"},{"source":"1067","target":"1680"},{"source":"1067","target":"1682"},{"source":"1067","target":"1691"},{"source":"1067","target":"1715"},{"source":"1067","target":"1716"},{"source":"1067","target":"1824"},{"source":"1067","target":"1841"},{"source":"1067","target":"1857"},{"source":"1067","target":"1859"},{"source":"1067","target":"1871"},{"source":"1067","target":"1873"},{"source":"1067","target":"1893"},{"source":"1068","target":"1086"},{"source":"1068","target":"1153"},{"source":"1068","target":"1156"},{"source":"1068","target":"1160"},{"source":"1068","target":"1163"},{"source":"1068","target":"1181"},{"source":"1068","target":"1207"},{"source":"1068","target":"1211"},{"source":"1068","target":"1238"},{"source":"1068","target":"1256"},{"source":"1068","target":"1271"},{"source":"1068","target":"1280"},{"source":"1068","target":"1331"},{"source":"1068","target":"1365"},{"source":"1068","target":"1370"},{"source":"1068","target":"1390"},{"source":"1068","target":"1436"},{"source":"1068","target":"1456"},{"source":"1068","target":"1457"},{"source":"1068","target":"1488"},{"source":"1068","target":"1571"},{"source":"1068","target":"1580"},{"source":"1068","target":"1598"},{"source":"1068","target":"1604"},{"source":"1068","target":"1613"},{"source":"1068","target":"1619"},{"source":"1068","target":"1620"},{"source":"1068","target":"1622"},{"source":"1068","target":"1644"},{"source":"1068","target":"1660"},{"source":"1068","target":"1662"},{"source":"1068","target":"1665"},{"source":"1068","target":"1707"},{"source":"1068","target":"1712"},{"source":"1068","target":"1736"},{"source":"1068","target":"1768"},{"source":"1068","target":"1793"},{"source":"1068","target":"1809"},{"source":"1068","target":"1823"},{"source":"1068","target":"1832"},{"source":"1068","target":"1839"},{"source":"1068","target":"1849"},{"source":"1068","target":"1881"},{"source":"1068","target":"1888"},{"source":"1068","target":"1898"},{"source":"1069","target":"1101"},{"source":"1069","target":"1238"},{"source":"1069","target":"1285"},{"source":"1069","target":"1288"},{"source":"1069","target":"1302"},{"source":"1069","target":"1431"},{"source":"1069","target":"1488"},{"source":"1069","target":"1621"},{"source":"1069","target":"1736"},{"source":"1069","target":"1809"},{"source":"1069","target":"1868"},{"source":"1069","target":"1900"},{"source":"1070","target":"1109"},{"source":"1070","target":"1110"},{"source":"1070","target":"1152"},{"source":"1070","target":"1159"},{"source":"1070","target":"1170"},{"source":"1070","target":"1183"},{"source":"1070","target":"1188"},{"source":"1070","target":"1213"},{"source":"1070","target":"1225"},{"source":"1070","target":"1228"},{"source":"1070","target":"1236"},{"source":"1070","target":"1258"},{"source":"1070","target":"1259"},{"source":"1070","target":"1260"},{"source":"1070","target":"1275"},{"source":"1070","target":"1296"},{"source":"1070","target":"1303"},{"source":"1070","target":"1306"},{"source":"1070","target":"1310"},{"source":"1070","target":"1338"},{"source":"1070","target":"1348"},{"source":"1070","target":"1355"},{"source":"1070","target":"1366"},{"source":"1070","target":"1412"},{"source":"1070","target":"1427"},{"source":"1070","target":"1429"},{"source":"1070","target":"1446"},{"source":"1070","target":"1448"},{"source":"1070","target":"1469"},{"source":"1070","target":"1472"},{"source":"1070","target":"1473"},{"source":"1070","target":"1482"},{"source":"1070","target":"1496"},{"source":"1070","target":"1500"},{"source":"1070","target":"1504"},{"source":"1070","target":"1507"},{"source":"1070","target":"1525"},{"source":"1070","target":"1529"},{"source":"1070","target":"1531"},{"source":"1070","target":"1536"},{"source":"1070","target":"1549"},{"source":"1070","target":"1624"},{"source":"1070","target":"1630"},{"source":"1070","target":"1633"},{"source":"1070","target":"1634"},{"source":"1070","target":"1672"},{"source":"1070","target":"1686"},{"source":"1070","target":"1699"},{"source":"1070","target":"1703"},{"source":"1070","target":"1709"},{"source":"1070","target":"1738"},{"source":"1070","target":"1745"},{"source":"1070","target":"1760"},{"source":"1070","target":"1770"},{"source":"1070","target":"1781"},{"source":"1070","target":"1815"},{"source":"1070","target":"1828"},{"source":"1070","target":"1869"},{"source":"1070","target":"1876"},{"source":"1070","target":"1897"},{"source":"1070","target":"1904"},{"source":"1071","target":"1202"},{"source":"1071","target":"1253"},{"source":"1072","target":"1121"},{"source":"1072","target":"1169"},{"source":"1072","target":"1189"},{"source":"1072","target":"1226"},{"source":"1072","target":"1259"},{"source":"1072","target":"1348"},{"source":"1072","target":"1428"},{"source":"1072","target":"1472"},{"source":"1072","target":"1482"},{"source":"1072","target":"1504"},{"source":"1072","target":"1507"},{"source":"1072","target":"1541"},{"source":"1072","target":"1624"},{"source":"1072","target":"1681"},{"source":"1072","target":"1709"},{"source":"1072","target":"1756"},{"source":"1072","target":"1815"},{"source":"1072","target":"1847"},{"source":"1072","target":"1904"},{"source":"1073","target":"1307"},{"source":"1073","target":"1325"},{"source":"1073","target":"1528"},{"source":"1073","target":"1806"},{"source":"1073","target":"1861"},{"source":"1073","target":"1908"},{"source":"1074","target":"1078"},{"source":"1074","target":"1084"},{"source":"1074","target":"1107"},{"source":"1074","target":"1116"},{"source":"1074","target":"1171"},{"source":"1074","target":"1173"},{"source":"1074","target":"1185"},{"source":"1074","target":"1191"},{"source":"1074","target":"1199"},{"source":"1074","target":"1211"},{"source":"1074","target":"1219"},{"source":"1074","target":"1222"},{"source":"1074","target":"1230"},{"source":"1074","target":"1269"},{"source":"1074","target":"1329"},{"source":"1074","target":"1331"},{"source":"1074","target":"1341"},{"source":"1074","target":"1376"},{"source":"1074","target":"1393"},{"source":"1074","target":"1399"},{"source":"1074","target":"1407"},{"source":"1074","target":"1409"},{"source":"1074","target":"1437"},{"source":"1074","target":"1460"},{"source":"1074","target":"1465"},{"source":"1074","target":"1470"},{"source":"1074","target":"1483"},{"source":"1074","target":"1519"},{"source":"1074","target":"1522"},{"source":"1074","target":"1551"},{"source":"1074","target":"1553"},{"source":"1074","target":"1554"},{"source":"1074","target":"1570"},{"source":"1074","target":"1577"},{"source":"1074","target":"1617"},{"source":"1074","target":"1620"},{"source":"1074","target":"1662"},{"source":"1074","target":"1685"},{"source":"1074","target":"1707"},{"source":"1074","target":"1730"},{"source":"1074","target":"1736"},{"source":"1074","target":"1754"},{"source":"1074","target":"1768"},{"source":"1074","target":"1793"},{"source":"1074","target":"1813"},{"source":"1074","target":"1839"},{"source":"1074","target":"1842"},{"source":"1074","target":"1845"},{"source":"1074","target":"1849"},{"source":"1074","target":"1861"},{"source":"1074","target":"1864"},{"source":"1074","target":"1888"},{"source":"1074","target":"1902"},{"source":"1075","target":"1076"},{"source":"1075","target":"1086"},{"source":"1075","target":"1110"},{"source":"1075","target":"1112"},{"source":"1075","target":"1123"},{"source":"1075","target":"1128"},{"source":"1075","target":"1146"},{"source":"1075","target":"1175"},{"source":"1075","target":"1184"},{"source":"1075","target":"1209"},{"source":"1075","target":"1222"},{"source":"1075","target":"1242"},{"source":"1075","target":"1243"},{"source":"1075","target":"1250"},{"source":"1075","target":"1278"},{"source":"1075","target":"1290"},{"source":"1075","target":"1340"},{"source":"1075","target":"1344"},{"source":"1075","target":"1352"},{"source":"1075","target":"1367"},{"source":"1075","target":"1376"},{"source":"1075","target":"1377"},{"source":"1075","target":"1390"},{"source":"1075","target":"1407"},{"source":"1075","target":"1416"},{"source":"1075","target":"1460"},{"source":"1075","target":"1513"},{"source":"1075","target":"1520"},{"source":"1075","target":"1522"},{"source":"1075","target":"1523"},{"source":"1075","target":"1528"},{"source":"1075","target":"1539"},{"source":"1075","target":"1554"},{"source":"1075","target":"1557"},{"source":"1075","target":"1572"},{"source":"1075","target":"1597"},{"source":"1075","target":"1600"},{"source":"1075","target":"1609"},{"source":"1075","target":"1614"},{"source":"1075","target":"1620"},{"source":"1075","target":"1621"},{"source":"1075","target":"1637"},{"source":"1075","target":"1644"},{"source":"1075","target":"1659"},{"source":"1075","target":"1688"},{"source":"1075","target":"1717"},{"source":"1075","target":"1724"},{"source":"1075","target":"1730"},{"source":"1075","target":"1737"},{"source":"1075","target":"1746"},{"source":"1075","target":"1752"},{"source":"1075","target":"1754"},{"source":"1075","target":"1765"},{"source":"1075","target":"1768"},{"source":"1075","target":"1791"},{"source":"1075","target":"1795"},{"source":"1075","target":"1800"},{"source":"1075","target":"1813"},{"source":"1075","target":"1816"},{"source":"1075","target":"1819"},{"source":"1075","target":"1827"},{"source":"1075","target":"1845"},{"source":"1075","target":"1861"},{"source":"1075","target":"1864"},{"source":"1075","target":"1867"},{"source":"1075","target":"1870"},{"source":"1075","target":"1877"},{"source":"1075","target":"1888"},{"source":"1076","target":"1078"},{"source":"1076","target":"1079"},{"source":"1076","target":"1083"},{"source":"1076","target":"1086"},{"source":"1076","target":"1092"},{"source":"1076","target":"1124"},{"source":"1076","target":"1126"},{"source":"1076","target":"1132"},{"source":"1076","target":"1146"},{"source":"1076","target":"1149"},{"source":"1076","target":"1156"},{"source":"1076","target":"1163"},{"source":"1076","target":"1175"},{"source":"1076","target":"1181"},{"source":"1076","target":"1184"},{"source":"1076","target":"1185"},{"source":"1076","target":"1198"},{"source":"1076","target":"1199"},{"source":"1076","target":"1211"},{"source":"1076","target":"1222"},{"source":"1076","target":"1242"},{"source":"1076","target":"1243"},{"source":"1076","target":"1250"},{"source":"1076","target":"1256"},{"source":"1076","target":"1267"},{"source":"1076","target":"1290"},{"source":"1076","target":"1323"},{"source":"1076","target":"1329"},{"source":"1076","target":"1330"},{"source":"1076","target":"1331"},{"source":"1076","target":"1335"},{"source":"1076","target":"1339"},{"source":"1076","target":"1340"},{"source":"1076","target":"1341"},{"source":"1076","target":"1344"},{"source":"1076","target":"1352"},{"source":"1076","target":"1361"},{"source":"1076","target":"1367"},{"source":"1076","target":"1375"},{"source":"1076","target":"1376"},{"source":"1076","target":"1377"},{"source":"1076","target":"1390"},{"source":"1076","target":"1391"},{"source":"1076","target":"1399"},{"source":"1076","target":"1416"},{"source":"1076","target":"1420"},{"source":"1076","target":"1431"},{"source":"1076","target":"1447"},{"source":"1076","target":"1451"},{"source":"1076","target":"1467"},{"source":"1076","target":"1480"},{"source":"1076","target":"1485"},{"source":"1076","target":"1491"},{"source":"1076","target":"1509"},{"source":"1076","target":"1516"},{"source":"1076","target":"1520"},{"source":"1076","target":"1522"},{"source":"1076","target":"1523"},{"source":"1076","target":"1530"},{"source":"1076","target":"1532"},{"source":"1076","target":"1539"},{"source":"1076","target":"1551"},{"source":"1076","target":"1554"},{"source":"1076","target":"1557"},{"source":"1076","target":"1559"},{"source":"1076","target":"1563"},{"source":"1076","target":"1584"},{"source":"1076","target":"1589"},{"source":"1076","target":"1597"},{"source":"1076","target":"1600"},{"source":"1076","target":"1605"},{"source":"1076","target":"1610"},{"source":"1076","target":"1612"},{"source":"1076","target":"1613"},{"source":"1076","target":"1617"},{"source":"1076","target":"1621"},{"source":"1076","target":"1622"},{"source":"1076","target":"1623"},{"source":"1076","target":"1632"},{"source":"1076","target":"1637"},{"source":"1076","target":"1643"},{"source":"1076","target":"1644"},{"source":"1076","target":"1652"},{"source":"1076","target":"1653"},{"source":"1076","target":"1659"},{"source":"1076","target":"1662"},{"source":"1076","target":"1663"},{"source":"1076","target":"1669"},{"source":"1076","target":"1675"},{"source":"1076","target":"1683"},{"source":"1076","target":"1689"},{"source":"1076","target":"1700"},{"source":"1076","target":"1714"},{"source":"1076","target":"1717"},{"source":"1076","target":"1721"},{"source":"1076","target":"1735"},{"source":"1076","target":"1736"},{"source":"1076","target":"1737"},{"source":"1076","target":"1741"},{"source":"1076","target":"1746"},{"source":"1076","target":"1750"},{"source":"1076","target":"1752"},{"source":"1076","target":"1753"},{"source":"1076","target":"1761"},{"source":"1076","target":"1768"},{"source":"1076","target":"1795"},{"source":"1076","target":"1796"},{"source":"1076","target":"1799"},{"source":"1076","target":"1800"},{"source":"1076","target":"1804"},{"source":"1076","target":"1810"},{"source":"1076","target":"1811"},{"source":"1076","target":"1813"},{"source":"1076","target":"1816"},{"source":"1076","target":"1819"},{"source":"1076","target":"1827"},{"source":"1076","target":"1833"},{"source":"1076","target":"1835"},{"source":"1076","target":"1839"},{"source":"1076","target":"1842"},{"source":"1076","target":"1849"},{"source":"1076","target":"1861"},{"source":"1076","target":"1867"},{"source":"1076","target":"1877"},{"source":"1076","target":"1879"},{"source":"1076","target":"1888"},{"source":"1077","target":"1165"},{"source":"1077","target":"1171"},{"source":"1077","target":"1202"},{"source":"1077","target":"1337"},{"source":"1077","target":"1465"},{"source":"1077","target":"1577"},{"source":"1077","target":"1642"},{"source":"1077","target":"1702"},{"source":"1077","target":"1858"},{"source":"1077","target":"1863"},{"source":"1077","target":"1866"},{"source":"1077","target":"1911"},{"source":"1078","target":"1079"},{"source":"1078","target":"1083"},{"source":"1078","target":"1086"},{"source":"1078","target":"1092"},{"source":"1078","target":"1101"},{"source":"1078","target":"1107"},{"source":"1078","target":"1117"},{"source":"1078","target":"1124"},{"source":"1078","target":"1125"},{"source":"1078","target":"1126"},{"source":"1078","target":"1132"},{"source":"1078","target":"1146"},{"source":"1078","target":"1149"},{"source":"1078","target":"1153"},{"source":"1078","target":"1156"},{"source":"1078","target":"1160"},{"source":"1078","target":"1163"},{"source":"1078","target":"1172"},{"source":"1078","target":"1173"},{"source":"1078","target":"1175"},{"source":"1078","target":"1181"},{"source":"1078","target":"1184"},{"source":"1078","target":"1185"},{"source":"1078","target":"1191"},{"source":"1078","target":"1198"},{"source":"1078","target":"1199"},{"source":"1078","target":"1211"},{"source":"1078","target":"1214"},{"source":"1078","target":"1219"},{"source":"1078","target":"1222"},{"source":"1078","target":"1230"},{"source":"1078","target":"1238"},{"source":"1078","target":"1243"},{"source":"1078","target":"1250"},{"source":"1078","target":"1255"},{"source":"1078","target":"1256"},{"source":"1078","target":"1267"},{"source":"1078","target":"1271"},{"source":"1078","target":"1272"},{"source":"1078","target":"1285"},{"source":"1078","target":"1287"},{"source":"1078","target":"1288"},{"source":"1078","target":"1289"},{"source":"1078","target":"1291"},{"source":"1078","target":"1302"},{"source":"1078","target":"1323"},{"source":"1078","target":"1329"},{"source":"1078","target":"1330"},{"source":"1078","target":"1331"},{"source":"1078","target":"1335"},{"source":"1078","target":"1336"},{"source":"1078","target":"1339"},{"source":"1078","target":"1341"},{"source":"1078","target":"1351"},{"source":"1078","target":"1352"},{"source":"1078","target":"1359"},{"source":"1078","target":"1361"},{"source":"1078","target":"1367"},{"source":"1078","target":"1370"},{"source":"1078","target":"1376"},{"source":"1078","target":"1377"},{"source":"1078","target":"1380"},{"source":"1078","target":"1390"},{"source":"1078","target":"1391"},{"source":"1078","target":"1393"},{"source":"1078","target":"1399"},{"source":"1078","target":"1409"},{"source":"1078","target":"1416"},{"source":"1078","target":"1420"},{"source":"1078","target":"1431"},{"source":"1078","target":"1437"},{"source":"1078","target":"1447"},{"source":"1078","target":"1456"},{"source":"1078","target":"1457"},{"source":"1078","target":"1467"},{"source":"1078","target":"1471"},{"source":"1078","target":"1488"},{"source":"1078","target":"1491"},{"source":"1078","target":"1516"},{"source":"1078","target":"1520"},{"source":"1078","target":"1522"},{"source":"1078","target":"1530"},{"source":"1078","target":"1538"},{"source":"1078","target":"1542"},{"source":"1078","target":"1547"},{"source":"1078","target":"1551"},{"source":"1078","target":"1554"},{"source":"1078","target":"1559"},{"source":"1078","target":"1580"},{"source":"1078","target":"1584"},{"source":"1078","target":"1589"},{"source":"1078","target":"1597"},{"source":"1078","target":"1598"},{"source":"1078","target":"1600"},{"source":"1078","target":"1603"},{"source":"1078","target":"1604"},{"source":"1078","target":"1608"},{"source":"1078","target":"1612"},{"source":"1078","target":"1617"},{"source":"1078","target":"1619"},{"source":"1078","target":"1620"},{"source":"1078","target":"1621"},{"source":"1078","target":"1643"},{"source":"1078","target":"1653"},{"source":"1078","target":"1662"},{"source":"1078","target":"1663"},{"source":"1078","target":"1665"},{"source":"1078","target":"1668"},{"source":"1078","target":"1669"},{"source":"1078","target":"1675"},{"source":"1078","target":"1683"},{"source":"1078","target":"1707"},{"source":"1078","target":"1714"},{"source":"1078","target":"1717"},{"source":"1078","target":"1721"},{"source":"1078","target":"1730"},{"source":"1078","target":"1735"},{"source":"1078","target":"1736"},{"source":"1078","target":"1741"},{"source":"1078","target":"1746"},{"source":"1078","target":"1750"},{"source":"1078","target":"1752"},{"source":"1078","target":"1753"},{"source":"1078","target":"1757"},{"source":"1078","target":"1761"},{"source":"1078","target":"1768"},{"source":"1078","target":"1789"},{"source":"1078","target":"1791"},{"source":"1078","target":"1793"},{"source":"1078","target":"1799"},{"source":"1078","target":"1800"},{"source":"1078","target":"1804"},{"source":"1078","target":"1809"},{"source":"1078","target":"1810"},{"source":"1078","target":"1813"},{"source":"1078","target":"1816"},{"source":"1078","target":"1821"},{"source":"1078","target":"1823"},{"source":"1078","target":"1826"},{"source":"1078","target":"1832"},{"source":"1078","target":"1833"},{"source":"1078","target":"1835"},{"source":"1078","target":"1839"},{"source":"1078","target":"1842"},{"source":"1078","target":"1843"},{"source":"1078","target":"1845"},{"source":"1078","target":"1849"},{"source":"1078","target":"1861"},{"source":"1078","target":"1864"},{"source":"1078","target":"1867"},{"source":"1078","target":"1868"},{"source":"1078","target":"1879"},{"source":"1078","target":"1886"},{"source":"1078","target":"1888"},{"source":"1078","target":"1898"},{"source":"1078","target":"1902"},{"source":"1079","target":"1086"},{"source":"1079","target":"1101"},{"source":"1079","target":"1107"},{"source":"1079","target":"1117"},{"source":"1079","target":"1126"},{"source":"1079","target":"1128"},{"source":"1079","target":"1132"},{"source":"1079","target":"1146"},{"source":"1079","target":"1181"},{"source":"1079","target":"1184"},{"source":"1079","target":"1185"},{"source":"1079","target":"1198"},{"source":"1079","target":"1199"},{"source":"1079","target":"1209"},{"source":"1079","target":"1211"},{"source":"1079","target":"1214"},{"source":"1079","target":"1242"},{"source":"1079","target":"1243"},{"source":"1079","target":"1250"},{"source":"1079","target":"1267"},{"source":"1079","target":"1278"},{"source":"1079","target":"1290"},{"source":"1079","target":"1329"},{"source":"1079","target":"1331"},{"source":"1079","target":"1335"},{"source":"1079","target":"1339"},{"source":"1079","target":"1340"},{"source":"1079","target":"1344"},{"source":"1079","target":"1351"},{"source":"1079","target":"1352"},{"source":"1079","target":"1365"},{"source":"1079","target":"1367"},{"source":"1079","target":"1375"},{"source":"1079","target":"1377"},{"source":"1079","target":"1390"},{"source":"1079","target":"1391"},{"source":"1079","target":"1399"},{"source":"1079","target":"1416"},{"source":"1079","target":"1431"},{"source":"1079","target":"1447"},{"source":"1079","target":"1471"},{"source":"1079","target":"1491"},{"source":"1079","target":"1516"},{"source":"1079","target":"1522"},{"source":"1079","target":"1523"},{"source":"1079","target":"1524"},{"source":"1079","target":"1530"},{"source":"1079","target":"1532"},{"source":"1079","target":"1539"},{"source":"1079","target":"1540"},{"source":"1079","target":"1547"},{"source":"1079","target":"1551"},{"source":"1079","target":"1557"},{"source":"1079","target":"1584"},{"source":"1079","target":"1589"},{"source":"1079","target":"1597"},{"source":"1079","target":"1600"},{"source":"1079","target":"1608"},{"source":"1079","target":"1610"},{"source":"1079","target":"1612"},{"source":"1079","target":"1613"},{"source":"1079","target":"1621"},{"source":"1079","target":"1622"},{"source":"1079","target":"1623"},{"source":"1079","target":"1643"},{"source":"1079","target":"1644"},{"source":"1079","target":"1652"},{"source":"1079","target":"1653"},{"source":"1079","target":"1659"},{"source":"1079","target":"1662"},{"source":"1079","target":"1663"},{"source":"1079","target":"1683"},{"source":"1079","target":"1685"},{"source":"1079","target":"1688"},{"source":"1079","target":"1689"},{"source":"1079","target":"1707"},{"source":"1079","target":"1714"},{"source":"1079","target":"1717"},{"source":"1079","target":"1721"},{"source":"1079","target":"1724"},{"source":"1079","target":"1730"},{"source":"1079","target":"1734"},{"source":"1079","target":"1736"},{"source":"1079","target":"1737"},{"source":"1079","target":"1741"},{"source":"1079","target":"1746"},{"source":"1079","target":"1750"},{"source":"1079","target":"1752"},{"source":"1079","target":"1757"},{"source":"1079","target":"1761"},{"source":"1079","target":"1768"},{"source":"1079","target":"1791"},{"source":"1079","target":"1793"},{"source":"1079","target":"1795"},{"source":"1079","target":"1796"},{"source":"1079","target":"1800"},{"source":"1079","target":"1804"},{"source":"1079","target":"1810"},{"source":"1079","target":"1813"},{"source":"1079","target":"1816"},{"source":"1079","target":"1819"},{"source":"1079","target":"1827"},{"source":"1079","target":"1833"},{"source":"1079","target":"1835"},{"source":"1079","target":"1839"},{"source":"1079","target":"1849"},{"source":"1079","target":"1867"},{"source":"1079","target":"1879"},{"source":"1079","target":"1888"},{"source":"1080","target":"1086"},{"source":"1080","target":"1095"},{"source":"1080","target":"1106"},{"source":"1080","target":"1113"},{"source":"1080","target":"1122"},{"source":"1080","target":"1142"},{"source":"1080","target":"1155"},{"source":"1080","target":"1210"},{"source":"1080","target":"1237"},{"source":"1080","target":"1294"},{"source":"1080","target":"1318"},{"source":"1080","target":"1332"},{"source":"1080","target":"1349"},{"source":"1080","target":"1358"},{"source":"1080","target":"1427"},{"source":"1080","target":"1437"},{"source":"1080","target":"1446"},{"source":"1080","target":"1464"},{"source":"1080","target":"1473"},{"source":"1080","target":"1487"},{"source":"1080","target":"1514"},{"source":"1080","target":"1526"},{"source":"1080","target":"1543"},{"source":"1080","target":"1545"},{"source":"1080","target":"1565"},{"source":"1080","target":"1616"},{"source":"1080","target":"1645"},{"source":"1080","target":"1660"},{"source":"1080","target":"1673"},{"source":"1080","target":"1677"},{"source":"1080","target":"1695"},{"source":"1080","target":"1729"},{"source":"1080","target":"1763"},{"source":"1080","target":"1766"},{"source":"1080","target":"1767"},{"source":"1080","target":"1785"},{"source":"1080","target":"1790"},{"source":"1080","target":"1801"},{"source":"1080","target":"1844"},{"source":"1080","target":"1853"},{"source":"1080","target":"1870"},{"source":"1080","target":"1878"},{"source":"1080","target":"1881"},{"source":"1080","target":"1882"},{"source":"1080","target":"1902"},{"source":"1081","target":"1099"},{"source":"1081","target":"1261"},{"source":"1081","target":"1277"},{"source":"1081","target":"1282"},{"source":"1081","target":"1396"},{"source":"1081","target":"1495"},{"source":"1081","target":"1515"},{"source":"1081","target":"1573"},{"source":"1081","target":"1704"},{"source":"1081","target":"1729"},{"source":"1081","target":"1732"},{"source":"1081","target":"1742"},{"source":"1081","target":"1751"},{"source":"1081","target":"1783"},{"source":"1081","target":"1786"},{"source":"1081","target":"1794"},{"source":"1081","target":"1820"},{"source":"1081","target":"1824"},{"source":"1081","target":"1871"},{"source":"1081","target":"1894"},{"source":"1082","target":"1104"},{"source":"1082","target":"1120"},{"source":"1082","target":"1129"},{"source":"1082","target":"1148"},{"source":"1082","target":"1158"},{"source":"1082","target":"1190"},{"source":"1082","target":"1192"},{"source":"1082","target":"1204"},{"source":"1082","target":"1227"},{"source":"1082","target":"1231"},{"source":"1082","target":"1235"},{"source":"1082","target":"1257"},{"source":"1082","target":"1277"},{"source":"1082","target":"1279"},{"source":"1082","target":"1284"},{"source":"1082","target":"1292"},{"source":"1082","target":"1298"},{"source":"1082","target":"1322"},{"source":"1082","target":"1345"},{"source":"1082","target":"1347"},{"source":"1082","target":"1379"},{"source":"1082","target":"1381"},{"source":"1082","target":"1392"},{"source":"1082","target":"1404"},{"source":"1082","target":"1413"},{"source":"1082","target":"1423"},{"source":"1082","target":"1432"},{"source":"1082","target":"1438"},{"source":"1082","target":"1459"},{"source":"1082","target":"1462"},{"source":"1082","target":"1475"},{"source":"1082","target":"1550"},{"source":"1082","target":"1573"},{"source":"1082","target":"1576"},{"source":"1082","target":"1583"},{"source":"1082","target":"1587"},{"source":"1082","target":"1591"},{"source":"1082","target":"1596"},{"source":"1082","target":"1611"},{"source":"1082","target":"1628"},{"source":"1082","target":"1647"},{"source":"1082","target":"1680"},{"source":"1082","target":"1716"},{"source":"1082","target":"1764"},{"source":"1082","target":"1857"},{"source":"1082","target":"1859"},{"source":"1082","target":"1873"},{"source":"1082","target":"1899"},{"source":"1082","target":"1903"},{"source":"1083","target":"1086"},{"source":"1083","target":"1091"},{"source":"1083","target":"1101"},{"source":"1083","target":"1107"},{"source":"1083","target":"1125"},{"source":"1083","target":"1126"},{"source":"1083","target":"1130"},{"source":"1083","target":"1132"},{"source":"1083","target":"1153"},{"source":"1083","target":"1160"},{"source":"1083","target":"1163"},{"source":"1083","target":"1172"},{"source":"1083","target":"1180"},{"source":"1083","target":"1184"},{"source":"1083","target":"1185"},{"source":"1083","target":"1199"},{"source":"1083","target":"1205"},{"source":"1083","target":"1207"},{"source":"1083","target":"1211"},{"source":"1083","target":"1238"},{"source":"1083","target":"1256"},{"source":"1083","target":"1271"},{"source":"1083","target":"1280"},{"source":"1083","target":"1285"},{"source":"1083","target":"1288"},{"source":"1083","target":"1302"},{"source":"1083","target":"1330"},{"source":"1083","target":"1331"},{"source":"1083","target":"1336"},{"source":"1083","target":"1352"},{"source":"1083","target":"1370"},{"source":"1083","target":"1380"},{"source":"1083","target":"1390"},{"source":"1083","target":"1391"},{"source":"1083","target":"1398"},{"source":"1083","target":"1399"},{"source":"1083","target":"1402"},{"source":"1083","target":"1431"},{"source":"1083","target":"1447"},{"source":"1083","target":"1449"},{"source":"1083","target":"1456"},{"source":"1083","target":"1457"},{"source":"1083","target":"1460"},{"source":"1083","target":"1470"},{"source":"1083","target":"1471"},{"source":"1083","target":"1480"},{"source":"1083","target":"1483"},{"source":"1083","target":"1488"},{"source":"1083","target":"1513"},{"source":"1083","target":"1547"},{"source":"1083","target":"1551"},{"source":"1083","target":"1559"},{"source":"1083","target":"1589"},{"source":"1083","target":"1598"},{"source":"1083","target":"1604"},{"source":"1083","target":"1605"},{"source":"1083","target":"1610"},{"source":"1083","target":"1612"},{"source":"1083","target":"1619"},{"source":"1083","target":"1621"},{"source":"1083","target":"1639"},{"source":"1083","target":"1652"},{"source":"1083","target":"1662"},{"source":"1083","target":"1663"},{"source":"1083","target":"1665"},{"source":"1083","target":"1668"},{"source":"1083","target":"1707"},{"source":"1083","target":"1712"},{"source":"1083","target":"1714"},{"source":"1083","target":"1722"},{"source":"1083","target":"1736"},{"source":"1083","target":"1741"},{"source":"1083","target":"1746"},{"source":"1083","target":"1752"},{"source":"1083","target":"1757"},{"source":"1083","target":"1789"},{"source":"1083","target":"1799"},{"source":"1083","target":"1800"},{"source":"1083","target":"1804"},{"source":"1083","target":"1809"},{"source":"1083","target":"1816"},{"source":"1083","target":"1826"},{"source":"1083","target":"1832"},{"source":"1083","target":"1833"},{"source":"1083","target":"1839"},{"source":"1083","target":"1851"},{"source":"1083","target":"1868"},{"source":"1083","target":"1888"},{"source":"1083","target":"1898"},{"source":"1083","target":"1902"},{"source":"1084","target":"1173"},{"source":"1084","target":"1458"},{"source":"1084","target":"1470"},{"source":"1084","target":"1519"},{"source":"1084","target":"1570"},{"source":"1084","target":"1571"},{"source":"1084","target":"1605"},{"source":"1084","target":"1620"},{"source":"1084","target":"1722"},{"source":"1084","target":"1768"},{"source":"1085","target":"1088"},{"source":"1085","target":"1098"},{"source":"1085","target":"1136"},{"source":"1085","target":"1165"},{"source":"1085","target":"1178"},{"source":"1085","target":"1187"},{"source":"1085","target":"1193"},{"source":"1085","target":"1274"},{"source":"1085","target":"1307"},{"source":"1085","target":"1317"},{"source":"1085","target":"1328"},{"source":"1085","target":"1360"},{"source":"1085","target":"1410"},{"source":"1085","target":"1420"},{"source":"1085","target":"1421"},{"source":"1085","target":"1494"},{"source":"1085","target":"1511"},{"source":"1085","target":"1518"},{"source":"1085","target":"1537"},{"source":"1085","target":"1553"},{"source":"1085","target":"1555"},{"source":"1085","target":"1567"},{"source":"1085","target":"1588"},{"source":"1085","target":"1593"},{"source":"1085","target":"1687"},{"source":"1085","target":"1705"},{"source":"1085","target":"1719"},{"source":"1085","target":"1803"},{"source":"1085","target":"1806"},{"source":"1085","target":"1825"},{"source":"1085","target":"1847"},{"source":"1085","target":"1866"},{"source":"1085","target":"3437"},{"source":"1085","target":"3440"},{"source":"1085","target":"3456"},{"source":"1085","target":"3495"},{"source":"1085","target":"3501"},{"source":"1085","target":"3525"},{"source":"1085","target":"3540"},{"source":"1085","target":"3550"},{"source":"1085","target":"3556"},{"source":"1085","target":"3561"},{"source":"1085","target":"3577"},{"source":"1085","target":"3592"},{"source":"1085","target":"3609"},{"source":"1085","target":"3633"},{"source":"1085","target":"3651"},{"source":"1085","target":"3674"},{"source":"1085","target":"3677"},{"source":"1085","target":"3684"},{"source":"1085","target":"3692"},{"source":"1085","target":"3721"},{"source":"1085","target":"3741"},{"source":"1085","target":"3750"},{"source":"1085","target":"3756"},{"source":"1085","target":"3797"},{"source":"1085","target":"3830"},{"source":"1085","target":"3851"},{"source":"1085","target":"3872"},{"source":"1085","target":"3877"},{"source":"1085","target":"3886"},{"source":"1085","target":"3943"},{"source":"1085","target":"3948"},{"source":"1085","target":"3962"},{"source":"1086","target":"1091"},{"source":"1086","target":"1101"},{"source":"1086","target":"1112"},{"source":"1086","target":"1117"},{"source":"1086","target":"1123"},{"source":"1086","target":"1125"},{"source":"1086","target":"1126"},{"source":"1086","target":"1128"},{"source":"1086","target":"1130"},{"source":"1086","target":"1132"},{"source":"1086","target":"1135"},{"source":"1086","target":"1143"},{"source":"1086","target":"1146"},{"source":"1086","target":"1149"},{"source":"1086","target":"1153"},{"source":"1086","target":"1156"},{"source":"1086","target":"1163"},{"source":"1086","target":"1164"},{"source":"1086","target":"1172"},{"source":"1086","target":"1175"},{"source":"1086","target":"1180"},{"source":"1086","target":"1184"},{"source":"1086","target":"1185"},{"source":"1086","target":"1192"},{"source":"1086","target":"1198"},{"source":"1086","target":"1199"},{"source":"1086","target":"1201"},{"source":"1086","target":"1207"},{"source":"1086","target":"1211"},{"source":"1086","target":"1214"},{"source":"1086","target":"1222"},{"source":"1086","target":"1235"},{"source":"1086","target":"1238"},{"source":"1086","target":"1243"},{"source":"1086","target":"1250"},{"source":"1086","target":"1255"},{"source":"1086","target":"1256"},{"source":"1086","target":"1267"},{"source":"1086","target":"1271"},{"source":"1086","target":"1273"},{"source":"1086","target":"1285"},{"source":"1086","target":"1288"},{"source":"1086","target":"1289"},{"source":"1086","target":"1291"},{"source":"1086","target":"1298"},{"source":"1086","target":"1302"},{"source":"1086","target":"1312"},{"source":"1086","target":"1318"},{"source":"1086","target":"1329"},{"source":"1086","target":"1330"},{"source":"1086","target":"1335"},{"source":"1086","target":"1339"},{"source":"1086","target":"1344"},{"source":"1086","target":"1351"},{"source":"1086","target":"1352"},{"source":"1086","target":"1358"},{"source":"1086","target":"1367"},{"source":"1086","target":"1370"},{"source":"1086","target":"1375"},{"source":"1086","target":"1376"},{"source":"1086","target":"1377"},{"source":"1086","target":"1390"},{"source":"1086","target":"1391"},{"source":"1086","target":"1399"},{"source":"1086","target":"1402"},{"source":"1086","target":"1416"},{"source":"1086","target":"1418"},{"source":"1086","target":"1423"},{"source":"1086","target":"1427"},{"source":"1086","target":"1429"},{"source":"1086","target":"1431"},{"source":"1086","target":"1436"},{"source":"1086","target":"1447"},{"source":"1086","target":"1449"},{"source":"1086","target":"1456"},{"source":"1086","target":"1457"},{"source":"1086","target":"1463"},{"source":"1086","target":"1467"},{"source":"1086","target":"1471"},{"source":"1086","target":"1480"},{"source":"1086","target":"1483"},{"source":"1086","target":"1488"},{"source":"1086","target":"1509"},{"source":"1086","target":"1516"},{"source":"1086","target":"1517"},{"source":"1086","target":"1522"},{"source":"1086","target":"1539"},{"source":"1086","target":"1547"},{"source":"1086","target":"1556"},{"source":"1086","target":"1557"},{"source":"1086","target":"1563"},{"source":"1086","target":"1565"},{"source":"1086","target":"1570"},{"source":"1086","target":"1571"},{"source":"1086","target":"1589"},{"source":"1086","target":"1598"},{"source":"1086","target":"1600"},{"source":"1086","target":"1603"},{"source":"1086","target":"1604"},{"source":"1086","target":"1605"},{"source":"1086","target":"1608"},{"source":"1086","target":"1610"},{"source":"1086","target":"1613"},{"source":"1086","target":"1617"},{"source":"1086","target":"1619"},{"source":"1086","target":"1620"},{"source":"1086","target":"1621"},{"source":"1086","target":"1622"},{"source":"1086","target":"1632"},{"source":"1086","target":"1643"},{"source":"1086","target":"1652"},{"source":"1086","target":"1659"},{"source":"1086","target":"1660"},{"source":"1086","target":"1662"},{"source":"1086","target":"1663"},{"source":"1086","target":"1665"},{"source":"1086","target":"1668"},{"source":"1086","target":"1674"},{"source":"1086","target":"1675"},{"source":"1086","target":"1679"},{"source":"1086","target":"1680"},{"source":"1086","target":"1688"},{"source":"1086","target":"1689"},{"source":"1086","target":"1707"},{"source":"1086","target":"1714"},{"source":"1086","target":"1715"},{"source":"1086","target":"1717"},{"source":"1086","target":"1721"},{"source":"1086","target":"1722"},{"source":"1086","target":"1727"},{"source":"1086","target":"1730"},{"source":"1086","target":"1735"},{"source":"1086","target":"1736"},{"source":"1086","target":"1737"},{"source":"1086","target":"1741"},{"source":"1086","target":"1746"},{"source":"1086","target":"1750"},{"source":"1086","target":"1753"},{"source":"1086","target":"1754"},{"source":"1086","target":"1757"},{"source":"1086","target":"1761"},{"source":"1086","target":"1768"},{"source":"1086","target":"1789"},{"source":"1086","target":"1799"},{"source":"1086","target":"1800"},{"source":"1086","target":"1804"},{"source":"1086","target":"1809"},{"source":"1086","target":"1810"},{"source":"1086","target":"1813"},{"source":"1086","target":"1823"},{"source":"1086","target":"1827"},{"source":"1086","target":"1830"},{"source":"1086","target":"1832"},{"source":"1086","target":"1833"},{"source":"1086","target":"1835"},{"source":"1086","target":"1842"},{"source":"1086","target":"1844"},{"source":"1086","target":"1849"},{"source":"1086","target":"1861"},{"source":"1086","target":"1867"},{"source":"1086","target":"1868"},{"source":"1086","target":"1877"},{"source":"1086","target":"1879"},{"source":"1086","target":"1886"},{"source":"1086","target":"1888"},{"source":"1086","target":"1898"},{"source":"1086","target":"1902"},{"source":"1086","target":"1907"},{"source":"1087","target":"1283"},{"source":"1087","target":"1317"},{"source":"1087","target":"1505"},{"source":"1087","target":"1838"},{"source":"1088","target":"1098"},{"source":"1088","target":"1165"},{"source":"1088","target":"1178"},{"source":"1088","target":"1193"},{"source":"1088","target":"1301"},{"source":"1088","target":"1421"},{"source":"1088","target":"1540"},{"source":"1088","target":"1641"},{"source":"1088","target":"1719"},{"source":"1088","target":"1803"},{"source":"1088","target":"1866"},{"source":"1089","target":"1168"},{"source":"1089","target":"1213"},{"source":"1089","target":"1259"},{"source":"1089","target":"1354"},{"source":"1089","target":"1415"},{"source":"1089","target":"1507"},{"source":"1089","target":"1624"},{"source":"1089","target":"1667"},{"source":"1089","target":"1672"},{"source":"1089","target":"1725"},{"source":"1089","target":"1783"},{"source":"1090","target":"1127"},{"source":"1090","target":"1131"},{"source":"1090","target":"1141"},{"source":"1090","target":"1228"},{"source":"1090","target":"1236"},{"source":"1090","target":"1244"},{"source":"1090","target":"1304"},{"source":"1090","target":"1634"},{"source":"1090","target":"1703"},{"source":"1090","target":"1725"},{"source":"1090","target":"1749"},{"source":"1091","target":"1207"},{"source":"1091","target":"1271"},{"source":"1091","target":"1456"},{"source":"1091","target":"1457"},{"source":"1091","target":"1471"},{"source":"1091","target":"1472"},{"source":"1091","target":"1598"},{"source":"1091","target":"1619"},{"source":"1091","target":"1668"},{"source":"1091","target":"1752"},{"source":"1091","target":"1804"},{"source":"1091","target":"1839"},{"source":"1091","target":"1888"},{"source":"1091","target":"1890"},{"source":"1092","target":"1124"},{"source":"1092","target":"1126"},{"source":"1092","target":"1149"},{"source":"1092","target":"1199"},{"source":"1092","target":"1214"},{"source":"1092","target":"1230"},{"source":"1092","target":"1250"},{"source":"1092","target":"1289"},{"source":"1092","target":"1291"},{"source":"1092","target":"1361"},{"source":"1092","target":"1367"},{"source":"1092","target":"1390"},{"source":"1092","target":"1398"},{"source":"1092","target":"1437"},{"source":"1092","target":"1447"},{"source":"1092","target":"1485"},{"source":"1092","target":"1551"},{"source":"1092","target":"1559"},{"source":"1092","target":"1589"},{"source":"1092","target":"1603"},{"source":"1092","target":"1605"},{"source":"1092","target":"1609"},{"source":"1092","target":"1617"},{"source":"1092","target":"1622"},{"source":"1092","target":"1669"},{"source":"1092","target":"1714"},{"source":"1092","target":"1741"},{"source":"1092","target":"1753"},{"source":"1092","target":"1754"},{"source":"1092","target":"1761"},{"source":"1092","target":"1768"},{"source":"1092","target":"1795"},{"source":"1092","target":"1827"},{"source":"1092","target":"1846"},{"source":"1092","target":"1860"},{"source":"1092","target":"1864"},{"source":"1092","target":"1886"},{"source":"1092","target":"1909"},{"source":"1093","target":"1168"},{"source":"1093","target":"1366"},{"source":"1093","target":"1529"},{"source":"1093","target":"1569"},{"source":"1093","target":"1646"},{"source":"1093","target":"1667"},{"source":"1093","target":"1783"},{"source":"1094","target":"1154"},{"source":"1094","target":"1343"},{"source":"1094","target":"1349"},{"source":"1094","target":"1356"},{"source":"1094","target":"1531"},{"source":"1094","target":"1543"},{"source":"1094","target":"1545"},{"source":"1094","target":"1831"},{"source":"1094","target":"1910"},{"source":"1095","target":"1113"},{"source":"1095","target":"1210"},{"source":"1095","target":"1294"},{"source":"1095","target":"1300"},{"source":"1095","target":"1320"},{"source":"1095","target":"1357"},{"source":"1095","target":"1393"},{"source":"1095","target":"1397"},{"source":"1095","target":"1422"},{"source":"1095","target":"1487"},{"source":"1095","target":"1604"},{"source":"1095","target":"1692"},{"source":"1095","target":"1794"},{"source":"1095","target":"1897"},{"source":"1097","target":"1118"},{"source":"1097","target":"1137"},{"source":"1097","target":"1186"},{"source":"1097","target":"1216"},{"source":"1097","target":"1232"},{"source":"1097","target":"1314"},{"source":"1097","target":"1319"},{"source":"1097","target":"1333"},{"source":"1097","target":"1363"},{"source":"1097","target":"1371"},{"source":"1097","target":"1378"},{"source":"1097","target":"1424"},{"source":"1097","target":"1452"},{"source":"1097","target":"1468"},{"source":"1097","target":"1493"},{"source":"1097","target":"1533"},{"source":"1097","target":"1548"},{"source":"1097","target":"1568"},{"source":"1097","target":"1601"},{"source":"1097","target":"1648"},{"source":"1097","target":"1733"},{"source":"1097","target":"1747"},{"source":"1097","target":"1787"},{"source":"1097","target":"1798"},{"source":"1097","target":"1802"},{"source":"1097","target":"1837"},{"source":"1097","target":"1880"},{"source":"1097","target":"1892"},{"source":"1097","target":"1895"},{"source":"1098","target":"1140"},{"source":"1098","target":"1165"},{"source":"1098","target":"1187"},{"source":"1098","target":"1251"},{"source":"1098","target":"1317"},{"source":"1098","target":"1328"},{"source":"1098","target":"1360"},{"source":"1098","target":"1505"},{"source":"1098","target":"1511"},{"source":"1098","target":"1534"},{"source":"1098","target":"1553"},{"source":"1098","target":"1567"},{"source":"1098","target":"1579"},{"source":"1098","target":"1593"},{"source":"1098","target":"1666"},{"source":"1098","target":"1705"},{"source":"1098","target":"1719"},{"source":"1098","target":"1803"},{"source":"1098","target":"1806"},{"source":"1099","target":"1102"},{"source":"1099","target":"1108"},{"source":"1099","target":"1166"},{"source":"1099","target":"1204"},{"source":"1099","target":"1245"},{"source":"1099","target":"1261"},{"source":"1099","target":"1273"},{"source":"1099","target":"1277"},{"source":"1099","target":"1282"},{"source":"1099","target":"1303"},{"source":"1099","target":"1309"},{"source":"1099","target":"1316"},{"source":"1099","target":"1324"},{"source":"1099","target":"1373"},{"source":"1099","target":"1382"},{"source":"1099","target":"1396"},{"source":"1099","target":"1406"},{"source":"1099","target":"1451"},{"source":"1099","target":"1454"},{"source":"1099","target":"1495"},{"source":"1099","target":"1508"},{"source":"1099","target":"1515"},{"source":"1099","target":"1582"},{"source":"1099","target":"1583"},{"source":"1099","target":"1595"},{"source":"1099","target":"1638"},{"source":"1099","target":"1661"},{"source":"1099","target":"1729"},{"source":"1099","target":"1732"},{"source":"1099","target":"1742"},{"source":"1099","target":"1751"},{"source":"1099","target":"1783"},{"source":"1099","target":"1786"},{"source":"1099","target":"1812"},{"source":"1099","target":"1820"},{"source":"1099","target":"1824"},{"source":"1099","target":"1828"},{"source":"1099","target":"1848"},{"source":"1099","target":"1871"},{"source":"1099","target":"1893"},{"source":"1099","target":"1894"},{"source":"1099","target":"1907"},{"source":"1100","target":"1104"},{"source":"1100","target":"1129"},{"source":"1100","target":"1158"},{"source":"1100","target":"1192"},{"source":"1100","target":"1204"},{"source":"1100","target":"1221"},{"source":"1100","target":"1227"},{"source":"1100","target":"1229"},{"source":"1100","target":"1231"},{"source":"1100","target":"1235"},{"source":"1100","target":"1257"},{"source":"1100","target":"1277"},{"source":"1100","target":"1279"},{"source":"1100","target":"1292"},{"source":"1100","target":"1315"},{"source":"1100","target":"1322"},{"source":"1100","target":"1345"},{"source":"1100","target":"1350"},{"source":"1100","target":"1413"},{"source":"1100","target":"1423"},{"source":"1100","target":"1432"},{"source":"1100","target":"1459"},{"source":"1100","target":"1462"},{"source":"1100","target":"1475"},{"source":"1100","target":"1479"},{"source":"1100","target":"1550"},{"source":"1100","target":"1573"},{"source":"1100","target":"1576"},{"source":"1100","target":"1578"},{"source":"1100","target":"1583"},{"source":"1100","target":"1591"},{"source":"1100","target":"1592"},{"source":"1100","target":"1596"},{"source":"1100","target":"1628"},{"source":"1100","target":"1635"},{"source":"1100","target":"1636"},{"source":"1100","target":"1647"},{"source":"1100","target":"1655"},{"source":"1100","target":"1680"},{"source":"1100","target":"1715"},{"source":"1100","target":"1728"},{"source":"1100","target":"1783"},{"source":"1100","target":"1812"},{"source":"1100","target":"1841"},{"source":"1100","target":"1857"},{"source":"1100","target":"1859"},{"source":"1100","target":"1862"},{"source":"1100","target":"1873"},{"source":"1100","target":"1884"},{"source":"1100","target":"1899"},{"source":"1101","target":"1107"},{"source":"1101","target":"1125"},{"source":"1101","target":"1126"},{"source":"1101","target":"1132"},{"source":"1101","target":"1153"},{"source":"1101","target":"1163"},{"source":"1101","target":"1172"},{"source":"1101","target":"1175"},{"source":"1101","target":"1185"},{"source":"1101","target":"1191"},{"source":"1101","target":"1199"},{"source":"1101","target":"1205"},{"source":"1101","target":"1207"},{"source":"1101","target":"1211"},{"source":"1101","target":"1214"},{"source":"1101","target":"1219"},{"source":"1101","target":"1230"},{"source":"1101","target":"1256"},{"source":"1101","target":"1271"},{"source":"1101","target":"1278"},{"source":"1101","target":"1287"},{"source":"1101","target":"1288"},{"source":"1101","target":"1289"},{"source":"1101","target":"1302"},{"source":"1101","target":"1329"},{"source":"1101","target":"1330"},{"source":"1101","target":"1335"},{"source":"1101","target":"1336"},{"source":"1101","target":"1341"},{"source":"1101","target":"1351"},{"source":"1101","target":"1361"},{"source":"1101","target":"1370"},{"source":"1101","target":"1376"},{"source":"1101","target":"1390"},{"source":"1101","target":"1391"},{"source":"1101","target":"1393"},{"source":"1101","target":"1398"},{"source":"1101","target":"1399"},{"source":"1101","target":"1402"},{"source":"1101","target":"1416"},{"source":"1101","target":"1420"},{"source":"1101","target":"1431"},{"source":"1101","target":"1449"},{"source":"1101","target":"1456"},{"source":"1101","target":"1471"},{"source":"1101","target":"1480"},{"source":"1101","target":"1488"},{"source":"1101","target":"1516"},{"source":"1101","target":"1522"},{"source":"1101","target":"1535"},{"source":"1101","target":"1547"},{"source":"1101","target":"1551"},{"source":"1101","target":"1554"},{"source":"1101","target":"1556"},{"source":"1101","target":"1559"},{"source":"1101","target":"1584"},{"source":"1101","target":"1589"},{"source":"1101","target":"1597"},{"source":"1101","target":"1598"},{"source":"1101","target":"1604"},{"source":"1101","target":"1610"},{"source":"1101","target":"1612"},{"source":"1101","target":"1613"},{"source":"1101","target":"1619"},{"source":"1101","target":"1621"},{"source":"1101","target":"1637"},{"source":"1101","target":"1652"},{"source":"1101","target":"1662"},{"source":"1101","target":"1663"},{"source":"1101","target":"1665"},{"source":"1101","target":"1668"},{"source":"1101","target":"1707"},{"source":"1101","target":"1712"},{"source":"1101","target":"1714"},{"source":"1101","target":"1736"},{"source":"1101","target":"1741"},{"source":"1101","target":"1746"},{"source":"1101","target":"1752"},{"source":"1101","target":"1757"},{"source":"1101","target":"1761"},{"source":"1101","target":"1768"},{"source":"1101","target":"1789"},{"source":"1101","target":"1791"},{"source":"1101","target":"1793"},{"source":"1101","target":"1799"},{"source":"1101","target":"1800"},{"source":"1101","target":"1804"},{"source":"1101","target":"1809"},{"source":"1101","target":"1813"},{"source":"1101","target":"1827"},{"source":"1101","target":"1833"},{"source":"1101","target":"1835"},{"source":"1101","target":"1839"},{"source":"1101","target":"1842"},{"source":"1101","target":"1845"},{"source":"1101","target":"1849"},{"source":"1101","target":"1864"},{"source":"1101","target":"1868"},{"source":"1101","target":"1874"},{"source":"1101","target":"1879"},{"source":"1101","target":"1888"},{"source":"1101","target":"1898"},{"source":"1101","target":"1900"},{"source":"1101","target":"1902"},{"source":"1102","target":"1108"},{"source":"1102","target":"1166"},{"source":"1102","target":"1245"},{"source":"1102","target":"1261"},{"source":"1102","target":"1273"},{"source":"1102","target":"1282"},{"source":"1102","target":"1286"},{"source":"1102","target":"1303"},{"source":"1102","target":"1309"},{"source":"1102","target":"1316"},{"source":"1102","target":"1324"},{"source":"1102","target":"1373"},{"source":"1102","target":"1382"},{"source":"1102","target":"1396"},{"source":"1102","target":"1451"},{"source":"1102","target":"1454"},{"source":"1102","target":"1459"},{"source":"1102","target":"1475"},{"source":"1102","target":"1495"},{"source":"1102","target":"1502"},{"source":"1102","target":"1508"},{"source":"1102","target":"1582"},{"source":"1102","target":"1591"},{"source":"1102","target":"1661"},{"source":"1102","target":"1729"},{"source":"1102","target":"1732"},{"source":"1102","target":"1742"},{"source":"1102","target":"1751"},{"source":"1102","target":"1783"},{"source":"1102","target":"1786"},{"source":"1102","target":"1812"},{"source":"1102","target":"1820"},{"source":"1102","target":"1848"},{"source":"1102","target":"1871"},{"source":"1102","target":"1893"},{"source":"1102","target":"1894"},{"source":"1103","target":"1215"},{"source":"1103","target":"1706"},{"source":"1103","target":"1725"},{"source":"1103","target":"1794"},{"source":"1103","target":"1850"},{"source":"1104","target":"1115"},{"source":"1104","target":"1120"},{"source":"1104","target":"1129"},{"source":"1104","target":"1148"},{"source":"1104","target":"1158"},{"source":"1104","target":"1166"},{"source":"1104","target":"1190"},{"source":"1104","target":"1192"},{"source":"1104","target":"1204"},{"source":"1104","target":"1221"},{"source":"1104","target":"1227"},{"source":"1104","target":"1229"},{"source":"1104","target":"1231"},{"source":"1104","target":"1235"},{"source":"1104","target":"1257"},{"source":"1104","target":"1277"},{"source":"1104","target":"1279"},{"source":"1104","target":"1292"},{"source":"1104","target":"1298"},{"source":"1104","target":"1303"},{"source":"1104","target":"1315"},{"source":"1104","target":"1322"},{"source":"1104","target":"1345"},{"source":"1104","target":"1347"},{"source":"1104","target":"1350"},{"source":"1104","target":"1373"},{"source":"1104","target":"1379"},{"source":"1104","target":"1381"},{"source":"1104","target":"1392"},{"source":"1104","target":"1404"},{"source":"1104","target":"1413"},{"source":"1104","target":"1423"},{"source":"1104","target":"1426"},{"source":"1104","target":"1429"},{"source":"1104","target":"1432"},{"source":"1104","target":"1436"},{"source":"1104","target":"1448"},{"source":"1104","target":"1462"},{"source":"1104","target":"1473"},{"source":"1104","target":"1475"},{"source":"1104","target":"1479"},{"source":"1104","target":"1495"},{"source":"1104","target":"1550"},{"source":"1104","target":"1573"},{"source":"1104","target":"1575"},{"source":"1104","target":"1576"},{"source":"1104","target":"1578"},{"source":"1104","target":"1583"},{"source":"1104","target":"1587"},{"source":"1104","target":"1596"},{"source":"1104","target":"1611"},{"source":"1104","target":"1628"},{"source":"1104","target":"1635"},{"source":"1104","target":"1636"},{"source":"1104","target":"1638"},{"source":"1104","target":"1647"},{"source":"1104","target":"1655"},{"source":"1104","target":"1680"},{"source":"1104","target":"1682"},{"source":"1104","target":"1691"},{"source":"1104","target":"1706"},{"source":"1104","target":"1715"},{"source":"1104","target":"1716"},{"source":"1104","target":"1720"},{"source":"1104","target":"1728"},{"source":"1104","target":"1729"},{"source":"1104","target":"1742"},{"source":"1104","target":"1764"},{"source":"1104","target":"1786"},{"source":"1104","target":"1794"},{"source":"1104","target":"1812"},{"source":"1104","target":"1824"},{"source":"1104","target":"1841"},{"source":"1104","target":"1857"},{"source":"1104","target":"1859"},{"source":"1104","target":"1862"},{"source":"1104","target":"1871"},{"source":"1104","target":"1873"},{"source":"1104","target":"1884"},{"source":"1104","target":"1893"},{"source":"1104","target":"1894"},{"source":"1104","target":"1899"},{"source":"1104","target":"1903"},{"source":"1105","target":"1208"},{"source":"1105","target":"1890"},{"source":"1106","target":"1121"},{"source":"1106","target":"1131"},{"source":"1106","target":"1147"},{"source":"1106","target":"1189"},{"source":"1106","target":"1226"},{"source":"1106","target":"1248"},{"source":"1106","target":"1273"},{"source":"1106","target":"1304"},{"source":"1106","target":"1311"},{"source":"1106","target":"1348"},{"source":"1106","target":"1418"},{"source":"1106","target":"1496"},{"source":"1106","target":"1507"},{"source":"1106","target":"1569"},{"source":"1106","target":"1591"},{"source":"1106","target":"1630"},{"source":"1106","target":"1681"},{"source":"1106","target":"1725"},{"source":"1106","target":"1727"},{"source":"1106","target":"1749"},{"source":"1106","target":"1770"},{"source":"1106","target":"1785"},{"source":"1107","target":"1123"},{"source":"1107","target":"1124"},{"source":"1107","target":"1125"},{"source":"1107","target":"1126"},{"source":"1107","target":"1130"},{"source":"1107","target":"1132"},{"source":"1107","target":"1149"},{"source":"1107","target":"1153"},{"source":"1107","target":"1156"},{"source":"1107","target":"1163"},{"source":"1107","target":"1172"},{"source":"1107","target":"1184"},{"source":"1107","target":"1191"},{"source":"1107","target":"1199"},{"source":"1107","target":"1211"},{"source":"1107","target":"1219"},{"source":"1107","target":"1222"},{"source":"1107","target":"1230"},{"source":"1107","target":"1238"},{"source":"1107","target":"1256"},{"source":"1107","target":"1267"},{"source":"1107","target":"1269"},{"source":"1107","target":"1271"},{"source":"1107","target":"1288"},{"source":"1107","target":"1289"},{"source":"1107","target":"1291"},{"source":"1107","target":"1302"},{"source":"1107","target":"1330"},{"source":"1107","target":"1331"},{"source":"1107","target":"1335"},{"source":"1107","target":"1341"},{"source":"1107","target":"1351"},{"source":"1107","target":"1352"},{"source":"1107","target":"1361"},{"source":"1107","target":"1367"},{"source":"1107","target":"1370"},{"source":"1107","target":"1375"},{"source":"1107","target":"1380"},{"source":"1107","target":"1388"},{"source":"1107","target":"1390"},{"source":"1107","target":"1391"},{"source":"1107","target":"1399"},{"source":"1107","target":"1407"},{"source":"1107","target":"1409"},{"source":"1107","target":"1431"},{"source":"1107","target":"1437"},{"source":"1107","target":"1447"},{"source":"1107","target":"1449"},{"source":"1107","target":"1456"},{"source":"1107","target":"1457"},{"source":"1107","target":"1458"},{"source":"1107","target":"1460"},{"source":"1107","target":"1467"},{"source":"1107","target":"1471"},{"source":"1107","target":"1488"},{"source":"1107","target":"1491"},{"source":"1107","target":"1509"},{"source":"1107","target":"1516"},{"source":"1107","target":"1522"},{"source":"1107","target":"1530"},{"source":"1107","target":"1538"},{"source":"1107","target":"1539"},{"source":"1107","target":"1542"},{"source":"1107","target":"1547"},{"source":"1107","target":"1551"},{"source":"1107","target":"1554"},{"source":"1107","target":"1559"},{"source":"1107","target":"1563"},{"source":"1107","target":"1571"},{"source":"1107","target":"1584"},{"source":"1107","target":"1589"},{"source":"1107","target":"1598"},{"source":"1107","target":"1603"},{"source":"1107","target":"1604"},{"source":"1107","target":"1605"},{"source":"1107","target":"1610"},{"source":"1107","target":"1612"},{"source":"1107","target":"1613"},{"source":"1107","target":"1617"},{"source":"1107","target":"1619"},{"source":"1107","target":"1620"},{"source":"1107","target":"1621"},{"source":"1107","target":"1622"},{"source":"1107","target":"1623"},{"source":"1107","target":"1643"},{"source":"1107","target":"1652"},{"source":"1107","target":"1662"},{"source":"1107","target":"1663"},{"source":"1107","target":"1665"},{"source":"1107","target":"1668"},{"source":"1107","target":"1669"},{"source":"1107","target":"1683"},{"source":"1107","target":"1707"},{"source":"1107","target":"1714"},{"source":"1107","target":"1721"},{"source":"1107","target":"1723"},{"source":"1107","target":"1730"},{"source":"1107","target":"1736"},{"source":"1107","target":"1746"},{"source":"1107","target":"1757"},{"source":"1107","target":"1768"},{"source":"1107","target":"1789"},{"source":"1107","target":"1791"},{"source":"1107","target":"1793"},{"source":"1107","target":"1796"},{"source":"1107","target":"1799"},{"source":"1107","target":"1800"},{"source":"1107","target":"1809"},{"source":"1107","target":"1810"},{"source":"1107","target":"1816"},{"source":"1107","target":"1823"},{"source":"1107","target":"1827"},{"source":"1107","target":"1832"},{"source":"1107","target":"1833"},{"source":"1107","target":"1839"},{"source":"1107","target":"1842"},{"source":"1107","target":"1843"},{"source":"1107","target":"1845"},{"source":"1107","target":"1849"},{"source":"1107","target":"1861"},{"source":"1107","target":"1864"},{"source":"1107","target":"1879"},{"source":"1107","target":"1886"},{"source":"1107","target":"1888"},{"source":"1107","target":"1902"},{"source":"1108","target":"1235"},{"source":"1108","target":"1261"},{"source":"1108","target":"1273"},{"source":"1108","target":"1277"},{"source":"1108","target":"1281"},{"source":"1108","target":"1282"},{"source":"1108","target":"1316"},{"source":"1108","target":"1373"},{"source":"1108","target":"1382"},{"source":"1108","target":"1396"},{"source":"1108","target":"1406"},{"source":"1108","target":"1454"},{"source":"1108","target":"1495"},{"source":"1108","target":"1502"},{"source":"1108","target":"1515"},{"source":"1108","target":"1582"},{"source":"1108","target":"1661"},{"source":"1108","target":"1729"},{"source":"1108","target":"1742"},{"source":"1108","target":"1751"},{"source":"1108","target":"1783"},{"source":"1108","target":"1786"},{"source":"1108","target":"1812"},{"source":"1108","target":"1820"},{"source":"1108","target":"1824"},{"source":"1108","target":"1828"},{"source":"1108","target":"1848"},{"source":"1108","target":"1871"},{"source":"1108","target":"1894"},{"source":"1109","target":"1139"},{"source":"1109","target":"1188"},{"source":"1109","target":"1189"},{"source":"1109","target":"1259"},{"source":"1109","target":"1275"},{"source":"1109","target":"1296"},{"source":"1109","target":"1311"},{"source":"1109","target":"1338"},{"source":"1109","target":"1348"},{"source":"1109","target":"1428"},{"source":"1109","target":"1469"},{"source":"1109","target":"1472"},{"source":"1109","target":"1482"},{"source":"1109","target":"1496"},{"source":"1109","target":"1507"},{"source":"1109","target":"1541"},{"source":"1109","target":"1549"},{"source":"1109","target":"1624"},{"source":"1109","target":"1630"},{"source":"1109","target":"1681"},{"source":"1109","target":"1709"},{"source":"1109","target":"1770"},{"source":"1109","target":"1847"},{"source":"1109","target":"1904"},{"source":"1110","target":"1175"},{"source":"1110","target":"1191"},{"source":"1110","target":"1209"},{"source":"1110","target":"1242"},{"source":"1110","target":"1243"},{"source":"1110","target":"1250"},{"source":"1110","target":"1278"},{"source":"1110","target":"1290"},{"source":"1110","target":"1312"},{"source":"1110","target":"1321"},{"source":"1110","target":"1327"},{"source":"1110","target":"1339"},{"source":"1110","target":"1344"},{"source":"1110","target":"1352"},{"source":"1110","target":"1367"},{"source":"1110","target":"1377"},{"source":"1110","target":"1390"},{"source":"1110","target":"1393"},{"source":"1110","target":"1407"},{"source":"1110","target":"1522"},{"source":"1110","target":"1523"},{"source":"1110","target":"1526"},{"source":"1110","target":"1528"},{"source":"1110","target":"1540"},{"source":"1110","target":"1557"},{"source":"1110","target":"1600"},{"source":"1110","target":"1609"},{"source":"1110","target":"1620"},{"source":"1110","target":"1622"},{"source":"1110","target":"1659"},{"source":"1110","target":"1663"},{"source":"1110","target":"1688"},{"source":"1110","target":"1710"},{"source":"1110","target":"1711"},{"source":"1110","target":"1717"},{"source":"1110","target":"1721"},{"source":"1110","target":"1724"},{"source":"1110","target":"1730"},{"source":"1110","target":"1750"},{"source":"1110","target":"1753"},{"source":"1110","target":"1754"},{"source":"1110","target":"1791"},{"source":"1110","target":"1795"},{"source":"1110","target":"1800"},{"source":"1110","target":"1813"},{"source":"1110","target":"1819"},{"source":"1110","target":"1827"},{"source":"1110","target":"1835"},{"source":"1110","target":"1845"},{"source":"1110","target":"1861"},{"source":"1110","target":"1864"},{"source":"1110","target":"1897"},{"source":"1110","target":"1911"},{"source":"1111","target":"1197"},{"source":"1111","target":"1368"},{"source":"1111","target":"1788"},{"source":"1112","target":"1184"},{"source":"1112","target":"1185"},{"source":"1112","target":"1209"},{"source":"1112","target":"1242"},{"source":"1112","target":"1250"},{"source":"1112","target":"1255"},{"source":"1112","target":"1278"},{"source":"1112","target":"1312"},{"source":"1112","target":"1340"},{"source":"1112","target":"1344"},{"source":"1112","target":"1367"},{"source":"1112","target":"1375"},{"source":"1112","target":"1390"},{"source":"1112","target":"1416"},{"source":"1112","target":"1420"},{"source":"1112","target":"1572"},{"source":"1112","target":"1600"},{"source":"1112","target":"1612"},{"source":"1112","target":"1620"},{"source":"1112","target":"1644"},{"source":"1112","target":"1653"},{"source":"1112","target":"1683"},{"source":"1112","target":"1688"},{"source":"1112","target":"1710"},{"source":"1112","target":"1714"},{"source":"1112","target":"1721"},{"source":"1112","target":"1724"},{"source":"1112","target":"1735"},{"source":"1112","target":"1737"},{"source":"1112","target":"1746"},{"source":"1112","target":"1750"},{"source":"1112","target":"1752"},{"source":"1112","target":"1757"},{"source":"1112","target":"1771"},{"source":"1112","target":"1789"},{"source":"1112","target":"1796"},{"source":"1112","target":"1799"},{"source":"1112","target":"1800"},{"source":"1112","target":"1804"},{"source":"1112","target":"1819"},{"source":"1112","target":"1827"},{"source":"1112","target":"1867"},{"source":"1112","target":"1886"},{"source":"1112","target":"1888"},{"source":"1113","target":"1122"},{"source":"1113","target":"1142"},{"source":"1113","target":"1210"},{"source":"1113","target":"1237"},{"source":"1113","target":"1294"},{"source":"1113","target":"1318"},{"source":"1113","target":"1320"},{"source":"1113","target":"1332"},{"source":"1113","target":"1358"},{"source":"1113","target":"1427"},{"source":"1113","target":"1446"},{"source":"1113","target":"1464"},{"source":"1113","target":"1473"},{"source":"1113","target":"1549"},{"source":"1113","target":"1565"},{"source":"1113","target":"1602"},{"source":"1113","target":"1606"},{"source":"1113","target":"1625"},{"source":"1113","target":"1645"},{"source":"1113","target":"1660"},{"source":"1113","target":"1695"},{"source":"1113","target":"1740"},{"source":"1113","target":"1744"},{"source":"1113","target":"1763"},{"source":"1113","target":"1766"},{"source":"1113","target":"1767"},{"source":"1113","target":"1773"},{"source":"1113","target":"1844"},{"source":"1113","target":"1870"},{"source":"1113","target":"1878"},{"source":"1113","target":"1881"},{"source":"1113","target":"1882"},{"source":"1114","target":"1155"},{"source":"1114","target":"1179"},{"source":"1114","target":"1210"},{"source":"1114","target":"1223"},{"source":"1114","target":"1248"},{"source":"1114","target":"1263"},{"source":"1114","target":"1300"},{"source":"1114","target":"1320"},{"source":"1114","target":"1357"},{"source":"1114","target":"1358"},{"source":"1114","target":"1408"},{"source":"1114","target":"1422"},{"source":"1114","target":"1487"},{"source":"1114","target":"1512"},{"source":"1114","target":"1543"},{"source":"1114","target":"1574"},{"source":"1114","target":"1616"},{"source":"1114","target":"1677"},{"source":"1114","target":"1692"},{"source":"1114","target":"1744"},{"source":"1114","target":"1746"},{"source":"1114","target":"1767"},{"source":"1114","target":"1778"},{"source":"1114","target":"1808"},{"source":"1114","target":"1882"},{"source":"1115","target":"1120"},{"source":"1115","target":"1148"},{"source":"1115","target":"1190"},{"source":"1115","target":"1192"},{"source":"1115","target":"1221"},{"source":"1115","target":"1231"},{"source":"1115","target":"1235"},{"source":"1115","target":"1257"},{"source":"1115","target":"1277"},{"source":"1115","target":"1284"},{"source":"1115","target":"1298"},{"source":"1115","target":"1315"},{"source":"1115","target":"1322"},{"source":"1115","target":"1345"},{"source":"1115","target":"1404"},{"source":"1115","target":"1432"},{"source":"1115","target":"1462"},{"source":"1115","target":"1550"},{"source":"1115","target":"1576"},{"source":"1115","target":"1596"},{"source":"1115","target":"1628"},{"source":"1115","target":"1647"},{"source":"1115","target":"1655"},{"source":"1115","target":"1680"},{"source":"1115","target":"1691"},{"source":"1115","target":"1716"},{"source":"1115","target":"1857"},{"source":"1115","target":"1862"},{"source":"1115","target":"1872"},{"source":"1115","target":"1899"},{"source":"1116","target":"1230"},{"source":"1116","target":"1269"},{"source":"1116","target":"1329"},{"source":"1116","target":"1331"},{"source":"1116","target":"1344"},{"source":"1116","target":"1367"},{"source":"1116","target":"1391"},{"source":"1116","target":"1484"},{"source":"1116","target":"1522"},{"source":"1116","target":"1540"},{"source":"1116","target":"1600"},{"source":"1116","target":"1608"},{"source":"1116","target":"1609"},{"source":"1116","target":"1617"},{"source":"1116","target":"1688"},{"source":"1116","target":"1730"},{"source":"1116","target":"1754"},{"source":"1116","target":"1800"},{"source":"1116","target":"1816"},{"source":"1116","target":"1827"},{"source":"1116","target":"1835"},{"source":"1116","target":"1845"},{"source":"1116","target":"1864"},{"source":"1117","target":"1124"},{"source":"1117","target":"1125"},{"source":"1117","target":"1126"},{"source":"1117","target":"1132"},{"source":"1117","target":"1146"},{"source":"1117","target":"1153"},{"source":"1117","target":"1160"},{"source":"1117","target":"1163"},{"source":"1117","target":"1172"},{"source":"1117","target":"1173"},{"source":"1117","target":"1191"},{"source":"1117","target":"1199"},{"source":"1117","target":"1201"},{"source":"1117","target":"1205"},{"source":"1117","target":"1211"},{"source":"1117","target":"1214"},{"source":"1117","target":"1222"},{"source":"1117","target":"1230"},{"source":"1117","target":"1238"},{"source":"1117","target":"1255"},{"source":"1117","target":"1256"},{"source":"1117","target":"1263"},{"source":"1117","target":"1267"},{"source":"1117","target":"1271"},{"source":"1117","target":"1272"},{"source":"1117","target":"1280"},{"source":"1117","target":"1288"},{"source":"1117","target":"1289"},{"source":"1117","target":"1302"},{"source":"1117","target":"1323"},{"source":"1117","target":"1329"},{"source":"1117","target":"1330"},{"source":"1117","target":"1331"},{"source":"1117","target":"1339"},{"source":"1117","target":"1341"},{"source":"1117","target":"1359"},{"source":"1117","target":"1361"},{"source":"1117","target":"1370"},{"source":"1117","target":"1377"},{"source":"1117","target":"1380"},{"source":"1117","target":"1388"},{"source":"1117","target":"1389"},{"source":"1117","target":"1390"},{"source":"1117","target":"1399"},{"source":"1117","target":"1402"},{"source":"1117","target":"1420"},{"source":"1117","target":"1431"},{"source":"1117","target":"1447"},{"source":"1117","target":"1456"},{"source":"1117","target":"1470"},{"source":"1117","target":"1483"},{"source":"1117","target":"1488"},{"source":"1117","target":"1516"},{"source":"1117","target":"1522"},{"source":"1117","target":"1535"},{"source":"1117","target":"1538"},{"source":"1117","target":"1547"},{"source":"1117","target":"1551"},{"source":"1117","target":"1554"},{"source":"1117","target":"1559"},{"source":"1117","target":"1570"},{"source":"1117","target":"1571"},{"source":"1117","target":"1580"},{"source":"1117","target":"1584"},{"source":"1117","target":"1589"},{"source":"1117","target":"1590"},{"source":"1117","target":"1598"},{"source":"1117","target":"1604"},{"source":"1117","target":"1608"},{"source":"1117","target":"1609"},{"source":"1117","target":"1610"},{"source":"1117","target":"1613"},{"source":"1117","target":"1621"},{"source":"1117","target":"1622"},{"source":"1117","target":"1637"},{"source":"1117","target":"1662"},{"source":"1117","target":"1663"},{"source":"1117","target":"1665"},{"source":"1117","target":"1675"},{"source":"1117","target":"1683"},{"source":"1117","target":"1707"},{"source":"1117","target":"1714"},{"source":"1117","target":"1717"},{"source":"1117","target":"1722"},{"source":"1117","target":"1730"},{"source":"1117","target":"1736"},{"source":"1117","target":"1746"},{"source":"1117","target":"1768"},{"source":"1117","target":"1772"},{"source":"1117","target":"1791"},{"source":"1117","target":"1793"},{"source":"1117","target":"1795"},{"source":"1117","target":"1800"},{"source":"1117","target":"1804"},{"source":"1117","target":"1809"},{"source":"1117","target":"1811"},{"source":"1117","target":"1813"},{"source":"1117","target":"1826"},{"source":"1117","target":"1827"},{"source":"1117","target":"1833"},{"source":"1117","target":"1835"},{"source":"1117","target":"1839"},{"source":"1117","target":"1842"},{"source":"1117","target":"1849"},{"source":"1117","target":"1861"},{"source":"1117","target":"1864"},{"source":"1117","target":"1868"},{"source":"1117","target":"1877"},{"source":"1117","target":"1888"},{"source":"1117","target":"1898"},{"source":"1117","target":"1902"},{"source":"1118","target":"1137"},{"source":"1118","target":"1186"},{"source":"1118","target":"1216"},{"source":"1118","target":"1232"},{"source":"1118","target":"1314"},{"source":"1118","target":"1319"},{"source":"1118","target":"1333"},{"source":"1118","target":"1363"},{"source":"1118","target":"1371"},{"source":"1118","target":"1378"},{"source":"1118","target":"1452"},{"source":"1118","target":"1468"},{"source":"1118","target":"1493"},{"source":"1118","target":"1533"},{"source":"1118","target":"1548"},{"source":"1118","target":"1568"},{"source":"1118","target":"1601"},{"source":"1118","target":"1629"},{"source":"1118","target":"1648"},{"source":"1118","target":"1733"},{"source":"1118","target":"1747"},{"source":"1118","target":"1787"},{"source":"1118","target":"1798"},{"source":"1118","target":"1837"},{"source":"1118","target":"1880"},{"source":"1118","target":"1892"},{"source":"1118","target":"1895"},{"source":"1120","target":"1129"},{"source":"1120","target":"1192"},{"source":"1120","target":"1204"},{"source":"1120","target":"1227"},{"source":"1120","target":"1231"},{"source":"1120","target":"1235"},{"source":"1120","target":"1273"},{"source":"1120","target":"1277"},{"source":"1120","target":"1292"},{"source":"1120","target":"1298"},{"source":"1120","target":"1315"},{"source":"1120","target":"1345"},{"source":"1120","target":"1347"},{"source":"1120","target":"1379"},{"source":"1120","target":"1404"},{"source":"1120","target":"1448"},{"source":"1120","target":"1459"},{"source":"1120","target":"1462"},{"source":"1120","target":"1475"},{"source":"1120","target":"1479"},{"source":"1120","target":"1573"},{"source":"1120","target":"1576"},{"source":"1120","target":"1583"},{"source":"1120","target":"1587"},{"source":"1120","target":"1591"},{"source":"1120","target":"1596"},{"source":"1120","target":"1611"},{"source":"1120","target":"1628"},{"source":"1120","target":"1636"},{"source":"1120","target":"1655"},{"source":"1120","target":"1682"},{"source":"1120","target":"1715"},{"source":"1120","target":"1716"},{"source":"1120","target":"1781"},{"source":"1120","target":"1830"},{"source":"1120","target":"1841"},{"source":"1120","target":"1857"},{"source":"1120","target":"1862"},{"source":"1120","target":"1872"},{"source":"1120","target":"1899"},{"source":"1121","target":"1159"},{"source":"1121","target":"1189"},{"source":"1121","target":"1226"},{"source":"1121","target":"1259"},{"source":"1121","target":"1311"},{"source":"1121","target":"1348"},{"source":"1121","target":"1472"},{"source":"1121","target":"1482"},{"source":"1121","target":"1496"},{"source":"1121","target":"1507"},{"source":"1121","target":"1536"},{"source":"1121","target":"1541"},{"source":"1121","target":"1681"},{"source":"1121","target":"1744"},{"source":"1121","target":"1770"},{"source":"1121","target":"1847"},{"source":"1122","target":"1155"},{"source":"1122","target":"1179"},{"source":"1122","target":"1237"},{"source":"1122","target":"1313"},{"source":"1122","target":"1318"},{"source":"1122","target":"1320"},{"source":"1122","target":"1349"},{"source":"1122","target":"1358"},{"source":"1122","target":"1374"},{"source":"1122","target":"1400"},{"source":"1122","target":"1408"},{"source":"1122","target":"1427"},{"source":"1122","target":"1514"},{"source":"1122","target":"1543"},{"source":"1122","target":"1574"},{"source":"1122","target":"1616"},{"source":"1122","target":"1645"},{"source":"1122","target":"1673"},{"source":"1122","target":"1677"},{"source":"1122","target":"1679"},{"source":"1122","target":"1692"},{"source":"1122","target":"1740"},{"source":"1122","target":"1743"},{"source":"1122","target":"1744"},{"source":"1122","target":"1790"},{"source":"1122","target":"1801"},{"source":"1122","target":"1844"},{"source":"1122","target":"1878"},{"source":"1122","target":"1882"},{"source":"1123","target":"1125"},{"source":"1123","target":"1130"},{"source":"1123","target":"1132"},{"source":"1123","target":"1153"},{"source":"1123","target":"1156"},{"source":"1123","target":"1163"},{"source":"1123","target":"1175"},{"source":"1123","target":"1185"},{"source":"1123","target":"1196"},{"source":"1123","target":"1199"},{"source":"1123","target":"1211"},{"source":"1123","target":"1256"},{"source":"1123","target":"1271"},{"source":"1123","target":"1272"},{"source":"1123","target":"1305"},{"source":"1123","target":"1341"},{"source":"1123","target":"1361"},{"source":"1123","target":"1391"},{"source":"1123","target":"1398"},{"source":"1123","target":"1440"},{"source":"1123","target":"1449"},{"source":"1123","target":"1456"},{"source":"1123","target":"1458"},{"source":"1123","target":"1460"},{"source":"1123","target":"1467"},{"source":"1123","target":"1471"},{"source":"1123","target":"1480"},{"source":"1123","target":"1485"},{"source":"1123","target":"1488"},{"source":"1123","target":"1501"},{"source":"1123","target":"1513"},{"source":"1123","target":"1585"},{"source":"1123","target":"1590"},{"source":"1123","target":"1610"},{"source":"1123","target":"1612"},{"source":"1123","target":"1614"},{"source":"1123","target":"1617"},{"source":"1123","target":"1619"},{"source":"1123","target":"1639"},{"source":"1123","target":"1662"},{"source":"1123","target":"1668"},{"source":"1123","target":"1707"},{"source":"1123","target":"1712"},{"source":"1123","target":"1735"},{"source":"1123","target":"1765"},{"source":"1123","target":"1782"},{"source":"1123","target":"1799"},{"source":"1123","target":"1804"},{"source":"1123","target":"1805"},{"source":"1123","target":"1833"},{"source":"1123","target":"1836"},{"source":"1123","target":"1839"},{"source":"1123","target":"1843"},{"source":"1123","target":"1845"},{"source":"1123","target":"1851"},{"source":"1123","target":"1863"},{"source":"1123","target":"1886"},{"source":"1123","target":"1888"},{"source":"1123","target":"1911"},{"source":"1124","target":"1125"},{"source":"1124","target":"1126"},{"source":"1124","target":"1146"},{"source":"1124","target":"1149"},{"source":"1124","target":"1156"},{"source":"1124","target":"1160"},{"source":"1124","target":"1164"},{"source":"1124","target":"1172"},{"source":"1124","target":"1173"},{"source":"1124","target":"1175"},{"source":"1124","target":"1180"},{"source":"1124","target":"1184"},{"source":"1124","target":"1191"},{"source":"1124","target":"1199"},{"source":"1124","target":"1201"},{"source":"1124","target":"1205"},{"source":"1124","target":"1211"},{"source":"1124","target":"1214"},{"source":"1124","target":"1219"},{"source":"1124","target":"1222"},{"source":"1124","target":"1230"},{"source":"1124","target":"1243"},{"source":"1124","target":"1255"},{"source":"1124","target":"1289"},{"source":"1124","target":"1305"},{"source":"1124","target":"1321"},{"source":"1124","target":"1323"},{"source":"1124","target":"1327"},{"source":"1124","target":"1330"},{"source":"1124","target":"1334"},{"source":"1124","target":"1335"},{"source":"1124","target":"1341"},{"source":"1124","target":"1352"},{"source":"1124","target":"1359"},{"source":"1124","target":"1361"},{"source":"1124","target":"1377"},{"source":"1124","target":"1388"},{"source":"1124","target":"1398"},{"source":"1124","target":"1399"},{"source":"1124","target":"1420"},{"source":"1124","target":"1437"},{"source":"1124","target":"1440"},{"source":"1124","target":"1447"},{"source":"1124","target":"1458"},{"source":"1124","target":"1470"},{"source":"1124","target":"1485"},{"source":"1124","target":"1488"},{"source":"1124","target":"1501"},{"source":"1124","target":"1509"},{"source":"1124","target":"1520"},{"source":"1124","target":"1522"},{"source":"1124","target":"1538"},{"source":"1124","target":"1542"},{"source":"1124","target":"1551"},{"source":"1124","target":"1554"},{"source":"1124","target":"1559"},{"source":"1124","target":"1563"},{"source":"1124","target":"1570"},{"source":"1124","target":"1580"},{"source":"1124","target":"1589"},{"source":"1124","target":"1604"},{"source":"1124","target":"1608"},{"source":"1124","target":"1609"},{"source":"1124","target":"1610"},{"source":"1124","target":"1622"},{"source":"1124","target":"1626"},{"source":"1124","target":"1637"},{"source":"1124","target":"1639"},{"source":"1124","target":"1659"},{"source":"1124","target":"1662"},{"source":"1124","target":"1663"},{"source":"1124","target":"1665"},{"source":"1124","target":"1669"},{"source":"1124","target":"1675"},{"source":"1124","target":"1683"},{"source":"1124","target":"1689"},{"source":"1124","target":"1702"},{"source":"1124","target":"1707"},{"source":"1124","target":"1735"},{"source":"1124","target":"1736"},{"source":"1124","target":"1753"},{"source":"1124","target":"1754"},{"source":"1124","target":"1768"},{"source":"1124","target":"1772"},{"source":"1124","target":"1774"},{"source":"1124","target":"1793"},{"source":"1124","target":"1799"},{"source":"1124","target":"1800"},{"source":"1124","target":"1804"},{"source":"1124","target":"1810"},{"source":"1124","target":"1811"},{"source":"1124","target":"1813"},{"source":"1124","target":"1827"},{"source":"1124","target":"1835"},{"source":"1124","target":"1839"},{"source":"1124","target":"1842"},{"source":"1124","target":"1843"},{"source":"1124","target":"1845"},{"source":"1124","target":"1849"},{"source":"1124","target":"1858"},{"source":"1124","target":"1861"},{"source":"1124","target":"1879"},{"source":"1124","target":"1888"},{"source":"1124","target":"1891"},{"source":"1124","target":"1898"},{"source":"1124","target":"1902"},{"source":"1124","target":"1909"},{"source":"1124","target":"1911"},{"source":"1125","target":"1126"},{"source":"1125","target":"1132"},{"source":"1125","target":"1153"},{"source":"1125","target":"1163"},{"source":"1125","target":"1172"},{"source":"1125","target":"1184"},{"source":"1125","target":"1185"},{"source":"1125","target":"1191"},{"source":"1125","target":"1198"},{"source":"1125","target":"1199"},{"source":"1125","target":"1207"},{"source":"1125","target":"1211"},{"source":"1125","target":"1230"},{"source":"1125","target":"1238"},{"source":"1125","target":"1256"},{"source":"1125","target":"1267"},{"source":"1125","target":"1271"},{"source":"1125","target":"1285"},{"source":"1125","target":"1288"},{"source":"1125","target":"1289"},{"source":"1125","target":"1291"},{"source":"1125","target":"1302"},{"source":"1125","target":"1330"},{"source":"1125","target":"1335"},{"source":"1125","target":"1336"},{"source":"1125","target":"1341"},{"source":"1125","target":"1351"},{"source":"1125","target":"1352"},{"source":"1125","target":"1365"},{"source":"1125","target":"1367"},{"source":"1125","target":"1370"},{"source":"1125","target":"1380"},{"source":"1125","target":"1390"},{"source":"1125","target":"1391"},{"source":"1125","target":"1398"},{"source":"1125","target":"1399"},{"source":"1125","target":"1431"},{"source":"1125","target":"1437"},{"source":"1125","target":"1449"},{"source":"1125","target":"1456"},{"source":"1125","target":"1457"},{"source":"1125","target":"1471"},{"source":"1125","target":"1480"},{"source":"1125","target":"1488"},{"source":"1125","target":"1491"},{"source":"1125","target":"1501"},{"source":"1125","target":"1516"},{"source":"1125","target":"1522"},{"source":"1125","target":"1530"},{"source":"1125","target":"1538"},{"source":"1125","target":"1547"},{"source":"1125","target":"1551"},{"source":"1125","target":"1554"},{"source":"1125","target":"1556"},{"source":"1125","target":"1584"},{"source":"1125","target":"1589"},{"source":"1125","target":"1598"},{"source":"1125","target":"1604"},{"source":"1125","target":"1610"},{"source":"1125","target":"1612"},{"source":"1125","target":"1619"},{"source":"1125","target":"1620"},{"source":"1125","target":"1652"},{"source":"1125","target":"1662"},{"source":"1125","target":"1663"},{"source":"1125","target":"1665"},{"source":"1125","target":"1668"},{"source":"1125","target":"1707"},{"source":"1125","target":"1712"},{"source":"1125","target":"1714"},{"source":"1125","target":"1730"},{"source":"1125","target":"1736"},{"source":"1125","target":"1757"},{"source":"1125","target":"1789"},{"source":"1125","target":"1793"},{"source":"1125","target":"1795"},{"source":"1125","target":"1799"},{"source":"1125","target":"1800"},{"source":"1125","target":"1804"},{"source":"1125","target":"1809"},{"source":"1125","target":"1810"},{"source":"1125","target":"1816"},{"source":"1125","target":"1823"},{"source":"1125","target":"1827"},{"source":"1125","target":"1833"},{"source":"1125","target":"1839"},{"source":"1125","target":"1842"},{"source":"1125","target":"1849"},{"source":"1125","target":"1864"},{"source":"1125","target":"1868"},{"source":"1125","target":"1879"},{"source":"1125","target":"1886"},{"source":"1125","target":"1888"},{"source":"1125","target":"1898"},{"source":"1125","target":"1902"},{"source":"1126","target":"1128"},{"source":"1126","target":"1132"},{"source":"1126","target":"1146"},{"source":"1126","target":"1149"},{"source":"1126","target":"1153"},{"source":"1126","target":"1156"},{"source":"1126","target":"1163"},{"source":"1126","target":"1173"},{"source":"1126","target":"1175"},{"source":"1126","target":"1184"},{"source":"1126","target":"1185"},{"source":"1126","target":"1191"},{"source":"1126","target":"1195"},{"source":"1126","target":"1196"},{"source":"1126","target":"1198"},{"source":"1126","target":"1199"},{"source":"1126","target":"1201"},{"source":"1126","target":"1207"},{"source":"1126","target":"1211"},{"source":"1126","target":"1222"},{"source":"1126","target":"1242"},{"source":"1126","target":"1243"},{"source":"1126","target":"1250"},{"source":"1126","target":"1255"},{"source":"1126","target":"1256"},{"source":"1126","target":"1267"},{"source":"1126","target":"1269"},{"source":"1126","target":"1271"},{"source":"1126","target":"1272"},{"source":"1126","target":"1278"},{"source":"1126","target":"1280"},{"source":"1126","target":"1288"},{"source":"1126","target":"1289"},{"source":"1126","target":"1291"},{"source":"1126","target":"1302"},{"source":"1126","target":"1305"},{"source":"1126","target":"1323"},{"source":"1126","target":"1327"},{"source":"1126","target":"1329"},{"source":"1126","target":"1330"},{"source":"1126","target":"1331"},{"source":"1126","target":"1335"},{"source":"1126","target":"1336"},{"source":"1126","target":"1339"},{"source":"1126","target":"1341"},{"source":"1126","target":"1344"},{"source":"1126","target":"1351"},{"source":"1126","target":"1352"},{"source":"1126","target":"1361"},{"source":"1126","target":"1367"},{"source":"1126","target":"1370"},{"source":"1126","target":"1375"},{"source":"1126","target":"1376"},{"source":"1126","target":"1377"},{"source":"1126","target":"1380"},{"source":"1126","target":"1390"},{"source":"1126","target":"1391"},{"source":"1126","target":"1399"},{"source":"1126","target":"1402"},{"source":"1126","target":"1420"},{"source":"1126","target":"1431"},{"source":"1126","target":"1439"},{"source":"1126","target":"1447"},{"source":"1126","target":"1449"},{"source":"1126","target":"1456"},{"source":"1126","target":"1467"},{"source":"1126","target":"1470"},{"source":"1126","target":"1471"},{"source":"1126","target":"1480"},{"source":"1126","target":"1485"},{"source":"1126","target":"1488"},{"source":"1126","target":"1491"},{"source":"1126","target":"1509"},{"source":"1126","target":"1516"},{"source":"1126","target":"1520"},{"source":"1126","target":"1522"},{"source":"1126","target":"1523"},{"source":"1126","target":"1535"},{"source":"1126","target":"1539"},{"source":"1126","target":"1547"},{"source":"1126","target":"1551"},{"source":"1126","target":"1554"},{"source":"1126","target":"1557"},{"source":"1126","target":"1559"},{"source":"1126","target":"1562"},{"source":"1126","target":"1563"},{"source":"1126","target":"1584"},{"source":"1126","target":"1589"},{"source":"1126","target":"1590"},{"source":"1126","target":"1598"},{"source":"1126","target":"1603"},{"source":"1126","target":"1604"},{"source":"1126","target":"1605"},{"source":"1126","target":"1608"},{"source":"1126","target":"1610"},{"source":"1126","target":"1612"},{"source":"1126","target":"1613"},{"source":"1126","target":"1614"},{"source":"1126","target":"1617"},{"source":"1126","target":"1619"},{"source":"1126","target":"1621"},{"source":"1126","target":"1622"},{"source":"1126","target":"1623"},{"source":"1126","target":"1643"},{"source":"1126","target":"1659"},{"source":"1126","target":"1662"},{"source":"1126","target":"1663"},{"source":"1126","target":"1665"},{"source":"1126","target":"1668"},{"source":"1126","target":"1669"},{"source":"1126","target":"1675"},{"source":"1126","target":"1678"},{"source":"1126","target":"1683"},{"source":"1126","target":"1685"},{"source":"1126","target":"1689"},{"source":"1126","target":"1707"},{"source":"1126","target":"1712"},{"source":"1126","target":"1714"},{"source":"1126","target":"1717"},{"source":"1126","target":"1718"},{"source":"1126","target":"1721"},{"source":"1126","target":"1730"},{"source":"1126","target":"1735"},{"source":"1126","target":"1736"},{"source":"1126","target":"1737"},{"source":"1126","target":"1741"},{"source":"1126","target":"1746"},{"source":"1126","target":"1752"},{"source":"1126","target":"1753"},{"source":"1126","target":"1754"},{"source":"1126","target":"1757"},{"source":"1126","target":"1761"},{"source":"1126","target":"1765"},{"source":"1126","target":"1768"},{"source":"1126","target":"1782"},{"source":"1126","target":"1793"},{"source":"1126","target":"1799"},{"source":"1126","target":"1800"},{"source":"1126","target":"1804"},{"source":"1126","target":"1809"},{"source":"1126","target":"1810"},{"source":"1126","target":"1813"},{"source":"1126","target":"1816"},{"source":"1126","target":"1819"},{"source":"1126","target":"1821"},{"source":"1126","target":"1823"},{"source":"1126","target":"1826"},{"source":"1126","target":"1827"},{"source":"1126","target":"1833"},{"source":"1126","target":"1835"},{"source":"1126","target":"1836"},{"source":"1126","target":"1839"},{"source":"1126","target":"1842"},{"source":"1126","target":"1843"},{"source":"1126","target":"1849"},{"source":"1126","target":"1867"},{"source":"1126","target":"1868"},{"source":"1126","target":"1879"},{"source":"1126","target":"1886"},{"source":"1126","target":"1888"},{"source":"1126","target":"1898"},{"source":"1126","target":"1902"},{"source":"1126","target":"1909"},{"source":"1127","target":"1134"},{"source":"1127","target":"1183"},{"source":"1127","target":"1236"},{"source":"1127","target":"1244"},{"source":"1127","target":"1246"},{"source":"1127","target":"1304"},{"source":"1127","target":"1366"},{"source":"1127","target":"1472"},{"source":"1127","target":"1640"},{"source":"1127","target":"1703"},{"source":"1127","target":"1709"},{"source":"1127","target":"1725"},{"source":"1127","target":"1759"},{"source":"1127","target":"1785"},{"source":"1127","target":"1840"},{"source":"1128","target":"1135"},{"source":"1128","target":"1143"},{"source":"1128","target":"1149"},{"source":"1128","target":"1184"},{"source":"1128","target":"1185"},{"source":"1128","target":"1199"},{"source":"1128","target":"1211"},{"source":"1128","target":"1230"},{"source":"1128","target":"1242"},{"source":"1128","target":"1267"},{"source":"1128","target":"1269"},{"source":"1128","target":"1272"},{"source":"1128","target":"1291"},{"source":"1128","target":"1302"},{"source":"1128","target":"1339"},{"source":"1128","target":"1341"},{"source":"1128","target":"1344"},{"source":"1128","target":"1350"},{"source":"1128","target":"1352"},{"source":"1128","target":"1367"},{"source":"1128","target":"1376"},{"source":"1128","target":"1377"},{"source":"1128","target":"1390"},{"source":"1128","target":"1391"},{"source":"1128","target":"1399"},{"source":"1128","target":"1416"},{"source":"1128","target":"1418"},{"source":"1128","target":"1420"},{"source":"1128","target":"1431"},{"source":"1128","target":"1436"},{"source":"1128","target":"1467"},{"source":"1128","target":"1491"},{"source":"1128","target":"1516"},{"source":"1128","target":"1522"},{"source":"1128","target":"1538"},{"source":"1128","target":"1539"},{"source":"1128","target":"1554"},{"source":"1128","target":"1557"},{"source":"1128","target":"1575"},{"source":"1128","target":"1584"},{"source":"1128","target":"1589"},{"source":"1128","target":"1597"},{"source":"1128","target":"1600"},{"source":"1128","target":"1603"},{"source":"1128","target":"1610"},{"source":"1128","target":"1612"},{"source":"1128","target":"1620"},{"source":"1128","target":"1621"},{"source":"1128","target":"1622"},{"source":"1128","target":"1650"},{"source":"1128","target":"1663"},{"source":"1128","target":"1675"},{"source":"1128","target":"1689"},{"source":"1128","target":"1714"},{"source":"1128","target":"1724"},{"source":"1128","target":"1727"},{"source":"1128","target":"1730"},{"source":"1128","target":"1735"},{"source":"1128","target":"1746"},{"source":"1128","target":"1750"},{"source":"1128","target":"1761"},{"source":"1128","target":"1768"},{"source":"1128","target":"1793"},{"source":"1128","target":"1799"},{"source":"1128","target":"1800"},{"source":"1128","target":"1804"},{"source":"1128","target":"1810"},{"source":"1128","target":"1819"},{"source":"1128","target":"1823"},{"source":"1128","target":"1827"},{"source":"1128","target":"1833"},{"source":"1128","target":"1835"},{"source":"1128","target":"1844"},{"source":"1128","target":"1864"},{"source":"1128","target":"1886"},{"source":"1128","target":"1888"},{"source":"1128","target":"1894"},{"source":"1129","target":"1158"},{"source":"1129","target":"1192"},{"source":"1129","target":"1204"},{"source":"1129","target":"1227"},{"source":"1129","target":"1229"},{"source":"1129","target":"1231"},{"source":"1129","target":"1235"},{"source":"1129","target":"1257"},{"source":"1129","target":"1277"},{"source":"1129","target":"1279"},{"source":"1129","target":"1292"},{"source":"1129","target":"1298"},{"source":"1129","target":"1322"},{"source":"1129","target":"1345"},{"source":"1129","target":"1347"},{"source":"1129","target":"1350"},{"source":"1129","target":"1404"},{"source":"1129","target":"1413"},{"source":"1129","target":"1438"},{"source":"1129","target":"1459"},{"source":"1129","target":"1462"},{"source":"1129","target":"1475"},{"source":"1129","target":"1479"},{"source":"1129","target":"1550"},{"source":"1129","target":"1573"},{"source":"1129","target":"1576"},{"source":"1129","target":"1583"},{"source":"1129","target":"1587"},{"source":"1129","target":"1592"},{"source":"1129","target":"1596"},{"source":"1129","target":"1611"},{"source":"1129","target":"1628"},{"source":"1129","target":"1636"},{"source":"1129","target":"1647"},{"source":"1129","target":"1655"},{"source":"1129","target":"1691"},{"source":"1129","target":"1716"},{"source":"1129","target":"1720"},{"source":"1129","target":"1728"},{"source":"1129","target":"1764"},{"source":"1129","target":"1841"},{"source":"1129","target":"1857"},{"source":"1129","target":"1862"},{"source":"1129","target":"1872"},{"source":"1129","target":"1873"},{"source":"1130","target":"1132"},{"source":"1130","target":"1135"},{"source":"1130","target":"1153"},{"source":"1130","target":"1163"},{"source":"1130","target":"1175"},{"source":"1130","target":"1199"},{"source":"1130","target":"1211"},{"source":"1130","target":"1219"},{"source":"1130","target":"1256"},{"source":"1130","target":"1271"},{"source":"1130","target":"1305"},{"source":"1130","target":"1370"},{"source":"1130","target":"1376"},{"source":"1130","target":"1377"},{"source":"1130","target":"1391"},{"source":"1130","target":"1398"},{"source":"1130","target":"1399"},{"source":"1130","target":"1449"},{"source":"1130","target":"1456"},{"source":"1130","target":"1458"},{"source":"1130","target":"1460"},{"source":"1130","target":"1467"},{"source":"1130","target":"1471"},{"source":"1130","target":"1480"},{"source":"1130","target":"1488"},{"source":"1130","target":"1501"},{"source":"1130","target":"1513"},{"source":"1130","target":"1547"},{"source":"1130","target":"1584"},{"source":"1130","target":"1598"},{"source":"1130","target":"1610"},{"source":"1130","target":"1612"},{"source":"1130","target":"1614"},{"source":"1130","target":"1619"},{"source":"1130","target":"1639"},{"source":"1130","target":"1662"},{"source":"1130","target":"1668"},{"source":"1130","target":"1689"},{"source":"1130","target":"1707"},{"source":"1130","target":"1712"},{"source":"1130","target":"1746"},{"source":"1130","target":"1750"},{"source":"1130","target":"1799"},{"source":"1130","target":"1800"},{"source":"1130","target":"1804"},{"source":"1130","target":"1805"},{"source":"1130","target":"1809"},{"source":"1130","target":"1826"},{"source":"1130","target":"1833"},{"source":"1130","target":"1839"},{"source":"1130","target":"1849"},{"source":"1130","target":"1863"},{"source":"1130","target":"1868"},{"source":"1130","target":"1879"},{"source":"1130","target":"1888"},{"source":"1131","target":"1169"},{"source":"1131","target":"1188"},{"source":"1131","target":"1228"},{"source":"1131","target":"1236"},{"source":"1131","target":"1249"},{"source":"1131","target":"1258"},{"source":"1131","target":"1260"},{"source":"1131","target":"1304"},{"source":"1131","target":"1306"},{"source":"1131","target":"1310"},{"source":"1131","target":"1338"},{"source":"1131","target":"1348"},{"source":"1131","target":"1355"},{"source":"1131","target":"1366"},{"source":"1131","target":"1472"},{"source":"1131","target":"1504"},{"source":"1131","target":"1634"},{"source":"1131","target":"1686"},{"source":"1131","target":"1703"},{"source":"1131","target":"1709"},{"source":"1131","target":"1725"},{"source":"1131","target":"1748"},{"source":"1131","target":"1756"},{"source":"1131","target":"1815"},{"source":"1131","target":"1831"},{"source":"1132","target":"1153"},{"source":"1132","target":"1156"},{"source":"1132","target":"1163"},{"source":"1132","target":"1172"},{"source":"1132","target":"1175"},{"source":"1132","target":"1184"},{"source":"1132","target":"1185"},{"source":"1132","target":"1198"},{"source":"1132","target":"1199"},{"source":"1132","target":"1201"},{"source":"1132","target":"1207"},{"source":"1132","target":"1211"},{"source":"1132","target":"1214"},{"source":"1132","target":"1219"},{"source":"1132","target":"1222"},{"source":"1132","target":"1230"},{"source":"1132","target":"1238"},{"source":"1132","target":"1256"},{"source":"1132","target":"1267"},{"source":"1132","target":"1269"},{"source":"1132","target":"1271"},{"source":"1132","target":"1285"},{"source":"1132","target":"1288"},{"source":"1132","target":"1289"},{"source":"1132","target":"1291"},{"source":"1132","target":"1302"},{"source":"1132","target":"1305"},{"source":"1132","target":"1330"},{"source":"1132","target":"1331"},{"source":"1132","target":"1335"},{"source":"1132","target":"1336"},{"source":"1132","target":"1339"},{"source":"1132","target":"1341"},{"source":"1132","target":"1344"},{"source":"1132","target":"1351"},{"source":"1132","target":"1352"},{"source":"1132","target":"1361"},{"source":"1132","target":"1367"},{"source":"1132","target":"1370"},{"source":"1132","target":"1376"},{"source":"1132","target":"1377"},{"source":"1132","target":"1380"},{"source":"1132","target":"1390"},{"source":"1132","target":"1398"},{"source":"1132","target":"1399"},{"source":"1132","target":"1416"},{"source":"1132","target":"1431"},{"source":"1132","target":"1449"},{"source":"1132","target":"1456"},{"source":"1132","target":"1467"},{"source":"1132","target":"1471"},{"source":"1132","target":"1480"},{"source":"1132","target":"1488"},{"source":"1132","target":"1509"},{"source":"1132","target":"1516"},{"source":"1132","target":"1522"},{"source":"1132","target":"1530"},{"source":"1132","target":"1539"},{"source":"1132","target":"1547"},{"source":"1132","target":"1551"},{"source":"1132","target":"1554"},{"source":"1132","target":"1556"},{"source":"1132","target":"1559"},{"source":"1132","target":"1580"},{"source":"1132","target":"1589"},{"source":"1132","target":"1597"},{"source":"1132","target":"1598"},{"source":"1132","target":"1600"},{"source":"1132","target":"1603"},{"source":"1132","target":"1604"},{"source":"1132","target":"1605"},{"source":"1132","target":"1610"},{"source":"1132","target":"1612"},{"source":"1132","target":"1613"},{"source":"1132","target":"1619"},{"source":"1132","target":"1621"},{"source":"1132","target":"1623"},{"source":"1132","target":"1652"},{"source":"1132","target":"1662"},{"source":"1132","target":"1665"},{"source":"1132","target":"1668"},{"source":"1132","target":"1707"},{"source":"1132","target":"1712"},{"source":"1132","target":"1721"},{"source":"1132","target":"1730"},{"source":"1132","target":"1736"},{"source":"1132","target":"1737"},{"source":"1132","target":"1746"},{"source":"1132","target":"1750"},{"source":"1132","target":"1752"},{"source":"1132","target":"1757"},{"source":"1132","target":"1772"},{"source":"1132","target":"1789"},{"source":"1132","target":"1793"},{"source":"1132","target":"1799"},{"source":"1132","target":"1800"},{"source":"1132","target":"1804"},{"source":"1132","target":"1809"},{"source":"1132","target":"1810"},{"source":"1132","target":"1813"},{"source":"1132","target":"1816"},{"source":"1132","target":"1826"},{"source":"1132","target":"1827"},{"source":"1132","target":"1832"},{"source":"1132","target":"1833"},{"source":"1132","target":"1839"},{"source":"1132","target":"1849"},{"source":"1132","target":"1863"},{"source":"1132","target":"1868"},{"source":"1132","target":"1874"},{"source":"1132","target":"1879"},{"source":"1132","target":"1886"},{"source":"1132","target":"1888"},{"source":"1132","target":"1898"},{"source":"1133","target":"1442"},{"source":"1133","target":"1471"},{"source":"1133","target":"1590"},{"source":"1134","target":"1415"},{"source":"1134","target":"1474"},{"source":"1134","target":"1640"},{"source":"1134","target":"1703"},{"source":"1134","target":"1709"},{"source":"1134","target":"1725"},{"source":"1135","target":"1146"},{"source":"1135","target":"1160"},{"source":"1135","target":"1164"},{"source":"1135","target":"1173"},{"source":"1135","target":"1185"},{"source":"1135","target":"1212"},{"source":"1135","target":"1222"},{"source":"1135","target":"1238"},{"source":"1135","target":"1243"},{"source":"1135","target":"1255"},{"source":"1135","target":"1269"},{"source":"1135","target":"1312"},{"source":"1135","target":"1329"},{"source":"1135","target":"1334"},{"source":"1135","target":"1352"},{"source":"1135","target":"1376"},{"source":"1135","target":"1377"},{"source":"1135","target":"1389"},{"source":"1135","target":"1391"},{"source":"1135","target":"1420"},{"source":"1135","target":"1431"},{"source":"1135","target":"1467"},{"source":"1135","target":"1470"},{"source":"1135","target":"1483"},{"source":"1135","target":"1497"},{"source":"1135","target":"1509"},{"source":"1135","target":"1516"},{"source":"1135","target":"1522"},{"source":"1135","target":"1559"},{"source":"1135","target":"1570"},{"source":"1135","target":"1584"},{"source":"1135","target":"1589"},{"source":"1135","target":"1590"},{"source":"1135","target":"1603"},{"source":"1135","target":"1604"},{"source":"1135","target":"1612"},{"source":"1135","target":"1613"},{"source":"1135","target":"1620"},{"source":"1135","target":"1621"},{"source":"1135","target":"1637"},{"source":"1135","target":"1646"},{"source":"1135","target":"1663"},{"source":"1135","target":"1675"},{"source":"1135","target":"1688"},{"source":"1135","target":"1714"},{"source":"1135","target":"1723"},{"source":"1135","target":"1730"},{"source":"1135","target":"1746"},{"source":"1135","target":"1761"},{"source":"1135","target":"1768"},{"source":"1135","target":"1800"},{"source":"1135","target":"1813"},{"source":"1135","target":"1835"},{"source":"1135","target":"1843"},{"source":"1135","target":"1867"},{"source":"1135","target":"1881"},{"source":"1135","target":"1885"},{"source":"1135","target":"1888"},{"source":"1136","target":"1144"},{"source":"1136","target":"1174"},{"source":"1136","target":"1251"},{"source":"1136","target":"1307"},{"source":"1136","target":"1325"},{"source":"1136","target":"1328"},{"source":"1136","target":"1360"},{"source":"1136","target":"1410"},{"source":"1136","target":"1421"},{"source":"1136","target":"1433"},{"source":"1136","target":"1494"},{"source":"1136","target":"1511"},{"source":"1136","target":"1555"},{"source":"1136","target":"1567"},{"source":"1136","target":"1588"},{"source":"1136","target":"1593"},{"source":"1136","target":"1615"},{"source":"1136","target":"1676"},{"source":"1136","target":"1687"},{"source":"1136","target":"1698"},{"source":"1136","target":"1705"},{"source":"1136","target":"1719"},{"source":"1136","target":"1803"},{"source":"1136","target":"1806"},{"source":"1136","target":"1825"},{"source":"1136","target":"1866"},{"source":"1137","target":"1186"},{"source":"1137","target":"1216"},{"source":"1137","target":"1232"},{"source":"1137","target":"1319"},{"source":"1137","target":"1333"},{"source":"1137","target":"1371"},{"source":"1137","target":"1378"},{"source":"1137","target":"1452"},{"source":"1137","target":"1468"},{"source":"1137","target":"1493"},{"source":"1137","target":"1533"},{"source":"1137","target":"1548"},{"source":"1137","target":"1568"},{"source":"1137","target":"1601"},{"source":"1137","target":"1629"},{"source":"1137","target":"1648"},{"source":"1137","target":"1733"},{"source":"1137","target":"1784"},{"source":"1137","target":"1798"},{"source":"1137","target":"1837"},{"source":"1137","target":"1892"},{"source":"1137","target":"1895"},{"source":"1138","target":"1177"},{"source":"1138","target":"1218"},{"source":"1138","target":"1266"},{"source":"1138","target":"1403"},{"source":"1138","target":"1499"},{"source":"1138","target":"1562"},{"source":"1138","target":"1889"},{"source":"1138","target":"1896"},{"source":"1139","target":"1170"},{"source":"1139","target":"1236"},{"source":"1139","target":"1259"},{"source":"1139","target":"1260"},{"source":"1139","target":"1275"},{"source":"1139","target":"1308"},{"source":"1139","target":"1338"},{"source":"1139","target":"1469"},{"source":"1139","target":"1472"},{"source":"1139","target":"1482"},{"source":"1139","target":"1504"},{"source":"1139","target":"1624"},{"source":"1139","target":"1672"},{"source":"1139","target":"1703"},{"source":"1139","target":"1709"},{"source":"1139","target":"1815"},{"source":"1139","target":"1869"},{"source":"1139","target":"1876"},{"source":"1139","target":"1904"},{"source":"1139","target":"1906"},{"source":"1140","target":"1173"},{"source":"1140","target":"1317"},{"source":"1140","target":"1450"},{"source":"1140","target":"1505"},{"source":"1140","target":"1534"},{"source":"1140","target":"1656"},{"source":"1140","target":"1666"},{"source":"1141","target":"1188"},{"source":"1141","target":"1228"},{"source":"1141","target":"1236"},{"source":"1141","target":"1304"},{"source":"1141","target":"1308"},{"source":"1141","target":"1310"},{"source":"1141","target":"1355"},{"source":"1141","target":"1366"},{"source":"1141","target":"1634"},{"source":"1141","target":"1667"},{"source":"1141","target":"1703"},{"source":"1141","target":"1709"},{"source":"1141","target":"1725"},{"source":"1141","target":"1785"},{"source":"1142","target":"1294"},{"source":"1142","target":"1332"},{"source":"1142","target":"1358"},{"source":"1142","target":"1374"},{"source":"1142","target":"1427"},{"source":"1142","target":"1446"},{"source":"1142","target":"1464"},{"source":"1142","target":"1514"},{"source":"1142","target":"1549"},{"source":"1142","target":"1565"},{"source":"1142","target":"1574"},{"source":"1142","target":"1602"},{"source":"1142","target":"1616"},{"source":"1142","target":"1625"},{"source":"1142","target":"1645"},{"source":"1142","target":"1695"},{"source":"1142","target":"1766"},{"source":"1142","target":"1773"},{"source":"1142","target":"1790"},{"source":"1142","target":"1844"},{"source":"1142","target":"1878"},{"source":"1142","target":"1881"},{"source":"1143","target":"1215"},{"source":"1143","target":"1231"},{"source":"1143","target":"1273"},{"source":"1143","target":"1418"},{"source":"1143","target":"1556"},{"source":"1143","target":"1591"},{"source":"1143","target":"1650"},{"source":"1143","target":"1661"},{"source":"1143","target":"1706"},{"source":"1143","target":"1783"},{"source":"1144","target":"1174"},{"source":"1144","target":"1251"},{"source":"1144","target":"1307"},{"source":"1144","target":"1328"},{"source":"1144","target":"1360"},{"source":"1144","target":"1410"},{"source":"1144","target":"1421"},{"source":"1144","target":"1494"},{"source":"1144","target":"1511"},{"source":"1144","target":"1555"},{"source":"1144","target":"1588"},{"source":"1144","target":"1593"},{"source":"1144","target":"1676"},{"source":"1144","target":"1687"},{"source":"1144","target":"1705"},{"source":"1144","target":"1825"},{"source":"1146","target":"1149"},{"source":"1146","target":"1160"},{"source":"1146","target":"1164"},{"source":"1146","target":"1165"},{"source":"1146","target":"1172"},{"source":"1146","target":"1173"},{"source":"1146","target":"1175"},{"source":"1146","target":"1182"},{"source":"1146","target":"1184"},{"source":"1146","target":"1185"},{"source":"1146","target":"1195"},{"source":"1146","target":"1199"},{"source":"1146","target":"1205"},{"source":"1146","target":"1209"},{"source":"1146","target":"1214"},{"source":"1146","target":"1222"},{"source":"1146","target":"1230"},{"source":"1146","target":"1238"},{"source":"1146","target":"1243"},{"source":"1146","target":"1250"},{"source":"1146","target":"1255"},{"source":"1146","target":"1265"},{"source":"1146","target":"1267"},{"source":"1146","target":"1269"},{"source":"1146","target":"1290"},{"source":"1146","target":"1291"},{"source":"1146","target":"1293"},{"source":"1146","target":"1302"},{"source":"1146","target":"1305"},{"source":"1146","target":"1323"},{"source":"1146","target":"1329"},{"source":"1146","target":"1334"},{"source":"1146","target":"1340"},{"source":"1146","target":"1344"},{"source":"1146","target":"1352"},{"source":"1146","target":"1365"},{"source":"1146","target":"1367"},{"source":"1146","target":"1376"},{"source":"1146","target":"1377"},{"source":"1146","target":"1390"},{"source":"1146","target":"1391"},{"source":"1146","target":"1399"},{"source":"1146","target":"1420"},{"source":"1146","target":"1431"},{"source":"1146","target":"1435"},{"source":"1146","target":"1467"},{"source":"1146","target":"1471"},{"source":"1146","target":"1491"},{"source":"1146","target":"1509"},{"source":"1146","target":"1520"},{"source":"1146","target":"1522"},{"source":"1146","target":"1523"},{"source":"1146","target":"1528"},{"source":"1146","target":"1538"},{"source":"1146","target":"1539"},{"source":"1146","target":"1540"},{"source":"1146","target":"1547"},{"source":"1146","target":"1551"},{"source":"1146","target":"1554"},{"source":"1146","target":"1557"},{"source":"1146","target":"1559"},{"source":"1146","target":"1563"},{"source":"1146","target":"1570"},{"source":"1146","target":"1584"},{"source":"1146","target":"1589"},{"source":"1146","target":"1600"},{"source":"1146","target":"1603"},{"source":"1146","target":"1608"},{"source":"1146","target":"1610"},{"source":"1146","target":"1612"},{"source":"1146","target":"1613"},{"source":"1146","target":"1614"},{"source":"1146","target":"1619"},{"source":"1146","target":"1620"},{"source":"1146","target":"1621"},{"source":"1146","target":"1622"},{"source":"1146","target":"1637"},{"source":"1146","target":"1643"},{"source":"1146","target":"1644"},{"source":"1146","target":"1653"},{"source":"1146","target":"1659"},{"source":"1146","target":"1662"},{"source":"1146","target":"1663"},{"source":"1146","target":"1669"},{"source":"1146","target":"1675"},{"source":"1146","target":"1683"},{"source":"1146","target":"1685"},{"source":"1146","target":"1689"},{"source":"1146","target":"1714"},{"source":"1146","target":"1717"},{"source":"1146","target":"1721"},{"source":"1146","target":"1723"},{"source":"1146","target":"1726"},{"source":"1146","target":"1730"},{"source":"1146","target":"1734"},{"source":"1146","target":"1741"},{"source":"1146","target":"1746"},{"source":"1146","target":"1753"},{"source":"1146","target":"1757"},{"source":"1146","target":"1761"},{"source":"1146","target":"1768"},{"source":"1146","target":"1791"},{"source":"1146","target":"1793"},{"source":"1146","target":"1795"},{"source":"1146","target":"1796"},{"source":"1146","target":"1799"},{"source":"1146","target":"1800"},{"source":"1146","target":"1813"},{"source":"1146","target":"1823"},{"source":"1146","target":"1827"},{"source":"1146","target":"1833"},{"source":"1146","target":"1835"},{"source":"1146","target":"1842"},{"source":"1146","target":"1861"},{"source":"1146","target":"1867"},{"source":"1146","target":"1877"},{"source":"1146","target":"1879"},{"source":"1146","target":"1886"},{"source":"1146","target":"1888"},{"source":"1146","target":"1891"},{"source":"1146","target":"1898"},{"source":"1147","target":"1332"},{"source":"1147","target":"1435"},{"source":"1147","target":"1894"},{"source":"1148","target":"1190"},{"source":"1148","target":"1192"},{"source":"1148","target":"1227"},{"source":"1148","target":"1231"},{"source":"1148","target":"1235"},{"source":"1148","target":"1257"},{"source":"1148","target":"1277"},{"source":"1148","target":"1279"},{"source":"1148","target":"1284"},{"source":"1148","target":"1292"},{"source":"1148","target":"1315"},{"source":"1148","target":"1322"},{"source":"1148","target":"1345"},{"source":"1148","target":"1347"},{"source":"1148","target":"1379"},{"source":"1148","target":"1404"},{"source":"1148","target":"1413"},{"source":"1148","target":"1423"},{"source":"1148","target":"1426"},{"source":"1148","target":"1438"},{"source":"1148","target":"1454"},{"source":"1148","target":"1459"},{"source":"1148","target":"1462"},{"source":"1148","target":"1475"},{"source":"1148","target":"1479"},{"source":"1148","target":"1492"},{"source":"1148","target":"1573"},{"source":"1148","target":"1576"},{"source":"1148","target":"1583"},{"source":"1148","target":"1587"},{"source":"1148","target":"1591"},{"source":"1148","target":"1596"},{"source":"1148","target":"1611"},{"source":"1148","target":"1628"},{"source":"1148","target":"1636"},{"source":"1148","target":"1647"},{"source":"1148","target":"1655"},{"source":"1148","target":"1682"},{"source":"1148","target":"1691"},{"source":"1148","target":"1715"},{"source":"1148","target":"1716"},{"source":"1148","target":"1720"},{"source":"1148","target":"1820"},{"source":"1148","target":"1841"},{"source":"1148","target":"1859"},{"source":"1148","target":"1884"},{"source":"1148","target":"1899"},{"source":"1148","target":"1907"},{"source":"1149","target":"1181"},{"source":"1149","target":"1184"},{"source":"1149","target":"1185"},{"source":"1149","target":"1196"},{"source":"1149","target":"1199"},{"source":"1149","target":"1209"},{"source":"1149","target":"1211"},{"source":"1149","target":"1219"},{"source":"1149","target":"1222"},{"source":"1149","target":"1250"},{"source":"1149","target":"1267"},{"source":"1149","target":"1272"},{"source":"1149","target":"1305"},{"source":"1149","target":"1323"},{"source":"1149","target":"1327"},{"source":"1149","target":"1352"},{"source":"1149","target":"1361"},{"source":"1149","target":"1367"},{"source":"1149","target":"1375"},{"source":"1149","target":"1376"},{"source":"1149","target":"1377"},{"source":"1149","target":"1390"},{"source":"1149","target":"1420"},{"source":"1149","target":"1467"},{"source":"1149","target":"1485"},{"source":"1149","target":"1516"},{"source":"1149","target":"1538"},{"source":"1149","target":"1551"},{"source":"1149","target":"1554"},{"source":"1149","target":"1559"},{"source":"1149","target":"1563"},{"source":"1149","target":"1570"},{"source":"1149","target":"1584"},{"source":"1149","target":"1589"},{"source":"1149","target":"1603"},{"source":"1149","target":"1612"},{"source":"1149","target":"1613"},{"source":"1149","target":"1617"},{"source":"1149","target":"1618"},{"source":"1149","target":"1621"},{"source":"1149","target":"1622"},{"source":"1149","target":"1632"},{"source":"1149","target":"1643"},{"source":"1149","target":"1644"},{"source":"1149","target":"1653"},{"source":"1149","target":"1659"},{"source":"1149","target":"1663"},{"source":"1149","target":"1665"},{"source":"1149","target":"1669"},{"source":"1149","target":"1675"},{"source":"1149","target":"1683"},{"source":"1149","target":"1689"},{"source":"1149","target":"1707"},{"source":"1149","target":"1714"},{"source":"1149","target":"1724"},{"source":"1149","target":"1730"},{"source":"1149","target":"1735"},{"source":"1149","target":"1746"},{"source":"1149","target":"1750"},{"source":"1149","target":"1752"},{"source":"1149","target":"1761"},{"source":"1149","target":"1768"},{"source":"1149","target":"1769"},{"source":"1149","target":"1774"},{"source":"1149","target":"1791"},{"source":"1149","target":"1796"},{"source":"1149","target":"1799"},{"source":"1149","target":"1800"},{"source":"1149","target":"1804"},{"source":"1149","target":"1810"},{"source":"1149","target":"1816"},{"source":"1149","target":"1819"},{"source":"1149","target":"1827"},{"source":"1149","target":"1833"},{"source":"1149","target":"1835"},{"source":"1149","target":"1836"},{"source":"1149","target":"1839"},{"source":"1149","target":"1845"},{"source":"1149","target":"1879"},{"source":"1149","target":"1888"},{"source":"1150","target":"1283"},{"source":"1150","target":"1321"},{"source":"1150","target":"1327"},{"source":"1150","target":"1337"},{"source":"1150","target":"1476"},{"source":"1150","target":"1626"},{"source":"1150","target":"1656"},{"source":"1150","target":"1702"},{"source":"1150","target":"1858"},{"source":"1150","target":"1865"},{"source":"1150","target":"1909"},{"source":"1150","target":"1911"},{"source":"1151","target":"1171"},{"source":"1151","target":"1447"},{"source":"1151","target":"1501"},{"source":"1151","target":"1540"},{"source":"1152","target":"1159"},{"source":"1152","target":"1258"},{"source":"1152","target":"1275"},{"source":"1152","target":"1366"},{"source":"1152","target":"1373"},{"source":"1152","target":"1473"},{"source":"1152","target":"1525"},{"source":"1152","target":"1584"},{"source":"1152","target":"1630"},{"source":"1152","target":"1703"},{"source":"1152","target":"1783"},{"source":"1152","target":"1807"},{"source":"1153","target":"1156"},{"source":"1153","target":"1160"},{"source":"1153","target":"1163"},{"source":"1153","target":"1172"},{"source":"1153","target":"1173"},{"source":"1153","target":"1175"},{"source":"1153","target":"1181"},{"source":"1153","target":"1184"},{"source":"1153","target":"1185"},{"source":"1153","target":"1199"},{"source":"1153","target":"1201"},{"source":"1153","target":"1205"},{"source":"1153","target":"1207"},{"source":"1153","target":"1214"},{"source":"1153","target":"1230"},{"source":"1153","target":"1238"},{"source":"1153","target":"1256"},{"source":"1153","target":"1269"},{"source":"1153","target":"1271"},{"source":"1153","target":"1280"},{"source":"1153","target":"1285"},{"source":"1153","target":"1287"},{"source":"1153","target":"1288"},{"source":"1153","target":"1289"},{"source":"1153","target":"1302"},{"source":"1153","target":"1330"},{"source":"1153","target":"1331"},{"source":"1153","target":"1335"},{"source":"1153","target":"1336"},{"source":"1153","target":"1341"},{"source":"1153","target":"1352"},{"source":"1153","target":"1370"},{"source":"1153","target":"1376"},{"source":"1153","target":"1377"},{"source":"1153","target":"1380"},{"source":"1153","target":"1388"},{"source":"1153","target":"1390"},{"source":"1153","target":"1391"},{"source":"1153","target":"1399"},{"source":"1153","target":"1402"},{"source":"1153","target":"1431"},{"source":"1153","target":"1447"},{"source":"1153","target":"1449"},{"source":"1153","target":"1456"},{"source":"1153","target":"1457"},{"source":"1153","target":"1470"},{"source":"1153","target":"1471"},{"source":"1153","target":"1480"},{"source":"1153","target":"1483"},{"source":"1153","target":"1488"},{"source":"1153","target":"1491"},{"source":"1153","target":"1516"},{"source":"1153","target":"1522"},{"source":"1153","target":"1524"},{"source":"1153","target":"1542"},{"source":"1153","target":"1547"},{"source":"1153","target":"1559"},{"source":"1153","target":"1580"},{"source":"1153","target":"1584"},{"source":"1153","target":"1589"},{"source":"1153","target":"1598"},{"source":"1153","target":"1600"},{"source":"1153","target":"1604"},{"source":"1153","target":"1605"},{"source":"1153","target":"1610"},{"source":"1153","target":"1617"},{"source":"1153","target":"1619"},{"source":"1153","target":"1620"},{"source":"1153","target":"1621"},{"source":"1153","target":"1622"},{"source":"1153","target":"1652"},{"source":"1153","target":"1662"},{"source":"1153","target":"1663"},{"source":"1153","target":"1665"},{"source":"1153","target":"1668"},{"source":"1153","target":"1669"},{"source":"1153","target":"1707"},{"source":"1153","target":"1712"},{"source":"1153","target":"1714"},{"source":"1153","target":"1717"},{"source":"1153","target":"1723"},{"source":"1153","target":"1730"},{"source":"1153","target":"1736"},{"source":"1153","target":"1741"},{"source":"1153","target":"1746"},{"source":"1153","target":"1757"},{"source":"1153","target":"1761"},{"source":"1153","target":"1768"},{"source":"1153","target":"1772"},{"source":"1153","target":"1789"},{"source":"1153","target":"1793"},{"source":"1153","target":"1796"},{"source":"1153","target":"1800"},{"source":"1153","target":"1804"},{"source":"1153","target":"1809"},{"source":"1153","target":"1810"},{"source":"1153","target":"1811"},{"source":"1153","target":"1816"},{"source":"1153","target":"1823"},{"source":"1153","target":"1826"},{"source":"1153","target":"1832"},{"source":"1153","target":"1833"},{"source":"1153","target":"1839"},{"source":"1153","target":"1842"},{"source":"1153","target":"1845"},{"source":"1153","target":"1849"},{"source":"1153","target":"1868"},{"source":"1153","target":"1879"},{"source":"1153","target":"1886"},{"source":"1153","target":"1888"},{"source":"1153","target":"1898"},{"source":"1153","target":"1902"},{"source":"1154","target":"1295"},{"source":"1154","target":"1349"},{"source":"1154","target":"1356"},{"source":"1154","target":"1531"},{"source":"1154","target":"1543"},{"source":"1154","target":"1785"},{"source":"1155","target":"1179"},{"source":"1155","target":"1237"},{"source":"1155","target":"1320"},{"source":"1155","target":"1349"},{"source":"1155","target":"1358"},{"source":"1155","target":"1400"},{"source":"1155","target":"1408"},{"source":"1155","target":"1420"},{"source":"1155","target":"1487"},{"source":"1155","target":"1490"},{"source":"1155","target":"1506"},{"source":"1155","target":"1574"},{"source":"1155","target":"1616"},{"source":"1155","target":"1621"},{"source":"1155","target":"1631"},{"source":"1155","target":"1637"},{"source":"1155","target":"1645"},{"source":"1155","target":"1673"},{"source":"1155","target":"1677"},{"source":"1155","target":"1679"},{"source":"1155","target":"1767"},{"source":"1155","target":"1844"},{"source":"1155","target":"1878"},{"source":"1155","target":"1882"},{"source":"1156","target":"1172"},{"source":"1156","target":"1173"},{"source":"1156","target":"1175"},{"source":"1156","target":"1199"},{"source":"1156","target":"1211"},{"source":"1156","target":"1230"},{"source":"1156","target":"1238"},{"source":"1156","target":"1256"},{"source":"1156","target":"1271"},{"source":"1156","target":"1288"},{"source":"1156","target":"1291"},{"source":"1156","target":"1323"},{"source":"1156","target":"1331"},{"source":"1156","target":"1352"},{"source":"1156","target":"1370"},{"source":"1156","target":"1375"},{"source":"1156","target":"1377"},{"source":"1156","target":"1388"},{"source":"1156","target":"1390"},{"source":"1156","target":"1391"},{"source":"1156","target":"1399"},{"source":"1156","target":"1401"},{"source":"1156","target":"1431"},{"source":"1156","target":"1437"},{"source":"1156","target":"1447"},{"source":"1156","target":"1449"},{"source":"1156","target":"1456"},{"source":"1156","target":"1470"},{"source":"1156","target":"1483"},{"source":"1156","target":"1488"},{"source":"1156","target":"1517"},{"source":"1156","target":"1520"},{"source":"1156","target":"1538"},{"source":"1156","target":"1542"},{"source":"1156","target":"1551"},{"source":"1156","target":"1556"},{"source":"1156","target":"1557"},{"source":"1156","target":"1563"},{"source":"1156","target":"1570"},{"source":"1156","target":"1584"},{"source":"1156","target":"1589"},{"source":"1156","target":"1603"},{"source":"1156","target":"1604"},{"source":"1156","target":"1605"},{"source":"1156","target":"1609"},{"source":"1156","target":"1610"},{"source":"1156","target":"1612"},{"source":"1156","target":"1619"},{"source":"1156","target":"1622"},{"source":"1156","target":"1632"},{"source":"1156","target":"1652"},{"source":"1156","target":"1653"},{"source":"1156","target":"1665"},{"source":"1156","target":"1668"},{"source":"1156","target":"1669"},{"source":"1156","target":"1685"},{"source":"1156","target":"1707"},{"source":"1156","target":"1722"},{"source":"1156","target":"1730"},{"source":"1156","target":"1736"},{"source":"1156","target":"1746"},{"source":"1156","target":"1789"},{"source":"1156","target":"1799"},{"source":"1156","target":"1800"},{"source":"1156","target":"1804"},{"source":"1156","target":"1809"},{"source":"1156","target":"1810"},{"source":"1156","target":"1816"},{"source":"1156","target":"1823"},{"source":"1156","target":"1826"},{"source":"1156","target":"1833"},{"source":"1156","target":"1839"},{"source":"1156","target":"1845"},{"source":"1156","target":"1868"},{"source":"1156","target":"1886"},{"source":"1156","target":"1888"},{"source":"1156","target":"1891"},{"source":"1156","target":"1898"},{"source":"1157","target":"1383"},{"source":"1157","target":"1501"},{"source":"1157","target":"1594"},{"source":"1157","target":"1909"},{"source":"1158","target":"1192"},{"source":"1158","target":"1215"},{"source":"1158","target":"1227"},{"source":"1158","target":"1235"},{"source":"1158","target":"1277"},{"source":"1158","target":"1284"},{"source":"1158","target":"1292"},{"source":"1158","target":"1298"},{"source":"1158","target":"1322"},{"source":"1158","target":"1345"},{"source":"1158","target":"1347"},{"source":"1158","target":"1381"},{"source":"1158","target":"1392"},{"source":"1158","target":"1413"},{"source":"1158","target":"1423"},{"source":"1158","target":"1432"},{"source":"1158","target":"1448"},{"source":"1158","target":"1454"},{"source":"1158","target":"1459"},{"source":"1158","target":"1462"},{"source":"1158","target":"1479"},{"source":"1158","target":"1495"},{"source":"1158","target":"1502"},{"source":"1158","target":"1503"},{"source":"1158","target":"1550"},{"source":"1158","target":"1573"},{"source":"1158","target":"1576"},{"source":"1158","target":"1583"},{"source":"1158","target":"1591"},{"source":"1158","target":"1596"},{"source":"1158","target":"1611"},{"source":"1158","target":"1628"},{"source":"1158","target":"1636"},{"source":"1158","target":"1649"},{"source":"1158","target":"1691"},{"source":"1158","target":"1715"},{"source":"1158","target":"1716"},{"source":"1158","target":"1729"},{"source":"1158","target":"1732"},{"source":"1158","target":"1783"},{"source":"1158","target":"1841"},{"source":"1158","target":"1857"},{"source":"1158","target":"1871"},{"source":"1158","target":"1872"},{"source":"1158","target":"1893"},{"source":"1158","target":"1899"},{"source":"1158","target":"1903"},{"source":"1159","target":"1167"},{"source":"1159","target":"1170"},{"source":"1159","target":"1183"},{"source":"1159","target":"1188"},{"source":"1159","target":"1217"},{"source":"1159","target":"1221"},{"source":"1159","target":"1225"},{"source":"1159","target":"1227"},{"source":"1159","target":"1228"},{"source":"1159","target":"1241"},{"source":"1159","target":"1246"},{"source":"1159","target":"1258"},{"source":"1159","target":"1260"},{"source":"1159","target":"1275"},{"source":"1159","target":"1299"},{"source":"1159","target":"1306"},{"source":"1159","target":"1310"},{"source":"1159","target":"1338"},{"source":"1159","target":"1355"},{"source":"1159","target":"1366"},{"source":"1159","target":"1412"},{"source":"1159","target":"1418"},{"source":"1159","target":"1435"},{"source":"1159","target":"1444"},{"source":"1159","target":"1472"},{"source":"1159","target":"1473"},{"source":"1159","target":"1481"},{"source":"1159","target":"1496"},{"source":"1159","target":"1500"},{"source":"1159","target":"1504"},{"source":"1159","target":"1507"},{"source":"1159","target":"1525"},{"source":"1159","target":"1536"},{"source":"1159","target":"1569"},{"source":"1159","target":"1584"},{"source":"1159","target":"1591"},{"source":"1159","target":"1630"},{"source":"1159","target":"1634"},{"source":"1159","target":"1686"},{"source":"1159","target":"1699"},{"source":"1159","target":"1703"},{"source":"1159","target":"1738"},{"source":"1159","target":"1781"},{"source":"1159","target":"1783"},{"source":"1159","target":"1785"},{"source":"1159","target":"1807"},{"source":"1159","target":"1828"},{"source":"1159","target":"1876"},{"source":"1160","target":"1173"},{"source":"1160","target":"1180"},{"source":"1160","target":"1191"},{"source":"1160","target":"1201"},{"source":"1160","target":"1205"},{"source":"1160","target":"1214"},{"source":"1160","target":"1222"},{"source":"1160","target":"1238"},{"source":"1160","target":"1243"},{"source":"1160","target":"1255"},{"source":"1160","target":"1256"},{"source":"1160","target":"1280"},{"source":"1160","target":"1323"},{"source":"1160","target":"1330"},{"source":"1160","target":"1331"},{"source":"1160","target":"1352"},{"source":"1160","target":"1359"},{"source":"1160","target":"1361"},{"source":"1160","target":"1377"},{"source":"1160","target":"1380"},{"source":"1160","target":"1388"},{"source":"1160","target":"1391"},{"source":"1160","target":"1402"},{"source":"1160","target":"1409"},{"source":"1160","target":"1447"},{"source":"1160","target":"1470"},{"source":"1160","target":"1483"},{"source":"1160","target":"1487"},{"source":"1160","target":"1488"},{"source":"1160","target":"1519"},{"source":"1160","target":"1535"},{"source":"1160","target":"1551"},{"source":"1160","target":"1559"},{"source":"1160","target":"1570"},{"source":"1160","target":"1571"},{"source":"1160","target":"1600"},{"source":"1160","target":"1604"},{"source":"1160","target":"1605"},{"source":"1160","target":"1608"},{"source":"1160","target":"1609"},{"source":"1160","target":"1610"},{"source":"1160","target":"1620"},{"source":"1160","target":"1637"},{"source":"1160","target":"1662"},{"source":"1160","target":"1663"},{"source":"1160","target":"1665"},{"source":"1160","target":"1669"},{"source":"1160","target":"1675"},{"source":"1160","target":"1688"},{"source":"1160","target":"1707"},{"source":"1160","target":"1722"},{"source":"1160","target":"1723"},{"source":"1160","target":"1736"},{"source":"1160","target":"1741"},{"source":"1160","target":"1768"},{"source":"1160","target":"1793"},{"source":"1160","target":"1800"},{"source":"1160","target":"1804"},{"source":"1160","target":"1809"},{"source":"1160","target":"1813"},{"source":"1160","target":"1826"},{"source":"1160","target":"1835"},{"source":"1160","target":"1842"},{"source":"1160","target":"1849"},{"source":"1160","target":"1861"},{"source":"1160","target":"1868"},{"source":"1160","target":"1888"},{"source":"1160","target":"1898"},{"source":"1160","target":"1902"},{"source":"1161","target":"1283"},{"source":"1161","target":"1321"},{"source":"1161","target":"1327"},{"source":"1161","target":"1337"},{"source":"1161","target":"1518"},{"source":"1161","target":"1540"},{"source":"1161","target":"1561"},{"source":"1161","target":"1618"},{"source":"1161","target":"1626"},{"source":"1161","target":"1656"},{"source":"1161","target":"1702"},{"source":"1161","target":"1779"},{"source":"1161","target":"1846"},{"source":"1161","target":"1858"},{"source":"1161","target":"1909"},{"source":"1161","target":"1911"},{"source":"1162","target":"1599"},{"source":"1162","target":"1696"},{"source":"1162","target":"1731"},{"source":"1162","target":"1761"},{"source":"1162","target":"1814"},{"source":"1162","target":"1831"},{"source":"1162","target":"1901"},{"source":"1163","target":"1172"},{"source":"1163","target":"1181"},{"source":"1163","target":"1184"},{"source":"1163","target":"1185"},{"source":"1163","target":"1199"},{"source":"1163","target":"1207"},{"source":"1163","target":"1238"},{"source":"1163","target":"1256"},{"source":"1163","target":"1271"},{"source":"1163","target":"1285"},{"source":"1163","target":"1288"},{"source":"1163","target":"1305"},{"source":"1163","target":"1331"},{"source":"1163","target":"1335"},{"source":"1163","target":"1351"},{"source":"1163","target":"1352"},{"source":"1163","target":"1367"},{"source":"1163","target":"1370"},{"source":"1163","target":"1380"},{"source":"1163","target":"1390"},{"source":"1163","target":"1399"},{"source":"1163","target":"1431"},{"source":"1163","target":"1447"},{"source":"1163","target":"1449"},{"source":"1163","target":"1456"},{"source":"1163","target":"1471"},{"source":"1163","target":"1480"},{"source":"1163","target":"1488"},{"source":"1163","target":"1516"},{"source":"1163","target":"1547"},{"source":"1163","target":"1556"},{"source":"1163","target":"1559"},{"source":"1163","target":"1580"},{"source":"1163","target":"1584"},{"source":"1163","target":"1589"},{"source":"1163","target":"1598"},{"source":"1163","target":"1604"},{"source":"1163","target":"1605"},{"source":"1163","target":"1610"},{"source":"1163","target":"1613"},{"source":"1163","target":"1617"},{"source":"1163","target":"1619"},{"source":"1163","target":"1621"},{"source":"1163","target":"1622"},{"source":"1163","target":"1652"},{"source":"1163","target":"1663"},{"source":"1163","target":"1665"},{"source":"1163","target":"1668"},{"source":"1163","target":"1707"},{"source":"1163","target":"1712"},{"source":"1163","target":"1714"},{"source":"1163","target":"1736"},{"source":"1163","target":"1746"},{"source":"1163","target":"1757"},{"source":"1163","target":"1789"},{"source":"1163","target":"1791"},{"source":"1163","target":"1800"},{"source":"1163","target":"1804"},{"source":"1163","target":"1809"},{"source":"1163","target":"1816"},{"source":"1163","target":"1826"},{"source":"1163","target":"1832"},{"source":"1163","target":"1833"},{"source":"1163","target":"1839"},{"source":"1163","target":"1863"},{"source":"1163","target":"1868"},{"source":"1163","target":"1879"},{"source":"1163","target":"1886"},{"source":"1163","target":"1888"},{"source":"1163","target":"1898"},{"source":"1164","target":"1329"},{"source":"1164","target":"1334"},{"source":"1164","target":"1352"},{"source":"1164","target":"1377"},{"source":"1164","target":"1391"},{"source":"1164","target":"1520"},{"source":"1164","target":"1557"},{"source":"1164","target":"1570"},{"source":"1164","target":"1584"},{"source":"1164","target":"1600"},{"source":"1164","target":"1603"},{"source":"1164","target":"1644"},{"source":"1164","target":"1663"},{"source":"1164","target":"1675"},{"source":"1164","target":"1685"},{"source":"1164","target":"1730"},{"source":"1164","target":"1734"},{"source":"1164","target":"1761"},{"source":"1164","target":"1765"},{"source":"1165","target":"1178"},{"source":"1165","target":"1182"},{"source":"1165","target":"1254"},{"source":"1165","target":"1283"},{"source":"1165","target":"1317"},{"source":"1165","target":"1369"},{"source":"1165","target":"1384"},{"source":"1165","target":"1419"},{"source":"1165","target":"1421"},{"source":"1165","target":"1461"},{"source":"1165","target":"1505"},{"source":"1165","target":"1561"},{"source":"1165","target":"1641"},{"source":"1165","target":"1718"},{"source":"1165","target":"1719"},{"source":"1165","target":"1758"},{"source":"1165","target":"1866"},{"source":"1166","target":"1221"},{"source":"1166","target":"1241"},{"source":"1166","target":"1245"},{"source":"1166","target":"1258"},{"source":"1166","target":"1261"},{"source":"1166","target":"1273"},{"source":"1166","target":"1282"},{"source":"1166","target":"1306"},{"source":"1166","target":"1316"},{"source":"1166","target":"1324"},{"source":"1166","target":"1338"},{"source":"1166","target":"1350"},{"source":"1166","target":"1366"},{"source":"1166","target":"1373"},{"source":"1166","target":"1382"},{"source":"1166","target":"1396"},{"source":"1166","target":"1472"},{"source":"1166","target":"1495"},{"source":"1166","target":"1503"},{"source":"1166","target":"1504"},{"source":"1166","target":"1515"},{"source":"1166","target":"1525"},{"source":"1166","target":"1536"},{"source":"1166","target":"1595"},{"source":"1166","target":"1638"},{"source":"1166","target":"1661"},{"source":"1166","target":"1703"},{"source":"1166","target":"1725"},{"source":"1166","target":"1729"},{"source":"1166","target":"1742"},{"source":"1166","target":"1751"},{"source":"1166","target":"1783"},{"source":"1166","target":"1786"},{"source":"1166","target":"1812"},{"source":"1166","target":"1820"},{"source":"1166","target":"1824"},{"source":"1166","target":"1828"},{"source":"1166","target":"1871"},{"source":"1166","target":"1876"},{"source":"1166","target":"1893"},{"source":"1166","target":"1894"},{"source":"1167","target":"1188"},{"source":"1167","target":"1225"},{"source":"1167","target":"1241"},{"source":"1167","target":"1246"},{"source":"1167","target":"1260"},{"source":"1167","target":"1275"},{"source":"1167","target":"1299"},{"source":"1167","target":"1310"},{"source":"1167","target":"1338"},{"source":"1167","target":"1355"},{"source":"1167","target":"1472"},{"source":"1167","target":"1481"},{"source":"1167","target":"1500"},{"source":"1167","target":"1504"},{"source":"1167","target":"1536"},{"source":"1167","target":"1569"},{"source":"1167","target":"1630"},{"source":"1167","target":"1633"},{"source":"1167","target":"1686"},{"source":"1167","target":"1703"},{"source":"1167","target":"1709"},{"source":"1167","target":"1783"},{"source":"1167","target":"1876"},{"source":"1168","target":"1472"},{"source":"1168","target":"1667"},{"source":"1169","target":"1249"},{"source":"1169","target":"1306"},{"source":"1169","target":"1428"},{"source":"1169","target":"1482"},{"source":"1169","target":"1529"},{"source":"1169","target":"1624"},{"source":"1169","target":"1703"},{"source":"1169","target":"1709"},{"source":"1169","target":"1748"},{"source":"1169","target":"1831"},{"source":"1169","target":"1904"},{"source":"1170","target":"1213"},{"source":"1170","target":"1228"},{"source":"1170","target":"1273"},{"source":"1170","target":"1275"},{"source":"1170","target":"1282"},{"source":"1170","target":"1296"},{"source":"1170","target":"1303"},{"source":"1170","target":"1406"},{"source":"1170","target":"1412"},{"source":"1170","target":"1495"},{"source":"1170","target":"1500"},{"source":"1170","target":"1549"},{"source":"1170","target":"1691"},{"source":"1170","target":"1742"},{"source":"1170","target":"1745"},{"source":"1170","target":"1781"},{"source":"1170","target":"1783"},{"source":"1170","target":"1786"},{"source":"1170","target":"1820"},{"source":"1170","target":"1857"},{"source":"1170","target":"1871"},{"source":"1170","target":"1893"},{"source":"1170","target":"1894"},{"source":"1171","target":"1173"},{"source":"1171","target":"1182"},{"source":"1171","target":"1297"},{"source":"1171","target":"1387"},{"source":"1171","target":"1450"},{"source":"1171","target":"1465"},{"source":"1171","target":"1486"},{"source":"1171","target":"1534"},{"source":"1171","target":"1642"},{"source":"1171","target":"1684"},{"source":"1171","target":"1883"},{"source":"1171","target":"1908"},{"source":"1171","target":"2677"},{"source":"1171","target":"2826"},{"source":"1171","target":"3290"},{"source":"1172","target":"1173"},{"source":"1172","target":"1191"},{"source":"1172","target":"1199"},{"source":"1172","target":"1201"},{"source":"1172","target":"1205"},{"source":"1172","target":"1211"},{"source":"1172","target":"1214"},{"source":"1172","target":"1219"},{"source":"1172","target":"1222"},{"source":"1172","target":"1230"},{"source":"1172","target":"1238"},{"source":"1172","target":"1256"},{"source":"1172","target":"1280"},{"source":"1172","target":"1289"},{"source":"1172","target":"1293"},{"source":"1172","target":"1330"},{"source":"1172","target":"1331"},{"source":"1172","target":"1335"},{"source":"1172","target":"1341"},{"source":"1172","target":"1351"},{"source":"1172","target":"1352"},{"source":"1172","target":"1361"},{"source":"1172","target":"1376"},{"source":"1172","target":"1388"},{"source":"1172","target":"1390"},{"source":"1172","target":"1399"},{"source":"1172","target":"1409"},{"source":"1172","target":"1420"},{"source":"1172","target":"1431"},{"source":"1172","target":"1447"},{"source":"1172","target":"1456"},{"source":"1172","target":"1471"},{"source":"1172","target":"1480"},{"source":"1172","target":"1483"},{"source":"1172","target":"1517"},{"source":"1172","target":"1530"},{"source":"1172","target":"1535"},{"source":"1172","target":"1547"},{"source":"1172","target":"1551"},{"source":"1172","target":"1554"},{"source":"1172","target":"1559"},{"source":"1172","target":"1580"},{"source":"1172","target":"1584"},{"source":"1172","target":"1589"},{"source":"1172","target":"1597"},{"source":"1172","target":"1598"},{"source":"1172","target":"1604"},{"source":"1172","target":"1605"},{"source":"1172","target":"1609"},{"source":"1172","target":"1610"},{"source":"1172","target":"1613"},{"source":"1172","target":"1619"},{"source":"1172","target":"1621"},{"source":"1172","target":"1637"},{"source":"1172","target":"1662"},{"source":"1172","target":"1663"},{"source":"1172","target":"1665"},{"source":"1172","target":"1668"},{"source":"1172","target":"1689"},{"source":"1172","target":"1707"},{"source":"1172","target":"1714"},{"source":"1172","target":"1721"},{"source":"1172","target":"1730"},{"source":"1172","target":"1736"},{"source":"1172","target":"1746"},{"source":"1172","target":"1750"},{"source":"1172","target":"1757"},{"source":"1172","target":"1768"},{"source":"1172","target":"1791"},{"source":"1172","target":"1793"},{"source":"1172","target":"1800"},{"source":"1172","target":"1804"},{"source":"1172","target":"1809"},{"source":"1172","target":"1813"},{"source":"1172","target":"1816"},{"source":"1172","target":"1821"},{"source":"1172","target":"1823"},{"source":"1172","target":"1833"},{"source":"1172","target":"1839"},{"source":"1172","target":"1842"},{"source":"1172","target":"1849"},{"source":"1172","target":"1868"},{"source":"1172","target":"1879"},{"source":"1172","target":"1888"},{"source":"1172","target":"1902"},{"source":"1173","target":"1180"},{"source":"1173","target":"1191"},{"source":"1173","target":"1199"},{"source":"1173","target":"1201"},{"source":"1173","target":"1205"},{"source":"1173","target":"1214"},{"source":"1173","target":"1219"},{"source":"1173","target":"1222"},{"source":"1173","target":"1238"},{"source":"1173","target":"1243"},{"source":"1173","target":"1256"},{"source":"1173","target":"1271"},{"source":"1173","target":"1280"},{"source":"1173","target":"1323"},{"source":"1173","target":"1329"},{"source":"1173","target":"1330"},{"source":"1173","target":"1331"},{"source":"1173","target":"1335"},{"source":"1173","target":"1359"},{"source":"1173","target":"1377"},{"source":"1173","target":"1388"},{"source":"1173","target":"1389"},{"source":"1173","target":"1390"},{"source":"1173","target":"1391"},{"source":"1173","target":"1409"},{"source":"1173","target":"1431"},{"source":"1173","target":"1447"},{"source":"1173","target":"1460"},{"source":"1173","target":"1470"},{"source":"1173","target":"1483"},{"source":"1173","target":"1487"},{"source":"1173","target":"1509"},{"source":"1173","target":"1517"},{"source":"1173","target":"1519"},{"source":"1173","target":"1520"},{"source":"1173","target":"1522"},{"source":"1173","target":"1527"},{"source":"1173","target":"1534"},{"source":"1173","target":"1535"},{"source":"1173","target":"1539"},{"source":"1173","target":"1551"},{"source":"1173","target":"1553"},{"source":"1173","target":"1554"},{"source":"1173","target":"1557"},{"source":"1173","target":"1559"},{"source":"1173","target":"1570"},{"source":"1173","target":"1577"},{"source":"1173","target":"1580"},{"source":"1173","target":"1584"},{"source":"1173","target":"1590"},{"source":"1173","target":"1604"},{"source":"1173","target":"1605"},{"source":"1173","target":"1608"},{"source":"1173","target":"1609"},{"source":"1173","target":"1610"},{"source":"1173","target":"1613"},{"source":"1173","target":"1620"},{"source":"1173","target":"1637"},{"source":"1173","target":"1639"},{"source":"1173","target":"1663"},{"source":"1173","target":"1665"},{"source":"1173","target":"1669"},{"source":"1173","target":"1674"},{"source":"1173","target":"1675"},{"source":"1173","target":"1688"},{"source":"1173","target":"1698"},{"source":"1173","target":"1707"},{"source":"1173","target":"1717"},{"source":"1173","target":"1722"},{"source":"1173","target":"1730"},{"source":"1173","target":"1741"},{"source":"1173","target":"1768"},{"source":"1173","target":"1772"},{"source":"1173","target":"1791"},{"source":"1173","target":"1793"},{"source":"1173","target":"1800"},{"source":"1173","target":"1804"},{"source":"1173","target":"1811"},{"source":"1173","target":"1813"},{"source":"1173","target":"1826"},{"source":"1173","target":"1842"},{"source":"1173","target":"1861"},{"source":"1173","target":"1867"},{"source":"1173","target":"1868"},{"source":"1173","target":"1879"},{"source":"1173","target":"1888"},{"source":"1173","target":"1898"},{"source":"1173","target":"1900"},{"source":"1173","target":"1902"},{"source":"1174","target":"1251"},{"source":"1174","target":"1328"},{"source":"1174","target":"1410"},{"source":"1174","target":"1421"},{"source":"1174","target":"1433"},{"source":"1174","target":"1494"},{"source":"1174","target":"1511"},{"source":"1174","target":"1676"},{"source":"1174","target":"1687"},{"source":"1174","target":"1705"},{"source":"1174","target":"1719"},{"source":"1174","target":"1803"},{"source":"1174","target":"1825"},{"source":"1175","target":"1180"},{"source":"1175","target":"1185"},{"source":"1175","target":"1191"},{"source":"1175","target":"1195"},{"source":"1175","target":"1196"},{"source":"1175","target":"1201"},{"source":"1175","target":"1214"},{"source":"1175","target":"1222"},{"source":"1175","target":"1230"},{"source":"1175","target":"1255"},{"source":"1175","target":"1265"},{"source":"1175","target":"1269"},{"source":"1175","target":"1272"},{"source":"1175","target":"1280"},{"source":"1175","target":"1288"},{"source":"1175","target":"1291"},{"source":"1175","target":"1302"},{"source":"1175","target":"1305"},{"source":"1175","target":"1312"},{"source":"1175","target":"1329"},{"source":"1175","target":"1331"},{"source":"1175","target":"1334"},{"source":"1175","target":"1352"},{"source":"1175","target":"1376"},{"source":"1175","target":"1377"},{"source":"1175","target":"1380"},{"source":"1175","target":"1390"},{"source":"1175","target":"1391"},{"source":"1175","target":"1398"},{"source":"1175","target":"1405"},{"source":"1175","target":"1409"},{"source":"1175","target":"1416"},{"source":"1175","target":"1420"},{"source":"1175","target":"1431"},{"source":"1175","target":"1447"},{"source":"1175","target":"1456"},{"source":"1175","target":"1457"},{"source":"1175","target":"1460"},{"source":"1175","target":"1467"},{"source":"1175","target":"1471"},{"source":"1175","target":"1480"},{"source":"1175","target":"1484"},{"source":"1175","target":"1485"},{"source":"1175","target":"1509"},{"source":"1175","target":"1513"},{"source":"1175","target":"1522"},{"source":"1175","target":"1528"},{"source":"1175","target":"1540"},{"source":"1175","target":"1547"},{"source":"1175","target":"1554"},{"source":"1175","target":"1557"},{"source":"1175","target":"1559"},{"source":"1175","target":"1570"},{"source":"1175","target":"1590"},{"source":"1175","target":"1598"},{"source":"1175","target":"1600"},{"source":"1175","target":"1608"},{"source":"1175","target":"1610"},{"source":"1175","target":"1612"},{"source":"1175","target":"1614"},{"source":"1175","target":"1617"},{"source":"1175","target":"1620"},{"source":"1175","target":"1621"},{"source":"1175","target":"1622"},{"source":"1175","target":"1637"},{"source":"1175","target":"1639"},{"source":"1175","target":"1644"},{"source":"1175","target":"1652"},{"source":"1175","target":"1662"},{"source":"1175","target":"1663"},{"source":"1175","target":"1668"},{"source":"1175","target":"1675"},{"source":"1175","target":"1707"},{"source":"1175","target":"1717"},{"source":"1175","target":"1724"},{"source":"1175","target":"1730"},{"source":"1175","target":"1736"},{"source":"1175","target":"1741"},{"source":"1175","target":"1765"},{"source":"1175","target":"1768"},{"source":"1175","target":"1774"},{"source":"1175","target":"1782"},{"source":"1175","target":"1789"},{"source":"1175","target":"1800"},{"source":"1175","target":"1804"},{"source":"1175","target":"1809"},{"source":"1175","target":"1811"},{"source":"1175","target":"1819"},{"source":"1175","target":"1823"},{"source":"1175","target":"1827"},{"source":"1175","target":"1833"},{"source":"1175","target":"1835"},{"source":"1175","target":"1842"},{"source":"1175","target":"1846"},{"source":"1175","target":"1851"},{"source":"1175","target":"1861"},{"source":"1175","target":"1863"},{"source":"1175","target":"1867"},{"source":"1175","target":"1879"},{"source":"1175","target":"1888"},{"source":"1175","target":"1891"},{"source":"1175","target":"1902"},{"source":"1176","target":"1591"},{"source":"1177","target":"1218"},{"source":"1177","target":"1403"},{"source":"1177","target":"1424"},{"source":"1177","target":"1436"},{"source":"1177","target":"1499"},{"source":"1177","target":"1641"},{"source":"1177","target":"1889"},{"source":"1177","target":"1896"},{"source":"1178","target":"1369"},{"source":"1178","target":"1419"},{"source":"1178","target":"1461"},{"source":"1178","target":"1641"},{"source":"1178","target":"1758"},{"source":"1178","target":"1803"},{"source":"1178","target":"1866"},{"source":"1179","target":"1210"},{"source":"1179","target":"1223"},{"source":"1179","target":"1237"},{"source":"1179","target":"1300"},{"source":"1179","target":"1320"},{"source":"1179","target":"1349"},{"source":"1179","target":"1357"},{"source":"1179","target":"1358"},{"source":"1179","target":"1374"},{"source":"1179","target":"1400"},{"source":"1179","target":"1512"},{"source":"1179","target":"1545"},{"source":"1179","target":"1574"},{"source":"1179","target":"1606"},{"source":"1179","target":"1616"},{"source":"1179","target":"1631"},{"source":"1179","target":"1645"},{"source":"1179","target":"1673"},{"source":"1179","target":"1692"},{"source":"1179","target":"1740"},{"source":"1179","target":"1744"},{"source":"1179","target":"1767"},{"source":"1179","target":"1778"},{"source":"1179","target":"1882"},{"source":"1180","target":"1205"},{"source":"1180","target":"1214"},{"source":"1180","target":"1222"},{"source":"1180","target":"1238"},{"source":"1180","target":"1280"},{"source":"1180","target":"1330"},{"source":"1180","target":"1331"},{"source":"1180","target":"1352"},{"source":"1180","target":"1377"},{"source":"1180","target":"1388"},{"source":"1180","target":"1447"},{"source":"1180","target":"1470"},{"source":"1180","target":"1471"},{"source":"1180","target":"1483"},{"source":"1180","target":"1520"},{"source":"1180","target":"1551"},{"source":"1180","target":"1554"},{"source":"1180","target":"1598"},{"source":"1180","target":"1600"},{"source":"1180","target":"1663"},{"source":"1180","target":"1665"},{"source":"1180","target":"1685"},{"source":"1180","target":"1730"},{"source":"1180","target":"1741"},{"source":"1180","target":"1789"},{"source":"1180","target":"1793"},{"source":"1180","target":"1804"},{"source":"1180","target":"1813"},{"source":"1180","target":"1826"},{"source":"1180","target":"1835"},{"source":"1180","target":"1868"},{"source":"1180","target":"1879"},{"source":"1180","target":"1888"},{"source":"1181","target":"1184"},{"source":"1181","target":"1185"},{"source":"1181","target":"1198"},{"source":"1181","target":"1199"},{"source":"1181","target":"1211"},{"source":"1181","target":"1242"},{"source":"1181","target":"1250"},{"source":"1181","target":"1267"},{"source":"1181","target":"1289"},{"source":"1181","target":"1335"},{"source":"1181","target":"1339"},{"source":"1181","target":"1340"},{"source":"1181","target":"1344"},{"source":"1181","target":"1352"},{"source":"1181","target":"1365"},{"source":"1181","target":"1367"},{"source":"1181","target":"1375"},{"source":"1181","target":"1391"},{"source":"1181","target":"1399"},{"source":"1181","target":"1416"},{"source":"1181","target":"1431"},{"source":"1181","target":"1447"},{"source":"1181","target":"1491"},{"source":"1181","target":"1516"},{"source":"1181","target":"1522"},{"source":"1181","target":"1530"},{"source":"1181","target":"1532"},{"source":"1181","target":"1547"},{"source":"1181","target":"1554"},{"source":"1181","target":"1557"},{"source":"1181","target":"1584"},{"source":"1181","target":"1589"},{"source":"1181","target":"1597"},{"source":"1181","target":"1600"},{"source":"1181","target":"1603"},{"source":"1181","target":"1610"},{"source":"1181","target":"1612"},{"source":"1181","target":"1613"},{"source":"1181","target":"1621"},{"source":"1181","target":"1623"},{"source":"1181","target":"1632"},{"source":"1181","target":"1643"},{"source":"1181","target":"1644"},{"source":"1181","target":"1653"},{"source":"1181","target":"1662"},{"source":"1181","target":"1663"},{"source":"1181","target":"1683"},{"source":"1181","target":"1689"},{"source":"1181","target":"1700"},{"source":"1181","target":"1707"},{"source":"1181","target":"1714"},{"source":"1181","target":"1717"},{"source":"1181","target":"1721"},{"source":"1181","target":"1736"},{"source":"1181","target":"1737"},{"source":"1181","target":"1746"},{"source":"1181","target":"1750"},{"source":"1181","target":"1752"},{"source":"1181","target":"1793"},{"source":"1181","target":"1795"},{"source":"1181","target":"1799"},{"source":"1181","target":"1800"},{"source":"1181","target":"1804"},{"source":"1181","target":"1810"},{"source":"1181","target":"1813"},{"source":"1181","target":"1816"},{"source":"1181","target":"1826"},{"source":"1181","target":"1827"},{"source":"1181","target":"1833"},{"source":"1181","target":"1839"},{"source":"1181","target":"1849"},{"source":"1181","target":"1867"},{"source":"1181","target":"1879"},{"source":"1181","target":"1886"},{"source":"1181","target":"1888"},{"source":"1182","target":"1185"},{"source":"1182","target":"1191"},{"source":"1182","target":"1195"},{"source":"1182","target":"1243"},{"source":"1182","target":"1255"},{"source":"1182","target":"1265"},{"source":"1182","target":"1269"},{"source":"1182","target":"1312"},{"source":"1182","target":"1329"},{"source":"1182","target":"1334"},{"source":"1182","target":"1352"},{"source":"1182","target":"1369"},{"source":"1182","target":"1376"},{"source":"1182","target":"1377"},{"source":"1182","target":"1391"},{"source":"1182","target":"1399"},{"source":"1182","target":"1405"},{"source":"1182","target":"1420"},{"source":"1182","target":"1431"},{"source":"1182","target":"1509"},{"source":"1182","target":"1522"},{"source":"1182","target":"1528"},{"source":"1182","target":"1539"},{"source":"1182","target":"1554"},{"source":"1182","target":"1559"},{"source":"1182","target":"1570"},{"source":"1182","target":"1584"},{"source":"1182","target":"1589"},{"source":"1182","target":"1603"},{"source":"1182","target":"1608"},{"source":"1182","target":"1609"},{"source":"1182","target":"1612"},{"source":"1182","target":"1613"},{"source":"1182","target":"1617"},{"source":"1182","target":"1637"},{"source":"1182","target":"1639"},{"source":"1182","target":"1643"},{"source":"1182","target":"1663"},{"source":"1182","target":"1669"},{"source":"1182","target":"1675"},{"source":"1182","target":"1714"},{"source":"1182","target":"1718"},{"source":"1182","target":"1730"},{"source":"1182","target":"1753"},{"source":"1182","target":"1757"},{"source":"1182","target":"1761"},{"source":"1182","target":"1768"},{"source":"1182","target":"1782"},{"source":"1182","target":"1804"},{"source":"1182","target":"1835"},{"source":"1182","target":"1851"},{"source":"1182","target":"1888"},{"source":"1183","target":"1217"},{"source":"1183","target":"1223"},{"source":"1183","target":"1246"},{"source":"1183","target":"1338"},{"source":"1183","target":"1343"},{"source":"1183","target":"1366"},{"source":"1183","target":"1436"},{"source":"1183","target":"1444"},{"source":"1183","target":"1472"},{"source":"1183","target":"1525"},{"source":"1183","target":"1529"},{"source":"1183","target":"1536"},{"source":"1183","target":"1540"},{"source":"1183","target":"1569"},{"source":"1183","target":"1630"},{"source":"1183","target":"1667"},{"source":"1183","target":"1686"},{"source":"1183","target":"1699"},{"source":"1183","target":"1703"},{"source":"1183","target":"1783"},{"source":"1183","target":"1794"},{"source":"1183","target":"1807"},{"source":"1183","target":"1876"},{"source":"1184","target":"1185"},{"source":"1184","target":"1198"},{"source":"1184","target":"1199"},{"source":"1184","target":"1209"},{"source":"1184","target":"1211"},{"source":"1184","target":"1237"},{"source":"1184","target":"1242"},{"source":"1184","target":"1250"},{"source":"1184","target":"1255"},{"source":"1184","target":"1267"},{"source":"1184","target":"1269"},{"source":"1184","target":"1278"},{"source":"1184","target":"1287"},{"source":"1184","target":"1288"},{"source":"1184","target":"1331"},{"source":"1184","target":"1335"},{"source":"1184","target":"1339"},{"source":"1184","target":"1340"},{"source":"1184","target":"1341"},{"source":"1184","target":"1344"},{"source":"1184","target":"1351"},{"source":"1184","target":"1352"},{"source":"1184","target":"1361"},{"source":"1184","target":"1367"},{"source":"1184","target":"1375"},{"source":"1184","target":"1376"},{"source":"1184","target":"1390"},{"source":"1184","target":"1391"},{"source":"1184","target":"1399"},{"source":"1184","target":"1402"},{"source":"1184","target":"1416"},{"source":"1184","target":"1420"},{"source":"1184","target":"1431"},{"source":"1184","target":"1435"},{"source":"1184","target":"1456"},{"source":"1184","target":"1471"},{"source":"1184","target":"1488"},{"source":"1184","target":"1491"},{"source":"1184","target":"1509"},{"source":"1184","target":"1516"},{"source":"1184","target":"1520"},{"source":"1184","target":"1522"},{"source":"1184","target":"1523"},{"source":"1184","target":"1524"},{"source":"1184","target":"1530"},{"source":"1184","target":"1532"},{"source":"1184","target":"1538"},{"source":"1184","target":"1539"},{"source":"1184","target":"1542"},{"source":"1184","target":"1551"},{"source":"1184","target":"1557"},{"source":"1184","target":"1559"},{"source":"1184","target":"1563"},{"source":"1184","target":"1572"},{"source":"1184","target":"1584"},{"source":"1184","target":"1589"},{"source":"1184","target":"1597"},{"source":"1184","target":"1598"},{"source":"1184","target":"1600"},{"source":"1184","target":"1603"},{"source":"1184","target":"1605"},{"source":"1184","target":"1610"},{"source":"1184","target":"1612"},{"source":"1184","target":"1613"},{"source":"1184","target":"1617"},{"source":"1184","target":"1619"},{"source":"1184","target":"1620"},{"source":"1184","target":"1621"},{"source":"1184","target":"1622"},{"source":"1184","target":"1623"},{"source":"1184","target":"1632"},{"source":"1184","target":"1643"},{"source":"1184","target":"1644"},{"source":"1184","target":"1652"},{"source":"1184","target":"1653"},{"source":"1184","target":"1659"},{"source":"1184","target":"1662"},{"source":"1184","target":"1663"},{"source":"1184","target":"1665"},{"source":"1184","target":"1668"},{"source":"1184","target":"1669"},{"source":"1184","target":"1683"},{"source":"1184","target":"1685"},{"source":"1184","target":"1688"},{"source":"1184","target":"1689"},{"source":"1184","target":"1700"},{"source":"1184","target":"1707"},{"source":"1184","target":"1714"},{"source":"1184","target":"1717"},{"source":"1184","target":"1721"},{"source":"1184","target":"1724"},{"source":"1184","target":"1730"},{"source":"1184","target":"1735"},{"source":"1184","target":"1736"},{"source":"1184","target":"1737"},{"source":"1184","target":"1746"},{"source":"1184","target":"1750"},{"source":"1184","target":"1752"},{"source":"1184","target":"1754"},{"source":"1184","target":"1757"},{"source":"1184","target":"1769"},{"source":"1184","target":"1789"},{"source":"1184","target":"1793"},{"source":"1184","target":"1795"},{"source":"1184","target":"1799"},{"source":"1184","target":"1800"},{"source":"1184","target":"1810"},{"source":"1184","target":"1813"},{"source":"1184","target":"1816"},{"source":"1184","target":"1819"},{"source":"1184","target":"1823"},{"source":"1184","target":"1826"},{"source":"1184","target":"1827"},{"source":"1184","target":"1833"},{"source":"1184","target":"1835"},{"source":"1184","target":"1839"},{"source":"1184","target":"1845"},{"source":"1184","target":"1849"},{"source":"1184","target":"1867"},{"source":"1184","target":"1877"},{"source":"1184","target":"1879"},{"source":"1184","target":"1886"},{"source":"1184","target":"1888"},{"source":"1184","target":"1902"},{"source":"1185","target":"1198"},{"source":"1185","target":"1199"},{"source":"1185","target":"1211"},{"source":"1185","target":"1219"},{"source":"1185","target":"1222"},{"source":"1185","target":"1243"},{"source":"1185","target":"1250"},{"source":"1185","target":"1255"},{"source":"1185","target":"1267"},{"source":"1185","target":"1269"},{"source":"1185","target":"1271"},{"source":"1185","target":"1272"},{"source":"1185","target":"1291"},{"source":"1185","target":"1293"},{"source":"1185","target":"1302"},{"source":"1185","target":"1305"},{"source":"1185","target":"1312"},{"source":"1185","target":"1329"},{"source":"1185","target":"1331"},{"source":"1185","target":"1334"},{"source":"1185","target":"1335"},{"source":"1185","target":"1339"},{"source":"1185","target":"1341"},{"source":"1185","target":"1344"},{"source":"1185","target":"1352"},{"source":"1185","target":"1367"},{"source":"1185","target":"1376"},{"source":"1185","target":"1377"},{"source":"1185","target":"1390"},{"source":"1185","target":"1391"},{"source":"1185","target":"1399"},{"source":"1185","target":"1416"},{"source":"1185","target":"1420"},{"source":"1185","target":"1431"},{"source":"1185","target":"1439"},{"source":"1185","target":"1449"},{"source":"1185","target":"1456"},{"source":"1185","target":"1467"},{"source":"1185","target":"1471"},{"source":"1185","target":"1484"},{"source":"1185","target":"1488"},{"source":"1185","target":"1491"},{"source":"1185","target":"1509"},{"source":"1185","target":"1516"},{"source":"1185","target":"1520"},{"source":"1185","target":"1522"},{"source":"1185","target":"1530"},{"source":"1185","target":"1547"},{"source":"1185","target":"1554"},{"source":"1185","target":"1557"},{"source":"1185","target":"1559"},{"source":"1185","target":"1563"},{"source":"1185","target":"1570"},{"source":"1185","target":"1584"},{"source":"1185","target":"1589"},{"source":"1185","target":"1590"},{"source":"1185","target":"1597"},{"source":"1185","target":"1603"},{"source":"1185","target":"1608"},{"source":"1185","target":"1610"},{"source":"1185","target":"1612"},{"source":"1185","target":"1613"},{"source":"1185","target":"1617"},{"source":"1185","target":"1619"},{"source":"1185","target":"1621"},{"source":"1185","target":"1622"},{"source":"1185","target":"1623"},{"source":"1185","target":"1639"},{"source":"1185","target":"1643"},{"source":"1185","target":"1652"},{"source":"1185","target":"1653"},{"source":"1185","target":"1659"},{"source":"1185","target":"1662"},{"source":"1185","target":"1663"},{"source":"1185","target":"1668"},{"source":"1185","target":"1669"},{"source":"1185","target":"1675"},{"source":"1185","target":"1685"},{"source":"1185","target":"1707"},{"source":"1185","target":"1714"},{"source":"1185","target":"1721"},{"source":"1185","target":"1730"},{"source":"1185","target":"1734"},{"source":"1185","target":"1735"},{"source":"1185","target":"1736"},{"source":"1185","target":"1737"},{"source":"1185","target":"1746"},{"source":"1185","target":"1750"},{"source":"1185","target":"1752"},{"source":"1185","target":"1753"},{"source":"1185","target":"1757"},{"source":"1185","target":"1761"},{"source":"1185","target":"1768"},{"source":"1185","target":"1782"},{"source":"1185","target":"1789"},{"source":"1185","target":"1791"},{"source":"1185","target":"1799"},{"source":"1185","target":"1800"},{"source":"1185","target":"1804"},{"source":"1185","target":"1809"},{"source":"1185","target":"1810"},{"source":"1185","target":"1816"},{"source":"1185","target":"1819"},{"source":"1185","target":"1823"},{"source":"1185","target":"1826"},{"source":"1185","target":"1827"},{"source":"1185","target":"1833"},{"source":"1185","target":"1835"},{"source":"1185","target":"1849"},{"source":"1185","target":"1864"},{"source":"1185","target":"1868"},{"source":"1185","target":"1879"},{"source":"1185","target":"1886"},{"source":"1185","target":"1888"},{"source":"1185","target":"1891"},{"source":"1186","target":"1216"},{"source":"1186","target":"1232"},{"source":"1186","target":"1333"},{"source":"1186","target":"1363"},{"source":"1186","target":"1533"},{"source":"1186","target":"1548"},{"source":"1186","target":"1733"},{"source":"1186","target":"1798"},{"source":"1186","target":"1837"},{"source":"1186","target":"1895"},{"source":"1187","target":"1328"},{"source":"1187","target":"1360"},{"source":"1187","target":"1410"},{"source":"1187","target":"1511"},{"source":"1187","target":"1553"},{"source":"1187","target":"1567"},{"source":"1187","target":"1588"},{"source":"1187","target":"1593"},{"source":"1187","target":"1615"},{"source":"1187","target":"1698"},{"source":"1187","target":"1705"},{"source":"1187","target":"1719"},{"source":"1187","target":"1803"},{"source":"1187","target":"1806"},{"source":"1187","target":"1866"},{"source":"1188","target":"1228"},{"source":"1188","target":"1236"},{"source":"1188","target":"1259"},{"source":"1188","target":"1260"},{"source":"1188","target":"1275"},{"source":"1188","target":"1299"},{"source":"1188","target":"1304"},{"source":"1188","target":"1308"},{"source":"1188","target":"1310"},{"source":"1188","target":"1338"},{"source":"1188","target":"1355"},{"source":"1188","target":"1366"},{"source":"1188","target":"1472"},{"source":"1188","target":"1482"},{"source":"1188","target":"1500"},{"source":"1188","target":"1504"},{"source":"1188","target":"1536"},{"source":"1188","target":"1630"},{"source":"1188","target":"1634"},{"source":"1188","target":"1703"},{"source":"1188","target":"1876"},{"source":"1189","target":"1226"},{"source":"1189","target":"1244"},{"source":"1189","target":"1259"},{"source":"1189","target":"1311"},{"source":"1189","target":"1338"},{"source":"1189","target":"1348"},{"source":"1189","target":"1366"},{"source":"1189","target":"1415"},{"source":"1189","target":"1428"},{"source":"1189","target":"1469"},{"source":"1189","target":"1472"},{"source":"1189","target":"1482"},{"source":"1189","target":"1496"},{"source":"1189","target":"1507"},{"source":"1189","target":"1529"},{"source":"1189","target":"1541"},{"source":"1189","target":"1553"},{"source":"1189","target":"1630"},{"source":"1189","target":"1667"},{"source":"1189","target":"1681"},{"source":"1189","target":"1709"},{"source":"1189","target":"1727"},{"source":"1189","target":"1783"},{"source":"1189","target":"1831"},{"source":"1189","target":"1847"},{"source":"1190","target":"1192"},{"source":"1190","target":"1204"},{"source":"1190","target":"1227"},{"source":"1190","target":"1231"},{"source":"1190","target":"1235"},{"source":"1190","target":"1277"},{"source":"1190","target":"1284"},{"source":"1190","target":"1322"},{"source":"1190","target":"1345"},{"source":"1190","target":"1379"},{"source":"1190","target":"1426"},{"source":"1190","target":"1432"},{"source":"1190","target":"1448"},{"source":"1190","target":"1459"},{"source":"1190","target":"1462"},{"source":"1190","target":"1475"},{"source":"1190","target":"1479"},{"source":"1190","target":"1515"},{"source":"1190","target":"1545"},{"source":"1190","target":"1583"},{"source":"1190","target":"1587"},{"source":"1190","target":"1596"},{"source":"1190","target":"1628"},{"source":"1190","target":"1636"},{"source":"1190","target":"1647"},{"source":"1190","target":"1655"},{"source":"1190","target":"1715"},{"source":"1190","target":"1786"},{"source":"1190","target":"1857"},{"source":"1190","target":"1899"},{"source":"1191","target":"1195"},{"source":"1191","target":"1199"},{"source":"1191","target":"1205"},{"source":"1191","target":"1211"},{"source":"1191","target":"1214"},{"source":"1191","target":"1219"},{"source":"1191","target":"1222"},{"source":"1191","target":"1230"},{"source":"1191","target":"1238"},{"source":"1191","target":"1243"},{"source":"1191","target":"1267"},{"source":"1191","target":"1280"},{"source":"1191","target":"1290"},{"source":"1191","target":"1291"},{"source":"1191","target":"1323"},{"source":"1191","target":"1329"},{"source":"1191","target":"1331"},{"source":"1191","target":"1335"},{"source":"1191","target":"1352"},{"source":"1191","target":"1359"},{"source":"1191","target":"1361"},{"source":"1191","target":"1376"},{"source":"1191","target":"1377"},{"source":"1191","target":"1388"},{"source":"1191","target":"1390"},{"source":"1191","target":"1393"},{"source":"1191","target":"1399"},{"source":"1191","target":"1407"},{"source":"1191","target":"1431"},{"source":"1191","target":"1447"},{"source":"1191","target":"1470"},{"source":"1191","target":"1488"},{"source":"1191","target":"1491"},{"source":"1191","target":"1516"},{"source":"1191","target":"1517"},{"source":"1191","target":"1528"},{"source":"1191","target":"1551"},{"source":"1191","target":"1554"},{"source":"1191","target":"1559"},{"source":"1191","target":"1563"},{"source":"1191","target":"1570"},{"source":"1191","target":"1571"},{"source":"1191","target":"1584"},{"source":"1191","target":"1589"},{"source":"1191","target":"1604"},{"source":"1191","target":"1608"},{"source":"1191","target":"1609"},{"source":"1191","target":"1610"},{"source":"1191","target":"1613"},{"source":"1191","target":"1620"},{"source":"1191","target":"1621"},{"source":"1191","target":"1639"},{"source":"1191","target":"1643"},{"source":"1191","target":"1663"},{"source":"1191","target":"1669"},{"source":"1191","target":"1675"},{"source":"1191","target":"1707"},{"source":"1191","target":"1730"},{"source":"1191","target":"1736"},{"source":"1191","target":"1768"},{"source":"1191","target":"1791"},{"source":"1191","target":"1800"},{"source":"1191","target":"1804"},{"source":"1191","target":"1811"},{"source":"1191","target":"1823"},{"source":"1191","target":"1827"},{"source":"1191","target":"1833"},{"source":"1191","target":"1835"},{"source":"1191","target":"1839"},{"source":"1191","target":"1842"},{"source":"1191","target":"1861"},{"source":"1191","target":"1863"},{"source":"1191","target":"1864"},{"source":"1191","target":"1868"},{"source":"1191","target":"1879"},{"source":"1191","target":"1888"},{"source":"1191","target":"1898"},{"source":"1192","target":"1204"},{"source":"1192","target":"1215"},{"source":"1192","target":"1227"},{"source":"1192","target":"1229"},{"source":"1192","target":"1231"},{"source":"1192","target":"1235"},{"source":"1192","target":"1257"},{"source":"1192","target":"1277"},{"source":"1192","target":"1282"},{"source":"1192","target":"1284"},{"source":"1192","target":"1292"},{"source":"1192","target":"1298"},{"source":"1192","target":"1315"},{"source":"1192","target":"1322"},{"source":"1192","target":"1345"},{"source":"1192","target":"1347"},{"source":"1192","target":"1379"},{"source":"1192","target":"1413"},{"source":"1192","target":"1423"},{"source":"1192","target":"1426"},{"source":"1192","target":"1432"},{"source":"1192","target":"1438"},{"source":"1192","target":"1448"},{"source":"1192","target":"1459"},{"source":"1192","target":"1462"},{"source":"1192","target":"1479"},{"source":"1192","target":"1502"},{"source":"1192","target":"1515"},{"source":"1192","target":"1550"},{"source":"1192","target":"1573"},{"source":"1192","target":"1576"},{"source":"1192","target":"1578"},{"source":"1192","target":"1583"},{"source":"1192","target":"1587"},{"source":"1192","target":"1591"},{"source":"1192","target":"1592"},{"source":"1192","target":"1595"},{"source":"1192","target":"1596"},{"source":"1192","target":"1611"},{"source":"1192","target":"1628"},{"source":"1192","target":"1636"},{"source":"1192","target":"1638"},{"source":"1192","target":"1647"},{"source":"1192","target":"1649"},{"source":"1192","target":"1655"},{"source":"1192","target":"1661"},{"source":"1192","target":"1680"},{"source":"1192","target":"1682"},{"source":"1192","target":"1691"},{"source":"1192","target":"1706"},{"source":"1192","target":"1715"},{"source":"1192","target":"1716"},{"source":"1192","target":"1720"},{"source":"1192","target":"1742"},{"source":"1192","target":"1764"},{"source":"1192","target":"1786"},{"source":"1192","target":"1790"},{"source":"1192","target":"1841"},{"source":"1192","target":"1857"},{"source":"1192","target":"1859"},{"source":"1192","target":"1862"},{"source":"1192","target":"1871"},{"source":"1192","target":"1872"},{"source":"1192","target":"1873"},{"source":"1192","target":"1884"},{"source":"1192","target":"1893"},{"source":"1193","target":"1387"},{"source":"1193","target":"1505"},{"source":"1193","target":"1585"},{"source":"1193","target":"1838"},{"source":"1194","target":"1492"},{"source":"1194","target":"1586"},{"source":"1195","target":"1255"},{"source":"1195","target":"1265"},{"source":"1195","target":"1329"},{"source":"1195","target":"1352"},{"source":"1195","target":"1376"},{"source":"1195","target":"1377"},{"source":"1195","target":"1420"},{"source":"1195","target":"1431"},{"source":"1195","target":"1467"},{"source":"1195","target":"1509"},{"source":"1195","target":"1513"},{"source":"1195","target":"1520"},{"source":"1195","target":"1538"},{"source":"1195","target":"1554"},{"source":"1195","target":"1563"},{"source":"1195","target":"1590"},{"source":"1195","target":"1594"},{"source":"1195","target":"1603"},{"source":"1195","target":"1608"},{"source":"1195","target":"1612"},{"source":"1195","target":"1614"},{"source":"1195","target":"1621"},{"source":"1195","target":"1637"},{"source":"1195","target":"1639"},{"source":"1195","target":"1663"},{"source":"1195","target":"1669"},{"source":"1195","target":"1730"},{"source":"1195","target":"1741"},{"source":"1195","target":"1765"},{"source":"1195","target":"1768"},{"source":"1195","target":"1782"},{"source":"1195","target":"1800"},{"source":"1195","target":"1835"},{"source":"1195","target":"1843"},{"source":"1195","target":"1846"},{"source":"1195","target":"1851"},{"source":"1195","target":"1891"},{"source":"1196","target":"1197"},{"source":"1196","target":"1272"},{"source":"1196","target":"1305"},{"source":"1196","target":"1449"},{"source":"1196","target":"1467"},{"source":"1196","target":"1485"},{"source":"1196","target":"1563"},{"source":"1196","target":"1612"},{"source":"1196","target":"1618"},{"source":"1196","target":"1663"},{"source":"1196","target":"1718"},{"source":"1196","target":"1735"},{"source":"1196","target":"1753"},{"source":"1196","target":"1769"},{"source":"1196","target":"1774"},{"source":"1196","target":"1799"},{"source":"1196","target":"1836"},{"source":"1196","target":"1845"},{"source":"1196","target":"1852"},{"source":"1197","target":"1368"},{"source":"1197","target":"1441"},{"source":"1197","target":"1544"},{"source":"1197","target":"1718"},{"source":"1197","target":"1788"},{"source":"1197","target":"1851"},{"source":"1198","target":"1199"},{"source":"1198","target":"1211"},{"source":"1198","target":"1242"},{"source":"1198","target":"1250"},{"source":"1198","target":"1267"},{"source":"1198","target":"1269"},{"source":"1198","target":"1335"},{"source":"1198","target":"1340"},{"source":"1198","target":"1344"},{"source":"1198","target":"1352"},{"source":"1198","target":"1361"},{"source":"1198","target":"1367"},{"source":"1198","target":"1375"},{"source":"1198","target":"1390"},{"source":"1198","target":"1399"},{"source":"1198","target":"1416"},{"source":"1198","target":"1431"},{"source":"1198","target":"1467"},{"source":"1198","target":"1471"},{"source":"1198","target":"1488"},{"source":"1198","target":"1491"},{"source":"1198","target":"1516"},{"source":"1198","target":"1530"},{"source":"1198","target":"1532"},{"source":"1198","target":"1538"},{"source":"1198","target":"1557"},{"source":"1198","target":"1563"},{"source":"1198","target":"1570"},{"source":"1198","target":"1584"},{"source":"1198","target":"1589"},{"source":"1198","target":"1598"},{"source":"1198","target":"1600"},{"source":"1198","target":"1610"},{"source":"1198","target":"1612"},{"source":"1198","target":"1613"},{"source":"1198","target":"1623"},{"source":"1198","target":"1632"},{"source":"1198","target":"1643"},{"source":"1198","target":"1644"},{"source":"1198","target":"1652"},{"source":"1198","target":"1653"},{"source":"1198","target":"1663"},{"source":"1198","target":"1683"},{"source":"1198","target":"1689"},{"source":"1198","target":"1707"},{"source":"1198","target":"1714"},{"source":"1198","target":"1721"},{"source":"1198","target":"1736"},{"source":"1198","target":"1737"},{"source":"1198","target":"1746"},{"source":"1198","target":"1750"},{"source":"1198","target":"1752"},{"source":"1198","target":"1757"},{"source":"1198","target":"1768"},{"source":"1198","target":"1789"},{"source":"1198","target":"1795"},{"source":"1198","target":"1799"},{"source":"1198","target":"1800"},{"source":"1198","target":"1804"},{"source":"1198","target":"1810"},{"source":"1198","target":"1816"},{"source":"1198","target":"1819"},{"source":"1198","target":"1827"},{"source":"1198","target":"1833"},{"source":"1198","target":"1867"},{"source":"1198","target":"1879"},{"source":"1198","target":"1888"},{"source":"1199","target":"1201"},{"source":"1199","target":"1205"},{"source":"1199","target":"1207"},{"source":"1199","target":"1211"},{"source":"1199","target":"1214"},{"source":"1199","target":"1219"},{"source":"1199","target":"1222"},{"source":"1199","target":"1230"},{"source":"1199","target":"1238"},{"source":"1199","target":"1242"},{"source":"1199","target":"1250"},{"source":"1199","target":"1255"},{"source":"1199","target":"1256"},{"source":"1199","target":"1267"},{"source":"1199","target":"1269"},{"source":"1199","target":"1271"},{"source":"1199","target":"1280"},{"source":"1199","target":"1287"},{"source":"1199","target":"1288"},{"source":"1199","target":"1289"},{"source":"1199","target":"1291"},{"source":"1199","target":"1302"},{"source":"1199","target":"1305"},{"source":"1199","target":"1323"},{"source":"1199","target":"1329"},{"source":"1199","target":"1330"},{"source":"1199","target":"1331"},{"source":"1199","target":"1334"},{"source":"1199","target":"1335"},{"source":"1199","target":"1336"},{"source":"1199","target":"1339"},{"source":"1199","target":"1341"},{"source":"1199","target":"1351"},{"source":"1199","target":"1352"},{"source":"1199","target":"1359"},{"source":"1199","target":"1361"},{"source":"1199","target":"1365"},{"source":"1199","target":"1367"},{"source":"1199","target":"1370"},{"source":"1199","target":"1376"},{"source":"1199","target":"1377"},{"source":"1199","target":"1380"},{"source":"1199","target":"1390"},{"source":"1199","target":"1391"},{"source":"1199","target":"1393"},{"source":"1199","target":"1398"},{"source":"1199","target":"1399"},{"source":"1199","target":"1402"},{"source":"1199","target":"1407"},{"source":"1199","target":"1409"},{"source":"1199","target":"1416"},{"source":"1199","target":"1431"},{"source":"1199","target":"1437"},{"source":"1199","target":"1439"},{"source":"1199","target":"1447"},{"source":"1199","target":"1449"},{"source":"1199","target":"1456"},{"source":"1199","target":"1457"},{"source":"1199","target":"1467"},{"source":"1199","target":"1471"},{"source":"1199","target":"1480"},{"source":"1199","target":"1488"},{"source":"1199","target":"1491"},{"source":"1199","target":"1509"},{"source":"1199","target":"1516"},{"source":"1199","target":"1522"},{"source":"1199","target":"1530"},{"source":"1199","target":"1535"},{"source":"1199","target":"1538"},{"source":"1199","target":"1539"},{"source":"1199","target":"1542"},{"source":"1199","target":"1547"},{"source":"1199","target":"1551"},{"source":"1199","target":"1554"},{"source":"1199","target":"1556"},{"source":"1199","target":"1557"},{"source":"1199","target":"1559"},{"source":"1199","target":"1563"},{"source":"1199","target":"1570"},{"source":"1199","target":"1584"},{"source":"1199","target":"1589"},{"source":"1199","target":"1597"},{"source":"1199","target":"1598"},{"source":"1199","target":"1603"},{"source":"1199","target":"1604"},{"source":"1199","target":"1605"},{"source":"1199","target":"1608"},{"source":"1199","target":"1609"},{"source":"1199","target":"1610"},{"source":"1199","target":"1612"},{"source":"1199","target":"1613"},{"source":"1199","target":"1614"},{"source":"1199","target":"1617"},{"source":"1199","target":"1619"},{"source":"1199","target":"1620"},{"source":"1199","target":"1621"},{"source":"1199","target":"1622"},{"source":"1199","target":"1623"},{"source":"1199","target":"1632"},{"source":"1199","target":"1653"},{"source":"1199","target":"1658"},{"source":"1199","target":"1659"},{"source":"1199","target":"1662"},{"source":"1199","target":"1663"},{"source":"1199","target":"1665"},{"source":"1199","target":"1668"},{"source":"1199","target":"1669"},{"source":"1199","target":"1675"},{"source":"1199","target":"1685"},{"source":"1199","target":"1702"},{"source":"1199","target":"1707"},{"source":"1199","target":"1712"},{"source":"1199","target":"1714"},{"source":"1199","target":"1717"},{"source":"1199","target":"1721"},{"source":"1199","target":"1722"},{"source":"1199","target":"1723"},{"source":"1199","target":"1730"},{"source":"1199","target":"1735"},{"source":"1199","target":"1736"},{"source":"1199","target":"1737"},{"source":"1199","target":"1741"},{"source":"1199","target":"1746"},{"source":"1199","target":"1750"},{"source":"1199","target":"1754"},{"source":"1199","target":"1757"},{"source":"1199","target":"1761"},{"source":"1199","target":"1768"},{"source":"1199","target":"1772"},{"source":"1199","target":"1782"},{"source":"1199","target":"1789"},{"source":"1199","target":"1791"},{"source":"1199","target":"1793"},{"source":"1199","target":"1795"},{"source":"1199","target":"1796"},{"source":"1199","target":"1799"},{"source":"1199","target":"1800"},{"source":"1199","target":"1804"},{"source":"1199","target":"1809"},{"source":"1199","target":"1810"},{"source":"1199","target":"1813"},{"source":"1199","target":"1816"},{"source":"1199","target":"1821"},{"source":"1199","target":"1823"},{"source":"1199","target":"1826"},{"source":"1199","target":"1827"},{"source":"1199","target":"1833"},{"source":"1199","target":"1835"},{"source":"1199","target":"1839"},{"source":"1199","target":"1842"},{"source":"1199","target":"1845"},{"source":"1199","target":"1849"},{"source":"1199","target":"1864"},{"source":"1199","target":"1867"},{"source":"1199","target":"1868"},{"source":"1199","target":"1879"},{"source":"1199","target":"1886"},{"source":"1199","target":"1888"},{"source":"1199","target":"1898"},{"source":"1199","target":"1902"},{"source":"1200","target":"1202"},{"source":"1200","target":"1268"},{"source":"1200","target":"1574"},{"source":"1201","target":"1205"},{"source":"1201","target":"1214"},{"source":"1201","target":"1222"},{"source":"1201","target":"1238"},{"source":"1201","target":"1243"},{"source":"1201","target":"1280"},{"source":"1201","target":"1329"},{"source":"1201","target":"1331"},{"source":"1201","target":"1352"},{"source":"1201","target":"1359"},{"source":"1201","target":"1377"},{"source":"1201","target":"1388"},{"source":"1201","target":"1389"},{"source":"1201","target":"1447"},{"source":"1201","target":"1456"},{"source":"1201","target":"1470"},{"source":"1201","target":"1471"},{"source":"1201","target":"1480"},{"source":"1201","target":"1483"},{"source":"1201","target":"1535"},{"source":"1201","target":"1551"},{"source":"1201","target":"1570"},{"source":"1201","target":"1580"},{"source":"1201","target":"1598"},{"source":"1201","target":"1600"},{"source":"1201","target":"1608"},{"source":"1201","target":"1609"},{"source":"1201","target":"1610"},{"source":"1201","target":"1621"},{"source":"1201","target":"1689"},{"source":"1201","target":"1768"},{"source":"1201","target":"1772"},{"source":"1201","target":"1804"},{"source":"1201","target":"1811"},{"source":"1201","target":"1835"},{"source":"1201","target":"1842"},{"source":"1201","target":"1868"},{"source":"1201","target":"1879"},{"source":"1201","target":"1888"},{"source":"1202","target":"1253"},{"source":"1202","target":"1268"},{"source":"1202","target":"1326"},{"source":"1202","target":"1858"},{"source":"1203","target":"1240"},{"source":"1203","target":"1307"},{"source":"1203","target":"1360"},{"source":"1203","target":"1555"},{"source":"1203","target":"1588"},{"source":"1203","target":"1847"},{"source":"1204","target":"1215"},{"source":"1204","target":"1221"},{"source":"1204","target":"1227"},{"source":"1204","target":"1229"},{"source":"1204","target":"1231"},{"source":"1204","target":"1235"},{"source":"1204","target":"1257"},{"source":"1204","target":"1261"},{"source":"1204","target":"1273"},{"source":"1204","target":"1277"},{"source":"1204","target":"1279"},{"source":"1204","target":"1282"},{"source":"1204","target":"1284"},{"source":"1204","target":"1298"},{"source":"1204","target":"1303"},{"source":"1204","target":"1315"},{"source":"1204","target":"1322"},{"source":"1204","target":"1345"},{"source":"1204","target":"1347"},{"source":"1204","target":"1373"},{"source":"1204","target":"1379"},{"source":"1204","target":"1413"},{"source":"1204","target":"1423"},{"source":"1204","target":"1426"},{"source":"1204","target":"1429"},{"source":"1204","target":"1432"},{"source":"1204","target":"1454"},{"source":"1204","target":"1459"},{"source":"1204","target":"1462"},{"source":"1204","target":"1475"},{"source":"1204","target":"1479"},{"source":"1204","target":"1489"},{"source":"1204","target":"1495"},{"source":"1204","target":"1502"},{"source":"1204","target":"1503"},{"source":"1204","target":"1515"},{"source":"1204","target":"1573"},{"source":"1204","target":"1576"},{"source":"1204","target":"1583"},{"source":"1204","target":"1587"},{"source":"1204","target":"1591"},{"source":"1204","target":"1596"},{"source":"1204","target":"1611"},{"source":"1204","target":"1628"},{"source":"1204","target":"1635"},{"source":"1204","target":"1636"},{"source":"1204","target":"1647"},{"source":"1204","target":"1649"},{"source":"1204","target":"1655"},{"source":"1204","target":"1661"},{"source":"1204","target":"1680"},{"source":"1204","target":"1682"},{"source":"1204","target":"1691"},{"source":"1204","target":"1706"},{"source":"1204","target":"1715"},{"source":"1204","target":"1716"},{"source":"1204","target":"1727"},{"source":"1204","target":"1728"},{"source":"1204","target":"1729"},{"source":"1204","target":"1742"},{"source":"1204","target":"1764"},{"source":"1204","target":"1783"},{"source":"1204","target":"1786"},{"source":"1204","target":"1820"},{"source":"1204","target":"1824"},{"source":"1204","target":"1828"},{"source":"1204","target":"1841"},{"source":"1204","target":"1857"},{"source":"1204","target":"1859"},{"source":"1204","target":"1871"},{"source":"1204","target":"1873"},{"source":"1204","target":"1875"},{"source":"1204","target":"1887"},{"source":"1204","target":"1893"},{"source":"1204","target":"1894"},{"source":"1204","target":"1899"},{"source":"1204","target":"1903"},{"source":"1205","target":"1207"},{"source":"1205","target":"1222"},{"source":"1205","target":"1238"},{"source":"1205","target":"1250"},{"source":"1205","target":"1255"},{"source":"1205","target":"1271"},{"source":"1205","target":"1280"},{"source":"1205","target":"1288"},{"source":"1205","target":"1323"},{"source":"1205","target":"1329"},{"source":"1205","target":"1330"},{"source":"1205","target":"1331"},{"source":"1205","target":"1352"},{"source":"1205","target":"1359"},{"source":"1205","target":"1361"},{"source":"1205","target":"1377"},{"source":"1205","target":"1388"},{"source":"1205","target":"1389"},{"source":"1205","target":"1391"},{"source":"1205","target":"1409"},{"source":"1205","target":"1447"},{"source":"1205","target":"1456"},{"source":"1205","target":"1470"},{"source":"1205","target":"1483"},{"source":"1205","target":"1488"},{"source":"1205","target":"1509"},{"source":"1205","target":"1517"},{"source":"1205","target":"1520"},{"source":"1205","target":"1522"},{"source":"1205","target":"1535"},{"source":"1205","target":"1551"},{"source":"1205","target":"1554"},{"source":"1205","target":"1559"},{"source":"1205","target":"1570"},{"source":"1205","target":"1571"},{"source":"1205","target":"1580"},{"source":"1205","target":"1584"},{"source":"1205","target":"1604"},{"source":"1205","target":"1605"},{"source":"1205","target":"1608"},{"source":"1205","target":"1609"},{"source":"1205","target":"1610"},{"source":"1205","target":"1619"},{"source":"1205","target":"1637"},{"source":"1205","target":"1663"},{"source":"1205","target":"1669"},{"source":"1205","target":"1675"},{"source":"1205","target":"1685"},{"source":"1205","target":"1707"},{"source":"1205","target":"1714"},{"source":"1205","target":"1717"},{"source":"1205","target":"1722"},{"source":"1205","target":"1730"},{"source":"1205","target":"1736"},{"source":"1205","target":"1741"},{"source":"1205","target":"1768"},{"source":"1205","target":"1772"},{"source":"1205","target":"1791"},{"source":"1205","target":"1793"},{"source":"1205","target":"1796"},{"source":"1205","target":"1804"},{"source":"1205","target":"1809"},{"source":"1205","target":"1811"},{"source":"1205","target":"1813"},{"source":"1205","target":"1826"},{"source":"1205","target":"1835"},{"source":"1205","target":"1839"},{"source":"1205","target":"1842"},{"source":"1205","target":"1849"},{"source":"1205","target":"1861"},{"source":"1205","target":"1864"},{"source":"1205","target":"1868"},{"source":"1205","target":"1888"},{"source":"1205","target":"1891"},{"source":"1205","target":"1898"},{"source":"1205","target":"1902"},{"source":"1207","target":"1238"},{"source":"1207","target":"1256"},{"source":"1207","target":"1271"},{"source":"1207","target":"1285"},{"source":"1207","target":"1288"},{"source":"1207","target":"1302"},{"source":"1207","target":"1336"},{"source":"1207","target":"1341"},{"source":"1207","target":"1359"},{"source":"1207","target":"1370"},{"source":"1207","target":"1380"},{"source":"1207","target":"1390"},{"source":"1207","target":"1409"},{"source":"1207","target":"1431"},{"source":"1207","target":"1447"},{"source":"1207","target":"1449"},{"source":"1207","target":"1456"},{"source":"1207","target":"1471"},{"source":"1207","target":"1480"},{"source":"1207","target":"1488"},{"source":"1207","target":"1516"},{"source":"1207","target":"1542"},{"source":"1207","target":"1571"},{"source":"1207","target":"1584"},{"source":"1207","target":"1598"},{"source":"1207","target":"1604"},{"source":"1207","target":"1605"},{"source":"1207","target":"1610"},{"source":"1207","target":"1619"},{"source":"1207","target":"1652"},{"source":"1207","target":"1665"},{"source":"1207","target":"1668"},{"source":"1207","target":"1712"},{"source":"1207","target":"1717"},{"source":"1207","target":"1746"},{"source":"1207","target":"1768"},{"source":"1207","target":"1789"},{"source":"1207","target":"1800"},{"source":"1207","target":"1804"},{"source":"1207","target":"1809"},{"source":"1207","target":"1816"},{"source":"1207","target":"1823"},{"source":"1207","target":"1826"},{"source":"1207","target":"1832"},{"source":"1207","target":"1833"},{"source":"1207","target":"1839"},{"source":"1207","target":"1868"},{"source":"1207","target":"1879"},{"source":"1207","target":"1886"},{"source":"1207","target":"1888"},{"source":"1207","target":"1898"},{"source":"1209","target":"1242"},{"source":"1209","target":"1243"},{"source":"1209","target":"1250"},{"source":"1209","target":"1278"},{"source":"1209","target":"1290"},{"source":"1209","target":"1291"},{"source":"1209","target":"1331"},{"source":"1209","target":"1339"},{"source":"1209","target":"1340"},{"source":"1209","target":"1344"},{"source":"1209","target":"1352"},{"source":"1209","target":"1367"},{"source":"1209","target":"1375"},{"source":"1209","target":"1376"},{"source":"1209","target":"1390"},{"source":"1209","target":"1407"},{"source":"1209","target":"1416"},{"source":"1209","target":"1431"},{"source":"1209","target":"1522"},{"source":"1209","target":"1528"},{"source":"1209","target":"1554"},{"source":"1209","target":"1557"},{"source":"1209","target":"1572"},{"source":"1209","target":"1597"},{"source":"1209","target":"1600"},{"source":"1209","target":"1612"},{"source":"1209","target":"1620"},{"source":"1209","target":"1622"},{"source":"1209","target":"1644"},{"source":"1209","target":"1659"},{"source":"1209","target":"1663"},{"source":"1209","target":"1688"},{"source":"1209","target":"1710"},{"source":"1209","target":"1717"},{"source":"1209","target":"1721"},{"source":"1209","target":"1724"},{"source":"1209","target":"1730"},{"source":"1209","target":"1735"},{"source":"1209","target":"1737"},{"source":"1209","target":"1746"},{"source":"1209","target":"1750"},{"source":"1209","target":"1752"},{"source":"1209","target":"1754"},{"source":"1209","target":"1757"},{"source":"1209","target":"1789"},{"source":"1209","target":"1791"},{"source":"1209","target":"1796"},{"source":"1209","target":"1800"},{"source":"1209","target":"1804"},{"source":"1209","target":"1816"},{"source":"1209","target":"1819"},{"source":"1209","target":"1827"},{"source":"1209","target":"1835"},{"source":"1209","target":"1867"},{"source":"1209","target":"1886"},{"source":"1209","target":"1888"},{"source":"1210","target":"1212"},{"source":"1210","target":"1226"},{"source":"1210","target":"1268"},{"source":"1210","target":"1294"},{"source":"1210","target":"1300"},{"source":"1210","target":"1318"},{"source":"1210","target":"1320"},{"source":"1210","target":"1332"},{"source":"1210","target":"1358"},{"source":"1210","target":"1408"},{"source":"1210","target":"1425"},{"source":"1210","target":"1427"},{"source":"1210","target":"1446"},{"source":"1210","target":"1549"},{"source":"1210","target":"1565"},{"source":"1210","target":"1574"},{"source":"1210","target":"1606"},{"source":"1210","target":"1671"},{"source":"1210","target":"1692"},{"source":"1210","target":"1740"},{"source":"1210","target":"1743"},{"source":"1210","target":"1744"},{"source":"1210","target":"1766"},{"source":"1210","target":"1767"},{"source":"1210","target":"1778"},{"source":"1210","target":"1831"},{"source":"1210","target":"1844"},{"source":"1211","target":"1214"},{"source":"1211","target":"1222"},{"source":"1211","target":"1230"},{"source":"1211","target":"1243"},{"source":"1211","target":"1250"},{"source":"1211","target":"1267"},{"source":"1211","target":"1269"},{"source":"1211","target":"1287"},{"source":"1211","target":"1289"},{"source":"1211","target":"1291"},{"source":"1211","target":"1293"},{"source":"1211","target":"1302"},{"source":"1211","target":"1305"},{"source":"1211","target":"1330"},{"source":"1211","target":"1331"},{"source":"1211","target":"1335"},{"source":"1211","target":"1336"},{"source":"1211","target":"1341"},{"source":"1211","target":"1351"},{"source":"1211","target":"1352"},{"source":"1211","target":"1361"},{"source":"1211","target":"1367"},{"source":"1211","target":"1370"},{"source":"1211","target":"1376"},{"source":"1211","target":"1377"},{"source":"1211","target":"1380"},{"source":"1211","target":"1390"},{"source":"1211","target":"1391"},{"source":"1211","target":"1393"},{"source":"1211","target":"1398"},{"source":"1211","target":"1399"},{"source":"1211","target":"1409"},{"source":"1211","target":"1416"},{"source":"1211","target":"1420"},{"source":"1211","target":"1431"},{"source":"1211","target":"1437"},{"source":"1211","target":"1439"},{"source":"1211","target":"1447"},{"source":"1211","target":"1449"},{"source":"1211","target":"1458"},{"source":"1211","target":"1467"},{"source":"1211","target":"1471"},{"source":"1211","target":"1480"},{"source":"1211","target":"1488"},{"source":"1211","target":"1491"},{"source":"1211","target":"1509"},{"source":"1211","target":"1516"},{"source":"1211","target":"1520"},{"source":"1211","target":"1522"},{"source":"1211","target":"1530"},{"source":"1211","target":"1538"},{"source":"1211","target":"1547"},{"source":"1211","target":"1551"},{"source":"1211","target":"1554"},{"source":"1211","target":"1559"},{"source":"1211","target":"1563"},{"source":"1211","target":"1570"},{"source":"1211","target":"1571"},{"source":"1211","target":"1580"},{"source":"1211","target":"1584"},{"source":"1211","target":"1589"},{"source":"1211","target":"1597"},{"source":"1211","target":"1598"},{"source":"1211","target":"1603"},{"source":"1211","target":"1604"},{"source":"1211","target":"1608"},{"source":"1211","target":"1609"},{"source":"1211","target":"1610"},{"source":"1211","target":"1612"},{"source":"1211","target":"1613"},{"source":"1211","target":"1617"},{"source":"1211","target":"1620"},{"source":"1211","target":"1621"},{"source":"1211","target":"1623"},{"source":"1211","target":"1632"},{"source":"1211","target":"1643"},{"source":"1211","target":"1652"},{"source":"1211","target":"1653"},{"source":"1211","target":"1662"},{"source":"1211","target":"1663"},{"source":"1211","target":"1665"},{"source":"1211","target":"1668"},{"source":"1211","target":"1669"},{"source":"1211","target":"1683"},{"source":"1211","target":"1689"},{"source":"1211","target":"1702"},{"source":"1211","target":"1707"},{"source":"1211","target":"1712"},{"source":"1211","target":"1714"},{"source":"1211","target":"1721"},{"source":"1211","target":"1730"},{"source":"1211","target":"1735"},{"source":"1211","target":"1736"},{"source":"1211","target":"1737"},{"source":"1211","target":"1741"},{"source":"1211","target":"1746"},{"source":"1211","target":"1750"},{"source":"1211","target":"1752"},{"source":"1211","target":"1757"},{"source":"1211","target":"1761"},{"source":"1211","target":"1768"},{"source":"1211","target":"1793"},{"source":"1211","target":"1799"},{"source":"1211","target":"1800"},{"source":"1211","target":"1804"},{"source":"1211","target":"1810"},{"source":"1211","target":"1813"},{"source":"1211","target":"1816"},{"source":"1211","target":"1821"},{"source":"1211","target":"1823"},{"source":"1211","target":"1826"},{"source":"1211","target":"1827"},{"source":"1211","target":"1833"},{"source":"1211","target":"1835"},{"source":"1211","target":"1839"},{"source":"1211","target":"1842"},{"source":"1211","target":"1843"},{"source":"1211","target":"1845"},{"source":"1211","target":"1849"},{"source":"1211","target":"1858"},{"source":"1211","target":"1863"},{"source":"1211","target":"1864"},{"source":"1211","target":"1879"},{"source":"1211","target":"1886"},{"source":"1211","target":"1888"},{"source":"1211","target":"1902"},{"source":"1212","target":"1234"},{"source":"1212","target":"1342"},{"source":"1212","target":"1343"},{"source":"1212","target":"1356"},{"source":"1212","target":"1372"},{"source":"1212","target":"1425"},{"source":"1212","target":"1443"},{"source":"1212","target":"1453"},{"source":"1212","target":"1478"},{"source":"1212","target":"1497"},{"source":"1212","target":"1545"},{"source":"1212","target":"1566"},{"source":"1212","target":"1671"},{"source":"1212","target":"1694"},{"source":"1212","target":"1743"},{"source":"1212","target":"1829"},{"source":"1212","target":"1831"},{"source":"1212","target":"1901"},{"source":"1212","target":"1910"},{"source":"1213","target":"1259"},{"source":"1213","target":"1415"},{"source":"1213","target":"1469"},{"source":"1213","target":"1496"},{"source":"1213","target":"1507"},{"source":"1213","target":"1624"},{"source":"1213","target":"1667"},{"source":"1213","target":"1672"},{"source":"1213","target":"1725"},{"source":"1213","target":"1739"},{"source":"1213","target":"1783"},{"source":"1213","target":"1855"},{"source":"1213","target":"1869"},{"source":"1214","target":"1222"},{"source":"1214","target":"1238"},{"source":"1214","target":"1243"},{"source":"1214","target":"1256"},{"source":"1214","target":"1280"},{"source":"1214","target":"1289"},{"source":"1214","target":"1321"},{"source":"1214","target":"1323"},{"source":"1214","target":"1329"},{"source":"1214","target":"1335"},{"source":"1214","target":"1341"},{"source":"1214","target":"1359"},{"source":"1214","target":"1361"},{"source":"1214","target":"1370"},{"source":"1214","target":"1376"},{"source":"1214","target":"1377"},{"source":"1214","target":"1388"},{"source":"1214","target":"1407"},{"source":"1214","target":"1409"},{"source":"1214","target":"1437"},{"source":"1214","target":"1447"},{"source":"1214","target":"1471"},{"source":"1214","target":"1480"},{"source":"1214","target":"1483"},{"source":"1214","target":"1509"},{"source":"1214","target":"1522"},{"source":"1214","target":"1530"},{"source":"1214","target":"1539"},{"source":"1214","target":"1551"},{"source":"1214","target":"1553"},{"source":"1214","target":"1559"},{"source":"1214","target":"1570"},{"source":"1214","target":"1580"},{"source":"1214","target":"1589"},{"source":"1214","target":"1598"},{"source":"1214","target":"1600"},{"source":"1214","target":"1605"},{"source":"1214","target":"1609"},{"source":"1214","target":"1613"},{"source":"1214","target":"1620"},{"source":"1214","target":"1622"},{"source":"1214","target":"1626"},{"source":"1214","target":"1637"},{"source":"1214","target":"1643"},{"source":"1214","target":"1652"},{"source":"1214","target":"1662"},{"source":"1214","target":"1663"},{"source":"1214","target":"1668"},{"source":"1214","target":"1669"},{"source":"1214","target":"1702"},{"source":"1214","target":"1707"},{"source":"1214","target":"1712"},{"source":"1214","target":"1722"},{"source":"1214","target":"1723"},{"source":"1214","target":"1730"},{"source":"1214","target":"1736"},{"source":"1214","target":"1757"},{"source":"1214","target":"1768"},{"source":"1214","target":"1772"},{"source":"1214","target":"1789"},{"source":"1214","target":"1791"},{"source":"1214","target":"1793"},{"source":"1214","target":"1797"},{"source":"1214","target":"1804"},{"source":"1214","target":"1813"},{"source":"1214","target":"1823"},{"source":"1214","target":"1833"},{"source":"1214","target":"1839"},{"source":"1214","target":"1842"},{"source":"1214","target":"1845"},{"source":"1214","target":"1846"},{"source":"1214","target":"1849"},{"source":"1214","target":"1858"},{"source":"1214","target":"1861"},{"source":"1214","target":"1863"},{"source":"1214","target":"1864"},{"source":"1214","target":"1879"},{"source":"1214","target":"1888"},{"source":"1214","target":"1902"},{"source":"1214","target":"1911"},{"source":"1215","target":"1273"},{"source":"1215","target":"1347"},{"source":"1215","target":"1373"},{"source":"1215","target":"1413"},{"source":"1215","target":"1429"},{"source":"1215","target":"1459"},{"source":"1215","target":"1475"},{"source":"1215","target":"1489"},{"source":"1215","target":"1495"},{"source":"1215","target":"1502"},{"source":"1215","target":"1503"},{"source":"1215","target":"1515"},{"source":"1215","target":"1587"},{"source":"1215","target":"1591"},{"source":"1215","target":"1649"},{"source":"1215","target":"1661"},{"source":"1215","target":"1706"},{"source":"1215","target":"1729"},{"source":"1215","target":"1732"},{"source":"1215","target":"1742"},{"source":"1215","target":"1783"},{"source":"1215","target":"1786"},{"source":"1215","target":"1790"},{"source":"1215","target":"1794"},{"source":"1215","target":"1828"},{"source":"1215","target":"1850"},{"source":"1215","target":"1871"},{"source":"1215","target":"1893"},{"source":"1215","target":"1907"},{"source":"1216","target":"1232"},{"source":"1216","target":"1314"},{"source":"1216","target":"1319"},{"source":"1216","target":"1333"},{"source":"1216","target":"1363"},{"source":"1216","target":"1371"},{"source":"1216","target":"1378"},{"source":"1216","target":"1424"},{"source":"1216","target":"1452"},{"source":"1216","target":"1468"},{"source":"1216","target":"1493"},{"source":"1216","target":"1533"},{"source":"1216","target":"1548"},{"source":"1216","target":"1568"},{"source":"1216","target":"1601"},{"source":"1216","target":"1629"},{"source":"1216","target":"1733"},{"source":"1216","target":"1747"},{"source":"1216","target":"1784"},{"source":"1216","target":"1787"},{"source":"1216","target":"1798"},{"source":"1216","target":"1837"},{"source":"1216","target":"1880"},{"source":"1216","target":"1895"},{"source":"1217","target":"1247"},{"source":"1217","target":"1258"},{"source":"1217","target":"1334"},{"source":"1217","target":"1338"},{"source":"1217","target":"1343"},{"source":"1217","target":"1364"},{"source":"1217","target":"1366"},{"source":"1217","target":"1408"},{"source":"1217","target":"1435"},{"source":"1217","target":"1444"},{"source":"1217","target":"1453"},{"source":"1217","target":"1473"},{"source":"1217","target":"1482"},{"source":"1217","target":"1487"},{"source":"1217","target":"1492"},{"source":"1217","target":"1525"},{"source":"1217","target":"1536"},{"source":"1217","target":"1540"},{"source":"1217","target":"1569"},{"source":"1217","target":"1575"},{"source":"1217","target":"1584"},{"source":"1217","target":"1620"},{"source":"1217","target":"1630"},{"source":"1217","target":"1658"},{"source":"1217","target":"1699"},{"source":"1217","target":"1738"},{"source":"1217","target":"1794"},{"source":"1217","target":"1807"},{"source":"1217","target":"1818"},{"source":"1217","target":"1885"},{"source":"1217","target":"1888"},{"source":"1217","target":"1897"},{"source":"1217","target":"1910"},{"source":"1218","target":"1403"},{"source":"1218","target":"1499"},{"source":"1218","target":"1562"},{"source":"1218","target":"1593"},{"source":"1218","target":"1889"},{"source":"1219","target":"1222"},{"source":"1219","target":"1230"},{"source":"1219","target":"1265"},{"source":"1219","target":"1289"},{"source":"1219","target":"1341"},{"source":"1219","target":"1351"},{"source":"1219","target":"1352"},{"source":"1219","target":"1361"},{"source":"1219","target":"1367"},{"source":"1219","target":"1376"},{"source":"1219","target":"1377"},{"source":"1219","target":"1399"},{"source":"1219","target":"1437"},{"source":"1219","target":"1470"},{"source":"1219","target":"1509"},{"source":"1219","target":"1519"},{"source":"1219","target":"1547"},{"source":"1219","target":"1551"},{"source":"1219","target":"1553"},{"source":"1219","target":"1610"},{"source":"1219","target":"1662"},{"source":"1219","target":"1665"},{"source":"1219","target":"1707"},{"source":"1219","target":"1730"},{"source":"1219","target":"1736"},{"source":"1219","target":"1768"},{"source":"1219","target":"1793"},{"source":"1219","target":"1813"},{"source":"1219","target":"1827"},{"source":"1219","target":"1839"},{"source":"1219","target":"1842"},{"source":"1219","target":"1864"},{"source":"1219","target":"1879"},{"source":"1219","target":"1888"},{"source":"1219","target":"1902"},{"source":"1220","target":"1331"},{"source":"1220","target":"1367"},{"source":"1220","target":"1483"},{"source":"1220","target":"1498"},{"source":"1220","target":"1537"},{"source":"1220","target":"1571"},{"source":"1220","target":"1827"},{"source":"1221","target":"1229"},{"source":"1221","target":"1231"},{"source":"1221","target":"1235"},{"source":"1221","target":"1275"},{"source":"1221","target":"1277"},{"source":"1221","target":"1279"},{"source":"1221","target":"1286"},{"source":"1221","target":"1296"},{"source":"1221","target":"1298"},{"source":"1221","target":"1315"},{"source":"1221","target":"1322"},{"source":"1221","target":"1338"},{"source":"1221","target":"1345"},{"source":"1221","target":"1350"},{"source":"1221","target":"1418"},{"source":"1221","target":"1423"},{"source":"1221","target":"1432"},{"source":"1221","target":"1459"},{"source":"1221","target":"1462"},{"source":"1221","target":"1472"},{"source":"1221","target":"1479"},{"source":"1221","target":"1504"},{"source":"1221","target":"1515"},{"source":"1221","target":"1525"},{"source":"1221","target":"1529"},{"source":"1221","target":"1569"},{"source":"1221","target":"1578"},{"source":"1221","target":"1583"},{"source":"1221","target":"1596"},{"source":"1221","target":"1611"},{"source":"1221","target":"1628"},{"source":"1221","target":"1635"},{"source":"1221","target":"1647"},{"source":"1221","target":"1650"},{"source":"1221","target":"1655"},{"source":"1221","target":"1680"},{"source":"1221","target":"1691"},{"source":"1221","target":"1703"},{"source":"1221","target":"1709"},{"source":"1221","target":"1715"},{"source":"1221","target":"1727"},{"source":"1221","target":"1745"},{"source":"1221","target":"1783"},{"source":"1221","target":"1785"},{"source":"1221","target":"1807"},{"source":"1221","target":"1830"},{"source":"1221","target":"1857"},{"source":"1221","target":"1859"},{"source":"1221","target":"1862"},{"source":"1221","target":"1872"},{"source":"1221","target":"1873"},{"source":"1221","target":"1884"},{"source":"1221","target":"1899"},{"source":"1221","target":"1903"},{"source":"1221","target":"1904"},{"source":"1222","target":"1230"},{"source":"1222","target":"1238"},{"source":"1222","target":"1243"},{"source":"1222","target":"1245"},{"source":"1222","target":"1255"},{"source":"1222","target":"1256"},{"source":"1222","target":"1267"},{"source":"1222","target":"1272"},{"source":"1222","target":"1280"},{"source":"1222","target":"1289"},{"source":"1222","target":"1291"},{"source":"1222","target":"1323"},{"source":"1222","target":"1327"},{"source":"1222","target":"1330"},{"source":"1222","target":"1331"},{"source":"1222","target":"1334"},{"source":"1222","target":"1335"},{"source":"1222","target":"1336"},{"source":"1222","target":"1341"},{"source":"1222","target":"1351"},{"source":"1222","target":"1352"},{"source":"1222","target":"1359"},{"source":"1222","target":"1361"},{"source":"1222","target":"1367"},{"source":"1222","target":"1369"},{"source":"1222","target":"1377"},{"source":"1222","target":"1389"},{"source":"1222","target":"1393"},{"source":"1222","target":"1399"},{"source":"1222","target":"1431"},{"source":"1222","target":"1437"},{"source":"1222","target":"1439"},{"source":"1222","target":"1447"},{"source":"1222","target":"1471"},{"source":"1222","target":"1487"},{"source":"1222","target":"1497"},{"source":"1222","target":"1509"},{"source":"1222","target":"1513"},{"source":"1222","target":"1520"},{"source":"1222","target":"1547"},{"source":"1222","target":"1551"},{"source":"1222","target":"1554"},{"source":"1222","target":"1557"},{"source":"1222","target":"1559"},{"source":"1222","target":"1563"},{"source":"1222","target":"1570"},{"source":"1222","target":"1580"},{"source":"1222","target":"1584"},{"source":"1222","target":"1589"},{"source":"1222","target":"1590"},{"source":"1222","target":"1603"},{"source":"1222","target":"1604"},{"source":"1222","target":"1608"},{"source":"1222","target":"1609"},{"source":"1222","target":"1610"},{"source":"1222","target":"1613"},{"source":"1222","target":"1620"},{"source":"1222","target":"1621"},{"source":"1222","target":"1622"},{"source":"1222","target":"1659"},{"source":"1222","target":"1662"},{"source":"1222","target":"1663"},{"source":"1222","target":"1669"},{"source":"1222","target":"1675"},{"source":"1222","target":"1678"},{"source":"1222","target":"1683"},{"source":"1222","target":"1688"},{"source":"1222","target":"1702"},{"source":"1222","target":"1707"},{"source":"1222","target":"1717"},{"source":"1222","target":"1730"},{"source":"1222","target":"1734"},{"source":"1222","target":"1736"},{"source":"1222","target":"1753"},{"source":"1222","target":"1768"},{"source":"1222","target":"1772"},{"source":"1222","target":"1793"},{"source":"1222","target":"1800"},{"source":"1222","target":"1804"},{"source":"1222","target":"1811"},{"source":"1222","target":"1813"},{"source":"1222","target":"1816"},{"source":"1222","target":"1819"},{"source":"1222","target":"1827"},{"source":"1222","target":"1835"},{"source":"1222","target":"1839"},{"source":"1222","target":"1842"},{"source":"1222","target":"1845"},{"source":"1222","target":"1849"},{"source":"1222","target":"1861"},{"source":"1222","target":"1864"},{"source":"1222","target":"1867"},{"source":"1222","target":"1879"},{"source":"1222","target":"1881"},{"source":"1222","target":"1885"},{"source":"1222","target":"1888"},{"source":"1222","target":"1891"},{"source":"1222","target":"1902"},{"source":"1223","target":"1320"},{"source":"1223","target":"1371"},{"source":"1223","target":"1385"},{"source":"1223","target":"1436"},{"source":"1223","target":"1512"},{"source":"1223","target":"1559"},{"source":"1223","target":"1692"},{"source":"1223","target":"1699"},{"source":"1223","target":"1724"},{"source":"1223","target":"1778"},{"source":"1223","target":"1794"},{"source":"1225","target":"1260"},{"source":"1225","target":"1275"},{"source":"1225","target":"1299"},{"source":"1225","target":"1304"},{"source":"1225","target":"1338"},{"source":"1225","target":"1355"},{"source":"1225","target":"1366"},{"source":"1225","target":"1472"},{"source":"1225","target":"1500"},{"source":"1225","target":"1504"},{"source":"1225","target":"1536"},{"source":"1225","target":"1630"},{"source":"1225","target":"1633"},{"source":"1225","target":"1634"},{"source":"1225","target":"1686"},{"source":"1225","target":"1703"},{"source":"1225","target":"1748"},{"source":"1225","target":"1876"},{"source":"1226","target":"1246"},{"source":"1226","target":"1259"},{"source":"1226","target":"1311"},{"source":"1226","target":"1320"},{"source":"1226","target":"1348"},{"source":"1226","target":"1415"},{"source":"1226","target":"1428"},{"source":"1226","target":"1469"},{"source":"1226","target":"1472"},{"source":"1226","target":"1482"},{"source":"1226","target":"1496"},{"source":"1226","target":"1507"},{"source":"1226","target":"1536"},{"source":"1226","target":"1541"},{"source":"1226","target":"1630"},{"source":"1226","target":"1679"},{"source":"1226","target":"1681"},{"source":"1226","target":"1709"},{"source":"1226","target":"1770"},{"source":"1226","target":"1778"},{"source":"1226","target":"1847"},{"source":"1227","target":"1229"},{"source":"1227","target":"1231"},{"source":"1227","target":"1235"},{"source":"1227","target":"1277"},{"source":"1227","target":"1279"},{"source":"1227","target":"1282"},{"source":"1227","target":"1292"},{"source":"1227","target":"1298"},{"source":"1227","target":"1309"},{"source":"1227","target":"1322"},{"source":"1227","target":"1345"},{"source":"1227","target":"1347"},{"source":"1227","target":"1379"},{"source":"1227","target":"1381"},{"source":"1227","target":"1392"},{"source":"1227","target":"1404"},{"source":"1227","target":"1423"},{"source":"1227","target":"1426"},{"source":"1227","target":"1448"},{"source":"1227","target":"1459"},{"source":"1227","target":"1462"},{"source":"1227","target":"1475"},{"source":"1227","target":"1479"},{"source":"1227","target":"1500"},{"source":"1227","target":"1502"},{"source":"1227","target":"1515"},{"source":"1227","target":"1550"},{"source":"1227","target":"1573"},{"source":"1227","target":"1576"},{"source":"1227","target":"1583"},{"source":"1227","target":"1587"},{"source":"1227","target":"1591"},{"source":"1227","target":"1596"},{"source":"1227","target":"1611"},{"source":"1227","target":"1628"},{"source":"1227","target":"1636"},{"source":"1227","target":"1647"},{"source":"1227","target":"1649"},{"source":"1227","target":"1680"},{"source":"1227","target":"1682"},{"source":"1227","target":"1706"},{"source":"1227","target":"1715"},{"source":"1227","target":"1728"},{"source":"1227","target":"1742"},{"source":"1227","target":"1786"},{"source":"1227","target":"1812"},{"source":"1227","target":"1841"},{"source":"1227","target":"1857"},{"source":"1227","target":"1859"},{"source":"1227","target":"1872"},{"source":"1227","target":"1873"},{"source":"1227","target":"1875"},{"source":"1227","target":"1893"},{"source":"1227","target":"1899"},{"source":"1228","target":"1236"},{"source":"1228","target":"1304"},{"source":"1228","target":"1308"},{"source":"1228","target":"1355"},{"source":"1228","target":"1412"},{"source":"1228","target":"1500"},{"source":"1228","target":"1549"},{"source":"1228","target":"1703"},{"source":"1228","target":"1725"},{"source":"1229","target":"1231"},{"source":"1229","target":"1257"},{"source":"1229","target":"1261"},{"source":"1229","target":"1277"},{"source":"1229","target":"1279"},{"source":"1229","target":"1345"},{"source":"1229","target":"1347"},{"source":"1229","target":"1350"},{"source":"1229","target":"1413"},{"source":"1229","target":"1432"},{"source":"1229","target":"1459"},{"source":"1229","target":"1550"},{"source":"1229","target":"1576"},{"source":"1229","target":"1578"},{"source":"1229","target":"1583"},{"source":"1229","target":"1587"},{"source":"1229","target":"1591"},{"source":"1229","target":"1592"},{"source":"1229","target":"1596"},{"source":"1229","target":"1611"},{"source":"1229","target":"1635"},{"source":"1229","target":"1655"},{"source":"1229","target":"1691"},{"source":"1229","target":"1728"},{"source":"1229","target":"1729"},{"source":"1229","target":"1764"},{"source":"1229","target":"1812"},{"source":"1229","target":"1857"},{"source":"1229","target":"1859"},{"source":"1229","target":"1862"},{"source":"1230","target":"1243"},{"source":"1230","target":"1256"},{"source":"1230","target":"1267"},{"source":"1230","target":"1269"},{"source":"1230","target":"1289"},{"source":"1230","target":"1290"},{"source":"1230","target":"1291"},{"source":"1230","target":"1329"},{"source":"1230","target":"1331"},{"source":"1230","target":"1334"},{"source":"1230","target":"1335"},{"source":"1230","target":"1341"},{"source":"1230","target":"1351"},{"source":"1230","target":"1352"},{"source":"1230","target":"1359"},{"source":"1230","target":"1361"},{"source":"1230","target":"1367"},{"source":"1230","target":"1376"},{"source":"1230","target":"1377"},{"source":"1230","target":"1388"},{"source":"1230","target":"1390"},{"source":"1230","target":"1391"},{"source":"1230","target":"1393"},{"source":"1230","target":"1399"},{"source":"1230","target":"1407"},{"source":"1230","target":"1409"},{"source":"1230","target":"1420"},{"source":"1230","target":"1431"},{"source":"1230","target":"1437"},{"source":"1230","target":"1484"},{"source":"1230","target":"1488"},{"source":"1230","target":"1491"},{"source":"1230","target":"1509"},{"source":"1230","target":"1516"},{"source":"1230","target":"1522"},{"source":"1230","target":"1530"},{"source":"1230","target":"1540"},{"source":"1230","target":"1547"},{"source":"1230","target":"1551"},{"source":"1230","target":"1554"},{"source":"1230","target":"1557"},{"source":"1230","target":"1559"},{"source":"1230","target":"1563"},{"source":"1230","target":"1584"},{"source":"1230","target":"1589"},{"source":"1230","target":"1597"},{"source":"1230","target":"1603"},{"source":"1230","target":"1608"},{"source":"1230","target":"1609"},{"source":"1230","target":"1612"},{"source":"1230","target":"1617"},{"source":"1230","target":"1620"},{"source":"1230","target":"1621"},{"source":"1230","target":"1622"},{"source":"1230","target":"1662"},{"source":"1230","target":"1669"},{"source":"1230","target":"1685"},{"source":"1230","target":"1688"},{"source":"1230","target":"1689"},{"source":"1230","target":"1707"},{"source":"1230","target":"1714"},{"source":"1230","target":"1721"},{"source":"1230","target":"1723"},{"source":"1230","target":"1730"},{"source":"1230","target":"1736"},{"source":"1230","target":"1741"},{"source":"1230","target":"1746"},{"source":"1230","target":"1750"},{"source":"1230","target":"1752"},{"source":"1230","target":"1753"},{"source":"1230","target":"1754"},{"source":"1230","target":"1768"},{"source":"1230","target":"1793"},{"source":"1230","target":"1800"},{"source":"1230","target":"1813"},{"source":"1230","target":"1826"},{"source":"1230","target":"1827"},{"source":"1230","target":"1833"},{"source":"1230","target":"1835"},{"source":"1230","target":"1839"},{"source":"1230","target":"1842"},{"source":"1230","target":"1845"},{"source":"1230","target":"1849"},{"source":"1230","target":"1864"},{"source":"1230","target":"1867"},{"source":"1230","target":"1868"},{"source":"1230","target":"1879"},{"source":"1230","target":"1888"},{"source":"1230","target":"1902"},{"source":"1230","target":"1911"},{"source":"1231","target":"1235"},{"source":"1231","target":"1257"},{"source":"1231","target":"1261"},{"source":"1231","target":"1273"},{"source":"1231","target":"1277"},{"source":"1231","target":"1284"},{"source":"1231","target":"1286"},{"source":"1231","target":"1292"},{"source":"1231","target":"1322"},{"source":"1231","target":"1345"},{"source":"1231","target":"1347"},{"source":"1231","target":"1350"},{"source":"1231","target":"1404"},{"source":"1231","target":"1423"},{"source":"1231","target":"1426"},{"source":"1231","target":"1432"},{"source":"1231","target":"1448"},{"source":"1231","target":"1459"},{"source":"1231","target":"1462"},{"source":"1231","target":"1475"},{"source":"1231","target":"1550"},{"source":"1231","target":"1573"},{"source":"1231","target":"1576"},{"source":"1231","target":"1583"},{"source":"1231","target":"1587"},{"source":"1231","target":"1591"},{"source":"1231","target":"1592"},{"source":"1231","target":"1596"},{"source":"1231","target":"1611"},{"source":"1231","target":"1628"},{"source":"1231","target":"1635"},{"source":"1231","target":"1636"},{"source":"1231","target":"1638"},{"source":"1231","target":"1647"},{"source":"1231","target":"1655"},{"source":"1231","target":"1680"},{"source":"1231","target":"1715"},{"source":"1231","target":"1720"},{"source":"1231","target":"1728"},{"source":"1231","target":"1764"},{"source":"1231","target":"1783"},{"source":"1231","target":"1786"},{"source":"1231","target":"1812"},{"source":"1231","target":"1862"},{"source":"1231","target":"1899"},{"source":"1232","target":"1333"},{"source":"1232","target":"1371"},{"source":"1232","target":"1378"},{"source":"1232","target":"1452"},{"source":"1232","target":"1468"},{"source":"1232","target":"1533"},{"source":"1232","target":"1548"},{"source":"1232","target":"1568"},{"source":"1232","target":"1593"},{"source":"1232","target":"1601"},{"source":"1232","target":"1629"},{"source":"1232","target":"1648"},{"source":"1232","target":"1733"},{"source":"1232","target":"1787"},{"source":"1232","target":"1798"},{"source":"1232","target":"1837"},{"source":"1232","target":"1880"},{"source":"1232","target":"1895"},{"source":"1234","target":"1343"},{"source":"1234","target":"1356"},{"source":"1234","target":"1443"},{"source":"1234","target":"1453"},{"source":"1234","target":"1531"},{"source":"1234","target":"1566"},{"source":"1234","target":"1671"},{"source":"1234","target":"1694"},{"source":"1234","target":"1829"},{"source":"1234","target":"1831"},{"source":"1234","target":"1910"},{"source":"1235","target":"1257"},{"source":"1235","target":"1273"},{"source":"1235","target":"1277"},{"source":"1235","target":"1284"},{"source":"1235","target":"1292"},{"source":"1235","target":"1298"},{"source":"1235","target":"1315"},{"source":"1235","target":"1322"},{"source":"1235","target":"1345"},{"source":"1235","target":"1347"},{"source":"1235","target":"1350"},{"source":"1235","target":"1373"},{"source":"1235","target":"1379"},{"source":"1235","target":"1381"},{"source":"1235","target":"1392"},{"source":"1235","target":"1404"},{"source":"1235","target":"1413"},{"source":"1235","target":"1414"},{"source":"1235","target":"1423"},{"source":"1235","target":"1426"},{"source":"1235","target":"1432"},{"source":"1235","target":"1436"},{"source":"1235","target":"1438"},{"source":"1235","target":"1448"},{"source":"1235","target":"1459"},{"source":"1235","target":"1462"},{"source":"1235","target":"1475"},{"source":"1235","target":"1479"},{"source":"1235","target":"1502"},{"source":"1235","target":"1550"},{"source":"1235","target":"1573"},{"source":"1235","target":"1576"},{"source":"1235","target":"1578"},{"source":"1235","target":"1583"},{"source":"1235","target":"1587"},{"source":"1235","target":"1591"},{"source":"1235","target":"1596"},{"source":"1235","target":"1611"},{"source":"1235","target":"1628"},{"source":"1235","target":"1635"},{"source":"1235","target":"1636"},{"source":"1235","target":"1647"},{"source":"1235","target":"1655"},{"source":"1235","target":"1661"},{"source":"1235","target":"1680"},{"source":"1235","target":"1682"},{"source":"1235","target":"1691"},{"source":"1235","target":"1715"},{"source":"1235","target":"1716"},{"source":"1235","target":"1742"},{"source":"1235","target":"1764"},{"source":"1235","target":"1783"},{"source":"1235","target":"1786"},{"source":"1235","target":"1824"},{"source":"1235","target":"1830"},{"source":"1235","target":"1841"},{"source":"1235","target":"1857"},{"source":"1235","target":"1859"},{"source":"1235","target":"1862"},{"source":"1235","target":"1871"},{"source":"1235","target":"1872"},{"source":"1235","target":"1873"},{"source":"1235","target":"1884"},{"source":"1235","target":"1893"},{"source":"1235","target":"1899"},{"source":"1235","target":"1903"},{"source":"1236","target":"1258"},{"source":"1236","target":"1260"},{"source":"1236","target":"1275"},{"source":"1236","target":"1299"},{"source":"1236","target":"1304"},{"source":"1236","target":"1308"},{"source":"1236","target":"1310"},{"source":"1236","target":"1338"},{"source":"1236","target":"1355"},{"source":"1236","target":"1366"},{"source":"1236","target":"1469"},{"source":"1236","target":"1472"},{"source":"1236","target":"1482"},{"source":"1236","target":"1504"},{"source":"1236","target":"1529"},{"source":"1236","target":"1536"},{"source":"1236","target":"1633"},{"source":"1236","target":"1634"},{"source":"1236","target":"1650"},{"source":"1236","target":"1703"},{"source":"1236","target":"1709"},{"source":"1236","target":"1725"},{"source":"1236","target":"1749"},{"source":"1236","target":"1770"},{"source":"1236","target":"1785"},{"source":"1236","target":"1815"},{"source":"1236","target":"1869"},{"source":"1236","target":"1906"},{"source":"1237","target":"1313"},{"source":"1237","target":"1318"},{"source":"1237","target":"1320"},{"source":"1237","target":"1332"},{"source":"1237","target":"1349"},{"source":"1237","target":"1358"},{"source":"1237","target":"1374"},{"source":"1237","target":"1390"},{"source":"1237","target":"1397"},{"source":"1237","target":"1420"},{"source":"1237","target":"1427"},{"source":"1237","target":"1464"},{"source":"1237","target":"1473"},{"source":"1237","target":"1487"},{"source":"1237","target":"1512"},{"source":"1237","target":"1514"},{"source":"1237","target":"1526"},{"source":"1237","target":"1543"},{"source":"1237","target":"1574"},{"source":"1237","target":"1616"},{"source":"1237","target":"1673"},{"source":"1237","target":"1677"},{"source":"1237","target":"1692"},{"source":"1237","target":"1744"},{"source":"1237","target":"1746"},{"source":"1237","target":"1763"},{"source":"1237","target":"1766"},{"source":"1237","target":"1778"},{"source":"1237","target":"1800"},{"source":"1237","target":"1833"},{"source":"1237","target":"1853"},{"source":"1237","target":"1882"},{"source":"1238","target":"1250"},{"source":"1238","target":"1255"},{"source":"1238","target":"1256"},{"source":"1238","target":"1271"},{"source":"1238","target":"1280"},{"source":"1238","target":"1285"},{"source":"1238","target":"1287"},{"source":"1238","target":"1288"},{"source":"1238","target":"1289"},{"source":"1238","target":"1293"},{"source":"1238","target":"1302"},{"source":"1238","target":"1323"},{"source":"1238","target":"1330"},{"source":"1238","target":"1331"},{"source":"1238","target":"1335"},{"source":"1238","target":"1336"},{"source":"1238","target":"1359"},{"source":"1238","target":"1361"},{"source":"1238","target":"1370"},{"source":"1238","target":"1376"},{"source":"1238","target":"1377"},{"source":"1238","target":"1380"},{"source":"1238","target":"1388"},{"source":"1238","target":"1391"},{"source":"1238","target":"1402"},{"source":"1238","target":"1409"},{"source":"1238","target":"1420"},{"source":"1238","target":"1431"},{"source":"1238","target":"1447"},{"source":"1238","target":"1456"},{"source":"1238","target":"1457"},{"source":"1238","target":"1470"},{"source":"1238","target":"1471"},{"source":"1238","target":"1483"},{"source":"1238","target":"1487"},{"source":"1238","target":"1488"},{"source":"1238","target":"1497"},{"source":"1238","target":"1509"},{"source":"1238","target":"1517"},{"source":"1238","target":"1520"},{"source":"1238","target":"1522"},{"source":"1238","target":"1530"},{"source":"1238","target":"1535"},{"source":"1238","target":"1539"},{"source":"1238","target":"1542"},{"source":"1238","target":"1547"},{"source":"1238","target":"1551"},{"source":"1238","target":"1559"},{"source":"1238","target":"1571"},{"source":"1238","target":"1580"},{"source":"1238","target":"1584"},{"source":"1238","target":"1589"},{"source":"1238","target":"1598"},{"source":"1238","target":"1604"},{"source":"1238","target":"1605"},{"source":"1238","target":"1608"},{"source":"1238","target":"1609"},{"source":"1238","target":"1610"},{"source":"1238","target":"1612"},{"source":"1238","target":"1613"},{"source":"1238","target":"1614"},{"source":"1238","target":"1619"},{"source":"1238","target":"1620"},{"source":"1238","target":"1637"},{"source":"1238","target":"1662"},{"source":"1238","target":"1663"},{"source":"1238","target":"1665"},{"source":"1238","target":"1668"},{"source":"1238","target":"1675"},{"source":"1238","target":"1688"},{"source":"1238","target":"1689"},{"source":"1238","target":"1707"},{"source":"1238","target":"1712"},{"source":"1238","target":"1714"},{"source":"1238","target":"1717"},{"source":"1238","target":"1722"},{"source":"1238","target":"1723"},{"source":"1238","target":"1730"},{"source":"1238","target":"1741"},{"source":"1238","target":"1746"},{"source":"1238","target":"1757"},{"source":"1238","target":"1768"},{"source":"1238","target":"1772"},{"source":"1238","target":"1791"},{"source":"1238","target":"1793"},{"source":"1238","target":"1800"},{"source":"1238","target":"1804"},{"source":"1238","target":"1809"},{"source":"1238","target":"1813"},{"source":"1238","target":"1816"},{"source":"1238","target":"1826"},{"source":"1238","target":"1832"},{"source":"1238","target":"1833"},{"source":"1238","target":"1839"},{"source":"1238","target":"1842"},{"source":"1238","target":"1845"},{"source":"1238","target":"1849"},{"source":"1238","target":"1867"},{"source":"1238","target":"1868"},{"source":"1238","target":"1879"},{"source":"1238","target":"1881"},{"source":"1238","target":"1888"},{"source":"1238","target":"1898"},{"source":"1238","target":"1900"},{"source":"1238","target":"1902"},{"source":"1239","target":"1399"},{"source":"1239","target":"1644"},{"source":"1239","target":"1721"},{"source":"1239","target":"1730"},{"source":"1239","target":"1845"},{"source":"1240","target":"1353"},{"source":"1240","target":"1394"},{"source":"1240","target":"1642"},{"source":"1240","target":"1693"},{"source":"1241","target":"1273"},{"source":"1241","target":"1338"},{"source":"1241","target":"1373"},{"source":"1241","target":"1481"},{"source":"1241","target":"1502"},{"source":"1241","target":"1503"},{"source":"1241","target":"1536"},{"source":"1241","target":"1649"},{"source":"1241","target":"1686"},{"source":"1241","target":"1783"},{"source":"1241","target":"1850"},{"source":"1241","target":"1876"},{"source":"1242","target":"1250"},{"source":"1242","target":"1267"},{"source":"1242","target":"1278"},{"source":"1242","target":"1291"},{"source":"1242","target":"1339"},{"source":"1242","target":"1340"},{"source":"1242","target":"1341"},{"source":"1242","target":"1344"},{"source":"1242","target":"1352"},{"source":"1242","target":"1367"},{"source":"1242","target":"1375"},{"source":"1242","target":"1376"},{"source":"1242","target":"1390"},{"source":"1242","target":"1399"},{"source":"1242","target":"1407"},{"source":"1242","target":"1416"},{"source":"1242","target":"1431"},{"source":"1242","target":"1471"},{"source":"1242","target":"1480"},{"source":"1242","target":"1491"},{"source":"1242","target":"1516"},{"source":"1242","target":"1524"},{"source":"1242","target":"1538"},{"source":"1242","target":"1554"},{"source":"1242","target":"1557"},{"source":"1242","target":"1559"},{"source":"1242","target":"1572"},{"source":"1242","target":"1584"},{"source":"1242","target":"1589"},{"source":"1242","target":"1597"},{"source":"1242","target":"1600"},{"source":"1242","target":"1603"},{"source":"1242","target":"1612"},{"source":"1242","target":"1613"},{"source":"1242","target":"1620"},{"source":"1242","target":"1622"},{"source":"1242","target":"1623"},{"source":"1242","target":"1644"},{"source":"1242","target":"1652"},{"source":"1242","target":"1653"},{"source":"1242","target":"1659"},{"source":"1242","target":"1683"},{"source":"1242","target":"1688"},{"source":"1242","target":"1689"},{"source":"1242","target":"1714"},{"source":"1242","target":"1717"},{"source":"1242","target":"1724"},{"source":"1242","target":"1730"},{"source":"1242","target":"1746"},{"source":"1242","target":"1750"},{"source":"1242","target":"1752"},{"source":"1242","target":"1789"},{"source":"1242","target":"1795"},{"source":"1242","target":"1796"},{"source":"1242","target":"1800"},{"source":"1242","target":"1804"},{"source":"1242","target":"1810"},{"source":"1242","target":"1816"},{"source":"1242","target":"1819"},{"source":"1242","target":"1823"},{"source":"1242","target":"1827"},{"source":"1242","target":"1833"},{"source":"1242","target":"1835"},{"source":"1242","target":"1839"},{"source":"1242","target":"1861"},{"source":"1242","target":"1867"},{"source":"1242","target":"1877"},{"source":"1242","target":"1888"},{"source":"1243","target":"1267"},{"source":"1243","target":"1269"},{"source":"1243","target":"1290"},{"source":"1243","target":"1323"},{"source":"1243","target":"1329"},{"source":"1243","target":"1330"},{"source":"1243","target":"1334"},{"source":"1243","target":"1351"},{"source":"1243","target":"1352"},{"source":"1243","target":"1376"},{"source":"1243","target":"1377"},{"source":"1243","target":"1399"},{"source":"1243","target":"1420"},{"source":"1243","target":"1431"},{"source":"1243","target":"1451"},{"source":"1243","target":"1483"},{"source":"1243","target":"1497"},{"source":"1243","target":"1509"},{"source":"1243","target":"1522"},{"source":"1243","target":"1528"},{"source":"1243","target":"1530"},{"source":"1243","target":"1554"},{"source":"1243","target":"1559"},{"source":"1243","target":"1563"},{"source":"1243","target":"1570"},{"source":"1243","target":"1584"},{"source":"1243","target":"1589"},{"source":"1243","target":"1590"},{"source":"1243","target":"1604"},{"source":"1243","target":"1608"},{"source":"1243","target":"1609"},{"source":"1243","target":"1610"},{"source":"1243","target":"1612"},{"source":"1243","target":"1613"},{"source":"1243","target":"1620"},{"source":"1243","target":"1621"},{"source":"1243","target":"1623"},{"source":"1243","target":"1637"},{"source":"1243","target":"1639"},{"source":"1243","target":"1643"},{"source":"1243","target":"1659"},{"source":"1243","target":"1662"},{"source":"1243","target":"1663"},{"source":"1243","target":"1669"},{"source":"1243","target":"1675"},{"source":"1243","target":"1688"},{"source":"1243","target":"1714"},{"source":"1243","target":"1721"},{"source":"1243","target":"1723"},{"source":"1243","target":"1730"},{"source":"1243","target":"1735"},{"source":"1243","target":"1746"},{"source":"1243","target":"1753"},{"source":"1243","target":"1754"},{"source":"1243","target":"1761"},{"source":"1243","target":"1765"},{"source":"1243","target":"1768"},{"source":"1243","target":"1791"},{"source":"1243","target":"1799"},{"source":"1243","target":"1800"},{"source":"1243","target":"1804"},{"source":"1243","target":"1811"},{"source":"1243","target":"1813"},{"source":"1243","target":"1827"},{"source":"1243","target":"1833"},{"source":"1243","target":"1835"},{"source":"1243","target":"1842"},{"source":"1243","target":"1849"},{"source":"1243","target":"1861"},{"source":"1243","target":"1867"},{"source":"1243","target":"1885"},{"source":"1243","target":"1888"},{"source":"1243","target":"1902"},{"source":"1244","target":"1428"},{"source":"1244","target":"1472"},{"source":"1244","target":"1591"},{"source":"1244","target":"1630"},{"source":"1244","target":"1703"},{"source":"1244","target":"1770"},{"source":"1244","target":"1781"},{"source":"1245","target":"1261"},{"source":"1245","target":"1281"},{"source":"1245","target":"1282"},{"source":"1245","target":"1309"},{"source":"1245","target":"1316"},{"source":"1245","target":"1373"},{"source":"1245","target":"1382"},{"source":"1245","target":"1396"},{"source":"1245","target":"1406"},{"source":"1245","target":"1451"},{"source":"1245","target":"1454"},{"source":"1245","target":"1495"},{"source":"1245","target":"1508"},{"source":"1245","target":"1582"},{"source":"1245","target":"1661"},{"source":"1245","target":"1683"},{"source":"1245","target":"1742"},{"source":"1245","target":"1751"},{"source":"1245","target":"1783"},{"source":"1245","target":"1786"},{"source":"1245","target":"1820"},{"source":"1245","target":"1824"},{"source":"1245","target":"1828"},{"source":"1245","target":"1848"},{"source":"1245","target":"1871"},{"source":"1246","target":"1296"},{"source":"1246","target":"1322"},{"source":"1246","target":"1338"},{"source":"1246","target":"1366"},{"source":"1246","target":"1418"},{"source":"1246","target":"1425"},{"source":"1246","target":"1469"},{"source":"1246","target":"1481"},{"source":"1246","target":"1482"},{"source":"1246","target":"1504"},{"source":"1246","target":"1569"},{"source":"1246","target":"1611"},{"source":"1246","target":"1630"},{"source":"1246","target":"1635"},{"source":"1246","target":"1646"},{"source":"1246","target":"1699"},{"source":"1246","target":"1738"},{"source":"1246","target":"1749"},{"source":"1246","target":"1781"},{"source":"1246","target":"1783"},{"source":"1246","target":"1785"},{"source":"1246","target":"1807"},{"source":"1246","target":"1862"},{"source":"1246","target":"1872"},{"source":"1246","target":"1875"},{"source":"1246","target":"1903"},{"source":"1247","target":"1273"},{"source":"1247","target":"1408"},{"source":"1247","target":"1429"},{"source":"1247","target":"1453"},{"source":"1247","target":"1502"},{"source":"1247","target":"1503"},{"source":"1247","target":"1575"},{"source":"1247","target":"1604"},{"source":"1247","target":"1649"},{"source":"1247","target":"1725"},{"source":"1247","target":"1729"},{"source":"1247","target":"1794"},{"source":"1247","target":"1807"},{"source":"1247","target":"1818"},{"source":"1247","target":"1850"},{"source":"1247","target":"1885"},{"source":"1247","target":"1897"},{"source":"1248","target":"1401"},{"source":"1248","target":"1725"},{"source":"1248","target":"1749"},{"source":"1248","target":"1785"},{"source":"1249","target":"1258"},{"source":"1249","target":"1306"},{"source":"1249","target":"1338"},{"source":"1249","target":"1428"},{"source":"1249","target":"1703"},{"source":"1249","target":"1748"},{"source":"1249","target":"1756"},{"source":"1249","target":"1831"},{"source":"1250","target":"1255"},{"source":"1250","target":"1256"},{"source":"1250","target":"1271"},{"source":"1250","target":"1278"},{"source":"1250","target":"1287"},{"source":"1250","target":"1288"},{"source":"1250","target":"1293"},{"source":"1250","target":"1330"},{"source":"1250","target":"1335"},{"source":"1250","target":"1339"},{"source":"1250","target":"1340"},{"source":"1250","target":"1341"},{"source":"1250","target":"1344"},{"source":"1250","target":"1352"},{"source":"1250","target":"1367"},{"source":"1250","target":"1375"},{"source":"1250","target":"1376"},{"source":"1250","target":"1380"},{"source":"1250","target":"1390"},{"source":"1250","target":"1399"},{"source":"1250","target":"1402"},{"source":"1250","target":"1416"},{"source":"1250","target":"1420"},{"source":"1250","target":"1431"},{"source":"1250","target":"1435"},{"source":"1250","target":"1456"},{"source":"1250","target":"1488"},{"source":"1250","target":"1491"},{"source":"1250","target":"1522"},{"source":"1250","target":"1524"},{"source":"1250","target":"1530"},{"source":"1250","target":"1532"},{"source":"1250","target":"1547"},{"source":"1250","target":"1554"},{"source":"1250","target":"1557"},{"source":"1250","target":"1559"},{"source":"1250","target":"1572"},{"source":"1250","target":"1584"},{"source":"1250","target":"1589"},{"source":"1250","target":"1597"},{"source":"1250","target":"1600"},{"source":"1250","target":"1603"},{"source":"1250","target":"1608"},{"source":"1250","target":"1610"},{"source":"1250","target":"1612"},{"source":"1250","target":"1613"},{"source":"1250","target":"1617"},{"source":"1250","target":"1619"},{"source":"1250","target":"1620"},{"source":"1250","target":"1622"},{"source":"1250","target":"1623"},{"source":"1250","target":"1632"},{"source":"1250","target":"1644"},{"source":"1250","target":"1652"},{"source":"1250","target":"1653"},{"source":"1250","target":"1659"},{"source":"1250","target":"1662"},{"source":"1250","target":"1663"},{"source":"1250","target":"1683"},{"source":"1250","target":"1685"},{"source":"1250","target":"1688"},{"source":"1250","target":"1689"},{"source":"1250","target":"1707"},{"source":"1250","target":"1712"},{"source":"1250","target":"1714"},{"source":"1250","target":"1717"},{"source":"1250","target":"1721"},{"source":"1250","target":"1724"},{"source":"1250","target":"1730"},{"source":"1250","target":"1736"},{"source":"1250","target":"1737"},{"source":"1250","target":"1741"},{"source":"1250","target":"1746"},{"source":"1250","target":"1750"},{"source":"1250","target":"1752"},{"source":"1250","target":"1754"},{"source":"1250","target":"1757"},{"source":"1250","target":"1765"},{"source":"1250","target":"1768"},{"source":"1250","target":"1771"},{"source":"1250","target":"1789"},{"source":"1250","target":"1793"},{"source":"1250","target":"1795"},{"source":"1250","target":"1796"},{"source":"1250","target":"1799"},{"source":"1250","target":"1800"},{"source":"1250","target":"1804"},{"source":"1250","target":"1810"},{"source":"1250","target":"1816"},{"source":"1250","target":"1819"},{"source":"1250","target":"1827"},{"source":"1250","target":"1833"},{"source":"1250","target":"1839"},{"source":"1250","target":"1849"},{"source":"1250","target":"1861"},{"source":"1250","target":"1867"},{"source":"1250","target":"1877"},{"source":"1250","target":"1879"},{"source":"1250","target":"1888"},{"source":"1250","target":"1902"},{"source":"1251","target":"1307"},{"source":"1251","target":"1410"},{"source":"1251","target":"1421"},{"source":"1251","target":"1555"},{"source":"1251","target":"1687"},{"source":"1251","target":"1705"},{"source":"1251","target":"1825"},{"source":"1252","target":"1254"},{"source":"1254","target":"1368"},{"source":"1255","target":"1269"},{"source":"1255","target":"1272"},{"source":"1255","target":"1280"},{"source":"1255","target":"1291"},{"source":"1255","target":"1302"},{"source":"1255","target":"1305"},{"source":"1255","target":"1312"},{"source":"1255","target":"1321"},{"source":"1255","target":"1323"},{"source":"1255","target":"1329"},{"source":"1255","target":"1334"},{"source":"1255","target":"1341"},{"source":"1255","target":"1352"},{"source":"1255","target":"1359"},{"source":"1255","target":"1361"},{"source":"1255","target":"1367"},{"source":"1255","target":"1369"},{"source":"1255","target":"1376"},{"source":"1255","target":"1377"},{"source":"1255","target":"1390"},{"source":"1255","target":"1391"},{"source":"1255","target":"1399"},{"source":"1255","target":"1405"},{"source":"1255","target":"1409"},{"source":"1255","target":"1416"},{"source":"1255","target":"1420"},{"source":"1255","target":"1431"},{"source":"1255","target":"1447"},{"source":"1255","target":"1467"},{"source":"1255","target":"1471"},{"source":"1255","target":"1509"},{"source":"1255","target":"1513"},{"source":"1255","target":"1516"},{"source":"1255","target":"1520"},{"source":"1255","target":"1522"},{"source":"1255","target":"1528"},{"source":"1255","target":"1539"},{"source":"1255","target":"1551"},{"source":"1255","target":"1554"},{"source":"1255","target":"1559"},{"source":"1255","target":"1563"},{"source":"1255","target":"1570"},{"source":"1255","target":"1584"},{"source":"1255","target":"1589"},{"source":"1255","target":"1590"},{"source":"1255","target":"1600"},{"source":"1255","target":"1603"},{"source":"1255","target":"1604"},{"source":"1255","target":"1608"},{"source":"1255","target":"1609"},{"source":"1255","target":"1610"},{"source":"1255","target":"1612"},{"source":"1255","target":"1613"},{"source":"1255","target":"1614"},{"source":"1255","target":"1617"},{"source":"1255","target":"1621"},{"source":"1255","target":"1622"},{"source":"1255","target":"1626"},{"source":"1255","target":"1637"},{"source":"1255","target":"1639"},{"source":"1255","target":"1643"},{"source":"1255","target":"1659"},{"source":"1255","target":"1662"},{"source":"1255","target":"1663"},{"source":"1255","target":"1669"},{"source":"1255","target":"1675"},{"source":"1255","target":"1683"},{"source":"1255","target":"1714"},{"source":"1255","target":"1717"},{"source":"1255","target":"1721"},{"source":"1255","target":"1730"},{"source":"1255","target":"1735"},{"source":"1255","target":"1737"},{"source":"1255","target":"1746"},{"source":"1255","target":"1750"},{"source":"1255","target":"1752"},{"source":"1255","target":"1753"},{"source":"1255","target":"1757"},{"source":"1255","target":"1765"},{"source":"1255","target":"1768"},{"source":"1255","target":"1791"},{"source":"1255","target":"1799"},{"source":"1255","target":"1800"},{"source":"1255","target":"1805"},{"source":"1255","target":"1813"},{"source":"1255","target":"1819"},{"source":"1255","target":"1827"},{"source":"1255","target":"1833"},{"source":"1255","target":"1835"},{"source":"1255","target":"1846"},{"source":"1255","target":"1888"},{"source":"1255","target":"1891"},{"source":"1255","target":"1902"},{"source":"1256","target":"1271"},{"source":"1256","target":"1285"},{"source":"1256","target":"1288"},{"source":"1256","target":"1289"},{"source":"1256","target":"1302"},{"source":"1256","target":"1330"},{"source":"1256","target":"1331"},{"source":"1256","target":"1335"},{"source":"1256","target":"1336"},{"source":"1256","target":"1341"},{"source":"1256","target":"1351"},{"source":"1256","target":"1359"},{"source":"1256","target":"1361"},{"source":"1256","target":"1367"},{"source":"1256","target":"1370"},{"source":"1256","target":"1377"},{"source":"1256","target":"1380"},{"source":"1256","target":"1388"},{"source":"1256","target":"1390"},{"source":"1256","target":"1399"},{"source":"1256","target":"1409"},{"source":"1256","target":"1431"},{"source":"1256","target":"1447"},{"source":"1256","target":"1456"},{"source":"1256","target":"1457"},{"source":"1256","target":"1458"},{"source":"1256","target":"1470"},{"source":"1256","target":"1471"},{"source":"1256","target":"1480"},{"source":"1256","target":"1483"},{"source":"1256","target":"1488"},{"source":"1256","target":"1509"},{"source":"1256","target":"1516"},{"source":"1256","target":"1520"},{"source":"1256","target":"1524"},{"source":"1256","target":"1542"},{"source":"1256","target":"1547"},{"source":"1256","target":"1551"},{"source":"1256","target":"1554"},{"source":"1256","target":"1559"},{"source":"1256","target":"1563"},{"source":"1256","target":"1589"},{"source":"1256","target":"1598"},{"source":"1256","target":"1604"},{"source":"1256","target":"1605"},{"source":"1256","target":"1610"},{"source":"1256","target":"1613"},{"source":"1256","target":"1619"},{"source":"1256","target":"1620"},{"source":"1256","target":"1621"},{"source":"1256","target":"1637"},{"source":"1256","target":"1639"},{"source":"1256","target":"1652"},{"source":"1256","target":"1662"},{"source":"1256","target":"1663"},{"source":"1256","target":"1665"},{"source":"1256","target":"1668"},{"source":"1256","target":"1707"},{"source":"1256","target":"1712"},{"source":"1256","target":"1714"},{"source":"1256","target":"1717"},{"source":"1256","target":"1722"},{"source":"1256","target":"1736"},{"source":"1256","target":"1741"},{"source":"1256","target":"1746"},{"source":"1256","target":"1757"},{"source":"1256","target":"1768"},{"source":"1256","target":"1789"},{"source":"1256","target":"1791"},{"source":"1256","target":"1796"},{"source":"1256","target":"1800"},{"source":"1256","target":"1804"},{"source":"1256","target":"1809"},{"source":"1256","target":"1813"},{"source":"1256","target":"1816"},{"source":"1256","target":"1826"},{"source":"1256","target":"1832"},{"source":"1256","target":"1833"},{"source":"1256","target":"1835"},{"source":"1256","target":"1839"},{"source":"1256","target":"1849"},{"source":"1256","target":"1863"},{"source":"1256","target":"1864"},{"source":"1256","target":"1868"},{"source":"1256","target":"1879"},{"source":"1256","target":"1888"},{"source":"1256","target":"1898"},{"source":"1256","target":"1900"},{"source":"1256","target":"1902"},{"source":"1257","target":"1284"},{"source":"1257","target":"1292"},{"source":"1257","target":"1315"},{"source":"1257","target":"1322"},{"source":"1257","target":"1345"},{"source":"1257","target":"1404"},{"source":"1257","target":"1413"},{"source":"1257","target":"1426"},{"source":"1257","target":"1432"},{"source":"1257","target":"1459"},{"source":"1257","target":"1462"},{"source":"1257","target":"1479"},{"source":"1257","target":"1573"},{"source":"1257","target":"1576"},{"source":"1257","target":"1583"},{"source":"1257","target":"1587"},{"source":"1257","target":"1591"},{"source":"1257","target":"1592"},{"source":"1257","target":"1596"},{"source":"1257","target":"1635"},{"source":"1257","target":"1636"},{"source":"1257","target":"1647"},{"source":"1257","target":"1655"},{"source":"1257","target":"1680"},{"source":"1257","target":"1691"},{"source":"1257","target":"1790"},{"source":"1257","target":"1841"},{"source":"1257","target":"1857"},{"source":"1257","target":"1859"},{"source":"1257","target":"1862"},{"source":"1257","target":"1872"},{"source":"1258","target":"1260"},{"source":"1258","target":"1275"},{"source":"1258","target":"1304"},{"source":"1258","target":"1306"},{"source":"1258","target":"1334"},{"source":"1258","target":"1338"},{"source":"1258","target":"1343"},{"source":"1258","target":"1355"},{"source":"1258","target":"1366"},{"source":"1258","target":"1435"},{"source":"1258","target":"1444"},{"source":"1258","target":"1473"},{"source":"1258","target":"1492"},{"source":"1258","target":"1525"},{"source":"1258","target":"1536"},{"source":"1258","target":"1569"},{"source":"1258","target":"1584"},{"source":"1258","target":"1630"},{"source":"1258","target":"1634"},{"source":"1258","target":"1658"},{"source":"1258","target":"1703"},{"source":"1258","target":"1709"},{"source":"1258","target":"1738"},{"source":"1258","target":"1781"},{"source":"1258","target":"1807"},{"source":"1258","target":"1815"},{"source":"1258","target":"1818"},{"source":"1259","target":"1260"},{"source":"1259","target":"1275"},{"source":"1259","target":"1311"},{"source":"1259","target":"1338"},{"source":"1259","target":"1348"},{"source":"1259","target":"1362"},{"source":"1259","target":"1415"},{"source":"1259","target":"1469"},{"source":"1259","target":"1472"},{"source":"1259","target":"1482"},{"source":"1259","target":"1496"},{"source":"1259","target":"1504"},{"source":"1259","target":"1507"},{"source":"1259","target":"1536"},{"source":"1259","target":"1541"},{"source":"1259","target":"1624"},{"source":"1259","target":"1630"},{"source":"1259","target":"1667"},{"source":"1259","target":"1672"},{"source":"1259","target":"1709"},{"source":"1259","target":"1725"},{"source":"1259","target":"1745"},{"source":"1259","target":"1770"},{"source":"1259","target":"1783"},{"source":"1259","target":"1815"},{"source":"1259","target":"1904"},{"source":"1259","target":"1906"},{"source":"1260","target":"1275"},{"source":"1260","target":"1299"},{"source":"1260","target":"1304"},{"source":"1260","target":"1308"},{"source":"1260","target":"1338"},{"source":"1260","target":"1355"},{"source":"1260","target":"1366"},{"source":"1260","target":"1469"},{"source":"1260","target":"1472"},{"source":"1260","target":"1504"},{"source":"1260","target":"1525"},{"source":"1260","target":"1630"},{"source":"1260","target":"1633"},{"source":"1260","target":"1634"},{"source":"1260","target":"1686"},{"source":"1260","target":"1703"},{"source":"1260","target":"1709"},{"source":"1260","target":"1725"},{"source":"1260","target":"1815"},{"source":"1260","target":"1876"},{"source":"1261","target":"1273"},{"source":"1261","target":"1277"},{"source":"1261","target":"1281"},{"source":"1261","target":"1282"},{"source":"1261","target":"1292"},{"source":"1261","target":"1309"},{"source":"1261","target":"1316"},{"source":"1261","target":"1324"},{"source":"1261","target":"1345"},{"source":"1261","target":"1373"},{"source":"1261","target":"1382"},{"source":"1261","target":"1396"},{"source":"1261","target":"1406"},{"source":"1261","target":"1451"},{"source":"1261","target":"1454"},{"source":"1261","target":"1475"},{"source":"1261","target":"1495"},{"source":"1261","target":"1508"},{"source":"1261","target":"1515"},{"source":"1261","target":"1582"},{"source":"1261","target":"1583"},{"source":"1261","target":"1595"},{"source":"1261","target":"1638"},{"source":"1261","target":"1661"},{"source":"1261","target":"1729"},{"source":"1261","target":"1732"},{"source":"1261","target":"1742"},{"source":"1261","target":"1751"},{"source":"1261","target":"1783"},{"source":"1261","target":"1786"},{"source":"1261","target":"1812"},{"source":"1261","target":"1820"},{"source":"1261","target":"1824"},{"source":"1261","target":"1828"},{"source":"1261","target":"1848"},{"source":"1261","target":"1850"},{"source":"1261","target":"1857"},{"source":"1261","target":"1871"},{"source":"1261","target":"1872"},{"source":"1261","target":"1893"},{"source":"1261","target":"1894"},{"source":"1261","target":"1907"},{"source":"1262","target":"1835"},{"source":"1263","target":"1591"},{"source":"1263","target":"1783"},{"source":"1264","target":"1295"},{"source":"1264","target":"1725"},{"source":"1264","target":"1749"},{"source":"1265","target":"1269"},{"source":"1265","target":"1323"},{"source":"1265","target":"1329"},{"source":"1265","target":"1376"},{"source":"1265","target":"1377"},{"source":"1265","target":"1460"},{"source":"1265","target":"1484"},{"source":"1265","target":"1513"},{"source":"1265","target":"1520"},{"source":"1265","target":"1528"},{"source":"1265","target":"1570"},{"source":"1265","target":"1590"},{"source":"1265","target":"1608"},{"source":"1265","target":"1609"},{"source":"1265","target":"1768"},{"source":"1265","target":"1782"},{"source":"1265","target":"1811"},{"source":"1265","target":"1861"},{"source":"1265","target":"1891"},{"source":"1266","target":"1431"},{"source":"1266","target":"1434"},{"source":"1266","target":"1441"},{"source":"1266","target":"1564"},{"source":"1266","target":"1585"},{"source":"1266","target":"1666"},{"source":"1266","target":"1779"},{"source":"1266","target":"1822"},{"source":"1266","target":"1905"},{"source":"1267","target":"1269"},{"source":"1267","target":"1272"},{"source":"1267","target":"1287"},{"source":"1267","target":"1289"},{"source":"1267","target":"1291"},{"source":"1267","target":"1302"},{"source":"1267","target":"1335"},{"source":"1267","target":"1336"},{"source":"1267","target":"1339"},{"source":"1267","target":"1341"},{"source":"1267","target":"1352"},{"source":"1267","target":"1365"},{"source":"1267","target":"1370"},{"source":"1267","target":"1376"},{"source":"1267","target":"1377"},{"source":"1267","target":"1390"},{"source":"1267","target":"1391"},{"source":"1267","target":"1399"},{"source":"1267","target":"1402"},{"source":"1267","target":"1431"},{"source":"1267","target":"1447"},{"source":"1267","target":"1467"},{"source":"1267","target":"1483"},{"source":"1267","target":"1491"},{"source":"1267","target":"1509"},{"source":"1267","target":"1516"},{"source":"1267","target":"1520"},{"source":"1267","target":"1522"},{"source":"1267","target":"1530"},{"source":"1267","target":"1557"},{"source":"1267","target":"1559"},{"source":"1267","target":"1570"},{"source":"1267","target":"1584"},{"source":"1267","target":"1589"},{"source":"1267","target":"1590"},{"source":"1267","target":"1597"},{"source":"1267","target":"1603"},{"source":"1267","target":"1608"},{"source":"1267","target":"1612"},{"source":"1267","target":"1613"},{"source":"1267","target":"1617"},{"source":"1267","target":"1621"},{"source":"1267","target":"1622"},{"source":"1267","target":"1623"},{"source":"1267","target":"1643"},{"source":"1267","target":"1644"},{"source":"1267","target":"1662"},{"source":"1267","target":"1663"},{"source":"1267","target":"1668"},{"source":"1267","target":"1689"},{"source":"1267","target":"1707"},{"source":"1267","target":"1712"},{"source":"1267","target":"1714"},{"source":"1267","target":"1717"},{"source":"1267","target":"1723"},{"source":"1267","target":"1730"},{"source":"1267","target":"1735"},{"source":"1267","target":"1736"},{"source":"1267","target":"1746"},{"source":"1267","target":"1750"},{"source":"1267","target":"1752"},{"source":"1267","target":"1753"},{"source":"1267","target":"1761"},{"source":"1267","target":"1768"},{"source":"1267","target":"1791"},{"source":"1267","target":"1793"},{"source":"1267","target":"1795"},{"source":"1267","target":"1796"},{"source":"1267","target":"1799"},{"source":"1267","target":"1800"},{"source":"1267","target":"1804"},{"source":"1267","target":"1823"},{"source":"1267","target":"1827"},{"source":"1267","target":"1833"},{"source":"1267","target":"1835"},{"source":"1267","target":"1839"},{"source":"1267","target":"1849"},{"source":"1267","target":"1867"},{"source":"1267","target":"1868"},{"source":"1267","target":"1886"},{"source":"1267","target":"1888"},{"source":"1267","target":"1891"},{"source":"1268","target":"1343"},{"source":"1268","target":"1529"},{"source":"1268","target":"1531"},{"source":"1268","target":"1814"},{"source":"1268","target":"1876"},{"source":"1268","target":"1910"},{"source":"1269","target":"1291"},{"source":"1269","target":"1302"},{"source":"1269","target":"1305"},{"source":"1269","target":"1312"},{"source":"1269","target":"1329"},{"source":"1269","target":"1331"},{"source":"1269","target":"1334"},{"source":"1269","target":"1352"},{"source":"1269","target":"1367"},{"source":"1269","target":"1376"},{"source":"1269","target":"1377"},{"source":"1269","target":"1388"},{"source":"1269","target":"1391"},{"source":"1269","target":"1399"},{"source":"1269","target":"1409"},{"source":"1269","target":"1420"},{"source":"1269","target":"1431"},{"source":"1269","target":"1439"},{"source":"1269","target":"1456"},{"source":"1269","target":"1460"},{"source":"1269","target":"1467"},{"source":"1269","target":"1471"},{"source":"1269","target":"1480"},{"source":"1269","target":"1484"},{"source":"1269","target":"1491"},{"source":"1269","target":"1509"},{"source":"1269","target":"1513"},{"source":"1269","target":"1516"},{"source":"1269","target":"1522"},{"source":"1269","target":"1528"},{"source":"1269","target":"1538"},{"source":"1269","target":"1547"},{"source":"1269","target":"1554"},{"source":"1269","target":"1557"},{"source":"1269","target":"1559"},{"source":"1269","target":"1570"},{"source":"1269","target":"1580"},{"source":"1269","target":"1584"},{"source":"1269","target":"1589"},{"source":"1269","target":"1600"},{"source":"1269","target":"1603"},{"source":"1269","target":"1608"},{"source":"1269","target":"1609"},{"source":"1269","target":"1610"},{"source":"1269","target":"1612"},{"source":"1269","target":"1613"},{"source":"1269","target":"1617"},{"source":"1269","target":"1621"},{"source":"1269","target":"1622"},{"source":"1269","target":"1623"},{"source":"1269","target":"1637"},{"source":"1269","target":"1643"},{"source":"1269","target":"1663"},{"source":"1269","target":"1668"},{"source":"1269","target":"1669"},{"source":"1269","target":"1675"},{"source":"1269","target":"1685"},{"source":"1269","target":"1688"},{"source":"1269","target":"1714"},{"source":"1269","target":"1721"},{"source":"1269","target":"1730"},{"source":"1269","target":"1735"},{"source":"1269","target":"1736"},{"source":"1269","target":"1746"},{"source":"1269","target":"1750"},{"source":"1269","target":"1753"},{"source":"1269","target":"1754"},{"source":"1269","target":"1757"},{"source":"1269","target":"1761"},{"source":"1269","target":"1768"},{"source":"1269","target":"1782"},{"source":"1269","target":"1799"},{"source":"1269","target":"1800"},{"source":"1269","target":"1804"},{"source":"1269","target":"1810"},{"source":"1269","target":"1816"},{"source":"1269","target":"1819"},{"source":"1269","target":"1823"},{"source":"1269","target":"1827"},{"source":"1269","target":"1833"},{"source":"1269","target":"1835"},{"source":"1269","target":"1845"},{"source":"1269","target":"1864"},{"source":"1269","target":"1879"},{"source":"1269","target":"1886"},{"source":"1269","target":"1888"},{"source":"1269","target":"1891"},{"source":"1270","target":"1711"},{"source":"1271","target":"1280"},{"source":"1271","target":"1285"},{"source":"1271","target":"1288"},{"source":"1271","target":"1291"},{"source":"1271","target":"1302"},{"source":"1271","target":"1330"},{"source":"1271","target":"1331"},{"source":"1271","target":"1336"},{"source":"1271","target":"1352"},{"source":"1271","target":"1370"},{"source":"1271","target":"1380"},{"source":"1271","target":"1390"},{"source":"1271","target":"1391"},{"source":"1271","target":"1399"},{"source":"1271","target":"1402"},{"source":"1271","target":"1431"},{"source":"1271","target":"1447"},{"source":"1271","target":"1449"},{"source":"1271","target":"1456"},{"source":"1271","target":"1457"},{"source":"1271","target":"1471"},{"source":"1271","target":"1480"},{"source":"1271","target":"1483"},{"source":"1271","target":"1488"},{"source":"1271","target":"1559"},{"source":"1271","target":"1584"},{"source":"1271","target":"1598"},{"source":"1271","target":"1604"},{"source":"1271","target":"1605"},{"source":"1271","target":"1610"},{"source":"1271","target":"1612"},{"source":"1271","target":"1613"},{"source":"1271","target":"1619"},{"source":"1271","target":"1663"},{"source":"1271","target":"1665"},{"source":"1271","target":"1668"},{"source":"1271","target":"1707"},{"source":"1271","target":"1712"},{"source":"1271","target":"1714"},{"source":"1271","target":"1717"},{"source":"1271","target":"1722"},{"source":"1271","target":"1741"},{"source":"1271","target":"1746"},{"source":"1271","target":"1757"},{"source":"1271","target":"1768"},{"source":"1271","target":"1793"},{"source":"1271","target":"1800"},{"source":"1271","target":"1804"},{"source":"1271","target":"1809"},{"source":"1271","target":"1816"},{"source":"1271","target":"1826"},{"source":"1271","target":"1832"},{"source":"1271","target":"1833"},{"source":"1271","target":"1849"},{"source":"1271","target":"1868"},{"source":"1271","target":"1879"},{"source":"1271","target":"1888"},{"source":"1271","target":"1898"},{"source":"1271","target":"1902"},{"source":"1272","target":"1305"},{"source":"1272","target":"1312"},{"source":"1272","target":"1327"},{"source":"1272","target":"1329"},{"source":"1272","target":"1352"},{"source":"1272","target":"1367"},{"source":"1272","target":"1369"},{"source":"1272","target":"1376"},{"source":"1272","target":"1391"},{"source":"1272","target":"1402"},{"source":"1272","target":"1405"},{"source":"1272","target":"1420"},{"source":"1272","target":"1431"},{"source":"1272","target":"1449"},{"source":"1272","target":"1460"},{"source":"1272","target":"1467"},{"source":"1272","target":"1485"},{"source":"1272","target":"1488"},{"source":"1272","target":"1491"},{"source":"1272","target":"1509"},{"source":"1272","target":"1513"},{"source":"1272","target":"1516"},{"source":"1272","target":"1520"},{"source":"1272","target":"1551"},{"source":"1272","target":"1554"},{"source":"1272","target":"1559"},{"source":"1272","target":"1563"},{"source":"1272","target":"1584"},{"source":"1272","target":"1585"},{"source":"1272","target":"1589"},{"source":"1272","target":"1590"},{"source":"1272","target":"1603"},{"source":"1272","target":"1610"},{"source":"1272","target":"1612"},{"source":"1272","target":"1613"},{"source":"1272","target":"1622"},{"source":"1272","target":"1639"},{"source":"1272","target":"1644"},{"source":"1272","target":"1662"},{"source":"1272","target":"1669"},{"source":"1272","target":"1685"},{"source":"1272","target":"1714"},{"source":"1272","target":"1723"},{"source":"1272","target":"1730"},{"source":"1272","target":"1735"},{"source":"1272","target":"1753"},{"source":"1272","target":"1761"},{"source":"1272","target":"1765"},{"source":"1272","target":"1793"},{"source":"1272","target":"1799"},{"source":"1272","target":"1800"},{"source":"1272","target":"1804"},{"source":"1272","target":"1813"},{"source":"1272","target":"1823"},{"source":"1272","target":"1833"},{"source":"1272","target":"1835"},{"source":"1272","target":"1836"},{"source":"1272","target":"1839"},{"source":"1272","target":"1846"},{"source":"1272","target":"1886"},{"source":"1272","target":"1888"},{"source":"1272","target":"1891"},{"source":"1273","target":"1282"},{"source":"1273","target":"1286"},{"source":"1273","target":"1316"},{"source":"1273","target":"1373"},{"source":"1273","target":"1382"},{"source":"1273","target":"1396"},{"source":"1273","target":"1412"},{"source":"1273","target":"1429"},{"source":"1273","target":"1432"},{"source":"1273","target":"1451"},{"source":"1273","target":"1454"},{"source":"1273","target":"1489"},{"source":"1273","target":"1502"},{"source":"1273","target":"1503"},{"source":"1273","target":"1508"},{"source":"1273","target":"1515"},{"source":"1273","target":"1595"},{"source":"1273","target":"1649"},{"source":"1273","target":"1704"},{"source":"1273","target":"1725"},{"source":"1273","target":"1729"},{"source":"1273","target":"1742"},{"source":"1273","target":"1751"},{"source":"1273","target":"1783"},{"source":"1273","target":"1786"},{"source":"1273","target":"1794"},{"source":"1273","target":"1820"},{"source":"1273","target":"1824"},{"source":"1273","target":"1830"},{"source":"1273","target":"1848"},{"source":"1273","target":"1850"},{"source":"1273","target":"1871"},{"source":"1273","target":"1893"},{"source":"1274","target":"1307"},{"source":"1274","target":"1325"},{"source":"1274","target":"1433"},{"source":"1274","target":"1445"},{"source":"1274","target":"1511"},{"source":"1274","target":"1553"},{"source":"1274","target":"1567"},{"source":"1274","target":"1588"},{"source":"1274","target":"1593"},{"source":"1274","target":"1615"},{"source":"1274","target":"1656"},{"source":"1274","target":"1687"},{"source":"1274","target":"1698"},{"source":"1274","target":"1708"},{"source":"1274","target":"1806"},{"source":"1274","target":"1825"},{"source":"1274","target":"1866"},{"source":"1274","target":"1908"},{"source":"1275","target":"1296"},{"source":"1275","target":"1299"},{"source":"1275","target":"1310"},{"source":"1275","target":"1338"},{"source":"1275","target":"1348"},{"source":"1275","target":"1355"},{"source":"1275","target":"1366"},{"source":"1275","target":"1418"},{"source":"1275","target":"1469"},{"source":"1275","target":"1472"},{"source":"1275","target":"1473"},{"source":"1275","target":"1482"},{"source":"1275","target":"1496"},{"source":"1275","target":"1500"},{"source":"1275","target":"1504"},{"source":"1275","target":"1525"},{"source":"1275","target":"1536"},{"source":"1275","target":"1624"},{"source":"1275","target":"1630"},{"source":"1275","target":"1633"},{"source":"1275","target":"1672"},{"source":"1275","target":"1703"},{"source":"1275","target":"1709"},{"source":"1275","target":"1770"},{"source":"1275","target":"1781"},{"source":"1275","target":"1783"},{"source":"1275","target":"1785"},{"source":"1275","target":"1815"},{"source":"1275","target":"1828"},{"source":"1275","target":"1869"},{"source":"1275","target":"1876"},{"source":"1275","target":"1904"},{"source":"1275","target":"1906"},{"source":"1276","target":"1791"},{"source":"1277","target":"1282"},{"source":"1277","target":"1284"},{"source":"1277","target":"1286"},{"source":"1277","target":"1292"},{"source":"1277","target":"1298"},{"source":"1277","target":"1303"},{"source":"1277","target":"1309"},{"source":"1277","target":"1322"},{"source":"1277","target":"1345"},{"source":"1277","target":"1347"},{"source":"1277","target":"1350"},{"source":"1277","target":"1379"},{"source":"1277","target":"1381"},{"source":"1277","target":"1382"},{"source":"1277","target":"1392"},{"source":"1277","target":"1404"},{"source":"1277","target":"1413"},{"source":"1277","target":"1414"},{"source":"1277","target":"1417"},{"source":"1277","target":"1423"},{"source":"1277","target":"1426"},{"source":"1277","target":"1432"},{"source":"1277","target":"1438"},{"source":"1277","target":"1448"},{"source":"1277","target":"1454"},{"source":"1277","target":"1459"},{"source":"1277","target":"1462"},{"source":"1277","target":"1475"},{"source":"1277","target":"1479"},{"source":"1277","target":"1508"},{"source":"1277","target":"1515"},{"source":"1277","target":"1550"},{"source":"1277","target":"1573"},{"source":"1277","target":"1576"},{"source":"1277","target":"1578"},{"source":"1277","target":"1583"},{"source":"1277","target":"1587"},{"source":"1277","target":"1591"},{"source":"1277","target":"1595"},{"source":"1277","target":"1596"},{"source":"1277","target":"1611"},{"source":"1277","target":"1628"},{"source":"1277","target":"1635"},{"source":"1277","target":"1636"},{"source":"1277","target":"1647"},{"source":"1277","target":"1655"},{"source":"1277","target":"1661"},{"source":"1277","target":"1680"},{"source":"1277","target":"1691"},{"source":"1277","target":"1715"},{"source":"1277","target":"1716"},{"source":"1277","target":"1720"},{"source":"1277","target":"1728"},{"source":"1277","target":"1729"},{"source":"1277","target":"1742"},{"source":"1277","target":"1751"},{"source":"1277","target":"1764"},{"source":"1277","target":"1783"},{"source":"1277","target":"1786"},{"source":"1277","target":"1790"},{"source":"1277","target":"1812"},{"source":"1277","target":"1820"},{"source":"1277","target":"1824"},{"source":"1277","target":"1841"},{"source":"1277","target":"1848"},{"source":"1277","target":"1857"},{"source":"1277","target":"1859"},{"source":"1277","target":"1862"},{"source":"1277","target":"1871"},{"source":"1277","target":"1872"},{"source":"1277","target":"1873"},{"source":"1277","target":"1875"},{"source":"1277","target":"1884"},{"source":"1277","target":"1893"},{"source":"1277","target":"1894"},{"source":"1277","target":"1899"},{"source":"1277","target":"1903"},{"source":"1278","target":"1344"},{"source":"1278","target":"1367"},{"source":"1278","target":"1375"},{"source":"1278","target":"1416"},{"source":"1278","target":"1471"},{"source":"1278","target":"1523"},{"source":"1278","target":"1524"},{"source":"1278","target":"1572"},{"source":"1278","target":"1688"},{"source":"1278","target":"1724"},{"source":"1278","target":"1730"},{"source":"1278","target":"1746"},{"source":"1278","target":"1750"},{"source":"1278","target":"1757"},{"source":"1278","target":"1771"},{"source":"1278","target":"1800"},{"source":"1278","target":"1810"},{"source":"1278","target":"1827"},{"source":"1278","target":"1867"},{"source":"1279","target":"1292"},{"source":"1279","target":"1298"},{"source":"1279","target":"1322"},{"source":"1279","target":"1345"},{"source":"1279","target":"1347"},{"source":"1279","target":"1379"},{"source":"1279","target":"1404"},{"source":"1279","target":"1432"},{"source":"1279","target":"1448"},{"source":"1279","target":"1459"},{"source":"1279","target":"1462"},{"source":"1279","target":"1475"},{"source":"1279","target":"1479"},{"source":"1279","target":"1576"},{"source":"1279","target":"1583"},{"source":"1279","target":"1587"},{"source":"1279","target":"1596"},{"source":"1279","target":"1611"},{"source":"1279","target":"1628"},{"source":"1279","target":"1636"},{"source":"1279","target":"1691"},{"source":"1279","target":"1715"},{"source":"1279","target":"1716"},{"source":"1279","target":"1728"},{"source":"1279","target":"1786"},{"source":"1279","target":"1857"},{"source":"1279","target":"1899"},{"source":"1280","target":"1330"},{"source":"1280","target":"1331"},{"source":"1280","target":"1352"},{"source":"1280","target":"1359"},{"source":"1280","target":"1388"},{"source":"1280","target":"1391"},{"source":"1280","target":"1402"},{"source":"1280","target":"1409"},{"source":"1280","target":"1431"},{"source":"1280","target":"1447"},{"source":"1280","target":"1456"},{"source":"1280","target":"1470"},{"source":"1280","target":"1483"},{"source":"1280","target":"1488"},{"source":"1280","target":"1509"},{"source":"1280","target":"1535"},{"source":"1280","target":"1551"},{"source":"1280","target":"1570"},{"source":"1280","target":"1598"},{"source":"1280","target":"1604"},{"source":"1280","target":"1605"},{"source":"1280","target":"1608"},{"source":"1280","target":"1609"},{"source":"1280","target":"1637"},{"source":"1280","target":"1662"},{"source":"1280","target":"1663"},{"source":"1280","target":"1670"},{"source":"1280","target":"1674"},{"source":"1280","target":"1707"},{"source":"1280","target":"1722"},{"source":"1280","target":"1723"},{"source":"1280","target":"1736"},{"source":"1280","target":"1741"},{"source":"1280","target":"1768"},{"source":"1280","target":"1791"},{"source":"1280","target":"1793"},{"source":"1280","target":"1804"},{"source":"1280","target":"1809"},{"source":"1280","target":"1813"},{"source":"1280","target":"1832"},{"source":"1280","target":"1835"},{"source":"1280","target":"1839"},{"source":"1280","target":"1842"},{"source":"1280","target":"1849"},{"source":"1280","target":"1861"},{"source":"1280","target":"1868"},{"source":"1280","target":"1902"},{"source":"1281","target":"1282"},{"source":"1281","target":"1309"},{"source":"1281","target":"1373"},{"source":"1281","target":"1396"},{"source":"1281","target":"1429"},{"source":"1281","target":"1495"},{"source":"1281","target":"1502"},{"source":"1281","target":"1508"},{"source":"1281","target":"1515"},{"source":"1281","target":"1582"},{"source":"1281","target":"1595"},{"source":"1281","target":"1638"},{"source":"1281","target":"1661"},{"source":"1281","target":"1715"},{"source":"1281","target":"1720"},{"source":"1281","target":"1729"},{"source":"1281","target":"1742"},{"source":"1281","target":"1751"},{"source":"1281","target":"1783"},{"source":"1281","target":"1786"},{"source":"1281","target":"1820"},{"source":"1281","target":"1824"},{"source":"1281","target":"1828"},{"source":"1281","target":"1844"},{"source":"1281","target":"1871"},{"source":"1281","target":"1893"},{"source":"1281","target":"1894"},{"source":"1281","target":"1907"},{"source":"1282","target":"1286"},{"source":"1282","target":"1303"},{"source":"1282","target":"1309"},{"source":"1282","target":"1324"},{"source":"1282","target":"1347"},{"source":"1282","target":"1373"},{"source":"1282","target":"1381"},{"source":"1282","target":"1382"},{"source":"1282","target":"1396"},{"source":"1282","target":"1406"},{"source":"1282","target":"1451"},{"source":"1282","target":"1454"},{"source":"1282","target":"1459"},{"source":"1282","target":"1475"},{"source":"1282","target":"1495"},{"source":"1282","target":"1502"},{"source":"1282","target":"1508"},{"source":"1282","target":"1515"},{"source":"1282","target":"1582"},{"source":"1282","target":"1591"},{"source":"1282","target":"1595"},{"source":"1282","target":"1630"},{"source":"1282","target":"1638"},{"source":"1282","target":"1649"},{"source":"1282","target":"1661"},{"source":"1282","target":"1729"},{"source":"1282","target":"1732"},{"source":"1282","target":"1742"},{"source":"1282","target":"1751"},{"source":"1282","target":"1783"},{"source":"1282","target":"1786"},{"source":"1282","target":"1812"},{"source":"1282","target":"1820"},{"source":"1282","target":"1824"},{"source":"1282","target":"1828"},{"source":"1282","target":"1871"},{"source":"1282","target":"1893"},{"source":"1282","target":"1894"},{"source":"1283","target":"1301"},{"source":"1283","target":"1321"},{"source":"1283","target":"1327"},{"source":"1283","target":"1369"},{"source":"1283","target":"1384"},{"source":"1283","target":"1411"},{"source":"1283","target":"1421"},{"source":"1283","target":"1477"},{"source":"1283","target":"1505"},{"source":"1283","target":"1520"},{"source":"1283","target":"1523"},{"source":"1283","target":"1540"},{"source":"1283","target":"1554"},{"source":"1283","target":"1626"},{"source":"1283","target":"1641"},{"source":"1283","target":"1683"},{"source":"1283","target":"1803"},{"source":"1283","target":"1817"},{"source":"1283","target":"1827"},{"source":"1283","target":"1852"},{"source":"1283","target":"1858"},{"source":"1283","target":"1863"},{"source":"1283","target":"1891"},{"source":"1283","target":"1911"},{"source":"1284","target":"1298"},{"source":"1284","target":"1315"},{"source":"1284","target":"1322"},{"source":"1284","target":"1345"},{"source":"1284","target":"1392"},{"source":"1284","target":"1404"},{"source":"1284","target":"1413"},{"source":"1284","target":"1423"},{"source":"1284","target":"1426"},{"source":"1284","target":"1454"},{"source":"1284","target":"1459"},{"source":"1284","target":"1462"},{"source":"1284","target":"1475"},{"source":"1284","target":"1479"},{"source":"1284","target":"1492"},{"source":"1284","target":"1502"},{"source":"1284","target":"1550"},{"source":"1284","target":"1573"},{"source":"1284","target":"1576"},{"source":"1284","target":"1583"},{"source":"1284","target":"1587"},{"source":"1284","target":"1591"},{"source":"1284","target":"1628"},{"source":"1284","target":"1636"},{"source":"1284","target":"1647"},{"source":"1284","target":"1655"},{"source":"1284","target":"1680"},{"source":"1284","target":"1691"},{"source":"1284","target":"1715"},{"source":"1284","target":"1720"},{"source":"1284","target":"1728"},{"source":"1284","target":"1742"},{"source":"1284","target":"1764"},{"source":"1284","target":"1790"},{"source":"1284","target":"1820"},{"source":"1284","target":"1841"},{"source":"1284","target":"1857"},{"source":"1284","target":"1859"},{"source":"1284","target":"1899"},{"source":"1284","target":"1907"},{"source":"1285","target":"1288"},{"source":"1285","target":"1336"},{"source":"1285","target":"1370"},{"source":"1285","target":"1380"},{"source":"1285","target":"1391"},{"source":"1285","target":"1399"},{"source":"1285","target":"1431"},{"source":"1285","target":"1447"},{"source":"1285","target":"1456"},{"source":"1285","target":"1457"},{"source":"1285","target":"1471"},{"source":"1285","target":"1488"},{"source":"1285","target":"1547"},{"source":"1285","target":"1598"},{"source":"1285","target":"1610"},{"source":"1285","target":"1619"},{"source":"1285","target":"1662"},{"source":"1285","target":"1665"},{"source":"1285","target":"1668"},{"source":"1285","target":"1707"},{"source":"1285","target":"1712"},{"source":"1285","target":"1736"},{"source":"1285","target":"1793"},{"source":"1285","target":"1809"},{"source":"1285","target":"1832"},{"source":"1285","target":"1839"},{"source":"1285","target":"1849"},{"source":"1285","target":"1868"},{"source":"1285","target":"1879"},{"source":"1285","target":"1888"},{"source":"1285","target":"1898"},{"source":"1285","target":"1900"},{"source":"1286","target":"1322"},{"source":"1286","target":"1459"},{"source":"1286","target":"1462"},{"source":"1286","target":"1583"},{"source":"1286","target":"1591"},{"source":"1286","target":"1611"},{"source":"1286","target":"1628"},{"source":"1286","target":"1820"},{"source":"1286","target":"1887"},{"source":"1286","target":"1893"},{"source":"1287","target":"1293"},{"source":"1287","target":"1329"},{"source":"1287","target":"1331"},{"source":"1287","target":"1352"},{"source":"1287","target":"1367"},{"source":"1287","target":"1370"},{"source":"1287","target":"1375"},{"source":"1287","target":"1390"},{"source":"1287","target":"1399"},{"source":"1287","target":"1456"},{"source":"1287","target":"1471"},{"source":"1287","target":"1516"},{"source":"1287","target":"1547"},{"source":"1287","target":"1554"},{"source":"1287","target":"1557"},{"source":"1287","target":"1559"},{"source":"1287","target":"1584"},{"source":"1287","target":"1589"},{"source":"1287","target":"1598"},{"source":"1287","target":"1610"},{"source":"1287","target":"1612"},{"source":"1287","target":"1617"},{"source":"1287","target":"1621"},{"source":"1287","target":"1623"},{"source":"1287","target":"1663"},{"source":"1287","target":"1712"},{"source":"1287","target":"1714"},{"source":"1287","target":"1730"},{"source":"1287","target":"1735"},{"source":"1287","target":"1746"},{"source":"1287","target":"1757"},{"source":"1287","target":"1795"},{"source":"1287","target":"1799"},{"source":"1287","target":"1800"},{"source":"1287","target":"1804"},{"source":"1287","target":"1816"},{"source":"1287","target":"1823"},{"source":"1287","target":"1826"},{"source":"1287","target":"1827"},{"source":"1287","target":"1833"},{"source":"1287","target":"1845"},{"source":"1287","target":"1864"},{"source":"1287","target":"1867"},{"source":"1287","target":"1886"},{"source":"1287","target":"1888"},{"source":"1288","target":"1289"},{"source":"1288","target":"1330"},{"source":"1288","target":"1331"},{"source":"1288","target":"1335"},{"source":"1288","target":"1336"},{"source":"1288","target":"1352"},{"source":"1288","target":"1359"},{"source":"1288","target":"1370"},{"source":"1288","target":"1380"},{"source":"1288","target":"1388"},{"source":"1288","target":"1390"},{"source":"1288","target":"1391"},{"source":"1288","target":"1399"},{"source":"1288","target":"1402"},{"source":"1288","target":"1431"},{"source":"1288","target":"1447"},{"source":"1288","target":"1456"},{"source":"1288","target":"1457"},{"source":"1288","target":"1470"},{"source":"1288","target":"1471"},{"source":"1288","target":"1488"},{"source":"1288","target":"1491"},{"source":"1288","target":"1542"},{"source":"1288","target":"1547"},{"source":"1288","target":"1598"},{"source":"1288","target":"1605"},{"source":"1288","target":"1610"},{"source":"1288","target":"1619"},{"source":"1288","target":"1621"},{"source":"1288","target":"1622"},{"source":"1288","target":"1663"},{"source":"1288","target":"1665"},{"source":"1288","target":"1668"},{"source":"1288","target":"1707"},{"source":"1288","target":"1712"},{"source":"1288","target":"1714"},{"source":"1288","target":"1717"},{"source":"1288","target":"1736"},{"source":"1288","target":"1741"},{"source":"1288","target":"1746"},{"source":"1288","target":"1757"},{"source":"1288","target":"1800"},{"source":"1288","target":"1804"},{"source":"1288","target":"1809"},{"source":"1288","target":"1810"},{"source":"1288","target":"1816"},{"source":"1288","target":"1826"},{"source":"1288","target":"1832"},{"source":"1288","target":"1833"},{"source":"1288","target":"1839"},{"source":"1288","target":"1842"},{"source":"1288","target":"1849"},{"source":"1288","target":"1868"},{"source":"1288","target":"1879"},{"source":"1288","target":"1888"},{"source":"1288","target":"1898"},{"source":"1288","target":"1900"},{"source":"1289","target":"1291"},{"source":"1289","target":"1335"},{"source":"1289","target":"1352"},{"source":"1289","target":"1367"},{"source":"1289","target":"1390"},{"source":"1289","target":"1399"},{"source":"1289","target":"1431"},{"source":"1289","target":"1437"},{"source":"1289","target":"1471"},{"source":"1289","target":"1483"},{"source":"1289","target":"1491"},{"source":"1289","target":"1530"},{"source":"1289","target":"1547"},{"source":"1289","target":"1551"},{"source":"1289","target":"1577"},{"source":"1289","target":"1584"},{"source":"1289","target":"1589"},{"source":"1289","target":"1598"},{"source":"1289","target":"1603"},{"source":"1289","target":"1604"},{"source":"1289","target":"1612"},{"source":"1289","target":"1613"},{"source":"1289","target":"1617"},{"source":"1289","target":"1619"},{"source":"1289","target":"1622"},{"source":"1289","target":"1632"},{"source":"1289","target":"1643"},{"source":"1289","target":"1663"},{"source":"1289","target":"1665"},{"source":"1289","target":"1668"},{"source":"1289","target":"1707"},{"source":"1289","target":"1714"},{"source":"1289","target":"1730"},{"source":"1289","target":"1736"},{"source":"1289","target":"1750"},{"source":"1289","target":"1768"},{"source":"1289","target":"1791"},{"source":"1289","target":"1795"},{"source":"1289","target":"1804"},{"source":"1289","target":"1809"},{"source":"1289","target":"1823"},{"source":"1289","target":"1827"},{"source":"1289","target":"1833"},{"source":"1289","target":"1839"},{"source":"1289","target":"1842"},{"source":"1289","target":"1864"},{"source":"1289","target":"1879"},{"source":"1289","target":"1886"},{"source":"1289","target":"1888"},{"source":"1290","target":"1312"},{"source":"1290","target":"1329"},{"source":"1290","target":"1335"},{"source":"1290","target":"1339"},{"source":"1290","target":"1352"},{"source":"1290","target":"1365"},{"source":"1290","target":"1377"},{"source":"1290","target":"1390"},{"source":"1290","target":"1393"},{"source":"1290","target":"1407"},{"source":"1290","target":"1416"},{"source":"1290","target":"1420"},{"source":"1290","target":"1460"},{"source":"1290","target":"1520"},{"source":"1290","target":"1522"},{"source":"1290","target":"1523"},{"source":"1290","target":"1524"},{"source":"1290","target":"1528"},{"source":"1290","target":"1554"},{"source":"1290","target":"1557"},{"source":"1290","target":"1559"},{"source":"1290","target":"1563"},{"source":"1290","target":"1570"},{"source":"1290","target":"1589"},{"source":"1290","target":"1590"},{"source":"1290","target":"1597"},{"source":"1290","target":"1600"},{"source":"1290","target":"1609"},{"source":"1290","target":"1612"},{"source":"1290","target":"1613"},{"source":"1290","target":"1614"},{"source":"1290","target":"1619"},{"source":"1290","target":"1620"},{"source":"1290","target":"1622"},{"source":"1290","target":"1632"},{"source":"1290","target":"1659"},{"source":"1290","target":"1663"},{"source":"1290","target":"1669"},{"source":"1290","target":"1683"},{"source":"1290","target":"1688"},{"source":"1290","target":"1689"},{"source":"1290","target":"1700"},{"source":"1290","target":"1721"},{"source":"1290","target":"1730"},{"source":"1290","target":"1746"},{"source":"1290","target":"1750"},{"source":"1290","target":"1752"},{"source":"1290","target":"1753"},{"source":"1290","target":"1754"},{"source":"1290","target":"1768"},{"source":"1290","target":"1791"},{"source":"1290","target":"1793"},{"source":"1290","target":"1796"},{"source":"1290","target":"1800"},{"source":"1290","target":"1827"},{"source":"1290","target":"1833"},{"source":"1290","target":"1835"},{"source":"1290","target":"1845"},{"source":"1290","target":"1864"},{"source":"1290","target":"1867"},{"source":"1290","target":"1891"},{"source":"1291","target":"1302"},{"source":"1291","target":"1329"},{"source":"1291","target":"1334"},{"source":"1291","target":"1335"},{"source":"1291","target":"1341"},{"source":"1291","target":"1352"},{"source":"1291","target":"1370"},{"source":"1291","target":"1376"},{"source":"1291","target":"1377"},{"source":"1291","target":"1390"},{"source":"1291","target":"1391"},{"source":"1291","target":"1398"},{"source":"1291","target":"1399"},{"source":"1291","target":"1401"},{"source":"1291","target":"1416"},{"source":"1291","target":"1420"},{"source":"1291","target":"1431"},{"source":"1291","target":"1437"},{"source":"1291","target":"1467"},{"source":"1291","target":"1471"},{"source":"1291","target":"1488"},{"source":"1291","target":"1491"},{"source":"1291","target":"1516"},{"source":"1291","target":"1530"},{"source":"1291","target":"1547"},{"source":"1291","target":"1551"},{"source":"1291","target":"1559"},{"source":"1291","target":"1570"},{"source":"1291","target":"1584"},{"source":"1291","target":"1589"},{"source":"1291","target":"1590"},{"source":"1291","target":"1597"},{"source":"1291","target":"1598"},{"source":"1291","target":"1603"},{"source":"1291","target":"1608"},{"source":"1291","target":"1613"},{"source":"1291","target":"1619"},{"source":"1291","target":"1621"},{"source":"1291","target":"1622"},{"source":"1291","target":"1637"},{"source":"1291","target":"1643"},{"source":"1291","target":"1663"},{"source":"1291","target":"1668"},{"source":"1291","target":"1675"},{"source":"1291","target":"1707"},{"source":"1291","target":"1712"},{"source":"1291","target":"1714"},{"source":"1291","target":"1730"},{"source":"1291","target":"1736"},{"source":"1291","target":"1741"},{"source":"1291","target":"1746"},{"source":"1291","target":"1750"},{"source":"1291","target":"1752"},{"source":"1291","target":"1754"},{"source":"1291","target":"1761"},{"source":"1291","target":"1768"},{"source":"1291","target":"1789"},{"source":"1291","target":"1791"},{"source":"1291","target":"1793"},{"source":"1291","target":"1795"},{"source":"1291","target":"1800"},{"source":"1291","target":"1804"},{"source":"1291","target":"1810"},{"source":"1291","target":"1813"},{"source":"1291","target":"1823"},{"source":"1291","target":"1827"},{"source":"1291","target":"1833"},{"source":"1291","target":"1835"},{"source":"1291","target":"1839"},{"source":"1291","target":"1842"},{"source":"1291","target":"1864"},{"source":"1291","target":"1879"},{"source":"1291","target":"1888"},{"source":"1292","target":"1298"},{"source":"1292","target":"1315"},{"source":"1292","target":"1322"},{"source":"1292","target":"1345"},{"source":"1292","target":"1347"},{"source":"1292","target":"1379"},{"source":"1292","target":"1392"},{"source":"1292","target":"1404"},{"source":"1292","target":"1438"},{"source":"1292","target":"1459"},{"source":"1292","target":"1462"},{"source":"1292","target":"1475"},{"source":"1292","target":"1479"},{"source":"1292","target":"1550"},{"source":"1292","target":"1573"},{"source":"1292","target":"1576"},{"source":"1292","target":"1583"},{"source":"1292","target":"1591"},{"source":"1292","target":"1596"},{"source":"1292","target":"1611"},{"source":"1292","target":"1628"},{"source":"1292","target":"1636"},{"source":"1292","target":"1647"},{"source":"1292","target":"1682"},{"source":"1292","target":"1691"},{"source":"1292","target":"1716"},{"source":"1292","target":"1720"},{"source":"1292","target":"1783"},{"source":"1292","target":"1841"},{"source":"1292","target":"1857"},{"source":"1292","target":"1862"},{"source":"1292","target":"1887"},{"source":"1292","target":"1899"},{"source":"1293","target":"1305"},{"source":"1293","target":"1331"},{"source":"1293","target":"1335"},{"source":"1293","target":"1339"},{"source":"1293","target":"1340"},{"source":"1293","target":"1352"},{"source":"1293","target":"1367"},{"source":"1293","target":"1376"},{"source":"1293","target":"1488"},{"source":"1293","target":"1516"},{"source":"1293","target":"1522"},{"source":"1293","target":"1554"},{"source":"1293","target":"1557"},{"source":"1293","target":"1589"},{"source":"1293","target":"1605"},{"source":"1293","target":"1608"},{"source":"1293","target":"1613"},{"source":"1293","target":"1617"},{"source":"1293","target":"1621"},{"source":"1293","target":"1632"},{"source":"1293","target":"1653"},{"source":"1293","target":"1662"},{"source":"1293","target":"1689"},{"source":"1293","target":"1707"},{"source":"1293","target":"1714"},{"source":"1293","target":"1730"},{"source":"1293","target":"1746"},{"source":"1293","target":"1768"},{"source":"1293","target":"1796"},{"source":"1293","target":"1800"},{"source":"1293","target":"1826"},{"source":"1293","target":"1835"},{"source":"1293","target":"1888"},{"source":"1294","target":"1425"},{"source":"1294","target":"1427"},{"source":"1294","target":"1464"},{"source":"1294","target":"1549"},{"source":"1294","target":"1602"},{"source":"1294","target":"1625"},{"source":"1294","target":"1671"},{"source":"1294","target":"1766"},{"source":"1294","target":"1801"},{"source":"1294","target":"1844"},{"source":"1295","target":"1785"},{"source":"1296","target":"1338"},{"source":"1296","target":"1385"},{"source":"1296","target":"1418"},{"source":"1296","target":"1472"},{"source":"1296","target":"1496"},{"source":"1296","target":"1504"},{"source":"1296","target":"1525"},{"source":"1296","target":"1529"},{"source":"1296","target":"1630"},{"source":"1296","target":"1694"},{"source":"1296","target":"1745"},{"source":"1296","target":"1770"},{"source":"1296","target":"1785"},{"source":"1296","target":"1831"},{"source":"1297","target":"1387"},{"source":"1297","target":"1486"},{"source":"1297","target":"1549"},{"source":"1298","target":"1315"},{"source":"1298","target":"1322"},{"source":"1298","target":"1345"},{"source":"1298","target":"1347"},{"source":"1298","target":"1350"},{"source":"1298","target":"1379"},{"source":"1298","target":"1381"},{"source":"1298","target":"1404"},{"source":"1298","target":"1413"},{"source":"1298","target":"1423"},{"source":"1298","target":"1426"},{"source":"1298","target":"1438"},{"source":"1298","target":"1448"},{"source":"1298","target":"1459"},{"source":"1298","target":"1462"},{"source":"1298","target":"1475"},{"source":"1298","target":"1479"},{"source":"1298","target":"1573"},{"source":"1298","target":"1583"},{"source":"1298","target":"1587"},{"source":"1298","target":"1591"},{"source":"1298","target":"1596"},{"source":"1298","target":"1611"},{"source":"1298","target":"1628"},{"source":"1298","target":"1635"},{"source":"1298","target":"1636"},{"source":"1298","target":"1680"},{"source":"1298","target":"1691"},{"source":"1298","target":"1715"},{"source":"1298","target":"1716"},{"source":"1298","target":"1720"},{"source":"1298","target":"1728"},{"source":"1298","target":"1786"},{"source":"1298","target":"1841"},{"source":"1298","target":"1857"},{"source":"1298","target":"1859"},{"source":"1298","target":"1862"},{"source":"1298","target":"1873"},{"source":"1298","target":"1884"},{"source":"1298","target":"1899"},{"source":"1298","target":"1903"},{"source":"1299","target":"1304"},{"source":"1299","target":"1310"},{"source":"1299","target":"1355"},{"source":"1299","target":"1366"},{"source":"1299","target":"1469"},{"source":"1299","target":"1472"},{"source":"1299","target":"1482"},{"source":"1299","target":"1500"},{"source":"1299","target":"1504"},{"source":"1299","target":"1525"},{"source":"1299","target":"1536"},{"source":"1299","target":"1634"},{"source":"1299","target":"1681"},{"source":"1299","target":"1686"},{"source":"1299","target":"1703"},{"source":"1299","target":"1727"},{"source":"1299","target":"1876"},{"source":"1300","target":"1313"},{"source":"1300","target":"1320"},{"source":"1300","target":"1349"},{"source":"1300","target":"1357"},{"source":"1300","target":"1358"},{"source":"1300","target":"1374"},{"source":"1300","target":"1427"},{"source":"1300","target":"1514"},{"source":"1300","target":"1574"},{"source":"1300","target":"1606"},{"source":"1300","target":"1645"},{"source":"1300","target":"1673"},{"source":"1300","target":"1694"},{"source":"1300","target":"1740"},{"source":"1300","target":"1744"},{"source":"1301","target":"1369"},{"source":"1301","target":"1518"},{"source":"1302","target":"1305"},{"source":"1302","target":"1329"},{"source":"1302","target":"1331"},{"source":"1302","target":"1352"},{"source":"1302","target":"1367"},{"source":"1302","target":"1370"},{"source":"1302","target":"1376"},{"source":"1302","target":"1377"},{"source":"1302","target":"1390"},{"source":"1302","target":"1391"},{"source":"1302","target":"1399"},{"source":"1302","target":"1431"},{"source":"1302","target":"1449"},{"source":"1302","target":"1456"},{"source":"1302","target":"1467"},{"source":"1302","target":"1471"},{"source":"1302","target":"1488"},{"source":"1302","target":"1491"},{"source":"1302","target":"1516"},{"source":"1302","target":"1517"},{"source":"1302","target":"1538"},{"source":"1302","target":"1557"},{"source":"1302","target":"1584"},{"source":"1302","target":"1589"},{"source":"1302","target":"1598"},{"source":"1302","target":"1603"},{"source":"1302","target":"1604"},{"source":"1302","target":"1610"},{"source":"1302","target":"1612"},{"source":"1302","target":"1613"},{"source":"1302","target":"1617"},{"source":"1302","target":"1619"},{"source":"1302","target":"1621"},{"source":"1302","target":"1622"},{"source":"1302","target":"1659"},{"source":"1302","target":"1663"},{"source":"1302","target":"1665"},{"source":"1302","target":"1668"},{"source":"1302","target":"1669"},{"source":"1302","target":"1707"},{"source":"1302","target":"1712"},{"source":"1302","target":"1714"},{"source":"1302","target":"1735"},{"source":"1302","target":"1736"},{"source":"1302","target":"1746"},{"source":"1302","target":"1750"},{"source":"1302","target":"1752"},{"source":"1302","target":"1757"},{"source":"1302","target":"1761"},{"source":"1302","target":"1768"},{"source":"1302","target":"1791"},{"source":"1302","target":"1799"},{"source":"1302","target":"1800"},{"source":"1302","target":"1804"},{"source":"1302","target":"1810"},{"source":"1302","target":"1816"},{"source":"1302","target":"1823"},{"source":"1302","target":"1826"},{"source":"1302","target":"1827"},{"source":"1302","target":"1833"},{"source":"1302","target":"1835"},{"source":"1302","target":"1839"},{"source":"1302","target":"1886"},{"source":"1302","target":"1888"},{"source":"1302","target":"1900"},{"source":"1303","target":"1396"},{"source":"1303","target":"1426"},{"source":"1303","target":"1427"},{"source":"1303","target":"1429"},{"source":"1303","target":"1495"},{"source":"1303","target":"1502"},{"source":"1303","target":"1573"},{"source":"1303","target":"1582"},{"source":"1303","target":"1595"},{"source":"1303","target":"1661"},{"source":"1303","target":"1729"},{"source":"1303","target":"1732"},{"source":"1303","target":"1742"},{"source":"1303","target":"1751"},{"source":"1303","target":"1764"},{"source":"1303","target":"1783"},{"source":"1303","target":"1786"},{"source":"1303","target":"1812"},{"source":"1303","target":"1820"},{"source":"1303","target":"1824"},{"source":"1303","target":"1828"},{"source":"1303","target":"1871"},{"source":"1303","target":"1893"},{"source":"1303","target":"1894"},{"source":"1304","target":"1308"},{"source":"1304","target":"1310"},{"source":"1304","target":"1355"},{"source":"1304","target":"1366"},{"source":"1304","target":"1473"},{"source":"1304","target":"1500"},{"source":"1304","target":"1536"},{"source":"1304","target":"1634"},{"source":"1304","target":"1703"},{"source":"1304","target":"1709"},{"source":"1304","target":"1725"},{"source":"1304","target":"1759"},{"source":"1304","target":"1785"},{"source":"1304","target":"1815"},{"source":"1304","target":"1840"},{"source":"1304","target":"1876"},{"source":"1305","target":"1312"},{"source":"1305","target":"1341"},{"source":"1305","target":"1352"},{"source":"1305","target":"1367"},{"source":"1305","target":"1376"},{"source":"1305","target":"1390"},{"source":"1305","target":"1391"},{"source":"1305","target":"1398"},{"source":"1305","target":"1402"},{"source":"1305","target":"1409"},{"source":"1305","target":"1420"},{"source":"1305","target":"1431"},{"source":"1305","target":"1440"},{"source":"1305","target":"1449"},{"source":"1305","target":"1467"},{"source":"1305","target":"1471"},{"source":"1305","target":"1480"},{"source":"1305","target":"1485"},{"source":"1305","target":"1488"},{"source":"1305","target":"1509"},{"source":"1305","target":"1513"},{"source":"1305","target":"1516"},{"source":"1305","target":"1524"},{"source":"1305","target":"1538"},{"source":"1305","target":"1559"},{"source":"1305","target":"1563"},{"source":"1305","target":"1570"},{"source":"1305","target":"1584"},{"source":"1305","target":"1589"},{"source":"1305","target":"1590"},{"source":"1305","target":"1603"},{"source":"1305","target":"1610"},{"source":"1305","target":"1612"},{"source":"1305","target":"1613"},{"source":"1305","target":"1614"},{"source":"1305","target":"1617"},{"source":"1305","target":"1621"},{"source":"1305","target":"1622"},{"source":"1305","target":"1637"},{"source":"1305","target":"1656"},{"source":"1305","target":"1663"},{"source":"1305","target":"1668"},{"source":"1305","target":"1683"},{"source":"1305","target":"1714"},{"source":"1305","target":"1730"},{"source":"1305","target":"1735"},{"source":"1305","target":"1746"},{"source":"1305","target":"1757"},{"source":"1305","target":"1761"},{"source":"1305","target":"1768"},{"source":"1305","target":"1769"},{"source":"1305","target":"1774"},{"source":"1305","target":"1782"},{"source":"1305","target":"1799"},{"source":"1305","target":"1800"},{"source":"1305","target":"1804"},{"source":"1305","target":"1805"},{"source":"1305","target":"1813"},{"source":"1305","target":"1823"},{"source":"1305","target":"1833"},{"source":"1305","target":"1835"},{"source":"1305","target":"1836"},{"source":"1305","target":"1846"},{"source":"1305","target":"1852"},{"source":"1305","target":"1860"},{"source":"1305","target":"1863"},{"source":"1305","target":"1877"},{"source":"1305","target":"1886"},{"source":"1305","target":"1888"},{"source":"1306","target":"1338"},{"source":"1306","target":"1348"},{"source":"1306","target":"1366"},{"source":"1306","target":"1428"},{"source":"1306","target":"1472"},{"source":"1306","target":"1504"},{"source":"1306","target":"1507"},{"source":"1306","target":"1525"},{"source":"1306","target":"1624"},{"source":"1306","target":"1703"},{"source":"1306","target":"1738"},{"source":"1306","target":"1748"},{"source":"1306","target":"1756"},{"source":"1307","target":"1325"},{"source":"1307","target":"1360"},{"source":"1307","target":"1421"},{"source":"1307","target":"1433"},{"source":"1307","target":"1494"},{"source":"1307","target":"1511"},{"source":"1307","target":"1553"},{"source":"1307","target":"1555"},{"source":"1307","target":"1567"},{"source":"1307","target":"1588"},{"source":"1307","target":"1593"},{"source":"1307","target":"1615"},{"source":"1307","target":"1687"},{"source":"1307","target":"1698"},{"source":"1307","target":"1705"},{"source":"1307","target":"1708"},{"source":"1307","target":"1806"},{"source":"1307","target":"1825"},{"source":"1307","target":"1866"},{"source":"1308","target":"1310"},{"source":"1308","target":"1355"},{"source":"1308","target":"1366"},{"source":"1308","target":"1472"},{"source":"1308","target":"1634"},{"source":"1308","target":"1703"},{"source":"1308","target":"1759"},{"source":"1308","target":"1785"},{"source":"1309","target":"1322"},{"source":"1309","target":"1345"},{"source":"1309","target":"1373"},{"source":"1309","target":"1382"},{"source":"1309","target":"1392"},{"source":"1309","target":"1454"},{"source":"1309","target":"1495"},{"source":"1309","target":"1508"},{"source":"1309","target":"1515"},{"source":"1309","target":"1582"},{"source":"1309","target":"1583"},{"source":"1309","target":"1661"},{"source":"1309","target":"1720"},{"source":"1309","target":"1732"},{"source":"1309","target":"1742"},{"source":"1309","target":"1751"},{"source":"1309","target":"1783"},{"source":"1309","target":"1786"},{"source":"1309","target":"1812"},{"source":"1309","target":"1820"},{"source":"1309","target":"1841"},{"source":"1309","target":"1848"},{"source":"1309","target":"1871"},{"source":"1309","target":"1893"},{"source":"1309","target":"1894"},{"source":"1310","target":"1338"},{"source":"1310","target":"1355"},{"source":"1310","target":"1366"},{"source":"1310","target":"1472"},{"source":"1310","target":"1504"},{"source":"1310","target":"1536"},{"source":"1310","target":"1630"},{"source":"1310","target":"1633"},{"source":"1310","target":"1634"},{"source":"1310","target":"1686"},{"source":"1310","target":"1703"},{"source":"1310","target":"1876"},{"source":"1311","target":"1348"},{"source":"1311","target":"1366"},{"source":"1311","target":"1415"},{"source":"1311","target":"1472"},{"source":"1311","target":"1482"},{"source":"1311","target":"1496"},{"source":"1311","target":"1507"},{"source":"1311","target":"1541"},{"source":"1311","target":"1549"},{"source":"1311","target":"1630"},{"source":"1311","target":"1667"},{"source":"1311","target":"1681"},{"source":"1311","target":"1770"},{"source":"1311","target":"1783"},{"source":"1312","target":"1329"},{"source":"1312","target":"1352"},{"source":"1312","target":"1361"},{"source":"1312","target":"1367"},{"source":"1312","target":"1369"},{"source":"1312","target":"1376"},{"source":"1312","target":"1391"},{"source":"1312","target":"1398"},{"source":"1312","target":"1405"},{"source":"1312","target":"1420"},{"source":"1312","target":"1431"},{"source":"1312","target":"1467"},{"source":"1312","target":"1485"},{"source":"1312","target":"1513"},{"source":"1312","target":"1520"},{"source":"1312","target":"1522"},{"source":"1312","target":"1544"},{"source":"1312","target":"1557"},{"source":"1312","target":"1563"},{"source":"1312","target":"1570"},{"source":"1312","target":"1584"},{"source":"1312","target":"1589"},{"source":"1312","target":"1590"},{"source":"1312","target":"1603"},{"source":"1312","target":"1612"},{"source":"1312","target":"1613"},{"source":"1312","target":"1614"},{"source":"1312","target":"1617"},{"source":"1312","target":"1621"},{"source":"1312","target":"1622"},{"source":"1312","target":"1637"},{"source":"1312","target":"1663"},{"source":"1312","target":"1675"},{"source":"1312","target":"1685"},{"source":"1312","target":"1714"},{"source":"1312","target":"1717"},{"source":"1312","target":"1718"},{"source":"1312","target":"1730"},{"source":"1312","target":"1734"},{"source":"1312","target":"1736"},{"source":"1312","target":"1750"},{"source":"1312","target":"1765"},{"source":"1312","target":"1768"},{"source":"1312","target":"1793"},{"source":"1312","target":"1795"},{"source":"1312","target":"1819"},{"source":"1312","target":"1827"},{"source":"1312","target":"1833"},{"source":"1312","target":"1835"},{"source":"1312","target":"1846"},{"source":"1312","target":"1864"},{"source":"1312","target":"1879"},{"source":"1312","target":"1883"},{"source":"1312","target":"1888"},{"source":"1313","target":"1320"},{"source":"1313","target":"1358"},{"source":"1313","target":"1374"},{"source":"1313","target":"1427"},{"source":"1313","target":"1446"},{"source":"1313","target":"1512"},{"source":"1313","target":"1543"},{"source":"1313","target":"1565"},{"source":"1313","target":"1660"},{"source":"1313","target":"1671"},{"source":"1313","target":"1673"},{"source":"1313","target":"1692"},{"source":"1313","target":"1694"},{"source":"1313","target":"1844"},{"source":"1313","target":"1878"},{"source":"1314","target":"1333"},{"source":"1314","target":"1378"},{"source":"1314","target":"1424"},{"source":"1314","target":"1533"},{"source":"1314","target":"1548"},{"source":"1314","target":"1601"},{"source":"1314","target":"1733"},{"source":"1314","target":"1747"},{"source":"1314","target":"1784"},{"source":"1314","target":"1787"},{"source":"1314","target":"1798"},{"source":"1314","target":"1802"},{"source":"1314","target":"1837"},{"source":"1314","target":"1880"},{"source":"1314","target":"1895"},{"source":"1315","target":"1322"},{"source":"1315","target":"1345"},{"source":"1315","target":"1413"},{"source":"1315","target":"1423"},{"source":"1315","target":"1438"},{"source":"1315","target":"1459"},{"source":"1315","target":"1462"},{"source":"1315","target":"1479"},{"source":"1315","target":"1573"},{"source":"1315","target":"1576"},{"source":"1315","target":"1583"},{"source":"1315","target":"1611"},{"source":"1315","target":"1636"},{"source":"1315","target":"1647"},{"source":"1315","target":"1655"},{"source":"1315","target":"1680"},{"source":"1315","target":"1682"},{"source":"1315","target":"1715"},{"source":"1315","target":"1841"},{"source":"1315","target":"1857"},{"source":"1315","target":"1875"},{"source":"1315","target":"1884"},{"source":"1315","target":"1899"},{"source":"1315","target":"1903"},{"source":"1316","target":"1322"},{"source":"1316","target":"1382"},{"source":"1316","target":"1396"},{"source":"1316","target":"1423"},{"source":"1316","target":"1454"},{"source":"1316","target":"1583"},{"source":"1316","target":"1661"},{"source":"1316","target":"1729"},{"source":"1316","target":"1732"},{"source":"1316","target":"1742"},{"source":"1316","target":"1783"},{"source":"1316","target":"1786"},{"source":"1316","target":"1820"},{"source":"1316","target":"1824"},{"source":"1316","target":"1828"},{"source":"1316","target":"1871"},{"source":"1316","target":"1894"},{"source":"1317","target":"1369"},{"source":"1317","target":"1505"},{"source":"1317","target":"1534"},{"source":"1317","target":"1561"},{"source":"1317","target":"1564"},{"source":"1317","target":"1567"},{"source":"1317","target":"1641"},{"source":"1317","target":"1656"},{"source":"1317","target":"1701"},{"source":"1317","target":"1803"},{"source":"1317","target":"1838"},{"source":"1318","target":"1320"},{"source":"1318","target":"1332"},{"source":"1318","target":"1358"},{"source":"1318","target":"1427"},{"source":"1318","target":"1446"},{"source":"1318","target":"1464"},{"source":"1318","target":"1543"},{"source":"1318","target":"1549"},{"source":"1318","target":"1565"},{"source":"1318","target":"1602"},{"source":"1318","target":"1606"},{"source":"1318","target":"1625"},{"source":"1318","target":"1645"},{"source":"1318","target":"1695"},{"source":"1318","target":"1740"},{"source":"1318","target":"1744"},{"source":"1318","target":"1763"},{"source":"1318","target":"1766"},{"source":"1318","target":"1773"},{"source":"1318","target":"1844"},{"source":"1318","target":"1870"},{"source":"1318","target":"1878"},{"source":"1318","target":"1881"},{"source":"1318","target":"1882"},{"source":"1319","target":"1333"},{"source":"1319","target":"1371"},{"source":"1319","target":"1378"},{"source":"1319","target":"1452"},{"source":"1319","target":"1468"},{"source":"1319","target":"1493"},{"source":"1319","target":"1533"},{"source":"1319","target":"1548"},{"source":"1319","target":"1568"},{"source":"1319","target":"1601"},{"source":"1319","target":"1648"},{"source":"1319","target":"1733"},{"source":"1319","target":"1747"},{"source":"1319","target":"1798"},{"source":"1319","target":"1837"},{"source":"1319","target":"1880"},{"source":"1319","target":"1895"},{"source":"1320","target":"1332"},{"source":"1320","target":"1349"},{"source":"1320","target":"1357"},{"source":"1320","target":"1358"},{"source":"1320","target":"1374"},{"source":"1320","target":"1400"},{"source":"1320","target":"1425"},{"source":"1320","target":"1427"},{"source":"1320","target":"1512"},{"source":"1320","target":"1514"},{"source":"1320","target":"1545"},{"source":"1320","target":"1565"},{"source":"1320","target":"1574"},{"source":"1320","target":"1606"},{"source":"1320","target":"1616"},{"source":"1320","target":"1625"},{"source":"1320","target":"1645"},{"source":"1320","target":"1673"},{"source":"1320","target":"1677"},{"source":"1320","target":"1679"},{"source":"1320","target":"1692"},{"source":"1320","target":"1694"},{"source":"1320","target":"1695"},{"source":"1320","target":"1740"},{"source":"1320","target":"1744"},{"source":"1320","target":"1766"},{"source":"1320","target":"1767"},{"source":"1320","target":"1778"},{"source":"1320","target":"1844"},{"source":"1320","target":"1870"},{"source":"1320","target":"1882"},{"source":"1321","target":"1327"},{"source":"1321","target":"1337"},{"source":"1321","target":"1361"},{"source":"1321","target":"1509"},{"source":"1321","target":"1521"},{"source":"1321","target":"1561"},{"source":"1321","target":"1626"},{"source":"1321","target":"1702"},{"source":"1321","target":"1774"},{"source":"1321","target":"1780"},{"source":"1321","target":"1813"},{"source":"1321","target":"1858"},{"source":"1321","target":"1863"},{"source":"1321","target":"1865"},{"source":"1321","target":"1909"},{"source":"1321","target":"1911"},{"source":"1322","target":"1345"},{"source":"1322","target":"1347"},{"source":"1322","target":"1379"},{"source":"1322","target":"1381"},{"source":"1322","target":"1392"},{"source":"1322","target":"1404"},{"source":"1322","target":"1413"},{"source":"1322","target":"1414"},{"source":"1322","target":"1423"},{"source":"1322","target":"1426"},{"source":"1322","target":"1432"},{"source":"1322","target":"1438"},{"source":"1322","target":"1448"},{"source":"1322","target":"1459"},{"source":"1322","target":"1462"},{"source":"1322","target":"1475"},{"source":"1322","target":"1479"},{"source":"1322","target":"1502"},{"source":"1322","target":"1550"},{"source":"1322","target":"1569"},{"source":"1322","target":"1573"},{"source":"1322","target":"1576"},{"source":"1322","target":"1583"},{"source":"1322","target":"1587"},{"source":"1322","target":"1591"},{"source":"1322","target":"1592"},{"source":"1322","target":"1596"},{"source":"1322","target":"1611"},{"source":"1322","target":"1628"},{"source":"1322","target":"1635"},{"source":"1322","target":"1636"},{"source":"1322","target":"1680"},{"source":"1322","target":"1682"},{"source":"1322","target":"1691"},{"source":"1322","target":"1715"},{"source":"1322","target":"1716"},{"source":"1322","target":"1720"},{"source":"1322","target":"1742"},{"source":"1322","target":"1841"},{"source":"1322","target":"1857"},{"source":"1322","target":"1859"},{"source":"1322","target":"1862"},{"source":"1322","target":"1872"},{"source":"1322","target":"1873"},{"source":"1322","target":"1884"},{"source":"1322","target":"1899"},{"source":"1322","target":"1903"},{"source":"1323","target":"1330"},{"source":"1323","target":"1335"},{"source":"1323","target":"1352"},{"source":"1323","target":"1359"},{"source":"1323","target":"1361"},{"source":"1323","target":"1377"},{"source":"1323","target":"1389"},{"source":"1323","target":"1407"},{"source":"1323","target":"1447"},{"source":"1323","target":"1460"},{"source":"1323","target":"1470"},{"source":"1323","target":"1509"},{"source":"1323","target":"1520"},{"source":"1323","target":"1530"},{"source":"1323","target":"1535"},{"source":"1323","target":"1551"},{"source":"1323","target":"1554"},{"source":"1323","target":"1559"},{"source":"1323","target":"1563"},{"source":"1323","target":"1570"},{"source":"1323","target":"1604"},{"source":"1323","target":"1609"},{"source":"1323","target":"1610"},{"source":"1323","target":"1617"},{"source":"1323","target":"1621"},{"source":"1323","target":"1637"},{"source":"1323","target":"1643"},{"source":"1323","target":"1662"},{"source":"1323","target":"1663"},{"source":"1323","target":"1669"},{"source":"1323","target":"1675"},{"source":"1323","target":"1730"},{"source":"1323","target":"1753"},{"source":"1323","target":"1768"},{"source":"1323","target":"1791"},{"source":"1323","target":"1799"},{"source":"1323","target":"1811"},{"source":"1323","target":"1813"},{"source":"1323","target":"1835"},{"source":"1323","target":"1839"},{"source":"1323","target":"1842"},{"source":"1323","target":"1868"},{"source":"1323","target":"1888"},{"source":"1323","target":"1891"},{"source":"1323","target":"1902"},{"source":"1324","target":"1382"},{"source":"1324","target":"1396"},{"source":"1324","target":"1454"},{"source":"1324","target":"1495"},{"source":"1324","target":"1515"},{"source":"1324","target":"1582"},{"source":"1324","target":"1628"},{"source":"1324","target":"1661"},{"source":"1324","target":"1729"},{"source":"1324","target":"1742"},{"source":"1324","target":"1751"},{"source":"1324","target":"1783"},{"source":"1324","target":"1786"},{"source":"1324","target":"1820"},{"source":"1324","target":"1824"},{"source":"1324","target":"1850"},{"source":"1324","target":"1871"},{"source":"1324","target":"1875"},{"source":"1324","target":"1893"},{"source":"1324","target":"1894"},{"source":"1324","target":"1901"},{"source":"1325","target":"1360"},{"source":"1325","target":"1433"},{"source":"1325","target":"1511"},{"source":"1325","target":"1555"},{"source":"1325","target":"1567"},{"source":"1325","target":"1615"},{"source":"1325","target":"1687"},{"source":"1325","target":"1708"},{"source":"1325","target":"1866"},{"source":"1327","target":"1337"},{"source":"1327","target":"1352"},{"source":"1327","target":"1361"},{"source":"1327","target":"1369"},{"source":"1327","target":"1384"},{"source":"1327","target":"1390"},{"source":"1327","target":"1435"},{"source":"1327","target":"1518"},{"source":"1327","target":"1520"},{"source":"1327","target":"1523"},{"source":"1327","target":"1540"},{"source":"1327","target":"1561"},{"source":"1327","target":"1563"},{"source":"1327","target":"1597"},{"source":"1327","target":"1600"},{"source":"1327","target":"1618"},{"source":"1327","target":"1626"},{"source":"1327","target":"1656"},{"source":"1327","target":"1663"},{"source":"1327","target":"1683"},{"source":"1327","target":"1689"},{"source":"1327","target":"1702"},{"source":"1327","target":"1718"},{"source":"1327","target":"1769"},{"source":"1327","target":"1774"},{"source":"1327","target":"1800"},{"source":"1327","target":"1813"},{"source":"1327","target":"1819"},{"source":"1327","target":"1836"},{"source":"1327","target":"1852"},{"source":"1327","target":"1858"},{"source":"1327","target":"1909"},{"source":"1327","target":"1911"},{"source":"1328","target":"1410"},{"source":"1328","target":"1421"},{"source":"1328","target":"1494"},{"source":"1328","target":"1511"},{"source":"1328","target":"1593"},{"source":"1328","target":"1676"},{"source":"1328","target":"1687"},{"source":"1328","target":"1705"},{"source":"1328","target":"1803"},{"source":"1328","target":"1825"},{"source":"1329","target":"1331"},{"source":"1329","target":"1334"},{"source":"1329","target":"1352"},{"source":"1329","target":"1376"},{"source":"1329","target":"1377"},{"source":"1329","target":"1388"},{"source":"1329","target":"1389"},{"source":"1329","target":"1391"},{"source":"1329","target":"1393"},{"source":"1329","target":"1405"},{"source":"1329","target":"1407"},{"source":"1329","target":"1409"},{"source":"1329","target":"1420"},{"source":"1329","target":"1431"},{"source":"1329","target":"1460"},{"source":"1329","target":"1467"},{"source":"1329","target":"1471"},{"source":"1329","target":"1509"},{"source":"1329","target":"1513"},{"source":"1329","target":"1516"},{"source":"1329","target":"1519"},{"source":"1329","target":"1522"},{"source":"1329","target":"1528"},{"source":"1329","target":"1539"},{"source":"1329","target":"1551"},{"source":"1329","target":"1554"},{"source":"1329","target":"1557"},{"source":"1329","target":"1559"},{"source":"1329","target":"1563"},{"source":"1329","target":"1570"},{"source":"1329","target":"1584"},{"source":"1329","target":"1589"},{"source":"1329","target":"1590"},{"source":"1329","target":"1600"},{"source":"1329","target":"1603"},{"source":"1329","target":"1608"},{"source":"1329","target":"1609"},{"source":"1329","target":"1612"},{"source":"1329","target":"1613"},{"source":"1329","target":"1617"},{"source":"1329","target":"1620"},{"source":"1329","target":"1621"},{"source":"1329","target":"1637"},{"source":"1329","target":"1639"},{"source":"1329","target":"1643"},{"source":"1329","target":"1662"},{"source":"1329","target":"1663"},{"source":"1329","target":"1669"},{"source":"1329","target":"1675"},{"source":"1329","target":"1683"},{"source":"1329","target":"1685"},{"source":"1329","target":"1688"},{"source":"1329","target":"1714"},{"source":"1329","target":"1723"},{"source":"1329","target":"1730"},{"source":"1329","target":"1734"},{"source":"1329","target":"1735"},{"source":"1329","target":"1746"},{"source":"1329","target":"1750"},{"source":"1329","target":"1753"},{"source":"1329","target":"1754"},{"source":"1329","target":"1757"},{"source":"1329","target":"1761"},{"source":"1329","target":"1765"},{"source":"1329","target":"1768"},{"source":"1329","target":"1774"},{"source":"1329","target":"1791"},{"source":"1329","target":"1799"},{"source":"1329","target":"1800"},{"source":"1329","target":"1804"},{"source":"1329","target":"1813"},{"source":"1329","target":"1819"},{"source":"1329","target":"1823"},{"source":"1329","target":"1827"},{"source":"1329","target":"1833"},{"source":"1329","target":"1835"},{"source":"1329","target":"1842"},{"source":"1329","target":"1843"},{"source":"1329","target":"1845"},{"source":"1329","target":"1851"},{"source":"1329","target":"1861"},{"source":"1329","target":"1864"},{"source":"1329","target":"1868"},{"source":"1329","target":"1888"},{"source":"1329","target":"1902"},{"source":"1330","target":"1331"},{"source":"1330","target":"1335"},{"source":"1330","target":"1352"},{"source":"1330","target":"1359"},{"source":"1330","target":"1361"},{"source":"1330","target":"1370"},{"source":"1330","target":"1377"},{"source":"1330","target":"1388"},{"source":"1330","target":"1389"},{"source":"1330","target":"1390"},{"source":"1330","target":"1391"},{"source":"1330","target":"1399"},{"source":"1330","target":"1401"},{"source":"1330","target":"1420"},{"source":"1330","target":"1431"},{"source":"1330","target":"1447"},{"source":"1330","target":"1453"},{"source":"1330","target":"1456"},{"source":"1330","target":"1471"},{"source":"1330","target":"1483"},{"source":"1330","target":"1488"},{"source":"1330","target":"1520"},{"source":"1330","target":"1535"},{"source":"1330","target":"1551"},{"source":"1330","target":"1554"},{"source":"1330","target":"1559"},{"source":"1330","target":"1570"},{"source":"1330","target":"1571"},{"source":"1330","target":"1580"},{"source":"1330","target":"1584"},{"source":"1330","target":"1589"},{"source":"1330","target":"1598"},{"source":"1330","target":"1603"},{"source":"1330","target":"1604"},{"source":"1330","target":"1605"},{"source":"1330","target":"1608"},{"source":"1330","target":"1609"},{"source":"1330","target":"1610"},{"source":"1330","target":"1613"},{"source":"1330","target":"1619"},{"source":"1330","target":"1621"},{"source":"1330","target":"1622"},{"source":"1330","target":"1623"},{"source":"1330","target":"1663"},{"source":"1330","target":"1665"},{"source":"1330","target":"1669"},{"source":"1330","target":"1675"},{"source":"1330","target":"1685"},{"source":"1330","target":"1707"},{"source":"1330","target":"1714"},{"source":"1330","target":"1722"},{"source":"1330","target":"1730"},{"source":"1330","target":"1736"},{"source":"1330","target":"1746"},{"source":"1330","target":"1768"},{"source":"1330","target":"1772"},{"source":"1330","target":"1791"},{"source":"1330","target":"1795"},{"source":"1330","target":"1800"},{"source":"1330","target":"1804"},{"source":"1330","target":"1809"},{"source":"1330","target":"1811"},{"source":"1330","target":"1816"},{"source":"1330","target":"1821"},{"source":"1330","target":"1823"},{"source":"1330","target":"1826"},{"source":"1330","target":"1833"},{"source":"1330","target":"1835"},{"source":"1330","target":"1839"},{"source":"1330","target":"1842"},{"source":"1330","target":"1861"},{"source":"1330","target":"1868"},{"source":"1330","target":"1879"},{"source":"1330","target":"1888"},{"source":"1330","target":"1898"},{"source":"1330","target":"1900"},{"source":"1331","target":"1339"},{"source":"1331","target":"1341"},{"source":"1331","target":"1352"},{"source":"1331","target":"1361"},{"source":"1331","target":"1367"},{"source":"1331","target":"1370"},{"source":"1331","target":"1376"},{"source":"1331","target":"1377"},{"source":"1331","target":"1380"},{"source":"1331","target":"1388"},{"source":"1331","target":"1390"},{"source":"1331","target":"1393"},{"source":"1331","target":"1399"},{"source":"1331","target":"1402"},{"source":"1331","target":"1409"},{"source":"1331","target":"1420"},{"source":"1331","target":"1431"},{"source":"1331","target":"1447"},{"source":"1331","target":"1456"},{"source":"1331","target":"1457"},{"source":"1331","target":"1470"},{"source":"1331","target":"1471"},{"source":"1331","target":"1483"},{"source":"1331","target":"1484"},{"source":"1331","target":"1488"},{"source":"1331","target":"1509"},{"source":"1331","target":"1516"},{"source":"1331","target":"1522"},{"source":"1331","target":"1530"},{"source":"1331","target":"1539"},{"source":"1331","target":"1547"},{"source":"1331","target":"1551"},{"source":"1331","target":"1559"},{"source":"1331","target":"1584"},{"source":"1331","target":"1589"},{"source":"1331","target":"1598"},{"source":"1331","target":"1603"},{"source":"1331","target":"1605"},{"source":"1331","target":"1608"},{"source":"1331","target":"1610"},{"source":"1331","target":"1612"},{"source":"1331","target":"1613"},{"source":"1331","target":"1617"},{"source":"1331","target":"1619"},{"source":"1331","target":"1620"},{"source":"1331","target":"1622"},{"source":"1331","target":"1623"},{"source":"1331","target":"1632"},{"source":"1331","target":"1652"},{"source":"1331","target":"1662"},{"source":"1331","target":"1663"},{"source":"1331","target":"1665"},{"source":"1331","target":"1685"},{"source":"1331","target":"1707"},{"source":"1331","target":"1714"},{"source":"1331","target":"1721"},{"source":"1331","target":"1722"},{"source":"1331","target":"1730"},{"source":"1331","target":"1736"},{"source":"1331","target":"1741"},{"source":"1331","target":"1746"},{"source":"1331","target":"1754"},{"source":"1331","target":"1768"},{"source":"1331","target":"1789"},{"source":"1331","target":"1793"},{"source":"1331","target":"1800"},{"source":"1331","target":"1804"},{"source":"1331","target":"1809"},{"source":"1331","target":"1816"},{"source":"1331","target":"1823"},{"source":"1331","target":"1826"},{"source":"1331","target":"1827"},{"source":"1331","target":"1835"},{"source":"1331","target":"1839"},{"source":"1331","target":"1843"},{"source":"1331","target":"1845"},{"source":"1331","target":"1849"},{"source":"1331","target":"1861"},{"source":"1331","target":"1864"},{"source":"1331","target":"1867"},{"source":"1331","target":"1868"},{"source":"1331","target":"1879"},{"source":"1331","target":"1888"},{"source":"1331","target":"1902"},{"source":"1332","target":"1358"},{"source":"1332","target":"1427"},{"source":"1332","target":"1446"},{"source":"1332","target":"1464"},{"source":"1332","target":"1487"},{"source":"1332","target":"1543"},{"source":"1332","target":"1549"},{"source":"1332","target":"1565"},{"source":"1332","target":"1606"},{"source":"1332","target":"1625"},{"source":"1332","target":"1628"},{"source":"1332","target":"1645"},{"source":"1332","target":"1660"},{"source":"1332","target":"1695"},{"source":"1332","target":"1763"},{"source":"1332","target":"1766"},{"source":"1332","target":"1773"},{"source":"1332","target":"1801"},{"source":"1332","target":"1844"},{"source":"1332","target":"1870"},{"source":"1332","target":"1878"},{"source":"1332","target":"1881"},{"source":"1332","target":"1882"},{"source":"1332","target":"1901"},{"source":"1333","target":"1371"},{"source":"1333","target":"1378"},{"source":"1333","target":"1452"},{"source":"1333","target":"1468"},{"source":"1333","target":"1493"},{"source":"1333","target":"1533"},{"source":"1333","target":"1548"},{"source":"1333","target":"1568"},{"source":"1333","target":"1601"},{"source":"1333","target":"1629"},{"source":"1333","target":"1648"},{"source":"1333","target":"1733"},{"source":"1333","target":"1784"},{"source":"1333","target":"1787"},{"source":"1333","target":"1798"},{"source":"1333","target":"1837"},{"source":"1333","target":"1880"},{"source":"1333","target":"1895"},{"source":"1334","target":"1341"},{"source":"1334","target":"1343"},{"source":"1334","target":"1352"},{"source":"1334","target":"1361"},{"source":"1334","target":"1376"},{"source":"1334","target":"1377"},{"source":"1334","target":"1389"},{"source":"1334","target":"1391"},{"source":"1334","target":"1393"},{"source":"1334","target":"1409"},{"source":"1334","target":"1420"},{"source":"1334","target":"1431"},{"source":"1334","target":"1435"},{"source":"1334","target":"1467"},{"source":"1334","target":"1471"},{"source":"1334","target":"1473"},{"source":"1334","target":"1492"},{"source":"1334","target":"1509"},{"source":"1334","target":"1516"},{"source":"1334","target":"1520"},{"source":"1334","target":"1525"},{"source":"1334","target":"1535"},{"source":"1334","target":"1540"},{"source":"1334","target":"1551"},{"source":"1334","target":"1554"},{"source":"1334","target":"1559"},{"source":"1334","target":"1563"},{"source":"1334","target":"1569"},{"source":"1334","target":"1570"},{"source":"1334","target":"1584"},{"source":"1334","target":"1589"},{"source":"1334","target":"1603"},{"source":"1334","target":"1608"},{"source":"1334","target":"1612"},{"source":"1334","target":"1613"},{"source":"1334","target":"1620"},{"source":"1334","target":"1621"},{"source":"1334","target":"1630"},{"source":"1334","target":"1637"},{"source":"1334","target":"1658"},{"source":"1334","target":"1663"},{"source":"1334","target":"1669"},{"source":"1334","target":"1675"},{"source":"1334","target":"1685"},{"source":"1334","target":"1718"},{"source":"1334","target":"1730"},{"source":"1334","target":"1734"},{"source":"1334","target":"1735"},{"source":"1334","target":"1753"},{"source":"1334","target":"1761"},{"source":"1334","target":"1765"},{"source":"1334","target":"1768"},{"source":"1334","target":"1782"},{"source":"1334","target":"1793"},{"source":"1334","target":"1794"},{"source":"1334","target":"1807"},{"source":"1334","target":"1813"},{"source":"1334","target":"1818"},{"source":"1334","target":"1823"},{"source":"1334","target":"1827"},{"source":"1334","target":"1833"},{"source":"1334","target":"1835"},{"source":"1334","target":"1844"},{"source":"1334","target":"1888"},{"source":"1334","target":"1891"},{"source":"1334","target":"1897"},{"source":"1335","target":"1339"},{"source":"1335","target":"1341"},{"source":"1335","target":"1351"},{"source":"1335","target":"1352"},{"source":"1335","target":"1365"},{"source":"1335","target":"1367"},{"source":"1335","target":"1369"},{"source":"1335","target":"1370"},{"source":"1335","target":"1376"},{"source":"1335","target":"1377"},{"source":"1335","target":"1390"},{"source":"1335","target":"1391"},{"source":"1335","target":"1393"},{"source":"1335","target":"1399"},{"source":"1335","target":"1431"},{"source":"1335","target":"1437"},{"source":"1335","target":"1447"},{"source":"1335","target":"1456"},{"source":"1335","target":"1471"},{"source":"1335","target":"1483"},{"source":"1335","target":"1488"},{"source":"1335","target":"1491"},{"source":"1335","target":"1516"},{"source":"1335","target":"1522"},{"source":"1335","target":"1530"},{"source":"1335","target":"1538"},{"source":"1335","target":"1547"},{"source":"1335","target":"1551"},{"source":"1335","target":"1554"},{"source":"1335","target":"1557"},{"source":"1335","target":"1559"},{"source":"1335","target":"1580"},{"source":"1335","target":"1584"},{"source":"1335","target":"1589"},{"source":"1335","target":"1594"},{"source":"1335","target":"1597"},{"source":"1335","target":"1598"},{"source":"1335","target":"1603"},{"source":"1335","target":"1604"},{"source":"1335","target":"1608"},{"source":"1335","target":"1610"},{"source":"1335","target":"1612"},{"source":"1335","target":"1613"},{"source":"1335","target":"1619"},{"source":"1335","target":"1621"},{"source":"1335","target":"1622"},{"source":"1335","target":"1623"},{"source":"1335","target":"1632"},{"source":"1335","target":"1662"},{"source":"1335","target":"1663"},{"source":"1335","target":"1665"},{"source":"1335","target":"1668"},{"source":"1335","target":"1707"},{"source":"1335","target":"1712"},{"source":"1335","target":"1714"},{"source":"1335","target":"1721"},{"source":"1335","target":"1730"},{"source":"1335","target":"1736"},{"source":"1335","target":"1737"},{"source":"1335","target":"1746"},{"source":"1335","target":"1754"},{"source":"1335","target":"1757"},{"source":"1335","target":"1772"},{"source":"1335","target":"1789"},{"source":"1335","target":"1793"},{"source":"1335","target":"1796"},{"source":"1335","target":"1799"},{"source":"1335","target":"1800"},{"source":"1335","target":"1804"},{"source":"1335","target":"1810"},{"source":"1335","target":"1811"},{"source":"1335","target":"1813"},{"source":"1335","target":"1816"},{"source":"1335","target":"1823"},{"source":"1335","target":"1827"},{"source":"1335","target":"1833"},{"source":"1335","target":"1839"},{"source":"1335","target":"1842"},{"source":"1335","target":"1849"},{"source":"1335","target":"1864"},{"source":"1335","target":"1879"},{"source":"1335","target":"1888"},{"source":"1335","target":"1902"},{"source":"1336","target":"1359"},{"source":"1336","target":"1370"},{"source":"1336","target":"1380"},{"source":"1336","target":"1391"},{"source":"1336","target":"1399"},{"source":"1336","target":"1447"},{"source":"1336","target":"1449"},{"source":"1336","target":"1456"},{"source":"1336","target":"1488"},{"source":"1336","target":"1491"},{"source":"1336","target":"1516"},{"source":"1336","target":"1547"},{"source":"1336","target":"1580"},{"source":"1336","target":"1598"},{"source":"1336","target":"1604"},{"source":"1336","target":"1610"},{"source":"1336","target":"1619"},{"source":"1336","target":"1622"},{"source":"1336","target":"1632"},{"source":"1336","target":"1663"},{"source":"1336","target":"1668"},{"source":"1336","target":"1712"},{"source":"1336","target":"1714"},{"source":"1336","target":"1809"},{"source":"1336","target":"1833"},{"source":"1336","target":"1839"},{"source":"1336","target":"1888"},{"source":"1336","target":"1898"},{"source":"1337","target":"1352"},{"source":"1337","target":"1360"},{"source":"1337","target":"1369"},{"source":"1337","target":"1384"},{"source":"1337","target":"1437"},{"source":"1337","target":"1441"},{"source":"1337","target":"1480"},{"source":"1337","target":"1518"},{"source":"1337","target":"1537"},{"source":"1337","target":"1561"},{"source":"1337","target":"1567"},{"source":"1337","target":"1585"},{"source":"1337","target":"1593"},{"source":"1337","target":"1618"},{"source":"1337","target":"1626"},{"source":"1337","target":"1697"},{"source":"1337","target":"1702"},{"source":"1337","target":"1805"},{"source":"1337","target":"1813"},{"source":"1337","target":"1858"},{"source":"1337","target":"1860"},{"source":"1337","target":"1863"},{"source":"1337","target":"1865"},{"source":"1337","target":"1909"},{"source":"1337","target":"1911"},{"source":"1338","target":"1355"},{"source":"1338","target":"1357"},{"source":"1338","target":"1366"},{"source":"1338","target":"1373"},{"source":"1338","target":"1435"},{"source":"1338","target":"1469"},{"source":"1338","target":"1472"},{"source":"1338","target":"1473"},{"source":"1338","target":"1482"},{"source":"1338","target":"1496"},{"source":"1338","target":"1504"},{"source":"1338","target":"1525"},{"source":"1338","target":"1536"},{"source":"1338","target":"1549"},{"source":"1338","target":"1624"},{"source":"1338","target":"1630"},{"source":"1338","target":"1686"},{"source":"1338","target":"1699"},{"source":"1338","target":"1703"},{"source":"1338","target":"1709"},{"source":"1338","target":"1725"},{"source":"1338","target":"1745"},{"source":"1338","target":"1756"},{"source":"1338","target":"1783"},{"source":"1338","target":"1785"},{"source":"1338","target":"1807"},{"source":"1338","target":"1815"},{"source":"1338","target":"1828"},{"source":"1338","target":"1869"},{"source":"1338","target":"1876"},{"source":"1338","target":"1906"},{"source":"1339","target":"1340"},{"source":"1339","target":"1344"},{"source":"1339","target":"1352"},{"source":"1339","target":"1367"},{"source":"1339","target":"1375"},{"source":"1339","target":"1390"},{"source":"1339","target":"1391"},{"source":"1339","target":"1399"},{"source":"1339","target":"1416"},{"source":"1339","target":"1424"},{"source":"1339","target":"1431"},{"source":"1339","target":"1467"},{"source":"1339","target":"1471"},{"source":"1339","target":"1491"},{"source":"1339","target":"1530"},{"source":"1339","target":"1532"},{"source":"1339","target":"1538"},{"source":"1339","target":"1540"},{"source":"1339","target":"1557"},{"source":"1339","target":"1563"},{"source":"1339","target":"1572"},{"source":"1339","target":"1584"},{"source":"1339","target":"1589"},{"source":"1339","target":"1598"},{"source":"1339","target":"1600"},{"source":"1339","target":"1608"},{"source":"1339","target":"1610"},{"source":"1339","target":"1612"},{"source":"1339","target":"1613"},{"source":"1339","target":"1621"},{"source":"1339","target":"1622"},{"source":"1339","target":"1623"},{"source":"1339","target":"1632"},{"source":"1339","target":"1643"},{"source":"1339","target":"1644"},{"source":"1339","target":"1652"},{"source":"1339","target":"1653"},{"source":"1339","target":"1659"},{"source":"1339","target":"1663"},{"source":"1339","target":"1683"},{"source":"1339","target":"1688"},{"source":"1339","target":"1689"},{"source":"1339","target":"1707"},{"source":"1339","target":"1712"},{"source":"1339","target":"1714"},{"source":"1339","target":"1724"},{"source":"1339","target":"1735"},{"source":"1339","target":"1736"},{"source":"1339","target":"1737"},{"source":"1339","target":"1746"},{"source":"1339","target":"1750"},{"source":"1339","target":"1752"},{"source":"1339","target":"1757"},{"source":"1339","target":"1768"},{"source":"1339","target":"1771"},{"source":"1339","target":"1789"},{"source":"1339","target":"1795"},{"source":"1339","target":"1796"},{"source":"1339","target":"1799"},{"source":"1339","target":"1800"},{"source":"1339","target":"1804"},{"source":"1339","target":"1810"},{"source":"1339","target":"1816"},{"source":"1339","target":"1819"},{"source":"1339","target":"1826"},{"source":"1339","target":"1827"},{"source":"1339","target":"1833"},{"source":"1339","target":"1839"},{"source":"1339","target":"1867"},{"source":"1339","target":"1879"},{"source":"1339","target":"1886"},{"source":"1339","target":"1888"},{"source":"1340","target":"1341"},{"source":"1340","target":"1344"},{"source":"1340","target":"1375"},{"source":"1340","target":"1376"},{"source":"1340","target":"1390"},{"source":"1340","target":"1416"},{"source":"1340","target":"1491"},{"source":"1340","target":"1516"},{"source":"1340","target":"1532"},{"source":"1340","target":"1538"},{"source":"1340","target":"1539"},{"source":"1340","target":"1547"},{"source":"1340","target":"1557"},{"source":"1340","target":"1572"},{"source":"1340","target":"1597"},{"source":"1340","target":"1600"},{"source":"1340","target":"1610"},{"source":"1340","target":"1612"},{"source":"1340","target":"1613"},{"source":"1340","target":"1620"},{"source":"1340","target":"1622"},{"source":"1340","target":"1623"},{"source":"1340","target":"1632"},{"source":"1340","target":"1644"},{"source":"1340","target":"1652"},{"source":"1340","target":"1653"},{"source":"1340","target":"1683"},{"source":"1340","target":"1688"},{"source":"1340","target":"1714"},{"source":"1340","target":"1717"},{"source":"1340","target":"1721"},{"source":"1340","target":"1746"},{"source":"1340","target":"1750"},{"source":"1340","target":"1789"},{"source":"1340","target":"1799"},{"source":"1340","target":"1800"},{"source":"1340","target":"1810"},{"source":"1340","target":"1819"},{"source":"1340","target":"1826"},{"source":"1340","target":"1827"},{"source":"1340","target":"1833"},{"source":"1340","target":"1867"},{"source":"1340","target":"1877"},{"source":"1340","target":"1886"},{"source":"1340","target":"1888"},{"source":"1341","target":"1351"},{"source":"1341","target":"1352"},{"source":"1341","target":"1361"},{"source":"1341","target":"1367"},{"source":"1341","target":"1370"},{"source":"1341","target":"1376"},{"source":"1341","target":"1377"},{"source":"1341","target":"1380"},{"source":"1341","target":"1390"},{"source":"1341","target":"1391"},{"source":"1341","target":"1393"},{"source":"1341","target":"1399"},{"source":"1341","target":"1416"},{"source":"1341","target":"1420"},{"source":"1341","target":"1431"},{"source":"1341","target":"1437"},{"source":"1341","target":"1449"},{"source":"1341","target":"1467"},{"source":"1341","target":"1471"},{"source":"1341","target":"1488"},{"source":"1341","target":"1491"},{"source":"1341","target":"1516"},{"source":"1341","target":"1530"},{"source":"1341","target":"1538"},{"source":"1341","target":"1542"},{"source":"1341","target":"1547"},{"source":"1341","target":"1551"},{"source":"1341","target":"1559"},{"source":"1341","target":"1563"},{"source":"1341","target":"1584"},{"source":"1341","target":"1589"},{"source":"1341","target":"1598"},{"source":"1341","target":"1603"},{"source":"1341","target":"1605"},{"source":"1341","target":"1608"},{"source":"1341","target":"1610"},{"source":"1341","target":"1612"},{"source":"1341","target":"1619"},{"source":"1341","target":"1621"},{"source":"1341","target":"1632"},{"source":"1341","target":"1663"},{"source":"1341","target":"1665"},{"source":"1341","target":"1668"},{"source":"1341","target":"1683"},{"source":"1341","target":"1685"},{"source":"1341","target":"1702"},{"source":"1341","target":"1707"},{"source":"1341","target":"1712"},{"source":"1341","target":"1714"},{"source":"1341","target":"1721"},{"source":"1341","target":"1730"},{"source":"1341","target":"1734"},{"source":"1341","target":"1735"},{"source":"1341","target":"1736"},{"source":"1341","target":"1746"},{"source":"1341","target":"1750"},{"source":"1341","target":"1761"},{"source":"1341","target":"1789"},{"source":"1341","target":"1799"},{"source":"1341","target":"1800"},{"source":"1341","target":"1804"},{"source":"1341","target":"1810"},{"source":"1341","target":"1816"},{"source":"1341","target":"1821"},{"source":"1341","target":"1823"},{"source":"1341","target":"1826"},{"source":"1341","target":"1827"},{"source":"1341","target":"1833"},{"source":"1341","target":"1835"},{"source":"1341","target":"1839"},{"source":"1341","target":"1842"},{"source":"1341","target":"1845"},{"source":"1341","target":"1864"},{"source":"1341","target":"1879"},{"source":"1341","target":"1886"},{"source":"1341","target":"1888"},{"source":"1341","target":"1898"},{"source":"1342","target":"1425"},{"source":"1342","target":"1478"},{"source":"1342","target":"1637"},{"source":"1342","target":"1700"},{"source":"1342","target":"1831"},{"source":"1342","target":"1910"},{"source":"1343","target":"1364"},{"source":"1343","target":"1425"},{"source":"1343","target":"1435"},{"source":"1343","target":"1436"},{"source":"1343","target":"1444"},{"source":"1343","target":"1473"},{"source":"1343","target":"1492"},{"source":"1343","target":"1525"},{"source":"1343","target":"1540"},{"source":"1343","target":"1566"},{"source":"1343","target":"1569"},{"source":"1343","target":"1584"},{"source":"1343","target":"1630"},{"source":"1343","target":"1694"},{"source":"1343","target":"1699"},{"source":"1343","target":"1738"},{"source":"1343","target":"1807"},{"source":"1343","target":"1818"},{"source":"1343","target":"1831"},{"source":"1343","target":"1881"},{"source":"1343","target":"1897"},{"source":"1343","target":"1910"},{"source":"1344","target":"1352"},{"source":"1344","target":"1367"},{"source":"1344","target":"1375"},{"source":"1344","target":"1376"},{"source":"1344","target":"1390"},{"source":"1344","target":"1399"},{"source":"1344","target":"1416"},{"source":"1344","target":"1431"},{"source":"1344","target":"1491"},{"source":"1344","target":"1524"},{"source":"1344","target":"1532"},{"source":"1344","target":"1538"},{"source":"1344","target":"1554"},{"source":"1344","target":"1557"},{"source":"1344","target":"1570"},{"source":"1344","target":"1572"},{"source":"1344","target":"1589"},{"source":"1344","target":"1597"},{"source":"1344","target":"1600"},{"source":"1344","target":"1610"},{"source":"1344","target":"1612"},{"source":"1344","target":"1620"},{"source":"1344","target":"1622"},{"source":"1344","target":"1623"},{"source":"1344","target":"1644"},{"source":"1344","target":"1652"},{"source":"1344","target":"1653"},{"source":"1344","target":"1659"},{"source":"1344","target":"1663"},{"source":"1344","target":"1669"},{"source":"1344","target":"1683"},{"source":"1344","target":"1685"},{"source":"1344","target":"1688"},{"source":"1344","target":"1689"},{"source":"1344","target":"1710"},{"source":"1344","target":"1714"},{"source":"1344","target":"1717"},{"source":"1344","target":"1721"},{"source":"1344","target":"1724"},{"source":"1344","target":"1730"},{"source":"1344","target":"1735"},{"source":"1344","target":"1737"},{"source":"1344","target":"1746"},{"source":"1344","target":"1750"},{"source":"1344","target":"1752"},{"source":"1344","target":"1757"},{"source":"1344","target":"1771"},{"source":"1344","target":"1789"},{"source":"1344","target":"1795"},{"source":"1344","target":"1796"},{"source":"1344","target":"1799"},{"source":"1344","target":"1800"},{"source":"1344","target":"1804"},{"source":"1344","target":"1810"},{"source":"1344","target":"1816"},{"source":"1344","target":"1827"},{"source":"1344","target":"1835"},{"source":"1344","target":"1861"},{"source":"1344","target":"1867"},{"source":"1344","target":"1888"},{"source":"1345","target":"1347"},{"source":"1345","target":"1350"},{"source":"1345","target":"1379"},{"source":"1345","target":"1381"},{"source":"1345","target":"1392"},{"source":"1345","target":"1404"},{"source":"1345","target":"1413"},{"source":"1345","target":"1426"},{"source":"1345","target":"1432"},{"source":"1345","target":"1438"},{"source":"1345","target":"1448"},{"source":"1345","target":"1459"},{"source":"1345","target":"1462"},{"source":"1345","target":"1475"},{"source":"1345","target":"1479"},{"source":"1345","target":"1495"},{"source":"1345","target":"1515"},{"source":"1345","target":"1550"},{"source":"1345","target":"1573"},{"source":"1345","target":"1576"},{"source":"1345","target":"1578"},{"source":"1345","target":"1583"},{"source":"1345","target":"1587"},{"source":"1345","target":"1591"},{"source":"1345","target":"1592"},{"source":"1345","target":"1595"},{"source":"1345","target":"1596"},{"source":"1345","target":"1611"},{"source":"1345","target":"1628"},{"source":"1345","target":"1635"},{"source":"1345","target":"1636"},{"source":"1345","target":"1638"},{"source":"1345","target":"1647"},{"source":"1345","target":"1655"},{"source":"1345","target":"1661"},{"source":"1345","target":"1680"},{"source":"1345","target":"1691"},{"source":"1345","target":"1715"},{"source":"1345","target":"1716"},{"source":"1345","target":"1720"},{"source":"1345","target":"1728"},{"source":"1345","target":"1742"},{"source":"1345","target":"1764"},{"source":"1345","target":"1783"},{"source":"1345","target":"1812"},{"source":"1345","target":"1841"},{"source":"1345","target":"1857"},{"source":"1345","target":"1859"},{"source":"1345","target":"1862"},{"source":"1345","target":"1872"},{"source":"1345","target":"1873"},{"source":"1345","target":"1875"},{"source":"1345","target":"1884"},{"source":"1345","target":"1893"},{"source":"1345","target":"1899"},{"source":"1345","target":"1903"},{"source":"1346","target":"1537"},{"source":"1347","target":"1373"},{"source":"1347","target":"1379"},{"source":"1347","target":"1396"},{"source":"1347","target":"1413"},{"source":"1347","target":"1426"},{"source":"1347","target":"1432"},{"source":"1347","target":"1438"},{"source":"1347","target":"1448"},{"source":"1347","target":"1459"},{"source":"1347","target":"1462"},{"source":"1347","target":"1475"},{"source":"1347","target":"1479"},{"source":"1347","target":"1495"},{"source":"1347","target":"1502"},{"source":"1347","target":"1573"},{"source":"1347","target":"1583"},{"source":"1347","target":"1587"},{"source":"1347","target":"1591"},{"source":"1347","target":"1596"},{"source":"1347","target":"1611"},{"source":"1347","target":"1628"},{"source":"1347","target":"1636"},{"source":"1347","target":"1649"},{"source":"1347","target":"1661"},{"source":"1347","target":"1680"},{"source":"1347","target":"1682"},{"source":"1347","target":"1691"},{"source":"1347","target":"1715"},{"source":"1347","target":"1727"},{"source":"1347","target":"1732"},{"source":"1347","target":"1742"},{"source":"1347","target":"1755"},{"source":"1347","target":"1783"},{"source":"1347","target":"1786"},{"source":"1347","target":"1828"},{"source":"1347","target":"1857"},{"source":"1347","target":"1859"},{"source":"1347","target":"1872"},{"source":"1347","target":"1893"},{"source":"1347","target":"1899"},{"source":"1348","target":"1415"},{"source":"1348","target":"1428"},{"source":"1348","target":"1469"},{"source":"1348","target":"1472"},{"source":"1348","target":"1482"},{"source":"1348","target":"1496"},{"source":"1348","target":"1507"},{"source":"1348","target":"1529"},{"source":"1348","target":"1541"},{"source":"1348","target":"1624"},{"source":"1348","target":"1630"},{"source":"1348","target":"1681"},{"source":"1348","target":"1709"},{"source":"1348","target":"1756"},{"source":"1348","target":"1770"},{"source":"1348","target":"1815"},{"source":"1348","target":"1847"},{"source":"1348","target":"1904"},{"source":"1349","target":"1358"},{"source":"1349","target":"1374"},{"source":"1349","target":"1408"},{"source":"1349","target":"1427"},{"source":"1349","target":"1514"},{"source":"1349","target":"1531"},{"source":"1349","target":"1543"},{"source":"1349","target":"1574"},{"source":"1349","target":"1606"},{"source":"1349","target":"1645"},{"source":"1349","target":"1673"},{"source":"1349","target":"1677"},{"source":"1349","target":"1740"},{"source":"1349","target":"1743"},{"source":"1349","target":"1744"},{"source":"1349","target":"1763"},{"source":"1349","target":"1790"},{"source":"1349","target":"1844"},{"source":"1349","target":"1878"},{"source":"1349","target":"1882"},{"source":"1350","target":"1404"},{"source":"1350","target":"1413"},{"source":"1350","target":"1432"},{"source":"1350","target":"1435"},{"source":"1350","target":"1550"},{"source":"1350","target":"1575"},{"source":"1350","target":"1578"},{"source":"1350","target":"1583"},{"source":"1350","target":"1611"},{"source":"1350","target":"1628"},{"source":"1350","target":"1635"},{"source":"1350","target":"1764"},{"source":"1350","target":"1794"},{"source":"1350","target":"1859"},{"source":"1350","target":"1862"},{"source":"1350","target":"1894"},{"source":"1351","target":"1352"},{"source":"1351","target":"1361"},{"source":"1351","target":"1367"},{"source":"1351","target":"1391"},{"source":"1351","target":"1399"},{"source":"1351","target":"1431"},{"source":"1351","target":"1437"},{"source":"1351","target":"1516"},{"source":"1351","target":"1522"},{"source":"1351","target":"1547"},{"source":"1351","target":"1551"},{"source":"1351","target":"1554"},{"source":"1351","target":"1610"},{"source":"1351","target":"1612"},{"source":"1351","target":"1617"},{"source":"1351","target":"1619"},{"source":"1351","target":"1621"},{"source":"1351","target":"1662"},{"source":"1351","target":"1668"},{"source":"1351","target":"1702"},{"source":"1351","target":"1707"},{"source":"1351","target":"1712"},{"source":"1351","target":"1730"},{"source":"1351","target":"1736"},{"source":"1351","target":"1757"},{"source":"1351","target":"1793"},{"source":"1351","target":"1799"},{"source":"1351","target":"1800"},{"source":"1351","target":"1804"},{"source":"1351","target":"1809"},{"source":"1351","target":"1821"},{"source":"1351","target":"1827"},{"source":"1351","target":"1833"},{"source":"1351","target":"1839"},{"source":"1351","target":"1845"},{"source":"1351","target":"1849"},{"source":"1351","target":"1864"},{"source":"1351","target":"1879"},{"source":"1351","target":"1888"},{"source":"1351","target":"1902"},{"source":"1352","target":"1361"},{"source":"1352","target":"1367"},{"source":"1352","target":"1369"},{"source":"1352","target":"1375"},{"source":"1352","target":"1376"},{"source":"1352","target":"1377"},{"source":"1352","target":"1380"},{"source":"1352","target":"1390"},{"source":"1352","target":"1391"},{"source":"1352","target":"1399"},{"source":"1352","target":"1416"},{"source":"1352","target":"1420"},{"source":"1352","target":"1431"},{"source":"1352","target":"1437"},{"source":"1352","target":"1439"},{"source":"1352","target":"1447"},{"source":"1352","target":"1449"},{"source":"1352","target":"1456"},{"source":"1352","target":"1467"},{"source":"1352","target":"1471"},{"source":"1352","target":"1484"},{"source":"1352","target":"1485"},{"source":"1352","target":"1488"},{"source":"1352","target":"1491"},{"source":"1352","target":"1509"},{"source":"1352","target":"1516"},{"source":"1352","target":"1520"},{"source":"1352","target":"1522"},{"source":"1352","target":"1523"},{"source":"1352","target":"1528"},{"source":"1352","target":"1530"},{"source":"1352","target":"1535"},{"source":"1352","target":"1539"},{"source":"1352","target":"1540"},{"source":"1352","target":"1542"},{"source":"1352","target":"1547"},{"source":"1352","target":"1551"},{"source":"1352","target":"1554"},{"source":"1352","target":"1557"},{"source":"1352","target":"1559"},{"source":"1352","target":"1563"},{"source":"1352","target":"1570"},{"source":"1352","target":"1572"},{"source":"1352","target":"1580"},{"source":"1352","target":"1584"},{"source":"1352","target":"1589"},{"source":"1352","target":"1590"},{"source":"1352","target":"1597"},{"source":"1352","target":"1598"},{"source":"1352","target":"1600"},{"source":"1352","target":"1603"},{"source":"1352","target":"1604"},{"source":"1352","target":"1605"},{"source":"1352","target":"1608"},{"source":"1352","target":"1609"},{"source":"1352","target":"1610"},{"source":"1352","target":"1612"},{"source":"1352","target":"1613"},{"source":"1352","target":"1614"},{"source":"1352","target":"1617"},{"source":"1352","target":"1619"},{"source":"1352","target":"1620"},{"source":"1352","target":"1621"},{"source":"1352","target":"1622"},{"source":"1352","target":"1623"},{"source":"1352","target":"1637"},{"source":"1352","target":"1639"},{"source":"1352","target":"1643"},{"source":"1352","target":"1644"},{"source":"1352","target":"1659"},{"source":"1352","target":"1662"},{"source":"1352","target":"1663"},{"source":"1352","target":"1665"},{"source":"1352","target":"1668"},{"source":"1352","target":"1669"},{"source":"1352","target":"1675"},{"source":"1352","target":"1683"},{"source":"1352","target":"1685"},{"source":"1352","target":"1688"},{"source":"1352","target":"1689"},{"source":"1352","target":"1707"},{"source":"1352","target":"1712"},{"source":"1352","target":"1714"},{"source":"1352","target":"1717"},{"source":"1352","target":"1718"},{"source":"1352","target":"1721"},{"source":"1352","target":"1724"},{"source":"1352","target":"1730"},{"source":"1352","target":"1734"},{"source":"1352","target":"1735"},{"source":"1352","target":"1736"},{"source":"1352","target":"1737"},{"source":"1352","target":"1741"},{"source":"1352","target":"1746"},{"source":"1352","target":"1750"},{"source":"1352","target":"1752"},{"source":"1352","target":"1753"},{"source":"1352","target":"1757"},{"source":"1352","target":"1761"},{"source":"1352","target":"1765"},{"source":"1352","target":"1768"},{"source":"1352","target":"1772"},{"source":"1352","target":"1780"},{"source":"1352","target":"1782"},{"source":"1352","target":"1791"},{"source":"1352","target":"1793"},{"source":"1352","target":"1795"},{"source":"1352","target":"1799"},{"source":"1352","target":"1800"},{"source":"1352","target":"1804"},{"source":"1352","target":"1809"},{"source":"1352","target":"1810"},{"source":"1352","target":"1811"},{"source":"1352","target":"1813"},{"source":"1352","target":"1816"},{"source":"1352","target":"1819"},{"source":"1352","target":"1823"},{"source":"1352","target":"1826"},{"source":"1352","target":"1827"},{"source":"1352","target":"1833"},{"source":"1352","target":"1835"},{"source":"1352","target":"1839"},{"source":"1352","target":"1842"},{"source":"1352","target":"1845"},{"source":"1352","target":"1846"},{"source":"1352","target":"1849"},{"source":"1352","target":"1860"},{"source":"1352","target":"1861"},{"source":"1352","target":"1867"},{"source":"1352","target":"1868"},{"source":"1352","target":"1879"},{"source":"1352","target":"1886"},{"source":"1352","target":"1888"},{"source":"1352","target":"1891"},{"source":"1352","target":"1898"},{"source":"1352","target":"1902"},{"source":"1352","target":"1911"},{"source":"1353","target":"1357"},{"source":"1354","target":"1469"},{"source":"1354","target":"1660"},{"source":"1354","target":"1672"},{"source":"1355","target":"1366"},{"source":"1355","target":"1472"},{"source":"1355","target":"1473"},{"source":"1355","target":"1496"},{"source":"1355","target":"1500"},{"source":"1355","target":"1504"},{"source":"1355","target":"1525"},{"source":"1355","target":"1536"},{"source":"1355","target":"1633"},{"source":"1355","target":"1634"},{"source":"1355","target":"1686"},{"source":"1355","target":"1699"},{"source":"1355","target":"1703"},{"source":"1355","target":"1709"},{"source":"1355","target":"1876"},{"source":"1356","target":"1372"},{"source":"1356","target":"1425"},{"source":"1356","target":"1443"},{"source":"1356","target":"1453"},{"source":"1356","target":"1478"},{"source":"1356","target":"1497"},{"source":"1356","target":"1566"},{"source":"1356","target":"1694"},{"source":"1356","target":"1743"},{"source":"1356","target":"1829"},{"source":"1356","target":"1831"},{"source":"1356","target":"1881"},{"source":"1356","target":"1910"},{"source":"1357","target":"1393"},{"source":"1357","target":"1397"},{"source":"1357","target":"1422"},{"source":"1357","target":"1487"},{"source":"1357","target":"1536"},{"source":"1357","target":"1574"},{"source":"1357","target":"1688"},{"source":"1357","target":"1692"},{"source":"1357","target":"1767"},{"source":"1357","target":"1778"},{"source":"1357","target":"1794"},{"source":"1357","target":"1897"},{"source":"1358","target":"1374"},{"source":"1358","target":"1397"},{"source":"1358","target":"1400"},{"source":"1358","target":"1425"},{"source":"1358","target":"1427"},{"source":"1358","target":"1446"},{"source":"1358","target":"1463"},{"source":"1358","target":"1473"},{"source":"1358","target":"1490"},{"source":"1358","target":"1512"},{"source":"1358","target":"1514"},{"source":"1358","target":"1543"},{"source":"1358","target":"1545"},{"source":"1358","target":"1565"},{"source":"1358","target":"1574"},{"source":"1358","target":"1606"},{"source":"1358","target":"1616"},{"source":"1358","target":"1631"},{"source":"1358","target":"1645"},{"source":"1358","target":"1660"},{"source":"1358","target":"1671"},{"source":"1358","target":"1673"},{"source":"1358","target":"1677"},{"source":"1358","target":"1679"},{"source":"1358","target":"1692"},{"source":"1358","target":"1694"},{"source":"1358","target":"1695"},{"source":"1358","target":"1740"},{"source":"1358","target":"1744"},{"source":"1358","target":"1763"},{"source":"1358","target":"1766"},{"source":"1358","target":"1767"},{"source":"1358","target":"1790"},{"source":"1358","target":"1844"},{"source":"1358","target":"1878"},{"source":"1358","target":"1881"},{"source":"1358","target":"1882"},{"source":"1359","target":"1361"},{"source":"1359","target":"1377"},{"source":"1359","target":"1388"},{"source":"1359","target":"1389"},{"source":"1359","target":"1391"},{"source":"1359","target":"1402"},{"source":"1359","target":"1409"},{"source":"1359","target":"1447"},{"source":"1359","target":"1470"},{"source":"1359","target":"1483"},{"source":"1359","target":"1488"},{"source":"1359","target":"1509"},{"source":"1359","target":"1517"},{"source":"1359","target":"1535"},{"source":"1359","target":"1551"},{"source":"1359","target":"1557"},{"source":"1359","target":"1559"},{"source":"1359","target":"1570"},{"source":"1359","target":"1571"},{"source":"1359","target":"1580"},{"source":"1359","target":"1604"},{"source":"1359","target":"1605"},{"source":"1359","target":"1608"},{"source":"1359","target":"1609"},{"source":"1359","target":"1619"},{"source":"1359","target":"1620"},{"source":"1359","target":"1637"},{"source":"1359","target":"1663"},{"source":"1359","target":"1669"},{"source":"1359","target":"1675"},{"source":"1359","target":"1714"},{"source":"1359","target":"1717"},{"source":"1359","target":"1722"},{"source":"1359","target":"1730"},{"source":"1359","target":"1741"},{"source":"1359","target":"1754"},{"source":"1359","target":"1768"},{"source":"1359","target":"1772"},{"source":"1359","target":"1791"},{"source":"1359","target":"1793"},{"source":"1359","target":"1796"},{"source":"1359","target":"1804"},{"source":"1359","target":"1811"},{"source":"1359","target":"1813"},{"source":"1359","target":"1826"},{"source":"1359","target":"1835"},{"source":"1359","target":"1839"},{"source":"1359","target":"1861"},{"source":"1359","target":"1868"},{"source":"1359","target":"1898"},{"source":"1359","target":"1900"},{"source":"1359","target":"1902"},{"source":"1360","target":"1410"},{"source":"1360","target":"1433"},{"source":"1360","target":"1494"},{"source":"1360","target":"1511"},{"source":"1360","target":"1553"},{"source":"1360","target":"1555"},{"source":"1360","target":"1561"},{"source":"1360","target":"1567"},{"source":"1360","target":"1579"},{"source":"1360","target":"1588"},{"source":"1360","target":"1593"},{"source":"1360","target":"1615"},{"source":"1360","target":"1678"},{"source":"1360","target":"1687"},{"source":"1360","target":"1698"},{"source":"1360","target":"1705"},{"source":"1360","target":"1708"},{"source":"1360","target":"1719"},{"source":"1360","target":"1726"},{"source":"1360","target":"1803"},{"source":"1360","target":"1806"},{"source":"1360","target":"1847"},{"source":"1360","target":"1866"},{"source":"1361","target":"1376"},{"source":"1361","target":"1377"},{"source":"1361","target":"1388"},{"source":"1361","target":"1390"},{"source":"1361","target":"1391"},{"source":"1361","target":"1398"},{"source":"1361","target":"1399"},{"source":"1361","target":"1402"},{"source":"1361","target":"1409"},{"source":"1361","target":"1420"},{"source":"1361","target":"1431"},{"source":"1361","target":"1440"},{"source":"1361","target":"1447"},{"source":"1361","target":"1456"},{"source":"1361","target":"1458"},{"source":"1361","target":"1465"},{"source":"1361","target":"1470"},{"source":"1361","target":"1488"},{"source":"1361","target":"1509"},{"source":"1361","target":"1516"},{"source":"1361","target":"1520"},{"source":"1361","target":"1540"},{"source":"1361","target":"1542"},{"source":"1361","target":"1547"},{"source":"1361","target":"1551"},{"source":"1361","target":"1554"},{"source":"1361","target":"1557"},{"source":"1361","target":"1559"},{"source":"1361","target":"1563"},{"source":"1361","target":"1570"},{"source":"1361","target":"1577"},{"source":"1361","target":"1584"},{"source":"1361","target":"1589"},{"source":"1361","target":"1603"},{"source":"1361","target":"1604"},{"source":"1361","target":"1605"},{"source":"1361","target":"1610"},{"source":"1361","target":"1612"},{"source":"1361","target":"1614"},{"source":"1361","target":"1619"},{"source":"1361","target":"1621"},{"source":"1361","target":"1626"},{"source":"1361","target":"1637"},{"source":"1361","target":"1644"},{"source":"1361","target":"1662"},{"source":"1361","target":"1663"},{"source":"1361","target":"1668"},{"source":"1361","target":"1669"},{"source":"1361","target":"1674"},{"source":"1361","target":"1702"},{"source":"1361","target":"1707"},{"source":"1361","target":"1714"},{"source":"1361","target":"1717"},{"source":"1361","target":"1718"},{"source":"1361","target":"1722"},{"source":"1361","target":"1723"},{"source":"1361","target":"1730"},{"source":"1361","target":"1736"},{"source":"1361","target":"1741"},{"source":"1361","target":"1753"},{"source":"1361","target":"1768"},{"source":"1361","target":"1791"},{"source":"1361","target":"1793"},{"source":"1361","target":"1796"},{"source":"1361","target":"1800"},{"source":"1361","target":"1805"},{"source":"1361","target":"1811"},{"source":"1361","target":"1813"},{"source":"1361","target":"1833"},{"source":"1361","target":"1835"},{"source":"1361","target":"1839"},{"source":"1361","target":"1842"},{"source":"1361","target":"1843"},{"source":"1361","target":"1849"},{"source":"1361","target":"1858"},{"source":"1361","target":"1863"},{"source":"1361","target":"1867"},{"source":"1361","target":"1868"},{"source":"1361","target":"1879"},{"source":"1361","target":"1888"},{"source":"1361","target":"1891"},{"source":"1361","target":"1898"},{"source":"1361","target":"1902"},{"source":"1361","target":"1909"},{"source":"1361","target":"1911"},{"source":"1362","target":"1469"},{"source":"1363","target":"1371"},{"source":"1363","target":"1378"},{"source":"1363","target":"1493"},{"source":"1363","target":"1533"},{"source":"1363","target":"1548"},{"source":"1363","target":"1629"},{"source":"1363","target":"1648"},{"source":"1363","target":"1733"},{"source":"1363","target":"1787"},{"source":"1363","target":"1837"},{"source":"1363","target":"1880"},{"source":"1364","target":"1435"},{"source":"1364","target":"1540"},{"source":"1364","target":"1569"},{"source":"1364","target":"1747"},{"source":"1364","target":"1794"},{"source":"1364","target":"1807"},{"source":"1364","target":"1818"},{"source":"1364","target":"1897"},{"source":"1365","target":"1420"},{"source":"1365","target":"1431"},{"source":"1365","target":"1491"},{"source":"1365","target":"1530"},{"source":"1365","target":"1538"},{"source":"1365","target":"1557"},{"source":"1365","target":"1559"},{"source":"1365","target":"1584"},{"source":"1365","target":"1589"},{"source":"1365","target":"1612"},{"source":"1365","target":"1617"},{"source":"1365","target":"1623"},{"source":"1365","target":"1643"},{"source":"1365","target":"1663"},{"source":"1365","target":"1669"},{"source":"1365","target":"1689"},{"source":"1365","target":"1714"},{"source":"1365","target":"1737"},{"source":"1365","target":"1752"},{"source":"1365","target":"1799"},{"source":"1365","target":"1810"},{"source":"1365","target":"1823"},{"source":"1365","target":"1842"},{"source":"1365","target":"1886"},{"source":"1366","target":"1373"},{"source":"1366","target":"1427"},{"source":"1366","target":"1435"},{"source":"1366","target":"1444"},{"source":"1366","target":"1472"},{"source":"1366","target":"1473"},{"source":"1366","target":"1481"},{"source":"1366","target":"1482"},{"source":"1366","target":"1492"},{"source":"1366","target":"1496"},{"source":"1366","target":"1504"},{"source":"1366","target":"1525"},{"source":"1366","target":"1536"},{"source":"1366","target":"1569"},{"source":"1366","target":"1584"},{"source":"1366","target":"1591"},{"source":"1366","target":"1630"},{"source":"1366","target":"1633"},{"source":"1366","target":"1634"},{"source":"1366","target":"1667"},{"source":"1366","target":"1699"},{"source":"1366","target":"1703"},{"source":"1366","target":"1709"},{"source":"1366","target":"1725"},{"source":"1366","target":"1738"},{"source":"1366","target":"1767"},{"source":"1366","target":"1783"},{"source":"1366","target":"1807"},{"source":"1366","target":"1876"},{"source":"1367","target":"1375"},{"source":"1367","target":"1376"},{"source":"1367","target":"1377"},{"source":"1367","target":"1380"},{"source":"1367","target":"1390"},{"source":"1367","target":"1391"},{"source":"1367","target":"1399"},{"source":"1367","target":"1416"},{"source":"1367","target":"1420"},{"source":"1367","target":"1431"},{"source":"1367","target":"1449"},{"source":"1367","target":"1471"},{"source":"1367","target":"1488"},{"source":"1367","target":"1491"},{"source":"1367","target":"1509"},{"source":"1367","target":"1516"},{"source":"1367","target":"1520"},{"source":"1367","target":"1522"},{"source":"1367","target":"1524"},{"source":"1367","target":"1530"},{"source":"1367","target":"1539"},{"source":"1367","target":"1547"},{"source":"1367","target":"1551"},{"source":"1367","target":"1554"},{"source":"1367","target":"1557"},{"source":"1367","target":"1572"},{"source":"1367","target":"1584"},{"source":"1367","target":"1589"},{"source":"1367","target":"1597"},{"source":"1367","target":"1600"},{"source":"1367","target":"1603"},{"source":"1367","target":"1605"},{"source":"1367","target":"1610"},{"source":"1367","target":"1612"},{"source":"1367","target":"1613"},{"source":"1367","target":"1617"},{"source":"1367","target":"1618"},{"source":"1367","target":"1620"},{"source":"1367","target":"1621"},{"source":"1367","target":"1622"},{"source":"1367","target":"1623"},{"source":"1367","target":"1632"},{"source":"1367","target":"1644"},{"source":"1367","target":"1652"},{"source":"1367","target":"1653"},{"source":"1367","target":"1659"},{"source":"1367","target":"1663"},{"source":"1367","target":"1665"},{"source":"1367","target":"1668"},{"source":"1367","target":"1669"},{"source":"1367","target":"1683"},{"source":"1367","target":"1685"},{"source":"1367","target":"1688"},{"source":"1367","target":"1689"},{"source":"1367","target":"1707"},{"source":"1367","target":"1714"},{"source":"1367","target":"1717"},{"source":"1367","target":"1721"},{"source":"1367","target":"1724"},{"source":"1367","target":"1730"},{"source":"1367","target":"1735"},{"source":"1367","target":"1737"},{"source":"1367","target":"1741"},{"source":"1367","target":"1746"},{"source":"1367","target":"1750"},{"source":"1367","target":"1752"},{"source":"1367","target":"1757"},{"source":"1367","target":"1782"},{"source":"1367","target":"1789"},{"source":"1367","target":"1791"},{"source":"1367","target":"1793"},{"source":"1367","target":"1796"},{"source":"1367","target":"1799"},{"source":"1367","target":"1800"},{"source":"1367","target":"1804"},{"source":"1367","target":"1809"},{"source":"1367","target":"1810"},{"source":"1367","target":"1813"},{"source":"1367","target":"1816"},{"source":"1367","target":"1819"},{"source":"1367","target":"1823"},{"source":"1367","target":"1826"},{"source":"1367","target":"1827"},{"source":"1367","target":"1833"},{"source":"1367","target":"1835"},{"source":"1367","target":"1839"},{"source":"1367","target":"1849"},{"source":"1367","target":"1851"},{"source":"1367","target":"1867"},{"source":"1367","target":"1877"},{"source":"1367","target":"1879"},{"source":"1367","target":"1886"},{"source":"1367","target":"1888"},{"source":"1367","target":"1909"},{"source":"1368","target":"1788"},{"source":"1369","target":"1405"},{"source":"1369","target":"1420"},{"source":"1369","target":"1460"},{"source":"1369","target":"1461"},{"source":"1369","target":"1471"},{"source":"1369","target":"1505"},{"source":"1369","target":"1509"},{"source":"1369","target":"1522"},{"source":"1369","target":"1523"},{"source":"1369","target":"1559"},{"source":"1369","target":"1561"},{"source":"1369","target":"1563"},{"source":"1369","target":"1589"},{"source":"1369","target":"1590"},{"source":"1369","target":"1608"},{"source":"1369","target":"1617"},{"source":"1369","target":"1644"},{"source":"1369","target":"1656"},{"source":"1369","target":"1663"},{"source":"1369","target":"1718"},{"source":"1369","target":"1726"},{"source":"1369","target":"1757"},{"source":"1369","target":"1769"},{"source":"1369","target":"1779"},{"source":"1369","target":"1780"},{"source":"1369","target":"1835"},{"source":"1369","target":"1836"},{"source":"1369","target":"1846"},{"source":"1369","target":"1851"},{"source":"1369","target":"1852"},{"source":"1370","target":"1380"},{"source":"1370","target":"1388"},{"source":"1370","target":"1390"},{"source":"1370","target":"1391"},{"source":"1370","target":"1399"},{"source":"1370","target":"1409"},{"source":"1370","target":"1431"},{"source":"1370","target":"1447"},{"source":"1370","target":"1449"},{"source":"1370","target":"1456"},{"source":"1370","target":"1457"},{"source":"1370","target":"1471"},{"source":"1370","target":"1480"},{"source":"1370","target":"1483"},{"source":"1370","target":"1488"},{"source":"1370","target":"1516"},{"source":"1370","target":"1517"},{"source":"1370","target":"1522"},{"source":"1370","target":"1542"},{"source":"1370","target":"1547"},{"source":"1370","target":"1559"},{"source":"1370","target":"1584"},{"source":"1370","target":"1589"},{"source":"1370","target":"1598"},{"source":"1370","target":"1600"},{"source":"1370","target":"1604"},{"source":"1370","target":"1605"},{"source":"1370","target":"1610"},{"source":"1370","target":"1612"},{"source":"1370","target":"1617"},{"source":"1370","target":"1619"},{"source":"1370","target":"1622"},{"source":"1370","target":"1662"},{"source":"1370","target":"1663"},{"source":"1370","target":"1665"},{"source":"1370","target":"1668"},{"source":"1370","target":"1707"},{"source":"1370","target":"1712"},{"source":"1370","target":"1714"},{"source":"1370","target":"1723"},{"source":"1370","target":"1736"},{"source":"1370","target":"1741"},{"source":"1370","target":"1746"},{"source":"1370","target":"1757"},{"source":"1370","target":"1793"},{"source":"1370","target":"1800"},{"source":"1370","target":"1804"},{"source":"1370","target":"1809"},{"source":"1370","target":"1816"},{"source":"1370","target":"1821"},{"source":"1370","target":"1823"},{"source":"1370","target":"1826"},{"source":"1370","target":"1827"},{"source":"1370","target":"1832"},{"source":"1370","target":"1833"},{"source":"1370","target":"1839"},{"source":"1370","target":"1849"},{"source":"1370","target":"1868"},{"source":"1370","target":"1879"},{"source":"1370","target":"1886"},{"source":"1370","target":"1888"},{"source":"1370","target":"1898"},{"source":"1370","target":"1900"},{"source":"1370","target":"1902"},{"source":"1371","target":"1378"},{"source":"1371","target":"1452"},{"source":"1371","target":"1467"},{"source":"1371","target":"1468"},{"source":"1371","target":"1533"},{"source":"1371","target":"1536"},{"source":"1371","target":"1548"},{"source":"1371","target":"1568"},{"source":"1371","target":"1601"},{"source":"1371","target":"1629"},{"source":"1371","target":"1692"},{"source":"1371","target":"1733"},{"source":"1371","target":"1758"},{"source":"1371","target":"1784"},{"source":"1371","target":"1787"},{"source":"1371","target":"1798"},{"source":"1371","target":"1837"},{"source":"1371","target":"1880"},{"source":"1371","target":"1895"},{"source":"1372","target":"1478"},{"source":"1372","target":"1831"},{"source":"1372","target":"1910"},{"source":"1373","target":"1382"},{"source":"1373","target":"1396"},{"source":"1373","target":"1451"},{"source":"1373","target":"1454"},{"source":"1373","target":"1459"},{"source":"1373","target":"1469"},{"source":"1373","target":"1481"},{"source":"1373","target":"1495"},{"source":"1373","target":"1502"},{"source":"1373","target":"1503"},{"source":"1373","target":"1508"},{"source":"1373","target":"1515"},{"source":"1373","target":"1573"},{"source":"1373","target":"1582"},{"source":"1373","target":"1591"},{"source":"1373","target":"1596"},{"source":"1373","target":"1638"},{"source":"1373","target":"1661"},{"source":"1373","target":"1686"},{"source":"1373","target":"1703"},{"source":"1373","target":"1706"},{"source":"1373","target":"1727"},{"source":"1373","target":"1729"},{"source":"1373","target":"1742"},{"source":"1373","target":"1749"},{"source":"1373","target":"1783"},{"source":"1373","target":"1786"},{"source":"1373","target":"1794"},{"source":"1373","target":"1812"},{"source":"1373","target":"1820"},{"source":"1373","target":"1824"},{"source":"1373","target":"1828"},{"source":"1373","target":"1871"},{"source":"1373","target":"1873"},{"source":"1373","target":"1876"},{"source":"1373","target":"1893"},{"source":"1373","target":"1894"},{"source":"1373","target":"1907"},{"source":"1374","target":"1400"},{"source":"1374","target":"1487"},{"source":"1374","target":"1512"},{"source":"1374","target":"1574"},{"source":"1374","target":"1599"},{"source":"1374","target":"1616"},{"source":"1374","target":"1645"},{"source":"1374","target":"1673"},{"source":"1374","target":"1692"},{"source":"1374","target":"1694"},{"source":"1374","target":"1767"},{"source":"1374","target":"1790"},{"source":"1374","target":"1844"},{"source":"1375","target":"1390"},{"source":"1375","target":"1416"},{"source":"1375","target":"1524"},{"source":"1375","target":"1532"},{"source":"1375","target":"1538"},{"source":"1375","target":"1557"},{"source":"1375","target":"1572"},{"source":"1375","target":"1584"},{"source":"1375","target":"1589"},{"source":"1375","target":"1597"},{"source":"1375","target":"1612"},{"source":"1375","target":"1613"},{"source":"1375","target":"1617"},{"source":"1375","target":"1620"},{"source":"1375","target":"1621"},{"source":"1375","target":"1623"},{"source":"1375","target":"1644"},{"source":"1375","target":"1659"},{"source":"1375","target":"1669"},{"source":"1375","target":"1688"},{"source":"1375","target":"1714"},{"source":"1375","target":"1717"},{"source":"1375","target":"1721"},{"source":"1375","target":"1724"},{"source":"1375","target":"1730"},{"source":"1375","target":"1735"},{"source":"1375","target":"1737"},{"source":"1375","target":"1746"},{"source":"1375","target":"1750"},{"source":"1375","target":"1752"},{"source":"1375","target":"1771"},{"source":"1375","target":"1789"},{"source":"1375","target":"1795"},{"source":"1375","target":"1796"},{"source":"1375","target":"1799"},{"source":"1375","target":"1800"},{"source":"1375","target":"1810"},{"source":"1375","target":"1827"},{"source":"1375","target":"1833"},{"source":"1375","target":"1867"},{"source":"1375","target":"1886"},{"source":"1375","target":"1888"},{"source":"1376","target":"1377"},{"source":"1376","target":"1390"},{"source":"1376","target":"1391"},{"source":"1376","target":"1393"},{"source":"1376","target":"1399"},{"source":"1376","target":"1405"},{"source":"1376","target":"1416"},{"source":"1376","target":"1420"},{"source":"1376","target":"1431"},{"source":"1376","target":"1447"},{"source":"1376","target":"1460"},{"source":"1376","target":"1467"},{"source":"1376","target":"1471"},{"source":"1376","target":"1485"},{"source":"1376","target":"1491"},{"source":"1376","target":"1509"},{"source":"1376","target":"1513"},{"source":"1376","target":"1516"},{"source":"1376","target":"1520"},{"source":"1376","target":"1522"},{"source":"1376","target":"1523"},{"source":"1376","target":"1528"},{"source":"1376","target":"1539"},{"source":"1376","target":"1547"},{"source":"1376","target":"1551"},{"source":"1376","target":"1554"},{"source":"1376","target":"1557"},{"source":"1376","target":"1559"},{"source":"1376","target":"1563"},{"source":"1376","target":"1570"},{"source":"1376","target":"1584"},{"source":"1376","target":"1589"},{"source":"1376","target":"1590"},{"source":"1376","target":"1597"},{"source":"1376","target":"1600"},{"source":"1376","target":"1603"},{"source":"1376","target":"1608"},{"source":"1376","target":"1609"},{"source":"1376","target":"1610"},{"source":"1376","target":"1612"},{"source":"1376","target":"1613"},{"source":"1376","target":"1617"},{"source":"1376","target":"1621"},{"source":"1376","target":"1622"},{"source":"1376","target":"1623"},{"source":"1376","target":"1632"},{"source":"1376","target":"1637"},{"source":"1376","target":"1639"},{"source":"1376","target":"1643"},{"source":"1376","target":"1653"},{"source":"1376","target":"1659"},{"source":"1376","target":"1662"},{"source":"1376","target":"1663"},{"source":"1376","target":"1669"},{"source":"1376","target":"1675"},{"source":"1376","target":"1683"},{"source":"1376","target":"1685"},{"source":"1376","target":"1689"},{"source":"1376","target":"1707"},{"source":"1376","target":"1714"},{"source":"1376","target":"1717"},{"source":"1376","target":"1718"},{"source":"1376","target":"1721"},{"source":"1376","target":"1724"},{"source":"1376","target":"1730"},{"source":"1376","target":"1735"},{"source":"1376","target":"1736"},{"source":"1376","target":"1737"},{"source":"1376","target":"1741"},{"source":"1376","target":"1746"},{"source":"1376","target":"1750"},{"source":"1376","target":"1752"},{"source":"1376","target":"1753"},{"source":"1376","target":"1757"},{"source":"1376","target":"1761"},{"source":"1376","target":"1765"},{"source":"1376","target":"1768"},{"source":"1376","target":"1774"},{"source":"1376","target":"1782"},{"source":"1376","target":"1789"},{"source":"1376","target":"1791"},{"source":"1376","target":"1793"},{"source":"1376","target":"1795"},{"source":"1376","target":"1799"},{"source":"1376","target":"1800"},{"source":"1376","target":"1804"},{"source":"1376","target":"1810"},{"source":"1376","target":"1811"},{"source":"1376","target":"1813"},{"source":"1376","target":"1816"},{"source":"1376","target":"1819"},{"source":"1376","target":"1823"},{"source":"1376","target":"1826"},{"source":"1376","target":"1827"},{"source":"1376","target":"1833"},{"source":"1376","target":"1835"},{"source":"1376","target":"1839"},{"source":"1376","target":"1842"},{"source":"1376","target":"1846"},{"source":"1376","target":"1851"},{"source":"1376","target":"1864"},{"source":"1376","target":"1867"},{"source":"1376","target":"1879"},{"source":"1376","target":"1888"},{"source":"1376","target":"1891"},{"source":"1376","target":"1902"},{"source":"1377","target":"1388"},{"source":"1377","target":"1389"},{"source":"1377","target":"1391"},{"source":"1377","target":"1399"},{"source":"1377","target":"1409"},{"source":"1377","target":"1416"},{"source":"1377","target":"1420"},{"source":"1377","target":"1431"},{"source":"1377","target":"1447"},{"source":"1377","target":"1449"},{"source":"1377","target":"1467"},{"source":"1377","target":"1470"},{"source":"1377","target":"1471"},{"source":"1377","target":"1483"},{"source":"1377","target":"1487"},{"source":"1377","target":"1488"},{"source":"1377","target":"1491"},{"source":"1377","target":"1497"},{"source":"1377","target":"1509"},{"source":"1377","target":"1513"},{"source":"1377","target":"1516"},{"source":"1377","target":"1520"},{"source":"1377","target":"1522"},{"source":"1377","target":"1528"},{"source":"1377","target":"1535"},{"source":"1377","target":"1539"},{"source":"1377","target":"1540"},{"source":"1377","target":"1551"},{"source":"1377","target":"1554"},{"source":"1377","target":"1557"},{"source":"1377","target":"1559"},{"source":"1377","target":"1563"},{"source":"1377","target":"1570"},{"source":"1377","target":"1584"},{"source":"1377","target":"1589"},{"source":"1377","target":"1590"},{"source":"1377","target":"1597"},{"source":"1377","target":"1598"},{"source":"1377","target":"1600"},{"source":"1377","target":"1603"},{"source":"1377","target":"1604"},{"source":"1377","target":"1608"},{"source":"1377","target":"1609"},{"source":"1377","target":"1610"},{"source":"1377","target":"1612"},{"source":"1377","target":"1613"},{"source":"1377","target":"1614"},{"source":"1377","target":"1617"},{"source":"1377","target":"1620"},{"source":"1377","target":"1621"},{"source":"1377","target":"1622"},{"source":"1377","target":"1623"},{"source":"1377","target":"1637"},{"source":"1377","target":"1639"},{"source":"1377","target":"1643"},{"source":"1377","target":"1646"},{"source":"1377","target":"1659"},{"source":"1377","target":"1662"},{"source":"1377","target":"1663"},{"source":"1377","target":"1669"},{"source":"1377","target":"1675"},{"source":"1377","target":"1683"},{"source":"1377","target":"1685"},{"source":"1377","target":"1688"},{"source":"1377","target":"1689"},{"source":"1377","target":"1707"},{"source":"1377","target":"1714"},{"source":"1377","target":"1717"},{"source":"1377","target":"1721"},{"source":"1377","target":"1723"},{"source":"1377","target":"1730"},{"source":"1377","target":"1741"},{"source":"1377","target":"1746"},{"source":"1377","target":"1750"},{"source":"1377","target":"1753"},{"source":"1377","target":"1757"},{"source":"1377","target":"1761"},{"source":"1377","target":"1765"},{"source":"1377","target":"1768"},{"source":"1377","target":"1782"},{"source":"1377","target":"1791"},{"source":"1377","target":"1793"},{"source":"1377","target":"1799"},{"source":"1377","target":"1800"},{"source":"1377","target":"1804"},{"source":"1377","target":"1811"},{"source":"1377","target":"1813"},{"source":"1377","target":"1816"},{"source":"1377","target":"1823"},{"source":"1377","target":"1827"},{"source":"1377","target":"1833"},{"source":"1377","target":"1835"},{"source":"1377","target":"1839"},{"source":"1377","target":"1842"},{"source":"1377","target":"1843"},{"source":"1377","target":"1851"},{"source":"1377","target":"1861"},{"source":"1377","target":"1864"},{"source":"1377","target":"1867"},{"source":"1377","target":"1868"},{"source":"1377","target":"1879"},{"source":"1377","target":"1881"},{"source":"1377","target":"1885"},{"source":"1377","target":"1886"},{"source":"1377","target":"1888"},{"source":"1377","target":"1891"},{"source":"1377","target":"1898"},{"source":"1377","target":"1902"},{"source":"1378","target":"1452"},{"source":"1378","target":"1468"},{"source":"1378","target":"1493"},{"source":"1378","target":"1533"},{"source":"1378","target":"1548"},{"source":"1378","target":"1568"},{"source":"1378","target":"1601"},{"source":"1378","target":"1629"},{"source":"1378","target":"1648"},{"source":"1378","target":"1733"},{"source":"1378","target":"1787"},{"source":"1378","target":"1798"},{"source":"1378","target":"1837"},{"source":"1378","target":"1880"},{"source":"1378","target":"1892"},{"source":"1378","target":"1895"},{"source":"1379","target":"1404"},{"source":"1379","target":"1423"},{"source":"1379","target":"1426"},{"source":"1379","target":"1438"},{"source":"1379","target":"1448"},{"source":"1379","target":"1459"},{"source":"1379","target":"1462"},{"source":"1379","target":"1475"},{"source":"1379","target":"1479"},{"source":"1379","target":"1573"},{"source":"1379","target":"1576"},{"source":"1379","target":"1583"},{"source":"1379","target":"1591"},{"source":"1379","target":"1596"},{"source":"1379","target":"1611"},{"source":"1379","target":"1628"},{"source":"1379","target":"1636"},{"source":"1379","target":"1655"},{"source":"1379","target":"1682"},{"source":"1379","target":"1691"},{"source":"1379","target":"1716"},{"source":"1379","target":"1786"},{"source":"1379","target":"1857"},{"source":"1379","target":"1862"},{"source":"1379","target":"1872"},{"source":"1379","target":"1899"},{"source":"1379","target":"1903"},{"source":"1380","target":"1388"},{"source":"1380","target":"1390"},{"source":"1380","target":"1391"},{"source":"1380","target":"1399"},{"source":"1380","target":"1402"},{"source":"1380","target":"1420"},{"source":"1380","target":"1431"},{"source":"1380","target":"1447"},{"source":"1380","target":"1456"},{"source":"1380","target":"1457"},{"source":"1380","target":"1488"},{"source":"1380","target":"1516"},{"source":"1380","target":"1522"},{"source":"1380","target":"1523"},{"source":"1380","target":"1547"},{"source":"1380","target":"1554"},{"source":"1380","target":"1570"},{"source":"1380","target":"1584"},{"source":"1380","target":"1598"},{"source":"1380","target":"1600"},{"source":"1380","target":"1604"},{"source":"1380","target":"1605"},{"source":"1380","target":"1610"},{"source":"1380","target":"1619"},{"source":"1380","target":"1621"},{"source":"1380","target":"1622"},{"source":"1380","target":"1623"},{"source":"1380","target":"1662"},{"source":"1380","target":"1665"},{"source":"1380","target":"1685"},{"source":"1380","target":"1689"},{"source":"1380","target":"1707"},{"source":"1380","target":"1712"},{"source":"1380","target":"1714"},{"source":"1380","target":"1730"},{"source":"1380","target":"1741"},{"source":"1380","target":"1746"},{"source":"1380","target":"1789"},{"source":"1380","target":"1800"},{"source":"1380","target":"1809"},{"source":"1380","target":"1816"},{"source":"1380","target":"1826"},{"source":"1380","target":"1832"},{"source":"1380","target":"1839"},{"source":"1380","target":"1868"},{"source":"1380","target":"1879"},{"source":"1380","target":"1888"},{"source":"1380","target":"1898"},{"source":"1381","target":"1459"},{"source":"1381","target":"1475"},{"source":"1381","target":"1573"},{"source":"1381","target":"1583"},{"source":"1381","target":"1591"},{"source":"1381","target":"1628"},{"source":"1381","target":"1635"},{"source":"1381","target":"1636"},{"source":"1381","target":"1720"},{"source":"1381","target":"1857"},{"source":"1381","target":"1899"},{"source":"1382","target":"1396"},{"source":"1382","target":"1454"},{"source":"1382","target":"1495"},{"source":"1382","target":"1508"},{"source":"1382","target":"1582"},{"source":"1382","target":"1583"},{"source":"1382","target":"1661"},{"source":"1382","target":"1729"},{"source":"1382","target":"1742"},{"source":"1382","target":"1751"},{"source":"1382","target":"1783"},{"source":"1382","target":"1786"},{"source":"1382","target":"1812"},{"source":"1382","target":"1820"},{"source":"1382","target":"1871"},{"source":"1382","target":"1893"},{"source":"1382","target":"1894"},{"source":"1383","target":"1594"},{"source":"1383","target":"1909"},{"source":"1384","target":"1505"},{"source":"1384","target":"1758"},{"source":"1384","target":"1774"},{"source":"1384","target":"1788"},{"source":"1385","target":"1496"},{"source":"1385","target":"1529"},{"source":"1385","target":"1531"},{"source":"1385","target":"1545"},{"source":"1385","target":"1574"},{"source":"1385","target":"1688"},{"source":"1385","target":"1770"},{"source":"1385","target":"1778"},{"source":"1385","target":"1831"},{"source":"1385","target":"1910"},{"source":"1387","target":"1486"},{"source":"1387","target":"1549"},{"source":"1387","target":"1678"},{"source":"1387","target":"1726"},{"source":"1388","target":"1391"},{"source":"1388","target":"1393"},{"source":"1388","target":"1399"},{"source":"1388","target":"1402"},{"source":"1388","target":"1409"},{"source":"1388","target":"1447"},{"source":"1388","target":"1456"},{"source":"1388","target":"1470"},{"source":"1388","target":"1483"},{"source":"1388","target":"1520"},{"source":"1388","target":"1522"},{"source":"1388","target":"1535"},{"source":"1388","target":"1551"},{"source":"1388","target":"1571"},{"source":"1388","target":"1580"},{"source":"1388","target":"1589"},{"source":"1388","target":"1598"},{"source":"1388","target":"1604"},{"source":"1388","target":"1605"},{"source":"1388","target":"1609"},{"source":"1388","target":"1612"},{"source":"1388","target":"1613"},{"source":"1388","target":"1620"},{"source":"1388","target":"1622"},{"source":"1388","target":"1637"},{"source":"1388","target":"1662"},{"source":"1388","target":"1663"},{"source":"1388","target":"1665"},{"source":"1388","target":"1707"},{"source":"1388","target":"1714"},{"source":"1388","target":"1722"},{"source":"1388","target":"1730"},{"source":"1388","target":"1736"},{"source":"1388","target":"1741"},{"source":"1388","target":"1754"},{"source":"1388","target":"1768"},{"source":"1388","target":"1772"},{"source":"1388","target":"1793"},{"source":"1388","target":"1809"},{"source":"1388","target":"1813"},{"source":"1388","target":"1835"},{"source":"1388","target":"1842"},{"source":"1388","target":"1845"},{"source":"1388","target":"1849"},{"source":"1388","target":"1864"},{"source":"1388","target":"1868"},{"source":"1388","target":"1888"},{"source":"1388","target":"1898"},{"source":"1388","target":"1902"},{"source":"1389","target":"1391"},{"source":"1389","target":"1431"},{"source":"1389","target":"1447"},{"source":"1389","target":"1467"},{"source":"1389","target":"1470"},{"source":"1389","target":"1535"},{"source":"1389","target":"1551"},{"source":"1389","target":"1559"},{"source":"1389","target":"1570"},{"source":"1389","target":"1584"},{"source":"1389","target":"1604"},{"source":"1389","target":"1609"},{"source":"1389","target":"1610"},{"source":"1389","target":"1621"},{"source":"1389","target":"1637"},{"source":"1389","target":"1663"},{"source":"1389","target":"1669"},{"source":"1389","target":"1675"},{"source":"1389","target":"1730"},{"source":"1389","target":"1761"},{"source":"1389","target":"1768"},{"source":"1389","target":"1804"},{"source":"1389","target":"1811"},{"source":"1389","target":"1813"},{"source":"1389","target":"1843"},{"source":"1389","target":"1888"},{"source":"1389","target":"1898"},{"source":"1390","target":"1391"},{"source":"1390","target":"1399"},{"source":"1390","target":"1402"},{"source":"1390","target":"1416"},{"source":"1390","target":"1420"},{"source":"1390","target":"1431"},{"source":"1390","target":"1435"},{"source":"1390","target":"1447"},{"source":"1390","target":"1456"},{"source":"1390","target":"1457"},{"source":"1390","target":"1467"},{"source":"1390","target":"1471"},{"source":"1390","target":"1480"},{"source":"1390","target":"1485"},{"source":"1390","target":"1488"},{"source":"1390","target":"1491"},{"source":"1390","target":"1509"},{"source":"1390","target":"1516"},{"source":"1390","target":"1520"},{"source":"1390","target":"1522"},{"source":"1390","target":"1523"},{"source":"1390","target":"1524"},{"source":"1390","target":"1530"},{"source":"1390","target":"1539"},{"source":"1390","target":"1540"},{"source":"1390","target":"1551"},{"source":"1390","target":"1554"},{"source":"1390","target":"1557"},{"source":"1390","target":"1570"},{"source":"1390","target":"1572"},{"source":"1390","target":"1580"},{"source":"1390","target":"1584"},{"source":"1390","target":"1589"},{"source":"1390","target":"1597"},{"source":"1390","target":"1598"},{"source":"1390","target":"1600"},{"source":"1390","target":"1603"},{"source":"1390","target":"1604"},{"source":"1390","target":"1608"},{"source":"1390","target":"1610"},{"source":"1390","target":"1612"},{"source":"1390","target":"1613"},{"source":"1390","target":"1617"},{"source":"1390","target":"1618"},{"source":"1390","target":"1619"},{"source":"1390","target":"1620"},{"source":"1390","target":"1621"},{"source":"1390","target":"1622"},{"source":"1390","target":"1623"},{"source":"1390","target":"1632"},{"source":"1390","target":"1643"},{"source":"1390","target":"1644"},{"source":"1390","target":"1652"},{"source":"1390","target":"1653"},{"source":"1390","target":"1659"},{"source":"1390","target":"1662"},{"source":"1390","target":"1663"},{"source":"1390","target":"1665"},{"source":"1390","target":"1668"},{"source":"1390","target":"1683"},{"source":"1390","target":"1689"},{"source":"1390","target":"1707"},{"source":"1390","target":"1712"},{"source":"1390","target":"1714"},{"source":"1390","target":"1717"},{"source":"1390","target":"1721"},{"source":"1390","target":"1724"},{"source":"1390","target":"1730"},{"source":"1390","target":"1735"},{"source":"1390","target":"1736"},{"source":"1390","target":"1737"},{"source":"1390","target":"1741"},{"source":"1390","target":"1746"},{"source":"1390","target":"1750"},{"source":"1390","target":"1752"},{"source":"1390","target":"1757"},{"source":"1390","target":"1768"},{"source":"1390","target":"1771"},{"source":"1390","target":"1789"},{"source":"1390","target":"1791"},{"source":"1390","target":"1793"},{"source":"1390","target":"1795"},{"source":"1390","target":"1796"},{"source":"1390","target":"1799"},{"source":"1390","target":"1800"},{"source":"1390","target":"1804"},{"source":"1390","target":"1809"},{"source":"1390","target":"1811"},{"source":"1390","target":"1816"},{"source":"1390","target":"1819"},{"source":"1390","target":"1823"},{"source":"1390","target":"1827"},{"source":"1390","target":"1833"},{"source":"1390","target":"1835"},{"source":"1390","target":"1839"},{"source":"1390","target":"1842"},{"source":"1390","target":"1843"},{"source":"1390","target":"1849"},{"source":"1390","target":"1867"},{"source":"1390","target":"1868"},{"source":"1390","target":"1877"},{"source":"1390","target":"1879"},{"source":"1390","target":"1886"},{"source":"1390","target":"1888"},{"source":"1390","target":"1902"},{"source":"1391","target":"1399"},{"source":"1391","target":"1402"},{"source":"1391","target":"1409"},{"source":"1391","target":"1420"},{"source":"1391","target":"1431"},{"source":"1391","target":"1447"},{"source":"1391","target":"1449"},{"source":"1391","target":"1457"},{"source":"1391","target":"1467"},{"source":"1391","target":"1470"},{"source":"1391","target":"1488"},{"source":"1391","target":"1491"},{"source":"1391","target":"1509"},{"source":"1391","target":"1516"},{"source":"1391","target":"1520"},{"source":"1391","target":"1522"},{"source":"1391","target":"1530"},{"source":"1391","target":"1535"},{"source":"1391","target":"1539"},{"source":"1391","target":"1540"},{"source":"1391","target":"1547"},{"source":"1391","target":"1551"},{"source":"1391","target":"1554"},{"source":"1391","target":"1557"},{"source":"1391","target":"1559"},{"source":"1391","target":"1570"},{"source":"1391","target":"1584"},{"source":"1391","target":"1589"},{"source":"1391","target":"1594"},{"source":"1391","target":"1597"},{"source":"1391","target":"1598"},{"source":"1391","target":"1600"},{"source":"1391","target":"1603"},{"source":"1391","target":"1604"},{"source":"1391","target":"1608"},{"source":"1391","target":"1612"},{"source":"1391","target":"1613"},{"source":"1391","target":"1614"},{"source":"1391","target":"1621"},{"source":"1391","target":"1622"},{"source":"1391","target":"1632"},{"source":"1391","target":"1639"},{"source":"1391","target":"1662"},{"source":"1391","target":"1663"},{"source":"1391","target":"1665"},{"source":"1391","target":"1668"},{"source":"1391","target":"1669"},{"source":"1391","target":"1675"},{"source":"1391","target":"1683"},{"source":"1391","target":"1685"},{"source":"1391","target":"1689"},{"source":"1391","target":"1707"},{"source":"1391","target":"1712"},{"source":"1391","target":"1714"},{"source":"1391","target":"1717"},{"source":"1391","target":"1730"},{"source":"1391","target":"1735"},{"source":"1391","target":"1736"},{"source":"1391","target":"1746"},{"source":"1391","target":"1750"},{"source":"1391","target":"1754"},{"source":"1391","target":"1761"},{"source":"1391","target":"1768"},{"source":"1391","target":"1782"},{"source":"1391","target":"1789"},{"source":"1391","target":"1791"},{"source":"1391","target":"1793"},{"source":"1391","target":"1795"},{"source":"1391","target":"1799"},{"source":"1391","target":"1800"},{"source":"1391","target":"1809"},{"source":"1391","target":"1810"},{"source":"1391","target":"1813"},{"source":"1391","target":"1816"},{"source":"1391","target":"1823"},{"source":"1391","target":"1826"},{"source":"1391","target":"1827"},{"source":"1391","target":"1832"},{"source":"1391","target":"1833"},{"source":"1391","target":"1835"},{"source":"1391","target":"1839"},{"source":"1391","target":"1843"},{"source":"1391","target":"1845"},{"source":"1391","target":"1849"},{"source":"1391","target":"1867"},{"source":"1391","target":"1868"},{"source":"1391","target":"1877"},{"source":"1391","target":"1886"},{"source":"1391","target":"1888"},{"source":"1391","target":"1898"},{"source":"1392","target":"1413"},{"source":"1392","target":"1426"},{"source":"1392","target":"1432"},{"source":"1392","target":"1459"},{"source":"1392","target":"1462"},{"source":"1392","target":"1475"},{"source":"1392","target":"1479"},{"source":"1392","target":"1583"},{"source":"1392","target":"1611"},{"source":"1392","target":"1628"},{"source":"1392","target":"1636"},{"source":"1392","target":"1655"},{"source":"1392","target":"1716"},{"source":"1392","target":"1720"},{"source":"1392","target":"1857"},{"source":"1392","target":"1871"},{"source":"1392","target":"1894"},{"source":"1392","target":"1899"},{"source":"1393","target":"1407"},{"source":"1393","target":"1409"},{"source":"1393","target":"1522"},{"source":"1393","target":"1528"},{"source":"1393","target":"1531"},{"source":"1393","target":"1535"},{"source":"1393","target":"1540"},{"source":"1393","target":"1551"},{"source":"1393","target":"1557"},{"source":"1393","target":"1609"},{"source":"1393","target":"1620"},{"source":"1393","target":"1688"},{"source":"1393","target":"1702"},{"source":"1393","target":"1707"},{"source":"1393","target":"1730"},{"source":"1393","target":"1753"},{"source":"1393","target":"1754"},{"source":"1393","target":"1768"},{"source":"1393","target":"1793"},{"source":"1393","target":"1813"},{"source":"1393","target":"1835"},{"source":"1393","target":"1842"},{"source":"1393","target":"1845"},{"source":"1393","target":"1864"},{"source":"1393","target":"1879"},{"source":"1393","target":"1902"},{"source":"1395","target":"1909"},{"source":"1396","target":"1451"},{"source":"1396","target":"1454"},{"source":"1396","target":"1495"},{"source":"1396","target":"1508"},{"source":"1396","target":"1515"},{"source":"1396","target":"1582"},{"source":"1396","target":"1595"},{"source":"1396","target":"1638"},{"source":"1396","target":"1661"},{"source":"1396","target":"1729"},{"source":"1396","target":"1732"},{"source":"1396","target":"1742"},{"source":"1396","target":"1751"},{"source":"1396","target":"1783"},{"source":"1396","target":"1786"},{"source":"1396","target":"1812"},{"source":"1396","target":"1820"},{"source":"1396","target":"1824"},{"source":"1396","target":"1828"},{"source":"1396","target":"1848"},{"source":"1396","target":"1871"},{"source":"1396","target":"1893"},{"source":"1396","target":"1894"},{"source":"1397","target":"1409"},{"source":"1397","target":"1487"},{"source":"1397","target":"1536"},{"source":"1397","target":"1673"},{"source":"1397","target":"1844"},{"source":"1397","target":"1882"},{"source":"1398","target":"1399"},{"source":"1398","target":"1437"},{"source":"1398","target":"1449"},{"source":"1398","target":"1458"},{"source":"1398","target":"1467"},{"source":"1398","target":"1471"},{"source":"1398","target":"1480"},{"source":"1398","target":"1488"},{"source":"1398","target":"1513"},{"source":"1398","target":"1538"},{"source":"1398","target":"1612"},{"source":"1398","target":"1668"},{"source":"1398","target":"1712"},{"source":"1398","target":"1799"},{"source":"1398","target":"1804"},{"source":"1398","target":"1827"},{"source":"1398","target":"1833"},{"source":"1398","target":"1845"},{"source":"1398","target":"1851"},{"source":"1398","target":"1863"},{"source":"1398","target":"1888"},{"source":"1399","target":"1402"},{"source":"1399","target":"1416"},{"source":"1399","target":"1420"},{"source":"1399","target":"1431"},{"source":"1399","target":"1437"},{"source":"1399","target":"1447"},{"source":"1399","target":"1456"},{"source":"1399","target":"1457"},{"source":"1399","target":"1467"},{"source":"1399","target":"1471"},{"source":"1399","target":"1473"},{"source":"1399","target":"1488"},{"source":"1399","target":"1491"},{"source":"1399","target":"1501"},{"source":"1399","target":"1509"},{"source":"1399","target":"1516"},{"source":"1399","target":"1517"},{"source":"1399","target":"1522"},{"source":"1399","target":"1530"},{"source":"1399","target":"1532"},{"source":"1399","target":"1535"},{"source":"1399","target":"1547"},{"source":"1399","target":"1551"},{"source":"1399","target":"1554"},{"source":"1399","target":"1556"},{"source":"1399","target":"1557"},{"source":"1399","target":"1559"},{"source":"1399","target":"1563"},{"source":"1399","target":"1584"},{"source":"1399","target":"1589"},{"source":"1399","target":"1597"},{"source":"1399","target":"1603"},{"source":"1399","target":"1604"},{"source":"1399","target":"1605"},{"source":"1399","target":"1610"},{"source":"1399","target":"1612"},{"source":"1399","target":"1617"},{"source":"1399","target":"1619"},{"source":"1399","target":"1621"},{"source":"1399","target":"1622"},{"source":"1399","target":"1623"},{"source":"1399","target":"1659"},{"source":"1399","target":"1662"},{"source":"1399","target":"1663"},{"source":"1399","target":"1665"},{"source":"1399","target":"1668"},{"source":"1399","target":"1669"},{"source":"1399","target":"1683"},{"source":"1399","target":"1689"},{"source":"1399","target":"1702"},{"source":"1399","target":"1707"},{"source":"1399","target":"1712"},{"source":"1399","target":"1714"},{"source":"1399","target":"1721"},{"source":"1399","target":"1730"},{"source":"1399","target":"1736"},{"source":"1399","target":"1737"},{"source":"1399","target":"1741"},{"source":"1399","target":"1746"},{"source":"1399","target":"1750"},{"source":"1399","target":"1752"},{"source":"1399","target":"1757"},{"source":"1399","target":"1761"},{"source":"1399","target":"1768"},{"source":"1399","target":"1791"},{"source":"1399","target":"1793"},{"source":"1399","target":"1799"},{"source":"1399","target":"1800"},{"source":"1399","target":"1804"},{"source":"1399","target":"1809"},{"source":"1399","target":"1810"},{"source":"1399","target":"1813"},{"source":"1399","target":"1816"},{"source":"1399","target":"1821"},{"source":"1399","target":"1823"},{"source":"1399","target":"1826"},{"source":"1399","target":"1827"},{"source":"1399","target":"1833"},{"source":"1399","target":"1835"},{"source":"1399","target":"1839"},{"source":"1399","target":"1845"},{"source":"1399","target":"1849"},{"source":"1399","target":"1864"},{"source":"1399","target":"1867"},{"source":"1399","target":"1868"},{"source":"1399","target":"1879"},{"source":"1399","target":"1888"},{"source":"1399","target":"1898"},{"source":"1399","target":"1902"},{"source":"1400","target":"1487"},{"source":"1400","target":"1512"},{"source":"1400","target":"1545"},{"source":"1400","target":"1616"},{"source":"1400","target":"1645"},{"source":"1400","target":"1692"},{"source":"1400","target":"1767"},{"source":"1401","target":"1516"},{"source":"1401","target":"1603"},{"source":"1401","target":"1823"},{"source":"1401","target":"1833"},{"source":"1401","target":"1839"},{"source":"1401","target":"1888"},{"source":"1402","target":"1431"},{"source":"1402","target":"1447"},{"source":"1402","target":"1456"},{"source":"1402","target":"1483"},{"source":"1402","target":"1488"},{"source":"1402","target":"1542"},{"source":"1402","target":"1559"},{"source":"1402","target":"1571"},{"source":"1402","target":"1580"},{"source":"1402","target":"1598"},{"source":"1402","target":"1604"},{"source":"1402","target":"1605"},{"source":"1402","target":"1609"},{"source":"1402","target":"1610"},{"source":"1402","target":"1613"},{"source":"1402","target":"1617"},{"source":"1402","target":"1619"},{"source":"1402","target":"1622"},{"source":"1402","target":"1663"},{"source":"1402","target":"1665"},{"source":"1402","target":"1707"},{"source":"1402","target":"1714"},{"source":"1402","target":"1722"},{"source":"1402","target":"1746"},{"source":"1402","target":"1757"},{"source":"1402","target":"1768"},{"source":"1402","target":"1772"},{"source":"1402","target":"1791"},{"source":"1402","target":"1800"},{"source":"1402","target":"1809"},{"source":"1402","target":"1816"},{"source":"1402","target":"1823"},{"source":"1402","target":"1826"},{"source":"1402","target":"1827"},{"source":"1402","target":"1833"},{"source":"1402","target":"1839"},{"source":"1402","target":"1868"},{"source":"1402","target":"1888"},{"source":"1402","target":"1898"},{"source":"1402","target":"1900"},{"source":"1403","target":"1499"},{"source":"1403","target":"1889"},{"source":"1404","target":"1426"},{"source":"1404","target":"1448"},{"source":"1404","target":"1459"},{"source":"1404","target":"1462"},{"source":"1404","target":"1475"},{"source":"1404","target":"1479"},{"source":"1404","target":"1573"},{"source":"1404","target":"1576"},{"source":"1404","target":"1578"},{"source":"1404","target":"1583"},{"source":"1404","target":"1596"},{"source":"1404","target":"1611"},{"source":"1404","target":"1628"},{"source":"1404","target":"1636"},{"source":"1404","target":"1661"},{"source":"1404","target":"1691"},{"source":"1404","target":"1716"},{"source":"1404","target":"1720"},{"source":"1404","target":"1857"},{"source":"1404","target":"1899"},{"source":"1405","target":"1467"},{"source":"1405","target":"1485"},{"source":"1405","target":"1509"},{"source":"1405","target":"1513"},{"source":"1405","target":"1544"},{"source":"1405","target":"1590"},{"source":"1405","target":"1612"},{"source":"1405","target":"1614"},{"source":"1405","target":"1622"},{"source":"1405","target":"1637"},{"source":"1405","target":"1639"},{"source":"1405","target":"1684"},{"source":"1405","target":"1765"},{"source":"1405","target":"1779"},{"source":"1405","target":"1835"},{"source":"1405","target":"1846"},{"source":"1405","target":"1851"},{"source":"1405","target":"1860"},{"source":"1405","target":"1883"},{"source":"1405","target":"2724"},{"source":"1405","target":"2752"},{"source":"1405","target":"2775"},{"source":"1405","target":"2869"},{"source":"1405","target":"2892"},{"source":"1405","target":"2962"},{"source":"1405","target":"3001"},{"source":"1405","target":"3019"},{"source":"1405","target":"3100"},{"source":"1405","target":"3162"},{"source":"1405","target":"3168"},{"source":"1405","target":"3233"},{"source":"1405","target":"3295"},{"source":"1405","target":"3304"},{"source":"1405","target":"3331"},{"source":"1405","target":"3366"},{"source":"1405","target":"3404"},{"source":"1405","target":"3406"},{"source":"1405","target":"3412"},{"source":"1406","target":"1495"},{"source":"1406","target":"1502"},{"source":"1406","target":"1638"},{"source":"1406","target":"1704"},{"source":"1406","target":"1729"},{"source":"1406","target":"1732"},{"source":"1406","target":"1742"},{"source":"1406","target":"1751"},{"source":"1406","target":"1786"},{"source":"1406","target":"1820"},{"source":"1406","target":"1824"},{"source":"1406","target":"1871"},{"source":"1406","target":"1893"},{"source":"1406","target":"1894"},{"source":"1407","target":"1528"},{"source":"1407","target":"1551"},{"source":"1407","target":"1557"},{"source":"1407","target":"1566"},{"source":"1407","target":"1614"},{"source":"1407","target":"1620"},{"source":"1407","target":"1663"},{"source":"1407","target":"1685"},{"source":"1407","target":"1688"},{"source":"1407","target":"1730"},{"source":"1407","target":"1753"},{"source":"1407","target":"1754"},{"source":"1407","target":"1768"},{"source":"1407","target":"1864"},{"source":"1408","target":"1453"},{"source":"1408","target":"1549"},{"source":"1408","target":"1574"},{"source":"1408","target":"1575"},{"source":"1408","target":"1602"},{"source":"1408","target":"1673"},{"source":"1408","target":"1740"},{"source":"1408","target":"1807"},{"source":"1408","target":"1818"},{"source":"1408","target":"1844"},{"source":"1408","target":"1878"},{"source":"1408","target":"1882"},{"source":"1408","target":"1885"},{"source":"1408","target":"1897"},{"source":"1409","target":"1420"},{"source":"1409","target":"1431"},{"source":"1409","target":"1444"},{"source":"1409","target":"1447"},{"source":"1409","target":"1458"},{"source":"1409","target":"1470"},{"source":"1409","target":"1483"},{"source":"1409","target":"1488"},{"source":"1409","target":"1517"},{"source":"1409","target":"1527"},{"source":"1409","target":"1535"},{"source":"1409","target":"1542"},{"source":"1409","target":"1551"},{"source":"1409","target":"1553"},{"source":"1409","target":"1559"},{"source":"1409","target":"1563"},{"source":"1409","target":"1570"},{"source":"1409","target":"1571"},{"source":"1409","target":"1580"},{"source":"1409","target":"1584"},{"source":"1409","target":"1589"},{"source":"1409","target":"1598"},{"source":"1409","target":"1604"},{"source":"1409","target":"1605"},{"source":"1409","target":"1608"},{"source":"1409","target":"1613"},{"source":"1409","target":"1620"},{"source":"1409","target":"1621"},{"source":"1409","target":"1622"},{"source":"1409","target":"1632"},{"source":"1409","target":"1663"},{"source":"1409","target":"1665"},{"source":"1409","target":"1669"},{"source":"1409","target":"1685"},{"source":"1409","target":"1707"},{"source":"1409","target":"1712"},{"source":"1409","target":"1714"},{"source":"1409","target":"1722"},{"source":"1409","target":"1730"},{"source":"1409","target":"1734"},{"source":"1409","target":"1736"},{"source":"1409","target":"1746"},{"source":"1409","target":"1768"},{"source":"1409","target":"1782"},{"source":"1409","target":"1791"},{"source":"1409","target":"1800"},{"source":"1409","target":"1816"},{"source":"1409","target":"1827"},{"source":"1409","target":"1832"},{"source":"1409","target":"1835"},{"source":"1409","target":"1839"},{"source":"1409","target":"1842"},{"source":"1409","target":"1845"},{"source":"1409","target":"1861"},{"source":"1409","target":"1863"},{"source":"1409","target":"1864"},{"source":"1409","target":"1868"},{"source":"1409","target":"1898"},{"source":"1410","target":"1421"},{"source":"1410","target":"1433"},{"source":"1410","target":"1494"},{"source":"1410","target":"1555"},{"source":"1410","target":"1593"},{"source":"1410","target":"1676"},{"source":"1410","target":"1687"},{"source":"1410","target":"1705"},{"source":"1410","target":"1803"},{"source":"1410","target":"1825"},{"source":"1410","target":"1866"},{"source":"1411","target":"1450"},{"source":"1411","target":"1520"},{"source":"1411","target":"1523"},{"source":"1411","target":"1540"},{"source":"1411","target":"1554"},{"source":"1411","target":"1589"},{"source":"1411","target":"1618"},{"source":"1411","target":"1891"},{"source":"1412","target":"1429"},{"source":"1412","target":"1500"},{"source":"1412","target":"1502"},{"source":"1412","target":"1549"},{"source":"1412","target":"1633"},{"source":"1412","target":"1686"},{"source":"1412","target":"1745"},{"source":"1412","target":"1781"},{"source":"1412","target":"1830"},{"source":"1413","target":"1423"},{"source":"1413","target":"1432"},{"source":"1413","target":"1462"},{"source":"1413","target":"1475"},{"source":"1413","target":"1479"},{"source":"1413","target":"1495"},{"source":"1413","target":"1550"},{"source":"1413","target":"1573"},{"source":"1413","target":"1576"},{"source":"1413","target":"1578"},{"source":"1413","target":"1583"},{"source":"1413","target":"1591"},{"source":"1413","target":"1592"},{"source":"1413","target":"1596"},{"source":"1413","target":"1611"},{"source":"1413","target":"1628"},{"source":"1413","target":"1636"},{"source":"1413","target":"1647"},{"source":"1413","target":"1655"},{"source":"1413","target":"1680"},{"source":"1413","target":"1682"},{"source":"1413","target":"1691"},{"source":"1413","target":"1715"},{"source":"1413","target":"1716"},{"source":"1413","target":"1728"},{"source":"1413","target":"1732"},{"source":"1413","target":"1783"},{"source":"1413","target":"1790"},{"source":"1413","target":"1841"},{"source":"1413","target":"1859"},{"source":"1413","target":"1875"},{"source":"1414","target":"1573"},{"source":"1414","target":"1716"},{"source":"1414","target":"1862"},{"source":"1414","target":"1872"},{"source":"1415","target":"1469"},{"source":"1415","target":"1472"},{"source":"1415","target":"1482"},{"source":"1415","target":"1496"},{"source":"1415","target":"1507"},{"source":"1415","target":"1541"},{"source":"1415","target":"1624"},{"source":"1415","target":"1630"},{"source":"1415","target":"1667"},{"source":"1415","target":"1672"},{"source":"1415","target":"1709"},{"source":"1415","target":"1725"},{"source":"1415","target":"1739"},{"source":"1415","target":"1770"},{"source":"1415","target":"1783"},{"source":"1415","target":"1906"},{"source":"1416","target":"1431"},{"source":"1416","target":"1456"},{"source":"1416","target":"1467"},{"source":"1416","target":"1471"},{"source":"1416","target":"1480"},{"source":"1416","target":"1491"},{"source":"1416","target":"1509"},{"source":"1416","target":"1516"},{"source":"1416","target":"1524"},{"source":"1416","target":"1528"},{"source":"1416","target":"1530"},{"source":"1416","target":"1532"},{"source":"1416","target":"1538"},{"source":"1416","target":"1539"},{"source":"1416","target":"1554"},{"source":"1416","target":"1557"},{"source":"1416","target":"1572"},{"source":"1416","target":"1584"},{"source":"1416","target":"1589"},{"source":"1416","target":"1597"},{"source":"1416","target":"1600"},{"source":"1416","target":"1610"},{"source":"1416","target":"1612"},{"source":"1416","target":"1613"},{"source":"1416","target":"1620"},{"source":"1416","target":"1622"},{"source":"1416","target":"1623"},{"source":"1416","target":"1644"},{"source":"1416","target":"1652"},{"source":"1416","target":"1653"},{"source":"1416","target":"1659"},{"source":"1416","target":"1663"},{"source":"1416","target":"1683"},{"source":"1416","target":"1688"},{"source":"1416","target":"1707"},{"source":"1416","target":"1714"},{"source":"1416","target":"1717"},{"source":"1416","target":"1721"},{"source":"1416","target":"1724"},{"source":"1416","target":"1730"},{"source":"1416","target":"1735"},{"source":"1416","target":"1736"},{"source":"1416","target":"1746"},{"source":"1416","target":"1750"},{"source":"1416","target":"1752"},{"source":"1416","target":"1768"},{"source":"1416","target":"1771"},{"source":"1416","target":"1789"},{"source":"1416","target":"1791"},{"source":"1416","target":"1795"},{"source":"1416","target":"1796"},{"source":"1416","target":"1799"},{"source":"1416","target":"1800"},{"source":"1416","target":"1804"},{"source":"1416","target":"1810"},{"source":"1416","target":"1827"},{"source":"1416","target":"1833"},{"source":"1416","target":"1835"},{"source":"1416","target":"1839"},{"source":"1416","target":"1877"},{"source":"1416","target":"1879"},{"source":"1416","target":"1886"},{"source":"1416","target":"1888"},{"source":"1417","target":"1621"},{"source":"1417","target":"1899"},{"source":"1418","target":"1472"},{"source":"1418","target":"1504"},{"source":"1418","target":"1525"},{"source":"1418","target":"1569"},{"source":"1418","target":"1650"},{"source":"1418","target":"1709"},{"source":"1418","target":"1727"},{"source":"1418","target":"1830"},{"source":"1418","target":"1904"},{"source":"1419","target":"1437"},{"source":"1419","target":"1440"},{"source":"1419","target":"1594"},{"source":"1419","target":"1674"},{"source":"1419","target":"1684"},{"source":"1419","target":"1702"},{"source":"1419","target":"1758"},{"source":"1419","target":"1780"},{"source":"1419","target":"1843"},{"source":"1419","target":"1858"},{"source":"1419","target":"1883"},{"source":"1419","target":"1909"},{"source":"1419","target":"1911"},{"source":"1419","target":"2813"},{"source":"1419","target":"2971"},{"source":"1419","target":"3034"},{"source":"1419","target":"3178"},{"source":"1419","target":"3410"},{"source":"1419","target":"3420"},{"source":"1420","target":"1422"},{"source":"1420","target":"1431"},{"source":"1420","target":"1456"},{"source":"1420","target":"1467"},{"source":"1420","target":"1483"},{"source":"1420","target":"1485"},{"source":"1420","target":"1491"},{"source":"1420","target":"1509"},{"source":"1420","target":"1513"},{"source":"1420","target":"1516"},{"source":"1420","target":"1520"},{"source":"1420","target":"1522"},{"source":"1420","target":"1523"},{"source":"1420","target":"1530"},{"source":"1420","target":"1538"},{"source":"1420","target":"1551"},{"source":"1420","target":"1554"},{"source":"1420","target":"1557"},{"source":"1420","target":"1559"},{"source":"1420","target":"1563"},{"source":"1420","target":"1570"},{"source":"1420","target":"1571"},{"source":"1420","target":"1580"},{"source":"1420","target":"1584"},{"source":"1420","target":"1589"},{"source":"1420","target":"1590"},{"source":"1420","target":"1597"},{"source":"1420","target":"1603"},{"source":"1420","target":"1612"},{"source":"1420","target":"1613"},{"source":"1420","target":"1614"},{"source":"1420","target":"1619"},{"source":"1420","target":"1621"},{"source":"1420","target":"1622"},{"source":"1420","target":"1632"},{"source":"1420","target":"1637"},{"source":"1420","target":"1659"},{"source":"1420","target":"1663"},{"source":"1420","target":"1665"},{"source":"1420","target":"1669"},{"source":"1420","target":"1675"},{"source":"1420","target":"1683"},{"source":"1420","target":"1689"},{"source":"1420","target":"1707"},{"source":"1420","target":"1714"},{"source":"1420","target":"1717"},{"source":"1420","target":"1721"},{"source":"1420","target":"1730"},{"source":"1420","target":"1735"},{"source":"1420","target":"1736"},{"source":"1420","target":"1746"},{"source":"1420","target":"1750"},{"source":"1420","target":"1752"},{"source":"1420","target":"1753"},{"source":"1420","target":"1761"},{"source":"1420","target":"1765"},{"source":"1420","target":"1768"},{"source":"1420","target":"1772"},{"source":"1420","target":"1782"},{"source":"1420","target":"1795"},{"source":"1420","target":"1796"},{"source":"1420","target":"1799"},{"source":"1420","target":"1800"},{"source":"1420","target":"1813"},{"source":"1420","target":"1819"},{"source":"1420","target":"1823"},{"source":"1420","target":"1827"},{"source":"1420","target":"1833"},{"source":"1420","target":"1835"},{"source":"1420","target":"1839"},{"source":"1420","target":"1846"},{"source":"1420","target":"1864"},{"source":"1420","target":"1867"},{"source":"1420","target":"1879"},{"source":"1420","target":"1886"},{"source":"1420","target":"1888"},{"source":"1420","target":"1891"},{"source":"1420","target":"1902"},{"source":"1421","target":"1433"},{"source":"1421","target":"1494"},{"source":"1421","target":"1555"},{"source":"1421","target":"1567"},{"source":"1421","target":"1615"},{"source":"1421","target":"1687"},{"source":"1421","target":"1705"},{"source":"1421","target":"1719"},{"source":"1421","target":"1803"},{"source":"1421","target":"1825"},{"source":"1421","target":"1866"},{"source":"1422","target":"1487"},{"source":"1422","target":"1692"},{"source":"1422","target":"1730"},{"source":"1422","target":"1808"},{"source":"1423","target":"1426"},{"source":"1423","target":"1438"},{"source":"1423","target":"1448"},{"source":"1423","target":"1459"},{"source":"1423","target":"1462"},{"source":"1423","target":"1479"},{"source":"1423","target":"1502"},{"source":"1423","target":"1515"},{"source":"1423","target":"1573"},{"source":"1423","target":"1576"},{"source":"1423","target":"1583"},{"source":"1423","target":"1591"},{"source":"1423","target":"1592"},{"source":"1423","target":"1628"},{"source":"1423","target":"1636"},{"source":"1423","target":"1647"},{"source":"1423","target":"1655"},{"source":"1423","target":"1691"},{"source":"1423","target":"1715"},{"source":"1423","target":"1720"},{"source":"1423","target":"1728"},{"source":"1423","target":"1824"},{"source":"1423","target":"1841"},{"source":"1423","target":"1871"},{"source":"1423","target":"1872"},{"source":"1423","target":"1873"},{"source":"1423","target":"1875"},{"source":"1423","target":"1884"},{"source":"1423","target":"1899"},{"source":"1423","target":"1903"},{"source":"1424","target":"1548"},{"source":"1424","target":"1601"},{"source":"1424","target":"1733"},{"source":"1424","target":"1747"},{"source":"1424","target":"1787"},{"source":"1424","target":"1798"},{"source":"1424","target":"1837"},{"source":"1424","target":"1880"},{"source":"1424","target":"1889"},{"source":"1424","target":"1895"},{"source":"1424","target":"1896"},{"source":"1425","target":"1478"},{"source":"1425","target":"1545"},{"source":"1425","target":"1549"},{"source":"1425","target":"1574"},{"source":"1425","target":"1625"},{"source":"1425","target":"1633"},{"source":"1425","target":"1671"},{"source":"1425","target":"1743"},{"source":"1425","target":"1773"},{"source":"1425","target":"1778"},{"source":"1425","target":"1801"},{"source":"1425","target":"1831"},{"source":"1425","target":"1844"},{"source":"1426","target":"1448"},{"source":"1426","target":"1459"},{"source":"1426","target":"1462"},{"source":"1426","target":"1475"},{"source":"1426","target":"1479"},{"source":"1426","target":"1515"},{"source":"1426","target":"1573"},{"source":"1426","target":"1578"},{"source":"1426","target":"1583"},{"source":"1426","target":"1587"},{"source":"1426","target":"1591"},{"source":"1426","target":"1596"},{"source":"1426","target":"1628"},{"source":"1426","target":"1636"},{"source":"1426","target":"1647"},{"source":"1426","target":"1655"},{"source":"1426","target":"1661"},{"source":"1426","target":"1680"},{"source":"1426","target":"1682"},{"source":"1426","target":"1691"},{"source":"1426","target":"1715"},{"source":"1426","target":"1720"},{"source":"1426","target":"1786"},{"source":"1426","target":"1790"},{"source":"1426","target":"1857"},{"source":"1426","target":"1859"},{"source":"1426","target":"1873"},{"source":"1426","target":"1884"},{"source":"1426","target":"1893"},{"source":"1426","target":"1899"},{"source":"1426","target":"1903"},{"source":"1427","target":"1429"},{"source":"1427","target":"1435"},{"source":"1427","target":"1446"},{"source":"1427","target":"1464"},{"source":"1427","target":"1473"},{"source":"1427","target":"1487"},{"source":"1427","target":"1515"},{"source":"1427","target":"1525"},{"source":"1427","target":"1526"},{"source":"1427","target":"1545"},{"source":"1427","target":"1549"},{"source":"1427","target":"1565"},{"source":"1427","target":"1584"},{"source":"1427","target":"1625"},{"source":"1427","target":"1645"},{"source":"1427","target":"1660"},{"source":"1427","target":"1661"},{"source":"1427","target":"1673"},{"source":"1427","target":"1695"},{"source":"1427","target":"1763"},{"source":"1427","target":"1766"},{"source":"1427","target":"1767"},{"source":"1427","target":"1773"},{"source":"1427","target":"1790"},{"source":"1427","target":"1794"},{"source":"1427","target":"1801"},{"source":"1427","target":"1807"},{"source":"1427","target":"1844"},{"source":"1427","target":"1853"},{"source":"1427","target":"1878"},{"source":"1427","target":"1881"},{"source":"1427","target":"1882"},{"source":"1427","target":"1893"},{"source":"1428","target":"1469"},{"source":"1428","target":"1472"},{"source":"1428","target":"1482"},{"source":"1428","target":"1541"},{"source":"1428","target":"1624"},{"source":"1428","target":"1703"},{"source":"1428","target":"1709"},{"source":"1428","target":"1756"},{"source":"1428","target":"1815"},{"source":"1428","target":"1831"},{"source":"1428","target":"1904"},{"source":"1429","target":"1464"},{"source":"1429","target":"1487"},{"source":"1429","target":"1489"},{"source":"1429","target":"1502"},{"source":"1429","target":"1503"},{"source":"1429","target":"1515"},{"source":"1429","target":"1526"},{"source":"1429","target":"1649"},{"source":"1429","target":"1661"},{"source":"1429","target":"1704"},{"source":"1429","target":"1706"},{"source":"1429","target":"1729"},{"source":"1429","target":"1786"},{"source":"1429","target":"1794"},{"source":"1429","target":"1828"},{"source":"1429","target":"1844"},{"source":"1429","target":"1850"},{"source":"1430","target":"1660"},{"source":"1431","target":"1434"},{"source":"1431","target":"1439"},{"source":"1431","target":"1441"},{"source":"1431","target":"1447"},{"source":"1431","target":"1449"},{"source":"1431","target":"1456"},{"source":"1431","target":"1457"},{"source":"1431","target":"1467"},{"source":"1431","target":"1470"},{"source":"1431","target":"1471"},{"source":"1431","target":"1480"},{"source":"1431","target":"1483"},{"source":"1431","target":"1488"},{"source":"1431","target":"1491"},{"source":"1431","target":"1509"},{"source":"1431","target":"1516"},{"source":"1431","target":"1520"},{"source":"1431","target":"1522"},{"source":"1431","target":"1530"},{"source":"1431","target":"1535"},{"source":"1431","target":"1538"},{"source":"1431","target":"1539"},{"source":"1431","target":"1542"},{"source":"1431","target":"1544"},{"source":"1431","target":"1547"},{"source":"1431","target":"1551"},{"source":"1431","target":"1554"},{"source":"1431","target":"1557"},{"source":"1431","target":"1559"},{"source":"1431","target":"1564"},{"source":"1431","target":"1570"},{"source":"1431","target":"1584"},{"source":"1431","target":"1585"},{"source":"1431","target":"1589"},{"source":"1431","target":"1590"},{"source":"1431","target":"1597"},{"source":"1431","target":"1598"},{"source":"1431","target":"1600"},{"source":"1431","target":"1603"},{"source":"1431","target":"1604"},{"source":"1431","target":"1605"},{"source":"1431","target":"1608"},{"source":"1431","target":"1610"},{"source":"1431","target":"1612"},{"source":"1431","target":"1613"},{"source":"1431","target":"1614"},{"source":"1431","target":"1619"},{"source":"1431","target":"1620"},{"source":"1431","target":"1621"},{"source":"1431","target":"1622"},{"source":"1431","target":"1623"},{"source":"1431","target":"1643"},{"source":"1431","target":"1662"},{"source":"1431","target":"1663"},{"source":"1431","target":"1665"},{"source":"1431","target":"1668"},{"source":"1431","target":"1669"},{"source":"1431","target":"1675"},{"source":"1431","target":"1683"},{"source":"1431","target":"1685"},{"source":"1431","target":"1689"},{"source":"1431","target":"1712"},{"source":"1431","target":"1714"},{"source":"1431","target":"1717"},{"source":"1431","target":"1721"},{"source":"1431","target":"1730"},{"source":"1431","target":"1734"},{"source":"1431","target":"1735"},{"source":"1431","target":"1736"},{"source":"1431","target":"1737"},{"source":"1431","target":"1741"},{"source":"1431","target":"1746"},{"source":"1431","target":"1750"},{"source":"1431","target":"1752"},{"source":"1431","target":"1757"},{"source":"1431","target":"1761"},{"source":"1431","target":"1768"},{"source":"1431","target":"1779"},{"source":"1431","target":"1782"},{"source":"1431","target":"1789"},{"source":"1431","target":"1791"},{"source":"1431","target":"1793"},{"source":"1431","target":"1796"},{"source":"1431","target":"1799"},{"source":"1431","target":"1800"},{"source":"1431","target":"1804"},{"source":"1431","target":"1809"},{"source":"1431","target":"1810"},{"source":"1431","target":"1813"},{"source":"1431","target":"1816"},{"source":"1431","target":"1819"},{"source":"1431","target":"1823"},{"source":"1431","target":"1826"},{"source":"1431","target":"1827"},{"source":"1431","target":"1832"},{"source":"1431","target":"1833"},{"source":"1431","target":"1835"},{"source":"1431","target":"1839"},{"source":"1431","target":"1842"},{"source":"1431","target":"1845"},{"source":"1431","target":"1849"},{"source":"1431","target":"1864"},{"source":"1431","target":"1867"},{"source":"1431","target":"1868"},{"source":"1431","target":"1877"},{"source":"1431","target":"1879"},{"source":"1431","target":"1886"},{"source":"1431","target":"1888"},{"source":"1431","target":"1898"},{"source":"1431","target":"1900"},{"source":"1431","target":"1902"},{"source":"1431","target":"1905"},{"source":"1432","target":"1438"},{"source":"1432","target":"1462"},{"source":"1432","target":"1479"},{"source":"1432","target":"1495"},{"source":"1432","target":"1573"},{"source":"1432","target":"1578"},{"source":"1432","target":"1583"},{"source":"1432","target":"1596"},{"source":"1432","target":"1611"},{"source":"1432","target":"1628"},{"source":"1432","target":"1635"},{"source":"1432","target":"1647"},{"source":"1432","target":"1661"},{"source":"1432","target":"1680"},{"source":"1432","target":"1715"},{"source":"1432","target":"1716"},{"source":"1432","target":"1824"},{"source":"1432","target":"1841"},{"source":"1432","target":"1857"},{"source":"1432","target":"1859"},{"source":"1432","target":"1862"},{"source":"1432","target":"1875"},{"source":"1432","target":"1899"},{"source":"1432","target":"1903"},{"source":"1433","target":"1494"},{"source":"1433","target":"1511"},{"source":"1433","target":"1567"},{"source":"1433","target":"1615"},{"source":"1433","target":"1687"},{"source":"1433","target":"1698"},{"source":"1433","target":"1705"},{"source":"1433","target":"1708"},{"source":"1433","target":"1806"},{"source":"1433","target":"1825"},{"source":"1433","target":"1866"},{"source":"1434","target":"1441"},{"source":"1434","target":"1460"},{"source":"1434","target":"1544"},{"source":"1434","target":"1564"},{"source":"1434","target":"1585"},{"source":"1434","target":"1590"},{"source":"1434","target":"1666"},{"source":"1434","target":"1779"},{"source":"1434","target":"1822"},{"source":"1434","target":"1846"},{"source":"1434","target":"1860"},{"source":"1435","target":"1444"},{"source":"1435","target":"1473"},{"source":"1435","target":"1492"},{"source":"1435","target":"1523"},{"source":"1435","target":"1525"},{"source":"1435","target":"1539"},{"source":"1435","target":"1540"},{"source":"1435","target":"1569"},{"source":"1435","target":"1584"},{"source":"1435","target":"1597"},{"source":"1435","target":"1600"},{"source":"1435","target":"1622"},{"source":"1435","target":"1630"},{"source":"1435","target":"1652"},{"source":"1435","target":"1683"},{"source":"1435","target":"1699"},{"source":"1435","target":"1717"},{"source":"1435","target":"1729"},{"source":"1435","target":"1746"},{"source":"1435","target":"1800"},{"source":"1435","target":"1807"},{"source":"1435","target":"1818"},{"source":"1435","target":"1819"},{"source":"1435","target":"1827"},{"source":"1435","target":"1867"},{"source":"1435","target":"1877"},{"source":"1435","target":"1894"},{"source":"1435","target":"1897"},{"source":"1436","target":"1444"},{"source":"1436","target":"1472"},{"source":"1436","target":"1575"},{"source":"1436","target":"1583"},{"source":"1436","target":"1620"},{"source":"1436","target":"1686"},{"source":"1436","target":"1699"},{"source":"1436","target":"1727"},{"source":"1436","target":"1794"},{"source":"1436","target":"1881"},{"source":"1437","target":"1440"},{"source":"1437","target":"1551"},{"source":"1437","target":"1594"},{"source":"1437","target":"1605"},{"source":"1437","target":"1626"},{"source":"1437","target":"1662"},{"source":"1437","target":"1663"},{"source":"1437","target":"1702"},{"source":"1437","target":"1707"},{"source":"1437","target":"1721"},{"source":"1437","target":"1730"},{"source":"1437","target":"1736"},{"source":"1437","target":"1741"},{"source":"1437","target":"1780"},{"source":"1437","target":"1793"},{"source":"1437","target":"1813"},{"source":"1437","target":"1816"},{"source":"1437","target":"1827"},{"source":"1437","target":"1839"},{"source":"1437","target":"1843"},{"source":"1437","target":"1845"},{"source":"1437","target":"1849"},{"source":"1437","target":"1858"},{"source":"1437","target":"1864"},{"source":"1437","target":"1902"},{"source":"1437","target":"1909"},{"source":"1437","target":"1911"},{"source":"1438","target":"1459"},{"source":"1438","target":"1462"},{"source":"1438","target":"1573"},{"source":"1438","target":"1583"},{"source":"1438","target":"1587"},{"source":"1438","target":"1592"},{"source":"1438","target":"1611"},{"source":"1438","target":"1628"},{"source":"1438","target":"1636"},{"source":"1438","target":"1859"},{"source":"1438","target":"1899"},{"source":"1439","target":"1471"},{"source":"1439","target":"1559"},{"source":"1439","target":"1589"},{"source":"1439","target":"1610"},{"source":"1439","target":"1613"},{"source":"1439","target":"1621"},{"source":"1439","target":"1623"},{"source":"1439","target":"1757"},{"source":"1439","target":"1804"},{"source":"1439","target":"1888"},{"source":"1440","target":"1523"},{"source":"1440","target":"1537"},{"source":"1440","target":"1590"},{"source":"1440","target":"1594"},{"source":"1440","target":"1626"},{"source":"1440","target":"1639"},{"source":"1440","target":"1702"},{"source":"1440","target":"1718"},{"source":"1440","target":"1780"},{"source":"1440","target":"1805"},{"source":"1440","target":"1817"},{"source":"1440","target":"1843"},{"source":"1440","target":"1852"},{"source":"1440","target":"1858"},{"source":"1440","target":"1863"},{"source":"1440","target":"1865"},{"source":"1440","target":"1883"},{"source":"1440","target":"1909"},{"source":"1440","target":"1911"},{"source":"1441","target":"1544"},{"source":"1441","target":"1564"},{"source":"1441","target":"1585"},{"source":"1441","target":"1666"},{"source":"1441","target":"1779"},{"source":"1441","target":"1822"},{"source":"1441","target":"1905"},{"source":"1442","target":"1471"},{"source":"1443","target":"1453"},{"source":"1443","target":"1531"},{"source":"1443","target":"1831"},{"source":"1443","target":"1910"},{"source":"1444","target":"1472"},{"source":"1444","target":"1500"},{"source":"1444","target":"1536"},{"source":"1444","target":"1540"},{"source":"1444","target":"1569"},{"source":"1444","target":"1620"},{"source":"1444","target":"1630"},{"source":"1444","target":"1699"},{"source":"1444","target":"1703"},{"source":"1444","target":"1713"},{"source":"1444","target":"1738"},{"source":"1444","target":"1783"},{"source":"1444","target":"1807"},{"source":"1444","target":"1876"},{"source":"1445","target":"1505"},{"source":"1445","target":"1687"},{"source":"1445","target":"1702"},{"source":"1445","target":"1806"},{"source":"1446","target":"1514"},{"source":"1446","target":"1549"},{"source":"1446","target":"1565"},{"source":"1446","target":"1574"},{"source":"1446","target":"1616"},{"source":"1446","target":"1645"},{"source":"1446","target":"1692"},{"source":"1446","target":"1694"},{"source":"1446","target":"1695"},{"source":"1446","target":"1744"},{"source":"1446","target":"1763"},{"source":"1446","target":"1766"},{"source":"1446","target":"1773"},{"source":"1446","target":"1778"},{"source":"1446","target":"1790"},{"source":"1446","target":"1882"},{"source":"1447","target":"1456"},{"source":"1447","target":"1457"},{"source":"1447","target":"1458"},{"source":"1447","target":"1463"},{"source":"1447","target":"1470"},{"source":"1447","target":"1471"},{"source":"1447","target":"1483"},{"source":"1447","target":"1488"},{"source":"1447","target":"1509"},{"source":"1447","target":"1517"},{"source":"1447","target":"1535"},{"source":"1447","target":"1542"},{"source":"1447","target":"1551"},{"source":"1447","target":"1559"},{"source":"1447","target":"1570"},{"source":"1447","target":"1571"},{"source":"1447","target":"1580"},{"source":"1447","target":"1584"},{"source":"1447","target":"1589"},{"source":"1447","target":"1597"},{"source":"1447","target":"1598"},{"source":"1447","target":"1604"},{"source":"1447","target":"1605"},{"source":"1447","target":"1608"},{"source":"1447","target":"1609"},{"source":"1447","target":"1610"},{"source":"1447","target":"1612"},{"source":"1447","target":"1613"},{"source":"1447","target":"1619"},{"source":"1447","target":"1622"},{"source":"1447","target":"1632"},{"source":"1447","target":"1637"},{"source":"1447","target":"1662"},{"source":"1447","target":"1663"},{"source":"1447","target":"1665"},{"source":"1447","target":"1669"},{"source":"1447","target":"1675"},{"source":"1447","target":"1685"},{"source":"1447","target":"1702"},{"source":"1447","target":"1707"},{"source":"1447","target":"1712"},{"source":"1447","target":"1714"},{"source":"1447","target":"1717"},{"source":"1447","target":"1721"},{"source":"1447","target":"1722"},{"source":"1447","target":"1723"},{"source":"1447","target":"1730"},{"source":"1447","target":"1741"},{"source":"1447","target":"1746"},{"source":"1447","target":"1761"},{"source":"1447","target":"1768"},{"source":"1447","target":"1772"},{"source":"1447","target":"1793"},{"source":"1447","target":"1800"},{"source":"1447","target":"1804"},{"source":"1447","target":"1809"},{"source":"1447","target":"1811"},{"source":"1447","target":"1813"},{"source":"1447","target":"1816"},{"source":"1447","target":"1826"},{"source":"1447","target":"1827"},{"source":"1447","target":"1835"},{"source":"1447","target":"1839"},{"source":"1447","target":"1842"},{"source":"1447","target":"1843"},{"source":"1447","target":"1849"},{"source":"1447","target":"1861"},{"source":"1447","target":"1863"},{"source":"1447","target":"1868"},{"source":"1447","target":"1879"},{"source":"1447","target":"1888"},{"source":"1447","target":"1898"},{"source":"1447","target":"1902"},{"source":"1448","target":"1459"},{"source":"1448","target":"1462"},{"source":"1448","target":"1472"},{"source":"1448","target":"1475"},{"source":"1448","target":"1479"},{"source":"1448","target":"1573"},{"source":"1448","target":"1576"},{"source":"1448","target":"1591"},{"source":"1448","target":"1596"},{"source":"1448","target":"1611"},{"source":"1448","target":"1628"},{"source":"1448","target":"1636"},{"source":"1448","target":"1655"},{"source":"1448","target":"1691"},{"source":"1448","target":"1786"},{"source":"1448","target":"1790"},{"source":"1448","target":"1857"},{"source":"1448","target":"1873"},{"source":"1448","target":"1893"},{"source":"1449","target":"1456"},{"source":"1449","target":"1458"},{"source":"1449","target":"1467"},{"source":"1449","target":"1471"},{"source":"1449","target":"1480"},{"source":"1449","target":"1485"},{"source":"1449","target":"1488"},{"source":"1449","target":"1538"},{"source":"1449","target":"1547"},{"source":"1449","target":"1556"},{"source":"1449","target":"1584"},{"source":"1449","target":"1589"},{"source":"1449","target":"1598"},{"source":"1449","target":"1603"},{"source":"1449","target":"1604"},{"source":"1449","target":"1610"},{"source":"1449","target":"1612"},{"source":"1449","target":"1614"},{"source":"1449","target":"1619"},{"source":"1449","target":"1663"},{"source":"1449","target":"1668"},{"source":"1449","target":"1707"},{"source":"1449","target":"1712"},{"source":"1449","target":"1714"},{"source":"1449","target":"1735"},{"source":"1449","target":"1736"},{"source":"1449","target":"1746"},{"source":"1449","target":"1757"},{"source":"1449","target":"1769"},{"source":"1449","target":"1782"},{"source":"1449","target":"1799"},{"source":"1449","target":"1800"},{"source":"1449","target":"1804"},{"source":"1449","target":"1809"},{"source":"1449","target":"1823"},{"source":"1449","target":"1826"},{"source":"1449","target":"1833"},{"source":"1449","target":"1836"},{"source":"1449","target":"1839"},{"source":"1449","target":"1852"},{"source":"1449","target":"1860"},{"source":"1449","target":"1863"},{"source":"1449","target":"1868"},{"source":"1449","target":"1874"},{"source":"1449","target":"1886"},{"source":"1449","target":"1888"},{"source":"1450","target":"1505"},{"source":"1450","target":"1534"},{"source":"1450","target":"1561"},{"source":"1450","target":"1656"},{"source":"1450","target":"1666"},{"source":"1450","target":"1678"},{"source":"1450","target":"1684"},{"source":"1450","target":"1726"},{"source":"1450","target":"1792"},{"source":"1450","target":"2968"},{"source":"1450","target":"2976"},{"source":"1450","target":"3011"},{"source":"1450","target":"3179"},{"source":"1450","target":"3245"},{"source":"1450","target":"3263"},{"source":"1450","target":"3278"},{"source":"1450","target":"3289"},{"source":"1451","target":"1495"},{"source":"1451","target":"1502"},{"source":"1451","target":"1515"},{"source":"1451","target":"1582"},{"source":"1451","target":"1729"},{"source":"1451","target":"1732"},{"source":"1451","target":"1742"},{"source":"1451","target":"1783"},{"source":"1451","target":"1786"},{"source":"1451","target":"1794"},{"source":"1451","target":"1820"},{"source":"1451","target":"1824"},{"source":"1451","target":"1871"},{"source":"1451","target":"1894"},{"source":"1452","target":"1468"},{"source":"1452","target":"1493"},{"source":"1452","target":"1533"},{"source":"1452","target":"1548"},{"source":"1452","target":"1568"},{"source":"1452","target":"1593"},{"source":"1452","target":"1601"},{"source":"1452","target":"1629"},{"source":"1452","target":"1648"},{"source":"1452","target":"1733"},{"source":"1452","target":"1747"},{"source":"1452","target":"1784"},{"source":"1452","target":"1787"},{"source":"1452","target":"1798"},{"source":"1452","target":"1802"},{"source":"1452","target":"1837"},{"source":"1452","target":"1880"},{"source":"1452","target":"1895"},{"source":"1453","target":"1478"},{"source":"1453","target":"1575"},{"source":"1453","target":"1621"},{"source":"1453","target":"1671"},{"source":"1453","target":"1694"},{"source":"1453","target":"1743"},{"source":"1453","target":"1807"},{"source":"1453","target":"1818"},{"source":"1453","target":"1829"},{"source":"1453","target":"1831"},{"source":"1453","target":"1885"},{"source":"1453","target":"1897"},{"source":"1454","target":"1495"},{"source":"1454","target":"1502"},{"source":"1454","target":"1503"},{"source":"1454","target":"1515"},{"source":"1454","target":"1636"},{"source":"1454","target":"1661"},{"source":"1454","target":"1704"},{"source":"1454","target":"1706"},{"source":"1454","target":"1729"},{"source":"1454","target":"1732"},{"source":"1454","target":"1742"},{"source":"1454","target":"1751"},{"source":"1454","target":"1783"},{"source":"1454","target":"1786"},{"source":"1454","target":"1812"},{"source":"1454","target":"1820"},{"source":"1454","target":"1824"},{"source":"1454","target":"1828"},{"source":"1454","target":"1871"},{"source":"1454","target":"1875"},{"source":"1454","target":"1893"},{"source":"1454","target":"1894"},{"source":"1455","target":"1473"},{"source":"1455","target":"1545"},{"source":"1455","target":"1654"},{"source":"1456","target":"1457"},{"source":"1456","target":"1471"},{"source":"1456","target":"1480"},{"source":"1456","target":"1483"},{"source":"1456","target":"1488"},{"source":"1456","target":"1516"},{"source":"1456","target":"1524"},{"source":"1456","target":"1539"},{"source":"1456","target":"1542"},{"source":"1456","target":"1547"},{"source":"1456","target":"1556"},{"source":"1456","target":"1557"},{"source":"1456","target":"1559"},{"source":"1456","target":"1571"},{"source":"1456","target":"1580"},{"source":"1456","target":"1584"},{"source":"1456","target":"1589"},{"source":"1456","target":"1598"},{"source":"1456","target":"1603"},{"source":"1456","target":"1604"},{"source":"1456","target":"1605"},{"source":"1456","target":"1608"},{"source":"1456","target":"1610"},{"source":"1456","target":"1613"},{"source":"1456","target":"1614"},{"source":"1456","target":"1619"},{"source":"1456","target":"1621"},{"source":"1456","target":"1622"},{"source":"1456","target":"1652"},{"source":"1456","target":"1662"},{"source":"1456","target":"1663"},{"source":"1456","target":"1665"},{"source":"1456","target":"1668"},{"source":"1456","target":"1707"},{"source":"1456","target":"1712"},{"source":"1456","target":"1714"},{"source":"1456","target":"1717"},{"source":"1456","target":"1736"},{"source":"1456","target":"1741"},{"source":"1456","target":"1746"},{"source":"1456","target":"1752"},{"source":"1456","target":"1757"},{"source":"1456","target":"1761"},{"source":"1456","target":"1768"},{"source":"1456","target":"1772"},{"source":"1456","target":"1789"},{"source":"1456","target":"1793"},{"source":"1456","target":"1796"},{"source":"1456","target":"1800"},{"source":"1456","target":"1804"},{"source":"1456","target":"1809"},{"source":"1456","target":"1810"},{"source":"1456","target":"1816"},{"source":"1456","target":"1826"},{"source":"1456","target":"1832"},{"source":"1456","target":"1833"},{"source":"1456","target":"1839"},{"source":"1456","target":"1849"},{"source":"1456","target":"1868"},{"source":"1456","target":"1874"},{"source":"1456","target":"1879"},{"source":"1456","target":"1886"},{"source":"1456","target":"1888"},{"source":"1456","target":"1898"},{"source":"1456","target":"1902"},{"source":"1457","target":"1471"},{"source":"1457","target":"1488"},{"source":"1457","target":"1491"},{"source":"1457","target":"1547"},{"source":"1457","target":"1584"},{"source":"1457","target":"1598"},{"source":"1457","target":"1600"},{"source":"1457","target":"1605"},{"source":"1457","target":"1610"},{"source":"1457","target":"1612"},{"source":"1457","target":"1619"},{"source":"1457","target":"1621"},{"source":"1457","target":"1622"},{"source":"1457","target":"1663"},{"source":"1457","target":"1665"},{"source":"1457","target":"1707"},{"source":"1457","target":"1712"},{"source":"1457","target":"1714"},{"source":"1457","target":"1746"},{"source":"1457","target":"1757"},{"source":"1457","target":"1800"},{"source":"1457","target":"1809"},{"source":"1457","target":"1816"},{"source":"1457","target":"1826"},{"source":"1457","target":"1832"},{"source":"1457","target":"1833"},{"source":"1457","target":"1839"},{"source":"1457","target":"1868"},{"source":"1457","target":"1888"},{"source":"1457","target":"1898"},{"source":"1458","target":"1467"},{"source":"1458","target":"1480"},{"source":"1458","target":"1488"},{"source":"1458","target":"1590"},{"source":"1458","target":"1665"},{"source":"1458","target":"1718"},{"source":"1458","target":"1768"},{"source":"1458","target":"1769"},{"source":"1458","target":"1774"},{"source":"1458","target":"1782"},{"source":"1458","target":"1805"},{"source":"1458","target":"1817"},{"source":"1458","target":"1845"},{"source":"1458","target":"1846"},{"source":"1458","target":"1852"},{"source":"1458","target":"1863"},{"source":"1459","target":"1462"},{"source":"1459","target":"1475"},{"source":"1459","target":"1479"},{"source":"1459","target":"1489"},{"source":"1459","target":"1495"},{"source":"1459","target":"1502"},{"source":"1459","target":"1515"},{"source":"1459","target":"1550"},{"source":"1459","target":"1573"},{"source":"1459","target":"1576"},{"source":"1459","target":"1583"},{"source":"1459","target":"1587"},{"source":"1459","target":"1591"},{"source":"1459","target":"1592"},{"source":"1459","target":"1596"},{"source":"1459","target":"1611"},{"source":"1459","target":"1628"},{"source":"1459","target":"1636"},{"source":"1459","target":"1647"},{"source":"1459","target":"1649"},{"source":"1459","target":"1655"},{"source":"1459","target":"1661"},{"source":"1459","target":"1680"},{"source":"1459","target":"1682"},{"source":"1459","target":"1691"},{"source":"1459","target":"1706"},{"source":"1459","target":"1715"},{"source":"1459","target":"1716"},{"source":"1459","target":"1720"},{"source":"1459","target":"1742"},{"source":"1459","target":"1783"},{"source":"1459","target":"1786"},{"source":"1459","target":"1841"},{"source":"1459","target":"1848"},{"source":"1459","target":"1857"},{"source":"1459","target":"1859"},{"source":"1459","target":"1862"},{"source":"1459","target":"1872"},{"source":"1459","target":"1873"},{"source":"1459","target":"1875"},{"source":"1459","target":"1887"},{"source":"1459","target":"1893"},{"source":"1459","target":"1899"},{"source":"1459","target":"1903"},{"source":"1460","target":"1470"},{"source":"1460","target":"1480"},{"source":"1460","target":"1501"},{"source":"1460","target":"1505"},{"source":"1460","target":"1509"},{"source":"1460","target":"1513"},{"source":"1460","target":"1522"},{"source":"1460","target":"1570"},{"source":"1460","target":"1590"},{"source":"1460","target":"1622"},{"source":"1460","target":"1637"},{"source":"1460","target":"1639"},{"source":"1460","target":"1662"},{"source":"1460","target":"1730"},{"source":"1460","target":"1765"},{"source":"1460","target":"1768"},{"source":"1460","target":"1782"},{"source":"1460","target":"1835"},{"source":"1460","target":"1842"},{"source":"1460","target":"1851"},{"source":"1461","target":"1505"},{"source":"1461","target":"1758"},{"source":"1462","target":"1475"},{"source":"1462","target":"1479"},{"source":"1462","target":"1550"},{"source":"1462","target":"1573"},{"source":"1462","target":"1576"},{"source":"1462","target":"1578"},{"source":"1462","target":"1583"},{"source":"1462","target":"1587"},{"source":"1462","target":"1591"},{"source":"1462","target":"1596"},{"source":"1462","target":"1611"},{"source":"1462","target":"1628"},{"source":"1462","target":"1635"},{"source":"1462","target":"1636"},{"source":"1462","target":"1647"},{"source":"1462","target":"1655"},{"source":"1462","target":"1680"},{"source":"1462","target":"1691"},{"source":"1462","target":"1715"},{"source":"1462","target":"1716"},{"source":"1462","target":"1720"},{"source":"1462","target":"1728"},{"source":"1462","target":"1764"},{"source":"1462","target":"1790"},{"source":"1462","target":"1841"},{"source":"1462","target":"1857"},{"source":"1462","target":"1859"},{"source":"1462","target":"1862"},{"source":"1462","target":"1872"},{"source":"1462","target":"1873"},{"source":"1462","target":"1884"},{"source":"1462","target":"1899"},{"source":"1462","target":"1903"},{"source":"1463","target":"1675"},{"source":"1463","target":"1741"},{"source":"1463","target":"1789"},{"source":"1463","target":"1804"},{"source":"1463","target":"1833"},{"source":"1463","target":"1888"},{"source":"1464","target":"1487"},{"source":"1464","target":"1526"},{"source":"1464","target":"1660"},{"source":"1464","target":"1677"},{"source":"1464","target":"1695"},{"source":"1464","target":"1766"},{"source":"1464","target":"1794"},{"source":"1464","target":"1844"},{"source":"1464","target":"1853"},{"source":"1464","target":"1878"},{"source":"1465","target":"1483"},{"source":"1465","target":"1577"},{"source":"1465","target":"1702"},{"source":"1465","target":"1718"},{"source":"1465","target":"1883"},{"source":"1465","target":"1912"},{"source":"1465","target":"1920"},{"source":"1465","target":"1941"},{"source":"1465","target":"1945"},{"source":"1465","target":"1948"},{"source":"1465","target":"1959"},{"source":"1465","target":"2007"},{"source":"1465","target":"2028"},{"source":"1465","target":"2032"},{"source":"1465","target":"2042"},{"source":"1465","target":"2047"},{"source":"1465","target":"2053"},{"source":"1465","target":"2054"},{"source":"1465","target":"2065"},{"source":"1465","target":"2068"},{"source":"1465","target":"2081"},{"source":"1465","target":"2087"},{"source":"1465","target":"2102"},{"source":"1465","target":"2111"},{"source":"1465","target":"2117"},{"source":"1465","target":"2125"},{"source":"1465","target":"2128"},{"source":"1465","target":"2132"},{"source":"1465","target":"2134"},{"source":"1465","target":"2135"},{"source":"1465","target":"2138"},{"source":"1465","target":"2148"},{"source":"1465","target":"2149"},{"source":"1465","target":"2153"},{"source":"1465","target":"2169"},{"source":"1465","target":"2180"},{"source":"1465","target":"2183"},{"source":"1465","target":"2187"},{"source":"1465","target":"2191"},{"source":"1465","target":"2194"},{"source":"1465","target":"2196"},{"source":"1465","target":"2198"},{"source":"1465","target":"2199"},{"source":"1465","target":"2203"},{"source":"1465","target":"2223"},{"source":"1465","target":"2239"},{"source":"1465","target":"2247"},{"source":"1465","target":"2250"},{"source":"1465","target":"2264"},{"source":"1465","target":"2266"},{"source":"1465","target":"2267"},{"source":"1465","target":"2268"},{"source":"1465","target":"2279"},{"source":"1465","target":"2282"},{"source":"1465","target":"2283"},{"source":"1465","target":"2285"},{"source":"1465","target":"2289"},{"source":"1465","target":"2292"},{"source":"1465","target":"2293"},{"source":"1465","target":"2302"},{"source":"1465","target":"2315"},{"source":"1465","target":"2319"},{"source":"1465","target":"2327"},{"source":"1465","target":"2328"},{"source":"1465","target":"2332"},{"source":"1465","target":"2333"},{"source":"1465","target":"2336"},{"source":"1465","target":"2338"},{"source":"1465","target":"2347"},{"source":"1465","target":"2351"},{"source":"1465","target":"2368"},{"source":"1465","target":"2372"},{"source":"1465","target":"2384"},{"source":"1465","target":"2385"},{"source":"1465","target":"2398"},{"source":"1465","target":"2399"},{"source":"1465","target":"2420"},{"source":"1465","target":"2458"},{"source":"1465","target":"2491"},{"source":"1465","target":"2496"},{"source":"1465","target":"2501"},{"source":"1465","target":"2508"},{"source":"1465","target":"2509"},{"source":"1465","target":"2510"},{"source":"1465","target":"2512"},{"source":"1465","target":"2516"},{"source":"1465","target":"2530"},{"source":"1465","target":"2533"},{"source":"1465","target":"2542"},{"source":"1465","target":"2543"},{"source":"1465","target":"2547"},{"source":"1465","target":"2555"},{"source":"1465","target":"2567"},{"source":"1465","target":"2592"},{"source":"1465","target":"2597"},{"source":"1465","target":"2598"},{"source":"1465","target":"2608"},{"source":"1465","target":"2629"},{"source":"1465","target":"2642"},{"source":"1465","target":"2643"},{"source":"1465","target":"2649"},{"source":"1467","target":"1480"},{"source":"1467","target":"1488"},{"source":"1467","target":"1491"},{"source":"1467","target":"1509"},{"source":"1467","target":"1516"},{"source":"1467","target":"1520"},{"source":"1467","target":"1522"},{"source":"1467","target":"1528"},{"source":"1467","target":"1539"},{"source":"1467","target":"1551"},{"source":"1467","target":"1554"},{"source":"1467","target":"1559"},{"source":"1467","target":"1584"},{"source":"1467","target":"1589"},{"source":"1467","target":"1590"},{"source":"1467","target":"1597"},{"source":"1467","target":"1598"},{"source":"1467","target":"1603"},{"source":"1467","target":"1612"},{"source":"1467","target":"1613"},{"source":"1467","target":"1614"},{"source":"1467","target":"1617"},{"source":"1467","target":"1621"},{"source":"1467","target":"1623"},{"source":"1467","target":"1637"},{"source":"1467","target":"1639"},{"source":"1467","target":"1643"},{"source":"1467","target":"1662"},{"source":"1467","target":"1663"},{"source":"1467","target":"1669"},{"source":"1467","target":"1685"},{"source":"1467","target":"1707"},{"source":"1467","target":"1714"},{"source":"1467","target":"1730"},{"source":"1467","target":"1734"},{"source":"1467","target":"1735"},{"source":"1467","target":"1746"},{"source":"1467","target":"1750"},{"source":"1467","target":"1757"},{"source":"1467","target":"1761"},{"source":"1467","target":"1765"},{"source":"1467","target":"1768"},{"source":"1467","target":"1769"},{"source":"1467","target":"1782"},{"source":"1467","target":"1791"},{"source":"1467","target":"1799"},{"source":"1467","target":"1800"},{"source":"1467","target":"1804"},{"source":"1467","target":"1805"},{"source":"1467","target":"1823"},{"source":"1467","target":"1827"},{"source":"1467","target":"1833"},{"source":"1467","target":"1835"},{"source":"1467","target":"1839"},{"source":"1467","target":"1843"},{"source":"1467","target":"1846"},{"source":"1467","target":"1851"},{"source":"1467","target":"1867"},{"source":"1467","target":"1886"},{"source":"1467","target":"1888"},{"source":"1468","target":"1493"},{"source":"1468","target":"1533"},{"source":"1468","target":"1548"},{"source":"1468","target":"1568"},{"source":"1468","target":"1601"},{"source":"1468","target":"1648"},{"source":"1468","target":"1733"},{"source":"1468","target":"1787"},{"source":"1468","target":"1798"},{"source":"1468","target":"1802"},{"source":"1468","target":"1837"},{"source":"1468","target":"1880"},{"source":"1468","target":"1892"},{"source":"1468","target":"1895"},{"source":"1469","target":"1472"},{"source":"1469","target":"1482"},{"source":"1469","target":"1496"},{"source":"1469","target":"1504"},{"source":"1469","target":"1507"},{"source":"1469","target":"1536"},{"source":"1469","target":"1541"},{"source":"1469","target":"1624"},{"source":"1469","target":"1633"},{"source":"1469","target":"1634"},{"source":"1469","target":"1664"},{"source":"1469","target":"1667"},{"source":"1469","target":"1672"},{"source":"1469","target":"1703"},{"source":"1469","target":"1709"},{"source":"1469","target":"1725"},{"source":"1469","target":"1739"},{"source":"1469","target":"1770"},{"source":"1469","target":"1783"},{"source":"1469","target":"1815"},{"source":"1469","target":"1866"},{"source":"1469","target":"1869"},{"source":"1469","target":"1876"},{"source":"1469","target":"1889"},{"source":"1469","target":"1904"},{"source":"1469","target":"1906"},{"source":"1470","target":"1483"},{"source":"1470","target":"1509"},{"source":"1470","target":"1519"},{"source":"1470","target":"1535"},{"source":"1470","target":"1551"},{"source":"1470","target":"1553"},{"source":"1470","target":"1559"},{"source":"1470","target":"1563"},{"source":"1470","target":"1570"},{"source":"1470","target":"1590"},{"source":"1470","target":"1604"},{"source":"1470","target":"1605"},{"source":"1470","target":"1609"},{"source":"1470","target":"1620"},{"source":"1470","target":"1637"},{"source":"1470","target":"1663"},{"source":"1470","target":"1669"},{"source":"1470","target":"1675"},{"source":"1470","target":"1717"},{"source":"1470","target":"1730"},{"source":"1470","target":"1741"},{"source":"1470","target":"1768"},{"source":"1470","target":"1791"},{"source":"1470","target":"1811"},{"source":"1470","target":"1813"},{"source":"1470","target":"1826"},{"source":"1470","target":"1835"},{"source":"1470","target":"1843"},{"source":"1470","target":"1861"},{"source":"1470","target":"1868"},{"source":"1470","target":"1888"},{"source":"1471","target":"1480"},{"source":"1471","target":"1483"},{"source":"1471","target":"1488"},{"source":"1471","target":"1491"},{"source":"1471","target":"1509"},{"source":"1471","target":"1516"},{"source":"1471","target":"1530"},{"source":"1471","target":"1538"},{"source":"1471","target":"1547"},{"source":"1471","target":"1551"},{"source":"1471","target":"1554"},{"source":"1471","target":"1556"},{"source":"1471","target":"1559"},{"source":"1471","target":"1561"},{"source":"1471","target":"1563"},{"source":"1471","target":"1580"},{"source":"1471","target":"1584"},{"source":"1471","target":"1589"},{"source":"1471","target":"1590"},{"source":"1471","target":"1597"},{"source":"1471","target":"1598"},{"source":"1471","target":"1600"},{"source":"1471","target":"1603"},{"source":"1471","target":"1604"},{"source":"1471","target":"1605"},{"source":"1471","target":"1610"},{"source":"1471","target":"1612"},{"source":"1471","target":"1613"},{"source":"1471","target":"1614"},{"source":"1471","target":"1619"},{"source":"1471","target":"1621"},{"source":"1471","target":"1623"},{"source":"1471","target":"1637"},{"source":"1471","target":"1643"},{"source":"1471","target":"1652"},{"source":"1471","target":"1659"},{"source":"1471","target":"1662"},{"source":"1471","target":"1663"},{"source":"1471","target":"1668"},{"source":"1471","target":"1675"},{"source":"1471","target":"1683"},{"source":"1471","target":"1707"},{"source":"1471","target":"1712"},{"source":"1471","target":"1714"},{"source":"1471","target":"1717"},{"source":"1471","target":"1730"},{"source":"1471","target":"1735"},{"source":"1471","target":"1736"},{"source":"1471","target":"1741"},{"source":"1471","target":"1746"},{"source":"1471","target":"1752"},{"source":"1471","target":"1753"},{"source":"1471","target":"1757"},{"source":"1471","target":"1761"},{"source":"1471","target":"1768"},{"source":"1471","target":"1772"},{"source":"1471","target":"1789"},{"source":"1471","target":"1793"},{"source":"1471","target":"1799"},{"source":"1471","target":"1800"},{"source":"1471","target":"1804"},{"source":"1471","target":"1809"},{"source":"1471","target":"1816"},{"source":"1471","target":"1821"},{"source":"1471","target":"1823"},{"source":"1471","target":"1826"},{"source":"1471","target":"1827"},{"source":"1471","target":"1832"},{"source":"1471","target":"1833"},{"source":"1471","target":"1835"},{"source":"1471","target":"1839"},{"source":"1471","target":"1842"},{"source":"1471","target":"1849"},{"source":"1471","target":"1863"},{"source":"1471","target":"1868"},{"source":"1471","target":"1879"},{"source":"1471","target":"1886"},{"source":"1471","target":"1888"},{"source":"1471","target":"1898"},{"source":"1471","target":"1902"},{"source":"1471","target":"1909"},{"source":"1472","target":"1482"},{"source":"1472","target":"1496"},{"source":"1472","target":"1500"},{"source":"1472","target":"1504"},{"source":"1472","target":"1507"},{"source":"1472","target":"1525"},{"source":"1472","target":"1529"},{"source":"1472","target":"1536"},{"source":"1472","target":"1541"},{"source":"1472","target":"1569"},{"source":"1472","target":"1575"},{"source":"1472","target":"1624"},{"source":"1472","target":"1630"},{"source":"1472","target":"1633"},{"source":"1472","target":"1634"},{"source":"1472","target":"1650"},{"source":"1472","target":"1667"},{"source":"1472","target":"1672"},{"source":"1472","target":"1681"},{"source":"1472","target":"1686"},{"source":"1472","target":"1699"},{"source":"1472","target":"1703"},{"source":"1472","target":"1709"},{"source":"1472","target":"1725"},{"source":"1472","target":"1727"},{"source":"1472","target":"1738"},{"source":"1472","target":"1770"},{"source":"1472","target":"1781"},{"source":"1472","target":"1783"},{"source":"1472","target":"1807"},{"source":"1472","target":"1815"},{"source":"1472","target":"1847"},{"source":"1472","target":"1869"},{"source":"1472","target":"1876"},{"source":"1472","target":"1904"},{"source":"1472","target":"1906"},{"source":"1473","target":"1487"},{"source":"1473","target":"1502"},{"source":"1473","target":"1525"},{"source":"1473","target":"1536"},{"source":"1473","target":"1545"},{"source":"1473","target":"1569"},{"source":"1473","target":"1574"},{"source":"1473","target":"1584"},{"source":"1473","target":"1630"},{"source":"1473","target":"1654"},{"source":"1473","target":"1673"},{"source":"1473","target":"1699"},{"source":"1473","target":"1703"},{"source":"1473","target":"1709"},{"source":"1473","target":"1738"},{"source":"1473","target":"1762"},{"source":"1473","target":"1767"},{"source":"1473","target":"1786"},{"source":"1473","target":"1807"},{"source":"1473","target":"1818"},{"source":"1473","target":"1901"},{"source":"1474","target":"1840"},{"source":"1475","target":"1479"},{"source":"1475","target":"1502"},{"source":"1475","target":"1573"},{"source":"1475","target":"1576"},{"source":"1475","target":"1591"},{"source":"1475","target":"1596"},{"source":"1475","target":"1611"},{"source":"1475","target":"1628"},{"source":"1475","target":"1636"},{"source":"1475","target":"1649"},{"source":"1475","target":"1661"},{"source":"1475","target":"1682"},{"source":"1475","target":"1691"},{"source":"1475","target":"1706"},{"source":"1475","target":"1715"},{"source":"1475","target":"1716"},{"source":"1475","target":"1742"},{"source":"1475","target":"1786"},{"source":"1475","target":"1790"},{"source":"1475","target":"1818"},{"source":"1475","target":"1862"},{"source":"1475","target":"1887"},{"source":"1475","target":"1893"},{"source":"1475","target":"1899"},{"source":"1476","target":"1527"},{"source":"1476","target":"1642"},{"source":"1476","target":"1670"},{"source":"1477","target":"1505"},{"source":"1477","target":"1585"},{"source":"1477","target":"1641"},{"source":"1477","target":"1666"},{"source":"1477","target":"1792"},{"source":"1477","target":"1909"},{"source":"1478","target":"1545"},{"source":"1478","target":"1566"},{"source":"1478","target":"1671"},{"source":"1478","target":"1694"},{"source":"1478","target":"1743"},{"source":"1478","target":"1829"},{"source":"1478","target":"1831"},{"source":"1478","target":"1910"},{"source":"1479","target":"1502"},{"source":"1479","target":"1515"},{"source":"1479","target":"1573"},{"source":"1479","target":"1576"},{"source":"1479","target":"1578"},{"source":"1479","target":"1583"},{"source":"1479","target":"1587"},{"source":"1479","target":"1595"},{"source":"1479","target":"1596"},{"source":"1479","target":"1611"},{"source":"1479","target":"1628"},{"source":"1479","target":"1636"},{"source":"1479","target":"1655"},{"source":"1479","target":"1661"},{"source":"1479","target":"1680"},{"source":"1479","target":"1682"},{"source":"1479","target":"1691"},{"source":"1479","target":"1715"},{"source":"1479","target":"1716"},{"source":"1479","target":"1720"},{"source":"1479","target":"1786"},{"source":"1479","target":"1790"},{"source":"1479","target":"1830"},{"source":"1479","target":"1841"},{"source":"1479","target":"1857"},{"source":"1479","target":"1859"},{"source":"1479","target":"1862"},{"source":"1479","target":"1871"},{"source":"1479","target":"1872"},{"source":"1479","target":"1873"},{"source":"1479","target":"1884"},{"source":"1479","target":"1893"},{"source":"1479","target":"1899"},{"source":"1479","target":"1903"},{"source":"1480","target":"1488"},{"source":"1480","target":"1501"},{"source":"1480","target":"1513"},{"source":"1480","target":"1556"},{"source":"1480","target":"1590"},{"source":"1480","target":"1598"},{"source":"1480","target":"1600"},{"source":"1480","target":"1610"},{"source":"1480","target":"1612"},{"source":"1480","target":"1614"},{"source":"1480","target":"1619"},{"source":"1480","target":"1620"},{"source":"1480","target":"1621"},{"source":"1480","target":"1639"},{"source":"1480","target":"1652"},{"source":"1480","target":"1653"},{"source":"1480","target":"1662"},{"source":"1480","target":"1666"},{"source":"1480","target":"1668"},{"source":"1480","target":"1712"},{"source":"1480","target":"1721"},{"source":"1480","target":"1752"},{"source":"1480","target":"1757"},{"source":"1480","target":"1758"},{"source":"1480","target":"1765"},{"source":"1480","target":"1768"},{"source":"1480","target":"1774"},{"source":"1480","target":"1782"},{"source":"1480","target":"1789"},{"source":"1480","target":"1800"},{"source":"1480","target":"1804"},{"source":"1480","target":"1805"},{"source":"1480","target":"1809"},{"source":"1480","target":"1816"},{"source":"1480","target":"1821"},{"source":"1480","target":"1833"},{"source":"1480","target":"1839"},{"source":"1480","target":"1849"},{"source":"1480","target":"1851"},{"source":"1480","target":"1858"},{"source":"1480","target":"1863"},{"source":"1480","target":"1874"},{"source":"1480","target":"1879"},{"source":"1480","target":"1886"},{"source":"1480","target":"1888"},{"source":"1481","target":"1503"},{"source":"1481","target":"1569"},{"source":"1481","target":"1591"},{"source":"1481","target":"1633"},{"source":"1481","target":"1749"},{"source":"1481","target":"1783"},{"source":"1481","target":"1828"},{"source":"1481","target":"1876"},{"source":"1482","target":"1496"},{"source":"1482","target":"1504"},{"source":"1482","target":"1525"},{"source":"1482","target":"1529"},{"source":"1482","target":"1536"},{"source":"1482","target":"1541"},{"source":"1482","target":"1624"},{"source":"1482","target":"1630"},{"source":"1482","target":"1634"},{"source":"1482","target":"1650"},{"source":"1482","target":"1681"},{"source":"1482","target":"1703"},{"source":"1482","target":"1709"},{"source":"1482","target":"1770"},{"source":"1482","target":"1847"},{"source":"1482","target":"1869"},{"source":"1482","target":"1876"},{"source":"1482","target":"1904"},{"source":"1483","target":"1498"},{"source":"1483","target":"1517"},{"source":"1483","target":"1535"},{"source":"1483","target":"1551"},{"source":"1483","target":"1570"},{"source":"1483","target":"1571"},{"source":"1483","target":"1580"},{"source":"1483","target":"1584"},{"source":"1483","target":"1589"},{"source":"1483","target":"1597"},{"source":"1483","target":"1598"},{"source":"1483","target":"1604"},{"source":"1483","target":"1605"},{"source":"1483","target":"1609"},{"source":"1483","target":"1613"},{"source":"1483","target":"1619"},{"source":"1483","target":"1621"},{"source":"1483","target":"1632"},{"source":"1483","target":"1637"},{"source":"1483","target":"1663"},{"source":"1483","target":"1665"},{"source":"1483","target":"1669"},{"source":"1483","target":"1685"},{"source":"1483","target":"1707"},{"source":"1483","target":"1714"},{"source":"1483","target":"1722"},{"source":"1483","target":"1723"},{"source":"1483","target":"1730"},{"source":"1483","target":"1736"},{"source":"1483","target":"1741"},{"source":"1483","target":"1746"},{"source":"1483","target":"1768"},{"source":"1483","target":"1772"},{"source":"1483","target":"1793"},{"source":"1483","target":"1800"},{"source":"1483","target":"1809"},{"source":"1483","target":"1813"},{"source":"1483","target":"1816"},{"source":"1483","target":"1826"},{"source":"1483","target":"1832"},{"source":"1483","target":"1835"},{"source":"1483","target":"1842"},{"source":"1483","target":"1849"},{"source":"1483","target":"1868"},{"source":"1483","target":"1879"},{"source":"1483","target":"1888"},{"source":"1483","target":"1898"},{"source":"1483","target":"1902"},{"source":"1484","target":"1610"},{"source":"1484","target":"1754"},{"source":"1484","target":"1800"},{"source":"1484","target":"1845"},{"source":"1484","target":"1874"},{"source":"1484","target":"1888"},{"source":"1485","target":"1509"},{"source":"1485","target":"1520"},{"source":"1485","target":"1554"},{"source":"1485","target":"1559"},{"source":"1485","target":"1563"},{"source":"1485","target":"1612"},{"source":"1485","target":"1618"},{"source":"1485","target":"1637"},{"source":"1485","target":"1644"},{"source":"1485","target":"1659"},{"source":"1485","target":"1718"},{"source":"1485","target":"1730"},{"source":"1485","target":"1735"},{"source":"1485","target":"1753"},{"source":"1485","target":"1769"},{"source":"1485","target":"1774"},{"source":"1485","target":"1782"},{"source":"1485","target":"1799"},{"source":"1485","target":"1813"},{"source":"1485","target":"1827"},{"source":"1485","target":"1835"},{"source":"1485","target":"1836"},{"source":"1485","target":"1845"},{"source":"1485","target":"1846"},{"source":"1485","target":"1891"},{"source":"1487","target":"1497"},{"source":"1487","target":"1536"},{"source":"1487","target":"1543"},{"source":"1487","target":"1545"},{"source":"1487","target":"1574"},{"source":"1487","target":"1604"},{"source":"1487","target":"1620"},{"source":"1487","target":"1646"},{"source":"1487","target":"1660"},{"source":"1487","target":"1675"},{"source":"1487","target":"1677"},{"source":"1487","target":"1692"},{"source":"1487","target":"1744"},{"source":"1487","target":"1794"},{"source":"1487","target":"1813"},{"source":"1487","target":"1844"},{"source":"1487","target":"1853"},{"source":"1487","target":"1881"},{"source":"1487","target":"1885"},{"source":"1487","target":"1897"},{"source":"1487","target":"1910"},{"source":"1488","target":"1516"},{"source":"1488","target":"1522"},{"source":"1488","target":"1530"},{"source":"1488","target":"1539"},{"source":"1488","target":"1542"},{"source":"1488","target":"1547"},{"source":"1488","target":"1554"},{"source":"1488","target":"1557"},{"source":"1488","target":"1559"},{"source":"1488","target":"1584"},{"source":"1488","target":"1598"},{"source":"1488","target":"1604"},{"source":"1488","target":"1605"},{"source":"1488","target":"1610"},{"source":"1488","target":"1619"},{"source":"1488","target":"1621"},{"source":"1488","target":"1662"},{"source":"1488","target":"1663"},{"source":"1488","target":"1665"},{"source":"1488","target":"1668"},{"source":"1488","target":"1689"},{"source":"1488","target":"1707"},{"source":"1488","target":"1712"},{"source":"1488","target":"1714"},{"source":"1488","target":"1717"},{"source":"1488","target":"1722"},{"source":"1488","target":"1737"},{"source":"1488","target":"1741"},{"source":"1488","target":"1746"},{"source":"1488","target":"1752"},{"source":"1488","target":"1768"},{"source":"1488","target":"1782"},{"source":"1488","target":"1789"},{"source":"1488","target":"1793"},{"source":"1488","target":"1800"},{"source":"1488","target":"1804"},{"source":"1488","target":"1809"},{"source":"1488","target":"1810"},{"source":"1488","target":"1813"},{"source":"1488","target":"1816"},{"source":"1488","target":"1823"},{"source":"1488","target":"1826"},{"source":"1488","target":"1827"},{"source":"1488","target":"1832"},{"source":"1488","target":"1833"},{"source":"1488","target":"1836"},{"source":"1488","target":"1839"},{"source":"1488","target":"1845"},{"source":"1488","target":"1863"},{"source":"1488","target":"1868"},{"source":"1488","target":"1879"},{"source":"1488","target":"1888"},{"source":"1488","target":"1898"},{"source":"1489","target":"1495"},{"source":"1489","target":"1502"},{"source":"1489","target":"1503"},{"source":"1489","target":"1515"},{"source":"1489","target":"1591"},{"source":"1489","target":"1649"},{"source":"1489","target":"1661"},{"source":"1489","target":"1704"},{"source":"1489","target":"1706"},{"source":"1489","target":"1729"},{"source":"1489","target":"1783"},{"source":"1489","target":"1794"},{"source":"1489","target":"1850"},{"source":"1489","target":"1893"},{"source":"1490","target":"1616"},{"source":"1490","target":"1631"},{"source":"1490","target":"1673"},{"source":"1491","target":"1516"},{"source":"1491","target":"1522"},{"source":"1491","target":"1530"},{"source":"1491","target":"1532"},{"source":"1491","target":"1538"},{"source":"1491","target":"1539"},{"source":"1491","target":"1547"},{"source":"1491","target":"1551"},{"source":"1491","target":"1557"},{"source":"1491","target":"1559"},{"source":"1491","target":"1572"},{"source":"1491","target":"1584"},{"source":"1491","target":"1589"},{"source":"1491","target":"1597"},{"source":"1491","target":"1603"},{"source":"1491","target":"1608"},{"source":"1491","target":"1612"},{"source":"1491","target":"1613"},{"source":"1491","target":"1617"},{"source":"1491","target":"1621"},{"source":"1491","target":"1622"},{"source":"1491","target":"1623"},{"source":"1491","target":"1644"},{"source":"1491","target":"1653"},{"source":"1491","target":"1662"},{"source":"1491","target":"1663"},{"source":"1491","target":"1668"},{"source":"1491","target":"1669"},{"source":"1491","target":"1678"},{"source":"1491","target":"1689"},{"source":"1491","target":"1707"},{"source":"1491","target":"1712"},{"source":"1491","target":"1714"},{"source":"1491","target":"1721"},{"source":"1491","target":"1730"},{"source":"1491","target":"1735"},{"source":"1491","target":"1736"},{"source":"1491","target":"1737"},{"source":"1491","target":"1746"},{"source":"1491","target":"1750"},{"source":"1491","target":"1752"},{"source":"1491","target":"1761"},{"source":"1491","target":"1789"},{"source":"1491","target":"1791"},{"source":"1491","target":"1793"},{"source":"1491","target":"1795"},{"source":"1491","target":"1799"},{"source":"1491","target":"1800"},{"source":"1491","target":"1804"},{"source":"1491","target":"1810"},{"source":"1491","target":"1813"},{"source":"1491","target":"1823"},{"source":"1491","target":"1826"},{"source":"1491","target":"1827"},{"source":"1491","target":"1833"},{"source":"1491","target":"1839"},{"source":"1491","target":"1842"},{"source":"1491","target":"1849"},{"source":"1491","target":"1864"},{"source":"1491","target":"1867"},{"source":"1491","target":"1879"},{"source":"1491","target":"1888"},{"source":"1492","target":"1569"},{"source":"1493","target":"1548"},{"source":"1493","target":"1568"},{"source":"1493","target":"1601"},{"source":"1493","target":"1648"},{"source":"1493","target":"1733"},{"source":"1493","target":"1787"},{"source":"1493","target":"1798"},{"source":"1493","target":"1837"},{"source":"1493","target":"1880"},{"source":"1493","target":"1895"},{"source":"1494","target":"1511"},{"source":"1494","target":"1555"},{"source":"1494","target":"1567"},{"source":"1494","target":"1588"},{"source":"1494","target":"1593"},{"source":"1494","target":"1615"},{"source":"1494","target":"1676"},{"source":"1494","target":"1687"},{"source":"1494","target":"1705"},{"source":"1494","target":"1803"},{"source":"1494","target":"1825"},{"source":"1495","target":"1502"},{"source":"1495","target":"1508"},{"source":"1495","target":"1515"},{"source":"1495","target":"1573"},{"source":"1495","target":"1583"},{"source":"1495","target":"1591"},{"source":"1495","target":"1595"},{"source":"1495","target":"1649"},{"source":"1495","target":"1661"},{"source":"1495","target":"1706"},{"source":"1495","target":"1715"},{"source":"1495","target":"1729"},{"source":"1495","target":"1732"},{"source":"1495","target":"1751"},{"source":"1495","target":"1783"},{"source":"1495","target":"1786"},{"source":"1495","target":"1812"},{"source":"1495","target":"1820"},{"source":"1495","target":"1824"},{"source":"1495","target":"1871"},{"source":"1495","target":"1893"},{"source":"1495","target":"1894"},{"source":"1495","target":"1907"},{"source":"1496","target":"1504"},{"source":"1496","target":"1507"},{"source":"1496","target":"1525"},{"source":"1496","target":"1529"},{"source":"1496","target":"1536"},{"source":"1496","target":"1541"},{"source":"1496","target":"1545"},{"source":"1496","target":"1569"},{"source":"1496","target":"1574"},{"source":"1496","target":"1624"},{"source":"1496","target":"1630"},{"source":"1496","target":"1681"},{"source":"1496","target":"1703"},{"source":"1496","target":"1709"},{"source":"1496","target":"1727"},{"source":"1496","target":"1745"},{"source":"1496","target":"1770"},{"source":"1496","target":"1847"},{"source":"1496","target":"1904"},{"source":"1497","target":"1566"},{"source":"1497","target":"1599"},{"source":"1497","target":"1604"},{"source":"1497","target":"1620"},{"source":"1497","target":"1646"},{"source":"1497","target":"1671"},{"source":"1497","target":"1675"},{"source":"1497","target":"1683"},{"source":"1497","target":"1731"},{"source":"1497","target":"1743"},{"source":"1497","target":"1761"},{"source":"1497","target":"1813"},{"source":"1497","target":"1814"},{"source":"1497","target":"1831"},{"source":"1497","target":"1881"},{"source":"1497","target":"1885"},{"source":"1497","target":"1910"},{"source":"1498","target":"1537"},{"source":"1498","target":"1571"},{"source":"1498","target":"1827"},{"source":"1499","target":"1546"},{"source":"1499","target":"1552"},{"source":"1499","target":"1562"},{"source":"1499","target":"1889"},{"source":"1500","target":"1504"},{"source":"1500","target":"1525"},{"source":"1500","target":"1536"},{"source":"1500","target":"1630"},{"source":"1500","target":"1633"},{"source":"1500","target":"1634"},{"source":"1500","target":"1686"},{"source":"1500","target":"1785"},{"source":"1501","target":"1513"},{"source":"1501","target":"1639"},{"source":"1501","target":"1765"},{"source":"1501","target":"1845"},{"source":"1501","target":"1851"},{"source":"1501","target":"1909"},{"source":"1502","target":"1503"},{"source":"1502","target":"1515"},{"source":"1502","target":"1573"},{"source":"1502","target":"1587"},{"source":"1502","target":"1591"},{"source":"1502","target":"1596"},{"source":"1502","target":"1636"},{"source":"1502","target":"1649"},{"source":"1502","target":"1704"},{"source":"1502","target":"1706"},{"source":"1502","target":"1725"},{"source":"1502","target":"1729"},{"source":"1502","target":"1732"},{"source":"1502","target":"1742"},{"source":"1502","target":"1783"},{"source":"1502","target":"1786"},{"source":"1502","target":"1794"},{"source":"1502","target":"1812"},{"source":"1502","target":"1828"},{"source":"1502","target":"1848"},{"source":"1502","target":"1850"},{"source":"1502","target":"1871"},{"source":"1502","target":"1893"},{"source":"1502","target":"1894"},{"source":"1502","target":"1907"},{"source":"1503","target":"1649"},{"source":"1503","target":"1706"},{"source":"1503","target":"1729"},{"source":"1503","target":"1783"},{"source":"1503","target":"1794"},{"source":"1503","target":"1828"},{"source":"1503","target":"1850"},{"source":"1503","target":"1894"},{"source":"1504","target":"1507"},{"source":"1504","target":"1525"},{"source":"1504","target":"1536"},{"source":"1504","target":"1541"},{"source":"1504","target":"1624"},{"source":"1504","target":"1630"},{"source":"1504","target":"1633"},{"source":"1504","target":"1634"},{"source":"1504","target":"1672"},{"source":"1504","target":"1699"},{"source":"1504","target":"1703"},{"source":"1504","target":"1709"},{"source":"1504","target":"1725"},{"source":"1504","target":"1770"},{"source":"1504","target":"1783"},{"source":"1504","target":"1785"},{"source":"1504","target":"1815"},{"source":"1504","target":"1876"},{"source":"1504","target":"1904"},{"source":"1504","target":"1906"},{"source":"1505","target":"1528"},{"source":"1505","target":"1534"},{"source":"1505","target":"1552"},{"source":"1505","target":"1561"},{"source":"1505","target":"1593"},{"source":"1505","target":"1656"},{"source":"1505","target":"1666"},{"source":"1505","target":"1674"},{"source":"1505","target":"1684"},{"source":"1505","target":"1701"},{"source":"1505","target":"1758"},{"source":"1505","target":"2678"},{"source":"1505","target":"2725"},{"source":"1505","target":"2734"},{"source":"1505","target":"2760"},{"source":"1505","target":"2764"},{"source":"1505","target":"2826"},{"source":"1505","target":"2883"},{"source":"1505","target":"2964"},{"source":"1505","target":"2968"},{"source":"1505","target":"2976"},{"source":"1505","target":"3005"},{"source":"1505","target":"3011"},{"source":"1505","target":"3019"},{"source":"1505","target":"3020"},{"source":"1505","target":"3062"},{"source":"1505","target":"3079"},{"source":"1505","target":"3164"},{"source":"1505","target":"3165"},{"source":"1505","target":"3168"},{"source":"1505","target":"3205"},{"source":"1505","target":"3245"},{"source":"1505","target":"3258"},{"source":"1505","target":"3278"},{"source":"1505","target":"3386"},{"source":"1505","target":"3409"},{"source":"1506","target":"1512"},{"source":"1506","target":"1616"},{"source":"1507","target":"1541"},{"source":"1507","target":"1624"},{"source":"1507","target":"1630"},{"source":"1507","target":"1667"},{"source":"1507","target":"1672"},{"source":"1507","target":"1681"},{"source":"1507","target":"1770"},{"source":"1507","target":"1783"},{"source":"1507","target":"1847"},{"source":"1507","target":"1876"},{"source":"1508","target":"1638"},{"source":"1508","target":"1729"},{"source":"1508","target":"1742"},{"source":"1508","target":"1751"},{"source":"1508","target":"1783"},{"source":"1508","target":"1786"},{"source":"1508","target":"1820"},{"source":"1508","target":"1824"},{"source":"1508","target":"1848"},{"source":"1508","target":"1871"},{"source":"1508","target":"1893"},{"source":"1508","target":"1894"},{"source":"1509","target":"1513"},{"source":"1509","target":"1516"},{"source":"1509","target":"1517"},{"source":"1509","target":"1520"},{"source":"1509","target":"1528"},{"source":"1509","target":"1551"},{"source":"1509","target":"1554"},{"source":"1509","target":"1559"},{"source":"1509","target":"1563"},{"source":"1509","target":"1570"},{"source":"1509","target":"1584"},{"source":"1509","target":"1589"},{"source":"1509","target":"1590"},{"source":"1509","target":"1603"},{"source":"1509","target":"1604"},{"source":"1509","target":"1608"},{"source":"1509","target":"1609"},{"source":"1509","target":"1610"},{"source":"1509","target":"1612"},{"source":"1509","target":"1613"},{"source":"1509","target":"1617"},{"source":"1509","target":"1621"},{"source":"1509","target":"1622"},{"source":"1509","target":"1639"},{"source":"1509","target":"1643"},{"source":"1509","target":"1659"},{"source":"1509","target":"1663"},{"source":"1509","target":"1669"},{"source":"1509","target":"1675"},{"source":"1509","target":"1683"},{"source":"1509","target":"1689"},{"source":"1509","target":"1718"},{"source":"1509","target":"1730"},{"source":"1509","target":"1735"},{"source":"1509","target":"1746"},{"source":"1509","target":"1752"},{"source":"1509","target":"1761"},{"source":"1509","target":"1765"},{"source":"1509","target":"1768"},{"source":"1509","target":"1774"},{"source":"1509","target":"1791"},{"source":"1509","target":"1795"},{"source":"1509","target":"1799"},{"source":"1509","target":"1800"},{"source":"1509","target":"1804"},{"source":"1509","target":"1823"},{"source":"1509","target":"1827"},{"source":"1509","target":"1833"},{"source":"1509","target":"1835"},{"source":"1509","target":"1839"},{"source":"1509","target":"1842"},{"source":"1509","target":"1861"},{"source":"1509","target":"1864"},{"source":"1509","target":"1886"},{"source":"1509","target":"1888"},{"source":"1509","target":"1891"},{"source":"1509","target":"1901"},{"source":"1510","target":"1650"},{"source":"1510","target":"1770"},{"source":"1510","target":"1778"},{"source":"1511","target":"1553"},{"source":"1511","target":"1555"},{"source":"1511","target":"1567"},{"source":"1511","target":"1615"},{"source":"1511","target":"1656"},{"source":"1511","target":"1676"},{"source":"1511","target":"1687"},{"source":"1511","target":"1698"},{"source":"1511","target":"1705"},{"source":"1511","target":"1806"},{"source":"1511","target":"1825"},{"source":"1511","target":"1866"},{"source":"1512","target":"1543"},{"source":"1512","target":"1616"},{"source":"1512","target":"1660"},{"source":"1512","target":"1673"},{"source":"1512","target":"1694"},{"source":"1512","target":"1740"},{"source":"1512","target":"1767"},{"source":"1512","target":"1790"},{"source":"1512","target":"1878"},{"source":"1513","target":"1522"},{"source":"1513","target":"1528"},{"source":"1513","target":"1535"},{"source":"1513","target":"1584"},{"source":"1513","target":"1590"},{"source":"1513","target":"1621"},{"source":"1513","target":"1622"},{"source":"1513","target":"1637"},{"source":"1513","target":"1639"},{"source":"1513","target":"1718"},{"source":"1513","target":"1730"},{"source":"1513","target":"1765"},{"source":"1513","target":"1779"},{"source":"1513","target":"1782"},{"source":"1513","target":"1791"},{"source":"1513","target":"1835"},{"source":"1513","target":"1842"},{"source":"1513","target":"1846"},{"source":"1513","target":"1851"},{"source":"1513","target":"1852"},{"source":"1513","target":"1883"},{"source":"1514","target":"1574"},{"source":"1514","target":"1602"},{"source":"1514","target":"1616"},{"source":"1514","target":"1645"},{"source":"1514","target":"1677"},{"source":"1514","target":"1679"},{"source":"1514","target":"1694"},{"source":"1514","target":"1740"},{"source":"1514","target":"1744"},{"source":"1514","target":"1801"},{"source":"1514","target":"1844"},{"source":"1514","target":"1878"},{"source":"1514","target":"1882"},{"source":"1514","target":"1893"},{"source":"1515","target":"1573"},{"source":"1515","target":"1582"},{"source":"1515","target":"1591"},{"source":"1515","target":"1595"},{"source":"1515","target":"1636"},{"source":"1515","target":"1638"},{"source":"1515","target":"1649"},{"source":"1515","target":"1661"},{"source":"1515","target":"1704"},{"source":"1515","target":"1706"},{"source":"1515","target":"1729"},{"source":"1515","target":"1732"},{"source":"1515","target":"1742"},{"source":"1515","target":"1783"},{"source":"1515","target":"1786"},{"source":"1515","target":"1794"},{"source":"1515","target":"1820"},{"source":"1515","target":"1824"},{"source":"1515","target":"1828"},{"source":"1515","target":"1848"},{"source":"1515","target":"1871"},{"source":"1515","target":"1875"},{"source":"1515","target":"1893"},{"source":"1515","target":"1899"},{"source":"1516","target":"1520"},{"source":"1516","target":"1522"},{"source":"1516","target":"1530"},{"source":"1516","target":"1539"},{"source":"1516","target":"1547"},{"source":"1516","target":"1551"},{"source":"1516","target":"1554"},{"source":"1516","target":"1557"},{"source":"1516","target":"1559"},{"source":"1516","target":"1570"},{"source":"1516","target":"1584"},{"source":"1516","target":"1589"},{"source":"1516","target":"1597"},{"source":"1516","target":"1598"},{"source":"1516","target":"1600"},{"source":"1516","target":"1603"},{"source":"1516","target":"1604"},{"source":"1516","target":"1608"},{"source":"1516","target":"1610"},{"source":"1516","target":"1612"},{"source":"1516","target":"1613"},{"source":"1516","target":"1614"},{"source":"1516","target":"1617"},{"source":"1516","target":"1619"},{"source":"1516","target":"1621"},{"source":"1516","target":"1622"},{"source":"1516","target":"1623"},{"source":"1516","target":"1643"},{"source":"1516","target":"1653"},{"source":"1516","target":"1662"},{"source":"1516","target":"1663"},{"source":"1516","target":"1665"},{"source":"1516","target":"1668"},{"source":"1516","target":"1669"},{"source":"1516","target":"1675"},{"source":"1516","target":"1689"},{"source":"1516","target":"1707"},{"source":"1516","target":"1712"},{"source":"1516","target":"1714"},{"source":"1516","target":"1717"},{"source":"1516","target":"1721"},{"source":"1516","target":"1730"},{"source":"1516","target":"1735"},{"source":"1516","target":"1736"},{"source":"1516","target":"1737"},{"source":"1516","target":"1741"},{"source":"1516","target":"1746"},{"source":"1516","target":"1750"},{"source":"1516","target":"1752"},{"source":"1516","target":"1757"},{"source":"1516","target":"1761"},{"source":"1516","target":"1768"},{"source":"1516","target":"1782"},{"source":"1516","target":"1789"},{"source":"1516","target":"1791"},{"source":"1516","target":"1793"},{"source":"1516","target":"1799"},{"source":"1516","target":"1800"},{"source":"1516","target":"1804"},{"source":"1516","target":"1810"},{"source":"1516","target":"1813"},{"source":"1516","target":"1816"},{"source":"1516","target":"1819"},{"source":"1516","target":"1823"},{"source":"1516","target":"1826"},{"source":"1516","target":"1827"},{"source":"1516","target":"1833"},{"source":"1516","target":"1835"},{"source":"1516","target":"1839"},{"source":"1516","target":"1849"},{"source":"1516","target":"1867"},{"source":"1516","target":"1868"},{"source":"1516","target":"1879"},{"source":"1516","target":"1888"},{"source":"1517","target":"1580"},{"source":"1517","target":"1604"},{"source":"1517","target":"1610"},{"source":"1517","target":"1613"},{"source":"1517","target":"1622"},{"source":"1517","target":"1663"},{"source":"1517","target":"1665"},{"source":"1517","target":"1685"},{"source":"1517","target":"1722"},{"source":"1517","target":"1730"},{"source":"1517","target":"1741"},{"source":"1517","target":"1813"},{"source":"1517","target":"1827"},{"source":"1517","target":"1845"},{"source":"1517","target":"1898"},{"source":"1518","target":"1537"},{"source":"1518","target":"1567"},{"source":"1518","target":"1620"},{"source":"1518","target":"1683"},{"source":"1518","target":"1774"},{"source":"1518","target":"1866"},{"source":"1519","target":"1527"},{"source":"1519","target":"1528"},{"source":"1519","target":"1535"},{"source":"1519","target":"1553"},{"source":"1519","target":"1557"},{"source":"1519","target":"1570"},{"source":"1519","target":"1620"},{"source":"1519","target":"1642"},{"source":"1519","target":"1674"},{"source":"1519","target":"1688"},{"source":"1519","target":"1768"},{"source":"1519","target":"1832"},{"source":"1519","target":"1845"},{"source":"1519","target":"1861"},{"source":"1519","target":"1864"},{"source":"1519","target":"1900"},{"source":"1520","target":"1523"},{"source":"1520","target":"1530"},{"source":"1520","target":"1540"},{"source":"1520","target":"1551"},{"source":"1520","target":"1554"},{"source":"1520","target":"1557"},{"source":"1520","target":"1559"},{"source":"1520","target":"1563"},{"source":"1520","target":"1584"},{"source":"1520","target":"1589"},{"source":"1520","target":"1590"},{"source":"1520","target":"1597"},{"source":"1520","target":"1600"},{"source":"1520","target":"1603"},{"source":"1520","target":"1610"},{"source":"1520","target":"1612"},{"source":"1520","target":"1613"},{"source":"1520","target":"1621"},{"source":"1520","target":"1622"},{"source":"1520","target":"1639"},{"source":"1520","target":"1643"},{"source":"1520","target":"1659"},{"source":"1520","target":"1662"},{"source":"1520","target":"1663"},{"source":"1520","target":"1669"},{"source":"1520","target":"1675"},{"source":"1520","target":"1683"},{"source":"1520","target":"1685"},{"source":"1520","target":"1689"},{"source":"1520","target":"1700"},{"source":"1520","target":"1707"},{"source":"1520","target":"1714"},{"source":"1520","target":"1717"},{"source":"1520","target":"1730"},{"source":"1520","target":"1746"},{"source":"1520","target":"1750"},{"source":"1520","target":"1752"},{"source":"1520","target":"1761"},{"source":"1520","target":"1765"},{"source":"1520","target":"1768"},{"source":"1520","target":"1791"},{"source":"1520","target":"1793"},{"source":"1520","target":"1795"},{"source":"1520","target":"1799"},{"source":"1520","target":"1800"},{"source":"1520","target":"1804"},{"source":"1520","target":"1813"},{"source":"1520","target":"1816"},{"source":"1520","target":"1819"},{"source":"1520","target":"1827"},{"source":"1520","target":"1833"},{"source":"1520","target":"1835"},{"source":"1520","target":"1842"},{"source":"1520","target":"1846"},{"source":"1520","target":"1861"},{"source":"1520","target":"1877"},{"source":"1520","target":"1888"},{"source":"1520","target":"1891"},{"source":"1521","target":"1626"},{"source":"1521","target":"1702"},{"source":"1521","target":"1909"},{"source":"1521","target":"1911"},{"source":"1522","target":"1528"},{"source":"1522","target":"1530"},{"source":"1522","target":"1532"},{"source":"1522","target":"1547"},{"source":"1522","target":"1551"},{"source":"1522","target":"1553"},{"source":"1522","target":"1554"},{"source":"1522","target":"1557"},{"source":"1522","target":"1559"},{"source":"1522","target":"1563"},{"source":"1522","target":"1570"},{"source":"1522","target":"1584"},{"source":"1522","target":"1589"},{"source":"1522","target":"1590"},{"source":"1522","target":"1600"},{"source":"1522","target":"1603"},{"source":"1522","target":"1604"},{"source":"1522","target":"1608"},{"source":"1522","target":"1609"},{"source":"1522","target":"1612"},{"source":"1522","target":"1613"},{"source":"1522","target":"1617"},{"source":"1522","target":"1620"},{"source":"1522","target":"1621"},{"source":"1522","target":"1622"},{"source":"1522","target":"1632"},{"source":"1522","target":"1639"},{"source":"1522","target":"1643"},{"source":"1522","target":"1659"},{"source":"1522","target":"1663"},{"source":"1522","target":"1668"},{"source":"1522","target":"1669"},{"source":"1522","target":"1683"},{"source":"1522","target":"1685"},{"source":"1522","target":"1688"},{"source":"1522","target":"1689"},{"source":"1522","target":"1707"},{"source":"1522","target":"1712"},{"source":"1522","target":"1714"},{"source":"1522","target":"1718"},{"source":"1522","target":"1730"},{"source":"1522","target":"1735"},{"source":"1522","target":"1746"},{"source":"1522","target":"1750"},{"source":"1522","target":"1752"},{"source":"1522","target":"1761"},{"source":"1522","target":"1765"},{"source":"1522","target":"1768"},{"source":"1522","target":"1791"},{"source":"1522","target":"1795"},{"source":"1522","target":"1799"},{"source":"1522","target":"1800"},{"source":"1522","target":"1804"},{"source":"1522","target":"1816"},{"source":"1522","target":"1821"},{"source":"1522","target":"1823"},{"source":"1522","target":"1826"},{"source":"1522","target":"1827"},{"source":"1522","target":"1833"},{"source":"1522","target":"1835"},{"source":"1522","target":"1839"},{"source":"1522","target":"1842"},{"source":"1522","target":"1845"},{"source":"1522","target":"1851"},{"source":"1522","target":"1864"},{"source":"1522","target":"1868"},{"source":"1522","target":"1877"},{"source":"1522","target":"1879"},{"source":"1522","target":"1886"},{"source":"1522","target":"1888"},{"source":"1522","target":"1898"},{"source":"1523","target":"1532"},{"source":"1523","target":"1540"},{"source":"1523","target":"1554"},{"source":"1523","target":"1557"},{"source":"1523","target":"1572"},{"source":"1523","target":"1600"},{"source":"1523","target":"1609"},{"source":"1523","target":"1617"},{"source":"1523","target":"1618"},{"source":"1523","target":"1621"},{"source":"1523","target":"1622"},{"source":"1523","target":"1632"},{"source":"1523","target":"1659"},{"source":"1523","target":"1663"},{"source":"1523","target":"1674"},{"source":"1523","target":"1683"},{"source":"1523","target":"1689"},{"source":"1523","target":"1718"},{"source":"1523","target":"1723"},{"source":"1523","target":"1724"},{"source":"1523","target":"1746"},{"source":"1523","target":"1750"},{"source":"1523","target":"1768"},{"source":"1523","target":"1780"},{"source":"1523","target":"1795"},{"source":"1523","target":"1800"},{"source":"1523","target":"1811"},{"source":"1523","target":"1819"},{"source":"1523","target":"1827"},{"source":"1523","target":"1835"},{"source":"1523","target":"1852"},{"source":"1523","target":"1863"},{"source":"1523","target":"1867"},{"source":"1523","target":"1877"},{"source":"1523","target":"1891"},{"source":"1523","target":"1911"},{"source":"1524","target":"1557"},{"source":"1524","target":"1572"},{"source":"1524","target":"1580"},{"source":"1524","target":"1589"},{"source":"1524","target":"1608"},{"source":"1524","target":"1613"},{"source":"1524","target":"1623"},{"source":"1524","target":"1688"},{"source":"1524","target":"1689"},{"source":"1524","target":"1730"},{"source":"1524","target":"1746"},{"source":"1524","target":"1752"},{"source":"1524","target":"1757"},{"source":"1524","target":"1772"},{"source":"1524","target":"1796"},{"source":"1524","target":"1800"},{"source":"1524","target":"1804"},{"source":"1524","target":"1827"},{"source":"1524","target":"1867"},{"source":"1524","target":"1888"},{"source":"1525","target":"1529"},{"source":"1525","target":"1536"},{"source":"1525","target":"1541"},{"source":"1525","target":"1549"},{"source":"1525","target":"1569"},{"source":"1525","target":"1630"},{"source":"1525","target":"1634"},{"source":"1525","target":"1681"},{"source":"1525","target":"1686"},{"source":"1525","target":"1699"},{"source":"1525","target":"1703"},{"source":"1525","target":"1709"},{"source":"1525","target":"1745"},{"source":"1525","target":"1770"},{"source":"1525","target":"1781"},{"source":"1525","target":"1783"},{"source":"1525","target":"1785"},{"source":"1525","target":"1807"},{"source":"1525","target":"1876"},{"source":"1525","target":"1897"},{"source":"1526","target":"1545"},{"source":"1526","target":"1565"},{"source":"1526","target":"1645"},{"source":"1526","target":"1692"},{"source":"1526","target":"1696"},{"source":"1526","target":"1766"},{"source":"1526","target":"1794"},{"source":"1526","target":"1844"},{"source":"1526","target":"1853"},{"source":"1526","target":"1878"},{"source":"1527","target":"1642"},{"source":"1527","target":"1670"},{"source":"1527","target":"1674"},{"source":"1527","target":"1852"},{"source":"1527","target":"1911"},{"source":"1528","target":"1557"},{"source":"1528","target":"1559"},{"source":"1528","target":"1563"},{"source":"1528","target":"1589"},{"source":"1528","target":"1603"},{"source":"1528","target":"1608"},{"source":"1528","target":"1609"},{"source":"1528","target":"1612"},{"source":"1528","target":"1613"},{"source":"1528","target":"1620"},{"source":"1528","target":"1637"},{"source":"1528","target":"1663"},{"source":"1528","target":"1669"},{"source":"1528","target":"1675"},{"source":"1528","target":"1685"},{"source":"1528","target":"1688"},{"source":"1528","target":"1710"},{"source":"1528","target":"1722"},{"source":"1528","target":"1723"},{"source":"1528","target":"1724"},{"source":"1528","target":"1730"},{"source":"1528","target":"1746"},{"source":"1528","target":"1753"},{"source":"1528","target":"1754"},{"source":"1528","target":"1757"},{"source":"1528","target":"1765"},{"source":"1528","target":"1768"},{"source":"1528","target":"1782"},{"source":"1528","target":"1791"},{"source":"1528","target":"1811"},{"source":"1528","target":"1813"},{"source":"1528","target":"1827"},{"source":"1528","target":"1835"},{"source":"1528","target":"1845"},{"source":"1528","target":"1864"},{"source":"1529","target":"1569"},{"source":"1529","target":"1574"},{"source":"1529","target":"1630"},{"source":"1529","target":"1650"},{"source":"1529","target":"1667"},{"source":"1529","target":"1699"},{"source":"1529","target":"1709"},{"source":"1529","target":"1727"},{"source":"1529","target":"1745"},{"source":"1529","target":"1761"},{"source":"1529","target":"1770"},{"source":"1529","target":"1778"},{"source":"1529","target":"1781"},{"source":"1529","target":"1783"},{"source":"1529","target":"1785"},{"source":"1529","target":"1807"},{"source":"1529","target":"1828"},{"source":"1529","target":"1855"},{"source":"1530","target":"1554"},{"source":"1530","target":"1559"},{"source":"1530","target":"1563"},{"source":"1530","target":"1580"},{"source":"1530","target":"1584"},{"source":"1530","target":"1589"},{"source":"1530","target":"1597"},{"source":"1530","target":"1598"},{"source":"1530","target":"1603"},{"source":"1530","target":"1608"},{"source":"1530","target":"1610"},{"source":"1530","target":"1612"},{"source":"1530","target":"1613"},{"source":"1530","target":"1617"},{"source":"1530","target":"1643"},{"source":"1530","target":"1662"},{"source":"1530","target":"1663"},{"source":"1530","target":"1668"},{"source":"1530","target":"1669"},{"source":"1530","target":"1689"},{"source":"1530","target":"1707"},{"source":"1530","target":"1714"},{"source":"1530","target":"1721"},{"source":"1530","target":"1730"},{"source":"1530","target":"1735"},{"source":"1530","target":"1736"},{"source":"1530","target":"1737"},{"source":"1530","target":"1746"},{"source":"1530","target":"1750"},{"source":"1530","target":"1752"},{"source":"1530","target":"1754"},{"source":"1530","target":"1768"},{"source":"1530","target":"1793"},{"source":"1530","target":"1795"},{"source":"1530","target":"1800"},{"source":"1530","target":"1804"},{"source":"1530","target":"1809"},{"source":"1530","target":"1810"},{"source":"1530","target":"1813"},{"source":"1530","target":"1823"},{"source":"1530","target":"1826"},{"source":"1530","target":"1827"},{"source":"1530","target":"1833"},{"source":"1530","target":"1839"},{"source":"1530","target":"1849"},{"source":"1530","target":"1867"},{"source":"1530","target":"1868"},{"source":"1530","target":"1879"},{"source":"1530","target":"1888"},{"source":"1530","target":"1902"},{"source":"1531","target":"1543"},{"source":"1531","target":"1620"},{"source":"1531","target":"1646"},{"source":"1531","target":"1738"},{"source":"1531","target":"1743"},{"source":"1531","target":"1781"},{"source":"1531","target":"1831"},{"source":"1531","target":"1876"},{"source":"1532","target":"1597"},{"source":"1532","target":"1604"},{"source":"1532","target":"1617"},{"source":"1532","target":"1623"},{"source":"1532","target":"1632"},{"source":"1532","target":"1653"},{"source":"1532","target":"1700"},{"source":"1532","target":"1707"},{"source":"1532","target":"1746"},{"source":"1532","target":"1757"},{"source":"1532","target":"1789"},{"source":"1532","target":"1800"},{"source":"1532","target":"1810"},{"source":"1532","target":"1827"},{"source":"1532","target":"1833"},{"source":"1532","target":"1867"},{"source":"1532","target":"1886"},{"source":"1532","target":"1888"},{"source":"1533","target":"1548"},{"source":"1533","target":"1568"},{"source":"1533","target":"1601"},{"source":"1533","target":"1629"},{"source":"1533","target":"1733"},{"source":"1533","target":"1747"},{"source":"1533","target":"1758"},{"source":"1533","target":"1787"},{"source":"1533","target":"1798"},{"source":"1533","target":"1802"},{"source":"1533","target":"1837"},{"source":"1533","target":"1880"},{"source":"1533","target":"1895"},{"source":"1534","target":"1577"},{"source":"1534","target":"1642"},{"source":"1534","target":"1666"},{"source":"1534","target":"1674"},{"source":"1534","target":"1684"},{"source":"1534","target":"1687"},{"source":"1534","target":"1701"},{"source":"1534","target":"1758"},{"source":"1534","target":"1825"},{"source":"1534","target":"2693"},{"source":"1534","target":"2764"},{"source":"1534","target":"2822"},{"source":"1534","target":"2883"},{"source":"1534","target":"2979"},{"source":"1534","target":"3101"},{"source":"1534","target":"3222"},{"source":"1534","target":"3245"},{"source":"1534","target":"3248"},{"source":"1534","target":"3263"},{"source":"1534","target":"3265"},{"source":"1534","target":"3278"},{"source":"1534","target":"3361"},{"source":"1534","target":"3385"},{"source":"1535","target":"1537"},{"source":"1535","target":"1551"},{"source":"1535","target":"1559"},{"source":"1535","target":"1570"},{"source":"1535","target":"1571"},{"source":"1535","target":"1604"},{"source":"1535","target":"1608"},{"source":"1535","target":"1609"},{"source":"1535","target":"1639"},{"source":"1535","target":"1663"},{"source":"1535","target":"1669"},{"source":"1535","target":"1675"},{"source":"1535","target":"1685"},{"source":"1535","target":"1717"},{"source":"1535","target":"1730"},{"source":"1535","target":"1768"},{"source":"1535","target":"1793"},{"source":"1535","target":"1804"},{"source":"1535","target":"1811"},{"source":"1535","target":"1813"},{"source":"1535","target":"1835"},{"source":"1535","target":"1842"},{"source":"1535","target":"1843"},{"source":"1535","target":"1861"},{"source":"1535","target":"1868"},{"source":"1535","target":"1898"},{"source":"1536","target":"1574"},{"source":"1536","target":"1629"},{"source":"1536","target":"1630"},{"source":"1536","target":"1633"},{"source":"1536","target":"1634"},{"source":"1536","target":"1686"},{"source":"1536","target":"1690"},{"source":"1536","target":"1692"},{"source":"1536","target":"1699"},{"source":"1536","target":"1703"},{"source":"1536","target":"1709"},{"source":"1536","target":"1725"},{"source":"1536","target":"1727"},{"source":"1536","target":"1738"},{"source":"1536","target":"1770"},{"source":"1536","target":"1787"},{"source":"1536","target":"1807"},{"source":"1536","target":"1876"},{"source":"1536","target":"1881"},{"source":"1536","target":"1897"},{"source":"1536","target":"1906"},{"source":"1537","target":"1567"},{"source":"1537","target":"1613"},{"source":"1537","target":"1806"},{"source":"1537","target":"1856"},{"source":"1538","target":"1542"},{"source":"1538","target":"1556"},{"source":"1538","target":"1559"},{"source":"1538","target":"1563"},{"source":"1538","target":"1584"},{"source":"1538","target":"1589"},{"source":"1538","target":"1603"},{"source":"1538","target":"1612"},{"source":"1538","target":"1621"},{"source":"1538","target":"1623"},{"source":"1538","target":"1643"},{"source":"1538","target":"1652"},{"source":"1538","target":"1653"},{"source":"1538","target":"1662"},{"source":"1538","target":"1665"},{"source":"1538","target":"1707"},{"source":"1538","target":"1714"},{"source":"1538","target":"1717"},{"source":"1538","target":"1730"},{"source":"1538","target":"1735"},{"source":"1538","target":"1750"},{"source":"1538","target":"1757"},{"source":"1538","target":"1769"},{"source":"1538","target":"1780"},{"source":"1538","target":"1789"},{"source":"1538","target":"1793"},{"source":"1538","target":"1799"},{"source":"1538","target":"1800"},{"source":"1538","target":"1810"},{"source":"1538","target":"1821"},{"source":"1538","target":"1833"},{"source":"1538","target":"1839"},{"source":"1538","target":"1874"},{"source":"1538","target":"1888"},{"source":"1539","target":"1540"},{"source":"1539","target":"1551"},{"source":"1539","target":"1557"},{"source":"1539","target":"1559"},{"source":"1539","target":"1584"},{"source":"1539","target":"1603"},{"source":"1539","target":"1608"},{"source":"1539","target":"1612"},{"source":"1539","target":"1620"},{"source":"1539","target":"1621"},{"source":"1539","target":"1622"},{"source":"1539","target":"1623"},{"source":"1539","target":"1632"},{"source":"1539","target":"1639"},{"source":"1539","target":"1652"},{"source":"1539","target":"1653"},{"source":"1539","target":"1663"},{"source":"1539","target":"1669"},{"source":"1539","target":"1683"},{"source":"1539","target":"1689"},{"source":"1539","target":"1721"},{"source":"1539","target":"1724"},{"source":"1539","target":"1746"},{"source":"1539","target":"1750"},{"source":"1539","target":"1752"},{"source":"1539","target":"1768"},{"source":"1539","target":"1789"},{"source":"1539","target":"1791"},{"source":"1539","target":"1795"},{"source":"1539","target":"1816"},{"source":"1539","target":"1819"},{"source":"1539","target":"1827"},{"source":"1539","target":"1835"},{"source":"1539","target":"1839"},{"source":"1539","target":"1861"},{"source":"1539","target":"1867"},{"source":"1539","target":"1877"},{"source":"1540","target":"1554"},{"source":"1540","target":"1557"},{"source":"1540","target":"1569"},{"source":"1540","target":"1584"},{"source":"1540","target":"1597"},{"source":"1540","target":"1600"},{"source":"1540","target":"1618"},{"source":"1540","target":"1622"},{"source":"1540","target":"1630"},{"source":"1540","target":"1652"},{"source":"1540","target":"1669"},{"source":"1540","target":"1683"},{"source":"1540","target":"1689"},{"source":"1540","target":"1699"},{"source":"1540","target":"1711"},{"source":"1540","target":"1717"},{"source":"1540","target":"1718"},{"source":"1540","target":"1730"},{"source":"1540","target":"1800"},{"source":"1540","target":"1807"},{"source":"1540","target":"1813"},{"source":"1540","target":"1818"},{"source":"1540","target":"1819"},{"source":"1540","target":"1827"},{"source":"1540","target":"1845"},{"source":"1540","target":"1864"},{"source":"1540","target":"1867"},{"source":"1540","target":"1877"},{"source":"1540","target":"1891"},{"source":"1540","target":"1909"},{"source":"1541","target":"1624"},{"source":"1541","target":"1672"},{"source":"1541","target":"1681"},{"source":"1541","target":"1699"},{"source":"1541","target":"1727"},{"source":"1541","target":"1770"},{"source":"1541","target":"1847"},{"source":"1541","target":"1904"},{"source":"1542","target":"1580"},{"source":"1542","target":"1589"},{"source":"1542","target":"1598"},{"source":"1542","target":"1604"},{"source":"1542","target":"1605"},{"source":"1542","target":"1610"},{"source":"1542","target":"1619"},{"source":"1542","target":"1662"},{"source":"1542","target":"1665"},{"source":"1542","target":"1668"},{"source":"1542","target":"1707"},{"source":"1542","target":"1712"},{"source":"1542","target":"1717"},{"source":"1542","target":"1772"},{"source":"1542","target":"1793"},{"source":"1542","target":"1800"},{"source":"1542","target":"1809"},{"source":"1542","target":"1810"},{"source":"1542","target":"1816"},{"source":"1542","target":"1826"},{"source":"1542","target":"1832"},{"source":"1542","target":"1839"},{"source":"1542","target":"1845"},{"source":"1542","target":"1868"},{"source":"1542","target":"1888"},{"source":"1542","target":"1898"},{"source":"1542","target":"1902"},{"source":"1543","target":"1574"},{"source":"1543","target":"1660"},{"source":"1543","target":"1677"},{"source":"1543","target":"1679"},{"source":"1543","target":"1692"},{"source":"1543","target":"1844"},{"source":"1543","target":"1870"},{"source":"1543","target":"1878"},{"source":"1543","target":"1881"},{"source":"1544","target":"1564"},{"source":"1544","target":"1585"},{"source":"1544","target":"1779"},{"source":"1544","target":"1822"},{"source":"1544","target":"1905"},{"source":"1545","target":"1574"},{"source":"1545","target":"1654"},{"source":"1545","target":"1679"},{"source":"1545","target":"1696"},{"source":"1545","target":"1743"},{"source":"1545","target":"1762"},{"source":"1545","target":"1767"},{"source":"1545","target":"1778"},{"source":"1545","target":"1831"},{"source":"1545","target":"1844"},{"source":"1545","target":"1853"},{"source":"1545","target":"1910"},{"source":"1546","target":"1889"},{"source":"1547","target":"1551"},{"source":"1547","target":"1554"},{"source":"1547","target":"1556"},{"source":"1547","target":"1559"},{"source":"1547","target":"1584"},{"source":"1547","target":"1589"},{"source":"1547","target":"1600"},{"source":"1547","target":"1603"},{"source":"1547","target":"1605"},{"source":"1547","target":"1610"},{"source":"1547","target":"1613"},{"source":"1547","target":"1619"},{"source":"1547","target":"1620"},{"source":"1547","target":"1621"},{"source":"1547","target":"1623"},{"source":"1547","target":"1652"},{"source":"1547","target":"1662"},{"source":"1547","target":"1665"},{"source":"1547","target":"1668"},{"source":"1547","target":"1707"},{"source":"1547","target":"1712"},{"source":"1547","target":"1714"},{"source":"1547","target":"1721"},{"source":"1547","target":"1730"},{"source":"1547","target":"1736"},{"source":"1547","target":"1737"},{"source":"1547","target":"1741"},{"source":"1547","target":"1746"},{"source":"1547","target":"1757"},{"source":"1547","target":"1789"},{"source":"1547","target":"1793"},{"source":"1547","target":"1800"},{"source":"1547","target":"1804"},{"source":"1547","target":"1809"},{"source":"1547","target":"1813"},{"source":"1547","target":"1816"},{"source":"1547","target":"1823"},{"source":"1547","target":"1826"},{"source":"1547","target":"1827"},{"source":"1547","target":"1832"},{"source":"1547","target":"1833"},{"source":"1547","target":"1839"},{"source":"1547","target":"1849"},{"source":"1547","target":"1864"},{"source":"1547","target":"1868"},{"source":"1547","target":"1879"},{"source":"1547","target":"1886"},{"source":"1547","target":"1888"},{"source":"1547","target":"1898"},{"source":"1547","target":"1902"},{"source":"1548","target":"1568"},{"source":"1548","target":"1601"},{"source":"1548","target":"1648"},{"source":"1548","target":"1733"},{"source":"1548","target":"1747"},{"source":"1548","target":"1787"},{"source":"1548","target":"1798"},{"source":"1548","target":"1802"},{"source":"1548","target":"1837"},{"source":"1548","target":"1880"},{"source":"1548","target":"1892"},{"source":"1548","target":"1895"},{"source":"1549","target":"1565"},{"source":"1549","target":"1574"},{"source":"1549","target":"1624"},{"source":"1549","target":"1625"},{"source":"1549","target":"1671"},{"source":"1549","target":"1695"},{"source":"1549","target":"1703"},{"source":"1549","target":"1740"},{"source":"1549","target":"1763"},{"source":"1549","target":"1766"},{"source":"1549","target":"1773"},{"source":"1549","target":"1778"},{"source":"1549","target":"1801"},{"source":"1549","target":"1844"},{"source":"1550","target":"1573"},{"source":"1550","target":"1576"},{"source":"1550","target":"1578"},{"source":"1550","target":"1583"},{"source":"1550","target":"1591"},{"source":"1550","target":"1596"},{"source":"1550","target":"1611"},{"source":"1550","target":"1628"},{"source":"1550","target":"1647"},{"source":"1550","target":"1691"},{"source":"1550","target":"1728"},{"source":"1550","target":"1841"},{"source":"1550","target":"1875"},{"source":"1551","target":"1554"},{"source":"1551","target":"1559"},{"source":"1551","target":"1563"},{"source":"1551","target":"1570"},{"source":"1551","target":"1580"},{"source":"1551","target":"1584"},{"source":"1551","target":"1589"},{"source":"1551","target":"1597"},{"source":"1551","target":"1603"},{"source":"1551","target":"1604"},{"source":"1551","target":"1608"},{"source":"1551","target":"1609"},{"source":"1551","target":"1610"},{"source":"1551","target":"1612"},{"source":"1551","target":"1617"},{"source":"1551","target":"1621"},{"source":"1551","target":"1623"},{"source":"1551","target":"1637"},{"source":"1551","target":"1639"},{"source":"1551","target":"1643"},{"source":"1551","target":"1662"},{"source":"1551","target":"1663"},{"source":"1551","target":"1669"},{"source":"1551","target":"1675"},{"source":"1551","target":"1683"},{"source":"1551","target":"1685"},{"source":"1551","target":"1689"},{"source":"1551","target":"1700"},{"source":"1551","target":"1707"},{"source":"1551","target":"1712"},{"source":"1551","target":"1714"},{"source":"1551","target":"1717"},{"source":"1551","target":"1721"},{"source":"1551","target":"1723"},{"source":"1551","target":"1730"},{"source":"1551","target":"1734"},{"source":"1551","target":"1736"},{"source":"1551","target":"1746"},{"source":"1551","target":"1750"},{"source":"1551","target":"1753"},{"source":"1551","target":"1754"},{"source":"1551","target":"1757"},{"source":"1551","target":"1761"},{"source":"1551","target":"1768"},{"source":"1551","target":"1791"},{"source":"1551","target":"1793"},{"source":"1551","target":"1800"},{"source":"1551","target":"1804"},{"source":"1551","target":"1809"},{"source":"1551","target":"1811"},{"source":"1551","target":"1813"},{"source":"1551","target":"1819"},{"source":"1551","target":"1826"},{"source":"1551","target":"1827"},{"source":"1551","target":"1833"},{"source":"1551","target":"1835"},{"source":"1551","target":"1839"},{"source":"1551","target":"1842"},{"source":"1551","target":"1843"},{"source":"1551","target":"1845"},{"source":"1551","target":"1849"},{"source":"1551","target":"1861"},{"source":"1551","target":"1864"},{"source":"1551","target":"1867"},{"source":"1551","target":"1868"},{"source":"1551","target":"1877"},{"source":"1551","target":"1879"},{"source":"1551","target":"1888"},{"source":"1551","target":"1891"},{"source":"1551","target":"1898"},{"source":"1551","target":"1902"},{"source":"1552","target":"1642"},{"source":"1552","target":"1674"},{"source":"1552","target":"1858"},{"source":"1553","target":"1555"},{"source":"1553","target":"1570"},{"source":"1553","target":"1579"},{"source":"1553","target":"1615"},{"source":"1553","target":"1620"},{"source":"1553","target":"1688"},{"source":"1553","target":"1698"},{"source":"1553","target":"1768"},{"source":"1553","target":"1791"},{"source":"1553","target":"1806"},{"source":"1553","target":"1825"},{"source":"1553","target":"1847"},{"source":"1553","target":"1861"},{"source":"1553","target":"1908"},{"source":"1554","target":"1557"},{"source":"1554","target":"1559"},{"source":"1554","target":"1563"},{"source":"1554","target":"1570"},{"source":"1554","target":"1584"},{"source":"1554","target":"1589"},{"source":"1554","target":"1597"},{"source":"1554","target":"1600"},{"source":"1554","target":"1603"},{"source":"1554","target":"1605"},{"source":"1554","target":"1608"},{"source":"1554","target":"1609"},{"source":"1554","target":"1610"},{"source":"1554","target":"1612"},{"source":"1554","target":"1613"},{"source":"1554","target":"1617"},{"source":"1554","target":"1618"},{"source":"1554","target":"1621"},{"source":"1554","target":"1622"},{"source":"1554","target":"1623"},{"source":"1554","target":"1662"},{"source":"1554","target":"1663"},{"source":"1554","target":"1669"},{"source":"1554","target":"1675"},{"source":"1554","target":"1683"},{"source":"1554","target":"1689"},{"source":"1554","target":"1707"},{"source":"1554","target":"1714"},{"source":"1554","target":"1717"},{"source":"1554","target":"1721"},{"source":"1554","target":"1723"},{"source":"1554","target":"1730"},{"source":"1554","target":"1734"},{"source":"1554","target":"1736"},{"source":"1554","target":"1737"},{"source":"1554","target":"1741"},{"source":"1554","target":"1746"},{"source":"1554","target":"1750"},{"source":"1554","target":"1752"},{"source":"1554","target":"1753"},{"source":"1554","target":"1754"},{"source":"1554","target":"1757"},{"source":"1554","target":"1768"},{"source":"1554","target":"1791"},{"source":"1554","target":"1793"},{"source":"1554","target":"1795"},{"source":"1554","target":"1799"},{"source":"1554","target":"1800"},{"source":"1554","target":"1811"},{"source":"1554","target":"1813"},{"source":"1554","target":"1819"},{"source":"1554","target":"1826"},{"source":"1554","target":"1827"},{"source":"1554","target":"1833"},{"source":"1554","target":"1835"},{"source":"1554","target":"1839"},{"source":"1554","target":"1845"},{"source":"1554","target":"1849"},{"source":"1554","target":"1861"},{"source":"1554","target":"1864"},{"source":"1554","target":"1867"},{"source":"1554","target":"1877"},{"source":"1554","target":"1879"},{"source":"1554","target":"1888"},{"source":"1554","target":"1891"},{"source":"1555","target":"1561"},{"source":"1555","target":"1567"},{"source":"1555","target":"1579"},{"source":"1555","target":"1588"},{"source":"1555","target":"1593"},{"source":"1555","target":"1615"},{"source":"1555","target":"1656"},{"source":"1555","target":"1676"},{"source":"1555","target":"1678"},{"source":"1555","target":"1687"},{"source":"1555","target":"1705"},{"source":"1555","target":"1719"},{"source":"1555","target":"1726"},{"source":"1555","target":"1803"},{"source":"1555","target":"1806"},{"source":"1555","target":"1825"},{"source":"1555","target":"1847"},{"source":"1555","target":"1866"},{"source":"1556","target":"1610"},{"source":"1556","target":"1668"},{"source":"1556","target":"1757"},{"source":"1556","target":"1789"},{"source":"1556","target":"1810"},{"source":"1556","target":"1886"},{"source":"1556","target":"1888"},{"source":"1557","target":"1559"},{"source":"1557","target":"1584"},{"source":"1557","target":"1589"},{"source":"1557","target":"1597"},{"source":"1557","target":"1598"},{"source":"1557","target":"1600"},{"source":"1557","target":"1603"},{"source":"1557","target":"1609"},{"source":"1557","target":"1612"},{"source":"1557","target":"1613"},{"source":"1557","target":"1614"},{"source":"1557","target":"1617"},{"source":"1557","target":"1620"},{"source":"1557","target":"1621"},{"source":"1557","target":"1622"},{"source":"1557","target":"1623"},{"source":"1557","target":"1632"},{"source":"1557","target":"1643"},{"source":"1557","target":"1644"},{"source":"1557","target":"1653"},{"source":"1557","target":"1659"},{"source":"1557","target":"1662"},{"source":"1557","target":"1663"},{"source":"1557","target":"1669"},{"source":"1557","target":"1683"},{"source":"1557","target":"1685"},{"source":"1557","target":"1688"},{"source":"1557","target":"1689"},{"source":"1557","target":"1707"},{"source":"1557","target":"1710"},{"source":"1557","target":"1717"},{"source":"1557","target":"1721"},{"source":"1557","target":"1724"},{"source":"1557","target":"1730"},{"source":"1557","target":"1734"},{"source":"1557","target":"1735"},{"source":"1557","target":"1736"},{"source":"1557","target":"1737"},{"source":"1557","target":"1746"},{"source":"1557","target":"1750"},{"source":"1557","target":"1752"},{"source":"1557","target":"1754"},{"source":"1557","target":"1757"},{"source":"1557","target":"1761"},{"source":"1557","target":"1768"},{"source":"1557","target":"1772"},{"source":"1557","target":"1789"},{"source":"1557","target":"1791"},{"source":"1557","target":"1793"},{"source":"1557","target":"1795"},{"source":"1557","target":"1796"},{"source":"1557","target":"1799"},{"source":"1557","target":"1800"},{"source":"1557","target":"1819"},{"source":"1557","target":"1823"},{"source":"1557","target":"1827"},{"source":"1557","target":"1833"},{"source":"1557","target":"1835"},{"source":"1557","target":"1845"},{"source":"1557","target":"1861"},{"source":"1557","target":"1864"},{"source":"1557","target":"1867"},{"source":"1557","target":"1877"},{"source":"1557","target":"1879"},{"source":"1557","target":"1886"},{"source":"1557","target":"1888"},{"source":"1558","target":"1860"},{"source":"1559","target":"1561"},{"source":"1559","target":"1563"},{"source":"1559","target":"1570"},{"source":"1559","target":"1580"},{"source":"1559","target":"1584"},{"source":"1559","target":"1589"},{"source":"1559","target":"1594"},{"source":"1559","target":"1597"},{"source":"1559","target":"1598"},{"source":"1559","target":"1603"},{"source":"1559","target":"1604"},{"source":"1559","target":"1608"},{"source":"1559","target":"1609"},{"source":"1559","target":"1610"},{"source":"1559","target":"1612"},{"source":"1559","target":"1613"},{"source":"1559","target":"1621"},{"source":"1559","target":"1622"},{"source":"1559","target":"1637"},{"source":"1559","target":"1639"},{"source":"1559","target":"1643"},{"source":"1559","target":"1662"},{"source":"1559","target":"1663"},{"source":"1559","target":"1665"},{"source":"1559","target":"1668"},{"source":"1559","target":"1669"},{"source":"1559","target":"1675"},{"source":"1559","target":"1683"},{"source":"1559","target":"1689"},{"source":"1559","target":"1712"},{"source":"1559","target":"1714"},{"source":"1559","target":"1717"},{"source":"1559","target":"1723"},{"source":"1559","target":"1730"},{"source":"1559","target":"1735"},{"source":"1559","target":"1736"},{"source":"1559","target":"1741"},{"source":"1559","target":"1746"},{"source":"1559","target":"1750"},{"source":"1559","target":"1752"},{"source":"1559","target":"1753"},{"source":"1559","target":"1757"},{"source":"1559","target":"1761"},{"source":"1559","target":"1768"},{"source":"1559","target":"1772"},{"source":"1559","target":"1782"},{"source":"1559","target":"1789"},{"source":"1559","target":"1791"},{"source":"1559","target":"1793"},{"source":"1559","target":"1799"},{"source":"1559","target":"1800"},{"source":"1559","target":"1804"},{"source":"1559","target":"1809"},{"source":"1559","target":"1810"},{"source":"1559","target":"1811"},{"source":"1559","target":"1813"},{"source":"1559","target":"1816"},{"source":"1559","target":"1823"},{"source":"1559","target":"1826"},{"source":"1559","target":"1827"},{"source":"1559","target":"1833"},{"source":"1559","target":"1835"},{"source":"1559","target":"1839"},{"source":"1559","target":"1842"},{"source":"1559","target":"1843"},{"source":"1559","target":"1849"},{"source":"1559","target":"1861"},{"source":"1559","target":"1864"},{"source":"1559","target":"1868"},{"source":"1559","target":"1879"},{"source":"1559","target":"1888"},{"source":"1559","target":"1891"},{"source":"1559","target":"1898"},{"source":"1559","target":"1902"},{"source":"1561","target":"1621"},{"source":"1561","target":"1626"},{"source":"1561","target":"1656"},{"source":"1561","target":"1678"},{"source":"1561","target":"1702"},{"source":"1561","target":"1852"},{"source":"1561","target":"1863"},{"source":"1561","target":"1911"},{"source":"1562","target":"1886"},{"source":"1562","target":"1889"},{"source":"1562","target":"1896"},{"source":"1563","target":"1570"},{"source":"1563","target":"1584"},{"source":"1563","target":"1589"},{"source":"1563","target":"1590"},{"source":"1563","target":"1603"},{"source":"1563","target":"1610"},{"source":"1563","target":"1612"},{"source":"1563","target":"1613"},{"source":"1563","target":"1621"},{"source":"1563","target":"1622"},{"source":"1563","target":"1637"},{"source":"1563","target":"1643"},{"source":"1563","target":"1662"},{"source":"1563","target":"1663"},{"source":"1563","target":"1665"},{"source":"1563","target":"1669"},{"source":"1563","target":"1675"},{"source":"1563","target":"1683"},{"source":"1563","target":"1689"},{"source":"1563","target":"1707"},{"source":"1563","target":"1717"},{"source":"1563","target":"1730"},{"source":"1563","target":"1735"},{"source":"1563","target":"1736"},{"source":"1563","target":"1752"},{"source":"1563","target":"1753"},{"source":"1563","target":"1768"},{"source":"1563","target":"1769"},{"source":"1563","target":"1774"},{"source":"1563","target":"1782"},{"source":"1563","target":"1793"},{"source":"1563","target":"1795"},{"source":"1563","target":"1799"},{"source":"1563","target":"1800"},{"source":"1563","target":"1804"},{"source":"1563","target":"1810"},{"source":"1563","target":"1813"},{"source":"1563","target":"1827"},{"source":"1563","target":"1833"},{"source":"1563","target":"1835"},{"source":"1563","target":"1836"},{"source":"1563","target":"1839"},{"source":"1563","target":"1845"},{"source":"1563","target":"1852"},{"source":"1563","target":"1861"},{"source":"1563","target":"1891"},{"source":"1564","target":"1585"},{"source":"1564","target":"1666"},{"source":"1564","target":"1675"},{"source":"1564","target":"1779"},{"source":"1564","target":"1822"},{"source":"1564","target":"1860"},{"source":"1564","target":"1905"},{"source":"1565","target":"1602"},{"source":"1565","target":"1606"},{"source":"1565","target":"1625"},{"source":"1565","target":"1645"},{"source":"1565","target":"1660"},{"source":"1565","target":"1671"},{"source":"1565","target":"1679"},{"source":"1565","target":"1692"},{"source":"1565","target":"1695"},{"source":"1565","target":"1740"},{"source":"1565","target":"1744"},{"source":"1565","target":"1763"},{"source":"1565","target":"1766"},{"source":"1565","target":"1767"},{"source":"1565","target":"1773"},{"source":"1565","target":"1801"},{"source":"1565","target":"1844"},{"source":"1565","target":"1870"},{"source":"1565","target":"1881"},{"source":"1565","target":"1882"},{"source":"1566","target":"1599"},{"source":"1566","target":"1671"},{"source":"1566","target":"1680"},{"source":"1566","target":"1731"},{"source":"1566","target":"1743"},{"source":"1566","target":"1761"},{"source":"1566","target":"1814"},{"source":"1566","target":"1831"},{"source":"1566","target":"1910"},{"source":"1567","target":"1588"},{"source":"1567","target":"1593"},{"source":"1567","target":"1615"},{"source":"1567","target":"1687"},{"source":"1567","target":"1698"},{"source":"1567","target":"1705"},{"source":"1567","target":"1719"},{"source":"1567","target":"1803"},{"source":"1567","target":"1806"},{"source":"1567","target":"1825"},{"source":"1567","target":"1847"},{"source":"1567","target":"1866"},{"source":"1568","target":"1601"},{"source":"1568","target":"1648"},{"source":"1568","target":"1733"},{"source":"1568","target":"1747"},{"source":"1568","target":"1787"},{"source":"1568","target":"1798"},{"source":"1568","target":"1837"},{"source":"1568","target":"1880"},{"source":"1568","target":"1895"},{"source":"1569","target":"1591"},{"source":"1569","target":"1611"},{"source":"1569","target":"1630"},{"source":"1569","target":"1635"},{"source":"1569","target":"1646"},{"source":"1569","target":"1650"},{"source":"1569","target":"1658"},{"source":"1569","target":"1699"},{"source":"1569","target":"1703"},{"source":"1569","target":"1709"},{"source":"1569","target":"1738"},{"source":"1569","target":"1745"},{"source":"1569","target":"1781"},{"source":"1569","target":"1783"},{"source":"1569","target":"1807"},{"source":"1569","target":"1818"},{"source":"1569","target":"1862"},{"source":"1569","target":"1872"},{"source":"1569","target":"1903"},{"source":"1570","target":"1580"},{"source":"1570","target":"1584"},{"source":"1570","target":"1590"},{"source":"1570","target":"1598"},{"source":"1570","target":"1600"},{"source":"1570","target":"1603"},{"source":"1570","target":"1604"},{"source":"1570","target":"1608"},{"source":"1570","target":"1609"},{"source":"1570","target":"1612"},{"source":"1570","target":"1613"},{"source":"1570","target":"1620"},{"source":"1570","target":"1621"},{"source":"1570","target":"1623"},{"source":"1570","target":"1637"},{"source":"1570","target":"1639"},{"source":"1570","target":"1643"},{"source":"1570","target":"1652"},{"source":"1570","target":"1663"},{"source":"1570","target":"1669"},{"source":"1570","target":"1675"},{"source":"1570","target":"1685"},{"source":"1570","target":"1714"},{"source":"1570","target":"1717"},{"source":"1570","target":"1730"},{"source":"1570","target":"1734"},{"source":"1570","target":"1753"},{"source":"1570","target":"1761"},{"source":"1570","target":"1765"},{"source":"1570","target":"1768"},{"source":"1570","target":"1772"},{"source":"1570","target":"1795"},{"source":"1570","target":"1804"},{"source":"1570","target":"1811"},{"source":"1570","target":"1813"},{"source":"1570","target":"1823"},{"source":"1570","target":"1833"},{"source":"1570","target":"1835"},{"source":"1570","target":"1839"},{"source":"1570","target":"1842"},{"source":"1570","target":"1861"},{"source":"1570","target":"1888"},{"source":"1570","target":"1891"},{"source":"1570","target":"1902"},{"source":"1571","target":"1580"},{"source":"1571","target":"1589"},{"source":"1571","target":"1598"},{"source":"1571","target":"1600"},{"source":"1571","target":"1604"},{"source":"1571","target":"1619"},{"source":"1571","target":"1620"},{"source":"1571","target":"1622"},{"source":"1571","target":"1662"},{"source":"1571","target":"1663"},{"source":"1571","target":"1669"},{"source":"1571","target":"1674"},{"source":"1571","target":"1707"},{"source":"1571","target":"1722"},{"source":"1571","target":"1730"},{"source":"1571","target":"1741"},{"source":"1571","target":"1754"},{"source":"1571","target":"1768"},{"source":"1571","target":"1772"},{"source":"1571","target":"1793"},{"source":"1571","target":"1796"},{"source":"1571","target":"1823"},{"source":"1571","target":"1833"},{"source":"1571","target":"1839"},{"source":"1571","target":"1849"},{"source":"1571","target":"1864"},{"source":"1571","target":"1879"},{"source":"1571","target":"1902"},{"source":"1571","target":"1911"},{"source":"1572","target":"1597"},{"source":"1572","target":"1644"},{"source":"1572","target":"1653"},{"source":"1572","target":"1659"},{"source":"1572","target":"1688"},{"source":"1572","target":"1724"},{"source":"1572","target":"1730"},{"source":"1572","target":"1737"},{"source":"1572","target":"1746"},{"source":"1572","target":"1752"},{"source":"1572","target":"1757"},{"source":"1572","target":"1789"},{"source":"1572","target":"1799"},{"source":"1572","target":"1800"},{"source":"1572","target":"1810"},{"source":"1572","target":"1827"},{"source":"1572","target":"1877"},{"source":"1573","target":"1576"},{"source":"1573","target":"1578"},{"source":"1573","target":"1583"},{"source":"1573","target":"1587"},{"source":"1573","target":"1591"},{"source":"1573","target":"1592"},{"source":"1573","target":"1595"},{"source":"1573","target":"1596"},{"source":"1573","target":"1611"},{"source":"1573","target":"1628"},{"source":"1573","target":"1636"},{"source":"1573","target":"1655"},{"source":"1573","target":"1661"},{"source":"1573","target":"1682"},{"source":"1573","target":"1691"},{"source":"1573","target":"1715"},{"source":"1573","target":"1716"},{"source":"1573","target":"1786"},{"source":"1573","target":"1857"},{"source":"1573","target":"1862"},{"source":"1573","target":"1871"},{"source":"1573","target":"1873"},{"source":"1573","target":"1884"},{"source":"1573","target":"1893"},{"source":"1573","target":"1899"},{"source":"1574","target":"1616"},{"source":"1574","target":"1625"},{"source":"1574","target":"1645"},{"source":"1574","target":"1677"},{"source":"1574","target":"1679"},{"source":"1574","target":"1692"},{"source":"1574","target":"1695"},{"source":"1574","target":"1740"},{"source":"1574","target":"1744"},{"source":"1574","target":"1763"},{"source":"1574","target":"1766"},{"source":"1574","target":"1773"},{"source":"1574","target":"1778"},{"source":"1574","target":"1870"},{"source":"1574","target":"1882"},{"source":"1575","target":"1727"},{"source":"1575","target":"1761"},{"source":"1575","target":"1794"},{"source":"1575","target":"1807"},{"source":"1575","target":"1818"},{"source":"1575","target":"1829"},{"source":"1575","target":"1885"},{"source":"1575","target":"1894"},{"source":"1576","target":"1578"},{"source":"1576","target":"1583"},{"source":"1576","target":"1587"},{"source":"1576","target":"1592"},{"source":"1576","target":"1596"},{"source":"1576","target":"1611"},{"source":"1576","target":"1628"},{"source":"1576","target":"1636"},{"source":"1576","target":"1647"},{"source":"1576","target":"1655"},{"source":"1576","target":"1680"},{"source":"1576","target":"1682"},{"source":"1576","target":"1691"},{"source":"1576","target":"1715"},{"source":"1576","target":"1716"},{"source":"1576","target":"1720"},{"source":"1576","target":"1728"},{"source":"1576","target":"1841"},{"source":"1576","target":"1862"},{"source":"1576","target":"1872"},{"source":"1576","target":"1884"},{"source":"1576","target":"1899"},{"source":"1577","target":"1618"},{"source":"1577","target":"1666"},{"source":"1577","target":"1718"},{"source":"1577","target":"1912"},{"source":"1577","target":"1913"},{"source":"1577","target":"1916"},{"source":"1577","target":"1920"},{"source":"1577","target":"1932"},{"source":"1577","target":"1940"},{"source":"1577","target":"1941"},{"source":"1577","target":"1945"},{"source":"1577","target":"1947"},{"source":"1577","target":"1948"},{"source":"1577","target":"1954"},{"source":"1577","target":"1959"},{"source":"1577","target":"1994"},{"source":"1577","target":"2002"},{"source":"1577","target":"2007"},{"source":"1577","target":"2010"},{"source":"1577","target":"2026"},{"source":"1577","target":"2028"},{"source":"1577","target":"2032"},{"source":"1577","target":"2038"},{"source":"1577","target":"2039"},{"source":"1577","target":"2042"},{"source":"1577","target":"2047"},{"source":"1577","target":"2052"},{"source":"1577","target":"2053"},{"source":"1577","target":"2054"},{"source":"1577","target":"2062"},{"source":"1577","target":"2068"},{"source":"1577","target":"2071"},{"source":"1577","target":"2072"},{"source":"1577","target":"2081"},{"source":"1577","target":"2087"},{"source":"1577","target":"2101"},{"source":"1577","target":"2102"},{"source":"1577","target":"2111"},{"source":"1577","target":"2117"},{"source":"1577","target":"2125"},{"source":"1577","target":"2127"},{"source":"1577","target":"2128"},{"source":"1577","target":"2132"},{"source":"1577","target":"2133"},{"source":"1577","target":"2134"},{"source":"1577","target":"2135"},{"source":"1577","target":"2137"},{"source":"1577","target":"2138"},{"source":"1577","target":"2143"},{"source":"1577","target":"2144"},{"source":"1577","target":"2148"},{"source":"1577","target":"2149"},{"source":"1577","target":"2151"},{"source":"1577","target":"2153"},{"source":"1577","target":"2163"},{"source":"1577","target":"2169"},{"source":"1577","target":"2174"},{"source":"1577","target":"2176"},{"source":"1577","target":"2180"},{"source":"1577","target":"2183"},{"source":"1577","target":"2187"},{"source":"1577","target":"2189"},{"source":"1577","target":"2191"},{"source":"1577","target":"2194"},{"source":"1577","target":"2196"},{"source":"1577","target":"2198"},{"source":"1577","target":"2199"},{"source":"1577","target":"2203"},{"source":"1577","target":"2215"},{"source":"1577","target":"2223"},{"source":"1577","target":"2224"},{"source":"1577","target":"2239"},{"source":"1577","target":"2241"},{"source":"1577","target":"2246"},{"source":"1577","target":"2247"},{"source":"1577","target":"2250"},{"source":"1577","target":"2264"},{"source":"1577","target":"2267"},{"source":"1577","target":"2268"},{"source":"1577","target":"2273"},{"source":"1577","target":"2279"},{"source":"1577","target":"2282"},{"source":"1577","target":"2283"},{"source":"1577","target":"2285"},{"source":"1577","target":"2289"},{"source":"1577","target":"2292"},{"source":"1577","target":"2293"},{"source":"1577","target":"2294"},{"source":"1577","target":"2295"},{"source":"1577","target":"2298"},{"source":"1577","target":"2302"},{"source":"1577","target":"2315"},{"source":"1577","target":"2319"},{"source":"1577","target":"2327"},{"source":"1577","target":"2328"},{"source":"1577","target":"2332"},{"source":"1577","target":"2333"},{"source":"1577","target":"2336"},{"source":"1577","target":"2338"},{"source":"1577","target":"2343"},{"source":"1577","target":"2344"},{"source":"1577","target":"2347"},{"source":"1577","target":"2351"},{"source":"1577","target":"2355"},{"source":"1577","target":"2368"},{"source":"1577","target":"2372"},{"source":"1577","target":"2377"},{"source":"1577","target":"2384"},{"source":"1577","target":"2385"},{"source":"1577","target":"2389"},{"source":"1577","target":"2394"},{"source":"1577","target":"2398"},{"source":"1577","target":"2413"},{"source":"1577","target":"2417"},{"source":"1577","target":"2419"},{"source":"1577","target":"2420"},{"source":"1577","target":"2436"},{"source":"1577","target":"2445"},{"source":"1577","target":"2451"},{"source":"1577","target":"2458"},{"source":"1577","target":"2461"},{"source":"1577","target":"2463"},{"source":"1577","target":"2465"},{"source":"1577","target":"2468"},{"source":"1577","target":"2471"},{"source":"1577","target":"2472"},{"source":"1577","target":"2475"},{"source":"1577","target":"2491"},{"source":"1577","target":"2498"},{"source":"1577","target":"2502"},{"source":"1577","target":"2508"},{"source":"1577","target":"2509"},{"source":"1577","target":"2510"},{"source":"1577","target":"2511"},{"source":"1577","target":"2512"},{"source":"1577","target":"2516"},{"source":"1577","target":"2519"},{"source":"1577","target":"2529"},{"source":"1577","target":"2533"},{"source":"1577","target":"2543"},{"source":"1577","target":"2544"},{"source":"1577","target":"2547"},{"source":"1577","target":"2555"},{"source":"1577","target":"2567"},{"source":"1577","target":"2582"},{"source":"1577","target":"2588"},{"source":"1577","target":"2589"},{"source":"1577","target":"2592"},{"source":"1577","target":"2594"},{"source":"1577","target":"2597"},{"source":"1577","target":"2598"},{"source":"1577","target":"2605"},{"source":"1577","target":"2608"},{"source":"1577","target":"2609"},{"source":"1577","target":"2616"},{"source":"1577","target":"2617"},{"source":"1577","target":"2629"},{"source":"1577","target":"2642"},{"source":"1577","target":"2643"},{"source":"1577","target":"2649"},{"source":"1577","target":"2653"},{"source":"1578","target":"1596"},{"source":"1578","target":"1628"},{"source":"1578","target":"1635"},{"source":"1578","target":"1638"},{"source":"1578","target":"1655"},{"source":"1578","target":"1691"},{"source":"1578","target":"1716"},{"source":"1578","target":"1857"},{"source":"1578","target":"1862"},{"source":"1578","target":"1871"},{"source":"1580","target":"1589"},{"source":"1580","target":"1598"},{"source":"1580","target":"1604"},{"source":"1580","target":"1605"},{"source":"1580","target":"1608"},{"source":"1580","target":"1610"},{"source":"1580","target":"1613"},{"source":"1580","target":"1614"},{"source":"1580","target":"1621"},{"source":"1580","target":"1637"},{"source":"1580","target":"1662"},{"source":"1580","target":"1663"},{"source":"1580","target":"1665"},{"source":"1580","target":"1707"},{"source":"1580","target":"1736"},{"source":"1580","target":"1741"},{"source":"1580","target":"1746"},{"source":"1580","target":"1768"},{"source":"1580","target":"1772"},{"source":"1580","target":"1791"},{"source":"1580","target":"1793"},{"source":"1580","target":"1800"},{"source":"1580","target":"1804"},{"source":"1580","target":"1805"},{"source":"1580","target":"1816"},{"source":"1580","target":"1833"},{"source":"1580","target":"1839"},{"source":"1580","target":"1842"},{"source":"1580","target":"1849"},{"source":"1580","target":"1861"},{"source":"1580","target":"1868"},{"source":"1580","target":"1879"},{"source":"1580","target":"1888"},{"source":"1580","target":"1898"},{"source":"1580","target":"1902"},{"source":"1582","target":"1661"},{"source":"1582","target":"1728"},{"source":"1582","target":"1729"},{"source":"1582","target":"1732"},{"source":"1582","target":"1742"},{"source":"1582","target":"1751"},{"source":"1582","target":"1783"},{"source":"1582","target":"1786"},{"source":"1582","target":"1812"},{"source":"1582","target":"1820"},{"source":"1582","target":"1828"},{"source":"1582","target":"1848"},{"source":"1582","target":"1871"},{"source":"1582","target":"1893"},{"source":"1582","target":"1894"},{"source":"1583","target":"1587"},{"source":"1583","target":"1591"},{"source":"1583","target":"1592"},{"source":"1583","target":"1595"},{"source":"1583","target":"1596"},{"source":"1583","target":"1611"},{"source":"1583","target":"1628"},{"source":"1583","target":"1635"},{"source":"1583","target":"1636"},{"source":"1583","target":"1638"},{"source":"1583","target":"1647"},{"source":"1583","target":"1655"},{"source":"1583","target":"1680"},{"source":"1583","target":"1682"},{"source":"1583","target":"1691"},{"source":"1583","target":"1715"},{"source":"1583","target":"1716"},{"source":"1583","target":"1720"},{"source":"1583","target":"1728"},{"source":"1583","target":"1764"},{"source":"1583","target":"1783"},{"source":"1583","target":"1786"},{"source":"1583","target":"1812"},{"source":"1583","target":"1841"},{"source":"1583","target":"1857"},{"source":"1583","target":"1859"},{"source":"1583","target":"1862"},{"source":"1583","target":"1871"},{"source":"1583","target":"1872"},{"source":"1583","target":"1873"},{"source":"1583","target":"1884"},{"source":"1583","target":"1899"},{"source":"1583","target":"1903"},{"source":"1584","target":"1589"},{"source":"1584","target":"1590"},{"source":"1584","target":"1595"},{"source":"1584","target":"1597"},{"source":"1584","target":"1598"},{"source":"1584","target":"1600"},{"source":"1584","target":"1603"},{"source":"1584","target":"1604"},{"source":"1584","target":"1608"},{"source":"1584","target":"1612"},{"source":"1584","target":"1613"},{"source":"1584","target":"1614"},{"source":"1584","target":"1617"},{"source":"1584","target":"1619"},{"source":"1584","target":"1621"},{"source":"1584","target":"1622"},{"source":"1584","target":"1639"},{"source":"1584","target":"1643"},{"source":"1584","target":"1653"},{"source":"1584","target":"1658"},{"source":"1584","target":"1662"},{"source":"1584","target":"1663"},{"source":"1584","target":"1665"},{"source":"1584","target":"1668"},{"source":"1584","target":"1669"},{"source":"1584","target":"1675"},{"source":"1584","target":"1683"},{"source":"1584","target":"1703"},{"source":"1584","target":"1707"},{"source":"1584","target":"1712"},{"source":"1584","target":"1714"},{"source":"1584","target":"1717"},{"source":"1584","target":"1721"},{"source":"1584","target":"1730"},{"source":"1584","target":"1735"},{"source":"1584","target":"1736"},{"source":"1584","target":"1741"},{"source":"1584","target":"1746"},{"source":"1584","target":"1750"},{"source":"1584","target":"1752"},{"source":"1584","target":"1753"},{"source":"1584","target":"1757"},{"source":"1584","target":"1761"},{"source":"1584","target":"1765"},{"source":"1584","target":"1768"},{"source":"1584","target":"1789"},{"source":"1584","target":"1791"},{"source":"1584","target":"1793"},{"source":"1584","target":"1799"},{"source":"1584","target":"1800"},{"source":"1584","target":"1804"},{"source":"1584","target":"1807"},{"source":"1584","target":"1809"},{"source":"1584","target":"1810"},{"source":"1584","target":"1813"},{"source":"1584","target":"1816"},{"source":"1584","target":"1818"},{"source":"1584","target":"1819"},{"source":"1584","target":"1823"},{"source":"1584","target":"1826"},{"source":"1584","target":"1827"},{"source":"1584","target":"1833"},{"source":"1584","target":"1835"},{"source":"1584","target":"1839"},{"source":"1584","target":"1843"},{"source":"1584","target":"1845"},{"source":"1584","target":"1849"},{"source":"1584","target":"1864"},{"source":"1584","target":"1867"},{"source":"1584","target":"1868"},{"source":"1584","target":"1877"},{"source":"1584","target":"1879"},{"source":"1584","target":"1886"},{"source":"1584","target":"1888"},{"source":"1584","target":"1894"},{"source":"1584","target":"1902"},{"source":"1585","target":"1590"},{"source":"1585","target":"1666"},{"source":"1585","target":"1779"},{"source":"1585","target":"1822"},{"source":"1585","target":"1860"},{"source":"1585","target":"1905"},{"source":"1587","target":"1591"},{"source":"1587","target":"1596"},{"source":"1587","target":"1611"},{"source":"1587","target":"1628"},{"source":"1587","target":"1636"},{"source":"1587","target":"1647"},{"source":"1587","target":"1655"},{"source":"1587","target":"1680"},{"source":"1587","target":"1720"},{"source":"1587","target":"1728"},{"source":"1587","target":"1742"},{"source":"1587","target":"1786"},{"source":"1587","target":"1820"},{"source":"1587","target":"1857"},{"source":"1587","target":"1893"},{"source":"1587","target":"1899"},{"source":"1588","target":"1593"},{"source":"1588","target":"1676"},{"source":"1588","target":"1678"},{"source":"1588","target":"1687"},{"source":"1588","target":"1705"},{"source":"1588","target":"1719"},{"source":"1588","target":"1803"},{"source":"1588","target":"1806"},{"source":"1588","target":"1847"},{"source":"1588","target":"1866"},{"source":"1589","target":"1590"},{"source":"1589","target":"1597"},{"source":"1589","target":"1598"},{"source":"1589","target":"1603"},{"source":"1589","target":"1604"},{"source":"1589","target":"1605"},{"source":"1589","target":"1608"},{"source":"1589","target":"1609"},{"source":"1589","target":"1610"},{"source":"1589","target":"1612"},{"source":"1589","target":"1613"},{"source":"1589","target":"1614"},{"source":"1589","target":"1617"},{"source":"1589","target":"1621"},{"source":"1589","target":"1622"},{"source":"1589","target":"1623"},{"source":"1589","target":"1632"},{"source":"1589","target":"1637"},{"source":"1589","target":"1639"},{"source":"1589","target":"1643"},{"source":"1589","target":"1662"},{"source":"1589","target":"1663"},{"source":"1589","target":"1665"},{"source":"1589","target":"1668"},{"source":"1589","target":"1669"},{"source":"1589","target":"1675"},{"source":"1589","target":"1683"},{"source":"1589","target":"1685"},{"source":"1589","target":"1689"},{"source":"1589","target":"1707"},{"source":"1589","target":"1712"},{"source":"1589","target":"1714"},{"source":"1589","target":"1717"},{"source":"1589","target":"1721"},{"source":"1589","target":"1722"},{"source":"1589","target":"1730"},{"source":"1589","target":"1734"},{"source":"1589","target":"1735"},{"source":"1589","target":"1736"},{"source":"1589","target":"1737"},{"source":"1589","target":"1746"},{"source":"1589","target":"1750"},{"source":"1589","target":"1752"},{"source":"1589","target":"1753"},{"source":"1589","target":"1754"},{"source":"1589","target":"1757"},{"source":"1589","target":"1761"},{"source":"1589","target":"1765"},{"source":"1589","target":"1768"},{"source":"1589","target":"1772"},{"source":"1589","target":"1782"},{"source":"1589","target":"1793"},{"source":"1589","target":"1795"},{"source":"1589","target":"1796"},{"source":"1589","target":"1799"},{"source":"1589","target":"1800"},{"source":"1589","target":"1804"},{"source":"1589","target":"1810"},{"source":"1589","target":"1813"},{"source":"1589","target":"1816"},{"source":"1589","target":"1819"},{"source":"1589","target":"1823"},{"source":"1589","target":"1827"},{"source":"1589","target":"1833"},{"source":"1589","target":"1835"},{"source":"1589","target":"1839"},{"source":"1589","target":"1842"},{"source":"1589","target":"1845"},{"source":"1589","target":"1849"},{"source":"1589","target":"1864"},{"source":"1589","target":"1867"},{"source":"1589","target":"1868"},{"source":"1589","target":"1879"},{"source":"1589","target":"1886"},{"source":"1589","target":"1888"},{"source":"1589","target":"1891"},{"source":"1589","target":"1902"},{"source":"1590","target":"1608"},{"source":"1590","target":"1612"},{"source":"1590","target":"1613"},{"source":"1590","target":"1614"},{"source":"1590","target":"1617"},{"source":"1590","target":"1621"},{"source":"1590","target":"1637"},{"source":"1590","target":"1639"},{"source":"1590","target":"1643"},{"source":"1590","target":"1663"},{"source":"1590","target":"1714"},{"source":"1590","target":"1717"},{"source":"1590","target":"1718"},{"source":"1590","target":"1735"},{"source":"1590","target":"1736"},{"source":"1590","target":"1765"},{"source":"1590","target":"1768"},{"source":"1590","target":"1782"},{"source":"1590","target":"1793"},{"source":"1590","target":"1800"},{"source":"1590","target":"1804"},{"source":"1590","target":"1819"},{"source":"1590","target":"1835"},{"source":"1590","target":"1846"},{"source":"1590","target":"1851"},{"source":"1590","target":"1863"},{"source":"1590","target":"1879"},{"source":"1590","target":"1883"},{"source":"1590","target":"1886"},{"source":"1590","target":"1888"},{"source":"1590","target":"1902"},{"source":"1591","target":"1595"},{"source":"1591","target":"1596"},{"source":"1591","target":"1611"},{"source":"1591","target":"1628"},{"source":"1591","target":"1636"},{"source":"1591","target":"1649"},{"source":"1591","target":"1655"},{"source":"1591","target":"1661"},{"source":"1591","target":"1680"},{"source":"1591","target":"1691"},{"source":"1591","target":"1706"},{"source":"1591","target":"1715"},{"source":"1591","target":"1716"},{"source":"1591","target":"1720"},{"source":"1591","target":"1727"},{"source":"1591","target":"1764"},{"source":"1591","target":"1781"},{"source":"1591","target":"1783"},{"source":"1591","target":"1786"},{"source":"1591","target":"1807"},{"source":"1591","target":"1828"},{"source":"1591","target":"1841"},{"source":"1591","target":"1857"},{"source":"1591","target":"1862"},{"source":"1591","target":"1871"},{"source":"1591","target":"1872"},{"source":"1591","target":"1873"},{"source":"1591","target":"1884"},{"source":"1591","target":"1887"},{"source":"1591","target":"1893"},{"source":"1591","target":"1899"},{"source":"1592","target":"1628"},{"source":"1592","target":"1647"},{"source":"1592","target":"1841"},{"source":"1592","target":"1872"},{"source":"1593","target":"1687"},{"source":"1593","target":"1705"},{"source":"1593","target":"1708"},{"source":"1593","target":"1758"},{"source":"1593","target":"1784"},{"source":"1593","target":"1787"},{"source":"1593","target":"1803"},{"source":"1593","target":"1806"},{"source":"1593","target":"1825"},{"source":"1593","target":"1866"},{"source":"1594","target":"1741"},{"source":"1594","target":"1851"},{"source":"1594","target":"1858"},{"source":"1594","target":"1909"},{"source":"1594","target":"1911"},{"source":"1595","target":"1661"},{"source":"1595","target":"1729"},{"source":"1595","target":"1742"},{"source":"1595","target":"1783"},{"source":"1595","target":"1786"},{"source":"1595","target":"1820"},{"source":"1595","target":"1875"},{"source":"1595","target":"1893"},{"source":"1595","target":"1894"},{"source":"1596","target":"1611"},{"source":"1596","target":"1628"},{"source":"1596","target":"1636"},{"source":"1596","target":"1680"},{"source":"1596","target":"1682"},{"source":"1596","target":"1691"},{"source":"1596","target":"1716"},{"source":"1596","target":"1783"},{"source":"1596","target":"1786"},{"source":"1596","target":"1841"},{"source":"1596","target":"1857"},{"source":"1596","target":"1859"},{"source":"1596","target":"1862"},{"source":"1596","target":"1872"},{"source":"1596","target":"1873"},{"source":"1596","target":"1884"},{"source":"1596","target":"1899"},{"source":"1596","target":"1903"},{"source":"1597","target":"1600"},{"source":"1597","target":"1603"},{"source":"1597","target":"1610"},{"source":"1597","target":"1612"},{"source":"1597","target":"1617"},{"source":"1597","target":"1621"},{"source":"1597","target":"1622"},{"source":"1597","target":"1623"},{"source":"1597","target":"1632"},{"source":"1597","target":"1643"},{"source":"1597","target":"1644"},{"source":"1597","target":"1652"},{"source":"1597","target":"1653"},{"source":"1597","target":"1659"},{"source":"1597","target":"1663"},{"source":"1597","target":"1665"},{"source":"1597","target":"1683"},{"source":"1597","target":"1688"},{"source":"1597","target":"1689"},{"source":"1597","target":"1707"},{"source":"1597","target":"1714"},{"source":"1597","target":"1721"},{"source":"1597","target":"1735"},{"source":"1597","target":"1736"},{"source":"1597","target":"1737"},{"source":"1597","target":"1746"},{"source":"1597","target":"1750"},{"source":"1597","target":"1752"},{"source":"1597","target":"1761"},{"source":"1597","target":"1791"},{"source":"1597","target":"1795"},{"source":"1597","target":"1799"},{"source":"1597","target":"1800"},{"source":"1597","target":"1804"},{"source":"1597","target":"1816"},{"source":"1597","target":"1819"},{"source":"1597","target":"1823"},{"source":"1597","target":"1827"},{"source":"1597","target":"1833"},{"source":"1597","target":"1842"},{"source":"1597","target":"1867"},{"source":"1597","target":"1877"},{"source":"1597","target":"1879"},{"source":"1597","target":"1886"},{"source":"1597","target":"1888"},{"source":"1598","target":"1600"},{"source":"1598","target":"1603"},{"source":"1598","target":"1604"},{"source":"1598","target":"1610"},{"source":"1598","target":"1613"},{"source":"1598","target":"1619"},{"source":"1598","target":"1622"},{"source":"1598","target":"1639"},{"source":"1598","target":"1652"},{"source":"1598","target":"1659"},{"source":"1598","target":"1662"},{"source":"1598","target":"1663"},{"source":"1598","target":"1665"},{"source":"1598","target":"1668"},{"source":"1598","target":"1707"},{"source":"1598","target":"1712"},{"source":"1598","target":"1714"},{"source":"1598","target":"1717"},{"source":"1598","target":"1736"},{"source":"1598","target":"1741"},{"source":"1598","target":"1746"},{"source":"1598","target":"1757"},{"source":"1598","target":"1772"},{"source":"1598","target":"1789"},{"source":"1598","target":"1793"},{"source":"1598","target":"1794"},{"source":"1598","target":"1795"},{"source":"1598","target":"1797"},{"source":"1598","target":"1800"},{"source":"1598","target":"1804"},{"source":"1598","target":"1809"},{"source":"1598","target":"1816"},{"source":"1598","target":"1823"},{"source":"1598","target":"1826"},{"source":"1598","target":"1832"},{"source":"1598","target":"1833"},{"source":"1598","target":"1839"},{"source":"1598","target":"1842"},{"source":"1598","target":"1843"},{"source":"1598","target":"1849"},{"source":"1598","target":"1867"},{"source":"1598","target":"1868"},{"source":"1598","target":"1877"},{"source":"1598","target":"1879"},{"source":"1598","target":"1886"},{"source":"1598","target":"1888"},{"source":"1598","target":"1898"},{"source":"1598","target":"1902"},{"source":"1599","target":"1696"},{"source":"1599","target":"1731"},{"source":"1599","target":"1744"},{"source":"1599","target":"1761"},{"source":"1599","target":"1814"},{"source":"1599","target":"1901"},{"source":"1600","target":"1603"},{"source":"1600","target":"1609"},{"source":"1600","target":"1610"},{"source":"1600","target":"1612"},{"source":"1600","target":"1620"},{"source":"1600","target":"1621"},{"source":"1600","target":"1622"},{"source":"1600","target":"1623"},{"source":"1600","target":"1632"},{"source":"1600","target":"1652"},{"source":"1600","target":"1653"},{"source":"1600","target":"1659"},{"source":"1600","target":"1663"},{"source":"1600","target":"1669"},{"source":"1600","target":"1683"},{"source":"1600","target":"1685"},{"source":"1600","target":"1688"},{"source":"1600","target":"1689"},{"source":"1600","target":"1714"},{"source":"1600","target":"1717"},{"source":"1600","target":"1721"},{"source":"1600","target":"1724"},{"source":"1600","target":"1730"},{"source":"1600","target":"1736"},{"source":"1600","target":"1737"},{"source":"1600","target":"1746"},{"source":"1600","target":"1750"},{"source":"1600","target":"1752"},{"source":"1600","target":"1761"},{"source":"1600","target":"1768"},{"source":"1600","target":"1789"},{"source":"1600","target":"1791"},{"source":"1600","target":"1795"},{"source":"1600","target":"1800"},{"source":"1600","target":"1804"},{"source":"1600","target":"1811"},{"source":"1600","target":"1813"},{"source":"1600","target":"1816"},{"source":"1600","target":"1819"},{"source":"1600","target":"1827"},{"source":"1600","target":"1835"},{"source":"1600","target":"1861"},{"source":"1600","target":"1867"},{"source":"1600","target":"1877"},{"source":"1600","target":"1879"},{"source":"1600","target":"1888"},{"source":"1600","target":"1891"},{"source":"1601","target":"1629"},{"source":"1601","target":"1733"},{"source":"1601","target":"1784"},{"source":"1601","target":"1787"},{"source":"1601","target":"1798"},{"source":"1601","target":"1837"},{"source":"1601","target":"1880"},{"source":"1601","target":"1895"},{"source":"1602","target":"1695"},{"source":"1602","target":"1790"},{"source":"1602","target":"1882"},{"source":"1603","target":"1608"},{"source":"1603","target":"1610"},{"source":"1603","target":"1612"},{"source":"1603","target":"1613"},{"source":"1603","target":"1619"},{"source":"1603","target":"1621"},{"source":"1603","target":"1622"},{"source":"1603","target":"1623"},{"source":"1603","target":"1643"},{"source":"1603","target":"1662"},{"source":"1603","target":"1663"},{"source":"1603","target":"1668"},{"source":"1603","target":"1669"},{"source":"1603","target":"1675"},{"source":"1603","target":"1685"},{"source":"1603","target":"1707"},{"source":"1603","target":"1712"},{"source":"1603","target":"1714"},{"source":"1603","target":"1717"},{"source":"1603","target":"1721"},{"source":"1603","target":"1730"},{"source":"1603","target":"1734"},{"source":"1603","target":"1735"},{"source":"1603","target":"1736"},{"source":"1603","target":"1741"},{"source":"1603","target":"1746"},{"source":"1603","target":"1750"},{"source":"1603","target":"1752"},{"source":"1603","target":"1753"},{"source":"1603","target":"1757"},{"source":"1603","target":"1761"},{"source":"1603","target":"1768"},{"source":"1603","target":"1791"},{"source":"1603","target":"1793"},{"source":"1603","target":"1795"},{"source":"1603","target":"1799"},{"source":"1603","target":"1800"},{"source":"1603","target":"1804"},{"source":"1603","target":"1810"},{"source":"1603","target":"1813"},{"source":"1603","target":"1823"},{"source":"1603","target":"1827"},{"source":"1603","target":"1833"},{"source":"1603","target":"1835"},{"source":"1603","target":"1839"},{"source":"1603","target":"1845"},{"source":"1603","target":"1849"},{"source":"1603","target":"1864"},{"source":"1603","target":"1879"},{"source":"1603","target":"1886"},{"source":"1603","target":"1888"},{"source":"1604","target":"1605"},{"source":"1604","target":"1609"},{"source":"1604","target":"1610"},{"source":"1604","target":"1613"},{"source":"1604","target":"1614"},{"source":"1604","target":"1617"},{"source":"1604","target":"1619"},{"source":"1604","target":"1620"},{"source":"1604","target":"1622"},{"source":"1604","target":"1632"},{"source":"1604","target":"1637"},{"source":"1604","target":"1662"},{"source":"1604","target":"1663"},{"source":"1604","target":"1665"},{"source":"1604","target":"1668"},{"source":"1604","target":"1669"},{"source":"1604","target":"1675"},{"source":"1604","target":"1685"},{"source":"1604","target":"1688"},{"source":"1604","target":"1707"},{"source":"1604","target":"1714"},{"source":"1604","target":"1717"},{"source":"1604","target":"1722"},{"source":"1604","target":"1730"},{"source":"1604","target":"1734"},{"source":"1604","target":"1736"},{"source":"1604","target":"1741"},{"source":"1604","target":"1768"},{"source":"1604","target":"1772"},{"source":"1604","target":"1789"},{"source":"1604","target":"1791"},{"source":"1604","target":"1793"},{"source":"1604","target":"1800"},{"source":"1604","target":"1804"},{"source":"1604","target":"1809"},{"source":"1604","target":"1811"},{"source":"1604","target":"1813"},{"source":"1604","target":"1816"},{"source":"1604","target":"1818"},{"source":"1604","target":"1826"},{"source":"1604","target":"1835"},{"source":"1604","target":"1839"},{"source":"1604","target":"1842"},{"source":"1604","target":"1843"},{"source":"1604","target":"1849"},{"source":"1604","target":"1861"},{"source":"1604","target":"1863"},{"source":"1604","target":"1868"},{"source":"1604","target":"1879"},{"source":"1604","target":"1885"},{"source":"1604","target":"1888"},{"source":"1604","target":"1897"},{"source":"1604","target":"1898"},{"source":"1604","target":"1902"},{"source":"1605","target":"1610"},{"source":"1605","target":"1617"},{"source":"1605","target":"1619"},{"source":"1605","target":"1622"},{"source":"1605","target":"1663"},{"source":"1605","target":"1665"},{"source":"1605","target":"1675"},{"source":"1605","target":"1685"},{"source":"1605","target":"1707"},{"source":"1605","target":"1714"},{"source":"1605","target":"1722"},{"source":"1605","target":"1730"},{"source":"1605","target":"1741"},{"source":"1605","target":"1746"},{"source":"1605","target":"1757"},{"source":"1605","target":"1768"},{"source":"1605","target":"1800"},{"source":"1605","target":"1804"},{"source":"1605","target":"1809"},{"source":"1605","target":"1816"},{"source":"1605","target":"1826"},{"source":"1605","target":"1839"},{"source":"1605","target":"1843"},{"source":"1605","target":"1849"},{"source":"1605","target":"1868"},{"source":"1605","target":"1888"},{"source":"1605","target":"1898"},{"source":"1605","target":"1902"},{"source":"1606","target":"1616"},{"source":"1606","target":"1645"},{"source":"1606","target":"1695"},{"source":"1606","target":"1740"},{"source":"1606","target":"1744"},{"source":"1606","target":"1766"},{"source":"1606","target":"1778"},{"source":"1606","target":"1844"},{"source":"1606","target":"1870"},{"source":"1606","target":"1881"},{"source":"1606","target":"1882"},{"source":"1607","target":"1664"},{"source":"1607","target":"1896"},{"source":"1608","target":"1610"},{"source":"1608","target":"1612"},{"source":"1608","target":"1613"},{"source":"1608","target":"1617"},{"source":"1608","target":"1621"},{"source":"1608","target":"1622"},{"source":"1608","target":"1637"},{"source":"1608","target":"1643"},{"source":"1608","target":"1663"},{"source":"1608","target":"1669"},{"source":"1608","target":"1675"},{"source":"1608","target":"1689"},{"source":"1608","target":"1707"},{"source":"1608","target":"1714"},{"source":"1608","target":"1730"},{"source":"1608","target":"1735"},{"source":"1608","target":"1736"},{"source":"1608","target":"1746"},{"source":"1608","target":"1753"},{"source":"1608","target":"1761"},{"source":"1608","target":"1768"},{"source":"1608","target":"1772"},{"source":"1608","target":"1795"},{"source":"1608","target":"1800"},{"source":"1608","target":"1804"},{"source":"1608","target":"1823"},{"source":"1608","target":"1827"},{"source":"1608","target":"1833"},{"source":"1608","target":"1835"},{"source":"1608","target":"1839"},{"source":"1608","target":"1842"},{"source":"1608","target":"1861"},{"source":"1608","target":"1888"},{"source":"1608","target":"1902"},{"source":"1609","target":"1610"},{"source":"1609","target":"1620"},{"source":"1609","target":"1621"},{"source":"1609","target":"1637"},{"source":"1609","target":"1643"},{"source":"1609","target":"1663"},{"source":"1609","target":"1665"},{"source":"1609","target":"1669"},{"source":"1609","target":"1675"},{"source":"1609","target":"1688"},{"source":"1609","target":"1717"},{"source":"1609","target":"1730"},{"source":"1609","target":"1768"},{"source":"1609","target":"1782"},{"source":"1609","target":"1791"},{"source":"1609","target":"1793"},{"source":"1609","target":"1800"},{"source":"1609","target":"1804"},{"source":"1609","target":"1811"},{"source":"1609","target":"1813"},{"source":"1609","target":"1835"},{"source":"1609","target":"1842"},{"source":"1609","target":"1861"},{"source":"1609","target":"1864"},{"source":"1609","target":"1888"},{"source":"1609","target":"1898"},{"source":"1609","target":"1902"},{"source":"1610","target":"1612"},{"source":"1610","target":"1613"},{"source":"1610","target":"1619"},{"source":"1610","target":"1621"},{"source":"1610","target":"1622"},{"source":"1610","target":"1623"},{"source":"1610","target":"1639"},{"source":"1610","target":"1643"},{"source":"1610","target":"1652"},{"source":"1610","target":"1653"},{"source":"1610","target":"1662"},{"source":"1610","target":"1663"},{"source":"1610","target":"1665"},{"source":"1610","target":"1668"},{"source":"1610","target":"1669"},{"source":"1610","target":"1675"},{"source":"1610","target":"1685"},{"source":"1610","target":"1707"},{"source":"1610","target":"1712"},{"source":"1610","target":"1717"},{"source":"1610","target":"1721"},{"source":"1610","target":"1723"},{"source":"1610","target":"1730"},{"source":"1610","target":"1736"},{"source":"1610","target":"1746"},{"source":"1610","target":"1752"},{"source":"1610","target":"1753"},{"source":"1610","target":"1754"},{"source":"1610","target":"1757"},{"source":"1610","target":"1761"},{"source":"1610","target":"1768"},{"source":"1610","target":"1772"},{"source":"1610","target":"1782"},{"source":"1610","target":"1789"},{"source":"1610","target":"1793"},{"source":"1610","target":"1796"},{"source":"1610","target":"1799"},{"source":"1610","target":"1800"},{"source":"1610","target":"1804"},{"source":"1610","target":"1809"},{"source":"1610","target":"1811"},{"source":"1610","target":"1813"},{"source":"1610","target":"1816"},{"source":"1610","target":"1826"},{"source":"1610","target":"1827"},{"source":"1610","target":"1832"},{"source":"1610","target":"1833"},{"source":"1610","target":"1839"},{"source":"1610","target":"1842"},{"source":"1610","target":"1849"},{"source":"1610","target":"1868"},{"source":"1610","target":"1874"},{"source":"1610","target":"1879"},{"source":"1610","target":"1886"},{"source":"1610","target":"1888"},{"source":"1610","target":"1891"},{"source":"1610","target":"1898"},{"source":"1610","target":"1902"},{"source":"1611","target":"1628"},{"source":"1611","target":"1636"},{"source":"1611","target":"1647"},{"source":"1611","target":"1655"},{"source":"1611","target":"1682"},{"source":"1611","target":"1691"},{"source":"1611","target":"1716"},{"source":"1611","target":"1720"},{"source":"1611","target":"1841"},{"source":"1611","target":"1857"},{"source":"1611","target":"1862"},{"source":"1611","target":"1872"},{"source":"1611","target":"1873"},{"source":"1611","target":"1887"},{"source":"1611","target":"1899"},{"source":"1611","target":"1903"},{"source":"1612","target":"1613"},{"source":"1612","target":"1614"},{"source":"1612","target":"1617"},{"source":"1612","target":"1619"},{"source":"1612","target":"1621"},{"source":"1612","target":"1622"},{"source":"1612","target":"1623"},{"source":"1612","target":"1632"},{"source":"1612","target":"1637"},{"source":"1612","target":"1639"},{"source":"1612","target":"1643"},{"source":"1612","target":"1652"},{"source":"1612","target":"1653"},{"source":"1612","target":"1662"},{"source":"1612","target":"1663"},{"source":"1612","target":"1668"},{"source":"1612","target":"1669"},{"source":"1612","target":"1675"},{"source":"1612","target":"1683"},{"source":"1612","target":"1685"},{"source":"1612","target":"1689"},{"source":"1612","target":"1707"},{"source":"1612","target":"1714"},{"source":"1612","target":"1717"},{"source":"1612","target":"1721"},{"source":"1612","target":"1730"},{"source":"1612","target":"1735"},{"source":"1612","target":"1736"},{"source":"1612","target":"1737"},{"source":"1612","target":"1741"},{"source":"1612","target":"1746"},{"source":"1612","target":"1750"},{"source":"1612","target":"1752"},{"source":"1612","target":"1753"},{"source":"1612","target":"1757"},{"source":"1612","target":"1761"},{"source":"1612","target":"1765"},{"source":"1612","target":"1768"},{"source":"1612","target":"1769"},{"source":"1612","target":"1774"},{"source":"1612","target":"1782"},{"source":"1612","target":"1789"},{"source":"1612","target":"1791"},{"source":"1612","target":"1795"},{"source":"1612","target":"1796"},{"source":"1612","target":"1799"},{"source":"1612","target":"1800"},{"source":"1612","target":"1804"},{"source":"1612","target":"1810"},{"source":"1612","target":"1816"},{"source":"1612","target":"1819"},{"source":"1612","target":"1823"},{"source":"1612","target":"1826"},{"source":"1612","target":"1827"},{"source":"1612","target":"1833"},{"source":"1612","target":"1835"},{"source":"1612","target":"1836"},{"source":"1612","target":"1839"},{"source":"1612","target":"1849"},{"source":"1612","target":"1851"},{"source":"1612","target":"1867"},{"source":"1612","target":"1877"},{"source":"1612","target":"1879"},{"source":"1612","target":"1886"},{"source":"1612","target":"1888"},{"source":"1612","target":"1891"},{"source":"1613","target":"1614"},{"source":"1613","target":"1617"},{"source":"1613","target":"1620"},{"source":"1613","target":"1621"},{"source":"1613","target":"1622"},{"source":"1613","target":"1623"},{"source":"1613","target":"1632"},{"source":"1613","target":"1637"},{"source":"1613","target":"1639"},{"source":"1613","target":"1643"},{"source":"1613","target":"1644"},{"source":"1613","target":"1652"},{"source":"1613","target":"1653"},{"source":"1613","target":"1662"},{"source":"1613","target":"1663"},{"source":"1613","target":"1665"},{"source":"1613","target":"1668"},{"source":"1613","target":"1669"},{"source":"1613","target":"1675"},{"source":"1613","target":"1683"},{"source":"1613","target":"1685"},{"source":"1613","target":"1689"},{"source":"1613","target":"1707"},{"source":"1613","target":"1712"},{"source":"1613","target":"1714"},{"source":"1613","target":"1717"},{"source":"1613","target":"1721"},{"source":"1613","target":"1730"},{"source":"1613","target":"1734"},{"source":"1613","target":"1735"},{"source":"1613","target":"1736"},{"source":"1613","target":"1737"},{"source":"1613","target":"1746"},{"source":"1613","target":"1752"},{"source":"1613","target":"1753"},{"source":"1613","target":"1757"},{"source":"1613","target":"1761"},{"source":"1613","target":"1765"},{"source":"1613","target":"1768"},{"source":"1613","target":"1772"},{"source":"1613","target":"1789"},{"source":"1613","target":"1791"},{"source":"1613","target":"1793"},{"source":"1613","target":"1795"},{"source":"1613","target":"1796"},{"source":"1613","target":"1799"},{"source":"1613","target":"1800"},{"source":"1613","target":"1804"},{"source":"1613","target":"1809"},{"source":"1613","target":"1811"},{"source":"1613","target":"1813"},{"source":"1613","target":"1816"},{"source":"1613","target":"1821"},{"source":"1613","target":"1823"},{"source":"1613","target":"1827"},{"source":"1613","target":"1833"},{"source":"1613","target":"1835"},{"source":"1613","target":"1842"},{"source":"1613","target":"1849"},{"source":"1613","target":"1861"},{"source":"1613","target":"1867"},{"source":"1613","target":"1868"},{"source":"1613","target":"1879"},{"source":"1613","target":"1888"},{"source":"1613","target":"1891"},{"source":"1613","target":"1902"},{"source":"1614","target":"1621"},{"source":"1614","target":"1665"},{"source":"1614","target":"1669"},{"source":"1614","target":"1675"},{"source":"1614","target":"1689"},{"source":"1614","target":"1730"},{"source":"1614","target":"1735"},{"source":"1614","target":"1752"},{"source":"1614","target":"1761"},{"source":"1614","target":"1765"},{"source":"1614","target":"1768"},{"source":"1614","target":"1772"},{"source":"1614","target":"1782"},{"source":"1614","target":"1796"},{"source":"1614","target":"1799"},{"source":"1614","target":"1800"},{"source":"1614","target":"1819"},{"source":"1614","target":"1833"},{"source":"1614","target":"1846"},{"source":"1614","target":"1851"},{"source":"1614","target":"1864"},{"source":"1614","target":"1867"},{"source":"1614","target":"1886"},{"source":"1614","target":"1888"},{"source":"1615","target":"1687"},{"source":"1615","target":"1698"},{"source":"1615","target":"1708"},{"source":"1615","target":"1806"},{"source":"1615","target":"1866"},{"source":"1616","target":"1631"},{"source":"1616","target":"1645"},{"source":"1616","target":"1671"},{"source":"1616","target":"1673"},{"source":"1616","target":"1677"},{"source":"1616","target":"1692"},{"source":"1616","target":"1694"},{"source":"1616","target":"1740"},{"source":"1616","target":"1744"},{"source":"1616","target":"1767"},{"source":"1616","target":"1790"},{"source":"1616","target":"1844"},{"source":"1616","target":"1881"},{"source":"1616","target":"1882"},{"source":"1617","target":"1621"},{"source":"1617","target":"1632"},{"source":"1617","target":"1637"},{"source":"1617","target":"1643"},{"source":"1617","target":"1662"},{"source":"1617","target":"1663"},{"source":"1617","target":"1668"},{"source":"1617","target":"1669"},{"source":"1617","target":"1689"},{"source":"1617","target":"1700"},{"source":"1617","target":"1707"},{"source":"1617","target":"1714"},{"source":"1617","target":"1717"},{"source":"1617","target":"1718"},{"source":"1617","target":"1730"},{"source":"1617","target":"1735"},{"source":"1617","target":"1741"},{"source":"1617","target":"1746"},{"source":"1617","target":"1750"},{"source":"1617","target":"1754"},{"source":"1617","target":"1789"},{"source":"1617","target":"1791"},{"source":"1617","target":"1793"},{"source":"1617","target":"1799"},{"source":"1617","target":"1800"},{"source":"1617","target":"1804"},{"source":"1617","target":"1813"},{"source":"1617","target":"1816"},{"source":"1617","target":"1826"},{"source":"1617","target":"1827"},{"source":"1617","target":"1833"},{"source":"1617","target":"1835"},{"source":"1617","target":"1845"},{"source":"1617","target":"1849"},{"source":"1617","target":"1851"},{"source":"1617","target":"1864"},{"source":"1617","target":"1877"},{"source":"1617","target":"1886"},{"source":"1617","target":"1888"},{"source":"1618","target":"1622"},{"source":"1618","target":"1717"},{"source":"1618","target":"1718"},{"source":"1618","target":"1819"},{"source":"1618","target":"1827"},{"source":"1618","target":"1836"},{"source":"1618","target":"1877"},{"source":"1619","target":"1632"},{"source":"1619","target":"1662"},{"source":"1619","target":"1663"},{"source":"1619","target":"1665"},{"source":"1619","target":"1668"},{"source":"1619","target":"1683"},{"source":"1619","target":"1707"},{"source":"1619","target":"1712"},{"source":"1619","target":"1714"},{"source":"1619","target":"1722"},{"source":"1619","target":"1736"},{"source":"1619","target":"1741"},{"source":"1619","target":"1746"},{"source":"1619","target":"1757"},{"source":"1619","target":"1772"},{"source":"1619","target":"1793"},{"source":"1619","target":"1795"},{"source":"1619","target":"1796"},{"source":"1619","target":"1800"},{"source":"1619","target":"1804"},{"source":"1619","target":"1809"},{"source":"1619","target":"1816"},{"source":"1619","target":"1823"},{"source":"1619","target":"1826"},{"source":"1619","target":"1832"},{"source":"1619","target":"1833"},{"source":"1619","target":"1839"},{"source":"1619","target":"1849"},{"source":"1619","target":"1861"},{"source":"1619","target":"1868"},{"source":"1619","target":"1879"},{"source":"1619","target":"1886"},{"source":"1619","target":"1888"},{"source":"1619","target":"1898"},{"source":"1620","target":"1621"},{"source":"1620","target":"1622"},{"source":"1620","target":"1632"},{"source":"1620","target":"1643"},{"source":"1620","target":"1644"},{"source":"1620","target":"1646"},{"source":"1620","target":"1653"},{"source":"1620","target":"1659"},{"source":"1620","target":"1663"},{"source":"1620","target":"1665"},{"source":"1620","target":"1675"},{"source":"1620","target":"1683"},{"source":"1620","target":"1688"},{"source":"1620","target":"1689"},{"source":"1620","target":"1707"},{"source":"1620","target":"1724"},{"source":"1620","target":"1730"},{"source":"1620","target":"1746"},{"source":"1620","target":"1754"},{"source":"1620","target":"1768"},{"source":"1620","target":"1789"},{"source":"1620","target":"1791"},{"source":"1620","target":"1800"},{"source":"1620","target":"1804"},{"source":"1620","target":"1813"},{"source":"1620","target":"1816"},{"source":"1620","target":"1823"},{"source":"1620","target":"1827"},{"source":"1620","target":"1833"},{"source":"1620","target":"1835"},{"source":"1620","target":"1845"},{"source":"1620","target":"1861"},{"source":"1620","target":"1864"},{"source":"1620","target":"1867"},{"source":"1620","target":"1877"},{"source":"1620","target":"1881"},{"source":"1620","target":"1885"},{"source":"1620","target":"1888"},{"source":"1620","target":"1900"},{"source":"1621","target":"1622"},{"source":"1621","target":"1623"},{"source":"1621","target":"1637"},{"source":"1621","target":"1643"},{"source":"1621","target":"1652"},{"source":"1621","target":"1659"},{"source":"1621","target":"1662"},{"source":"1621","target":"1663"},{"source":"1621","target":"1668"},{"source":"1621","target":"1669"},{"source":"1621","target":"1675"},{"source":"1621","target":"1683"},{"source":"1621","target":"1685"},{"source":"1621","target":"1689"},{"source":"1621","target":"1707"},{"source":"1621","target":"1714"},{"source":"1621","target":"1717"},{"source":"1621","target":"1718"},{"source":"1621","target":"1721"},{"source":"1621","target":"1730"},{"source":"1621","target":"1734"},{"source":"1621","target":"1735"},{"source":"1621","target":"1736"},{"source":"1621","target":"1741"},{"source":"1621","target":"1746"},{"source":"1621","target":"1750"},{"source":"1621","target":"1752"},{"source":"1621","target":"1753"},{"source":"1621","target":"1757"},{"source":"1621","target":"1761"},{"source":"1621","target":"1765"},{"source":"1621","target":"1768"},{"source":"1621","target":"1782"},{"source":"1621","target":"1789"},{"source":"1621","target":"1791"},{"source":"1621","target":"1793"},{"source":"1621","target":"1799"},{"source":"1621","target":"1800"},{"source":"1621","target":"1804"},{"source":"1621","target":"1809"},{"source":"1621","target":"1810"},{"source":"1621","target":"1813"},{"source":"1621","target":"1819"},{"source":"1621","target":"1823"},{"source":"1621","target":"1826"},{"source":"1621","target":"1827"},{"source":"1621","target":"1833"},{"source":"1621","target":"1835"},{"source":"1621","target":"1839"},{"source":"1621","target":"1842"},{"source":"1621","target":"1849"},{"source":"1621","target":"1867"},{"source":"1621","target":"1868"},{"source":"1621","target":"1879"},{"source":"1621","target":"1886"},{"source":"1621","target":"1888"},{"source":"1621","target":"1891"},{"source":"1621","target":"1902"},{"source":"1622","target":"1632"},{"source":"1622","target":"1639"},{"source":"1622","target":"1643"},{"source":"1622","target":"1644"},{"source":"1622","target":"1652"},{"source":"1622","target":"1653"},{"source":"1622","target":"1659"},{"source":"1622","target":"1662"},{"source":"1622","target":"1663"},{"source":"1622","target":"1669"},{"source":"1622","target":"1675"},{"source":"1622","target":"1683"},{"source":"1622","target":"1685"},{"source":"1622","target":"1688"},{"source":"1622","target":"1689"},{"source":"1622","target":"1707"},{"source":"1622","target":"1712"},{"source":"1622","target":"1714"},{"source":"1622","target":"1717"},{"source":"1622","target":"1722"},{"source":"1622","target":"1724"},{"source":"1622","target":"1730"},{"source":"1622","target":"1736"},{"source":"1622","target":"1741"},{"source":"1622","target":"1746"},{"source":"1622","target":"1750"},{"source":"1622","target":"1752"},{"source":"1622","target":"1753"},{"source":"1622","target":"1761"},{"source":"1622","target":"1765"},{"source":"1622","target":"1768"},{"source":"1622","target":"1789"},{"source":"1622","target":"1791"},{"source":"1622","target":"1793"},{"source":"1622","target":"1795"},{"source":"1622","target":"1796"},{"source":"1622","target":"1799"},{"source":"1622","target":"1800"},{"source":"1622","target":"1804"},{"source":"1622","target":"1813"},{"source":"1622","target":"1819"},{"source":"1622","target":"1823"},{"source":"1622","target":"1827"},{"source":"1622","target":"1833"},{"source":"1622","target":"1835"},{"source":"1622","target":"1839"},{"source":"1622","target":"1842"},{"source":"1622","target":"1843"},{"source":"1622","target":"1845"},{"source":"1622","target":"1849"},{"source":"1622","target":"1851"},{"source":"1622","target":"1861"},{"source":"1622","target":"1867"},{"source":"1622","target":"1877"},{"source":"1622","target":"1879"},{"source":"1622","target":"1886"},{"source":"1622","target":"1888"},{"source":"1622","target":"1891"},{"source":"1622","target":"1902"},{"source":"1623","target":"1632"},{"source":"1623","target":"1643"},{"source":"1623","target":"1644"},{"source":"1623","target":"1652"},{"source":"1623","target":"1659"},{"source":"1623","target":"1662"},{"source":"1623","target":"1683"},{"source":"1623","target":"1689"},{"source":"1623","target":"1707"},{"source":"1623","target":"1714"},{"source":"1623","target":"1717"},{"source":"1623","target":"1721"},{"source":"1623","target":"1736"},{"source":"1623","target":"1737"},{"source":"1623","target":"1746"},{"source":"1623","target":"1750"},{"source":"1623","target":"1752"},{"source":"1623","target":"1768"},{"source":"1623","target":"1795"},{"source":"1623","target":"1799"},{"source":"1623","target":"1800"},{"source":"1623","target":"1804"},{"source":"1623","target":"1810"},{"source":"1623","target":"1816"},{"source":"1623","target":"1819"},{"source":"1623","target":"1826"},{"source":"1623","target":"1827"},{"source":"1623","target":"1833"},{"source":"1623","target":"1864"},{"source":"1623","target":"1867"},{"source":"1623","target":"1879"},{"source":"1623","target":"1888"},{"source":"1623","target":"1909"},{"source":"1624","target":"1667"},{"source":"1624","target":"1672"},{"source":"1624","target":"1709"},{"source":"1624","target":"1756"},{"source":"1624","target":"1770"},{"source":"1624","target":"1783"},{"source":"1624","target":"1904"},{"source":"1625","target":"1660"},{"source":"1625","target":"1695"},{"source":"1625","target":"1763"},{"source":"1625","target":"1766"},{"source":"1625","target":"1773"},{"source":"1625","target":"1801"},{"source":"1625","target":"1844"},{"source":"1625","target":"1878"},{"source":"1626","target":"1674"},{"source":"1626","target":"1683"},{"source":"1626","target":"1702"},{"source":"1626","target":"1718"},{"source":"1626","target":"1774"},{"source":"1626","target":"1780"},{"source":"1626","target":"1800"},{"source":"1626","target":"1805"},{"source":"1626","target":"1813"},{"source":"1626","target":"1817"},{"source":"1626","target":"1851"},{"source":"1626","target":"1858"},{"source":"1626","target":"1863"},{"source":"1626","target":"1865"},{"source":"1626","target":"1883"},{"source":"1626","target":"1909"},{"source":"1626","target":"1911"},{"source":"1627","target":"1890"},{"source":"1628","target":"1635"},{"source":"1628","target":"1636"},{"source":"1628","target":"1647"},{"source":"1628","target":"1661"},{"source":"1628","target":"1691"},{"source":"1628","target":"1715"},{"source":"1628","target":"1716"},{"source":"1628","target":"1720"},{"source":"1628","target":"1857"},{"source":"1628","target":"1859"},{"source":"1628","target":"1872"},{"source":"1628","target":"1873"},{"source":"1628","target":"1875"},{"source":"1628","target":"1887"},{"source":"1628","target":"1899"},{"source":"1628","target":"1903"},{"source":"1629","target":"1733"},{"source":"1629","target":"1784"},{"source":"1629","target":"1802"},{"source":"1629","target":"1837"},{"source":"1629","target":"1895"},{"source":"1630","target":"1658"},{"source":"1630","target":"1686"},{"source":"1630","target":"1703"},{"source":"1630","target":"1709"},{"source":"1630","target":"1727"},{"source":"1630","target":"1738"},{"source":"1630","target":"1770"},{"source":"1630","target":"1781"},{"source":"1630","target":"1807"},{"source":"1630","target":"1876"},{"source":"1631","target":"1673"},{"source":"1632","target":"1644"},{"source":"1632","target":"1653"},{"source":"1632","target":"1663"},{"source":"1632","target":"1665"},{"source":"1632","target":"1683"},{"source":"1632","target":"1689"},{"source":"1632","target":"1700"},{"source":"1632","target":"1707"},{"source":"1632","target":"1717"},{"source":"1632","target":"1730"},{"source":"1632","target":"1736"},{"source":"1632","target":"1746"},{"source":"1632","target":"1752"},{"source":"1632","target":"1768"},{"source":"1632","target":"1789"},{"source":"1632","target":"1796"},{"source":"1632","target":"1799"},{"source":"1632","target":"1800"},{"source":"1632","target":"1818"},{"source":"1632","target":"1823"},{"source":"1632","target":"1827"},{"source":"1632","target":"1833"},{"source":"1632","target":"1835"},{"source":"1632","target":"1867"},{"source":"1632","target":"1877"},{"source":"1632","target":"1888"},{"source":"1633","target":"1634"},{"source":"1633","target":"1686"},{"source":"1633","target":"1699"},{"source":"1633","target":"1876"},{"source":"1634","target":"1686"},{"source":"1634","target":"1699"},{"source":"1634","target":"1703"},{"source":"1634","target":"1725"},{"source":"1634","target":"1807"},{"source":"1634","target":"1876"},{"source":"1634","target":"1906"},{"source":"1635","target":"1636"},{"source":"1635","target":"1691"},{"source":"1635","target":"1857"},{"source":"1635","target":"1859"},{"source":"1635","target":"1862"},{"source":"1635","target":"1899"},{"source":"1635","target":"1903"},{"source":"1636","target":"1680"},{"source":"1636","target":"1706"},{"source":"1636","target":"1715"},{"source":"1636","target":"1716"},{"source":"1636","target":"1742"},{"source":"1636","target":"1786"},{"source":"1636","target":"1820"},{"source":"1636","target":"1857"},{"source":"1636","target":"1859"},{"source":"1636","target":"1873"},{"source":"1636","target":"1884"},{"source":"1636","target":"1893"},{"source":"1636","target":"1899"},{"source":"1636","target":"1903"},{"source":"1637","target":"1639"},{"source":"1637","target":"1643"},{"source":"1637","target":"1663"},{"source":"1637","target":"1669"},{"source":"1637","target":"1675"},{"source":"1637","target":"1714"},{"source":"1637","target":"1730"},{"source":"1637","target":"1746"},{"source":"1637","target":"1761"},{"source":"1637","target":"1765"},{"source":"1637","target":"1768"},{"source":"1637","target":"1774"},{"source":"1637","target":"1779"},{"source":"1637","target":"1791"},{"source":"1637","target":"1795"},{"source":"1637","target":"1804"},{"source":"1637","target":"1811"},{"source":"1637","target":"1835"},{"source":"1637","target":"1842"},{"source":"1637","target":"1845"},{"source":"1637","target":"1851"},{"source":"1637","target":"1861"},{"source":"1637","target":"1888"},{"source":"1638","target":"1661"},{"source":"1638","target":"1716"},{"source":"1638","target":"1742"},{"source":"1638","target":"1783"},{"source":"1638","target":"1786"},{"source":"1638","target":"1820"},{"source":"1638","target":"1824"},{"source":"1638","target":"1871"},{"source":"1638","target":"1893"},{"source":"1639","target":"1643"},{"source":"1639","target":"1644"},{"source":"1639","target":"1662"},{"source":"1639","target":"1663"},{"source":"1639","target":"1670"},{"source":"1639","target":"1683"},{"source":"1639","target":"1714"},{"source":"1639","target":"1717"},{"source":"1639","target":"1723"},{"source":"1639","target":"1730"},{"source":"1639","target":"1746"},{"source":"1639","target":"1761"},{"source":"1639","target":"1765"},{"source":"1639","target":"1768"},{"source":"1639","target":"1774"},{"source":"1639","target":"1779"},{"source":"1639","target":"1782"},{"source":"1639","target":"1791"},{"source":"1639","target":"1813"},{"source":"1639","target":"1819"},{"source":"1639","target":"1835"},{"source":"1639","target":"1839"},{"source":"1639","target":"1846"},{"source":"1639","target":"1851"},{"source":"1639","target":"1888"},{"source":"1639","target":"1891"},{"source":"1639","target":"1902"},{"source":"1640","target":"1703"},{"source":"1640","target":"1840"},{"source":"1641","target":"1803"},{"source":"1641","target":"1817"},{"source":"1641","target":"1866"},{"source":"1642","target":"1670"},{"source":"1642","target":"1674"},{"source":"1642","target":"1684"},{"source":"1642","target":"1908"},{"source":"1642","target":"2677"},{"source":"1642","target":"2693"},{"source":"1642","target":"2725"},{"source":"1642","target":"2764"},{"source":"1642","target":"2822"},{"source":"1642","target":"2903"},{"source":"1642","target":"2938"},{"source":"1642","target":"2941"},{"source":"1642","target":"2999"},{"source":"1642","target":"3201"},{"source":"1642","target":"3263"},{"source":"1642","target":"3319"},{"source":"1642","target":"3355"},{"source":"1642","target":"3361"},{"source":"1643","target":"1652"},{"source":"1643","target":"1653"},{"source":"1643","target":"1663"},{"source":"1643","target":"1669"},{"source":"1643","target":"1675"},{"source":"1643","target":"1707"},{"source":"1643","target":"1714"},{"source":"1643","target":"1721"},{"source":"1643","target":"1723"},{"source":"1643","target":"1730"},{"source":"1643","target":"1735"},{"source":"1643","target":"1746"},{"source":"1643","target":"1753"},{"source":"1643","target":"1757"},{"source":"1643","target":"1761"},{"source":"1643","target":"1765"},{"source":"1643","target":"1768"},{"source":"1643","target":"1774"},{"source":"1643","target":"1789"},{"source":"1643","target":"1791"},{"source":"1643","target":"1796"},{"source":"1643","target":"1799"},{"source":"1643","target":"1804"},{"source":"1643","target":"1813"},{"source":"1643","target":"1823"},{"source":"1643","target":"1833"},{"source":"1643","target":"1835"},{"source":"1643","target":"1867"},{"source":"1643","target":"1888"},{"source":"1644","target":"1652"},{"source":"1644","target":"1659"},{"source":"1644","target":"1683"},{"source":"1644","target":"1689"},{"source":"1644","target":"1700"},{"source":"1644","target":"1717"},{"source":"1644","target":"1721"},{"source":"1644","target":"1724"},{"source":"1644","target":"1730"},{"source":"1644","target":"1746"},{"source":"1644","target":"1750"},{"source":"1644","target":"1752"},{"source":"1644","target":"1765"},{"source":"1644","target":"1793"},{"source":"1644","target":"1795"},{"source":"1644","target":"1800"},{"source":"1644","target":"1819"},{"source":"1644","target":"1823"},{"source":"1644","target":"1827"},{"source":"1644","target":"1867"},{"source":"1645","target":"1677"},{"source":"1645","target":"1679"},{"source":"1645","target":"1692"},{"source":"1645","target":"1694"},{"source":"1645","target":"1740"},{"source":"1645","target":"1743"},{"source":"1645","target":"1744"},{"source":"1645","target":"1763"},{"source":"1645","target":"1766"},{"source":"1645","target":"1767"},{"source":"1645","target":"1778"},{"source":"1645","target":"1790"},{"source":"1645","target":"1801"},{"source":"1645","target":"1844"},{"source":"1645","target":"1878"},{"source":"1645","target":"1881"},{"source":"1645","target":"1882"},{"source":"1646","target":"1675"},{"source":"1646","target":"1781"},{"source":"1646","target":"1813"},{"source":"1646","target":"1867"},{"source":"1646","target":"1881"},{"source":"1646","target":"1885"},{"source":"1647","target":"1655"},{"source":"1647","target":"1661"},{"source":"1647","target":"1682"},{"source":"1647","target":"1715"},{"source":"1647","target":"1716"},{"source":"1647","target":"1720"},{"source":"1647","target":"1728"},{"source":"1647","target":"1764"},{"source":"1647","target":"1841"},{"source":"1647","target":"1862"},{"source":"1647","target":"1872"},{"source":"1647","target":"1899"},{"source":"1648","target":"1733"},{"source":"1648","target":"1787"},{"source":"1648","target":"1798"},{"source":"1648","target":"1837"},{"source":"1648","target":"1895"},{"source":"1649","target":"1706"},{"source":"1649","target":"1729"},{"source":"1649","target":"1732"},{"source":"1649","target":"1742"},{"source":"1649","target":"1783"},{"source":"1649","target":"1786"},{"source":"1649","target":"1790"},{"source":"1649","target":"1794"},{"source":"1649","target":"1850"},{"source":"1649","target":"1871"},{"source":"1650","target":"1727"},{"source":"1650","target":"1770"},{"source":"1650","target":"1828"},{"source":"1650","target":"1830"},{"source":"1650","target":"1904"},{"source":"1651","target":"1730"},{"source":"1651","target":"1768"},{"source":"1652","target":"1653"},{"source":"1652","target":"1662"},{"source":"1652","target":"1665"},{"source":"1652","target":"1668"},{"source":"1652","target":"1683"},{"source":"1652","target":"1689"},{"source":"1652","target":"1712"},{"source":"1652","target":"1717"},{"source":"1652","target":"1724"},{"source":"1652","target":"1737"},{"source":"1652","target":"1746"},{"source":"1652","target":"1789"},{"source":"1652","target":"1795"},{"source":"1652","target":"1800"},{"source":"1652","target":"1804"},{"source":"1652","target":"1809"},{"source":"1652","target":"1810"},{"source":"1652","target":"1819"},{"source":"1652","target":"1827"},{"source":"1652","target":"1867"},{"source":"1652","target":"1877"},{"source":"1652","target":"1879"},{"source":"1652","target":"1888"},{"source":"1653","target":"1683"},{"source":"1653","target":"1714"},{"source":"1653","target":"1717"},{"source":"1653","target":"1721"},{"source":"1653","target":"1735"},{"source":"1653","target":"1746"},{"source":"1653","target":"1757"},{"source":"1653","target":"1789"},{"source":"1653","target":"1796"},{"source":"1653","target":"1799"},{"source":"1653","target":"1800"},{"source":"1653","target":"1804"},{"source":"1653","target":"1810"},{"source":"1653","target":"1816"},{"source":"1653","target":"1826"},{"source":"1653","target":"1827"},{"source":"1653","target":"1833"},{"source":"1653","target":"1835"},{"source":"1653","target":"1867"},{"source":"1653","target":"1877"},{"source":"1653","target":"1888"},{"source":"1654","target":"1762"},{"source":"1654","target":"1767"},{"source":"1655","target":"1680"},{"source":"1655","target":"1682"},{"source":"1655","target":"1715"},{"source":"1655","target":"1716"},{"source":"1655","target":"1720"},{"source":"1655","target":"1728"},{"source":"1655","target":"1764"},{"source":"1655","target":"1841"},{"source":"1655","target":"1859"},{"source":"1655","target":"1862"},{"source":"1655","target":"1872"},{"source":"1656","target":"1666"},{"source":"1656","target":"1684"},{"source":"1656","target":"1687"},{"source":"1656","target":"1702"},{"source":"1656","target":"1726"},{"source":"1656","target":"1806"},{"source":"1656","target":"1852"},{"source":"1656","target":"2764"},{"source":"1656","target":"2826"},{"source":"1656","target":"2883"},{"source":"1656","target":"2964"},{"source":"1656","target":"3057"},{"source":"1656","target":"3097"},{"source":"1656","target":"3164"},{"source":"1656","target":"3165"},{"source":"1656","target":"3263"},{"source":"1656","target":"3278"},{"source":"1657","target":"1776"},{"source":"1657","target":"1808"},{"source":"1658","target":"1794"},{"source":"1658","target":"1807"},{"source":"1658","target":"1818"},{"source":"1658","target":"1823"},{"source":"1658","target":"1881"},{"source":"1658","target":"1897"},{"source":"1659","target":"1683"},{"source":"1659","target":"1688"},{"source":"1659","target":"1689"},{"source":"1659","target":"1717"},{"source":"1659","target":"1721"},{"source":"1659","target":"1724"},{"source":"1659","target":"1730"},{"source":"1659","target":"1737"},{"source":"1659","target":"1746"},{"source":"1659","target":"1750"},{"source":"1659","target":"1752"},{"source":"1659","target":"1753"},{"source":"1659","target":"1800"},{"source":"1659","target":"1813"},{"source":"1659","target":"1819"},{"source":"1659","target":"1827"},{"source":"1659","target":"1835"},{"source":"1659","target":"1861"},{"source":"1659","target":"1867"},{"source":"1659","target":"1877"},{"source":"1659","target":"1888"},{"source":"1659","target":"1891"},{"source":"1660","target":"1695"},{"source":"1660","target":"1766"},{"source":"1660","target":"1773"},{"source":"1660","target":"1801"},{"source":"1661","target":"1680"},{"source":"1661","target":"1706"},{"source":"1661","target":"1716"},{"source":"1661","target":"1729"},{"source":"1661","target":"1732"},{"source":"1661","target":"1742"},{"source":"1661","target":"1751"},{"source":"1661","target":"1783"},{"source":"1661","target":"1786"},{"source":"1661","target":"1812"},{"source":"1661","target":"1820"},{"source":"1661","target":"1824"},{"source":"1661","target":"1828"},{"source":"1661","target":"1848"},{"source":"1661","target":"1859"},{"source":"1661","target":"1871"},{"source":"1661","target":"1893"},{"source":"1661","target":"1894"},{"source":"1661","target":"1907"},{"source":"1662","target":"1665"},{"source":"1662","target":"1668"},{"source":"1662","target":"1669"},{"source":"1662","target":"1683"},{"source":"1662","target":"1689"},{"source":"1662","target":"1707"},{"source":"1662","target":"1712"},{"source":"1662","target":"1714"},{"source":"1662","target":"1730"},{"source":"1662","target":"1735"},{"source":"1662","target":"1736"},{"source":"1662","target":"1746"},{"source":"1662","target":"1750"},{"source":"1662","target":"1757"},{"source":"1662","target":"1768"},{"source":"1662","target":"1772"},{"source":"1662","target":"1774"},{"source":"1662","target":"1789"},{"source":"1662","target":"1796"},{"source":"1662","target":"1799"},{"source":"1662","target":"1800"},{"source":"1662","target":"1804"},{"source":"1662","target":"1809"},{"source":"1662","target":"1810"},{"source":"1662","target":"1816"},{"source":"1662","target":"1823"},{"source":"1662","target":"1827"},{"source":"1662","target":"1833"},{"source":"1662","target":"1835"},{"source":"1662","target":"1839"},{"source":"1662","target":"1842"},{"source":"1662","target":"1845"},{"source":"1662","target":"1864"},{"source":"1662","target":"1879"},{"source":"1662","target":"1888"},{"source":"1662","target":"1891"},{"source":"1663","target":"1665"},{"source":"1663","target":"1668"},{"source":"1663","target":"1669"},{"source":"1663","target":"1675"},{"source":"1663","target":"1683"},{"source":"1663","target":"1688"},{"source":"1663","target":"1689"},{"source":"1663","target":"1697"},{"source":"1663","target":"1707"},{"source":"1663","target":"1712"},{"source":"1663","target":"1714"},{"source":"1663","target":"1717"},{"source":"1663","target":"1718"},{"source":"1663","target":"1721"},{"source":"1663","target":"1723"},{"source":"1663","target":"1724"},{"source":"1663","target":"1730"},{"source":"1663","target":"1734"},{"source":"1663","target":"1735"},{"source":"1663","target":"1736"},{"source":"1663","target":"1741"},{"source":"1663","target":"1746"},{"source":"1663","target":"1750"},{"source":"1663","target":"1752"},{"source":"1663","target":"1753"},{"source":"1663","target":"1757"},{"source":"1663","target":"1761"},{"source":"1663","target":"1768"},{"source":"1663","target":"1772"},{"source":"1663","target":"1782"},{"source":"1663","target":"1789"},{"source":"1663","target":"1791"},{"source":"1663","target":"1793"},{"source":"1663","target":"1795"},{"source":"1663","target":"1796"},{"source":"1663","target":"1799"},{"source":"1663","target":"1800"},{"source":"1663","target":"1804"},{"source":"1663","target":"1809"},{"source":"1663","target":"1811"},{"source":"1663","target":"1813"},{"source":"1663","target":"1816"},{"source":"1663","target":"1819"},{"source":"1663","target":"1823"},{"source":"1663","target":"1826"},{"source":"1663","target":"1827"},{"source":"1663","target":"1833"},{"source":"1663","target":"1835"},{"source":"1663","target":"1839"},{"source":"1663","target":"1842"},{"source":"1663","target":"1849"},{"source":"1663","target":"1851"},{"source":"1663","target":"1861"},{"source":"1663","target":"1867"},{"source":"1663","target":"1868"},{"source":"1663","target":"1877"},{"source":"1663","target":"1879"},{"source":"1663","target":"1886"},{"source":"1663","target":"1888"},{"source":"1663","target":"1891"},{"source":"1663","target":"1898"},{"source":"1663","target":"1902"},{"source":"1663","target":"1909"},{"source":"1664","target":"1876"},{"source":"1665","target":"1668"},{"source":"1665","target":"1689"},{"source":"1665","target":"1707"},{"source":"1665","target":"1712"},{"source":"1665","target":"1714"},{"source":"1665","target":"1730"},{"source":"1665","target":"1736"},{"source":"1665","target":"1741"},{"source":"1665","target":"1746"},{"source":"1665","target":"1750"},{"source":"1665","target":"1757"},{"source":"1665","target":"1772"},{"source":"1665","target":"1789"},{"source":"1665","target":"1791"},{"source":"1665","target":"1793"},{"source":"1665","target":"1795"},{"source":"1665","target":"1799"},{"source":"1665","target":"1800"},{"source":"1665","target":"1804"},{"source":"1665","target":"1809"},{"source":"1665","target":"1810"},{"source":"1665","target":"1813"},{"source":"1665","target":"1816"},{"source":"1665","target":"1821"},{"source":"1665","target":"1826"},{"source":"1665","target":"1833"},{"source":"1665","target":"1839"},{"source":"1665","target":"1842"},{"source":"1665","target":"1845"},{"source":"1665","target":"1849"},{"source":"1665","target":"1867"},{"source":"1665","target":"1868"},{"source":"1665","target":"1879"},{"source":"1665","target":"1888"},{"source":"1665","target":"1898"},{"source":"1665","target":"1902"},{"source":"1666","target":"1684"},{"source":"1666","target":"1726"},{"source":"1666","target":"1792"},{"source":"1666","target":"1822"},{"source":"1666","target":"2707"},{"source":"1666","target":"2869"},{"source":"1666","target":"2883"},{"source":"1666","target":"2968"},{"source":"1666","target":"3020"},{"source":"1666","target":"3100"},{"source":"1666","target":"3111"},{"source":"1666","target":"3186"},{"source":"1666","target":"3222"},{"source":"1666","target":"3245"},{"source":"1666","target":"3258"},{"source":"1666","target":"3263"},{"source":"1666","target":"3278"},{"source":"1666","target":"3289"},{"source":"1667","target":"1672"},{"source":"1667","target":"1699"},{"source":"1667","target":"1725"},{"source":"1667","target":"1783"},{"source":"1667","target":"1785"},{"source":"1667","target":"1840"},{"source":"1668","target":"1683"},{"source":"1668","target":"1707"},{"source":"1668","target":"1712"},{"source":"1668","target":"1714"},{"source":"1668","target":"1717"},{"source":"1668","target":"1734"},{"source":"1668","target":"1736"},{"source":"1668","target":"1746"},{"source":"1668","target":"1752"},{"source":"1668","target":"1757"},{"source":"1668","target":"1761"},{"source":"1668","target":"1768"},{"source":"1668","target":"1782"},{"source":"1668","target":"1789"},{"source":"1668","target":"1791"},{"source":"1668","target":"1793"},{"source":"1668","target":"1799"},{"source":"1668","target":"1800"},{"source":"1668","target":"1804"},{"source":"1668","target":"1809"},{"source":"1668","target":"1810"},{"source":"1668","target":"1816"},{"source":"1668","target":"1821"},{"source":"1668","target":"1823"},{"source":"1668","target":"1833"},{"source":"1668","target":"1839"},{"source":"1668","target":"1849"},{"source":"1668","target":"1868"},{"source":"1668","target":"1879"},{"source":"1668","target":"1886"},{"source":"1668","target":"1888"},{"source":"1668","target":"1898"},{"source":"1668","target":"1902"},{"source":"1669","target":"1675"},{"source":"1669","target":"1685"},{"source":"1669","target":"1707"},{"source":"1669","target":"1714"},{"source":"1669","target":"1717"},{"source":"1669","target":"1730"},{"source":"1669","target":"1734"},{"source":"1669","target":"1741"},{"source":"1669","target":"1746"},{"source":"1669","target":"1752"},{"source":"1669","target":"1753"},{"source":"1669","target":"1757"},{"source":"1669","target":"1761"},{"source":"1669","target":"1768"},{"source":"1669","target":"1791"},{"source":"1669","target":"1793"},{"source":"1669","target":"1799"},{"source":"1669","target":"1800"},{"source":"1669","target":"1804"},{"source":"1669","target":"1811"},{"source":"1669","target":"1813"},{"source":"1669","target":"1823"},{"source":"1669","target":"1827"},{"source":"1669","target":"1833"},{"source":"1669","target":"1835"},{"source":"1669","target":"1842"},{"source":"1669","target":"1845"},{"source":"1669","target":"1861"},{"source":"1669","target":"1888"},{"source":"1669","target":"1891"},{"source":"1669","target":"1898"},{"source":"1669","target":"1902"},{"source":"1670","target":"1678"},{"source":"1670","target":"1765"},{"source":"1670","target":"1772"},{"source":"1670","target":"1908"},{"source":"1671","target":"1743"},{"source":"1671","target":"1763"},{"source":"1671","target":"1829"},{"source":"1671","target":"1831"},{"source":"1671","target":"1844"},{"source":"1671","target":"1878"},{"source":"1671","target":"1881"},{"source":"1671","target":"1910"},{"source":"1672","target":"1709"},{"source":"1672","target":"1725"},{"source":"1672","target":"1739"},{"source":"1672","target":"1783"},{"source":"1672","target":"1828"},{"source":"1672","target":"1855"},{"source":"1672","target":"1869"},{"source":"1673","target":"1740"},{"source":"1673","target":"1767"},{"source":"1673","target":"1844"},{"source":"1673","target":"1878"},{"source":"1674","target":"1758"},{"source":"1674","target":"1780"},{"source":"1674","target":"1800"},{"source":"1674","target":"1860"},{"source":"1674","target":"1863"},{"source":"1674","target":"1883"},{"source":"1675","target":"1685"},{"source":"1675","target":"1688"},{"source":"1675","target":"1714"},{"source":"1675","target":"1717"},{"source":"1675","target":"1730"},{"source":"1675","target":"1735"},{"source":"1675","target":"1741"},{"source":"1675","target":"1753"},{"source":"1675","target":"1761"},{"source":"1675","target":"1765"},{"source":"1675","target":"1768"},{"source":"1675","target":"1800"},{"source":"1675","target":"1804"},{"source":"1675","target":"1810"},{"source":"1675","target":"1811"},{"source":"1675","target":"1813"},{"source":"1675","target":"1833"},{"source":"1675","target":"1835"},{"source":"1675","target":"1843"},{"source":"1675","target":"1861"},{"source":"1675","target":"1867"},{"source":"1675","target":"1881"},{"source":"1675","target":"1885"},{"source":"1675","target":"1888"},{"source":"1675","target":"1891"},{"source":"1675","target":"1902"},{"source":"1676","target":"1687"},{"source":"1676","target":"1705"},{"source":"1676","target":"1713"},{"source":"1676","target":"1825"},{"source":"1677","target":"1679"},{"source":"1677","target":"1740"},{"source":"1677","target":"1744"},{"source":"1677","target":"1763"},{"source":"1677","target":"1844"},{"source":"1677","target":"1870"},{"source":"1678","target":"1717"},{"source":"1678","target":"1726"},{"source":"1678","target":"1811"},{"source":"1678","target":"1819"},{"source":"1678","target":"1847"},{"source":"1678","target":"1852"},{"source":"1679","target":"1692"},{"source":"1679","target":"1773"},{"source":"1679","target":"1882"},{"source":"1680","target":"1682"},{"source":"1680","target":"1691"},{"source":"1680","target":"1715"},{"source":"1680","target":"1728"},{"source":"1680","target":"1764"},{"source":"1680","target":"1857"},{"source":"1680","target":"1859"},{"source":"1680","target":"1862"},{"source":"1680","target":"1871"},{"source":"1680","target":"1872"},{"source":"1680","target":"1873"},{"source":"1680","target":"1884"},{"source":"1680","target":"1893"},{"source":"1681","target":"1699"},{"source":"1681","target":"1727"},{"source":"1681","target":"1847"},{"source":"1682","target":"1715"},{"source":"1682","target":"1716"},{"source":"1682","target":"1841"},{"source":"1682","target":"1873"},{"source":"1682","target":"1884"},{"source":"1682","target":"1893"},{"source":"1682","target":"1899"},{"source":"1682","target":"1903"},{"source":"1683","target":"1689"},{"source":"1683","target":"1700"},{"source":"1683","target":"1707"},{"source":"1683","target":"1717"},{"source":"1683","target":"1721"},{"source":"1683","target":"1724"},{"source":"1683","target":"1730"},{"source":"1683","target":"1735"},{"source":"1683","target":"1737"},{"source":"1683","target":"1746"},{"source":"1683","target":"1750"},{"source":"1683","target":"1752"},{"source":"1683","target":"1761"},{"source":"1683","target":"1768"},{"source":"1683","target":"1769"},{"source":"1683","target":"1774"},{"source":"1683","target":"1789"},{"source":"1683","target":"1791"},{"source":"1683","target":"1795"},{"source":"1683","target":"1799"},{"source":"1683","target":"1800"},{"source":"1683","target":"1804"},{"source":"1683","target":"1813"},{"source":"1683","target":"1819"},{"source":"1683","target":"1821"},{"source":"1683","target":"1823"},{"source":"1683","target":"1827"},{"source":"1683","target":"1833"},{"source":"1683","target":"1835"},{"source":"1683","target":"1836"},{"source":"1683","target":"1839"},{"source":"1683","target":"1849"},{"source":"1683","target":"1867"},{"source":"1683","target":"1877"},{"source":"1683","target":"1881"},{"source":"1683","target":"1888"},{"source":"1683","target":"1891"},{"source":"1684","target":"1726"},{"source":"1684","target":"1758"},{"source":"1684","target":"2661"},{"source":"1684","target":"2662"},{"source":"1684","target":"2663"},{"source":"1684","target":"2664"},{"source":"1684","target":"2665"},{"source":"1684","target":"2666"},{"source":"1684","target":"2667"},{"source":"1684","target":"2668"},{"source":"1684","target":"2669"},{"source":"1684","target":"2670"},{"source":"1684","target":"2671"},{"source":"1684","target":"2672"},{"source":"1684","target":"2673"},{"source":"1684","target":"2674"},{"source":"1684","target":"2675"},{"source":"1684","target":"2676"},{"source":"1684","target":"2677"},{"source":"1684","target":"2678"},{"source":"1684","target":"2679"},{"source":"1684","target":"2680"},{"source":"1684","target":"2681"},{"source":"1684","target":"2682"},{"source":"1684","target":"2683"},{"source":"1684","target":"2684"},{"source":"1684","target":"2685"},{"source":"1684","target":"2686"},{"source":"1684","target":"2687"},{"source":"1684","target":"2688"},{"source":"1684","target":"2689"},{"source":"1684","target":"2690"},{"source":"1684","target":"2691"},{"source":"1684","target":"2692"},{"source":"1684","target":"2693"},{"source":"1684","target":"2694"},{"source":"1684","target":"2695"},{"source":"1684","target":"2696"},{"source":"1684","target":"2697"},{"source":"1684","target":"2698"},{"source":"1684","target":"2699"},{"source":"1684","target":"2700"},{"source":"1684","target":"2701"},{"source":"1684","target":"2702"},{"source":"1684","target":"2703"},{"source":"1684","target":"2704"},{"source":"1684","target":"2705"},{"source":"1684","target":"2706"},{"source":"1684","target":"2707"},{"source":"1684","target":"2708"},{"source":"1684","target":"2709"},{"source":"1684","target":"2710"},{"source":"1684","target":"2711"},{"source":"1684","target":"2712"},{"source":"1684","target":"2713"},{"source":"1684","target":"2714"},{"source":"1684","target":"2715"},{"source":"1684","target":"2716"},{"source":"1684","target":"2717"},{"source":"1684","target":"2718"},{"source":"1684","target":"2719"},{"source":"1684","target":"2720"},{"source":"1684","target":"2721"},{"source":"1684","target":"2722"},{"source":"1684","target":"2723"},{"source":"1684","target":"2724"},{"source":"1684","target":"2725"},{"source":"1684","target":"2726"},{"source":"1684","target":"2727"},{"source":"1684","target":"2728"},{"source":"1684","target":"2729"},{"source":"1684","target":"2730"},{"source":"1684","target":"2731"},{"source":"1684","target":"2732"},{"source":"1684","target":"2733"},{"source":"1684","target":"2734"},{"source":"1684","target":"2735"},{"source":"1684","target":"2736"},{"source":"1684","target":"2737"},{"source":"1684","target":"2738"},{"source":"1684","target":"2739"},{"source":"1684","target":"2740"},{"source":"1684","target":"2741"},{"source":"1684","target":"2742"},{"source":"1684","target":"2743"},{"source":"1684","target":"2744"},{"source":"1684","target":"2745"},{"source":"1684","target":"2746"},{"source":"1684","target":"2747"},{"source":"1684","target":"2748"},{"source":"1684","target":"2749"},{"source":"1684","target":"2750"},{"source":"1684","target":"2751"},{"source":"1684","target":"2752"},{"source":"1684","target":"2753"},{"source":"1684","target":"2754"},{"source":"1684","target":"2755"},{"source":"1684","target":"2756"},{"source":"1684","target":"2757"},{"source":"1684","target":"2758"},{"source":"1684","target":"2759"},{"source":"1684","target":"2760"},{"source":"1684","target":"2761"},{"source":"1684","target":"2762"},{"source":"1684","target":"2763"},{"source":"1684","target":"2764"},{"source":"1684","target":"2765"},{"source":"1684","target":"2766"},{"source":"1684","target":"2767"},{"source":"1684","target":"2768"},{"source":"1684","target":"2769"},{"source":"1684","target":"2770"},{"source":"1684","target":"2771"},{"source":"1684","target":"2772"},{"source":"1684","target":"2773"},{"source":"1684","target":"2774"},{"source":"1684","target":"2775"},{"source":"1684","target":"2776"},{"source":"1684","target":"2777"},{"source":"1684","target":"2778"},{"source":"1684","target":"2779"},{"source":"1684","target":"2780"},{"source":"1684","target":"2781"},{"source":"1684","target":"2782"},{"source":"1684","target":"2783"},{"source":"1684","target":"2784"},{"source":"1684","target":"2785"},{"source":"1684","target":"2786"},{"source":"1684","target":"2787"},{"source":"1684","target":"2788"},{"source":"1684","target":"2789"},{"source":"1684","target":"2790"},{"source":"1684","target":"2791"},{"source":"1684","target":"2792"},{"source":"1684","target":"2793"},{"source":"1684","target":"2794"},{"source":"1684","target":"2795"},{"source":"1684","target":"2796"},{"source":"1684","target":"2797"},{"source":"1684","target":"2798"},{"source":"1684","target":"2799"},{"source":"1684","target":"2800"},{"source":"1684","target":"2801"},{"source":"1684","target":"2802"},{"source":"1684","target":"2803"},{"source":"1684","target":"2804"},{"source":"1684","target":"2805"},{"source":"1684","target":"2806"},{"source":"1684","target":"2807"},{"source":"1684","target":"2808"},{"source":"1684","target":"2809"},{"source":"1684","target":"2810"},{"source":"1684","target":"2811"},{"source":"1684","target":"2812"},{"source":"1684","target":"2813"},{"source":"1684","target":"2814"},{"source":"1684","target":"2815"},{"source":"1684","target":"2816"},{"source":"1684","target":"2817"},{"source":"1684","target":"2818"},{"source":"1684","target":"2819"},{"source":"1684","target":"2820"},{"source":"1684","target":"2821"},{"source":"1684","target":"2822"},{"source":"1684","target":"2823"},{"source":"1684","target":"2824"},{"source":"1684","target":"2825"},{"source":"1684","target":"2826"},{"source":"1684","target":"2827"},{"source":"1684","target":"2828"},{"source":"1684","target":"2829"},{"source":"1684","target":"2830"},{"source":"1684","target":"2831"},{"source":"1684","target":"2832"},{"source":"1684","target":"2833"},{"source":"1684","target":"2834"},{"source":"1684","target":"2835"},{"source":"1684","target":"2836"},{"source":"1684","target":"2837"},{"source":"1684","target":"2838"},{"source":"1684","target":"2839"},{"source":"1684","target":"2840"},{"source":"1684","target":"2841"},{"source":"1684","target":"2842"},{"source":"1684","target":"2843"},{"source":"1684","target":"2844"},{"source":"1684","target":"2845"},{"source":"1684","target":"2846"},{"source":"1684","target":"2847"},{"source":"1684","target":"2848"},{"source":"1684","target":"2849"},{"source":"1684","target":"2850"},{"source":"1684","target":"2851"},{"source":"1684","target":"2852"},{"source":"1684","target":"2853"},{"source":"1684","target":"2854"},{"source":"1684","target":"2855"},{"source":"1684","target":"2856"},{"source":"1684","target":"2857"},{"source":"1684","target":"2858"},{"source":"1684","target":"2859"},{"source":"1684","target":"2860"},{"source":"1684","target":"2861"},{"source":"1684","target":"2862"},{"source":"1684","target":"2863"},{"source":"1684","target":"2864"},{"source":"1684","target":"2865"},{"source":"1684","target":"2866"},{"source":"1684","target":"2867"},{"source":"1684","target":"2868"},{"source":"1684","target":"2869"},{"source":"1684","target":"2870"},{"source":"1684","target":"2871"},{"source":"1684","target":"2872"},{"source":"1684","target":"2873"},{"source":"1684","target":"2874"},{"source":"1684","target":"2875"},{"source":"1684","target":"2876"},{"source":"1684","target":"2877"},{"source":"1684","target":"2878"},{"source":"1684","target":"2879"},{"source":"1684","target":"2880"},{"source":"1684","target":"2881"},{"source":"1684","target":"2882"},{"source":"1684","target":"2883"},{"source":"1684","target":"2884"},{"source":"1684","target":"2885"},{"source":"1684","target":"2886"},{"source":"1684","target":"2887"},{"source":"1684","target":"2888"},{"source":"1684","target":"2889"},{"source":"1684","target":"2890"},{"source":"1684","target":"2891"},{"source":"1684","target":"2892"},{"source":"1684","target":"2893"},{"source":"1684","target":"2894"},{"source":"1684","target":"2895"},{"source":"1684","target":"2896"},{"source":"1684","target":"2897"},{"source":"1684","target":"2898"},{"source":"1684","target":"2899"},{"source":"1684","target":"2900"},{"source":"1684","target":"2901"},{"source":"1684","target":"2902"},{"source":"1684","target":"2903"},{"source":"1684","target":"2904"},{"source":"1684","target":"2905"},{"source":"1684","target":"2906"},{"source":"1684","target":"2907"},{"source":"1684","target":"2908"},{"source":"1684","target":"2909"},{"source":"1684","target":"2910"},{"source":"1684","target":"2911"},{"source":"1684","target":"2912"},{"source":"1684","target":"2913"},{"source":"1684","target":"2914"},{"source":"1684","target":"2915"},{"source":"1684","target":"2916"},{"source":"1684","target":"2917"},{"source":"1684","target":"2918"},{"source":"1684","target":"2919"},{"source":"1684","target":"2920"},{"source":"1684","target":"2921"},{"source":"1684","target":"2922"},{"source":"1684","target":"2923"},{"source":"1684","target":"2924"},{"source":"1684","target":"2925"},{"source":"1684","target":"2926"},{"source":"1684","target":"2927"},{"source":"1684","target":"2928"},{"source":"1684","target":"2929"},{"source":"1684","target":"2930"},{"source":"1684","target":"2931"},{"source":"1684","target":"2932"},{"source":"1684","target":"2933"},{"source":"1684","target":"2934"},{"source":"1684","target":"2935"},{"source":"1684","target":"2936"},{"source":"1684","target":"2937"},{"source":"1684","target":"2938"},{"source":"1684","target":"2939"},{"source":"1684","target":"2940"},{"source":"1684","target":"2941"},{"source":"1684","target":"2942"},{"source":"1684","target":"2943"},{"source":"1684","target":"2944"},{"source":"1684","target":"2945"},{"source":"1684","target":"2946"},{"source":"1684","target":"2947"},{"source":"1684","target":"2948"},{"source":"1684","target":"2949"},{"source":"1684","target":"2950"},{"source":"1684","target":"2951"},{"source":"1684","target":"2952"},{"source":"1684","target":"2953"},{"source":"1684","target":"2954"},{"source":"1684","target":"2955"},{"source":"1684","target":"2956"},{"source":"1684","target":"2957"},{"source":"1684","target":"2958"},{"source":"1684","target":"2959"},{"source":"1684","target":"2960"},{"source":"1684","target":"2961"},{"source":"1684","target":"2962"},{"source":"1684","target":"2963"},{"source":"1684","target":"2964"},{"source":"1684","target":"2965"},{"source":"1684","target":"2966"},{"source":"1684","target":"2967"},{"source":"1684","target":"2968"},{"source":"1684","target":"2969"},{"source":"1684","target":"2970"},{"source":"1684","target":"2971"},{"source":"1684","target":"2972"},{"source":"1684","target":"2973"},{"source":"1684","target":"2974"},{"source":"1684","target":"2975"},{"source":"1684","target":"2976"},{"source":"1684","target":"2977"},{"source":"1684","target":"2978"},{"source":"1684","target":"2979"},{"source":"1684","target":"2980"},{"source":"1684","target":"2981"},{"source":"1684","target":"2982"},{"source":"1684","target":"2983"},{"source":"1684","target":"2984"},{"source":"1684","target":"2985"},{"source":"1684","target":"2986"},{"source":"1684","target":"2987"},{"source":"1684","target":"2988"},{"source":"1684","target":"2989"},{"source":"1684","target":"2990"},{"source":"1684","target":"2991"},{"source":"1684","target":"2992"},{"source":"1684","target":"2993"},{"source":"1684","target":"2994"},{"source":"1684","target":"2995"},{"source":"1684","target":"2996"},{"source":"1684","target":"2997"},{"source":"1684","target":"2998"},{"source":"1684","target":"2999"},{"source":"1684","target":"3000"},{"source":"1684","target":"3001"},{"source":"1684","target":"3002"},{"source":"1684","target":"3003"},{"source":"1684","target":"3004"},{"source":"1684","target":"3005"},{"source":"1684","target":"3006"},{"source":"1684","target":"3007"},{"source":"1684","target":"3008"},{"source":"1684","target":"3009"},{"source":"1684","target":"3010"},{"source":"1684","target":"3011"},{"source":"1684","target":"3012"},{"source":"1684","target":"3013"},{"source":"1684","target":"3014"},{"source":"1684","target":"3015"},{"source":"1684","target":"3016"},{"source":"1684","target":"3017"},{"source":"1684","target":"3018"},{"source":"1684","target":"3019"},{"source":"1684","target":"3020"},{"source":"1684","target":"3021"},{"source":"1684","target":"3022"},{"source":"1684","target":"3023"},{"source":"1684","target":"3024"},{"source":"1684","target":"3025"},{"source":"1684","target":"3026"},{"source":"1684","target":"3027"},{"source":"1684","target":"3028"},{"source":"1684","target":"3029"},{"source":"1684","target":"3030"},{"source":"1684","target":"3031"},{"source":"1684","target":"3032"},{"source":"1684","target":"3033"},{"source":"1684","target":"3034"},{"source":"1684","target":"3035"},{"source":"1684","target":"3036"},{"source":"1684","target":"3037"},{"source":"1684","target":"3038"},{"source":"1684","target":"3039"},{"source":"1684","target":"3040"},{"source":"1684","target":"3041"},{"source":"1684","target":"3042"},{"source":"1684","target":"3043"},{"source":"1684","target":"3044"},{"source":"1684","target":"3045"},{"source":"1684","target":"3046"},{"source":"1684","target":"3047"},{"source":"1684","target":"3048"},{"source":"1684","target":"3049"},{"source":"1684","target":"3050"},{"source":"1684","target":"3051"},{"source":"1684","target":"3052"},{"source":"1684","target":"3053"},{"source":"1684","target":"3054"},{"source":"1684","target":"3055"},{"source":"1684","target":"3056"},{"source":"1684","target":"3057"},{"source":"1684","target":"3058"},{"source":"1684","target":"3059"},{"source":"1684","target":"3060"},{"source":"1684","target":"3061"},{"source":"1684","target":"3062"},{"source":"1684","target":"3063"},{"source":"1684","target":"3064"},{"source":"1684","target":"3065"},{"source":"1684","target":"3066"},{"source":"1684","target":"3067"},{"source":"1684","target":"3068"},{"source":"1684","target":"3069"},{"source":"1684","target":"3070"},{"source":"1684","target":"3071"},{"source":"1684","target":"3072"},{"source":"1684","target":"3073"},{"source":"1684","target":"3074"},{"source":"1684","target":"3075"},{"source":"1684","target":"3076"},{"source":"1684","target":"3077"},{"source":"1684","target":"3078"},{"source":"1684","target":"3079"},{"source":"1684","target":"3080"},{"source":"1684","target":"3081"},{"source":"1684","target":"3082"},{"source":"1684","target":"3083"},{"source":"1684","target":"3084"},{"source":"1684","target":"3085"},{"source":"1684","target":"3086"},{"source":"1684","target":"3087"},{"source":"1684","target":"3088"},{"source":"1684","target":"3089"},{"source":"1684","target":"3090"},{"source":"1684","target":"3091"},{"source":"1684","target":"3092"},{"source":"1684","target":"3093"},{"source":"1684","target":"3094"},{"source":"1684","target":"3095"},{"source":"1684","target":"3096"},{"source":"1684","target":"3097"},{"source":"1684","target":"3098"},{"source":"1684","target":"3099"},{"source":"1684","target":"3100"},{"source":"1684","target":"3101"},{"source":"1684","target":"3102"},{"source":"1684","target":"3103"},{"source":"1684","target":"3104"},{"source":"1684","target":"3105"},{"source":"1684","target":"3106"},{"source":"1684","target":"3107"},{"source":"1684","target":"3108"},{"source":"1684","target":"3109"},{"source":"1684","target":"3110"},{"source":"1684","target":"3111"},{"source":"1684","target":"3112"},{"source":"1684","target":"3113"},{"source":"1684","target":"3114"},{"source":"1684","target":"3115"},{"source":"1684","target":"3116"},{"source":"1684","target":"3117"},{"source":"1684","target":"3118"},{"source":"1684","target":"3119"},{"source":"1684","target":"3120"},{"source":"1684","target":"3121"},{"source":"1684","target":"3122"},{"source":"1684","target":"3123"},{"source":"1684","target":"3124"},{"source":"1684","target":"3125"},{"source":"1684","target":"3126"},{"source":"1684","target":"3127"},{"source":"1684","target":"3128"},{"source":"1684","target":"3129"},{"source":"1684","target":"3130"},{"source":"1684","target":"3131"},{"source":"1684","target":"3132"},{"source":"1684","target":"3133"},{"source":"1684","target":"3134"},{"source":"1684","target":"3135"},{"source":"1684","target":"3136"},{"source":"1684","target":"3137"},{"source":"1684","target":"3138"},{"source":"1684","target":"3139"},{"source":"1684","target":"3140"},{"source":"1684","target":"3141"},{"source":"1684","target":"3142"},{"source":"1684","target":"3143"},{"source":"1684","target":"3144"},{"source":"1684","target":"3145"},{"source":"1684","target":"3146"},{"source":"1684","target":"3147"},{"source":"1684","target":"3148"},{"source":"1684","target":"3149"},{"source":"1684","target":"3150"},{"source":"1684","target":"3151"},{"source":"1684","target":"3152"},{"source":"1684","target":"3153"},{"source":"1684","target":"3154"},{"source":"1684","target":"3155"},{"source":"1684","target":"3156"},{"source":"1684","target":"3157"},{"source":"1684","target":"3158"},{"source":"1684","target":"3159"},{"source":"1684","target":"3160"},{"source":"1684","target":"3161"},{"source":"1684","target":"3162"},{"source":"1684","target":"3163"},{"source":"1684","target":"3164"},{"source":"1684","target":"3165"},{"source":"1684","target":"3166"},{"source":"1684","target":"3167"},{"source":"1684","target":"3168"},{"source":"1684","target":"3169"},{"source":"1684","target":"3170"},{"source":"1684","target":"3171"},{"source":"1684","target":"3172"},{"source":"1684","target":"3173"},{"source":"1684","target":"3174"},{"source":"1684","target":"3175"},{"source":"1684","target":"3176"},{"source":"1684","target":"3177"},{"source":"1684","target":"3178"},{"source":"1684","target":"3179"},{"source":"1684","target":"3180"},{"source":"1684","target":"3181"},{"source":"1684","target":"3182"},{"source":"1684","target":"3183"},{"source":"1684","target":"3184"},{"source":"1684","target":"3185"},{"source":"1684","target":"3186"},{"source":"1684","target":"3187"},{"source":"1684","target":"3188"},{"source":"1684","target":"3189"},{"source":"1684","target":"3190"},{"source":"1684","target":"3191"},{"source":"1684","target":"3192"},{"source":"1684","target":"3193"},{"source":"1684","target":"3194"},{"source":"1684","target":"3195"},{"source":"1684","target":"3196"},{"source":"1684","target":"3197"},{"source":"1684","target":"3198"},{"source":"1684","target":"3199"},{"source":"1684","target":"3200"},{"source":"1684","target":"3201"},{"source":"1684","target":"3202"},{"source":"1684","target":"3203"},{"source":"1684","target":"3204"},{"source":"1684","target":"3205"},{"source":"1684","target":"3206"},{"source":"1684","target":"3207"},{"source":"1684","target":"3208"},{"source":"1684","target":"3209"},{"source":"1684","target":"3210"},{"source":"1684","target":"3211"},{"source":"1684","target":"3212"},{"source":"1684","target":"3213"},{"source":"1684","target":"3214"},{"source":"1684","target":"3215"},{"source":"1684","target":"3216"},{"source":"1684","target":"3217"},{"source":"1684","target":"3218"},{"source":"1684","target":"3219"},{"source":"1684","target":"3220"},{"source":"1684","target":"3221"},{"source":"1684","target":"3222"},{"source":"1684","target":"3223"},{"source":"1684","target":"3224"},{"source":"1684","target":"3225"},{"source":"1684","target":"3226"},{"source":"1684","target":"3227"},{"source":"1684","target":"3228"},{"source":"1684","target":"3229"},{"source":"1684","target":"3230"},{"source":"1684","target":"3231"},{"source":"1684","target":"3232"},{"source":"1684","target":"3233"},{"source":"1684","target":"3234"},{"source":"1684","target":"3235"},{"source":"1684","target":"3236"},{"source":"1684","target":"3237"},{"source":"1684","target":"3238"},{"source":"1684","target":"3239"},{"source":"1684","target":"3240"},{"source":"1684","target":"3241"},{"source":"1684","target":"3242"},{"source":"1684","target":"3243"},{"source":"1684","target":"3244"},{"source":"1684","target":"3245"},{"source":"1684","target":"3246"},{"source":"1684","target":"3247"},{"source":"1684","target":"3248"},{"source":"1684","target":"3249"},{"source":"1684","target":"3250"},{"source":"1684","target":"3251"},{"source":"1684","target":"3252"},{"source":"1684","target":"3253"},{"source":"1684","target":"3254"},{"source":"1684","target":"3255"},{"source":"1684","target":"3256"},{"source":"1684","target":"3257"},{"source":"1684","target":"3258"},{"source":"1684","target":"3259"},{"source":"1684","target":"3260"},{"source":"1684","target":"3261"},{"source":"1684","target":"3262"},{"source":"1684","target":"3263"},{"source":"1684","target":"3264"},{"source":"1684","target":"3265"},{"source":"1684","target":"3266"},{"source":"1684","target":"3267"},{"source":"1684","target":"3268"},{"source":"1684","target":"3269"},{"source":"1684","target":"3270"},{"source":"1684","target":"3271"},{"source":"1684","target":"3272"},{"source":"1684","target":"3273"},{"source":"1684","target":"3274"},{"source":"1684","target":"3275"},{"source":"1684","target":"3276"},{"source":"1684","target":"3277"},{"source":"1684","target":"3278"},{"source":"1684","target":"3279"},{"source":"1684","target":"3280"},{"source":"1684","target":"3281"},{"source":"1684","target":"3282"},{"source":"1684","target":"3283"},{"source":"1684","target":"3284"},{"source":"1684","target":"3285"},{"source":"1684","target":"3286"},{"source":"1684","target":"3287"},{"source":"1684","target":"3288"},{"source":"1684","target":"3289"},{"source":"1684","target":"3290"},{"source":"1684","target":"3291"},{"source":"1684","target":"3292"},{"source":"1684","target":"3293"},{"source":"1684","target":"3294"},{"source":"1684","target":"3295"},{"source":"1684","target":"3296"},{"source":"1684","target":"3297"},{"source":"1684","target":"3298"},{"source":"1684","target":"3299"},{"source":"1684","target":"3300"},{"source":"1684","target":"3301"},{"source":"1684","target":"3302"},{"source":"1684","target":"3303"},{"source":"1684","target":"3304"},{"source":"1684","target":"3305"},{"source":"1684","target":"3306"},{"source":"1684","target":"3307"},{"source":"1684","target":"3308"},{"source":"1684","target":"3309"},{"source":"1684","target":"3310"},{"source":"1684","target":"3311"},{"source":"1684","target":"3312"},{"source":"1684","target":"3313"},{"source":"1684","target":"3314"},{"source":"1684","target":"3315"},{"source":"1684","target":"3316"},{"source":"1684","target":"3317"},{"source":"1684","target":"3318"},{"source":"1684","target":"3319"},{"source":"1684","target":"3320"},{"source":"1684","target":"3321"},{"source":"1684","target":"3322"},{"source":"1684","target":"3323"},{"source":"1684","target":"3324"},{"source":"1684","target":"3325"},{"source":"1684","target":"3326"},{"source":"1684","target":"3327"},{"source":"1684","target":"3328"},{"source":"1684","target":"3329"},{"source":"1684","target":"3330"},{"source":"1684","target":"3331"},{"source":"1684","target":"3332"},{"source":"1684","target":"3333"},{"source":"1684","target":"3334"},{"source":"1684","target":"3335"},{"source":"1684","target":"3336"},{"source":"1684","target":"3337"},{"source":"1684","target":"3338"},{"source":"1684","target":"3339"},{"source":"1684","target":"3340"},{"source":"1684","target":"3341"},{"source":"1684","target":"3342"},{"source":"1684","target":"3343"},{"source":"1684","target":"3344"},{"source":"1684","target":"3345"},{"source":"1684","target":"3346"},{"source":"1684","target":"3347"},{"source":"1684","target":"3348"},{"source":"1684","target":"3349"},{"source":"1684","target":"3350"},{"source":"1684","target":"3351"},{"source":"1684","target":"3352"},{"source":"1684","target":"3353"},{"source":"1684","target":"3354"},{"source":"1684","target":"3355"},{"source":"1684","target":"3356"},{"source":"1684","target":"3357"},{"source":"1684","target":"3358"},{"source":"1684","target":"3359"},{"source":"1684","target":"3360"},{"source":"1684","target":"3361"},{"source":"1684","target":"3362"},{"source":"1684","target":"3363"},{"source":"1684","target":"3364"},{"source":"1684","target":"3365"},{"source":"1684","target":"3366"},{"source":"1684","target":"3367"},{"source":"1684","target":"3368"},{"source":"1684","target":"3369"},{"source":"1684","target":"3370"},{"source":"1684","target":"3371"},{"source":"1684","target":"3372"},{"source":"1684","target":"3373"},{"source":"1684","target":"3374"},{"source":"1684","target":"3375"},{"source":"1684","target":"3376"},{"source":"1684","target":"3377"},{"source":"1684","target":"3378"},{"source":"1684","target":"3379"},{"source":"1684","target":"3380"},{"source":"1684","target":"3381"},{"source":"1684","target":"3382"},{"source":"1684","target":"3383"},{"source":"1684","target":"3384"},{"source":"1684","target":"3385"},{"source":"1684","target":"3386"},{"source":"1684","target":"3387"},{"source":"1684","target":"3388"},{"source":"1684","target":"3389"},{"source":"1684","target":"3390"},{"source":"1684","target":"3391"},{"source":"1684","target":"3392"},{"source":"1684","target":"3393"},{"source":"1684","target":"3394"},{"source":"1684","target":"3395"},{"source":"1684","target":"3396"},{"source":"1684","target":"3397"},{"source":"1684","target":"3398"},{"source":"1684","target":"3399"},{"source":"1684","target":"3400"},{"source":"1684","target":"3401"},{"source":"1684","target":"3402"},{"source":"1684","target":"3403"},{"source":"1684","target":"3404"},{"source":"1684","target":"3405"},{"source":"1684","target":"3406"},{"source":"1684","target":"3407"},{"source":"1684","target":"3408"},{"source":"1684","target":"3409"},{"source":"1684","target":"3410"},{"source":"1684","target":"3411"},{"source":"1684","target":"3412"},{"source":"1684","target":"3413"},{"source":"1684","target":"3414"},{"source":"1684","target":"3415"},{"source":"1684","target":"3416"},{"source":"1684","target":"3417"},{"source":"1684","target":"3418"},{"source":"1684","target":"3419"},{"source":"1684","target":"3420"},{"source":"1684","target":"3421"},{"source":"1684","target":"3422"},{"source":"1684","target":"3423"},{"source":"1684","target":"3424"},{"source":"1684","target":"3425"},{"source":"1684","target":"3426"},{"source":"1684","target":"3427"},{"source":"1684","target":"3428"},{"source":"1684","target":"3429"},{"source":"1684","target":"3430"},{"source":"1684","target":"3431"},{"source":"1684","target":"3432"},{"source":"1684","target":"3433"},{"source":"1684","target":"3434"},{"source":"1684","target":"3435"},{"source":"1684","target":"3436"},{"source":"1685","target":"1707"},{"source":"1685","target":"1722"},{"source":"1685","target":"1730"},{"source":"1685","target":"1734"},{"source":"1685","target":"1736"},{"source":"1685","target":"1741"},{"source":"1685","target":"1746"},{"source":"1685","target":"1753"},{"source":"1685","target":"1768"},{"source":"1685","target":"1771"},{"source":"1685","target":"1775"},{"source":"1685","target":"1799"},{"source":"1685","target":"1800"},{"source":"1685","target":"1804"},{"source":"1685","target":"1809"},{"source":"1685","target":"1813"},{"source":"1685","target":"1833"},{"source":"1685","target":"1835"},{"source":"1685","target":"1839"},{"source":"1685","target":"1845"},{"source":"1685","target":"1861"},{"source":"1685","target":"1879"},{"source":"1685","target":"1888"},{"source":"1685","target":"1902"},{"source":"1686","target":"1699"},{"source":"1686","target":"1703"},{"source":"1686","target":"1704"},{"source":"1686","target":"1720"},{"source":"1686","target":"1794"},{"source":"1686","target":"1876"},{"source":"1687","target":"1698"},{"source":"1687","target":"1705"},{"source":"1687","target":"1708"},{"source":"1687","target":"1719"},{"source":"1687","target":"1803"},{"source":"1687","target":"1806"},{"source":"1687","target":"1825"},{"source":"1687","target":"1866"},{"source":"1688","target":"1689"},{"source":"1688","target":"1710"},{"source":"1688","target":"1721"},{"source":"1688","target":"1724"},{"source":"1688","target":"1730"},{"source":"1688","target":"1737"},{"source":"1688","target":"1745"},{"source":"1688","target":"1746"},{"source":"1688","target":"1750"},{"source":"1688","target":"1752"},{"source":"1688","target":"1754"},{"source":"1688","target":"1768"},{"source":"1688","target":"1771"},{"source":"1688","target":"1791"},{"source":"1688","target":"1795"},{"source":"1688","target":"1800"},{"source":"1688","target":"1804"},{"source":"1688","target":"1811"},{"source":"1688","target":"1813"},{"source":"1688","target":"1816"},{"source":"1688","target":"1827"},{"source":"1688","target":"1845"},{"source":"1688","target":"1861"},{"source":"1688","target":"1864"},{"source":"1688","target":"1867"},{"source":"1688","target":"1877"},{"source":"1688","target":"1881"},{"source":"1688","target":"1885"},{"source":"1689","target":"1707"},{"source":"1689","target":"1714"},{"source":"1689","target":"1717"},{"source":"1689","target":"1721"},{"source":"1689","target":"1724"},{"source":"1689","target":"1730"},{"source":"1689","target":"1735"},{"source":"1689","target":"1736"},{"source":"1689","target":"1737"},{"source":"1689","target":"1746"},{"source":"1689","target":"1750"},{"source":"1689","target":"1752"},{"source":"1689","target":"1753"},{"source":"1689","target":"1789"},{"source":"1689","target":"1793"},{"source":"1689","target":"1795"},{"source":"1689","target":"1796"},{"source":"1689","target":"1799"},{"source":"1689","target":"1800"},{"source":"1689","target":"1809"},{"source":"1689","target":"1813"},{"source":"1689","target":"1816"},{"source":"1689","target":"1819"},{"source":"1689","target":"1826"},{"source":"1689","target":"1827"},{"source":"1689","target":"1833"},{"source":"1689","target":"1835"},{"source":"1689","target":"1842"},{"source":"1689","target":"1849"},{"source":"1689","target":"1864"},{"source":"1689","target":"1867"},{"source":"1689","target":"1877"},{"source":"1689","target":"1879"},{"source":"1689","target":"1888"},{"source":"1689","target":"1891"},{"source":"1689","target":"1902"},{"source":"1691","target":"1715"},{"source":"1691","target":"1716"},{"source":"1691","target":"1857"},{"source":"1691","target":"1862"},{"source":"1691","target":"1873"},{"source":"1691","target":"1875"},{"source":"1691","target":"1884"},{"source":"1691","target":"1899"},{"source":"1692","target":"1724"},{"source":"1692","target":"1763"},{"source":"1692","target":"1767"},{"source":"1692","target":"1808"},{"source":"1692","target":"1881"},{"source":"1693","target":"1760"},{"source":"1694","target":"1740"},{"source":"1694","target":"1743"},{"source":"1694","target":"1790"},{"source":"1694","target":"1831"},{"source":"1694","target":"1910"},{"source":"1695","target":"1763"},{"source":"1695","target":"1766"},{"source":"1695","target":"1773"},{"source":"1695","target":"1801"},{"source":"1695","target":"1844"},{"source":"1695","target":"1870"},{"source":"1695","target":"1881"},{"source":"1695","target":"1882"},{"source":"1696","target":"1731"},{"source":"1696","target":"1761"},{"source":"1696","target":"1814"},{"source":"1696","target":"1844"},{"source":"1697","target":"1702"},{"source":"1697","target":"1718"},{"source":"1697","target":"1806"},{"source":"1697","target":"1909"},{"source":"1698","target":"1806"},{"source":"1698","target":"1825"},{"source":"1698","target":"1847"},{"source":"1699","target":"1703"},{"source":"1699","target":"1770"},{"source":"1699","target":"1794"},{"source":"1699","target":"1807"},{"source":"1699","target":"1876"},{"source":"1700","target":"1707"},{"source":"1700","target":"1827"},{"source":"1701","target":"1838"},{"source":"1702","target":"1718"},{"source":"1702","target":"1722"},{"source":"1702","target":"1780"},{"source":"1702","target":"1805"},{"source":"1702","target":"1806"},{"source":"1702","target":"1813"},{"source":"1702","target":"1817"},{"source":"1702","target":"1845"},{"source":"1702","target":"1858"},{"source":"1702","target":"1863"},{"source":"1702","target":"1865"},{"source":"1702","target":"1909"},{"source":"1702","target":"1911"},{"source":"1703","target":"1709"},{"source":"1703","target":"1725"},{"source":"1703","target":"1748"},{"source":"1703","target":"1807"},{"source":"1703","target":"1840"},{"source":"1703","target":"1876"},{"source":"1704","target":"1706"},{"source":"1704","target":"1729"},{"source":"1704","target":"1742"},{"source":"1704","target":"1786"},{"source":"1704","target":"1794"},{"source":"1704","target":"1820"},{"source":"1704","target":"1850"},{"source":"1704","target":"1871"},{"source":"1704","target":"1894"},{"source":"1705","target":"1719"},{"source":"1705","target":"1803"},{"source":"1705","target":"1825"},{"source":"1705","target":"1866"},{"source":"1706","target":"1729"},{"source":"1706","target":"1742"},{"source":"1706","target":"1783"},{"source":"1706","target":"1786"},{"source":"1706","target":"1794"},{"source":"1706","target":"1850"},{"source":"1706","target":"1871"},{"source":"1706","target":"1893"},{"source":"1707","target":"1712"},{"source":"1707","target":"1714"},{"source":"1707","target":"1717"},{"source":"1707","target":"1721"},{"source":"1707","target":"1722"},{"source":"1707","target":"1730"},{"source":"1707","target":"1735"},{"source":"1707","target":"1736"},{"source":"1707","target":"1737"},{"source":"1707","target":"1741"},{"source":"1707","target":"1746"},{"source":"1707","target":"1750"},{"source":"1707","target":"1752"},{"source":"1707","target":"1754"},{"source":"1707","target":"1757"},{"source":"1707","target":"1761"},{"source":"1707","target":"1768"},{"source":"1707","target":"1772"},{"source":"1707","target":"1789"},{"source":"1707","target":"1791"},{"source":"1707","target":"1793"},{"source":"1707","target":"1796"},{"source":"1707","target":"1799"},{"source":"1707","target":"1800"},{"source":"1707","target":"1804"},{"source":"1707","target":"1809"},{"source":"1707","target":"1810"},{"source":"1707","target":"1816"},{"source":"1707","target":"1823"},{"source":"1707","target":"1826"},{"source":"1707","target":"1827"},{"source":"1707","target":"1833"},{"source":"1707","target":"1839"},{"source":"1707","target":"1842"},{"source":"1707","target":"1845"},{"source":"1707","target":"1849"},{"source":"1707","target":"1864"},{"source":"1707","target":"1868"},{"source":"1707","target":"1879"},{"source":"1707","target":"1886"},{"source":"1707","target":"1888"},{"source":"1707","target":"1902"},{"source":"1709","target":"1725"},{"source":"1709","target":"1748"},{"source":"1709","target":"1749"},{"source":"1709","target":"1756"},{"source":"1709","target":"1770"},{"source":"1709","target":"1785"},{"source":"1709","target":"1807"},{"source":"1709","target":"1815"},{"source":"1709","target":"1831"},{"source":"1709","target":"1876"},{"source":"1709","target":"1904"},{"source":"1710","target":"1730"},{"source":"1710","target":"1771"},{"source":"1710","target":"1827"},{"source":"1710","target":"1861"},{"source":"1710","target":"1900"},{"source":"1712","target":"1714"},{"source":"1712","target":"1717"},{"source":"1712","target":"1736"},{"source":"1712","target":"1746"},{"source":"1712","target":"1757"},{"source":"1712","target":"1761"},{"source":"1712","target":"1789"},{"source":"1712","target":"1791"},{"source":"1712","target":"1793"},{"source":"1712","target":"1796"},{"source":"1712","target":"1800"},{"source":"1712","target":"1804"},{"source":"1712","target":"1809"},{"source":"1712","target":"1816"},{"source":"1712","target":"1823"},{"source":"1712","target":"1832"},{"source":"1712","target":"1833"},{"source":"1712","target":"1839"},{"source":"1712","target":"1846"},{"source":"1712","target":"1849"},{"source":"1712","target":"1863"},{"source":"1712","target":"1868"},{"source":"1712","target":"1879"},{"source":"1712","target":"1888"},{"source":"1712","target":"1898"},{"source":"1714","target":"1717"},{"source":"1714","target":"1721"},{"source":"1714","target":"1722"},{"source":"1714","target":"1723"},{"source":"1714","target":"1730"},{"source":"1714","target":"1735"},{"source":"1714","target":"1736"},{"source":"1714","target":"1737"},{"source":"1714","target":"1741"},{"source":"1714","target":"1746"},{"source":"1714","target":"1750"},{"source":"1714","target":"1752"},{"source":"1714","target":"1757"},{"source":"1714","target":"1761"},{"source":"1714","target":"1768"},{"source":"1714","target":"1769"},{"source":"1714","target":"1789"},{"source":"1714","target":"1791"},{"source":"1714","target":"1793"},{"source":"1714","target":"1795"},{"source":"1714","target":"1796"},{"source":"1714","target":"1799"},{"source":"1714","target":"1800"},{"source":"1714","target":"1804"},{"source":"1714","target":"1809"},{"source":"1714","target":"1810"},{"source":"1714","target":"1816"},{"source":"1714","target":"1821"},{"source":"1714","target":"1823"},{"source":"1714","target":"1826"},{"source":"1714","target":"1827"},{"source":"1714","target":"1833"},{"source":"1714","target":"1835"},{"source":"1714","target":"1839"},{"source":"1714","target":"1846"},{"source":"1714","target":"1849"},{"source":"1714","target":"1864"},{"source":"1714","target":"1867"},{"source":"1714","target":"1868"},{"source":"1714","target":"1879"},{"source":"1714","target":"1886"},{"source":"1714","target":"1888"},{"source":"1714","target":"1902"},{"source":"1715","target":"1716"},{"source":"1715","target":"1720"},{"source":"1715","target":"1728"},{"source":"1715","target":"1729"},{"source":"1715","target":"1841"},{"source":"1715","target":"1859"},{"source":"1715","target":"1872"},{"source":"1715","target":"1873"},{"source":"1715","target":"1875"},{"source":"1715","target":"1884"},{"source":"1715","target":"1899"},{"source":"1715","target":"1903"},{"source":"1716","target":"1720"},{"source":"1716","target":"1824"},{"source":"1716","target":"1841"},{"source":"1716","target":"1862"},{"source":"1716","target":"1871"},{"source":"1716","target":"1872"},{"source":"1716","target":"1899"},{"source":"1717","target":"1721"},{"source":"1717","target":"1723"},{"source":"1717","target":"1724"},{"source":"1717","target":"1730"},{"source":"1717","target":"1736"},{"source":"1717","target":"1737"},{"source":"1717","target":"1746"},{"source":"1717","target":"1750"},{"source":"1717","target":"1752"},{"source":"1717","target":"1757"},{"source":"1717","target":"1768"},{"source":"1717","target":"1789"},{"source":"1717","target":"1795"},{"source":"1717","target":"1799"},{"source":"1717","target":"1800"},{"source":"1717","target":"1804"},{"source":"1717","target":"1811"},{"source":"1717","target":"1816"},{"source":"1717","target":"1819"},{"source":"1717","target":"1826"},{"source":"1717","target":"1827"},{"source":"1717","target":"1835"},{"source":"1717","target":"1861"},{"source":"1717","target":"1867"},{"source":"1717","target":"1868"},{"source":"1717","target":"1877"},{"source":"1717","target":"1888"},{"source":"1717","target":"1891"},{"source":"1717","target":"1898"},{"source":"1718","target":"1769"},{"source":"1718","target":"1780"},{"source":"1718","target":"1782"},{"source":"1718","target":"1817"},{"source":"1718","target":"1835"},{"source":"1718","target":"1836"},{"source":"1718","target":"1846"},{"source":"1718","target":"1852"},{"source":"1718","target":"1863"},{"source":"1718","target":"1909"},{"source":"1718","target":"1911"},{"source":"1718","target":"1912"},{"source":"1718","target":"1916"},{"source":"1718","target":"1920"},{"source":"1718","target":"1926"},{"source":"1718","target":"1932"},{"source":"1718","target":"1940"},{"source":"1718","target":"1945"},{"source":"1718","target":"1947"},{"source":"1718","target":"1948"},{"source":"1718","target":"1954"},{"source":"1718","target":"1955"},{"source":"1718","target":"2003"},{"source":"1718","target":"2007"},{"source":"1718","target":"2010"},{"source":"1718","target":"2028"},{"source":"1718","target":"2031"},{"source":"1718","target":"2032"},{"source":"1718","target":"2038"},{"source":"1718","target":"2042"},{"source":"1718","target":"2052"},{"source":"1718","target":"2054"},{"source":"1718","target":"2068"},{"source":"1718","target":"2071"},{"source":"1718","target":"2072"},{"source":"1718","target":"2081"},{"source":"1718","target":"2087"},{"source":"1718","target":"2102"},{"source":"1718","target":"2111"},{"source":"1718","target":"2117"},{"source":"1718","target":"2125"},{"source":"1718","target":"2127"},{"source":"1718","target":"2132"},{"source":"1718","target":"2133"},{"source":"1718","target":"2143"},{"source":"1718","target":"2144"},{"source":"1718","target":"2148"},{"source":"1718","target":"2149"},{"source":"1718","target":"2151"},{"source":"1718","target":"2153"},{"source":"1718","target":"2155"},{"source":"1718","target":"2169"},{"source":"1718","target":"2174"},{"source":"1718","target":"2176"},{"source":"1718","target":"2180"},{"source":"1718","target":"2185"},{"source":"1718","target":"2187"},{"source":"1718","target":"2189"},{"source":"1718","target":"2196"},{"source":"1718","target":"2198"},{"source":"1718","target":"2199"},{"source":"1718","target":"2203"},{"source":"1718","target":"2223"},{"source":"1718","target":"2224"},{"source":"1718","target":"2239"},{"source":"1718","target":"2241"},{"source":"1718","target":"2246"},{"source":"1718","target":"2247"},{"source":"1718","target":"2250"},{"source":"1718","target":"2254"},{"source":"1718","target":"2264"},{"source":"1718","target":"2267"},{"source":"1718","target":"2268"},{"source":"1718","target":"2282"},{"source":"1718","target":"2283"},{"source":"1718","target":"2289"},{"source":"1718","target":"2292"},{"source":"1718","target":"2294"},{"source":"1718","target":"2319"},{"source":"1718","target":"2325"},{"source":"1718","target":"2328"},{"source":"1718","target":"2330"},{"source":"1718","target":"2333"},{"source":"1718","target":"2336"},{"source":"1718","target":"2343"},{"source":"1718","target":"2344"},{"source":"1718","target":"2368"},{"source":"1718","target":"2394"},{"source":"1718","target":"2399"},{"source":"1718","target":"2419"},{"source":"1718","target":"2436"},{"source":"1718","target":"2451"},{"source":"1718","target":"2461"},{"source":"1718","target":"2463"},{"source":"1718","target":"2471"},{"source":"1718","target":"2475"},{"source":"1718","target":"2491"},{"source":"1718","target":"2498"},{"source":"1718","target":"2508"},{"source":"1718","target":"2509"},{"source":"1718","target":"2510"},{"source":"1718","target":"2511"},{"source":"1718","target":"2512"},{"source":"1718","target":"2529"},{"source":"1718","target":"2543"},{"source":"1718","target":"2547"},{"source":"1718","target":"2555"},{"source":"1718","target":"2582"},{"source":"1718","target":"2588"},{"source":"1718","target":"2589"},{"source":"1718","target":"2598"},{"source":"1718","target":"2616"},{"source":"1718","target":"2617"},{"source":"1718","target":"2629"},{"source":"1718","target":"2642"},{"source":"1718","target":"2643"},{"source":"1718","target":"2649"},{"source":"1718","target":"2653"},{"source":"1719","target":"1803"},{"source":"1719","target":"1825"},{"source":"1719","target":"1847"},{"source":"1720","target":"1729"},{"source":"1720","target":"1764"},{"source":"1720","target":"1808"},{"source":"1720","target":"1841"},{"source":"1720","target":"1862"},{"source":"1720","target":"1893"},{"source":"1720","target":"1899"},{"source":"1721","target":"1724"},{"source":"1721","target":"1730"},{"source":"1721","target":"1736"},{"source":"1721","target":"1741"},{"source":"1721","target":"1746"},{"source":"1721","target":"1750"},{"source":"1721","target":"1752"},{"source":"1721","target":"1791"},{"source":"1721","target":"1795"},{"source":"1721","target":"1796"},{"source":"1721","target":"1799"},{"source":"1721","target":"1800"},{"source":"1721","target":"1804"},{"source":"1721","target":"1813"},{"source":"1721","target":"1816"},{"source":"1721","target":"1819"},{"source":"1721","target":"1827"},{"source":"1721","target":"1833"},{"source":"1721","target":"1835"},{"source":"1721","target":"1849"},{"source":"1721","target":"1867"},{"source":"1721","target":"1879"},{"source":"1721","target":"1888"},{"source":"1721","target":"1902"},{"source":"1722","target":"1730"},{"source":"1722","target":"1741"},{"source":"1722","target":"1754"},{"source":"1722","target":"1768"},{"source":"1722","target":"1797"},{"source":"1722","target":"1805"},{"source":"1722","target":"1826"},{"source":"1722","target":"1864"},{"source":"1722","target":"1868"},{"source":"1722","target":"1909"},{"source":"1723","target":"1730"},{"source":"1723","target":"1736"},{"source":"1723","target":"1746"},{"source":"1723","target":"1754"},{"source":"1723","target":"1768"},{"source":"1723","target":"1791"},{"source":"1723","target":"1793"},{"source":"1723","target":"1800"},{"source":"1723","target":"1804"},{"source":"1723","target":"1809"},{"source":"1723","target":"1813"},{"source":"1723","target":"1827"},{"source":"1723","target":"1839"},{"source":"1723","target":"1842"},{"source":"1723","target":"1864"},{"source":"1723","target":"1868"},{"source":"1723","target":"1888"},{"source":"1723","target":"1898"},{"source":"1724","target":"1737"},{"source":"1724","target":"1752"},{"source":"1724","target":"1771"},{"source":"1724","target":"1795"},{"source":"1724","target":"1800"},{"source":"1724","target":"1816"},{"source":"1724","target":"1827"},{"source":"1724","target":"1861"},{"source":"1724","target":"1867"},{"source":"1724","target":"1877"},{"source":"1725","target":"1729"},{"source":"1725","target":"1749"},{"source":"1725","target":"1783"},{"source":"1725","target":"1785"},{"source":"1725","target":"1794"},{"source":"1725","target":"1850"},{"source":"1725","target":"1876"},{"source":"1725","target":"1906"},{"source":"1726","target":"2678"},{"source":"1726","target":"2744"},{"source":"1726","target":"3057"},{"source":"1726","target":"3164"},{"source":"1726","target":"3179"},{"source":"1726","target":"3222"},{"source":"1726","target":"3263"},{"source":"1726","target":"3385"},{"source":"1727","target":"1738"},{"source":"1727","target":"1808"},{"source":"1727","target":"1876"},{"source":"1727","target":"1881"},{"source":"1728","target":"1764"},{"source":"1728","target":"1841"},{"source":"1728","target":"1872"},{"source":"1728","target":"1875"},{"source":"1729","target":"1732"},{"source":"1729","target":"1742"},{"source":"1729","target":"1751"},{"source":"1729","target":"1783"},{"source":"1729","target":"1786"},{"source":"1729","target":"1794"},{"source":"1729","target":"1812"},{"source":"1729","target":"1820"},{"source":"1729","target":"1824"},{"source":"1729","target":"1828"},{"source":"1729","target":"1848"},{"source":"1729","target":"1850"},{"source":"1729","target":"1871"},{"source":"1729","target":"1893"},{"source":"1729","target":"1894"},{"source":"1729","target":"1899"},{"source":"1729","target":"1907"},{"source":"1730","target":"1736"},{"source":"1730","target":"1737"},{"source":"1730","target":"1741"},{"source":"1730","target":"1746"},{"source":"1730","target":"1750"},{"source":"1730","target":"1753"},{"source":"1730","target":"1754"},{"source":"1730","target":"1757"},{"source":"1730","target":"1761"},{"source":"1730","target":"1765"},{"source":"1730","target":"1768"},{"source":"1730","target":"1771"},{"source":"1730","target":"1774"},{"source":"1730","target":"1775"},{"source":"1730","target":"1791"},{"source":"1730","target":"1793"},{"source":"1730","target":"1799"},{"source":"1730","target":"1800"},{"source":"1730","target":"1804"},{"source":"1730","target":"1810"},{"source":"1730","target":"1811"},{"source":"1730","target":"1813"},{"source":"1730","target":"1816"},{"source":"1730","target":"1819"},{"source":"1730","target":"1823"},{"source":"1730","target":"1826"},{"source":"1730","target":"1827"},{"source":"1730","target":"1833"},{"source":"1730","target":"1835"},{"source":"1730","target":"1839"},{"source":"1730","target":"1842"},{"source":"1730","target":"1845"},{"source":"1730","target":"1849"},{"source":"1730","target":"1861"},{"source":"1730","target":"1864"},{"source":"1730","target":"1867"},{"source":"1730","target":"1868"},{"source":"1730","target":"1879"},{"source":"1730","target":"1886"},{"source":"1730","target":"1888"},{"source":"1730","target":"1891"},{"source":"1730","target":"1898"},{"source":"1730","target":"1902"},{"source":"1731","target":"1761"},{"source":"1731","target":"1814"},{"source":"1732","target":"1742"},{"source":"1732","target":"1751"},{"source":"1732","target":"1783"},{"source":"1732","target":"1786"},{"source":"1732","target":"1820"},{"source":"1732","target":"1824"},{"source":"1732","target":"1828"},{"source":"1732","target":"1848"},{"source":"1732","target":"1871"},{"source":"1732","target":"1907"},{"source":"1733","target":"1747"},{"source":"1733","target":"1784"},{"source":"1733","target":"1787"},{"source":"1733","target":"1798"},{"source":"1733","target":"1837"},{"source":"1733","target":"1880"},{"source":"1733","target":"1892"},{"source":"1733","target":"1895"},{"source":"1734","target":"1741"},{"source":"1734","target":"1746"},{"source":"1734","target":"1761"},{"source":"1734","target":"1768"},{"source":"1734","target":"1775"},{"source":"1734","target":"1800"},{"source":"1734","target":"1804"},{"source":"1734","target":"1833"},{"source":"1734","target":"1845"},{"source":"1734","target":"1861"},{"source":"1734","target":"1888"},{"source":"1734","target":"1902"},{"source":"1735","target":"1736"},{"source":"1735","target":"1746"},{"source":"1735","target":"1750"},{"source":"1735","target":"1752"},{"source":"1735","target":"1753"},{"source":"1735","target":"1757"},{"source":"1735","target":"1761"},{"source":"1735","target":"1768"},{"source":"1735","target":"1769"},{"source":"1735","target":"1774"},{"source":"1735","target":"1799"},{"source":"1735","target":"1800"},{"source":"1735","target":"1804"},{"source":"1735","target":"1810"},{"source":"1735","target":"1823"},{"source":"1735","target":"1827"},{"source":"1735","target":"1833"},{"source":"1735","target":"1835"},{"source":"1735","target":"1836"},{"source":"1735","target":"1839"},{"source":"1735","target":"1845"},{"source":"1735","target":"1849"},{"source":"1735","target":"1851"},{"source":"1735","target":"1867"},{"source":"1735","target":"1877"},{"source":"1735","target":"1886"},{"source":"1735","target":"1888"},{"source":"1736","target":"1746"},{"source":"1736","target":"1750"},{"source":"1736","target":"1754"},{"source":"1736","target":"1757"},{"source":"1736","target":"1768"},{"source":"1736","target":"1772"},{"source":"1736","target":"1789"},{"source":"1736","target":"1791"},{"source":"1736","target":"1793"},{"source":"1736","target":"1799"},{"source":"1736","target":"1800"},{"source":"1736","target":"1804"},{"source":"1736","target":"1809"},{"source":"1736","target":"1810"},{"source":"1736","target":"1816"},{"source":"1736","target":"1819"},{"source":"1736","target":"1823"},{"source":"1736","target":"1827"},{"source":"1736","target":"1833"},{"source":"1736","target":"1839"},{"source":"1736","target":"1842"},{"source":"1736","target":"1845"},{"source":"1736","target":"1849"},{"source":"1736","target":"1864"},{"source":"1736","target":"1879"},{"source":"1736","target":"1888"},{"source":"1736","target":"1900"},{"source":"1736","target":"1902"},{"source":"1737","target":"1741"},{"source":"1737","target":"1746"},{"source":"1737","target":"1750"},{"source":"1737","target":"1752"},{"source":"1737","target":"1757"},{"source":"1737","target":"1789"},{"source":"1737","target":"1796"},{"source":"1737","target":"1799"},{"source":"1737","target":"1800"},{"source":"1737","target":"1810"},{"source":"1737","target":"1816"},{"source":"1737","target":"1819"},{"source":"1737","target":"1827"},{"source":"1737","target":"1833"},{"source":"1737","target":"1877"},{"source":"1737","target":"1879"},{"source":"1737","target":"1888"},{"source":"1738","target":"1807"},{"source":"1738","target":"1876"},{"source":"1739","target":"1783"},{"source":"1739","target":"1876"},{"source":"1739","target":"1904"},{"source":"1739","target":"1906"},{"source":"1740","target":"1744"},{"source":"1740","target":"1766"},{"source":"1740","target":"1778"},{"source":"1740","target":"1882"},{"source":"1741","target":"1746"},{"source":"1741","target":"1782"},{"source":"1741","target":"1800"},{"source":"1741","target":"1809"},{"source":"1741","target":"1816"},{"source":"1741","target":"1823"},{"source":"1741","target":"1826"},{"source":"1741","target":"1827"},{"source":"1741","target":"1833"},{"source":"1741","target":"1861"},{"source":"1741","target":"1867"},{"source":"1741","target":"1868"},{"source":"1741","target":"1879"},{"source":"1741","target":"1886"},{"source":"1741","target":"1888"},{"source":"1741","target":"1898"},{"source":"1742","target":"1751"},{"source":"1742","target":"1783"},{"source":"1742","target":"1786"},{"source":"1742","target":"1812"},{"source":"1742","target":"1820"},{"source":"1742","target":"1824"},{"source":"1742","target":"1828"},{"source":"1742","target":"1848"},{"source":"1742","target":"1871"},{"source":"1742","target":"1893"},{"source":"1742","target":"1894"},{"source":"1742","target":"1907"},{"source":"1743","target":"1829"},{"source":"1743","target":"1831"},{"source":"1743","target":"1844"},{"source":"1743","target":"1901"},{"source":"1743","target":"1910"},{"source":"1744","target":"1766"},{"source":"1744","target":"1778"},{"source":"1744","target":"1829"},{"source":"1744","target":"1844"},{"source":"1744","target":"1882"},{"source":"1745","target":"1770"},{"source":"1745","target":"1830"},{"source":"1746","target":"1750"},{"source":"1746","target":"1752"},{"source":"1746","target":"1757"},{"source":"1746","target":"1761"},{"source":"1746","target":"1768"},{"source":"1746","target":"1780"},{"source":"1746","target":"1789"},{"source":"1746","target":"1793"},{"source":"1746","target":"1795"},{"source":"1746","target":"1796"},{"source":"1746","target":"1799"},{"source":"1746","target":"1800"},{"source":"1746","target":"1804"},{"source":"1746","target":"1809"},{"source":"1746","target":"1810"},{"source":"1746","target":"1813"},{"source":"1746","target":"1816"},{"source":"1746","target":"1819"},{"source":"1746","target":"1823"},{"source":"1746","target":"1826"},{"source":"1746","target":"1827"},{"source":"1746","target":"1833"},{"source":"1746","target":"1835"},{"source":"1746","target":"1839"},{"source":"1746","target":"1849"},{"source":"1746","target":"1867"},{"source":"1746","target":"1868"},{"source":"1746","target":"1877"},{"source":"1746","target":"1879"},{"source":"1746","target":"1886"},{"source":"1746","target":"1888"},{"source":"1746","target":"1891"},{"source":"1746","target":"1898"},{"source":"1746","target":"1902"},{"source":"1747","target":"1784"},{"source":"1747","target":"1787"},{"source":"1747","target":"1837"},{"source":"1747","target":"1880"},{"source":"1747","target":"1895"},{"source":"1748","target":"1756"},{"source":"1749","target":"1785"},{"source":"1750","target":"1752"},{"source":"1750","target":"1761"},{"source":"1750","target":"1771"},{"source":"1750","target":"1789"},{"source":"1750","target":"1791"},{"source":"1750","target":"1793"},{"source":"1750","target":"1795"},{"source":"1750","target":"1799"},{"source":"1750","target":"1800"},{"source":"1750","target":"1819"},{"source":"1750","target":"1823"},{"source":"1750","target":"1827"},{"source":"1750","target":"1833"},{"source":"1750","target":"1835"},{"source":"1750","target":"1844"},{"source":"1750","target":"1849"},{"source":"1750","target":"1867"},{"source":"1750","target":"1879"},{"source":"1750","target":"1888"},{"source":"1750","target":"1902"},{"source":"1751","target":"1783"},{"source":"1751","target":"1786"},{"source":"1751","target":"1812"},{"source":"1751","target":"1820"},{"source":"1751","target":"1824"},{"source":"1751","target":"1828"},{"source":"1751","target":"1848"},{"source":"1751","target":"1871"},{"source":"1751","target":"1875"},{"source":"1751","target":"1893"},{"source":"1751","target":"1894"},{"source":"1752","target":"1757"},{"source":"1752","target":"1795"},{"source":"1752","target":"1796"},{"source":"1752","target":"1799"},{"source":"1752","target":"1800"},{"source":"1752","target":"1804"},{"source":"1752","target":"1819"},{"source":"1752","target":"1827"},{"source":"1752","target":"1833"},{"source":"1752","target":"1835"},{"source":"1752","target":"1861"},{"source":"1752","target":"1867"},{"source":"1752","target":"1868"},{"source":"1752","target":"1886"},{"source":"1752","target":"1888"},{"source":"1752","target":"1891"},{"source":"1753","target":"1761"},{"source":"1753","target":"1768"},{"source":"1753","target":"1769"},{"source":"1753","target":"1799"},{"source":"1753","target":"1800"},{"source":"1753","target":"1804"},{"source":"1753","target":"1827"},{"source":"1753","target":"1833"},{"source":"1753","target":"1835"},{"source":"1753","target":"1845"},{"source":"1753","target":"1861"},{"source":"1753","target":"1864"},{"source":"1753","target":"1886"},{"source":"1753","target":"1888"},{"source":"1753","target":"1891"},{"source":"1754","target":"1800"},{"source":"1754","target":"1819"},{"source":"1754","target":"1845"},{"source":"1754","target":"1864"},{"source":"1754","target":"1879"},{"source":"1756","target":"1831"},{"source":"1757","target":"1761"},{"source":"1757","target":"1768"},{"source":"1757","target":"1782"},{"source":"1757","target":"1791"},{"source":"1757","target":"1793"},{"source":"1757","target":"1799"},{"source":"1757","target":"1800"},{"source":"1757","target":"1804"},{"source":"1757","target":"1809"},{"source":"1757","target":"1810"},{"source":"1757","target":"1816"},{"source":"1757","target":"1827"},{"source":"1757","target":"1833"},{"source":"1757","target":"1835"},{"source":"1757","target":"1868"},{"source":"1757","target":"1879"},{"source":"1757","target":"1886"},{"source":"1757","target":"1888"},{"source":"1757","target":"1898"},{"source":"1758","target":"1787"},{"source":"1758","target":"1835"},{"source":"1758","target":"1837"},{"source":"1758","target":"1858"},{"source":"1758","target":"2677"},{"source":"1758","target":"2764"},{"source":"1758","target":"2813"},{"source":"1758","target":"2825"},{"source":"1758","target":"2979"},{"source":"1758","target":"3205"},{"source":"1758","target":"3432"},{"source":"1759","target":"1840"},{"source":"1761","target":"1765"},{"source":"1761","target":"1768"},{"source":"1761","target":"1791"},{"source":"1761","target":"1799"},{"source":"1761","target":"1800"},{"source":"1761","target":"1804"},{"source":"1761","target":"1807"},{"source":"1761","target":"1810"},{"source":"1761","target":"1814"},{"source":"1761","target":"1818"},{"source":"1761","target":"1823"},{"source":"1761","target":"1827"},{"source":"1761","target":"1829"},{"source":"1761","target":"1833"},{"source":"1761","target":"1835"},{"source":"1761","target":"1843"},{"source":"1761","target":"1864"},{"source":"1761","target":"1867"},{"source":"1761","target":"1868"},{"source":"1761","target":"1885"},{"source":"1761","target":"1888"},{"source":"1761","target":"1897"},{"source":"1763","target":"1766"},{"source":"1763","target":"1773"},{"source":"1763","target":"1844"},{"source":"1763","target":"1870"},{"source":"1763","target":"1878"},{"source":"1763","target":"1882"},{"source":"1765","target":"1768"},{"source":"1765","target":"1779"},{"source":"1765","target":"1782"},{"source":"1765","target":"1791"},{"source":"1765","target":"1810"},{"source":"1765","target":"1813"},{"source":"1765","target":"1819"},{"source":"1765","target":"1835"},{"source":"1765","target":"1842"},{"source":"1765","target":"1846"},{"source":"1765","target":"1851"},{"source":"1765","target":"1883"},{"source":"1766","target":"1773"},{"source":"1766","target":"1801"},{"source":"1766","target":"1844"},{"source":"1766","target":"1870"},{"source":"1766","target":"1878"},{"source":"1766","target":"1881"},{"source":"1766","target":"1882"},{"source":"1767","target":"1844"},{"source":"1768","target":"1772"},{"source":"1768","target":"1774"},{"source":"1768","target":"1791"},{"source":"1768","target":"1793"},{"source":"1768","target":"1795"},{"source":"1768","target":"1799"},{"source":"1768","target":"1800"},{"source":"1768","target":"1804"},{"source":"1768","target":"1809"},{"source":"1768","target":"1811"},{"source":"1768","target":"1813"},{"source":"1768","target":"1823"},{"source":"1768","target":"1827"},{"source":"1768","target":"1833"},{"source":"1768","target":"1835"},{"source":"1768","target":"1842"},{"source":"1768","target":"1845"},{"source":"1768","target":"1849"},{"source":"1768","target":"1860"},{"source":"1768","target":"1861"},{"source":"1768","target":"1863"},{"source":"1768","target":"1864"},{"source":"1768","target":"1868"},{"source":"1768","target":"1879"},{"source":"1768","target":"1888"},{"source":"1768","target":"1891"},{"source":"1768","target":"1898"},{"source":"1768","target":"1900"},{"source":"1768","target":"1902"},{"source":"1768","target":"1909"},{"source":"1769","target":"1774"},{"source":"1769","target":"1799"},{"source":"1769","target":"1836"},{"source":"1769","target":"1845"},{"source":"1770","target":"1778"},{"source":"1770","target":"1876"},{"source":"1770","target":"1904"},{"source":"1770","target":"1906"},{"source":"1771","target":"1800"},{"source":"1771","target":"1827"},{"source":"1771","target":"1867"},{"source":"1772","target":"1791"},{"source":"1772","target":"1793"},{"source":"1772","target":"1804"},{"source":"1772","target":"1842"},{"source":"1772","target":"1849"},{"source":"1772","target":"1861"},{"source":"1772","target":"1868"},{"source":"1772","target":"1879"},{"source":"1772","target":"1888"},{"source":"1772","target":"1898"},{"source":"1772","target":"1902"},{"source":"1773","target":"1801"},{"source":"1773","target":"1844"},{"source":"1773","target":"1881"},{"source":"1774","target":"1799"},{"source":"1774","target":"1835"},{"source":"1774","target":"1836"},{"source":"1774","target":"1845"},{"source":"1774","target":"1851"},{"source":"1774","target":"1879"},{"source":"1774","target":"1886"},{"source":"1774","target":"1911"},{"source":"1775","target":"1845"},{"source":"1776","target":"1808"},{"source":"1778","target":"1882"},{"source":"1779","target":"1822"},{"source":"1779","target":"1851"},{"source":"1779","target":"1883"},{"source":"1779","target":"1905"},{"source":"1780","target":"1800"},{"source":"1780","target":"1817"},{"source":"1780","target":"1858"},{"source":"1780","target":"1909"},{"source":"1781","target":"1783"},{"source":"1781","target":"1807"},{"source":"1781","target":"1830"},{"source":"1781","target":"1869"},{"source":"1782","target":"1799"},{"source":"1782","target":"1800"},{"source":"1782","target":"1804"},{"source":"1782","target":"1826"},{"source":"1782","target":"1833"},{"source":"1782","target":"1835"},{"source":"1782","target":"1842"},{"source":"1782","target":"1851"},{"source":"1782","target":"1886"},{"source":"1782","target":"1888"},{"source":"1782","target":"1909"},{"source":"1783","target":"1785"},{"source":"1783","target":"1786"},{"source":"1783","target":"1794"},{"source":"1783","target":"1807"},{"source":"1783","target":"1812"},{"source":"1783","target":"1820"},{"source":"1783","target":"1824"},{"source":"1783","target":"1828"},{"source":"1783","target":"1848"},{"source":"1783","target":"1871"},{"source":"1783","target":"1887"},{"source":"1783","target":"1893"},{"source":"1783","target":"1894"},{"source":"1783","target":"1906"},{"source":"1783","target":"1907"},{"source":"1784","target":"1787"},{"source":"1784","target":"1798"},{"source":"1784","target":"1837"},{"source":"1784","target":"1895"},{"source":"1785","target":"1828"},{"source":"1786","target":"1812"},{"source":"1786","target":"1820"},{"source":"1786","target":"1824"},{"source":"1786","target":"1828"},{"source":"1786","target":"1848"},{"source":"1786","target":"1850"},{"source":"1786","target":"1857"},{"source":"1786","target":"1871"},{"source":"1786","target":"1872"},{"source":"1786","target":"1873"},{"source":"1786","target":"1893"},{"source":"1786","target":"1894"},{"source":"1786","target":"1907"},{"source":"1787","target":"1798"},{"source":"1787","target":"1837"},{"source":"1787","target":"1876"},{"source":"1787","target":"1880"},{"source":"1787","target":"1892"},{"source":"1787","target":"1895"},{"source":"1789","target":"1796"},{"source":"1789","target":"1799"},{"source":"1789","target":"1800"},{"source":"1789","target":"1804"},{"source":"1789","target":"1810"},{"source":"1789","target":"1819"},{"source":"1789","target":"1827"},{"source":"1789","target":"1833"},{"source":"1789","target":"1861"},{"source":"1789","target":"1867"},{"source":"1789","target":"1877"},{"source":"1789","target":"1879"},{"source":"1789","target":"1888"},{"source":"1790","target":"1841"},{"source":"1790","target":"1844"},{"source":"1790","target":"1878"},{"source":"1791","target":"1793"},{"source":"1791","target":"1800"},{"source":"1791","target":"1804"},{"source":"1791","target":"1813"},{"source":"1791","target":"1823"},{"source":"1791","target":"1826"},{"source":"1791","target":"1827"},{"source":"1791","target":"1833"},{"source":"1791","target":"1835"},{"source":"1791","target":"1839"},{"source":"1791","target":"1842"},{"source":"1791","target":"1849"},{"source":"1791","target":"1851"},{"source":"1791","target":"1861"},{"source":"1791","target":"1864"},{"source":"1791","target":"1868"},{"source":"1791","target":"1888"},{"source":"1791","target":"1898"},{"source":"1791","target":"1902"},{"source":"1792","target":"1860"},{"source":"1793","target":"1796"},{"source":"1793","target":"1800"},{"source":"1793","target":"1804"},{"source":"1793","target":"1809"},{"source":"1793","target":"1810"},{"source":"1793","target":"1816"},{"source":"1793","target":"1823"},{"source":"1793","target":"1827"},{"source":"1793","target":"1833"},{"source":"1793","target":"1835"},{"source":"1793","target":"1839"},{"source":"1793","target":"1842"},{"source":"1793","target":"1845"},{"source":"1793","target":"1864"},{"source":"1793","target":"1867"},{"source":"1793","target":"1868"},{"source":"1793","target":"1879"},{"source":"1793","target":"1888"},{"source":"1794","target":"1807"},{"source":"1794","target":"1818"},{"source":"1794","target":"1844"},{"source":"1794","target":"1850"},{"source":"1794","target":"1871"},{"source":"1794","target":"1881"},{"source":"1794","target":"1894"},{"source":"1794","target":"1897"},{"source":"1794","target":"1910"},{"source":"1795","target":"1799"},{"source":"1795","target":"1800"},{"source":"1795","target":"1819"},{"source":"1795","target":"1827"},{"source":"1795","target":"1833"},{"source":"1795","target":"1835"},{"source":"1795","target":"1839"},{"source":"1795","target":"1861"},{"source":"1795","target":"1867"},{"source":"1795","target":"1877"},{"source":"1795","target":"1891"},{"source":"1796","target":"1799"},{"source":"1796","target":"1800"},{"source":"1796","target":"1804"},{"source":"1796","target":"1813"},{"source":"1796","target":"1827"},{"source":"1796","target":"1833"},{"source":"1796","target":"1849"},{"source":"1796","target":"1867"},{"source":"1796","target":"1888"},{"source":"1796","target":"1902"},{"source":"1797","target":"1854"},{"source":"1798","target":"1802"},{"source":"1798","target":"1837"},{"source":"1798","target":"1880"},{"source":"1798","target":"1895"},{"source":"1799","target":"1800"},{"source":"1799","target":"1804"},{"source":"1799","target":"1810"},{"source":"1799","target":"1813"},{"source":"1799","target":"1816"},{"source":"1799","target":"1819"},{"source":"1799","target":"1823"},{"source":"1799","target":"1826"},{"source":"1799","target":"1827"},{"source":"1799","target":"1833"},{"source":"1799","target":"1835"},{"source":"1799","target":"1836"},{"source":"1799","target":"1839"},{"source":"1799","target":"1845"},{"source":"1799","target":"1849"},{"source":"1799","target":"1867"},{"source":"1799","target":"1877"},{"source":"1799","target":"1879"},{"source":"1799","target":"1886"},{"source":"1799","target":"1888"},{"source":"1800","target":"1804"},{"source":"1800","target":"1809"},{"source":"1800","target":"1810"},{"source":"1800","target":"1811"},{"source":"1800","target":"1813"},{"source":"1800","target":"1816"},{"source":"1800","target":"1819"},{"source":"1800","target":"1823"},{"source":"1800","target":"1826"},{"source":"1800","target":"1827"},{"source":"1800","target":"1833"},{"source":"1800","target":"1835"},{"source":"1800","target":"1836"},{"source":"1800","target":"1839"},{"source":"1800","target":"1842"},{"source":"1800","target":"1843"},{"source":"1800","target":"1845"},{"source":"1800","target":"1849"},{"source":"1800","target":"1864"},{"source":"1800","target":"1867"},{"source":"1800","target":"1868"},{"source":"1800","target":"1877"},{"source":"1800","target":"1879"},{"source":"1800","target":"1881"},{"source":"1800","target":"1886"},{"source":"1800","target":"1888"},{"source":"1800","target":"1891"},{"source":"1800","target":"1898"},{"source":"1800","target":"1902"},{"source":"1801","target":"1844"},{"source":"1802","target":"1837"},{"source":"1802","target":"1895"},{"source":"1803","target":"1847"},{"source":"1803","target":"1866"},{"source":"1804","target":"1809"},{"source":"1804","target":"1811"},{"source":"1804","target":"1813"},{"source":"1804","target":"1816"},{"source":"1804","target":"1823"},{"source":"1804","target":"1827"},{"source":"1804","target":"1833"},{"source":"1804","target":"1835"},{"source":"1804","target":"1839"},{"source":"1804","target":"1842"},{"source":"1804","target":"1849"},{"source":"1804","target":"1861"},{"source":"1804","target":"1863"},{"source":"1804","target":"1868"},{"source":"1804","target":"1879"},{"source":"1804","target":"1886"},{"source":"1804","target":"1888"},{"source":"1804","target":"1898"},{"source":"1804","target":"1902"},{"source":"1805","target":"1813"},{"source":"1805","target":"1852"},{"source":"1805","target":"1858"},{"source":"1805","target":"1911"},{"source":"1806","target":"1825"},{"source":"1806","target":"1866"},{"source":"1806","target":"1908"},{"source":"1807","target":"1818"},{"source":"1807","target":"1885"},{"source":"1807","target":"1897"},{"source":"1809","target":"1810"},{"source":"1809","target":"1813"},{"source":"1809","target":"1816"},{"source":"1809","target":"1826"},{"source":"1809","target":"1832"},{"source":"1809","target":"1833"},{"source":"1809","target":"1839"},{"source":"1809","target":"1868"},{"source":"1809","target":"1879"},{"source":"1809","target":"1886"},{"source":"1809","target":"1888"},{"source":"1809","target":"1898"},{"source":"1809","target":"1900"},{"source":"1810","target":"1816"},{"source":"1810","target":"1823"},{"source":"1810","target":"1826"},{"source":"1810","target":"1827"},{"source":"1810","target":"1833"},{"source":"1810","target":"1839"},{"source":"1810","target":"1845"},{"source":"1810","target":"1868"},{"source":"1810","target":"1877"},{"source":"1810","target":"1879"},{"source":"1810","target":"1888"},{"source":"1811","target":"1813"},{"source":"1811","target":"1835"},{"source":"1811","target":"1839"},{"source":"1811","target":"1842"},{"source":"1811","target":"1861"},{"source":"1811","target":"1888"},{"source":"1811","target":"1902"},{"source":"1812","target":"1820"},{"source":"1812","target":"1824"},{"source":"1812","target":"1871"},{"source":"1812","target":"1893"},{"source":"1812","target":"1894"},{"source":"1813","target":"1826"},{"source":"1813","target":"1827"},{"source":"1813","target":"1833"},{"source":"1813","target":"1835"},{"source":"1813","target":"1839"},{"source":"1813","target":"1842"},{"source":"1813","target":"1845"},{"source":"1813","target":"1861"},{"source":"1813","target":"1864"},{"source":"1813","target":"1867"},{"source":"1813","target":"1868"},{"source":"1813","target":"1879"},{"source":"1813","target":"1885"},{"source":"1813","target":"1888"},{"source":"1813","target":"1891"},{"source":"1813","target":"1898"},{"source":"1813","target":"1911"},{"source":"1815","target":"1869"},{"source":"1815","target":"1906"},{"source":"1816","target":"1826"},{"source":"1816","target":"1827"},{"source":"1816","target":"1835"},{"source":"1816","target":"1839"},{"source":"1816","target":"1864"},{"source":"1816","target":"1867"},{"source":"1816","target":"1868"},{"source":"1816","target":"1886"},{"source":"1816","target":"1888"},{"source":"1816","target":"1898"},{"source":"1816","target":"1902"},{"source":"1817","target":"1846"},{"source":"1817","target":"1858"},{"source":"1817","target":"1863"},{"source":"1817","target":"1909"},{"source":"1817","target":"1911"},{"source":"1818","target":"1823"},{"source":"1818","target":"1885"},{"source":"1818","target":"1897"},{"source":"1819","target":"1827"},{"source":"1819","target":"1833"},{"source":"1819","target":"1835"},{"source":"1819","target":"1846"},{"source":"1819","target":"1867"},{"source":"1819","target":"1877"},{"source":"1819","target":"1888"},{"source":"1820","target":"1824"},{"source":"1820","target":"1828"},{"source":"1820","target":"1848"},{"source":"1820","target":"1859"},{"source":"1820","target":"1871"},{"source":"1820","target":"1893"},{"source":"1820","target":"1894"},{"source":"1820","target":"1907"},{"source":"1821","target":"1839"},{"source":"1821","target":"1888"},{"source":"1822","target":"1905"},{"source":"1823","target":"1826"},{"source":"1823","target":"1827"},{"source":"1823","target":"1833"},{"source":"1823","target":"1835"},{"source":"1823","target":"1839"},{"source":"1823","target":"1849"},{"source":"1823","target":"1879"},{"source":"1823","target":"1886"},{"source":"1823","target":"1888"},{"source":"1823","target":"1902"},{"source":"1824","target":"1848"},{"source":"1824","target":"1871"},{"source":"1824","target":"1893"},{"source":"1824","target":"1894"},{"source":"1826","target":"1839"},{"source":"1826","target":"1842"},{"source":"1826","target":"1868"},{"source":"1826","target":"1879"},{"source":"1826","target":"1888"},{"source":"1827","target":"1833"},{"source":"1827","target":"1835"},{"source":"1827","target":"1839"},{"source":"1827","target":"1843"},{"source":"1827","target":"1845"},{"source":"1827","target":"1849"},{"source":"1827","target":"1861"},{"source":"1827","target":"1864"},{"source":"1827","target":"1867"},{"source":"1827","target":"1877"},{"source":"1827","target":"1879"},{"source":"1827","target":"1886"},{"source":"1827","target":"1888"},{"source":"1827","target":"1891"},{"source":"1827","target":"1902"},{"source":"1828","target":"1848"},{"source":"1828","target":"1871"},{"source":"1828","target":"1893"},{"source":"1828","target":"1894"},{"source":"1828","target":"1907"},{"source":"1829","target":"1831"},{"source":"1829","target":"1910"},{"source":"1831","target":"1901"},{"source":"1831","target":"1910"},{"source":"1832","target":"1839"},{"source":"1832","target":"1868"},{"source":"1832","target":"1886"},{"source":"1832","target":"1888"},{"source":"1832","target":"1898"},{"source":"1833","target":"1835"},{"source":"1833","target":"1839"},{"source":"1833","target":"1842"},{"source":"1833","target":"1849"},{"source":"1833","target":"1867"},{"source":"1833","target":"1879"},{"source":"1833","target":"1886"},{"source":"1833","target":"1888"},{"source":"1833","target":"1902"},{"source":"1835","target":"1839"},{"source":"1835","target":"1842"},{"source":"1835","target":"1845"},{"source":"1835","target":"1851"},{"source":"1835","target":"1861"},{"source":"1835","target":"1864"},{"source":"1835","target":"1867"},{"source":"1835","target":"1883"},{"source":"1835","target":"1888"},{"source":"1835","target":"1891"},{"source":"1835","target":"1902"},{"source":"1836","target":"1852"},{"source":"1837","target":"1880"},{"source":"1837","target":"1895"},{"source":"1839","target":"1842"},{"source":"1839","target":"1845"},{"source":"1839","target":"1849"},{"source":"1839","target":"1864"},{"source":"1839","target":"1879"},{"source":"1839","target":"1886"},{"source":"1839","target":"1888"},{"source":"1839","target":"1898"},{"source":"1839","target":"1902"},{"source":"1839","target":"1909"},{"source":"1841","target":"1857"},{"source":"1841","target":"1862"},{"source":"1841","target":"1872"},{"source":"1841","target":"1875"},{"source":"1842","target":"1843"},{"source":"1842","target":"1849"},{"source":"1842","target":"1861"},{"source":"1842","target":"1864"},{"source":"1842","target":"1868"},{"source":"1842","target":"1879"},{"source":"1842","target":"1888"},{"source":"1842","target":"1902"},{"source":"1843","target":"1845"},{"source":"1844","target":"1853"},{"source":"1844","target":"1878"},{"source":"1844","target":"1882"},{"source":"1844","target":"1897"},{"source":"1845","target":"1864"},{"source":"1845","target":"1902"},{"source":"1846","target":"1851"},{"source":"1846","target":"1883"},{"source":"1847","target":"1866"},{"source":"1848","target":"1871"},{"source":"1848","target":"1894"},{"source":"1849","target":"1864"},{"source":"1849","target":"1879"},{"source":"1849","target":"1888"},{"source":"1850","target":"1857"},{"source":"1850","target":"1893"},{"source":"1852","target":"1863"},{"source":"1857","target":"1859"},{"source":"1857","target":"1862"},{"source":"1857","target":"1872"},{"source":"1857","target":"1884"},{"source":"1857","target":"1893"},{"source":"1857","target":"1899"},{"source":"1858","target":"1863"},{"source":"1858","target":"1908"},{"source":"1858","target":"1911"},{"source":"1859","target":"1862"},{"source":"1860","target":"1911"},{"source":"1861","target":"1888"},{"source":"1861","target":"1891"},{"source":"1861","target":"1902"},{"source":"1862","target":"1872"},{"source":"1862","target":"1899"},{"source":"1862","target":"1903"},{"source":"1863","target":"1879"},{"source":"1863","target":"1883"},{"source":"1863","target":"1888"},{"source":"1863","target":"1909"},{"source":"1863","target":"1911"},{"source":"1864","target":"1879"},{"source":"1864","target":"1888"},{"source":"1864","target":"1902"},{"source":"1865","target":"1911"},{"source":"1867","target":"1877"},{"source":"1867","target":"1881"},{"source":"1867","target":"1885"},{"source":"1867","target":"1886"},{"source":"1867","target":"1888"},{"source":"1868","target":"1888"},{"source":"1868","target":"1898"},{"source":"1868","target":"1900"},{"source":"1868","target":"1902"},{"source":"1869","target":"1904"},{"source":"1870","target":"1882"},{"source":"1871","target":"1893"},{"source":"1871","target":"1894"},{"source":"1871","target":"1907"},{"source":"1872","target":"1893"},{"source":"1872","target":"1903"},{"source":"1873","target":"1899"},{"source":"1873","target":"1903"},{"source":"1874","target":"1888"},{"source":"1876","target":"1906"},{"source":"1877","target":"1888"},{"source":"1878","target":"1882"},{"source":"1879","target":"1888"},{"source":"1879","target":"1898"},{"source":"1879","target":"1902"},{"source":"1880","target":"1892"},{"source":"1880","target":"1895"},{"source":"1881","target":"1882"},{"source":"1881","target":"1885"},{"source":"1881","target":"1897"},{"source":"1881","target":"1910"},{"source":"1884","target":"1899"},{"source":"1884","target":"1903"},{"source":"1885","target":"1897"},{"source":"1886","target":"1888"},{"source":"1887","target":"1899"},{"source":"1888","target":"1891"},{"source":"1888","target":"1898"},{"source":"1888","target":"1902"},{"source":"1893","target":"1894"},{"source":"1894","target":"1907"},{"source":"1897","target":"1910"},{"source":"1898","target":"1902"},{"source":"1899","target":"1903"},{"source":"1899","target":"1907"},{"source":"1901","target":"1910"},{"source":"1902","target":"1911"},{"source":"1904","target":"1906"},{"source":"1909","target":"1911"},{"source":"1912","target":"1913"},{"source":"1912","target":"1914"},{"source":"1912","target":"1915"},{"source":"1912","target":"1916"},{"source":"1912","target":"1917"},{"source":"1912","target":"1918"},{"source":"1912","target":"1919"},{"source":"1912","target":"1920"},{"source":"1912","target":"1921"},{"source":"1912","target":"1922"},{"source":"1912","target":"1923"},{"source":"1912","target":"1924"},{"source":"1912","target":"1925"},{"source":"1912","target":"1926"},{"source":"1912","target":"1927"},{"source":"1912","target":"1928"},{"source":"1912","target":"1929"},{"source":"1912","target":"1930"},{"source":"1912","target":"1931"},{"source":"1912","target":"1932"},{"source":"1912","target":"1933"},{"source":"1912","target":"1934"},{"source":"1912","target":"1935"},{"source":"1912","target":"1936"},{"source":"1912","target":"1937"},{"source":"1912","target":"1938"},{"source":"1912","target":"1939"},{"source":"1912","target":"1940"},{"source":"1912","target":"1941"},{"source":"1912","target":"1942"},{"source":"1912","target":"1943"},{"source":"1912","target":"1944"},{"source":"1912","target":"1945"},{"source":"1912","target":"1946"},{"source":"1912","target":"1947"},{"source":"1912","target":"1948"},{"source":"1912","target":"1949"},{"source":"1912","target":"1950"},{"source":"1912","target":"1951"},{"source":"1912","target":"1952"},{"source":"1912","target":"1953"},{"source":"1912","target":"1954"},{"source":"1912","target":"1955"},{"source":"1912","target":"1956"},{"source":"1912","target":"1957"},{"source":"1912","target":"1958"},{"source":"1912","target":"1959"},{"source":"1912","target":"1960"},{"source":"1912","target":"1961"},{"source":"1912","target":"1962"},{"source":"1912","target":"1963"},{"source":"1912","target":"1964"},{"source":"1912","target":"1965"},{"source":"1912","target":"1966"},{"source":"1912","target":"1967"},{"source":"1912","target":"1968"},{"source":"1912","target":"1969"},{"source":"1912","target":"1970"},{"source":"1912","target":"1971"},{"source":"1912","target":"1972"},{"source":"1912","target":"1973"},{"source":"1912","target":"1974"},{"source":"1912","target":"1975"},{"source":"1912","target":"1976"},{"source":"1912","target":"1977"},{"source":"1912","target":"1978"},{"source":"1912","target":"1979"},{"source":"1912","target":"1980"},{"source":"1912","target":"1981"},{"source":"1912","target":"1982"},{"source":"1912","target":"1983"},{"source":"1912","target":"1984"},{"source":"1912","target":"1985"},{"source":"1912","target":"1986"},{"source":"1912","target":"1987"},{"source":"1912","target":"1988"},{"source":"1912","target":"1989"},{"source":"1912","target":"1990"},{"source":"1912","target":"1991"},{"source":"1912","target":"1992"},{"source":"1912","target":"1993"},{"source":"1912","target":"1994"},{"source":"1912","target":"1995"},{"source":"1912","target":"1996"},{"source":"1912","target":"1997"},{"source":"1912","target":"1998"},{"source":"1912","target":"1999"},{"source":"1912","target":"2000"},{"source":"1912","target":"2001"},{"source":"1912","target":"2002"},{"source":"1912","target":"2003"},{"source":"1912","target":"2004"},{"source":"1912","target":"2005"},{"source":"1912","target":"2006"},{"source":"1912","target":"2007"},{"source":"1912","target":"2008"},{"source":"1912","target":"2009"},{"source":"1912","target":"2010"},{"source":"1912","target":"2011"},{"source":"1912","target":"2012"},{"source":"1912","target":"2013"},{"source":"1912","target":"2014"},{"source":"1912","target":"2015"},{"source":"1912","target":"2016"},{"source":"1912","target":"2017"},{"source":"1912","target":"2018"},{"source":"1912","target":"2019"},{"source":"1912","target":"2020"},{"source":"1912","target":"2021"},{"source":"1912","target":"2022"},{"source":"1912","target":"2023"},{"source":"1912","target":"2024"},{"source":"1912","target":"2025"},{"source":"1912","target":"2026"},{"source":"1912","target":"2027"},{"source":"1912","target":"2028"},{"source":"1912","target":"2029"},{"source":"1912","target":"2030"},{"source":"1912","target":"2031"},{"source":"1912","target":"2032"},{"source":"1912","target":"2033"},{"source":"1912","target":"2034"},{"source":"1912","target":"2035"},{"source":"1912","target":"2036"},{"source":"1912","target":"2037"},{"source":"1912","target":"2038"},{"source":"1912","target":"2039"},{"source":"1912","target":"2040"},{"source":"1912","target":"2041"},{"source":"1912","target":"2042"},{"source":"1912","target":"2043"},{"source":"1912","target":"2044"},{"source":"1912","target":"2045"},{"source":"1912","target":"2046"},{"source":"1912","target":"2047"},{"source":"1912","target":"2048"},{"source":"1912","target":"2049"},{"source":"1912","target":"2050"},{"source":"1912","target":"2051"},{"source":"1912","target":"2052"},{"source":"1912","target":"2053"},{"source":"1912","target":"2054"},{"source":"1912","target":"2055"},{"source":"1912","target":"2056"},{"source":"1912","target":"2057"},{"source":"1912","target":"2058"},{"source":"1912","target":"2059"},{"source":"1912","target":"2060"},{"source":"1912","target":"2061"},{"source":"1912","target":"2062"},{"source":"1912","target":"2063"},{"source":"1912","target":"2064"},{"source":"1912","target":"2065"},{"source":"1912","target":"2066"},{"source":"1912","target":"2067"},{"source":"1912","target":"2068"},{"source":"1912","target":"2069"},{"source":"1912","target":"2070"},{"source":"1912","target":"2071"},{"source":"1912","target":"2072"},{"source":"1912","target":"2073"},{"source":"1912","target":"2074"},{"source":"1912","target":"2075"},{"source":"1912","target":"2076"},{"source":"1912","target":"2077"},{"source":"1912","target":"2078"},{"source":"1912","target":"2079"},{"source":"1912","target":"2080"},{"source":"1912","target":"2081"},{"source":"1912","target":"2082"},{"source":"1912","target":"2083"},{"source":"1912","target":"2084"},{"source":"1912","target":"2085"},{"source":"1912","target":"2086"},{"source":"1912","target":"2087"},{"source":"1912","target":"2088"},{"source":"1912","target":"2089"},{"source":"1912","target":"2090"},{"source":"1912","target":"2091"},{"source":"1912","target":"2092"},{"source":"1912","target":"2093"},{"source":"1912","target":"2094"},{"source":"1912","target":"2095"},{"source":"1912","target":"2096"},{"source":"1912","target":"2097"},{"source":"1912","target":"2098"},{"source":"1912","target":"2099"},{"source":"1912","target":"2100"},{"source":"1912","target":"2101"},{"source":"1912","target":"2102"},{"source":"1912","target":"2103"},{"source":"1912","target":"2104"},{"source":"1912","target":"2105"},{"source":"1912","target":"2106"},{"source":"1912","target":"2107"},{"source":"1912","target":"2108"},{"source":"1912","target":"2109"},{"source":"1912","target":"2110"},{"source":"1912","target":"2111"},{"source":"1912","target":"2112"},{"source":"1912","target":"2113"},{"source":"1912","target":"2114"},{"source":"1912","target":"2115"},{"source":"1912","target":"2116"},{"source":"1912","target":"2117"},{"source":"1912","target":"2118"},{"source":"1912","target":"2119"},{"source":"1912","target":"2120"},{"source":"1912","target":"2121"},{"source":"1912","target":"2122"},{"source":"1912","target":"2123"},{"source":"1912","target":"2124"},{"source":"1912","target":"2125"},{"source":"1912","target":"2126"},{"source":"1912","target":"2127"},{"source":"1912","target":"2128"},{"source":"1912","target":"2129"},{"source":"1912","target":"2130"},{"source":"1912","target":"2131"},{"source":"1912","target":"2132"},{"source":"1912","target":"2133"},{"source":"1912","target":"2134"},{"source":"1912","target":"2135"},{"source":"1912","target":"2136"},{"source":"1912","target":"2137"},{"source":"1912","target":"2138"},{"source":"1912","target":"2139"},{"source":"1912","target":"2140"},{"source":"1912","target":"2141"},{"source":"1912","target":"2142"},{"source":"1912","target":"2143"},{"source":"1912","target":"2144"},{"source":"1912","target":"2145"},{"source":"1912","target":"2146"},{"source":"1912","target":"2147"},{"source":"1912","target":"2148"},{"source":"1912","target":"2149"},{"source":"1912","target":"2150"},{"source":"1912","target":"2151"},{"source":"1912","target":"2152"},{"source":"1912","target":"2153"},{"source":"1912","target":"2154"},{"source":"1912","target":"2155"},{"source":"1912","target":"2156"},{"source":"1912","target":"2157"},{"source":"1912","target":"2158"},{"source":"1912","target":"2159"},{"source":"1912","target":"2160"},{"source":"1912","target":"2161"},{"source":"1912","target":"2162"},{"source":"1912","target":"2163"},{"source":"1912","target":"2164"},{"source":"1912","target":"2165"},{"source":"1912","target":"2166"},{"source":"1912","target":"2167"},{"source":"1912","target":"2168"},{"source":"1912","target":"2169"},{"source":"1912","target":"2170"},{"source":"1912","target":"2171"},{"source":"1912","target":"2172"},{"source":"1912","target":"2173"},{"source":"1912","target":"2174"},{"source":"1912","target":"2175"},{"source":"1912","target":"2176"},{"source":"1912","target":"2177"},{"source":"1912","target":"2178"},{"source":"1912","target":"2179"},{"source":"1912","target":"2180"},{"source":"1912","target":"2181"},{"source":"1912","target":"2182"},{"source":"1912","target":"2183"},{"source":"1912","target":"2184"},{"source":"1912","target":"2185"},{"source":"1912","target":"2186"},{"source":"1912","target":"2187"},{"source":"1912","target":"2188"},{"source":"1912","target":"2189"},{"source":"1912","target":"2190"},{"source":"1912","target":"2191"},{"source":"1912","target":"2192"},{"source":"1912","target":"2193"},{"source":"1912","target":"2194"},{"source":"1912","target":"2195"},{"source":"1912","target":"2196"},{"source":"1912","target":"2197"},{"source":"1912","target":"2198"},{"source":"1912","target":"2199"},{"source":"1912","target":"2200"},{"source":"1912","target":"2201"},{"source":"1912","target":"2202"},{"source":"1912","target":"2203"},{"source":"1912","target":"2204"},{"source":"1912","target":"2205"},{"source":"1912","target":"2206"},{"source":"1912","target":"2207"},{"source":"1912","target":"2208"},{"source":"1912","target":"2209"},{"source":"1912","target":"2210"},{"source":"1912","target":"2211"},{"source":"1912","target":"2212"},{"source":"1912","target":"2213"},{"source":"1912","target":"2214"},{"source":"1912","target":"2215"},{"source":"1912","target":"2216"},{"source":"1912","target":"2217"},{"source":"1912","target":"2218"},{"source":"1912","target":"2219"},{"source":"1912","target":"2220"},{"source":"1912","target":"2221"},{"source":"1912","target":"2222"},{"source":"1912","target":"2223"},{"source":"1912","target":"2224"},{"source":"1912","target":"2225"},{"source":"1912","target":"2226"},{"source":"1912","target":"2227"},{"source":"1912","target":"2228"},{"source":"1912","target":"2229"},{"source":"1912","target":"2230"},{"source":"1912","target":"2231"},{"source":"1912","target":"2232"},{"source":"1912","target":"2233"},{"source":"1912","target":"2234"},{"source":"1912","target":"2235"},{"source":"1912","target":"2236"},{"source":"1912","target":"2237"},{"source":"1912","target":"2238"},{"source":"1912","target":"2239"},{"source":"1912","target":"2240"},{"source":"1912","target":"2241"},{"source":"1912","target":"2242"},{"source":"1912","target":"2243"},{"source":"1912","target":"2244"},{"source":"1912","target":"2245"},{"source":"1912","target":"2246"},{"source":"1912","target":"2247"},{"source":"1912","target":"2248"},{"source":"1912","target":"2249"},{"source":"1912","target":"2250"},{"source":"1912","target":"2251"},{"source":"1912","target":"2252"},{"source":"1912","target":"2253"},{"source":"1912","target":"2254"},{"source":"1912","target":"2255"},{"source":"1912","target":"2256"},{"source":"1912","target":"2257"},{"source":"1912","target":"2258"},{"source":"1912","target":"2259"},{"source":"1912","target":"2260"},{"source":"1912","target":"2261"},{"source":"1912","target":"2262"},{"source":"1912","target":"2263"},{"source":"1912","target":"2264"},{"source":"1912","target":"2265"},{"source":"1912","target":"2266"},{"source":"1912","target":"2267"},{"source":"1912","target":"2268"},{"source":"1912","target":"2269"},{"source":"1912","target":"2270"},{"source":"1912","target":"2271"},{"source":"1912","target":"2272"},{"source":"1912","target":"2273"},{"source":"1912","target":"2274"},{"source":"1912","target":"2275"},{"source":"1912","target":"2276"},{"source":"1912","target":"2277"},{"source":"1912","target":"2278"},{"source":"1912","target":"2279"},{"source":"1912","target":"2280"},{"source":"1912","target":"2281"},{"source":"1912","target":"2282"},{"source":"1912","target":"2283"},{"source":"1912","target":"2284"},{"source":"1912","target":"2285"},{"source":"1912","target":"2286"},{"source":"1912","target":"2287"},{"source":"1912","target":"2288"},{"source":"1912","target":"2289"},{"source":"1912","target":"2290"},{"source":"1912","target":"2291"},{"source":"1912","target":"2292"},{"source":"1912","target":"2293"},{"source":"1912","target":"2294"},{"source":"1912","target":"2295"},{"source":"1912","target":"2296"},{"source":"1912","target":"2297"},{"source":"1912","target":"2298"},{"source":"1912","target":"2299"},{"source":"1912","target":"2300"},{"source":"1912","target":"2301"},{"source":"1912","target":"2302"},{"source":"1912","target":"2303"},{"source":"1912","target":"2304"},{"source":"1912","target":"2305"},{"source":"1912","target":"2306"},{"source":"1912","target":"2307"},{"source":"1912","target":"2308"},{"source":"1912","target":"2309"},{"source":"1912","target":"2310"},{"source":"1912","target":"2311"},{"source":"1912","target":"2312"},{"source":"1912","target":"2313"},{"source":"1912","target":"2314"},{"source":"1912","target":"2315"},{"source":"1912","target":"2316"},{"source":"1912","target":"2317"},{"source":"1912","target":"2318"},{"source":"1912","target":"2319"},{"source":"1912","target":"2320"},{"source":"1912","target":"2321"},{"source":"1912","target":"2322"},{"source":"1912","target":"2323"},{"source":"1912","target":"2324"},{"source":"1912","target":"2325"},{"source":"1912","target":"2326"},{"source":"1912","target":"2327"},{"source":"1912","target":"2328"},{"source":"1912","target":"2329"},{"source":"1912","target":"2330"},{"source":"1912","target":"2331"},{"source":"1912","target":"2332"},{"source":"1912","target":"2333"},{"source":"1912","target":"2334"},{"source":"1912","target":"2335"},{"source":"1912","target":"2336"},{"source":"1912","target":"2337"},{"source":"1912","target":"2338"},{"source":"1912","target":"2339"},{"source":"1912","target":"2340"},{"source":"1912","target":"2341"},{"source":"1912","target":"2342"},{"source":"1912","target":"2343"},{"source":"1912","target":"2344"},{"source":"1912","target":"2345"},{"source":"1912","target":"2346"},{"source":"1912","target":"2347"},{"source":"1912","target":"2348"},{"source":"1912","target":"2349"},{"source":"1912","target":"2350"},{"source":"1912","target":"2351"},{"source":"1912","target":"2352"},{"source":"1912","target":"2353"},{"source":"1912","target":"2354"},{"source":"1912","target":"2355"},{"source":"1912","target":"2356"},{"source":"1912","target":"2357"},{"source":"1912","target":"2358"},{"source":"1912","target":"2359"},{"source":"1912","target":"2360"},{"source":"1912","target":"2361"},{"source":"1912","target":"2362"},{"source":"1912","target":"2363"},{"source":"1912","target":"2364"},{"source":"1912","target":"2365"},{"source":"1912","target":"2366"},{"source":"1912","target":"2367"},{"source":"1912","target":"2368"},{"source":"1912","target":"2369"},{"source":"1912","target":"2370"},{"source":"1912","target":"2371"},{"source":"1912","target":"2372"},{"source":"1912","target":"2373"},{"source":"1912","target":"2374"},{"source":"1912","target":"2375"},{"source":"1912","target":"2376"},{"source":"1912","target":"2377"},{"source":"1912","target":"2378"},{"source":"1912","target":"2379"},{"source":"1912","target":"2380"},{"source":"1912","target":"2381"},{"source":"1912","target":"2382"},{"source":"1912","target":"2383"},{"source":"1912","target":"2384"},{"source":"1912","target":"2385"},{"source":"1912","target":"2386"},{"source":"1912","target":"2387"},{"source":"1912","target":"2388"},{"source":"1912","target":"2389"},{"source":"1912","target":"2390"},{"source":"1912","target":"2391"},{"source":"1912","target":"2392"},{"source":"1912","target":"2393"},{"source":"1912","target":"2394"},{"source":"1912","target":"2395"},{"source":"1912","target":"2396"},{"source":"1912","target":"2397"},{"source":"1912","target":"2398"},{"source":"1912","target":"2399"},{"source":"1912","target":"2400"},{"source":"1912","target":"2401"},{"source":"1912","target":"2402"},{"source":"1912","target":"2403"},{"source":"1912","target":"2404"},{"source":"1912","target":"2405"},{"source":"1912","target":"2406"},{"source":"1912","target":"2407"},{"source":"1912","target":"2408"},{"source":"1912","target":"2409"},{"source":"1912","target":"2410"},{"source":"1912","target":"2411"},{"source":"1912","target":"2412"},{"source":"1912","target":"2413"},{"source":"1912","target":"2414"},{"source":"1912","target":"2415"},{"source":"1912","target":"2416"},{"source":"1912","target":"2417"},{"source":"1912","target":"2418"},{"source":"1912","target":"2419"},{"source":"1912","target":"2420"},{"source":"1912","target":"2421"},{"source":"1912","target":"2422"},{"source":"1912","target":"2423"},{"source":"1912","target":"2424"},{"source":"1912","target":"2425"},{"source":"1912","target":"2426"},{"source":"1912","target":"2427"},{"source":"1912","target":"2428"},{"source":"1912","target":"2429"},{"source":"1912","target":"2430"},{"source":"1912","target":"2431"},{"source":"1912","target":"2432"},{"source":"1912","target":"2433"},{"source":"1912","target":"2434"},{"source":"1912","target":"2435"},{"source":"1912","target":"2436"},{"source":"1912","target":"2437"},{"source":"1912","target":"2438"},{"source":"1912","target":"2439"},{"source":"1912","target":"2440"},{"source":"1912","target":"2441"},{"source":"1912","target":"2442"},{"source":"1912","target":"2443"},{"source":"1912","target":"2444"},{"source":"1912","target":"2445"},{"source":"1912","target":"2446"},{"source":"1912","target":"2447"},{"source":"1912","target":"2448"},{"source":"1912","target":"2449"},{"source":"1912","target":"2450"},{"source":"1912","target":"2451"},{"source":"1912","target":"2452"},{"source":"1912","target":"2453"},{"source":"1912","target":"2454"},{"source":"1912","target":"2455"},{"source":"1912","target":"2456"},{"source":"1912","target":"2457"},{"source":"1912","target":"2458"},{"source":"1912","target":"2459"},{"source":"1912","target":"2460"},{"source":"1912","target":"2461"},{"source":"1912","target":"2462"},{"source":"1912","target":"2463"},{"source":"1912","target":"2464"},{"source":"1912","target":"2465"},{"source":"1912","target":"2466"},{"source":"1912","target":"2467"},{"source":"1912","target":"2468"},{"source":"1912","target":"2469"},{"source":"1912","target":"2470"},{"source":"1912","target":"2471"},{"source":"1912","target":"2472"},{"source":"1912","target":"2473"},{"source":"1912","target":"2474"},{"source":"1912","target":"2475"},{"source":"1912","target":"2476"},{"source":"1912","target":"2477"},{"source":"1912","target":"2478"},{"source":"1912","target":"2479"},{"source":"1912","target":"2480"},{"source":"1912","target":"2481"},{"source":"1912","target":"2482"},{"source":"1912","target":"2483"},{"source":"1912","target":"2484"},{"source":"1912","target":"2485"},{"source":"1912","target":"2486"},{"source":"1912","target":"2487"},{"source":"1912","target":"2488"},{"source":"1912","target":"2489"},{"source":"1912","target":"2490"},{"source":"1912","target":"2491"},{"source":"1912","target":"2492"},{"source":"1912","target":"2493"},{"source":"1912","target":"2494"},{"source":"1912","target":"2495"},{"source":"1912","target":"2496"},{"source":"1912","target":"2497"},{"source":"1912","target":"2498"},{"source":"1912","target":"2499"},{"source":"1912","target":"2500"},{"source":"1912","target":"2501"},{"source":"1912","target":"2502"},{"source":"1912","target":"2503"},{"source":"1912","target":"2504"},{"source":"1912","target":"2505"},{"source":"1912","target":"2506"},{"source":"1912","target":"2507"},{"source":"1912","target":"2508"},{"source":"1912","target":"2509"},{"source":"1912","target":"2510"},{"source":"1912","target":"2511"},{"source":"1912","target":"2512"},{"source":"1912","target":"2513"},{"source":"1912","target":"2514"},{"source":"1912","target":"2515"},{"source":"1912","target":"2516"},{"source":"1912","target":"2517"},{"source":"1912","target":"2518"},{"source":"1912","target":"2519"},{"source":"1912","target":"2520"},{"source":"1912","target":"2521"},{"source":"1912","target":"2522"},{"source":"1912","target":"2523"},{"source":"1912","target":"2524"},{"source":"1912","target":"2525"},{"source":"1912","target":"2526"},{"source":"1912","target":"2527"},{"source":"1912","target":"2528"},{"source":"1912","target":"2529"},{"source":"1912","target":"2530"},{"source":"1912","target":"2531"},{"source":"1912","target":"2532"},{"source":"1912","target":"2533"},{"source":"1912","target":"2534"},{"source":"1912","target":"2535"},{"source":"1912","target":"2536"},{"source":"1912","target":"2537"},{"source":"1912","target":"2538"},{"source":"1912","target":"2539"},{"source":"1912","target":"2540"},{"source":"1912","target":"2541"},{"source":"1912","target":"2542"},{"source":"1912","target":"2543"},{"source":"1912","target":"2544"},{"source":"1912","target":"2545"},{"source":"1912","target":"2546"},{"source":"1912","target":"2547"},{"source":"1912","target":"2548"},{"source":"1912","target":"2549"},{"source":"1912","target":"2550"},{"source":"1912","target":"2551"},{"source":"1912","target":"2552"},{"source":"1912","target":"2553"},{"source":"1912","target":"2554"},{"source":"1912","target":"2555"},{"source":"1912","target":"2556"},{"source":"1912","target":"2557"},{"source":"1912","target":"2558"},{"source":"1912","target":"2559"},{"source":"1912","target":"2560"},{"source":"1912","target":"2561"},{"source":"1912","target":"2562"},{"source":"1912","target":"2563"},{"source":"1912","target":"2564"},{"source":"1912","target":"2565"},{"source":"1912","target":"2566"},{"source":"1912","target":"2567"},{"source":"1912","target":"2568"},{"source":"1912","target":"2569"},{"source":"1912","target":"2570"},{"source":"1912","target":"2571"},{"source":"1912","target":"2572"},{"source":"1912","target":"2573"},{"source":"1912","target":"2574"},{"source":"1912","target":"2575"},{"source":"1912","target":"2576"},{"source":"1912","target":"2577"},{"source":"1912","target":"2578"},{"source":"1912","target":"2579"},{"source":"1912","target":"2580"},{"source":"1912","target":"2581"},{"source":"1912","target":"2582"},{"source":"1912","target":"2583"},{"source":"1912","target":"2584"},{"source":"1912","target":"2585"},{"source":"1912","target":"2586"},{"source":"1912","target":"2587"},{"source":"1912","target":"2588"},{"source":"1912","target":"2589"},{"source":"1912","target":"2590"},{"source":"1912","target":"2591"},{"source":"1912","target":"2592"},{"source":"1912","target":"2593"},{"source":"1912","target":"2594"},{"source":"1912","target":"2595"},{"source":"1912","target":"2596"},{"source":"1912","target":"2597"},{"source":"1912","target":"2598"},{"source":"1912","target":"2599"},{"source":"1912","target":"2600"},{"source":"1912","target":"2601"},{"source":"1912","target":"2602"},{"source":"1912","target":"2603"},{"source":"1912","target":"2604"},{"source":"1912","target":"2605"},{"source":"1912","target":"2606"},{"source":"1912","target":"2607"},{"source":"1912","target":"2608"},{"source":"1912","target":"2609"},{"source":"1912","target":"2610"},{"source":"1912","target":"2611"},{"source":"1912","target":"2612"},{"source":"1912","target":"2613"},{"source":"1912","target":"2614"},{"source":"1912","target":"2615"},{"source":"1912","target":"2616"},{"source":"1912","target":"2617"},{"source":"1912","target":"2618"},{"source":"1912","target":"2619"},{"source":"1912","target":"2620"},{"source":"1912","target":"2621"},{"source":"1912","target":"2622"},{"source":"1912","target":"2623"},{"source":"1912","target":"2624"},{"source":"1912","target":"2625"},{"source":"1912","target":"2626"},{"source":"1912","target":"2627"},{"source":"1912","target":"2628"},{"source":"1912","target":"2629"},{"source":"1912","target":"2630"},{"source":"1912","target":"2631"},{"source":"1912","target":"2632"},{"source":"1912","target":"2633"},{"source":"1912","target":"2634"},{"source":"1912","target":"2635"},{"source":"1912","target":"2636"},{"source":"1912","target":"2637"},{"source":"1912","target":"2638"},{"source":"1912","target":"2639"},{"source":"1912","target":"2640"},{"source":"1912","target":"2641"},{"source":"1912","target":"2642"},{"source":"1912","target":"2643"},{"source":"1912","target":"2644"},{"source":"1912","target":"2645"},{"source":"1912","target":"2646"},{"source":"1912","target":"2647"},{"source":"1912","target":"2648"},{"source":"1912","target":"2649"},{"source":"1912","target":"2650"},{"source":"1912","target":"2651"},{"source":"1912","target":"2652"},{"source":"1912","target":"2653"},{"source":"1912","target":"2654"},{"source":"1912","target":"2655"},{"source":"1912","target":"2656"},{"source":"1912","target":"2657"},{"source":"1912","target":"2658"},{"source":"1912","target":"2659"},{"source":"1912","target":"2660"},{"source":"1913","target":"2116"},{"source":"1913","target":"2127"},{"source":"1913","target":"2203"},{"source":"1913","target":"2250"},{"source":"1913","target":"2312"},{"source":"1913","target":"2319"},{"source":"1913","target":"2355"},{"source":"1913","target":"2384"},{"source":"1913","target":"2389"},{"source":"1913","target":"2400"},{"source":"1913","target":"2413"},{"source":"1913","target":"2502"},{"source":"1913","target":"2529"},{"source":"1913","target":"2530"},{"source":"1913","target":"2531"},{"source":"1913","target":"2582"},{"source":"1913","target":"2616"},{"source":"1914","target":"1919"},{"source":"1914","target":"1927"},{"source":"1914","target":"1931"},{"source":"1914","target":"1935"},{"source":"1914","target":"1951"},{"source":"1914","target":"1972"},{"source":"1914","target":"1973"},{"source":"1914","target":"1980"},{"source":"1914","target":"1991"},{"source":"1914","target":"1995"},{"source":"1914","target":"2000"},{"source":"1914","target":"2001"},{"source":"1914","target":"2004"},{"source":"1914","target":"2006"},{"source":"1914","target":"2009"},{"source":"1914","target":"2011"},{"source":"1914","target":"2018"},{"source":"1914","target":"2022"},{"source":"1914","target":"2024"},{"source":"1914","target":"2025"},{"source":"1914","target":"2027"},{"source":"1914","target":"2061"},{"source":"1914","target":"2097"},{"source":"1914","target":"2116"},{"source":"1914","target":"2171"},{"source":"1914","target":"2225"},{"source":"1914","target":"2284"},{"source":"1914","target":"2364"},{"source":"1914","target":"2365"},{"source":"1914","target":"2378"},{"source":"1914","target":"2435"},{"source":"1914","target":"2494"},{"source":"1914","target":"2583"},{"source":"1914","target":"2585"},{"source":"1914","target":"2620"},{"source":"1914","target":"2626"},{"source":"1914","target":"2627"},{"source":"1914","target":"2633"},{"source":"1914","target":"2636"},{"source":"1914","target":"2645"},{"source":"1914","target":"2647"},{"source":"1914","target":"2648"},{"source":"1914","target":"2657"},{"source":"1914","target":"2658"},{"source":"1914","target":"2659"},{"source":"1914","target":"2660"},{"source":"1915","target":"1922"},{"source":"1915","target":"2107"},{"source":"1915","target":"2114"},{"source":"1915","target":"2146"},{"source":"1915","target":"2156"},{"source":"1915","target":"2251"},{"source":"1915","target":"2341"},{"source":"1915","target":"2412"},{"source":"1915","target":"2455"},{"source":"1915","target":"2587"},{"source":"1916","target":"1932"},{"source":"1916","target":"1939"},{"source":"1916","target":"1940"},{"source":"1916","target":"1945"},{"source":"1916","target":"1947"},{"source":"1916","target":"1952"},{"source":"1916","target":"1954"},{"source":"1916","target":"1970"},{"source":"1916","target":"2002"},{"source":"1916","target":"2003"},{"source":"1916","target":"2007"},{"source":"1916","target":"2010"},{"source":"1916","target":"2028"},{"source":"1916","target":"2032"},{"source":"1916","target":"2039"},{"source":"1916","target":"2042"},{"source":"1916","target":"2052"},{"source":"1916","target":"2054"},{"source":"1916","target":"2081"},{"source":"1916","target":"2087"},{"source":"1916","target":"2102"},{"source":"1916","target":"2111"},{"source":"1916","target":"2125"},{"source":"1916","target":"2128"},{"source":"1916","target":"2132"},{"source":"1916","target":"2133"},{"source":"1916","target":"2143"},{"source":"1916","target":"2149"},{"source":"1916","target":"2151"},{"source":"1916","target":"2169"},{"source":"1916","target":"2174"},{"source":"1916","target":"2176"},{"source":"1916","target":"2183"},{"source":"1916","target":"2199"},{"source":"1916","target":"2203"},{"source":"1916","target":"2221"},{"source":"1916","target":"2241"},{"source":"1916","target":"2246"},{"source":"1916","target":"2247"},{"source":"1916","target":"2250"},{"source":"1916","target":"2273"},{"source":"1916","target":"2282"},{"source":"1916","target":"2283"},{"source":"1916","target":"2289"},{"source":"1916","target":"2292"},{"source":"1916","target":"2294"},{"source":"1916","target":"2298"},{"source":"1916","target":"2304"},{"source":"1916","target":"2318"},{"source":"1916","target":"2328"},{"source":"1916","target":"2332"},{"source":"1916","target":"2343"},{"source":"1916","target":"2344"},{"source":"1916","target":"2368"},{"source":"1916","target":"2377"},{"source":"1916","target":"2384"},{"source":"1916","target":"2399"},{"source":"1916","target":"2419"},{"source":"1916","target":"2434"},{"source":"1916","target":"2461"},{"source":"1916","target":"2463"},{"source":"1916","target":"2471"},{"source":"1916","target":"2475"},{"source":"1916","target":"2498"},{"source":"1916","target":"2509"},{"source":"1916","target":"2512"},{"source":"1916","target":"2518"},{"source":"1916","target":"2519"},{"source":"1916","target":"2544"},{"source":"1916","target":"2555"},{"source":"1916","target":"2582"},{"source":"1916","target":"2588"},{"source":"1916","target":"2598"},{"source":"1916","target":"2616"},{"source":"1916","target":"2642"},{"source":"1916","target":"2649"},{"source":"1917","target":"1918"},{"source":"1917","target":"1925"},{"source":"1917","target":"1929"},{"source":"1917","target":"1938"},{"source":"1917","target":"1943"},{"source":"1917","target":"1946"},{"source":"1917","target":"1953"},{"source":"1917","target":"1962"},{"source":"1917","target":"1963"},{"source":"1917","target":"1966"},{"source":"1917","target":"1979"},{"source":"1917","target":"1983"},{"source":"1917","target":"1984"},{"source":"1917","target":"1985"},{"source":"1917","target":"1986"},{"source":"1917","target":"1993"},{"source":"1917","target":"1997"},{"source":"1917","target":"2005"},{"source":"1917","target":"2020"},{"source":"1917","target":"2030"},{"source":"1917","target":"2033"},{"source":"1917","target":"2037"},{"source":"1917","target":"2040"},{"source":"1917","target":"2043"},{"source":"1917","target":"2045"},{"source":"1917","target":"2046"},{"source":"1917","target":"2055"},{"source":"1917","target":"2056"},{"source":"1917","target":"2059"},{"source":"1917","target":"2063"},{"source":"1917","target":"2064"},{"source":"1917","target":"2069"},{"source":"1917","target":"2073"},{"source":"1917","target":"2074"},{"source":"1917","target":"2077"},{"source":"1917","target":"2078"},{"source":"1917","target":"2083"},{"source":"1917","target":"2084"},{"source":"1917","target":"2086"},{"source":"1917","target":"2088"},{"source":"1917","target":"2090"},{"source":"1917","target":"2093"},{"source":"1917","target":"2095"},{"source":"1917","target":"2098"},{"source":"1917","target":"2103"},{"source":"1917","target":"2104"},{"source":"1917","target":"2108"},{"source":"1917","target":"2112"},{"source":"1917","target":"2115"},{"source":"1917","target":"2118"},{"source":"1917","target":"2121"},{"source":"1917","target":"2123"},{"source":"1917","target":"2124"},{"source":"1917","target":"2131"},{"source":"1917","target":"2136"},{"source":"1917","target":"2139"},{"source":"1917","target":"2140"},{"source":"1917","target":"2142"},{"source":"1917","target":"2150"},{"source":"1917","target":"2154"},{"source":"1917","target":"2165"},{"source":"1917","target":"2172"},{"source":"1917","target":"2179"},{"source":"1917","target":"2184"},{"source":"1917","target":"2188"},{"source":"1917","target":"2190"},{"source":"1917","target":"2200"},{"source":"1917","target":"2201"},{"source":"1917","target":"2206"},{"source":"1917","target":"2212"},{"source":"1917","target":"2216"},{"source":"1917","target":"2218"},{"source":"1917","target":"2220"},{"source":"1917","target":"2229"},{"source":"1917","target":"2237"},{"source":"1917","target":"2240"},{"source":"1917","target":"2244"},{"source":"1917","target":"2253"},{"source":"1917","target":"2257"},{"source":"1917","target":"2258"},{"source":"1917","target":"2261"},{"source":"1917","target":"2266"},{"source":"1917","target":"2271"},{"source":"1917","target":"2275"},{"source":"1917","target":"2278"},{"source":"1917","target":"2290"},{"source":"1917","target":"2299"},{"source":"1917","target":"2300"},{"source":"1917","target":"2307"},{"source":"1917","target":"2308"},{"source":"1917","target":"2309"},{"source":"1917","target":"2323"},{"source":"1917","target":"2324"},{"source":"1917","target":"2326"},{"source":"1917","target":"2329"},{"source":"1917","target":"2331"},{"source":"1917","target":"2334"},{"source":"1917","target":"2339"},{"source":"1917","target":"2340"},{"source":"1917","target":"2347"},{"source":"1917","target":"2352"},{"source":"1917","target":"2353"},{"source":"1917","target":"2354"},{"source":"1917","target":"2356"},{"source":"1917","target":"2359"},{"source":"1917","target":"2363"},{"source":"1917","target":"2369"},{"source":"1917","target":"2370"},{"source":"1917","target":"2374"},{"source":"1917","target":"2376"},{"source":"1917","target":"2381"},{"source":"1917","target":"2386"},{"source":"1917","target":"2391"},{"source":"1917","target":"2395"},{"source":"1917","target":"2404"},{"source":"1917","target":"2407"},{"source":"1917","target":"2408"},{"source":"1917","target":"2409"},{"source":"1917","target":"2410"},{"source":"1917","target":"2414"},{"source":"1917","target":"2418"},{"source":"1917","target":"2423"},{"source":"1917","target":"2428"},{"source":"1917","target":"2429"},{"source":"1917","target":"2430"},{"source":"1917","target":"2433"},{"source":"1917","target":"2460"},{"source":"1917","target":"2462"},{"source":"1917","target":"2464"},{"source":"1917","target":"2467"},{"source":"1917","target":"2468"},{"source":"1917","target":"2469"},{"source":"1917","target":"2477"},{"source":"1917","target":"2478"},{"source":"1917","target":"2482"},{"source":"1917","target":"2484"},{"source":"1917","target":"2485"},{"source":"1917","target":"2492"},{"source":"1917","target":"2495"},{"source":"1917","target":"2499"},{"source":"1917","target":"2500"},{"source":"1917","target":"2504"},{"source":"1917","target":"2507"},{"source":"1917","target":"2520"},{"source":"1917","target":"2521"},{"source":"1917","target":"2526"},{"source":"1917","target":"2532"},{"source":"1917","target":"2539"},{"source":"1917","target":"2542"},{"source":"1917","target":"2543"},{"source":"1917","target":"2546"},{"source":"1917","target":"2549"},{"source":"1917","target":"2550"},{"source":"1917","target":"2551"},{"source":"1917","target":"2553"},{"source":"1917","target":"2554"},{"source":"1917","target":"2556"},{"source":"1917","target":"2559"},{"source":"1917","target":"2560"},{"source":"1917","target":"2561"},{"source":"1917","target":"2563"},{"source":"1917","target":"2564"},{"source":"1917","target":"2573"},{"source":"1917","target":"2575"},{"source":"1917","target":"2576"},{"source":"1917","target":"2578"},{"source":"1917","target":"2579"},{"source":"1917","target":"2586"},{"source":"1917","target":"2590"},{"source":"1917","target":"2591"},{"source":"1917","target":"2593"},{"source":"1917","target":"2600"},{"source":"1917","target":"2601"},{"source":"1917","target":"2602"},{"source":"1917","target":"2604"},{"source":"1917","target":"2607"},{"source":"1917","target":"2611"},{"source":"1917","target":"2613"},{"source":"1917","target":"2615"},{"source":"1917","target":"2619"},{"source":"1917","target":"2623"},{"source":"1917","target":"2624"},{"source":"1917","target":"2625"},{"source":"1917","target":"2630"},{"source":"1917","target":"2631"},{"source":"1917","target":"2638"},{"source":"1917","target":"2646"},{"source":"1917","target":"2654"},{"source":"1917","target":"2655"},{"source":"1918","target":"1925"},{"source":"1918","target":"1929"},{"source":"1918","target":"1938"},{"source":"1918","target":"1941"},{"source":"1918","target":"1943"},{"source":"1918","target":"1946"},{"source":"1918","target":"1962"},{"source":"1918","target":"1963"},{"source":"1918","target":"1971"},{"source":"1918","target":"1979"},{"source":"1918","target":"1983"},{"source":"1918","target":"1984"},{"source":"1918","target":"1985"},{"source":"1918","target":"1993"},{"source":"1918","target":"1997"},{"source":"1918","target":"2005"},{"source":"1918","target":"2020"},{"source":"1918","target":"2026"},{"source":"1918","target":"2030"},{"source":"1918","target":"2033"},{"source":"1918","target":"2043"},{"source":"1918","target":"2045"},{"source":"1918","target":"2046"},{"source":"1918","target":"2055"},{"source":"1918","target":"2056"},{"source":"1918","target":"2059"},{"source":"1918","target":"2064"},{"source":"1918","target":"2069"},{"source":"1918","target":"2073"},{"source":"1918","target":"2074"},{"source":"1918","target":"2078"},{"source":"1918","target":"2083"},{"source":"1918","target":"2084"},{"source":"1918","target":"2088"},{"source":"1918","target":"2090"},{"source":"1918","target":"2093"},{"source":"1918","target":"2095"},{"source":"1918","target":"2098"},{"source":"1918","target":"2104"},{"source":"1918","target":"2108"},{"source":"1918","target":"2109"},{"source":"1918","target":"2112"},{"source":"1918","target":"2115"},{"source":"1918","target":"2118"},{"source":"1918","target":"2121"},{"source":"1918","target":"2123"},{"source":"1918","target":"2124"},{"source":"1918","target":"2139"},{"source":"1918","target":"2140"},{"source":"1918","target":"2142"},{"source":"1918","target":"2154"},{"source":"1918","target":"2165"},{"source":"1918","target":"2172"},{"source":"1918","target":"2184"},{"source":"1918","target":"2188"},{"source":"1918","target":"2190"},{"source":"1918","target":"2200"},{"source":"1918","target":"2201"},{"source":"1918","target":"2206"},{"source":"1918","target":"2212"},{"source":"1918","target":"2213"},{"source":"1918","target":"2218"},{"source":"1918","target":"2220"},{"source":"1918","target":"2233"},{"source":"1918","target":"2240"},{"source":"1918","target":"2244"},{"source":"1918","target":"2257"},{"source":"1918","target":"2261"},{"source":"1918","target":"2266"},{"source":"1918","target":"2271"},{"source":"1918","target":"2275"},{"source":"1918","target":"2276"},{"source":"1918","target":"2278"},{"source":"1918","target":"2287"},{"source":"1918","target":"2290"},{"source":"1918","target":"2299"},{"source":"1918","target":"2300"},{"source":"1918","target":"2308"},{"source":"1918","target":"2309"},{"source":"1918","target":"2323"},{"source":"1918","target":"2324"},{"source":"1918","target":"2326"},{"source":"1918","target":"2329"},{"source":"1918","target":"2331"},{"source":"1918","target":"2339"},{"source":"1918","target":"2340"},{"source":"1918","target":"2347"},{"source":"1918","target":"2348"},{"source":"1918","target":"2352"},{"source":"1918","target":"2353"},{"source":"1918","target":"2354"},{"source":"1918","target":"2356"},{"source":"1918","target":"2369"},{"source":"1918","target":"2374"},{"source":"1918","target":"2376"},{"source":"1918","target":"2381"},{"source":"1918","target":"2386"},{"source":"1918","target":"2392"},{"source":"1918","target":"2404"},{"source":"1918","target":"2409"},{"source":"1918","target":"2410"},{"source":"1918","target":"2423"},{"source":"1918","target":"2430"},{"source":"1918","target":"2433"},{"source":"1918","target":"2460"},{"source":"1918","target":"2464"},{"source":"1918","target":"2467"},{"source":"1918","target":"2469"},{"source":"1918","target":"2482"},{"source":"1918","target":"2484"},{"source":"1918","target":"2485"},{"source":"1918","target":"2492"},{"source":"1918","target":"2495"},{"source":"1918","target":"2500"},{"source":"1918","target":"2504"},{"source":"1918","target":"2506"},{"source":"1918","target":"2507"},{"source":"1918","target":"2520"},{"source":"1918","target":"2521"},{"source":"1918","target":"2526"},{"source":"1918","target":"2532"},{"source":"1918","target":"2536"},{"source":"1918","target":"2539"},{"source":"1918","target":"2542"},{"source":"1918","target":"2543"},{"source":"1918","target":"2546"},{"source":"1918","target":"2549"},{"source":"1918","target":"2551"},{"source":"1918","target":"2552"},{"source":"1918","target":"2553"},{"source":"1918","target":"2554"},{"source":"1918","target":"2559"},{"source":"1918","target":"2560"},{"source":"1918","target":"2561"},{"source":"1918","target":"2563"},{"source":"1918","target":"2564"},{"source":"1918","target":"2573"},{"source":"1918","target":"2574"},{"source":"1918","target":"2578"},{"source":"1918","target":"2579"},{"source":"1918","target":"2586"},{"source":"1918","target":"2590"},{"source":"1918","target":"2591"},{"source":"1918","target":"2593"},{"source":"1918","target":"2600"},{"source":"1918","target":"2601"},{"source":"1918","target":"2602"},{"source":"1918","target":"2604"},{"source":"1918","target":"2607"},{"source":"1918","target":"2611"},{"source":"1918","target":"2615"},{"source":"1918","target":"2619"},{"source":"1918","target":"2623"},{"source":"1918","target":"2624"},{"source":"1918","target":"2625"},{"source":"1918","target":"2630"},{"source":"1918","target":"2638"},{"source":"1918","target":"2654"},{"source":"1918","target":"2655"},{"source":"1919","target":"1921"},{"source":"1919","target":"1927"},{"source":"1919","target":"1931"},{"source":"1919","target":"1935"},{"source":"1919","target":"1951"},{"source":"1919","target":"1954"},{"source":"1919","target":"1958"},{"source":"1919","target":"1968"},{"source":"1919","target":"1972"},{"source":"1919","target":"1973"},{"source":"1919","target":"1980"},{"source":"1919","target":"1995"},{"source":"1919","target":"1998"},{"source":"1919","target":"1999"},{"source":"1919","target":"2004"},{"source":"1919","target":"2006"},{"source":"1919","target":"2011"},{"source":"1919","target":"2016"},{"source":"1919","target":"2022"},{"source":"1919","target":"2024"},{"source":"1919","target":"2025"},{"source":"1919","target":"2061"},{"source":"1919","target":"2097"},{"source":"1919","target":"2143"},{"source":"1919","target":"2159"},{"source":"1919","target":"2171"},{"source":"1919","target":"2192"},{"source":"1919","target":"2202"},{"source":"1919","target":"2225"},{"source":"1919","target":"2284"},{"source":"1919","target":"2297"},{"source":"1919","target":"2341"},{"source":"1919","target":"2346"},{"source":"1919","target":"2364"},{"source":"1919","target":"2365"},{"source":"1919","target":"2459"},{"source":"1919","target":"2494"},{"source":"1919","target":"2538"},{"source":"1919","target":"2583"},{"source":"1919","target":"2585"},{"source":"1919","target":"2620"},{"source":"1919","target":"2626"},{"source":"1919","target":"2627"},{"source":"1919","target":"2633"},{"source":"1919","target":"2636"},{"source":"1919","target":"2640"},{"source":"1919","target":"2645"},{"source":"1919","target":"2647"},{"source":"1919","target":"2648"},{"source":"1919","target":"2657"},{"source":"1919","target":"2658"},{"source":"1919","target":"2659"},{"source":"1919","target":"2660"},{"source":"1920","target":"1932"},{"source":"1920","target":"1939"},{"source":"1920","target":"1940"},{"source":"1920","target":"1941"},{"source":"1920","target":"1945"},{"source":"1920","target":"1948"},{"source":"1920","target":"1955"},{"source":"1920","target":"1959"},{"source":"1920","target":"1987"},{"source":"1920","target":"1994"},{"source":"1920","target":"2007"},{"source":"1920","target":"2010"},{"source":"1920","target":"2028"},{"source":"1920","target":"2032"},{"source":"1920","target":"2038"},{"source":"1920","target":"2039"},{"source":"1920","target":"2042"},{"source":"1920","target":"2047"},{"source":"1920","target":"2052"},{"source":"1920","target":"2053"},{"source":"1920","target":"2054"},{"source":"1920","target":"2062"},{"source":"1920","target":"2068"},{"source":"1920","target":"2071"},{"source":"1920","target":"2072"},{"source":"1920","target":"2081"},{"source":"1920","target":"2087"},{"source":"1920","target":"2102"},{"source":"1920","target":"2111"},{"source":"1920","target":"2117"},{"source":"1920","target":"2125"},{"source":"1920","target":"2127"},{"source":"1920","target":"2128"},{"source":"1920","target":"2134"},{"source":"1920","target":"2135"},{"source":"1920","target":"2137"},{"source":"1920","target":"2138"},{"source":"1920","target":"2144"},{"source":"1920","target":"2148"},{"source":"1920","target":"2149"},{"source":"1920","target":"2151"},{"source":"1920","target":"2153"},{"source":"1920","target":"2161"},{"source":"1920","target":"2180"},{"source":"1920","target":"2183"},{"source":"1920","target":"2187"},{"source":"1920","target":"2191"},{"source":"1920","target":"2194"},{"source":"1920","target":"2196"},{"source":"1920","target":"2199"},{"source":"1920","target":"2215"},{"source":"1920","target":"2223"},{"source":"1920","target":"2224"},{"source":"1920","target":"2235"},{"source":"1920","target":"2241"},{"source":"1920","target":"2246"},{"source":"1920","target":"2247"},{"source":"1920","target":"2250"},{"source":"1920","target":"2259"},{"source":"1920","target":"2267"},{"source":"1920","target":"2279"},{"source":"1920","target":"2282"},{"source":"1920","target":"2283"},{"source":"1920","target":"2285"},{"source":"1920","target":"2292"},{"source":"1920","target":"2293"},{"source":"1920","target":"2294"},{"source":"1920","target":"2302"},{"source":"1920","target":"2315"},{"source":"1920","target":"2319"},{"source":"1920","target":"2327"},{"source":"1920","target":"2328"},{"source":"1920","target":"2332"},{"source":"1920","target":"2333"},{"source":"1920","target":"2336"},{"source":"1920","target":"2338"},{"source":"1920","target":"2343"},{"source":"1920","target":"2347"},{"source":"1920","target":"2351"},{"source":"1920","target":"2372"},{"source":"1920","target":"2384"},{"source":"1920","target":"2385"},{"source":"1920","target":"2398"},{"source":"1920","target":"2399"},{"source":"1920","target":"2420"},{"source":"1920","target":"2434"},{"source":"1920","target":"2438"},{"source":"1920","target":"2458"},{"source":"1920","target":"2461"},{"source":"1920","target":"2463"},{"source":"1920","target":"2465"},{"source":"1920","target":"2468"},{"source":"1920","target":"2471"},{"source":"1920","target":"2472"},{"source":"1920","target":"2475"},{"source":"1920","target":"2502"},{"source":"1920","target":"2508"},{"source":"1920","target":"2509"},{"source":"1920","target":"2510"},{"source":"1920","target":"2511"},{"source":"1920","target":"2512"},{"source":"1920","target":"2516"},{"source":"1920","target":"2533"},{"source":"1920","target":"2543"},{"source":"1920","target":"2547"},{"source":"1920","target":"2555"},{"source":"1920","target":"2567"},{"source":"1920","target":"2582"},{"source":"1920","target":"2592"},{"source":"1920","target":"2597"},{"source":"1920","target":"2598"},{"source":"1920","target":"2608"},{"source":"1920","target":"2609"},{"source":"1920","target":"2616"},{"source":"1920","target":"2617"},{"source":"1920","target":"2629"},{"source":"1920","target":"2643"},{"source":"1920","target":"2649"},{"source":"1920","target":"2653"},{"source":"1921","target":"1935"},{"source":"1921","target":"1951"},{"source":"1921","target":"1954"},{"source":"1921","target":"1968"},{"source":"1921","target":"1973"},{"source":"1921","target":"1980"},{"source":"1921","target":"2001"},{"source":"1921","target":"2004"},{"source":"1921","target":"2009"},{"source":"1921","target":"2013"},{"source":"1921","target":"2022"},{"source":"1921","target":"2024"},{"source":"1921","target":"2025"},{"source":"1921","target":"2027"},{"source":"1921","target":"2061"},{"source":"1921","target":"2116"},{"source":"1921","target":"2143"},{"source":"1921","target":"2159"},{"source":"1921","target":"2202"},{"source":"1921","target":"2297"},{"source":"1921","target":"2365"},{"source":"1921","target":"2378"},{"source":"1921","target":"2447"},{"source":"1921","target":"2459"},{"source":"1921","target":"2472"},{"source":"1921","target":"2533"},{"source":"1921","target":"2585"},{"source":"1921","target":"2620"},{"source":"1921","target":"2627"},{"source":"1921","target":"2633"},{"source":"1921","target":"2636"},{"source":"1921","target":"2639"},{"source":"1921","target":"2640"},{"source":"1921","target":"2647"},{"source":"1921","target":"2648"},{"source":"1921","target":"2657"},{"source":"1921","target":"2658"},{"source":"1921","target":"2659"},{"source":"1922","target":"1990"},{"source":"1922","target":"2107"},{"source":"1922","target":"2120"},{"source":"1922","target":"2126"},{"source":"1922","target":"2129"},{"source":"1922","target":"2156"},{"source":"1922","target":"2160"},{"source":"1922","target":"2317"},{"source":"1922","target":"2341"},{"source":"1922","target":"2412"},{"source":"1922","target":"2424"},{"source":"1922","target":"2455"},{"source":"1922","target":"2587"},{"source":"1923","target":"1944"},{"source":"1923","target":"1945"},{"source":"1923","target":"1964"},{"source":"1923","target":"2029"},{"source":"1923","target":"2031"},{"source":"1923","target":"2032"},{"source":"1923","target":"2038"},{"source":"1923","target":"2047"},{"source":"1923","target":"2117"},{"source":"1923","target":"2133"},{"source":"1923","target":"2141"},{"source":"1923","target":"2145"},{"source":"1923","target":"2155"},{"source":"1923","target":"2163"},{"source":"1923","target":"2174"},{"source":"1923","target":"2176"},{"source":"1923","target":"2185"},{"source":"1923","target":"2205"},{"source":"1923","target":"2209"},{"source":"1923","target":"2211"},{"source":"1923","target":"2226"},{"source":"1923","target":"2241"},{"source":"1923","target":"2242"},{"source":"1923","target":"2247"},{"source":"1923","target":"2254"},{"source":"1923","target":"2270"},{"source":"1923","target":"2272"},{"source":"1923","target":"2273"},{"source":"1923","target":"2289"},{"source":"1923","target":"2310"},{"source":"1923","target":"2318"},{"source":"1923","target":"2325"},{"source":"1923","target":"2328"},{"source":"1923","target":"2362"},{"source":"1923","target":"2406"},{"source":"1923","target":"2416"},{"source":"1923","target":"2419"},{"source":"1923","target":"2425"},{"source":"1923","target":"2434"},{"source":"1923","target":"2452"},{"source":"1923","target":"2475"},{"source":"1923","target":"2480"},{"source":"1923","target":"2491"},{"source":"1923","target":"2493"},{"source":"1923","target":"2498"},{"source":"1923","target":"2511"},{"source":"1923","target":"2518"},{"source":"1923","target":"2525"},{"source":"1923","target":"2557"},{"source":"1923","target":"2581"},{"source":"1923","target":"2603"},{"source":"1923","target":"2610"},{"source":"1923","target":"2637"},{"source":"1923","target":"2641"},{"source":"1923","target":"2642"},{"source":"1924","target":"1988"},{"source":"1924","target":"2207"},{"source":"1924","target":"2259"},{"source":"1924","target":"2401"},{"source":"1924","target":"2622"},{"source":"1925","target":"1929"},{"source":"1925","target":"1942"},{"source":"1925","target":"1946"},{"source":"1925","target":"1966"},{"source":"1925","target":"1971"},{"source":"1925","target":"1979"},{"source":"1925","target":"1983"},{"source":"1925","target":"1984"},{"source":"1925","target":"1985"},{"source":"1925","target":"1993"},{"source":"1925","target":"2026"},{"source":"1925","target":"2030"},{"source":"1925","target":"2037"},{"source":"1925","target":"2043"},{"source":"1925","target":"2045"},{"source":"1925","target":"2056"},{"source":"1925","target":"2058"},{"source":"1925","target":"2069"},{"source":"1925","target":"2073"},{"source":"1925","target":"2078"},{"source":"1925","target":"2083"},{"source":"1925","target":"2084"},{"source":"1925","target":"2088"},{"source":"1925","target":"2095"},{"source":"1925","target":"2098"},{"source":"1925","target":"2104"},{"source":"1925","target":"2109"},{"source":"1925","target":"2112"},{"source":"1925","target":"2118"},{"source":"1925","target":"2122"},{"source":"1925","target":"2123"},{"source":"1925","target":"2124"},{"source":"1925","target":"2140"},{"source":"1925","target":"2142"},{"source":"1925","target":"2150"},{"source":"1925","target":"2164"},{"source":"1925","target":"2165"},{"source":"1925","target":"2172"},{"source":"1925","target":"2184"},{"source":"1925","target":"2188"},{"source":"1925","target":"2190"},{"source":"1925","target":"2200"},{"source":"1925","target":"2201"},{"source":"1925","target":"2206"},{"source":"1925","target":"2212"},{"source":"1925","target":"2218"},{"source":"1925","target":"2229"},{"source":"1925","target":"2233"},{"source":"1925","target":"2240"},{"source":"1925","target":"2244"},{"source":"1925","target":"2257"},{"source":"1925","target":"2266"},{"source":"1925","target":"2271"},{"source":"1925","target":"2275"},{"source":"1925","target":"2278"},{"source":"1925","target":"2290"},{"source":"1925","target":"2299"},{"source":"1925","target":"2300"},{"source":"1925","target":"2323"},{"source":"1925","target":"2324"},{"source":"1925","target":"2329"},{"source":"1925","target":"2333"},{"source":"1925","target":"2339"},{"source":"1925","target":"2340"},{"source":"1925","target":"2347"},{"source":"1925","target":"2348"},{"source":"1925","target":"2352"},{"source":"1925","target":"2356"},{"source":"1925","target":"2369"},{"source":"1925","target":"2374"},{"source":"1925","target":"2376"},{"source":"1925","target":"2381"},{"source":"1925","target":"2395"},{"source":"1925","target":"2409"},{"source":"1925","target":"2410"},{"source":"1925","target":"2414"},{"source":"1925","target":"2423"},{"source":"1925","target":"2430"},{"source":"1925","target":"2464"},{"source":"1925","target":"2485"},{"source":"1925","target":"2492"},{"source":"1925","target":"2495"},{"source":"1925","target":"2500"},{"source":"1925","target":"2504"},{"source":"1925","target":"2506"},{"source":"1925","target":"2507"},{"source":"1925","target":"2520"},{"source":"1925","target":"2521"},{"source":"1925","target":"2536"},{"source":"1925","target":"2542"},{"source":"1925","target":"2543"},{"source":"1925","target":"2549"},{"source":"1925","target":"2550"},{"source":"1925","target":"2551"},{"source":"1925","target":"2552"},{"source":"1925","target":"2553"},{"source":"1925","target":"2554"},{"source":"1925","target":"2559"},{"source":"1925","target":"2560"},{"source":"1925","target":"2561"},{"source":"1925","target":"2563"},{"source":"1925","target":"2564"},{"source":"1925","target":"2573"},{"source":"1925","target":"2578"},{"source":"1925","target":"2579"},{"source":"1925","target":"2586"},{"source":"1925","target":"2590"},{"source":"1925","target":"2593"},{"source":"1925","target":"2600"},{"source":"1925","target":"2601"},{"source":"1925","target":"2602"},{"source":"1925","target":"2604"},{"source":"1925","target":"2607"},{"source":"1925","target":"2611"},{"source":"1925","target":"2615"},{"source":"1925","target":"2619"},{"source":"1925","target":"2624"},{"source":"1925","target":"2625"},{"source":"1925","target":"2630"},{"source":"1925","target":"2638"},{"source":"1925","target":"2654"},{"source":"1925","target":"2655"},{"source":"1926","target":"1932"},{"source":"1926","target":"1941"},{"source":"1926","target":"1945"},{"source":"1926","target":"1947"},{"source":"1926","target":"1954"},{"source":"1926","target":"1955"},{"source":"1926","target":"1959"},{"source":"1926","target":"1964"},{"source":"1926","target":"1970"},{"source":"1926","target":"2002"},{"source":"1926","target":"2007"},{"source":"1926","target":"2026"},{"source":"1926","target":"2031"},{"source":"1926","target":"2032"},{"source":"1926","target":"2036"},{"source":"1926","target":"2038"},{"source":"1926","target":"2039"},{"source":"1926","target":"2047"},{"source":"1926","target":"2053"},{"source":"1926","target":"2054"},{"source":"1926","target":"2068"},{"source":"1926","target":"2071"},{"source":"1926","target":"2072"},{"source":"1926","target":"2081"},{"source":"1926","target":"2082"},{"source":"1926","target":"2085"},{"source":"1926","target":"2087"},{"source":"1926","target":"2101"},{"source":"1926","target":"2102"},{"source":"1926","target":"2111"},{"source":"1926","target":"2125"},{"source":"1926","target":"2127"},{"source":"1926","target":"2133"},{"source":"1926","target":"2134"},{"source":"1926","target":"2138"},{"source":"1926","target":"2145"},{"source":"1926","target":"2149"},{"source":"1926","target":"2153"},{"source":"1926","target":"2161"},{"source":"1926","target":"2169"},{"source":"1926","target":"2174"},{"source":"1926","target":"2176"},{"source":"1926","target":"2183"},{"source":"1926","target":"2186"},{"source":"1926","target":"2187"},{"source":"1926","target":"2189"},{"source":"1926","target":"2191"},{"source":"1926","target":"2194"},{"source":"1926","target":"2199"},{"source":"1926","target":"2205"},{"source":"1926","target":"2209"},{"source":"1926","target":"2211"},{"source":"1926","target":"2214"},{"source":"1926","target":"2223"},{"source":"1926","target":"2224"},{"source":"1926","target":"2226"},{"source":"1926","target":"2232"},{"source":"1926","target":"2235"},{"source":"1926","target":"2241"},{"source":"1926","target":"2246"},{"source":"1926","target":"2247"},{"source":"1926","target":"2254"},{"source":"1926","target":"2259"},{"source":"1926","target":"2264"},{"source":"1926","target":"2267"},{"source":"1926","target":"2268"},{"source":"1926","target":"2273"},{"source":"1926","target":"2279"},{"source":"1926","target":"2280"},{"source":"1926","target":"2282"},{"source":"1926","target":"2283"},{"source":"1926","target":"2285"},{"source":"1926","target":"2289"},{"source":"1926","target":"2291"},{"source":"1926","target":"2292"},{"source":"1926","target":"2296"},{"source":"1926","target":"2302"},{"source":"1926","target":"2304"},{"source":"1926","target":"2313"},{"source":"1926","target":"2318"},{"source":"1926","target":"2319"},{"source":"1926","target":"2322"},{"source":"1926","target":"2325"},{"source":"1926","target":"2327"},{"source":"1926","target":"2328"},{"source":"1926","target":"2333"},{"source":"1926","target":"2336"},{"source":"1926","target":"2338"},{"source":"1926","target":"2345"},{"source":"1926","target":"2347"},{"source":"1926","target":"2366"},{"source":"1926","target":"2367"},{"source":"1926","target":"2368"},{"source":"1926","target":"2379"},{"source":"1926","target":"2384"},{"source":"1926","target":"2394"},{"source":"1926","target":"2396"},{"source":"1926","target":"2398"},{"source":"1926","target":"2406"},{"source":"1926","target":"2417"},{"source":"1926","target":"2419"},{"source":"1926","target":"2451"},{"source":"1926","target":"2458"},{"source":"1926","target":"2461"},{"source":"1926","target":"2463"},{"source":"1926","target":"2471"},{"source":"1926","target":"2472"},{"source":"1926","target":"2473"},{"source":"1926","target":"2475"},{"source":"1926","target":"2491"},{"source":"1926","target":"2498"},{"source":"1926","target":"2508"},{"source":"1926","target":"2509"},{"source":"1926","target":"2510"},{"source":"1926","target":"2511"},{"source":"1926","target":"2537"},{"source":"1926","target":"2543"},{"source":"1926","target":"2547"},{"source":"1926","target":"2555"},{"source":"1926","target":"2566"},{"source":"1926","target":"2567"},{"source":"1926","target":"2589"},{"source":"1926","target":"2594"},{"source":"1926","target":"2597"},{"source":"1926","target":"2598"},{"source":"1926","target":"2608"},{"source":"1926","target":"2610"},{"source":"1926","target":"2612"},{"source":"1926","target":"2617"},{"source":"1926","target":"2642"},{"source":"1926","target":"2649"},{"source":"1927","target":"1928"},{"source":"1927","target":"1931"},{"source":"1927","target":"1935"},{"source":"1927","target":"1951"},{"source":"1927","target":"1954"},{"source":"1927","target":"1957"},{"source":"1927","target":"1958"},{"source":"1927","target":"1972"},{"source":"1927","target":"1973"},{"source":"1927","target":"1980"},{"source":"1927","target":"1991"},{"source":"1927","target":"1995"},{"source":"1927","target":"1999"},{"source":"1927","target":"2000"},{"source":"1927","target":"2001"},{"source":"1927","target":"2004"},{"source":"1927","target":"2006"},{"source":"1927","target":"2011"},{"source":"1927","target":"2018"},{"source":"1927","target":"2022"},{"source":"1927","target":"2024"},{"source":"1927","target":"2027"},{"source":"1927","target":"2061"},{"source":"1927","target":"2097"},{"source":"1927","target":"2157"},{"source":"1927","target":"2159"},{"source":"1927","target":"2171"},{"source":"1927","target":"2192"},{"source":"1927","target":"2202"},{"source":"1927","target":"2225"},{"source":"1927","target":"2284"},{"source":"1927","target":"2297"},{"source":"1927","target":"2337"},{"source":"1927","target":"2346"},{"source":"1927","target":"2364"},{"source":"1927","target":"2365"},{"source":"1927","target":"2378"},{"source":"1927","target":"2435"},{"source":"1927","target":"2447"},{"source":"1927","target":"2459"},{"source":"1927","target":"2538"},{"source":"1927","target":"2583"},{"source":"1927","target":"2585"},{"source":"1927","target":"2620"},{"source":"1927","target":"2627"},{"source":"1927","target":"2640"},{"source":"1927","target":"2647"},{"source":"1927","target":"2648"},{"source":"1927","target":"2657"},{"source":"1927","target":"2658"},{"source":"1927","target":"2659"},{"source":"1927","target":"2660"},{"source":"1928","target":"1951"},{"source":"1928","target":"1972"},{"source":"1928","target":"1973"},{"source":"1928","target":"1976"},{"source":"1928","target":"1995"},{"source":"1928","target":"1998"},{"source":"1928","target":"2009"},{"source":"1928","target":"2013"},{"source":"1928","target":"2018"},{"source":"1928","target":"2027"},{"source":"1928","target":"2157"},{"source":"1928","target":"2171"},{"source":"1928","target":"2268"},{"source":"1928","target":"2284"},{"source":"1928","target":"2378"},{"source":"1928","target":"2417"},{"source":"1928","target":"2447"},{"source":"1928","target":"2459"},{"source":"1928","target":"2538"},{"source":"1928","target":"2620"},{"source":"1928","target":"2640"},{"source":"1929","target":"1938"},{"source":"1929","target":"1943"},{"source":"1929","target":"1946"},{"source":"1929","target":"1962"},{"source":"1929","target":"1963"},{"source":"1929","target":"1966"},{"source":"1929","target":"1971"},{"source":"1929","target":"1979"},{"source":"1929","target":"1983"},{"source":"1929","target":"1984"},{"source":"1929","target":"1985"},{"source":"1929","target":"1993"},{"source":"1929","target":"2005"},{"source":"1929","target":"2020"},{"source":"1929","target":"2030"},{"source":"1929","target":"2033"},{"source":"1929","target":"2037"},{"source":"1929","target":"2040"},{"source":"1929","target":"2043"},{"source":"1929","target":"2045"},{"source":"1929","target":"2046"},{"source":"1929","target":"2059"},{"source":"1929","target":"2064"},{"source":"1929","target":"2073"},{"source":"1929","target":"2077"},{"source":"1929","target":"2078"},{"source":"1929","target":"2083"},{"source":"1929","target":"2086"},{"source":"1929","target":"2088"},{"source":"1929","target":"2090"},{"source":"1929","target":"2093"},{"source":"1929","target":"2095"},{"source":"1929","target":"2103"},{"source":"1929","target":"2104"},{"source":"1929","target":"2108"},{"source":"1929","target":"2109"},{"source":"1929","target":"2112"},{"source":"1929","target":"2115"},{"source":"1929","target":"2118"},{"source":"1929","target":"2121"},{"source":"1929","target":"2122"},{"source":"1929","target":"2123"},{"source":"1929","target":"2124"},{"source":"1929","target":"2131"},{"source":"1929","target":"2139"},{"source":"1929","target":"2140"},{"source":"1929","target":"2142"},{"source":"1929","target":"2150"},{"source":"1929","target":"2154"},{"source":"1929","target":"2164"},{"source":"1929","target":"2172"},{"source":"1929","target":"2184"},{"source":"1929","target":"2188"},{"source":"1929","target":"2190"},{"source":"1929","target":"2200"},{"source":"1929","target":"2201"},{"source":"1929","target":"2206"},{"source":"1929","target":"2218"},{"source":"1929","target":"2220"},{"source":"1929","target":"2229"},{"source":"1929","target":"2233"},{"source":"1929","target":"2240"},{"source":"1929","target":"2244"},{"source":"1929","target":"2253"},{"source":"1929","target":"2257"},{"source":"1929","target":"2258"},{"source":"1929","target":"2266"},{"source":"1929","target":"2271"},{"source":"1929","target":"2275"},{"source":"1929","target":"2278"},{"source":"1929","target":"2287"},{"source":"1929","target":"2290"},{"source":"1929","target":"2306"},{"source":"1929","target":"2308"},{"source":"1929","target":"2309"},{"source":"1929","target":"2323"},{"source":"1929","target":"2324"},{"source":"1929","target":"2326"},{"source":"1929","target":"2329"},{"source":"1929","target":"2331"},{"source":"1929","target":"2339"},{"source":"1929","target":"2340"},{"source":"1929","target":"2347"},{"source":"1929","target":"2352"},{"source":"1929","target":"2354"},{"source":"1929","target":"2356"},{"source":"1929","target":"2359"},{"source":"1929","target":"2369"},{"source":"1929","target":"2370"},{"source":"1929","target":"2374"},{"source":"1929","target":"2376"},{"source":"1929","target":"2381"},{"source":"1929","target":"2392"},{"source":"1929","target":"2395"},{"source":"1929","target":"2408"},{"source":"1929","target":"2409"},{"source":"1929","target":"2410"},{"source":"1929","target":"2414"},{"source":"1929","target":"2418"},{"source":"1929","target":"2423"},{"source":"1929","target":"2428"},{"source":"1929","target":"2430"},{"source":"1929","target":"2433"},{"source":"1929","target":"2446"},{"source":"1929","target":"2462"},{"source":"1929","target":"2464"},{"source":"1929","target":"2467"},{"source":"1929","target":"2468"},{"source":"1929","target":"2482"},{"source":"1929","target":"2484"},{"source":"1929","target":"2485"},{"source":"1929","target":"2492"},{"source":"1929","target":"2500"},{"source":"1929","target":"2504"},{"source":"1929","target":"2507"},{"source":"1929","target":"2520"},{"source":"1929","target":"2536"},{"source":"1929","target":"2542"},{"source":"1929","target":"2549"},{"source":"1929","target":"2551"},{"source":"1929","target":"2552"},{"source":"1929","target":"2553"},{"source":"1929","target":"2556"},{"source":"1929","target":"2559"},{"source":"1929","target":"2560"},{"source":"1929","target":"2561"},{"source":"1929","target":"2564"},{"source":"1929","target":"2573"},{"source":"1929","target":"2574"},{"source":"1929","target":"2578"},{"source":"1929","target":"2586"},{"source":"1929","target":"2590"},{"source":"1929","target":"2591"},{"source":"1929","target":"2593"},{"source":"1929","target":"2601"},{"source":"1929","target":"2602"},{"source":"1929","target":"2604"},{"source":"1929","target":"2607"},{"source":"1929","target":"2615"},{"source":"1929","target":"2619"},{"source":"1929","target":"2624"},{"source":"1929","target":"2625"},{"source":"1929","target":"2630"},{"source":"1929","target":"2638"},{"source":"1929","target":"2646"},{"source":"1929","target":"2654"},{"source":"1929","target":"2655"},{"source":"1930","target":"1975"},{"source":"1930","target":"2035"},{"source":"1930","target":"2047"},{"source":"1930","target":"2049"},{"source":"1930","target":"2117"},{"source":"1930","target":"2129"},{"source":"1930","target":"2260"},{"source":"1930","target":"2286"},{"source":"1930","target":"2313"},{"source":"1930","target":"2335"},{"source":"1930","target":"2397"},{"source":"1930","target":"2411"},{"source":"1931","target":"1935"},{"source":"1931","target":"1954"},{"source":"1931","target":"1957"},{"source":"1931","target":"1968"},{"source":"1931","target":"1972"},{"source":"1931","target":"1973"},{"source":"1931","target":"1976"},{"source":"1931","target":"1980"},{"source":"1931","target":"1991"},{"source":"1931","target":"1995"},{"source":"1931","target":"1998"},{"source":"1931","target":"2001"},{"source":"1931","target":"2004"},{"source":"1931","target":"2006"},{"source":"1931","target":"2009"},{"source":"1931","target":"2011"},{"source":"1931","target":"2016"},{"source":"1931","target":"2022"},{"source":"1931","target":"2024"},{"source":"1931","target":"2025"},{"source":"1931","target":"2061"},{"source":"1931","target":"2116"},{"source":"1931","target":"2143"},{"source":"1931","target":"2159"},{"source":"1931","target":"2192"},{"source":"1931","target":"2202"},{"source":"1931","target":"2225"},{"source":"1931","target":"2364"},{"source":"1931","target":"2620"},{"source":"1931","target":"2626"},{"source":"1931","target":"2627"},{"source":"1931","target":"2633"},{"source":"1931","target":"2657"},{"source":"1931","target":"2658"},{"source":"1931","target":"2659"},{"source":"1932","target":"1941"},{"source":"1932","target":"1945"},{"source":"1932","target":"1947"},{"source":"1932","target":"1948"},{"source":"1932","target":"1994"},{"source":"1932","target":"2002"},{"source":"1932","target":"2007"},{"source":"1932","target":"2010"},{"source":"1932","target":"2028"},{"source":"1932","target":"2032"},{"source":"1932","target":"2039"},{"source":"1932","target":"2042"},{"source":"1932","target":"2047"},{"source":"1932","target":"2052"},{"source":"1932","target":"2068"},{"source":"1932","target":"2071"},{"source":"1932","target":"2072"},{"source":"1932","target":"2081"},{"source":"1932","target":"2087"},{"source":"1932","target":"2111"},{"source":"1932","target":"2117"},{"source":"1932","target":"2125"},{"source":"1932","target":"2127"},{"source":"1932","target":"2134"},{"source":"1932","target":"2135"},{"source":"1932","target":"2138"},{"source":"1932","target":"2144"},{"source":"1932","target":"2148"},{"source":"1932","target":"2149"},{"source":"1932","target":"2151"},{"source":"1932","target":"2153"},{"source":"1932","target":"2180"},{"source":"1932","target":"2183"},{"source":"1932","target":"2187"},{"source":"1932","target":"2189"},{"source":"1932","target":"2191"},{"source":"1932","target":"2194"},{"source":"1932","target":"2196"},{"source":"1932","target":"2199"},{"source":"1932","target":"2223"},{"source":"1932","target":"2224"},{"source":"1932","target":"2241"},{"source":"1932","target":"2246"},{"source":"1932","target":"2247"},{"source":"1932","target":"2264"},{"source":"1932","target":"2279"},{"source":"1932","target":"2282"},{"source":"1932","target":"2283"},{"source":"1932","target":"2289"},{"source":"1932","target":"2292"},{"source":"1932","target":"2302"},{"source":"1932","target":"2315"},{"source":"1932","target":"2332"},{"source":"1932","target":"2333"},{"source":"1932","target":"2336"},{"source":"1932","target":"2338"},{"source":"1932","target":"2347"},{"source":"1932","target":"2351"},{"source":"1932","target":"2368"},{"source":"1932","target":"2372"},{"source":"1932","target":"2384"},{"source":"1932","target":"2398"},{"source":"1932","target":"2420"},{"source":"1932","target":"2445"},{"source":"1932","target":"2461"},{"source":"1932","target":"2463"},{"source":"1932","target":"2465"},{"source":"1932","target":"2471"},{"source":"1932","target":"2475"},{"source":"1932","target":"2508"},{"source":"1932","target":"2510"},{"source":"1932","target":"2511"},{"source":"1932","target":"2512"},{"source":"1932","target":"2516"},{"source":"1932","target":"2533"},{"source":"1932","target":"2543"},{"source":"1932","target":"2555"},{"source":"1932","target":"2567"},{"source":"1932","target":"2582"},{"source":"1932","target":"2589"},{"source":"1932","target":"2592"},{"source":"1932","target":"2597"},{"source":"1932","target":"2598"},{"source":"1932","target":"2609"},{"source":"1932","target":"2629"},{"source":"1932","target":"2643"},{"source":"1932","target":"2649"},{"source":"1932","target":"2653"},{"source":"1933","target":"2120"},{"source":"1933","target":"2126"},{"source":"1933","target":"2129"},{"source":"1933","target":"2160"},{"source":"1933","target":"2317"},{"source":"1933","target":"2360"},{"source":"1933","target":"2488"},{"source":"1933","target":"2497"},{"source":"1933","target":"2577"},{"source":"1933","target":"2587"},{"source":"1934","target":"1936"},{"source":"1934","target":"2091"},{"source":"1934","target":"2145"},{"source":"1934","target":"2313"},{"source":"1934","target":"2341"},{"source":"1934","target":"2361"},{"source":"1934","target":"2373"},{"source":"1934","target":"2388"},{"source":"1934","target":"2440"},{"source":"1934","target":"2523"},{"source":"1934","target":"2540"},{"source":"1935","target":"1951"},{"source":"1935","target":"1954"},{"source":"1935","target":"1957"},{"source":"1935","target":"1958"},{"source":"1935","target":"1972"},{"source":"1935","target":"1973"},{"source":"1935","target":"1980"},{"source":"1935","target":"1991"},{"source":"1935","target":"1995"},{"source":"1935","target":"1999"},{"source":"1935","target":"2000"},{"source":"1935","target":"2001"},{"source":"1935","target":"2004"},{"source":"1935","target":"2006"},{"source":"1935","target":"2011"},{"source":"1935","target":"2022"},{"source":"1935","target":"2025"},{"source":"1935","target":"2061"},{"source":"1935","target":"2097"},{"source":"1935","target":"2159"},{"source":"1935","target":"2171"},{"source":"1935","target":"2192"},{"source":"1935","target":"2202"},{"source":"1935","target":"2225"},{"source":"1935","target":"2284"},{"source":"1935","target":"2297"},{"source":"1935","target":"2346"},{"source":"1935","target":"2364"},{"source":"1935","target":"2365"},{"source":"1935","target":"2389"},{"source":"1935","target":"2494"},{"source":"1935","target":"2538"},{"source":"1935","target":"2583"},{"source":"1935","target":"2585"},{"source":"1935","target":"2620"},{"source":"1935","target":"2627"},{"source":"1935","target":"2633"},{"source":"1935","target":"2636"},{"source":"1935","target":"2640"},{"source":"1935","target":"2647"},{"source":"1935","target":"2657"},{"source":"1935","target":"2658"},{"source":"1935","target":"2659"},{"source":"1935","target":"2660"},{"source":"1936","target":"1975"},{"source":"1936","target":"1978"},{"source":"1936","target":"1990"},{"source":"1936","target":"2023"},{"source":"1936","target":"2035"},{"source":"1936","target":"2047"},{"source":"1936","target":"2049"},{"source":"1936","target":"2173"},{"source":"1936","target":"2193"},{"source":"1936","target":"2248"},{"source":"1936","target":"2286"},{"source":"1936","target":"2314"},{"source":"1936","target":"2335"},{"source":"1936","target":"2388"},{"source":"1936","target":"2403"},{"source":"1936","target":"2497"},{"source":"1936","target":"2503"},{"source":"1936","target":"2534"},{"source":"1936","target":"2562"},{"source":"1936","target":"2644"},{"source":"1937","target":"2015"},{"source":"1937","target":"2357"},{"source":"1937","target":"2412"},{"source":"1938","target":"1941"},{"source":"1938","target":"1943"},{"source":"1938","target":"1946"},{"source":"1938","target":"1953"},{"source":"1938","target":"1962"},{"source":"1938","target":"1966"},{"source":"1938","target":"1971"},{"source":"1938","target":"1979"},{"source":"1938","target":"1983"},{"source":"1938","target":"1984"},{"source":"1938","target":"1985"},{"source":"1938","target":"1989"},{"source":"1938","target":"1993"},{"source":"1938","target":"1997"},{"source":"1938","target":"2005"},{"source":"1938","target":"2020"},{"source":"1938","target":"2030"},{"source":"1938","target":"2033"},{"source":"1938","target":"2037"},{"source":"1938","target":"2040"},{"source":"1938","target":"2043"},{"source":"1938","target":"2045"},{"source":"1938","target":"2046"},{"source":"1938","target":"2056"},{"source":"1938","target":"2059"},{"source":"1938","target":"2060"},{"source":"1938","target":"2063"},{"source":"1938","target":"2064"},{"source":"1938","target":"2069"},{"source":"1938","target":"2073"},{"source":"1938","target":"2074"},{"source":"1938","target":"2077"},{"source":"1938","target":"2078"},{"source":"1938","target":"2083"},{"source":"1938","target":"2084"},{"source":"1938","target":"2088"},{"source":"1938","target":"2090"},{"source":"1938","target":"2093"},{"source":"1938","target":"2095"},{"source":"1938","target":"2098"},{"source":"1938","target":"2103"},{"source":"1938","target":"2104"},{"source":"1938","target":"2108"},{"source":"1938","target":"2109"},{"source":"1938","target":"2112"},{"source":"1938","target":"2115"},{"source":"1938","target":"2118"},{"source":"1938","target":"2121"},{"source":"1938","target":"2122"},{"source":"1938","target":"2123"},{"source":"1938","target":"2124"},{"source":"1938","target":"2131"},{"source":"1938","target":"2136"},{"source":"1938","target":"2139"},{"source":"1938","target":"2140"},{"source":"1938","target":"2142"},{"source":"1938","target":"2150"},{"source":"1938","target":"2154"},{"source":"1938","target":"2165"},{"source":"1938","target":"2172"},{"source":"1938","target":"2179"},{"source":"1938","target":"2184"},{"source":"1938","target":"2188"},{"source":"1938","target":"2190"},{"source":"1938","target":"2200"},{"source":"1938","target":"2201"},{"source":"1938","target":"2206"},{"source":"1938","target":"2210"},{"source":"1938","target":"2212"},{"source":"1938","target":"2216"},{"source":"1938","target":"2218"},{"source":"1938","target":"2220"},{"source":"1938","target":"2229"},{"source":"1938","target":"2233"},{"source":"1938","target":"2237"},{"source":"1938","target":"2240"},{"source":"1938","target":"2244"},{"source":"1938","target":"2253"},{"source":"1938","target":"2257"},{"source":"1938","target":"2266"},{"source":"1938","target":"2271"},{"source":"1938","target":"2275"},{"source":"1938","target":"2276"},{"source":"1938","target":"2278"},{"source":"1938","target":"2290"},{"source":"1938","target":"2299"},{"source":"1938","target":"2306"},{"source":"1938","target":"2307"},{"source":"1938","target":"2308"},{"source":"1938","target":"2309"},{"source":"1938","target":"2323"},{"source":"1938","target":"2324"},{"source":"1938","target":"2326"},{"source":"1938","target":"2329"},{"source":"1938","target":"2331"},{"source":"1938","target":"2334"},{"source":"1938","target":"2339"},{"source":"1938","target":"2340"},{"source":"1938","target":"2347"},{"source":"1938","target":"2348"},{"source":"1938","target":"2352"},{"source":"1938","target":"2354"},{"source":"1938","target":"2356"},{"source":"1938","target":"2359"},{"source":"1938","target":"2363"},{"source":"1938","target":"2369"},{"source":"1938","target":"2370"},{"source":"1938","target":"2374"},{"source":"1938","target":"2376"},{"source":"1938","target":"2381"},{"source":"1938","target":"2386"},{"source":"1938","target":"2392"},{"source":"1938","target":"2395"},{"source":"1938","target":"2404"},{"source":"1938","target":"2408"},{"source":"1938","target":"2409"},{"source":"1938","target":"2410"},{"source":"1938","target":"2414"},{"source":"1938","target":"2418"},{"source":"1938","target":"2428"},{"source":"1938","target":"2429"},{"source":"1938","target":"2430"},{"source":"1938","target":"2433"},{"source":"1938","target":"2446"},{"source":"1938","target":"2449"},{"source":"1938","target":"2460"},{"source":"1938","target":"2462"},{"source":"1938","target":"2464"},{"source":"1938","target":"2467"},{"source":"1938","target":"2468"},{"source":"1938","target":"2469"},{"source":"1938","target":"2476"},{"source":"1938","target":"2478"},{"source":"1938","target":"2482"},{"source":"1938","target":"2484"},{"source":"1938","target":"2489"},{"source":"1938","target":"2492"},{"source":"1938","target":"2495"},{"source":"1938","target":"2500"},{"source":"1938","target":"2507"},{"source":"1938","target":"2520"},{"source":"1938","target":"2521"},{"source":"1938","target":"2526"},{"source":"1938","target":"2532"},{"source":"1938","target":"2536"},{"source":"1938","target":"2539"},{"source":"1938","target":"2542"},{"source":"1938","target":"2543"},{"source":"1938","target":"2549"},{"source":"1938","target":"2550"},{"source":"1938","target":"2551"},{"source":"1938","target":"2552"},{"source":"1938","target":"2553"},{"source":"1938","target":"2554"},{"source":"1938","target":"2556"},{"source":"1938","target":"2559"},{"source":"1938","target":"2560"},{"source":"1938","target":"2561"},{"source":"1938","target":"2563"},{"source":"1938","target":"2564"},{"source":"1938","target":"2573"},{"source":"1938","target":"2574"},{"source":"1938","target":"2575"},{"source":"1938","target":"2578"},{"source":"1938","target":"2579"},{"source":"1938","target":"2586"},{"source":"1938","target":"2590"},{"source":"1938","target":"2591"},{"source":"1938","target":"2593"},{"source":"1938","target":"2600"},{"source":"1938","target":"2601"},{"source":"1938","target":"2602"},{"source":"1938","target":"2604"},{"source":"1938","target":"2607"},{"source":"1938","target":"2611"},{"source":"1938","target":"2615"},{"source":"1938","target":"2619"},{"source":"1938","target":"2623"},{"source":"1938","target":"2624"},{"source":"1938","target":"2625"},{"source":"1938","target":"2630"},{"source":"1938","target":"2638"},{"source":"1938","target":"2646"},{"source":"1938","target":"2654"},{"source":"1938","target":"2655"},{"source":"1939","target":"1945"},{"source":"1939","target":"1947"},{"source":"1939","target":"1948"},{"source":"1939","target":"1981"},{"source":"1939","target":"2003"},{"source":"1939","target":"2032"},{"source":"1939","target":"2052"},{"source":"1939","target":"2053"},{"source":"1939","target":"2054"},{"source":"1939","target":"2062"},{"source":"1939","target":"2068"},{"source":"1939","target":"2072"},{"source":"1939","target":"2075"},{"source":"1939","target":"2081"},{"source":"1939","target":"2096"},{"source":"1939","target":"2101"},{"source":"1939","target":"2110"},{"source":"1939","target":"2111"},{"source":"1939","target":"2125"},{"source":"1939","target":"2132"},{"source":"1939","target":"2161"},{"source":"1939","target":"2180"},{"source":"1939","target":"2183"},{"source":"1939","target":"2199"},{"source":"1939","target":"2222"},{"source":"1939","target":"2235"},{"source":"1939","target":"2241"},{"source":"1939","target":"2243"},{"source":"1939","target":"2246"},{"source":"1939","target":"2247"},{"source":"1939","target":"2264"},{"source":"1939","target":"2273"},{"source":"1939","target":"2274"},{"source":"1939","target":"2280"},{"source":"1939","target":"2282"},{"source":"1939","target":"2283"},{"source":"1939","target":"2292"},{"source":"1939","target":"2294"},{"source":"1939","target":"2304"},{"source":"1939","target":"2319"},{"source":"1939","target":"2327"},{"source":"1939","target":"2328"},{"source":"1939","target":"2332"},{"source":"1939","target":"2333"},{"source":"1939","target":"2344"},{"source":"1939","target":"2368"},{"source":"1939","target":"2377"},{"source":"1939","target":"2384"},{"source":"1939","target":"2390"},{"source":"1939","target":"2394"},{"source":"1939","target":"2396"},{"source":"1939","target":"2399"},{"source":"1939","target":"2415"},{"source":"1939","target":"2432"},{"source":"1939","target":"2434"},{"source":"1939","target":"2438"},{"source":"1939","target":"2451"},{"source":"1939","target":"2458"},{"source":"1939","target":"2471"},{"source":"1939","target":"2475"},{"source":"1939","target":"2479"},{"source":"1939","target":"2501"},{"source":"1939","target":"2509"},{"source":"1939","target":"2511"},{"source":"1939","target":"2518"},{"source":"1939","target":"2537"},{"source":"1939","target":"2543"},{"source":"1939","target":"2582"},{"source":"1939","target":"2598"},{"source":"1939","target":"2603"},{"source":"1939","target":"2608"},{"source":"1939","target":"2617"},{"source":"1939","target":"2642"},{"source":"1939","target":"2643"},{"source":"1939","target":"2652"},{"source":"1940","target":"1945"},{"source":"1940","target":"1948"},{"source":"1940","target":"1954"},{"source":"1940","target":"1994"},{"source":"1940","target":"2007"},{"source":"1940","target":"2010"},{"source":"1940","target":"2026"},{"source":"1940","target":"2028"},{"source":"1940","target":"2032"},{"source":"1940","target":"2039"},{"source":"1940","target":"2042"},{"source":"1940","target":"2052"},{"source":"1940","target":"2054"},{"source":"1940","target":"2068"},{"source":"1940","target":"2071"},{"source":"1940","target":"2081"},{"source":"1940","target":"2087"},{"source":"1940","target":"2102"},{"source":"1940","target":"2117"},{"source":"1940","target":"2125"},{"source":"1940","target":"2127"},{"source":"1940","target":"2133"},{"source":"1940","target":"2135"},{"source":"1940","target":"2138"},{"source":"1940","target":"2143"},{"source":"1940","target":"2148"},{"source":"1940","target":"2149"},{"source":"1940","target":"2151"},{"source":"1940","target":"2153"},{"source":"1940","target":"2163"},{"source":"1940","target":"2169"},{"source":"1940","target":"2174"},{"source":"1940","target":"2176"},{"source":"1940","target":"2180"},{"source":"1940","target":"2187"},{"source":"1940","target":"2191"},{"source":"1940","target":"2194"},{"source":"1940","target":"2196"},{"source":"1940","target":"2199"},{"source":"1940","target":"2203"},{"source":"1940","target":"2224"},{"source":"1940","target":"2233"},{"source":"1940","target":"2241"},{"source":"1940","target":"2246"},{"source":"1940","target":"2247"},{"source":"1940","target":"2250"},{"source":"1940","target":"2264"},{"source":"1940","target":"2289"},{"source":"1940","target":"2292"},{"source":"1940","target":"2294"},{"source":"1940","target":"2295"},{"source":"1940","target":"2302"},{"source":"1940","target":"2315"},{"source":"1940","target":"2319"},{"source":"1940","target":"2327"},{"source":"1940","target":"2328"},{"source":"1940","target":"2330"},{"source":"1940","target":"2333"},{"source":"1940","target":"2336"},{"source":"1940","target":"2338"},{"source":"1940","target":"2343"},{"source":"1940","target":"2344"},{"source":"1940","target":"2347"},{"source":"1940","target":"2351"},{"source":"1940","target":"2384"},{"source":"1940","target":"2417"},{"source":"1940","target":"2419"},{"source":"1940","target":"2436"},{"source":"1940","target":"2461"},{"source":"1940","target":"2463"},{"source":"1940","target":"2471"},{"source":"1940","target":"2472"},{"source":"1940","target":"2475"},{"source":"1940","target":"2491"},{"source":"1940","target":"2498"},{"source":"1940","target":"2502"},{"source":"1940","target":"2509"},{"source":"1940","target":"2516"},{"source":"1940","target":"2533"},{"source":"1940","target":"2555"},{"source":"1940","target":"2582"},{"source":"1940","target":"2588"},{"source":"1940","target":"2589"},{"source":"1940","target":"2597"},{"source":"1940","target":"2598"},{"source":"1940","target":"2616"},{"source":"1940","target":"2643"},{"source":"1940","target":"2649"},{"source":"1941","target":"1945"},{"source":"1941","target":"1946"},{"source":"1941","target":"1947"},{"source":"1941","target":"1948"},{"source":"1941","target":"1955"},{"source":"1941","target":"1959"},{"source":"1941","target":"1964"},{"source":"1941","target":"1971"},{"source":"1941","target":"1979"},{"source":"1941","target":"1985"},{"source":"1941","target":"1993"},{"source":"1941","target":"1994"},{"source":"1941","target":"2002"},{"source":"1941","target":"2005"},{"source":"1941","target":"2007"},{"source":"1941","target":"2021"},{"source":"1941","target":"2026"},{"source":"1941","target":"2028"},{"source":"1941","target":"2030"},{"source":"1941","target":"2032"},{"source":"1941","target":"2033"},{"source":"1941","target":"2039"},{"source":"1941","target":"2040"},{"source":"1941","target":"2042"},{"source":"1941","target":"2043"},{"source":"1941","target":"2046"},{"source":"1941","target":"2047"},{"source":"1941","target":"2052"},{"source":"1941","target":"2053"},{"source":"1941","target":"2054"},{"source":"1941","target":"2057"},{"source":"1941","target":"2058"},{"source":"1941","target":"2059"},{"source":"1941","target":"2063"},{"source":"1941","target":"2064"},{"source":"1941","target":"2065"},{"source":"1941","target":"2068"},{"source":"1941","target":"2071"},{"source":"1941","target":"2072"},{"source":"1941","target":"2078"},{"source":"1941","target":"2081"},{"source":"1941","target":"2087"},{"source":"1941","target":"2088"},{"source":"1941","target":"2090"},{"source":"1941","target":"2093"},{"source":"1941","target":"2095"},{"source":"1941","target":"2099"},{"source":"1941","target":"2101"},{"source":"1941","target":"2102"},{"source":"1941","target":"2103"},{"source":"1941","target":"2104"},{"source":"1941","target":"2108"},{"source":"1941","target":"2111"},{"source":"1941","target":"2117"},{"source":"1941","target":"2121"},{"source":"1941","target":"2123"},{"source":"1941","target":"2125"},{"source":"1941","target":"2127"},{"source":"1941","target":"2128"},{"source":"1941","target":"2131"},{"source":"1941","target":"2137"},{"source":"1941","target":"2138"},{"source":"1941","target":"2142"},{"source":"1941","target":"2144"},{"source":"1941","target":"2148"},{"source":"1941","target":"2150"},{"source":"1941","target":"2153"},{"source":"1941","target":"2165"},{"source":"1941","target":"2169"},{"source":"1941","target":"2180"},{"source":"1941","target":"2183"},{"source":"1941","target":"2184"},{"source":"1941","target":"2187"},{"source":"1941","target":"2188"},{"source":"1941","target":"2191"},{"source":"1941","target":"2194"},{"source":"1941","target":"2196"},{"source":"1941","target":"2199"},{"source":"1941","target":"2206"},{"source":"1941","target":"2208"},{"source":"1941","target":"2215"},{"source":"1941","target":"2223"},{"source":"1941","target":"2224"},{"source":"1941","target":"2229"},{"source":"1941","target":"2233"},{"source":"1941","target":"2239"},{"source":"1941","target":"2240"},{"source":"1941","target":"2244"},{"source":"1941","target":"2246"},{"source":"1941","target":"2247"},{"source":"1941","target":"2253"},{"source":"1941","target":"2257"},{"source":"1941","target":"2264"},{"source":"1941","target":"2266"},{"source":"1941","target":"2271"},{"source":"1941","target":"2275"},{"source":"1941","target":"2276"},{"source":"1941","target":"2279"},{"source":"1941","target":"2280"},{"source":"1941","target":"2282"},{"source":"1941","target":"2283"},{"source":"1941","target":"2285"},{"source":"1941","target":"2292"},{"source":"1941","target":"2293"},{"source":"1941","target":"2300"},{"source":"1941","target":"2302"},{"source":"1941","target":"2306"},{"source":"1941","target":"2308"},{"source":"1941","target":"2309"},{"source":"1941","target":"2315"},{"source":"1941","target":"2319"},{"source":"1941","target":"2323"},{"source":"1941","target":"2324"},{"source":"1941","target":"2327"},{"source":"1941","target":"2328"},{"source":"1941","target":"2332"},{"source":"1941","target":"2333"},{"source":"1941","target":"2334"},{"source":"1941","target":"2336"},{"source":"1941","target":"2338"},{"source":"1941","target":"2340"},{"source":"1941","target":"2347"},{"source":"1941","target":"2348"},{"source":"1941","target":"2351"},{"source":"1941","target":"2354"},{"source":"1941","target":"2355"},{"source":"1941","target":"2363"},{"source":"1941","target":"2367"},{"source":"1941","target":"2369"},{"source":"1941","target":"2370"},{"source":"1941","target":"2379"},{"source":"1941","target":"2381"},{"source":"1941","target":"2384"},{"source":"1941","target":"2385"},{"source":"1941","target":"2395"},{"source":"1941","target":"2398"},{"source":"1941","target":"2408"},{"source":"1941","target":"2410"},{"source":"1941","target":"2420"},{"source":"1941","target":"2423"},{"source":"1941","target":"2428"},{"source":"1941","target":"2429"},{"source":"1941","target":"2430"},{"source":"1941","target":"2436"},{"source":"1941","target":"2451"},{"source":"1941","target":"2458"},{"source":"1941","target":"2460"},{"source":"1941","target":"2461"},{"source":"1941","target":"2462"},{"source":"1941","target":"2464"},{"source":"1941","target":"2465"},{"source":"1941","target":"2468"},{"source":"1941","target":"2472"},{"source":"1941","target":"2475"},{"source":"1941","target":"2478"},{"source":"1941","target":"2482"},{"source":"1941","target":"2489"},{"source":"1941","target":"2491"},{"source":"1941","target":"2492"},{"source":"1941","target":"2495"},{"source":"1941","target":"2507"},{"source":"1941","target":"2508"},{"source":"1941","target":"2509"},{"source":"1941","target":"2510"},{"source":"1941","target":"2511"},{"source":"1941","target":"2516"},{"source":"1941","target":"2518"},{"source":"1941","target":"2521"},{"source":"1941","target":"2526"},{"source":"1941","target":"2530"},{"source":"1941","target":"2533"},{"source":"1941","target":"2539"},{"source":"1941","target":"2542"},{"source":"1941","target":"2543"},{"source":"1941","target":"2547"},{"source":"1941","target":"2550"},{"source":"1941","target":"2551"},{"source":"1941","target":"2555"},{"source":"1941","target":"2556"},{"source":"1941","target":"2559"},{"source":"1941","target":"2560"},{"source":"1941","target":"2561"},{"source":"1941","target":"2563"},{"source":"1941","target":"2564"},{"source":"1941","target":"2567"},{"source":"1941","target":"2571"},{"source":"1941","target":"2573"},{"source":"1941","target":"2575"},{"source":"1941","target":"2578"},{"source":"1941","target":"2586"},{"source":"1941","target":"2590"},{"source":"1941","target":"2592"},{"source":"1941","target":"2593"},{"source":"1941","target":"2594"},{"source":"1941","target":"2597"},{"source":"1941","target":"2598"},{"source":"1941","target":"2600"},{"source":"1941","target":"2601"},{"source":"1941","target":"2602"},{"source":"1941","target":"2604"},{"source":"1941","target":"2607"},{"source":"1941","target":"2608"},{"source":"1941","target":"2609"},{"source":"1941","target":"2611"},{"source":"1941","target":"2615"},{"source":"1941","target":"2616"},{"source":"1941","target":"2617"},{"source":"1941","target":"2619"},{"source":"1941","target":"2623"},{"source":"1941","target":"2625"},{"source":"1941","target":"2629"},{"source":"1941","target":"2630"},{"source":"1941","target":"2642"},{"source":"1941","target":"2643"},{"source":"1941","target":"2649"},{"source":"1942","target":"1966"},{"source":"1942","target":"1983"},{"source":"1942","target":"1984"},{"source":"1942","target":"2007"},{"source":"1942","target":"2019"},{"source":"1942","target":"2037"},{"source":"1942","target":"2044"},{"source":"1942","target":"2058"},{"source":"1942","target":"2067"},{"source":"1942","target":"2078"},{"source":"1942","target":"2084"},{"source":"1942","target":"2088"},{"source":"1942","target":"2092"},{"source":"1942","target":"2142"},{"source":"1942","target":"2164"},{"source":"1942","target":"2201"},{"source":"1942","target":"2206"},{"source":"1942","target":"2218"},{"source":"1942","target":"2234"},{"source":"1942","target":"2266"},{"source":"1942","target":"2303"},{"source":"1942","target":"2353"},{"source":"1942","target":"2387"},{"source":"1942","target":"2393"},{"source":"1942","target":"2429"},{"source":"1942","target":"2443"},{"source":"1942","target":"2449"},{"source":"1942","target":"2476"},{"source":"1942","target":"2478"},{"source":"1942","target":"2499"},{"source":"1942","target":"2526"},{"source":"1942","target":"2552"},{"source":"1942","target":"2556"},{"source":"1942","target":"2564"},{"source":"1942","target":"2584"},{"source":"1942","target":"2611"},{"source":"1942","target":"2631"},{"source":"1943","target":"1946"},{"source":"1943","target":"1953"},{"source":"1943","target":"1962"},{"source":"1943","target":"1963"},{"source":"1943","target":"1966"},{"source":"1943","target":"1971"},{"source":"1943","target":"1979"},{"source":"1943","target":"1983"},{"source":"1943","target":"1984"},{"source":"1943","target":"1985"},{"source":"1943","target":"1986"},{"source":"1943","target":"1993"},{"source":"1943","target":"1997"},{"source":"1943","target":"2005"},{"source":"1943","target":"2020"},{"source":"1943","target":"2030"},{"source":"1943","target":"2033"},{"source":"1943","target":"2037"},{"source":"1943","target":"2040"},{"source":"1943","target":"2043"},{"source":"1943","target":"2045"},{"source":"1943","target":"2046"},{"source":"1943","target":"2055"},{"source":"1943","target":"2058"},{"source":"1943","target":"2059"},{"source":"1943","target":"2060"},{"source":"1943","target":"2063"},{"source":"1943","target":"2064"},{"source":"1943","target":"2069"},{"source":"1943","target":"2073"},{"source":"1943","target":"2074"},{"source":"1943","target":"2077"},{"source":"1943","target":"2078"},{"source":"1943","target":"2083"},{"source":"1943","target":"2084"},{"source":"1943","target":"2088"},{"source":"1943","target":"2090"},{"source":"1943","target":"2092"},{"source":"1943","target":"2093"},{"source":"1943","target":"2095"},{"source":"1943","target":"2098"},{"source":"1943","target":"2103"},{"source":"1943","target":"2104"},{"source":"1943","target":"2108"},{"source":"1943","target":"2109"},{"source":"1943","target":"2112"},{"source":"1943","target":"2115"},{"source":"1943","target":"2118"},{"source":"1943","target":"2121"},{"source":"1943","target":"2122"},{"source":"1943","target":"2123"},{"source":"1943","target":"2124"},{"source":"1943","target":"2131"},{"source":"1943","target":"2136"},{"source":"1943","target":"2139"},{"source":"1943","target":"2140"},{"source":"1943","target":"2142"},{"source":"1943","target":"2147"},{"source":"1943","target":"2150"},{"source":"1943","target":"2154"},{"source":"1943","target":"2165"},{"source":"1943","target":"2172"},{"source":"1943","target":"2179"},{"source":"1943","target":"2184"},{"source":"1943","target":"2188"},{"source":"1943","target":"2190"},{"source":"1943","target":"2200"},{"source":"1943","target":"2201"},{"source":"1943","target":"2206"},{"source":"1943","target":"2212"},{"source":"1943","target":"2213"},{"source":"1943","target":"2216"},{"source":"1943","target":"2218"},{"source":"1943","target":"2220"},{"source":"1943","target":"2229"},{"source":"1943","target":"2233"},{"source":"1943","target":"2237"},{"source":"1943","target":"2240"},{"source":"1943","target":"2244"},{"source":"1943","target":"2253"},{"source":"1943","target":"2257"},{"source":"1943","target":"2266"},{"source":"1943","target":"2271"},{"source":"1943","target":"2275"},{"source":"1943","target":"2276"},{"source":"1943","target":"2278"},{"source":"1943","target":"2290"},{"source":"1943","target":"2300"},{"source":"1943","target":"2303"},{"source":"1943","target":"2306"},{"source":"1943","target":"2307"},{"source":"1943","target":"2308"},{"source":"1943","target":"2309"},{"source":"1943","target":"2323"},{"source":"1943","target":"2324"},{"source":"1943","target":"2326"},{"source":"1943","target":"2329"},{"source":"1943","target":"2331"},{"source":"1943","target":"2334"},{"source":"1943","target":"2339"},{"source":"1943","target":"2340"},{"source":"1943","target":"2347"},{"source":"1943","target":"2348"},{"source":"1943","target":"2350"},{"source":"1943","target":"2352"},{"source":"1943","target":"2353"},{"source":"1943","target":"2354"},{"source":"1943","target":"2356"},{"source":"1943","target":"2359"},{"source":"1943","target":"2363"},{"source":"1943","target":"2369"},{"source":"1943","target":"2370"},{"source":"1943","target":"2374"},{"source":"1943","target":"2376"},{"source":"1943","target":"2381"},{"source":"1943","target":"2386"},{"source":"1943","target":"2391"},{"source":"1943","target":"2392"},{"source":"1943","target":"2395"},{"source":"1943","target":"2404"},{"source":"1943","target":"2408"},{"source":"1943","target":"2409"},{"source":"1943","target":"2410"},{"source":"1943","target":"2414"},{"source":"1943","target":"2423"},{"source":"1943","target":"2428"},{"source":"1943","target":"2430"},{"source":"1943","target":"2433"},{"source":"1943","target":"2446"},{"source":"1943","target":"2460"},{"source":"1943","target":"2462"},{"source":"1943","target":"2464"},{"source":"1943","target":"2467"},{"source":"1943","target":"2469"},{"source":"1943","target":"2477"},{"source":"1943","target":"2478"},{"source":"1943","target":"2482"},{"source":"1943","target":"2484"},{"source":"1943","target":"2485"},{"source":"1943","target":"2489"},{"source":"1943","target":"2492"},{"source":"1943","target":"2495"},{"source":"1943","target":"2500"},{"source":"1943","target":"2504"},{"source":"1943","target":"2506"},{"source":"1943","target":"2507"},{"source":"1943","target":"2520"},{"source":"1943","target":"2521"},{"source":"1943","target":"2526"},{"source":"1943","target":"2542"},{"source":"1943","target":"2543"},{"source":"1943","target":"2546"},{"source":"1943","target":"2549"},{"source":"1943","target":"2550"},{"source":"1943","target":"2551"},{"source":"1943","target":"2552"},{"source":"1943","target":"2553"},{"source":"1943","target":"2556"},{"source":"1943","target":"2559"},{"source":"1943","target":"2560"},{"source":"1943","target":"2561"},{"source":"1943","target":"2564"},{"source":"1943","target":"2573"},{"source":"1943","target":"2575"},{"source":"1943","target":"2576"},{"source":"1943","target":"2578"},{"source":"1943","target":"2579"},{"source":"1943","target":"2586"},{"source":"1943","target":"2590"},{"source":"1943","target":"2593"},{"source":"1943","target":"2600"},{"source":"1943","target":"2601"},{"source":"1943","target":"2602"},{"source":"1943","target":"2604"},{"source":"1943","target":"2606"},{"source":"1943","target":"2607"},{"source":"1943","target":"2611"},{"source":"1943","target":"2615"},{"source":"1943","target":"2619"},{"source":"1943","target":"2624"},{"source":"1943","target":"2625"},{"source":"1943","target":"2630"},{"source":"1943","target":"2631"},{"source":"1943","target":"2638"},{"source":"1943","target":"2646"},{"source":"1943","target":"2654"},{"source":"1943","target":"2655"},{"source":"1944","target":"1964"},{"source":"1944","target":"2029"},{"source":"1944","target":"2031"},{"source":"1944","target":"2038"},{"source":"1944","target":"2047"},{"source":"1944","target":"2117"},{"source":"1944","target":"2133"},{"source":"1944","target":"2141"},{"source":"1944","target":"2176"},{"source":"1944","target":"2182"},{"source":"1944","target":"2209"},{"source":"1944","target":"2211"},{"source":"1944","target":"2242"},{"source":"1944","target":"2270"},{"source":"1944","target":"2272"},{"source":"1944","target":"2289"},{"source":"1944","target":"2298"},{"source":"1944","target":"2318"},{"source":"1944","target":"2325"},{"source":"1944","target":"2362"},{"source":"1944","target":"2416"},{"source":"1944","target":"2452"},{"source":"1944","target":"2480"},{"source":"1944","target":"2525"},{"source":"1944","target":"2540"},{"source":"1944","target":"2610"},{"source":"1944","target":"2642"},{"source":"1945","target":"1947"},{"source":"1945","target":"1948"},{"source":"1945","target":"1954"},{"source":"1945","target":"1955"},{"source":"1945","target":"1959"},{"source":"1945","target":"1994"},{"source":"1945","target":"2002"},{"source":"1945","target":"2007"},{"source":"1945","target":"2010"},{"source":"1945","target":"2028"},{"source":"1945","target":"2032"},{"source":"1945","target":"2038"},{"source":"1945","target":"2039"},{"source":"1945","target":"2047"},{"source":"1945","target":"2052"},{"source":"1945","target":"2054"},{"source":"1945","target":"2068"},{"source":"1945","target":"2071"},{"source":"1945","target":"2072"},{"source":"1945","target":"2081"},{"source":"1945","target":"2087"},{"source":"1945","target":"2101"},{"source":"1945","target":"2102"},{"source":"1945","target":"2111"},{"source":"1945","target":"2117"},{"source":"1945","target":"2125"},{"source":"1945","target":"2127"},{"source":"1945","target":"2133"},{"source":"1945","target":"2135"},{"source":"1945","target":"2138"},{"source":"1945","target":"2143"},{"source":"1945","target":"2144"},{"source":"1945","target":"2148"},{"source":"1945","target":"2149"},{"source":"1945","target":"2151"},{"source":"1945","target":"2153"},{"source":"1945","target":"2161"},{"source":"1945","target":"2169"},{"source":"1945","target":"2174"},{"source":"1945","target":"2176"},{"source":"1945","target":"2183"},{"source":"1945","target":"2187"},{"source":"1945","target":"2189"},{"source":"1945","target":"2191"},{"source":"1945","target":"2194"},{"source":"1945","target":"2196"},{"source":"1945","target":"2199"},{"source":"1945","target":"2203"},{"source":"1945","target":"2223"},{"source":"1945","target":"2224"},{"source":"1945","target":"2232"},{"source":"1945","target":"2241"},{"source":"1945","target":"2246"},{"source":"1945","target":"2247"},{"source":"1945","target":"2250"},{"source":"1945","target":"2254"},{"source":"1945","target":"2259"},{"source":"1945","target":"2268"},{"source":"1945","target":"2273"},{"source":"1945","target":"2280"},{"source":"1945","target":"2282"},{"source":"1945","target":"2283"},{"source":"1945","target":"2289"},{"source":"1945","target":"2292"},{"source":"1945","target":"2294"},{"source":"1945","target":"2302"},{"source":"1945","target":"2304"},{"source":"1945","target":"2315"},{"source":"1945","target":"2319"},{"source":"1945","target":"2327"},{"source":"1945","target":"2328"},{"source":"1945","target":"2330"},{"source":"1945","target":"2332"},{"source":"1945","target":"2333"},{"source":"1945","target":"2336"},{"source":"1945","target":"2338"},{"source":"1945","target":"2343"},{"source":"1945","target":"2344"},{"source":"1945","target":"2345"},{"source":"1945","target":"2347"},{"source":"1945","target":"2351"},{"source":"1945","target":"2367"},{"source":"1945","target":"2377"},{"source":"1945","target":"2379"},{"source":"1945","target":"2384"},{"source":"1945","target":"2394"},{"source":"1945","target":"2398"},{"source":"1945","target":"2399"},{"source":"1945","target":"2417"},{"source":"1945","target":"2419"},{"source":"1945","target":"2420"},{"source":"1945","target":"2434"},{"source":"1945","target":"2436"},{"source":"1945","target":"2445"},{"source":"1945","target":"2451"},{"source":"1945","target":"2458"},{"source":"1945","target":"2461"},{"source":"1945","target":"2463"},{"source":"1945","target":"2465"},{"source":"1945","target":"2471"},{"source":"1945","target":"2472"},{"source":"1945","target":"2473"},{"source":"1945","target":"2475"},{"source":"1945","target":"2491"},{"source":"1945","target":"2498"},{"source":"1945","target":"2508"},{"source":"1945","target":"2509"},{"source":"1945","target":"2510"},{"source":"1945","target":"2511"},{"source":"1945","target":"2512"},{"source":"1945","target":"2516"},{"source":"1945","target":"2518"},{"source":"1945","target":"2533"},{"source":"1945","target":"2537"},{"source":"1945","target":"2543"},{"source":"1945","target":"2555"},{"source":"1945","target":"2567"},{"source":"1945","target":"2571"},{"source":"1945","target":"2582"},{"source":"1945","target":"2588"},{"source":"1945","target":"2589"},{"source":"1945","target":"2592"},{"source":"1945","target":"2594"},{"source":"1945","target":"2597"},{"source":"1945","target":"2598"},{"source":"1945","target":"2608"},{"source":"1945","target":"2616"},{"source":"1945","target":"2617"},{"source":"1945","target":"2629"},{"source":"1945","target":"2635"},{"source":"1945","target":"2642"},{"source":"1945","target":"2643"},{"source":"1945","target":"2649"},{"source":"1946","target":"1953"},{"source":"1946","target":"1962"},{"source":"1946","target":"1966"},{"source":"1946","target":"1971"},{"source":"1946","target":"1979"},{"source":"1946","target":"1983"},{"source":"1946","target":"1984"},{"source":"1946","target":"1985"},{"source":"1946","target":"1986"},{"source":"1946","target":"1989"},{"source":"1946","target":"1993"},{"source":"1946","target":"1997"},{"source":"1946","target":"2005"},{"source":"1946","target":"2020"},{"source":"1946","target":"2030"},{"source":"1946","target":"2033"},{"source":"1946","target":"2037"},{"source":"1946","target":"2040"},{"source":"1946","target":"2043"},{"source":"1946","target":"2045"},{"source":"1946","target":"2046"},{"source":"1946","target":"2058"},{"source":"1946","target":"2059"},{"source":"1946","target":"2060"},{"source":"1946","target":"2063"},{"source":"1946","target":"2064"},{"source":"1946","target":"2069"},{"source":"1946","target":"2073"},{"source":"1946","target":"2074"},{"source":"1946","target":"2077"},{"source":"1946","target":"2078"},{"source":"1946","target":"2083"},{"source":"1946","target":"2084"},{"source":"1946","target":"2086"},{"source":"1946","target":"2088"},{"source":"1946","target":"2090"},{"source":"1946","target":"2093"},{"source":"1946","target":"2095"},{"source":"1946","target":"2098"},{"source":"1946","target":"2103"},{"source":"1946","target":"2104"},{"source":"1946","target":"2108"},{"source":"1946","target":"2109"},{"source":"1946","target":"2112"},{"source":"1946","target":"2115"},{"source":"1946","target":"2118"},{"source":"1946","target":"2121"},{"source":"1946","target":"2122"},{"source":"1946","target":"2123"},{"source":"1946","target":"2124"},{"source":"1946","target":"2131"},{"source":"1946","target":"2136"},{"source":"1946","target":"2139"},{"source":"1946","target":"2140"},{"source":"1946","target":"2142"},{"source":"1946","target":"2150"},{"source":"1946","target":"2154"},{"source":"1946","target":"2164"},{"source":"1946","target":"2165"},{"source":"1946","target":"2172"},{"source":"1946","target":"2179"},{"source":"1946","target":"2184"},{"source":"1946","target":"2188"},{"source":"1946","target":"2200"},{"source":"1946","target":"2201"},{"source":"1946","target":"2206"},{"source":"1946","target":"2210"},{"source":"1946","target":"2212"},{"source":"1946","target":"2213"},{"source":"1946","target":"2216"},{"source":"1946","target":"2218"},{"source":"1946","target":"2220"},{"source":"1946","target":"2229"},{"source":"1946","target":"2233"},{"source":"1946","target":"2237"},{"source":"1946","target":"2240"},{"source":"1946","target":"2244"},{"source":"1946","target":"2253"},{"source":"1946","target":"2257"},{"source":"1946","target":"2258"},{"source":"1946","target":"2261"},{"source":"1946","target":"2266"},{"source":"1946","target":"2271"},{"source":"1946","target":"2275"},{"source":"1946","target":"2276"},{"source":"1946","target":"2278"},{"source":"1946","target":"2290"},{"source":"1946","target":"2299"},{"source":"1946","target":"2306"},{"source":"1946","target":"2307"},{"source":"1946","target":"2308"},{"source":"1946","target":"2309"},{"source":"1946","target":"2311"},{"source":"1946","target":"2323"},{"source":"1946","target":"2324"},{"source":"1946","target":"2326"},{"source":"1946","target":"2331"},{"source":"1946","target":"2334"},{"source":"1946","target":"2339"},{"source":"1946","target":"2340"},{"source":"1946","target":"2347"},{"source":"1946","target":"2348"},{"source":"1946","target":"2352"},{"source":"1946","target":"2353"},{"source":"1946","target":"2354"},{"source":"1946","target":"2356"},{"source":"1946","target":"2359"},{"source":"1946","target":"2363"},{"source":"1946","target":"2369"},{"source":"1946","target":"2370"},{"source":"1946","target":"2374"},{"source":"1946","target":"2376"},{"source":"1946","target":"2381"},{"source":"1946","target":"2386"},{"source":"1946","target":"2387"},{"source":"1946","target":"2392"},{"source":"1946","target":"2395"},{"source":"1946","target":"2404"},{"source":"1946","target":"2408"},{"source":"1946","target":"2409"},{"source":"1946","target":"2410"},{"source":"1946","target":"2414"},{"source":"1946","target":"2418"},{"source":"1946","target":"2428"},{"source":"1946","target":"2430"},{"source":"1946","target":"2433"},{"source":"1946","target":"2446"},{"source":"1946","target":"2460"},{"source":"1946","target":"2462"},{"source":"1946","target":"2464"},{"source":"1946","target":"2467"},{"source":"1946","target":"2468"},{"source":"1946","target":"2469"},{"source":"1946","target":"2477"},{"source":"1946","target":"2482"},{"source":"1946","target":"2484"},{"source":"1946","target":"2485"},{"source":"1946","target":"2489"},{"source":"1946","target":"2492"},{"source":"1946","target":"2499"},{"source":"1946","target":"2500"},{"source":"1946","target":"2504"},{"source":"1946","target":"2506"},{"source":"1946","target":"2507"},{"source":"1946","target":"2520"},{"source":"1946","target":"2521"},{"source":"1946","target":"2526"},{"source":"1946","target":"2539"},{"source":"1946","target":"2542"},{"source":"1946","target":"2543"},{"source":"1946","target":"2546"},{"source":"1946","target":"2549"},{"source":"1946","target":"2550"},{"source":"1946","target":"2551"},{"source":"1946","target":"2552"},{"source":"1946","target":"2554"},{"source":"1946","target":"2559"},{"source":"1946","target":"2560"},{"source":"1946","target":"2561"},{"source":"1946","target":"2563"},{"source":"1946","target":"2564"},{"source":"1946","target":"2573"},{"source":"1946","target":"2575"},{"source":"1946","target":"2578"},{"source":"1946","target":"2586"},{"source":"1946","target":"2590"},{"source":"1946","target":"2593"},{"source":"1946","target":"2601"},{"source":"1946","target":"2602"},{"source":"1946","target":"2604"},{"source":"1946","target":"2606"},{"source":"1946","target":"2607"},{"source":"1946","target":"2611"},{"source":"1946","target":"2615"},{"source":"1946","target":"2619"},{"source":"1946","target":"2623"},{"source":"1946","target":"2624"},{"source":"1946","target":"2625"},{"source":"1946","target":"2630"},{"source":"1946","target":"2631"},{"source":"1946","target":"2638"},{"source":"1946","target":"2654"},{"source":"1946","target":"2655"},{"source":"1947","target":"1948"},{"source":"1947","target":"1954"},{"source":"1947","target":"1955"},{"source":"1947","target":"1959"},{"source":"1947","target":"1970"},{"source":"1947","target":"1981"},{"source":"1947","target":"2002"},{"source":"1947","target":"2003"},{"source":"1947","target":"2007"},{"source":"1947","target":"2010"},{"source":"1947","target":"2028"},{"source":"1947","target":"2032"},{"source":"1947","target":"2052"},{"source":"1947","target":"2053"},{"source":"1947","target":"2054"},{"source":"1947","target":"2062"},{"source":"1947","target":"2068"},{"source":"1947","target":"2072"},{"source":"1947","target":"2075"},{"source":"1947","target":"2081"},{"source":"1947","target":"2087"},{"source":"1947","target":"2101"},{"source":"1947","target":"2102"},{"source":"1947","target":"2110"},{"source":"1947","target":"2111"},{"source":"1947","target":"2117"},{"source":"1947","target":"2128"},{"source":"1947","target":"2132"},{"source":"1947","target":"2133"},{"source":"1947","target":"2149"},{"source":"1947","target":"2151"},{"source":"1947","target":"2153"},{"source":"1947","target":"2161"},{"source":"1947","target":"2169"},{"source":"1947","target":"2174"},{"source":"1947","target":"2180"},{"source":"1947","target":"2183"},{"source":"1947","target":"2196"},{"source":"1947","target":"2198"},{"source":"1947","target":"2199"},{"source":"1947","target":"2221"},{"source":"1947","target":"2222"},{"source":"1947","target":"2235"},{"source":"1947","target":"2241"},{"source":"1947","target":"2243"},{"source":"1947","target":"2246"},{"source":"1947","target":"2247"},{"source":"1947","target":"2264"},{"source":"1947","target":"2267"},{"source":"1947","target":"2273"},{"source":"1947","target":"2274"},{"source":"1947","target":"2279"},{"source":"1947","target":"2280"},{"source":"1947","target":"2282"},{"source":"1947","target":"2283"},{"source":"1947","target":"2292"},{"source":"1947","target":"2294"},{"source":"1947","target":"2304"},{"source":"1947","target":"2319"},{"source":"1947","target":"2327"},{"source":"1947","target":"2328"},{"source":"1947","target":"2333"},{"source":"1947","target":"2336"},{"source":"1947","target":"2338"},{"source":"1947","target":"2344"},{"source":"1947","target":"2347"},{"source":"1947","target":"2355"},{"source":"1947","target":"2368"},{"source":"1947","target":"2377"},{"source":"1947","target":"2384"},{"source":"1947","target":"2390"},{"source":"1947","target":"2394"},{"source":"1947","target":"2396"},{"source":"1947","target":"2399"},{"source":"1947","target":"2415"},{"source":"1947","target":"2419"},{"source":"1947","target":"2432"},{"source":"1947","target":"2434"},{"source":"1947","target":"2436"},{"source":"1947","target":"2438"},{"source":"1947","target":"2451"},{"source":"1947","target":"2458"},{"source":"1947","target":"2461"},{"source":"1947","target":"2463"},{"source":"1947","target":"2471"},{"source":"1947","target":"2475"},{"source":"1947","target":"2479"},{"source":"1947","target":"2491"},{"source":"1947","target":"2498"},{"source":"1947","target":"2501"},{"source":"1947","target":"2509"},{"source":"1947","target":"2510"},{"source":"1947","target":"2511"},{"source":"1947","target":"2512"},{"source":"1947","target":"2516"},{"source":"1947","target":"2518"},{"source":"1947","target":"2537"},{"source":"1947","target":"2547"},{"source":"1947","target":"2555"},{"source":"1947","target":"2582"},{"source":"1947","target":"2588"},{"source":"1947","target":"2594"},{"source":"1947","target":"2598"},{"source":"1947","target":"2603"},{"source":"1947","target":"2608"},{"source":"1947","target":"2616"},{"source":"1947","target":"2617"},{"source":"1947","target":"2629"},{"source":"1947","target":"2637"},{"source":"1947","target":"2642"},{"source":"1947","target":"2652"},{"source":"1948","target":"1954"},{"source":"1948","target":"1959"},{"source":"1948","target":"1994"},{"source":"1948","target":"2007"},{"source":"1948","target":"2010"},{"source":"1948","target":"2026"},{"source":"1948","target":"2028"},{"source":"1948","target":"2032"},{"source":"1948","target":"2038"},{"source":"1948","target":"2039"},{"source":"1948","target":"2042"},{"source":"1948","target":"2047"},{"source":"1948","target":"2052"},{"source":"1948","target":"2053"},{"source":"1948","target":"2054"},{"source":"1948","target":"2068"},{"source":"1948","target":"2071"},{"source":"1948","target":"2072"},{"source":"1948","target":"2081"},{"source":"1948","target":"2087"},{"source":"1948","target":"2102"},{"source":"1948","target":"2111"},{"source":"1948","target":"2117"},{"source":"1948","target":"2125"},{"source":"1948","target":"2128"},{"source":"1948","target":"2134"},{"source":"1948","target":"2135"},{"source":"1948","target":"2138"},{"source":"1948","target":"2143"},{"source":"1948","target":"2144"},{"source":"1948","target":"2148"},{"source":"1948","target":"2151"},{"source":"1948","target":"2153"},{"source":"1948","target":"2163"},{"source":"1948","target":"2169"},{"source":"1948","target":"2183"},{"source":"1948","target":"2187"},{"source":"1948","target":"2191"},{"source":"1948","target":"2194"},{"source":"1948","target":"2196"},{"source":"1948","target":"2199"},{"source":"1948","target":"2224"},{"source":"1948","target":"2241"},{"source":"1948","target":"2246"},{"source":"1948","target":"2247"},{"source":"1948","target":"2250"},{"source":"1948","target":"2267"},{"source":"1948","target":"2273"},{"source":"1948","target":"2279"},{"source":"1948","target":"2282"},{"source":"1948","target":"2283"},{"source":"1948","target":"2289"},{"source":"1948","target":"2292"},{"source":"1948","target":"2294"},{"source":"1948","target":"2295"},{"source":"1948","target":"2302"},{"source":"1948","target":"2315"},{"source":"1948","target":"2319"},{"source":"1948","target":"2327"},{"source":"1948","target":"2328"},{"source":"1948","target":"2332"},{"source":"1948","target":"2333"},{"source":"1948","target":"2336"},{"source":"1948","target":"2338"},{"source":"1948","target":"2344"},{"source":"1948","target":"2347"},{"source":"1948","target":"2351"},{"source":"1948","target":"2372"},{"source":"1948","target":"2377"},{"source":"1948","target":"2384"},{"source":"1948","target":"2420"},{"source":"1948","target":"2434"},{"source":"1948","target":"2436"},{"source":"1948","target":"2461"},{"source":"1948","target":"2463"},{"source":"1948","target":"2465"},{"source":"1948","target":"2471"},{"source":"1948","target":"2472"},{"source":"1948","target":"2475"},{"source":"1948","target":"2491"},{"source":"1948","target":"2510"},{"source":"1948","target":"2511"},{"source":"1948","target":"2516"},{"source":"1948","target":"2524"},{"source":"1948","target":"2533"},{"source":"1948","target":"2543"},{"source":"1948","target":"2555"},{"source":"1948","target":"2567"},{"source":"1948","target":"2582"},{"source":"1948","target":"2592"},{"source":"1948","target":"2597"},{"source":"1948","target":"2598"},{"source":"1948","target":"2609"},{"source":"1948","target":"2617"},{"source":"1948","target":"2629"},{"source":"1948","target":"2643"},{"source":"1948","target":"2649"},{"source":"1949","target":"2126"},{"source":"1949","target":"2146"},{"source":"1949","target":"2152"},{"source":"1949","target":"2173"},{"source":"1949","target":"2181"},{"source":"1949","target":"2236"},{"source":"1949","target":"2277"},{"source":"1950","target":"1957"},{"source":"1950","target":"1980"},{"source":"1950","target":"1991"},{"source":"1950","target":"1995"},{"source":"1950","target":"2004"},{"source":"1950","target":"2014"},{"source":"1950","target":"2061"},{"source":"1950","target":"2159"},{"source":"1950","target":"2626"},{"source":"1950","target":"2648"},{"source":"1950","target":"2659"},{"source":"1951","target":"1954"},{"source":"1951","target":"1957"},{"source":"1951","target":"1958"},{"source":"1951","target":"1968"},{"source":"1951","target":"1972"},{"source":"1951","target":"1973"},{"source":"1951","target":"1976"},{"source":"1951","target":"1980"},{"source":"1951","target":"1991"},{"source":"1951","target":"1995"},{"source":"1951","target":"1998"},{"source":"1951","target":"1999"},{"source":"1951","target":"2000"},{"source":"1951","target":"2001"},{"source":"1951","target":"2004"},{"source":"1951","target":"2006"},{"source":"1951","target":"2009"},{"source":"1951","target":"2011"},{"source":"1951","target":"2018"},{"source":"1951","target":"2022"},{"source":"1951","target":"2024"},{"source":"1951","target":"2027"},{"source":"1951","target":"2050"},{"source":"1951","target":"2061"},{"source":"1951","target":"2097"},{"source":"1951","target":"2116"},{"source":"1951","target":"2157"},{"source":"1951","target":"2159"},{"source":"1951","target":"2171"},{"source":"1951","target":"2192"},{"source":"1951","target":"2202"},{"source":"1951","target":"2225"},{"source":"1951","target":"2284"},{"source":"1951","target":"2297"},{"source":"1951","target":"2364"},{"source":"1951","target":"2378"},{"source":"1951","target":"2435"},{"source":"1951","target":"2447"},{"source":"1951","target":"2459"},{"source":"1951","target":"2494"},{"source":"1951","target":"2538"},{"source":"1951","target":"2583"},{"source":"1951","target":"2585"},{"source":"1951","target":"2620"},{"source":"1951","target":"2626"},{"source":"1951","target":"2633"},{"source":"1951","target":"2636"},{"source":"1951","target":"2639"},{"source":"1951","target":"2640"},{"source":"1951","target":"2645"},{"source":"1951","target":"2647"},{"source":"1951","target":"2648"},{"source":"1951","target":"2657"},{"source":"1951","target":"2658"},{"source":"1951","target":"2659"},{"source":"1951","target":"2660"},{"source":"1952","target":"1970"},{"source":"1952","target":"2003"},{"source":"1952","target":"2062"},{"source":"1952","target":"2084"},{"source":"1952","target":"2110"},{"source":"1952","target":"2111"},{"source":"1952","target":"2221"},{"source":"1952","target":"2222"},{"source":"1952","target":"2226"},{"source":"1952","target":"2296"},{"source":"1952","target":"2368"},{"source":"1952","target":"2384"},{"source":"1952","target":"2416"},{"source":"1952","target":"2438"},{"source":"1952","target":"2458"},{"source":"1953","target":"1962"},{"source":"1953","target":"1979"},{"source":"1953","target":"1983"},{"source":"1953","target":"1985"},{"source":"1953","target":"1993"},{"source":"1953","target":"2005"},{"source":"1953","target":"2020"},{"source":"1953","target":"2033"},{"source":"1953","target":"2040"},{"source":"1953","target":"2043"},{"source":"1953","target":"2045"},{"source":"1953","target":"2046"},{"source":"1953","target":"2055"},{"source":"1953","target":"2059"},{"source":"1953","target":"2063"},{"source":"1953","target":"2064"},{"source":"1953","target":"2073"},{"source":"1953","target":"2074"},{"source":"1953","target":"2077"},{"source":"1953","target":"2078"},{"source":"1953","target":"2086"},{"source":"1953","target":"2088"},{"source":"1953","target":"2090"},{"source":"1953","target":"2093"},{"source":"1953","target":"2095"},{"source":"1953","target":"2103"},{"source":"1953","target":"2104"},{"source":"1953","target":"2108"},{"source":"1953","target":"2112"},{"source":"1953","target":"2115"},{"source":"1953","target":"2118"},{"source":"1953","target":"2121"},{"source":"1953","target":"2122"},{"source":"1953","target":"2123"},{"source":"1953","target":"2136"},{"source":"1953","target":"2139"},{"source":"1953","target":"2140"},{"source":"1953","target":"2150"},{"source":"1953","target":"2172"},{"source":"1953","target":"2184"},{"source":"1953","target":"2188"},{"source":"1953","target":"2190"},{"source":"1953","target":"2200"},{"source":"1953","target":"2201"},{"source":"1953","target":"2206"},{"source":"1953","target":"2210"},{"source":"1953","target":"2216"},{"source":"1953","target":"2218"},{"source":"1953","target":"2220"},{"source":"1953","target":"2240"},{"source":"1953","target":"2244"},{"source":"1953","target":"2257"},{"source":"1953","target":"2261"},{"source":"1953","target":"2266"},{"source":"1953","target":"2271"},{"source":"1953","target":"2275"},{"source":"1953","target":"2278"},{"source":"1953","target":"2290"},{"source":"1953","target":"2309"},{"source":"1953","target":"2323"},{"source":"1953","target":"2324"},{"source":"1953","target":"2326"},{"source":"1953","target":"2329"},{"source":"1953","target":"2331"},{"source":"1953","target":"2339"},{"source":"1953","target":"2340"},{"source":"1953","target":"2347"},{"source":"1953","target":"2354"},{"source":"1953","target":"2356"},{"source":"1953","target":"2363"},{"source":"1953","target":"2369"},{"source":"1953","target":"2370"},{"source":"1953","target":"2374"},{"source":"1953","target":"2381"},{"source":"1953","target":"2386"},{"source":"1953","target":"2395"},{"source":"1953","target":"2407"},{"source":"1953","target":"2408"},{"source":"1953","target":"2409"},{"source":"1953","target":"2414"},{"source":"1953","target":"2418"},{"source":"1953","target":"2423"},{"source":"1953","target":"2428"},{"source":"1953","target":"2446"},{"source":"1953","target":"2460"},{"source":"1953","target":"2462"},{"source":"1953","target":"2464"},{"source":"1953","target":"2468"},{"source":"1953","target":"2477"},{"source":"1953","target":"2482"},{"source":"1953","target":"2485"},{"source":"1953","target":"2489"},{"source":"1953","target":"2492"},{"source":"1953","target":"2507"},{"source":"1953","target":"2521"},{"source":"1953","target":"2526"},{"source":"1953","target":"2543"},{"source":"1953","target":"2550"},{"source":"1953","target":"2551"},{"source":"1953","target":"2559"},{"source":"1953","target":"2560"},{"source":"1953","target":"2564"},{"source":"1953","target":"2573"},{"source":"1953","target":"2586"},{"source":"1953","target":"2590"},{"source":"1953","target":"2593"},{"source":"1953","target":"2600"},{"source":"1953","target":"2601"},{"source":"1953","target":"2604"},{"source":"1953","target":"2607"},{"source":"1953","target":"2611"},{"source":"1953","target":"2623"},{"source":"1953","target":"2624"},{"source":"1953","target":"2625"},{"source":"1953","target":"2631"},{"source":"1953","target":"2638"},{"source":"1953","target":"2646"},{"source":"1953","target":"2655"},{"source":"1954","target":"1968"},{"source":"1954","target":"1972"},{"source":"1954","target":"1973"},{"source":"1954","target":"1999"},{"source":"1954","target":"2009"},{"source":"1954","target":"2010"},{"source":"1954","target":"2024"},{"source":"1954","target":"2032"},{"source":"1954","target":"2052"},{"source":"1954","target":"2054"},{"source":"1954","target":"2068"},{"source":"1954","target":"2072"},{"source":"1954","target":"2087"},{"source":"1954","target":"2102"},{"source":"1954","target":"2111"},{"source":"1954","target":"2116"},{"source":"1954","target":"2117"},{"source":"1954","target":"2125"},{"source":"1954","target":"2128"},{"source":"1954","target":"2133"},{"source":"1954","target":"2138"},{"source":"1954","target":"2143"},{"source":"1954","target":"2149"},{"source":"1954","target":"2151"},{"source":"1954","target":"2153"},{"source":"1954","target":"2169"},{"source":"1954","target":"2174"},{"source":"1954","target":"2176"},{"source":"1954","target":"2180"},{"source":"1954","target":"2187"},{"source":"1954","target":"2196"},{"source":"1954","target":"2199"},{"source":"1954","target":"2202"},{"source":"1954","target":"2203"},{"source":"1954","target":"2224"},{"source":"1954","target":"2241"},{"source":"1954","target":"2250"},{"source":"1954","target":"2264"},{"source":"1954","target":"2268"},{"source":"1954","target":"2273"},{"source":"1954","target":"2289"},{"source":"1954","target":"2292"},{"source":"1954","target":"2294"},{"source":"1954","target":"2297"},{"source":"1954","target":"2327"},{"source":"1954","target":"2328"},{"source":"1954","target":"2336"},{"source":"1954","target":"2338"},{"source":"1954","target":"2343"},{"source":"1954","target":"2344"},{"source":"1954","target":"2347"},{"source":"1954","target":"2365"},{"source":"1954","target":"2368"},{"source":"1954","target":"2377"},{"source":"1954","target":"2461"},{"source":"1954","target":"2463"},{"source":"1954","target":"2471"},{"source":"1954","target":"2472"},{"source":"1954","target":"2475"},{"source":"1954","target":"2491"},{"source":"1954","target":"2498"},{"source":"1954","target":"2508"},{"source":"1954","target":"2509"},{"source":"1954","target":"2538"},{"source":"1954","target":"2555"},{"source":"1954","target":"2571"},{"source":"1954","target":"2582"},{"source":"1954","target":"2585"},{"source":"1954","target":"2588"},{"source":"1954","target":"2594"},{"source":"1954","target":"2598"},{"source":"1954","target":"2620"},{"source":"1954","target":"2627"},{"source":"1954","target":"2629"},{"source":"1954","target":"2640"},{"source":"1954","target":"2649"},{"source":"1954","target":"2658"},{"source":"1954","target":"2659"},{"source":"1955","target":"1959"},{"source":"1955","target":"2007"},{"source":"1955","target":"2026"},{"source":"1955","target":"2032"},{"source":"1955","target":"2038"},{"source":"1955","target":"2039"},{"source":"1955","target":"2053"},{"source":"1955","target":"2068"},{"source":"1955","target":"2071"},{"source":"1955","target":"2072"},{"source":"1955","target":"2081"},{"source":"1955","target":"2087"},{"source":"1955","target":"2111"},{"source":"1955","target":"2117"},{"source":"1955","target":"2125"},{"source":"1955","target":"2127"},{"source":"1955","target":"2133"},{"source":"1955","target":"2138"},{"source":"1955","target":"2144"},{"source":"1955","target":"2161"},{"source":"1955","target":"2169"},{"source":"1955","target":"2174"},{"source":"1955","target":"2180"},{"source":"1955","target":"2183"},{"source":"1955","target":"2187"},{"source":"1955","target":"2189"},{"source":"1955","target":"2199"},{"source":"1955","target":"2203"},{"source":"1955","target":"2222"},{"source":"1955","target":"2223"},{"source":"1955","target":"2224"},{"source":"1955","target":"2239"},{"source":"1955","target":"2247"},{"source":"1955","target":"2250"},{"source":"1955","target":"2254"},{"source":"1955","target":"2264"},{"source":"1955","target":"2268"},{"source":"1955","target":"2279"},{"source":"1955","target":"2283"},{"source":"1955","target":"2289"},{"source":"1955","target":"2294"},{"source":"1955","target":"2302"},{"source":"1955","target":"2315"},{"source":"1955","target":"2319"},{"source":"1955","target":"2327"},{"source":"1955","target":"2328"},{"source":"1955","target":"2330"},{"source":"1955","target":"2333"},{"source":"1955","target":"2336"},{"source":"1955","target":"2338"},{"source":"1955","target":"2345"},{"source":"1955","target":"2384"},{"source":"1955","target":"2394"},{"source":"1955","target":"2398"},{"source":"1955","target":"2419"},{"source":"1955","target":"2420"},{"source":"1955","target":"2436"},{"source":"1955","target":"2445"},{"source":"1955","target":"2451"},{"source":"1955","target":"2458"},{"source":"1955","target":"2461"},{"source":"1955","target":"2463"},{"source":"1955","target":"2468"},{"source":"1955","target":"2491"},{"source":"1955","target":"2508"},{"source":"1955","target":"2509"},{"source":"1955","target":"2510"},{"source":"1955","target":"2511"},{"source":"1955","target":"2522"},{"source":"1955","target":"2533"},{"source":"1955","target":"2537"},{"source":"1955","target":"2547"},{"source":"1955","target":"2555"},{"source":"1955","target":"2589"},{"source":"1955","target":"2592"},{"source":"1955","target":"2594"},{"source":"1955","target":"2598"},{"source":"1955","target":"2608"},{"source":"1955","target":"2616"},{"source":"1955","target":"2617"},{"source":"1955","target":"2629"},{"source":"1955","target":"2643"},{"source":"1955","target":"2649"},{"source":"1955","target":"2653"},{"source":"1956","target":"2245"},{"source":"1956","target":"2281"},{"source":"1956","target":"2301"},{"source":"1956","target":"2481"},{"source":"1956","target":"2487"},{"source":"1956","target":"2570"},{"source":"1956","target":"2634"},{"source":"1957","target":"1968"},{"source":"1957","target":"1972"},{"source":"1957","target":"1973"},{"source":"1957","target":"1980"},{"source":"1957","target":"1991"},{"source":"1957","target":"1995"},{"source":"1957","target":"1998"},{"source":"1957","target":"2001"},{"source":"1957","target":"2006"},{"source":"1957","target":"2018"},{"source":"1957","target":"2025"},{"source":"1957","target":"2061"},{"source":"1957","target":"2097"},{"source":"1957","target":"2116"},{"source":"1957","target":"2159"},{"source":"1957","target":"2171"},{"source":"1957","target":"2202"},{"source":"1957","target":"2225"},{"source":"1957","target":"2284"},{"source":"1957","target":"2364"},{"source":"1957","target":"2365"},{"source":"1957","target":"2378"},{"source":"1957","target":"2435"},{"source":"1957","target":"2585"},{"source":"1957","target":"2620"},{"source":"1957","target":"2626"},{"source":"1957","target":"2627"},{"source":"1957","target":"2633"},{"source":"1957","target":"2636"},{"source":"1957","target":"2640"},{"source":"1957","target":"2648"},{"source":"1957","target":"2657"},{"source":"1957","target":"2659"},{"source":"1958","target":"1980"},{"source":"1958","target":"1998"},{"source":"1958","target":"2000"},{"source":"1958","target":"2006"},{"source":"1958","target":"2022"},{"source":"1958","target":"2024"},{"source":"1958","target":"2027"},{"source":"1958","target":"2050"},{"source":"1958","target":"2061"},{"source":"1958","target":"2097"},{"source":"1958","target":"2116"},{"source":"1958","target":"2159"},{"source":"1958","target":"2171"},{"source":"1958","target":"2284"},{"source":"1958","target":"2297"},{"source":"1958","target":"2337"},{"source":"1958","target":"2364"},{"source":"1958","target":"2365"},{"source":"1958","target":"2494"},{"source":"1958","target":"2538"},{"source":"1958","target":"2583"},{"source":"1958","target":"2585"},{"source":"1958","target":"2620"},{"source":"1958","target":"2626"},{"source":"1958","target":"2639"},{"source":"1958","target":"2640"},{"source":"1958","target":"2645"},{"source":"1958","target":"2647"},{"source":"1958","target":"2659"},{"source":"1959","target":"1970"},{"source":"1959","target":"1981"},{"source":"1959","target":"1985"},{"source":"1959","target":"1987"},{"source":"1959","target":"1994"},{"source":"1959","target":"2002"},{"source":"1959","target":"2003"},{"source":"1959","target":"2007"},{"source":"1959","target":"2026"},{"source":"1959","target":"2032"},{"source":"1959","target":"2039"},{"source":"1959","target":"2042"},{"source":"1959","target":"2047"},{"source":"1959","target":"2054"},{"source":"1959","target":"2057"},{"source":"1959","target":"2062"},{"source":"1959","target":"2063"},{"source":"1959","target":"2068"},{"source":"1959","target":"2071"},{"source":"1959","target":"2072"},{"source":"1959","target":"2075"},{"source":"1959","target":"2081"},{"source":"1959","target":"2087"},{"source":"1959","target":"2101"},{"source":"1959","target":"2102"},{"source":"1959","target":"2110"},{"source":"1959","target":"2111"},{"source":"1959","target":"2117"},{"source":"1959","target":"2125"},{"source":"1959","target":"2132"},{"source":"1959","target":"2133"},{"source":"1959","target":"2134"},{"source":"1959","target":"2135"},{"source":"1959","target":"2138"},{"source":"1959","target":"2143"},{"source":"1959","target":"2149"},{"source":"1959","target":"2153"},{"source":"1959","target":"2161"},{"source":"1959","target":"2169"},{"source":"1959","target":"2174"},{"source":"1959","target":"2183"},{"source":"1959","target":"2187"},{"source":"1959","target":"2191"},{"source":"1959","target":"2194"},{"source":"1959","target":"2196"},{"source":"1959","target":"2199"},{"source":"1959","target":"2203"},{"source":"1959","target":"2215"},{"source":"1959","target":"2221"},{"source":"1959","target":"2223"},{"source":"1959","target":"2232"},{"source":"1959","target":"2235"},{"source":"1959","target":"2243"},{"source":"1959","target":"2250"},{"source":"1959","target":"2254"},{"source":"1959","target":"2264"},{"source":"1959","target":"2268"},{"source":"1959","target":"2274"},{"source":"1959","target":"2279"},{"source":"1959","target":"2280"},{"source":"1959","target":"2282"},{"source":"1959","target":"2283"},{"source":"1959","target":"2285"},{"source":"1959","target":"2289"},{"source":"1959","target":"2292"},{"source":"1959","target":"2293"},{"source":"1959","target":"2302"},{"source":"1959","target":"2315"},{"source":"1959","target":"2319"},{"source":"1959","target":"2325"},{"source":"1959","target":"2328"},{"source":"1959","target":"2333"},{"source":"1959","target":"2336"},{"source":"1959","target":"2338"},{"source":"1959","target":"2344"},{"source":"1959","target":"2347"},{"source":"1959","target":"2351"},{"source":"1959","target":"2372"},{"source":"1959","target":"2384"},{"source":"1959","target":"2385"},{"source":"1959","target":"2390"},{"source":"1959","target":"2394"},{"source":"1959","target":"2396"},{"source":"1959","target":"2420"},{"source":"1959","target":"2434"},{"source":"1959","target":"2436"},{"source":"1959","target":"2438"},{"source":"1959","target":"2445"},{"source":"1959","target":"2451"},{"source":"1959","target":"2465"},{"source":"1959","target":"2471"},{"source":"1959","target":"2479"},{"source":"1959","target":"2498"},{"source":"1959","target":"2501"},{"source":"1959","target":"2508"},{"source":"1959","target":"2509"},{"source":"1959","target":"2510"},{"source":"1959","target":"2511"},{"source":"1959","target":"2533"},{"source":"1959","target":"2537"},{"source":"1959","target":"2543"},{"source":"1959","target":"2555"},{"source":"1959","target":"2567"},{"source":"1959","target":"2572"},{"source":"1959","target":"2592"},{"source":"1959","target":"2597"},{"source":"1959","target":"2598"},{"source":"1959","target":"2599"},{"source":"1959","target":"2603"},{"source":"1959","target":"2652"},{"source":"1960","target":"1964"},{"source":"1960","target":"1975"},{"source":"1960","target":"2023"},{"source":"1960","target":"2035"},{"source":"1960","target":"2070"},{"source":"1960","target":"2089"},{"source":"1960","target":"2091"},{"source":"1960","target":"2105"},{"source":"1960","target":"2120"},{"source":"1960","target":"2126"},{"source":"1960","target":"2129"},{"source":"1960","target":"2146"},{"source":"1960","target":"2152"},{"source":"1960","target":"2162"},{"source":"1960","target":"2166"},{"source":"1960","target":"2173"},{"source":"1960","target":"2197"},{"source":"1960","target":"2228"},{"source":"1960","target":"2231"},{"source":"1960","target":"2236"},{"source":"1960","target":"2286"},{"source":"1960","target":"2313"},{"source":"1960","target":"2317"},{"source":"1960","target":"2322"},{"source":"1960","target":"2335"},{"source":"1960","target":"2342"},{"source":"1960","target":"2361"},{"source":"1960","target":"2371"},{"source":"1960","target":"2373"},{"source":"1960","target":"2405"},{"source":"1960","target":"2411"},{"source":"1960","target":"2440"},{"source":"1960","target":"2448"},{"source":"1960","target":"2474"},{"source":"1960","target":"2488"},{"source":"1960","target":"2523"},{"source":"1960","target":"2540"},{"source":"1960","target":"2570"},{"source":"1960","target":"2577"},{"source":"1960","target":"2618"},{"source":"1960","target":"2628"},{"source":"1960","target":"2659"},{"source":"1961","target":"2128"},{"source":"1961","target":"2281"},{"source":"1961","target":"2301"},{"source":"1961","target":"2317"},{"source":"1961","target":"2487"},{"source":"1961","target":"2535"},{"source":"1962","target":"1966"},{"source":"1962","target":"1971"},{"source":"1962","target":"1979"},{"source":"1962","target":"1983"},{"source":"1962","target":"1984"},{"source":"1962","target":"1985"},{"source":"1962","target":"1986"},{"source":"1962","target":"1993"},{"source":"1962","target":"2005"},{"source":"1962","target":"2020"},{"source":"1962","target":"2030"},{"source":"1962","target":"2033"},{"source":"1962","target":"2037"},{"source":"1962","target":"2040"},{"source":"1962","target":"2043"},{"source":"1962","target":"2045"},{"source":"1962","target":"2046"},{"source":"1962","target":"2055"},{"source":"1962","target":"2059"},{"source":"1962","target":"2060"},{"source":"1962","target":"2063"},{"source":"1962","target":"2064"},{"source":"1962","target":"2069"},{"source":"1962","target":"2073"},{"source":"1962","target":"2074"},{"source":"1962","target":"2078"},{"source":"1962","target":"2083"},{"source":"1962","target":"2084"},{"source":"1962","target":"2086"},{"source":"1962","target":"2088"},{"source":"1962","target":"2090"},{"source":"1962","target":"2093"},{"source":"1962","target":"2095"},{"source":"1962","target":"2098"},{"source":"1962","target":"2103"},{"source":"1962","target":"2104"},{"source":"1962","target":"2108"},{"source":"1962","target":"2109"},{"source":"1962","target":"2112"},{"source":"1962","target":"2115"},{"source":"1962","target":"2118"},{"source":"1962","target":"2121"},{"source":"1962","target":"2122"},{"source":"1962","target":"2123"},{"source":"1962","target":"2124"},{"source":"1962","target":"2131"},{"source":"1962","target":"2136"},{"source":"1962","target":"2139"},{"source":"1962","target":"2140"},{"source":"1962","target":"2142"},{"source":"1962","target":"2150"},{"source":"1962","target":"2154"},{"source":"1962","target":"2164"},{"source":"1962","target":"2165"},{"source":"1962","target":"2172"},{"source":"1962","target":"2179"},{"source":"1962","target":"2184"},{"source":"1962","target":"2188"},{"source":"1962","target":"2190"},{"source":"1962","target":"2200"},{"source":"1962","target":"2201"},{"source":"1962","target":"2206"},{"source":"1962","target":"2210"},{"source":"1962","target":"2212"},{"source":"1962","target":"2213"},{"source":"1962","target":"2216"},{"source":"1962","target":"2218"},{"source":"1962","target":"2220"},{"source":"1962","target":"2229"},{"source":"1962","target":"2233"},{"source":"1962","target":"2240"},{"source":"1962","target":"2244"},{"source":"1962","target":"2253"},{"source":"1962","target":"2257"},{"source":"1962","target":"2261"},{"source":"1962","target":"2266"},{"source":"1962","target":"2271"},{"source":"1962","target":"2275"},{"source":"1962","target":"2276"},{"source":"1962","target":"2278"},{"source":"1962","target":"2290"},{"source":"1962","target":"2299"},{"source":"1962","target":"2307"},{"source":"1962","target":"2308"},{"source":"1962","target":"2309"},{"source":"1962","target":"2323"},{"source":"1962","target":"2324"},{"source":"1962","target":"2326"},{"source":"1962","target":"2329"},{"source":"1962","target":"2331"},{"source":"1962","target":"2334"},{"source":"1962","target":"2339"},{"source":"1962","target":"2340"},{"source":"1962","target":"2347"},{"source":"1962","target":"2350"},{"source":"1962","target":"2352"},{"source":"1962","target":"2353"},{"source":"1962","target":"2354"},{"source":"1962","target":"2356"},{"source":"1962","target":"2359"},{"source":"1962","target":"2363"},{"source":"1962","target":"2369"},{"source":"1962","target":"2370"},{"source":"1962","target":"2374"},{"source":"1962","target":"2376"},{"source":"1962","target":"2381"},{"source":"1962","target":"2386"},{"source":"1962","target":"2391"},{"source":"1962","target":"2395"},{"source":"1962","target":"2404"},{"source":"1962","target":"2408"},{"source":"1962","target":"2409"},{"source":"1962","target":"2410"},{"source":"1962","target":"2414"},{"source":"1962","target":"2418"},{"source":"1962","target":"2423"},{"source":"1962","target":"2428"},{"source":"1962","target":"2430"},{"source":"1962","target":"2433"},{"source":"1962","target":"2446"},{"source":"1962","target":"2460"},{"source":"1962","target":"2462"},{"source":"1962","target":"2464"},{"source":"1962","target":"2467"},{"source":"1962","target":"2468"},{"source":"1962","target":"2469"},{"source":"1962","target":"2477"},{"source":"1962","target":"2482"},{"source":"1962","target":"2484"},{"source":"1962","target":"2485"},{"source":"1962","target":"2492"},{"source":"1962","target":"2495"},{"source":"1962","target":"2500"},{"source":"1962","target":"2504"},{"source":"1962","target":"2506"},{"source":"1962","target":"2507"},{"source":"1962","target":"2520"},{"source":"1962","target":"2521"},{"source":"1962","target":"2526"},{"source":"1962","target":"2532"},{"source":"1962","target":"2536"},{"source":"1962","target":"2539"},{"source":"1962","target":"2542"},{"source":"1962","target":"2543"},{"source":"1962","target":"2546"},{"source":"1962","target":"2549"},{"source":"1962","target":"2550"},{"source":"1962","target":"2551"},{"source":"1962","target":"2553"},{"source":"1962","target":"2554"},{"source":"1962","target":"2556"},{"source":"1962","target":"2559"},{"source":"1962","target":"2560"},{"source":"1962","target":"2561"},{"source":"1962","target":"2563"},{"source":"1962","target":"2564"},{"source":"1962","target":"2573"},{"source":"1962","target":"2578"},{"source":"1962","target":"2579"},{"source":"1962","target":"2586"},{"source":"1962","target":"2590"},{"source":"1962","target":"2593"},{"source":"1962","target":"2600"},{"source":"1962","target":"2601"},{"source":"1962","target":"2602"},{"source":"1962","target":"2604"},{"source":"1962","target":"2606"},{"source":"1962","target":"2607"},{"source":"1962","target":"2611"},{"source":"1962","target":"2613"},{"source":"1962","target":"2615"},{"source":"1962","target":"2619"},{"source":"1962","target":"2624"},{"source":"1962","target":"2625"},{"source":"1962","target":"2630"},{"source":"1962","target":"2638"},{"source":"1962","target":"2646"},{"source":"1962","target":"2654"},{"source":"1962","target":"2655"},{"source":"1963","target":"1971"},{"source":"1963","target":"1993"},{"source":"1963","target":"2020"},{"source":"1963","target":"2033"},{"source":"1963","target":"2056"},{"source":"1963","target":"2059"},{"source":"1963","target":"2060"},{"source":"1963","target":"2063"},{"source":"1963","target":"2064"},{"source":"1963","target":"2069"},{"source":"1963","target":"2073"},{"source":"1963","target":"2074"},{"source":"1963","target":"2077"},{"source":"1963","target":"2088"},{"source":"1963","target":"2093"},{"source":"1963","target":"2098"},{"source":"1963","target":"2108"},{"source":"1963","target":"2109"},{"source":"1963","target":"2118"},{"source":"1963","target":"2121"},{"source":"1963","target":"2122"},{"source":"1963","target":"2123"},{"source":"1963","target":"2124"},{"source":"1963","target":"2131"},{"source":"1963","target":"2139"},{"source":"1963","target":"2140"},{"source":"1963","target":"2142"},{"source":"1963","target":"2154"},{"source":"1963","target":"2172"},{"source":"1963","target":"2190"},{"source":"1963","target":"2201"},{"source":"1963","target":"2218"},{"source":"1963","target":"2233"},{"source":"1963","target":"2237"},{"source":"1963","target":"2240"},{"source":"1963","target":"2244"},{"source":"1963","target":"2253"},{"source":"1963","target":"2275"},{"source":"1963","target":"2278"},{"source":"1963","target":"2290"},{"source":"1963","target":"2306"},{"source":"1963","target":"2307"},{"source":"1963","target":"2308"},{"source":"1963","target":"2309"},{"source":"1963","target":"2323"},{"source":"1963","target":"2324"},{"source":"1963","target":"2326"},{"source":"1963","target":"2331"},{"source":"1963","target":"2339"},{"source":"1963","target":"2340"},{"source":"1963","target":"2354"},{"source":"1963","target":"2369"},{"source":"1963","target":"2393"},{"source":"1963","target":"2395"},{"source":"1963","target":"2409"},{"source":"1963","target":"2410"},{"source":"1963","target":"2428"},{"source":"1963","target":"2446"},{"source":"1963","target":"2460"},{"source":"1963","target":"2462"},{"source":"1963","target":"2464"},{"source":"1963","target":"2468"},{"source":"1963","target":"2485"},{"source":"1963","target":"2495"},{"source":"1963","target":"2500"},{"source":"1963","target":"2506"},{"source":"1963","target":"2507"},{"source":"1963","target":"2542"},{"source":"1963","target":"2553"},{"source":"1963","target":"2560"},{"source":"1963","target":"2564"},{"source":"1963","target":"2573"},{"source":"1963","target":"2578"},{"source":"1963","target":"2586"},{"source":"1963","target":"2590"},{"source":"1963","target":"2601"},{"source":"1963","target":"2604"},{"source":"1963","target":"2607"},{"source":"1963","target":"2638"},{"source":"1963","target":"2646"},{"source":"1963","target":"2655"},{"source":"1964","target":"1965"},{"source":"1964","target":"1974"},{"source":"1964","target":"1977"},{"source":"1964","target":"2007"},{"source":"1964","target":"2023"},{"source":"1964","target":"2031"},{"source":"1964","target":"2035"},{"source":"1964","target":"2036"},{"source":"1964","target":"2038"},{"source":"1964","target":"2042"},{"source":"1964","target":"2047"},{"source":"1964","target":"2066"},{"source":"1964","target":"2081"},{"source":"1964","target":"2085"},{"source":"1964","target":"2091"},{"source":"1964","target":"2117"},{"source":"1964","target":"2126"},{"source":"1964","target":"2127"},{"source":"1964","target":"2133"},{"source":"1964","target":"2138"},{"source":"1964","target":"2141"},{"source":"1964","target":"2145"},{"source":"1964","target":"2149"},{"source":"1964","target":"2162"},{"source":"1964","target":"2174"},{"source":"1964","target":"2176"},{"source":"1964","target":"2185"},{"source":"1964","target":"2186"},{"source":"1964","target":"2189"},{"source":"1964","target":"2197"},{"source":"1964","target":"2209"},{"source":"1964","target":"2211"},{"source":"1964","target":"2214"},{"source":"1964","target":"2219"},{"source":"1964","target":"2226"},{"source":"1964","target":"2228"},{"source":"1964","target":"2232"},{"source":"1964","target":"2236"},{"source":"1964","target":"2242"},{"source":"1964","target":"2256"},{"source":"1964","target":"2265"},{"source":"1964","target":"2268"},{"source":"1964","target":"2279"},{"source":"1964","target":"2282"},{"source":"1964","target":"2288"},{"source":"1964","target":"2289"},{"source":"1964","target":"2291"},{"source":"1964","target":"2292"},{"source":"1964","target":"2296"},{"source":"1964","target":"2302"},{"source":"1964","target":"2310"},{"source":"1964","target":"2313"},{"source":"1964","target":"2317"},{"source":"1964","target":"2318"},{"source":"1964","target":"2322"},{"source":"1964","target":"2325"},{"source":"1964","target":"2335"},{"source":"1964","target":"2342"},{"source":"1964","target":"2345"},{"source":"1964","target":"2361"},{"source":"1964","target":"2362"},{"source":"1964","target":"2366"},{"source":"1964","target":"2367"},{"source":"1964","target":"2371"},{"source":"1964","target":"2384"},{"source":"1964","target":"2398"},{"source":"1964","target":"2406"},{"source":"1964","target":"2416"},{"source":"1964","target":"2419"},{"source":"1964","target":"2425"},{"source":"1964","target":"2440"},{"source":"1964","target":"2448"},{"source":"1964","target":"2453"},{"source":"1964","target":"2488"},{"source":"1964","target":"2498"},{"source":"1964","target":"2505"},{"source":"1964","target":"2514"},{"source":"1964","target":"2517"},{"source":"1964","target":"2525"},{"source":"1964","target":"2540"},{"source":"1964","target":"2557"},{"source":"1964","target":"2566"},{"source":"1964","target":"2589"},{"source":"1964","target":"2608"},{"source":"1964","target":"2610"},{"source":"1964","target":"2612"},{"source":"1964","target":"2618"},{"source":"1964","target":"2637"},{"source":"1964","target":"2642"},{"source":"1964","target":"2651"},{"source":"1965","target":"1975"},{"source":"1965","target":"2049"},{"source":"1965","target":"2114"},{"source":"1965","target":"2126"},{"source":"1965","target":"2133"},{"source":"1965","target":"2166"},{"source":"1965","target":"2176"},{"source":"1965","target":"2231"},{"source":"1965","target":"2286"},{"source":"1965","target":"2289"},{"source":"1965","target":"2313"},{"source":"1965","target":"2322"},{"source":"1965","target":"2325"},{"source":"1965","target":"2335"},{"source":"1965","target":"2361"},{"source":"1965","target":"2474"},{"source":"1965","target":"2557"},{"source":"1965","target":"2656"},{"source":"1966","target":"1971"},{"source":"1966","target":"1983"},{"source":"1966","target":"1984"},{"source":"1966","target":"1985"},{"source":"1966","target":"1986"},{"source":"1966","target":"1989"},{"source":"1966","target":"1993"},{"source":"1966","target":"1997"},{"source":"1966","target":"2005"},{"source":"1966","target":"2020"},{"source":"1966","target":"2030"},{"source":"1966","target":"2033"},{"source":"1966","target":"2037"},{"source":"1966","target":"2040"},{"source":"1966","target":"2043"},{"source":"1966","target":"2044"},{"source":"1966","target":"2045"},{"source":"1966","target":"2058"},{"source":"1966","target":"2059"},{"source":"1966","target":"2060"},{"source":"1966","target":"2062"},{"source":"1966","target":"2063"},{"source":"1966","target":"2064"},{"source":"1966","target":"2069"},{"source":"1966","target":"2073"},{"source":"1966","target":"2074"},{"source":"1966","target":"2078"},{"source":"1966","target":"2083"},{"source":"1966","target":"2084"},{"source":"1966","target":"2088"},{"source":"1966","target":"2090"},{"source":"1966","target":"2093"},{"source":"1966","target":"2095"},{"source":"1966","target":"2103"},{"source":"1966","target":"2104"},{"source":"1966","target":"2108"},{"source":"1966","target":"2109"},{"source":"1966","target":"2112"},{"source":"1966","target":"2115"},{"source":"1966","target":"2118"},{"source":"1966","target":"2121"},{"source":"1966","target":"2123"},{"source":"1966","target":"2124"},{"source":"1966","target":"2131"},{"source":"1966","target":"2139"},{"source":"1966","target":"2140"},{"source":"1966","target":"2142"},{"source":"1966","target":"2150"},{"source":"1966","target":"2154"},{"source":"1966","target":"2164"},{"source":"1966","target":"2165"},{"source":"1966","target":"2172"},{"source":"1966","target":"2184"},{"source":"1966","target":"2190"},{"source":"1966","target":"2201"},{"source":"1966","target":"2206"},{"source":"1966","target":"2210"},{"source":"1966","target":"2212"},{"source":"1966","target":"2218"},{"source":"1966","target":"2220"},{"source":"1966","target":"2229"},{"source":"1966","target":"2233"},{"source":"1966","target":"2240"},{"source":"1966","target":"2244"},{"source":"1966","target":"2253"},{"source":"1966","target":"2257"},{"source":"1966","target":"2261"},{"source":"1966","target":"2266"},{"source":"1966","target":"2271"},{"source":"1966","target":"2275"},{"source":"1966","target":"2276"},{"source":"1966","target":"2278"},{"source":"1966","target":"2290"},{"source":"1966","target":"2299"},{"source":"1966","target":"2306"},{"source":"1966","target":"2307"},{"source":"1966","target":"2308"},{"source":"1966","target":"2309"},{"source":"1966","target":"2323"},{"source":"1966","target":"2324"},{"source":"1966","target":"2326"},{"source":"1966","target":"2331"},{"source":"1966","target":"2339"},{"source":"1966","target":"2340"},{"source":"1966","target":"2347"},{"source":"1966","target":"2348"},{"source":"1966","target":"2352"},{"source":"1966","target":"2353"},{"source":"1966","target":"2354"},{"source":"1966","target":"2356"},{"source":"1966","target":"2359"},{"source":"1966","target":"2363"},{"source":"1966","target":"2369"},{"source":"1966","target":"2370"},{"source":"1966","target":"2374"},{"source":"1966","target":"2376"},{"source":"1966","target":"2381"},{"source":"1966","target":"2386"},{"source":"1966","target":"2387"},{"source":"1966","target":"2404"},{"source":"1966","target":"2409"},{"source":"1966","target":"2410"},{"source":"1966","target":"2414"},{"source":"1966","target":"2423"},{"source":"1966","target":"2427"},{"source":"1966","target":"2428"},{"source":"1966","target":"2429"},{"source":"1966","target":"2433"},{"source":"1966","target":"2446"},{"source":"1966","target":"2449"},{"source":"1966","target":"2454"},{"source":"1966","target":"2462"},{"source":"1966","target":"2464"},{"source":"1966","target":"2467"},{"source":"1966","target":"2468"},{"source":"1966","target":"2469"},{"source":"1966","target":"2476"},{"source":"1966","target":"2478"},{"source":"1966","target":"2484"},{"source":"1966","target":"2492"},{"source":"1966","target":"2499"},{"source":"1966","target":"2500"},{"source":"1966","target":"2504"},{"source":"1966","target":"2506"},{"source":"1966","target":"2507"},{"source":"1966","target":"2520"},{"source":"1966","target":"2521"},{"source":"1966","target":"2526"},{"source":"1966","target":"2536"},{"source":"1966","target":"2542"},{"source":"1966","target":"2549"},{"source":"1966","target":"2550"},{"source":"1966","target":"2551"},{"source":"1966","target":"2552"},{"source":"1966","target":"2553"},{"source":"1966","target":"2559"},{"source":"1966","target":"2560"},{"source":"1966","target":"2561"},{"source":"1966","target":"2563"},{"source":"1966","target":"2564"},{"source":"1966","target":"2573"},{"source":"1966","target":"2575"},{"source":"1966","target":"2576"},{"source":"1966","target":"2578"},{"source":"1966","target":"2579"},{"source":"1966","target":"2581"},{"source":"1966","target":"2586"},{"source":"1966","target":"2590"},{"source":"1966","target":"2593"},{"source":"1966","target":"2600"},{"source":"1966","target":"2601"},{"source":"1966","target":"2602"},{"source":"1966","target":"2604"},{"source":"1966","target":"2607"},{"source":"1966","target":"2611"},{"source":"1966","target":"2615"},{"source":"1966","target":"2619"},{"source":"1966","target":"2624"},{"source":"1966","target":"2625"},{"source":"1966","target":"2630"},{"source":"1966","target":"2631"},{"source":"1966","target":"2654"},{"source":"1966","target":"2655"},{"source":"1968","target":"1973"},{"source":"1968","target":"1976"},{"source":"1968","target":"1980"},{"source":"1968","target":"1995"},{"source":"1968","target":"1999"},{"source":"1968","target":"2001"},{"source":"1968","target":"2006"},{"source":"1968","target":"2009"},{"source":"1968","target":"2018"},{"source":"1968","target":"2022"},{"source":"1968","target":"2024"},{"source":"1968","target":"2143"},{"source":"1968","target":"2159"},{"source":"1968","target":"2171"},{"source":"1968","target":"2202"},{"source":"1968","target":"2365"},{"source":"1968","target":"2378"},{"source":"1968","target":"2389"},{"source":"1968","target":"2447"},{"source":"1968","target":"2459"},{"source":"1968","target":"2472"},{"source":"1968","target":"2585"},{"source":"1968","target":"2620"},{"source":"1968","target":"2633"},{"source":"1968","target":"2640"},{"source":"1968","target":"2657"},{"source":"1968","target":"2658"},{"source":"1968","target":"2659"},{"source":"1969","target":"2087"},{"source":"1969","target":"2302"},{"source":"1969","target":"2385"},{"source":"1970","target":"1981"},{"source":"1970","target":"2002"},{"source":"1970","target":"2003"},{"source":"1970","target":"2054"},{"source":"1970","target":"2062"},{"source":"1970","target":"2072"},{"source":"1970","target":"2075"},{"source":"1970","target":"2081"},{"source":"1970","target":"2087"},{"source":"1970","target":"2110"},{"source":"1970","target":"2111"},{"source":"1970","target":"2125"},{"source":"1970","target":"2132"},{"source":"1970","target":"2134"},{"source":"1970","target":"2151"},{"source":"1970","target":"2153"},{"source":"1970","target":"2155"},{"source":"1970","target":"2161"},{"source":"1970","target":"2163"},{"source":"1970","target":"2176"},{"source":"1970","target":"2183"},{"source":"1970","target":"2199"},{"source":"1970","target":"2221"},{"source":"1970","target":"2222"},{"source":"1970","target":"2226"},{"source":"1970","target":"2243"},{"source":"1970","target":"2247"},{"source":"1970","target":"2267"},{"source":"1970","target":"2274"},{"source":"1970","target":"2282"},{"source":"1970","target":"2283"},{"source":"1970","target":"2318"},{"source":"1970","target":"2325"},{"source":"1970","target":"2327"},{"source":"1970","target":"2328"},{"source":"1970","target":"2333"},{"source":"1970","target":"2344"},{"source":"1970","target":"2368"},{"source":"1970","target":"2377"},{"source":"1970","target":"2384"},{"source":"1970","target":"2389"},{"source":"1970","target":"2390"},{"source":"1970","target":"2396"},{"source":"1970","target":"2399"},{"source":"1970","target":"2415"},{"source":"1970","target":"2419"},{"source":"1970","target":"2434"},{"source":"1970","target":"2438"},{"source":"1970","target":"2452"},{"source":"1970","target":"2461"},{"source":"1970","target":"2471"},{"source":"1970","target":"2479"},{"source":"1970","target":"2493"},{"source":"1970","target":"2501"},{"source":"1970","target":"2509"},{"source":"1970","target":"2511"},{"source":"1970","target":"2525"},{"source":"1970","target":"2531"},{"source":"1970","target":"2537"},{"source":"1970","target":"2555"},{"source":"1970","target":"2592"},{"source":"1970","target":"2598"},{"source":"1970","target":"2603"},{"source":"1970","target":"2605"},{"source":"1970","target":"2608"},{"source":"1970","target":"2652"},{"source":"1971","target":"1979"},{"source":"1971","target":"1983"},{"source":"1971","target":"1984"},{"source":"1971","target":"1985"},{"source":"1971","target":"1993"},{"source":"1971","target":"1997"},{"source":"1971","target":"2005"},{"source":"1971","target":"2020"},{"source":"1971","target":"2021"},{"source":"1971","target":"2030"},{"source":"1971","target":"2033"},{"source":"1971","target":"2037"},{"source":"1971","target":"2040"},{"source":"1971","target":"2043"},{"source":"1971","target":"2045"},{"source":"1971","target":"2056"},{"source":"1971","target":"2059"},{"source":"1971","target":"2064"},{"source":"1971","target":"2073"},{"source":"1971","target":"2074"},{"source":"1971","target":"2078"},{"source":"1971","target":"2086"},{"source":"1971","target":"2088"},{"source":"1971","target":"2090"},{"source":"1971","target":"2093"},{"source":"1971","target":"2095"},{"source":"1971","target":"2098"},{"source":"1971","target":"2103"},{"source":"1971","target":"2104"},{"source":"1971","target":"2108"},{"source":"1971","target":"2109"},{"source":"1971","target":"2112"},{"source":"1971","target":"2115"},{"source":"1971","target":"2118"},{"source":"1971","target":"2121"},{"source":"1971","target":"2123"},{"source":"1971","target":"2124"},{"source":"1971","target":"2131"},{"source":"1971","target":"2139"},{"source":"1971","target":"2140"},{"source":"1971","target":"2142"},{"source":"1971","target":"2150"},{"source":"1971","target":"2154"},{"source":"1971","target":"2164"},{"source":"1971","target":"2165"},{"source":"1971","target":"2172"},{"source":"1971","target":"2179"},{"source":"1971","target":"2184"},{"source":"1971","target":"2188"},{"source":"1971","target":"2190"},{"source":"1971","target":"2200"},{"source":"1971","target":"2201"},{"source":"1971","target":"2206"},{"source":"1971","target":"2212"},{"source":"1971","target":"2216"},{"source":"1971","target":"2218"},{"source":"1971","target":"2220"},{"source":"1971","target":"2229"},{"source":"1971","target":"2233"},{"source":"1971","target":"2237"},{"source":"1971","target":"2240"},{"source":"1971","target":"2244"},{"source":"1971","target":"2253"},{"source":"1971","target":"2257"},{"source":"1971","target":"2261"},{"source":"1971","target":"2266"},{"source":"1971","target":"2271"},{"source":"1971","target":"2275"},{"source":"1971","target":"2276"},{"source":"1971","target":"2278"},{"source":"1971","target":"2287"},{"source":"1971","target":"2290"},{"source":"1971","target":"2299"},{"source":"1971","target":"2306"},{"source":"1971","target":"2307"},{"source":"1971","target":"2308"},{"source":"1971","target":"2309"},{"source":"1971","target":"2323"},{"source":"1971","target":"2324"},{"source":"1971","target":"2326"},{"source":"1971","target":"2329"},{"source":"1971","target":"2331"},{"source":"1971","target":"2339"},{"source":"1971","target":"2340"},{"source":"1971","target":"2347"},{"source":"1971","target":"2348"},{"source":"1971","target":"2352"},{"source":"1971","target":"2354"},{"source":"1971","target":"2356"},{"source":"1971","target":"2359"},{"source":"1971","target":"2363"},{"source":"1971","target":"2369"},{"source":"1971","target":"2374"},{"source":"1971","target":"2376"},{"source":"1971","target":"2381"},{"source":"1971","target":"2386"},{"source":"1971","target":"2395"},{"source":"1971","target":"2404"},{"source":"1971","target":"2407"},{"source":"1971","target":"2408"},{"source":"1971","target":"2409"},{"source":"1971","target":"2410"},{"source":"1971","target":"2414"},{"source":"1971","target":"2423"},{"source":"1971","target":"2427"},{"source":"1971","target":"2428"},{"source":"1971","target":"2429"},{"source":"1971","target":"2430"},{"source":"1971","target":"2433"},{"source":"1971","target":"2460"},{"source":"1971","target":"2462"},{"source":"1971","target":"2464"},{"source":"1971","target":"2468"},{"source":"1971","target":"2469"},{"source":"1971","target":"2482"},{"source":"1971","target":"2484"},{"source":"1971","target":"2485"},{"source":"1971","target":"2489"},{"source":"1971","target":"2492"},{"source":"1971","target":"2499"},{"source":"1971","target":"2500"},{"source":"1971","target":"2504"},{"source":"1971","target":"2506"},{"source":"1971","target":"2507"},{"source":"1971","target":"2520"},{"source":"1971","target":"2521"},{"source":"1971","target":"2526"},{"source":"1971","target":"2532"},{"source":"1971","target":"2536"},{"source":"1971","target":"2542"},{"source":"1971","target":"2543"},{"source":"1971","target":"2546"},{"source":"1971","target":"2549"},{"source":"1971","target":"2550"},{"source":"1971","target":"2552"},{"source":"1971","target":"2554"},{"source":"1971","target":"2556"},{"source":"1971","target":"2559"},{"source":"1971","target":"2560"},{"source":"1971","target":"2561"},{"source":"1971","target":"2563"},{"source":"1971","target":"2564"},{"source":"1971","target":"2573"},{"source":"1971","target":"2575"},{"source":"1971","target":"2578"},{"source":"1971","target":"2579"},{"source":"1971","target":"2586"},{"source":"1971","target":"2590"},{"source":"1971","target":"2591"},{"source":"1971","target":"2593"},{"source":"1971","target":"2600"},{"source":"1971","target":"2601"},{"source":"1971","target":"2604"},{"source":"1971","target":"2606"},{"source":"1971","target":"2607"},{"source":"1971","target":"2611"},{"source":"1971","target":"2615"},{"source":"1971","target":"2619"},{"source":"1971","target":"2623"},{"source":"1971","target":"2624"},{"source":"1971","target":"2625"},{"source":"1971","target":"2630"},{"source":"1971","target":"2646"},{"source":"1971","target":"2654"},{"source":"1971","target":"2655"},{"source":"1972","target":"1973"},{"source":"1972","target":"1976"},{"source":"1972","target":"1991"},{"source":"1972","target":"1995"},{"source":"1972","target":"1998"},{"source":"1972","target":"2000"},{"source":"1972","target":"2001"},{"source":"1972","target":"2004"},{"source":"1972","target":"2006"},{"source":"1972","target":"2009"},{"source":"1972","target":"2011"},{"source":"1972","target":"2012"},{"source":"1972","target":"2013"},{"source":"1972","target":"2018"},{"source":"1972","target":"2022"},{"source":"1972","target":"2024"},{"source":"1972","target":"2025"},{"source":"1972","target":"2027"},{"source":"1972","target":"2061"},{"source":"1972","target":"2097"},{"source":"1972","target":"2116"},{"source":"1972","target":"2128"},{"source":"1972","target":"2143"},{"source":"1972","target":"2159"},{"source":"1972","target":"2171"},{"source":"1972","target":"2192"},{"source":"1972","target":"2202"},{"source":"1972","target":"2225"},{"source":"1972","target":"2268"},{"source":"1972","target":"2284"},{"source":"1972","target":"2297"},{"source":"1972","target":"2302"},{"source":"1972","target":"2337"},{"source":"1972","target":"2364"},{"source":"1972","target":"2378"},{"source":"1972","target":"2389"},{"source":"1972","target":"2435"},{"source":"1972","target":"2447"},{"source":"1972","target":"2459"},{"source":"1972","target":"2472"},{"source":"1972","target":"2494"},{"source":"1972","target":"2531"},{"source":"1972","target":"2538"},{"source":"1972","target":"2583"},{"source":"1972","target":"2585"},{"source":"1972","target":"2620"},{"source":"1972","target":"2627"},{"source":"1972","target":"2629"},{"source":"1972","target":"2633"},{"source":"1972","target":"2636"},{"source":"1972","target":"2639"},{"source":"1972","target":"2640"},{"source":"1972","target":"2645"},{"source":"1972","target":"2647"},{"source":"1972","target":"2648"},{"source":"1972","target":"2657"},{"source":"1972","target":"2658"},{"source":"1972","target":"2659"},{"source":"1972","target":"2660"},{"source":"1973","target":"1976"},{"source":"1973","target":"1980"},{"source":"1973","target":"1995"},{"source":"1973","target":"1999"},{"source":"1973","target":"2001"},{"source":"1973","target":"2004"},{"source":"1973","target":"2006"},{"source":"1973","target":"2009"},{"source":"1973","target":"2011"},{"source":"1973","target":"2016"},{"source":"1973","target":"2018"},{"source":"1973","target":"2022"},{"source":"1973","target":"2024"},{"source":"1973","target":"2050"},{"source":"1973","target":"2061"},{"source":"1973","target":"2097"},{"source":"1973","target":"2116"},{"source":"1973","target":"2127"},{"source":"1973","target":"2143"},{"source":"1973","target":"2159"},{"source":"1973","target":"2171"},{"source":"1973","target":"2192"},{"source":"1973","target":"2202"},{"source":"1973","target":"2225"},{"source":"1973","target":"2268"},{"source":"1973","target":"2284"},{"source":"1973","target":"2297"},{"source":"1973","target":"2319"},{"source":"1973","target":"2337"},{"source":"1973","target":"2346"},{"source":"1973","target":"2364"},{"source":"1973","target":"2365"},{"source":"1973","target":"2378"},{"source":"1973","target":"2384"},{"source":"1973","target":"2435"},{"source":"1973","target":"2459"},{"source":"1973","target":"2494"},{"source":"1973","target":"2538"},{"source":"1973","target":"2583"},{"source":"1973","target":"2616"},{"source":"1973","target":"2620"},{"source":"1973","target":"2626"},{"source":"1973","target":"2627"},{"source":"1973","target":"2633"},{"source":"1973","target":"2636"},{"source":"1973","target":"2640"},{"source":"1973","target":"2647"},{"source":"1973","target":"2648"},{"source":"1973","target":"2657"},{"source":"1973","target":"2659"},{"source":"1973","target":"2660"},{"source":"1974","target":"2214"},{"source":"1974","target":"2368"},{"source":"1974","target":"2453"},{"source":"1974","target":"2505"},{"source":"1974","target":"2651"},{"source":"1975","target":"1990"},{"source":"1975","target":"2035"},{"source":"1975","target":"2047"},{"source":"1975","target":"2049"},{"source":"1975","target":"2114"},{"source":"1975","target":"2119"},{"source":"1975","target":"2126"},{"source":"1975","target":"2156"},{"source":"1975","target":"2158"},{"source":"1975","target":"2173"},{"source":"1975","target":"2175"},{"source":"1975","target":"2193"},{"source":"1975","target":"2197"},{"source":"1975","target":"2228"},{"source":"1975","target":"2236"},{"source":"1975","target":"2248"},{"source":"1975","target":"2286"},{"source":"1975","target":"2313"},{"source":"1975","target":"2314"},{"source":"1975","target":"2322"},{"source":"1975","target":"2335"},{"source":"1975","target":"2360"},{"source":"1975","target":"2361"},{"source":"1975","target":"2368"},{"source":"1975","target":"2397"},{"source":"1975","target":"2403"},{"source":"1975","target":"2411"},{"source":"1975","target":"2474"},{"source":"1975","target":"2488"},{"source":"1975","target":"2503"},{"source":"1975","target":"2534"},{"source":"1976","target":"1991"},{"source":"1976","target":"1998"},{"source":"1976","target":"1999"},{"source":"1976","target":"2000"},{"source":"1976","target":"2001"},{"source":"1976","target":"2004"},{"source":"1976","target":"2006"},{"source":"1976","target":"2009"},{"source":"1976","target":"2012"},{"source":"1976","target":"2013"},{"source":"1976","target":"2018"},{"source":"1976","target":"2022"},{"source":"1976","target":"2024"},{"source":"1976","target":"2099"},{"source":"1976","target":"2157"},{"source":"1976","target":"2159"},{"source":"1976","target":"2171"},{"source":"1976","target":"2192"},{"source":"1976","target":"2268"},{"source":"1976","target":"2284"},{"source":"1976","target":"2337"},{"source":"1976","target":"2364"},{"source":"1976","target":"2365"},{"source":"1976","target":"2384"},{"source":"1976","target":"2447"},{"source":"1976","target":"2459"},{"source":"1976","target":"2472"},{"source":"1976","target":"2583"},{"source":"1976","target":"2620"},{"source":"1976","target":"2639"},{"source":"1976","target":"2659"},{"source":"1977","target":"2036"},{"source":"1977","target":"2211"},{"source":"1977","target":"2214"},{"source":"1977","target":"2256"},{"source":"1977","target":"2265"},{"source":"1977","target":"2291"},{"source":"1977","target":"2566"},{"source":"1978","target":"1990"},{"source":"1978","target":"2047"},{"source":"1978","target":"2049"},{"source":"1978","target":"2173"},{"source":"1978","target":"2248"},{"source":"1978","target":"2286"},{"source":"1978","target":"2314"},{"source":"1978","target":"2397"},{"source":"1978","target":"2403"},{"source":"1978","target":"2474"},{"source":"1978","target":"2497"},{"source":"1978","target":"2503"},{"source":"1978","target":"2534"},{"source":"1979","target":"1983"},{"source":"1979","target":"1984"},{"source":"1979","target":"1985"},{"source":"1979","target":"1986"},{"source":"1979","target":"1989"},{"source":"1979","target":"1993"},{"source":"1979","target":"1997"},{"source":"1979","target":"2005"},{"source":"1979","target":"2020"},{"source":"1979","target":"2021"},{"source":"1979","target":"2030"},{"source":"1979","target":"2037"},{"source":"1979","target":"2040"},{"source":"1979","target":"2043"},{"source":"1979","target":"2045"},{"source":"1979","target":"2046"},{"source":"1979","target":"2055"},{"source":"1979","target":"2058"},{"source":"1979","target":"2059"},{"source":"1979","target":"2060"},{"source":"1979","target":"2063"},{"source":"1979","target":"2064"},{"source":"1979","target":"2069"},{"source":"1979","target":"2073"},{"source":"1979","target":"2074"},{"source":"1979","target":"2078"},{"source":"1979","target":"2084"},{"source":"1979","target":"2086"},{"source":"1979","target":"2088"},{"source":"1979","target":"2090"},{"source":"1979","target":"2093"},{"source":"1979","target":"2095"},{"source":"1979","target":"2098"},{"source":"1979","target":"2104"},{"source":"1979","target":"2112"},{"source":"1979","target":"2115"},{"source":"1979","target":"2118"},{"source":"1979","target":"2121"},{"source":"1979","target":"2122"},{"source":"1979","target":"2123"},{"source":"1979","target":"2124"},{"source":"1979","target":"2131"},{"source":"1979","target":"2136"},{"source":"1979","target":"2139"},{"source":"1979","target":"2140"},{"source":"1979","target":"2142"},{"source":"1979","target":"2150"},{"source":"1979","target":"2164"},{"source":"1979","target":"2165"},{"source":"1979","target":"2179"},{"source":"1979","target":"2184"},{"source":"1979","target":"2188"},{"source":"1979","target":"2190"},{"source":"1979","target":"2200"},{"source":"1979","target":"2201"},{"source":"1979","target":"2206"},{"source":"1979","target":"2210"},{"source":"1979","target":"2212"},{"source":"1979","target":"2213"},{"source":"1979","target":"2216"},{"source":"1979","target":"2218"},{"source":"1979","target":"2220"},{"source":"1979","target":"2229"},{"source":"1979","target":"2233"},{"source":"1979","target":"2240"},{"source":"1979","target":"2253"},{"source":"1979","target":"2257"},{"source":"1979","target":"2258"},{"source":"1979","target":"2261"},{"source":"1979","target":"2266"},{"source":"1979","target":"2271"},{"source":"1979","target":"2275"},{"source":"1979","target":"2276"},{"source":"1979","target":"2278"},{"source":"1979","target":"2290"},{"source":"1979","target":"2299"},{"source":"1979","target":"2300"},{"source":"1979","target":"2308"},{"source":"1979","target":"2309"},{"source":"1979","target":"2323"},{"source":"1979","target":"2324"},{"source":"1979","target":"2326"},{"source":"1979","target":"2329"},{"source":"1979","target":"2331"},{"source":"1979","target":"2339"},{"source":"1979","target":"2340"},{"source":"1979","target":"2347"},{"source":"1979","target":"2352"},{"source":"1979","target":"2353"},{"source":"1979","target":"2356"},{"source":"1979","target":"2359"},{"source":"1979","target":"2363"},{"source":"1979","target":"2369"},{"source":"1979","target":"2370"},{"source":"1979","target":"2374"},{"source":"1979","target":"2376"},{"source":"1979","target":"2381"},{"source":"1979","target":"2386"},{"source":"1979","target":"2391"},{"source":"1979","target":"2392"},{"source":"1979","target":"2395"},{"source":"1979","target":"2404"},{"source":"1979","target":"2407"},{"source":"1979","target":"2408"},{"source":"1979","target":"2409"},{"source":"1979","target":"2410"},{"source":"1979","target":"2414"},{"source":"1979","target":"2418"},{"source":"1979","target":"2423"},{"source":"1979","target":"2428"},{"source":"1979","target":"2433"},{"source":"1979","target":"2460"},{"source":"1979","target":"2462"},{"source":"1979","target":"2464"},{"source":"1979","target":"2467"},{"source":"1979","target":"2469"},{"source":"1979","target":"2477"},{"source":"1979","target":"2482"},{"source":"1979","target":"2484"},{"source":"1979","target":"2489"},{"source":"1979","target":"2492"},{"source":"1979","target":"2495"},{"source":"1979","target":"2500"},{"source":"1979","target":"2504"},{"source":"1979","target":"2506"},{"source":"1979","target":"2507"},{"source":"1979","target":"2520"},{"source":"1979","target":"2521"},{"source":"1979","target":"2526"},{"source":"1979","target":"2539"},{"source":"1979","target":"2542"},{"source":"1979","target":"2543"},{"source":"1979","target":"2546"},{"source":"1979","target":"2549"},{"source":"1979","target":"2550"},{"source":"1979","target":"2551"},{"source":"1979","target":"2552"},{"source":"1979","target":"2553"},{"source":"1979","target":"2554"},{"source":"1979","target":"2556"},{"source":"1979","target":"2559"},{"source":"1979","target":"2560"},{"source":"1979","target":"2563"},{"source":"1979","target":"2564"},{"source":"1979","target":"2573"},{"source":"1979","target":"2575"},{"source":"1979","target":"2576"},{"source":"1979","target":"2578"},{"source":"1979","target":"2586"},{"source":"1979","target":"2590"},{"source":"1979","target":"2593"},{"source":"1979","target":"2600"},{"source":"1979","target":"2602"},{"source":"1979","target":"2604"},{"source":"1979","target":"2607"},{"source":"1979","target":"2611"},{"source":"1979","target":"2615"},{"source":"1979","target":"2619"},{"source":"1979","target":"2624"},{"source":"1979","target":"2625"},{"source":"1979","target":"2631"},{"source":"1979","target":"2638"},{"source":"1979","target":"2654"},{"source":"1979","target":"2655"},{"source":"1980","target":"1991"},{"source":"1980","target":"1995"},{"source":"1980","target":"1998"},{"source":"1980","target":"1999"},{"source":"1980","target":"2001"},{"source":"1980","target":"2006"},{"source":"1980","target":"2009"},{"source":"1980","target":"2011"},{"source":"1980","target":"2012"},{"source":"1980","target":"2014"},{"source":"1980","target":"2018"},{"source":"1980","target":"2022"},{"source":"1980","target":"2024"},{"source":"1980","target":"2025"},{"source":"1980","target":"2027"},{"source":"1980","target":"2050"},{"source":"1980","target":"2061"},{"source":"1980","target":"2097"},{"source":"1980","target":"2116"},{"source":"1980","target":"2143"},{"source":"1980","target":"2159"},{"source":"1980","target":"2171"},{"source":"1980","target":"2202"},{"source":"1980","target":"2284"},{"source":"1980","target":"2297"},{"source":"1980","target":"2337"},{"source":"1980","target":"2346"},{"source":"1980","target":"2364"},{"source":"1980","target":"2365"},{"source":"1980","target":"2378"},{"source":"1980","target":"2435"},{"source":"1980","target":"2538"},{"source":"1980","target":"2583"},{"source":"1980","target":"2585"},{"source":"1980","target":"2620"},{"source":"1980","target":"2626"},{"source":"1980","target":"2633"},{"source":"1980","target":"2636"},{"source":"1980","target":"2640"},{"source":"1980","target":"2645"},{"source":"1980","target":"2647"},{"source":"1980","target":"2648"},{"source":"1980","target":"2657"},{"source":"1980","target":"2659"},{"source":"1981","target":"2003"},{"source":"1981","target":"2007"},{"source":"1981","target":"2026"},{"source":"1981","target":"2029"},{"source":"1981","target":"2053"},{"source":"1981","target":"2054"},{"source":"1981","target":"2062"},{"source":"1981","target":"2071"},{"source":"1981","target":"2072"},{"source":"1981","target":"2075"},{"source":"1981","target":"2081"},{"source":"1981","target":"2101"},{"source":"1981","target":"2110"},{"source":"1981","target":"2111"},{"source":"1981","target":"2132"},{"source":"1981","target":"2161"},{"source":"1981","target":"2199"},{"source":"1981","target":"2221"},{"source":"1981","target":"2222"},{"source":"1981","target":"2235"},{"source":"1981","target":"2243"},{"source":"1981","target":"2264"},{"source":"1981","target":"2274"},{"source":"1981","target":"2280"},{"source":"1981","target":"2282"},{"source":"1981","target":"2294"},{"source":"1981","target":"2304"},{"source":"1981","target":"2327"},{"source":"1981","target":"2328"},{"source":"1981","target":"2333"},{"source":"1981","target":"2336"},{"source":"1981","target":"2344"},{"source":"1981","target":"2384"},{"source":"1981","target":"2390"},{"source":"1981","target":"2394"},{"source":"1981","target":"2396"},{"source":"1981","target":"2399"},{"source":"1981","target":"2434"},{"source":"1981","target":"2438"},{"source":"1981","target":"2451"},{"source":"1981","target":"2458"},{"source":"1981","target":"2479"},{"source":"1981","target":"2501"},{"source":"1981","target":"2509"},{"source":"1981","target":"2511"},{"source":"1981","target":"2537"},{"source":"1981","target":"2592"},{"source":"1981","target":"2603"},{"source":"1981","target":"2617"},{"source":"1981","target":"2652"},{"source":"1982","target":"1988"},{"source":"1982","target":"2085"},{"source":"1982","target":"2092"},{"source":"1982","target":"2134"},{"source":"1982","target":"2142"},{"source":"1982","target":"2222"},{"source":"1982","target":"2235"},{"source":"1982","target":"2262"},{"source":"1982","target":"2280"},{"source":"1982","target":"2327"},{"source":"1982","target":"2345"},{"source":"1982","target":"2349"},{"source":"1982","target":"2443"},{"source":"1982","target":"2512"},{"source":"1982","target":"2513"},{"source":"1982","target":"2522"},{"source":"1982","target":"2560"},{"source":"1982","target":"2594"},{"source":"1983","target":"1984"},{"source":"1983","target":"1985"},{"source":"1983","target":"1986"},{"source":"1983","target":"1989"},{"source":"1983","target":"1993"},{"source":"1983","target":"2005"},{"source":"1983","target":"2020"},{"source":"1983","target":"2030"},{"source":"1983","target":"2033"},{"source":"1983","target":"2037"},{"source":"1983","target":"2040"},{"source":"1983","target":"2043"},{"source":"1983","target":"2044"},{"source":"1983","target":"2045"},{"source":"1983","target":"2046"},{"source":"1983","target":"2055"},{"source":"1983","target":"2058"},{"source":"1983","target":"2059"},{"source":"1983","target":"2063"},{"source":"1983","target":"2064"},{"source":"1983","target":"2069"},{"source":"1983","target":"2073"},{"source":"1983","target":"2074"},{"source":"1983","target":"2077"},{"source":"1983","target":"2078"},{"source":"1983","target":"2083"},{"source":"1983","target":"2084"},{"source":"1983","target":"2086"},{"source":"1983","target":"2088"},{"source":"1983","target":"2090"},{"source":"1983","target":"2092"},{"source":"1983","target":"2093"},{"source":"1983","target":"2095"},{"source":"1983","target":"2103"},{"source":"1983","target":"2104"},{"source":"1983","target":"2108"},{"source":"1983","target":"2109"},{"source":"1983","target":"2112"},{"source":"1983","target":"2118"},{"source":"1983","target":"2121"},{"source":"1983","target":"2122"},{"source":"1983","target":"2123"},{"source":"1983","target":"2124"},{"source":"1983","target":"2131"},{"source":"1983","target":"2139"},{"source":"1983","target":"2140"},{"source":"1983","target":"2142"},{"source":"1983","target":"2147"},{"source":"1983","target":"2150"},{"source":"1983","target":"2154"},{"source":"1983","target":"2172"},{"source":"1983","target":"2179"},{"source":"1983","target":"2184"},{"source":"1983","target":"2188"},{"source":"1983","target":"2189"},{"source":"1983","target":"2190"},{"source":"1983","target":"2200"},{"source":"1983","target":"2201"},{"source":"1983","target":"2206"},{"source":"1983","target":"2210"},{"source":"1983","target":"2212"},{"source":"1983","target":"2213"},{"source":"1983","target":"2218"},{"source":"1983","target":"2220"},{"source":"1983","target":"2229"},{"source":"1983","target":"2233"},{"source":"1983","target":"2237"},{"source":"1983","target":"2240"},{"source":"1983","target":"2244"},{"source":"1983","target":"2253"},{"source":"1983","target":"2257"},{"source":"1983","target":"2261"},{"source":"1983","target":"2266"},{"source":"1983","target":"2271"},{"source":"1983","target":"2275"},{"source":"1983","target":"2276"},{"source":"1983","target":"2278"},{"source":"1983","target":"2288"},{"source":"1983","target":"2290"},{"source":"1983","target":"2299"},{"source":"1983","target":"2300"},{"source":"1983","target":"2303"},{"source":"1983","target":"2306"},{"source":"1983","target":"2307"},{"source":"1983","target":"2308"},{"source":"1983","target":"2309"},{"source":"1983","target":"2323"},{"source":"1983","target":"2324"},{"source":"1983","target":"2326"},{"source":"1983","target":"2329"},{"source":"1983","target":"2331"},{"source":"1983","target":"2334"},{"source":"1983","target":"2339"},{"source":"1983","target":"2340"},{"source":"1983","target":"2347"},{"source":"1983","target":"2348"},{"source":"1983","target":"2352"},{"source":"1983","target":"2354"},{"source":"1983","target":"2356"},{"source":"1983","target":"2359"},{"source":"1983","target":"2363"},{"source":"1983","target":"2369"},{"source":"1983","target":"2370"},{"source":"1983","target":"2374"},{"source":"1983","target":"2376"},{"source":"1983","target":"2381"},{"source":"1983","target":"2386"},{"source":"1983","target":"2387"},{"source":"1983","target":"2391"},{"source":"1983","target":"2395"},{"source":"1983","target":"2404"},{"source":"1983","target":"2408"},{"source":"1983","target":"2409"},{"source":"1983","target":"2410"},{"source":"1983","target":"2414"},{"source":"1983","target":"2423"},{"source":"1983","target":"2427"},{"source":"1983","target":"2428"},{"source":"1983","target":"2429"},{"source":"1983","target":"2430"},{"source":"1983","target":"2433"},{"source":"1983","target":"2446"},{"source":"1983","target":"2454"},{"source":"1983","target":"2460"},{"source":"1983","target":"2464"},{"source":"1983","target":"2467"},{"source":"1983","target":"2468"},{"source":"1983","target":"2469"},{"source":"1983","target":"2476"},{"source":"1983","target":"2477"},{"source":"1983","target":"2478"},{"source":"1983","target":"2482"},{"source":"1983","target":"2484"},{"source":"1983","target":"2489"},{"source":"1983","target":"2492"},{"source":"1983","target":"2495"},{"source":"1983","target":"2499"},{"source":"1983","target":"2504"},{"source":"1983","target":"2506"},{"source":"1983","target":"2507"},{"source":"1983","target":"2512"},{"source":"1983","target":"2520"},{"source":"1983","target":"2521"},{"source":"1983","target":"2526"},{"source":"1983","target":"2532"},{"source":"1983","target":"2539"},{"source":"1983","target":"2542"},{"source":"1983","target":"2543"},{"source":"1983","target":"2546"},{"source":"1983","target":"2549"},{"source":"1983","target":"2550"},{"source":"1983","target":"2551"},{"source":"1983","target":"2552"},{"source":"1983","target":"2553"},{"source":"1983","target":"2559"},{"source":"1983","target":"2560"},{"source":"1983","target":"2561"},{"source":"1983","target":"2563"},{"source":"1983","target":"2564"},{"source":"1983","target":"2573"},{"source":"1983","target":"2575"},{"source":"1983","target":"2578"},{"source":"1983","target":"2579"},{"source":"1983","target":"2586"},{"source":"1983","target":"2590"},{"source":"1983","target":"2593"},{"source":"1983","target":"2600"},{"source":"1983","target":"2601"},{"source":"1983","target":"2602"},{"source":"1983","target":"2604"},{"source":"1983","target":"2606"},{"source":"1983","target":"2607"},{"source":"1983","target":"2611"},{"source":"1983","target":"2613"},{"source":"1983","target":"2615"},{"source":"1983","target":"2619"},{"source":"1983","target":"2623"},{"source":"1983","target":"2624"},{"source":"1983","target":"2625"},{"source":"1983","target":"2630"},{"source":"1983","target":"2631"},{"source":"1983","target":"2638"},{"source":"1983","target":"2646"},{"source":"1983","target":"2654"},{"source":"1983","target":"2655"},{"source":"1984","target":"1985"},{"source":"1984","target":"1986"},{"source":"1984","target":"1989"},{"source":"1984","target":"1993"},{"source":"1984","target":"1997"},{"source":"1984","target":"2020"},{"source":"1984","target":"2021"},{"source":"1984","target":"2030"},{"source":"1984","target":"2033"},{"source":"1984","target":"2037"},{"source":"1984","target":"2040"},{"source":"1984","target":"2043"},{"source":"1984","target":"2045"},{"source":"1984","target":"2046"},{"source":"1984","target":"2055"},{"source":"1984","target":"2059"},{"source":"1984","target":"2060"},{"source":"1984","target":"2063"},{"source":"1984","target":"2064"},{"source":"1984","target":"2069"},{"source":"1984","target":"2073"},{"source":"1984","target":"2074"},{"source":"1984","target":"2078"},{"source":"1984","target":"2083"},{"source":"1984","target":"2086"},{"source":"1984","target":"2088"},{"source":"1984","target":"2090"},{"source":"1984","target":"2093"},{"source":"1984","target":"2095"},{"source":"1984","target":"2098"},{"source":"1984","target":"2103"},{"source":"1984","target":"2104"},{"source":"1984","target":"2108"},{"source":"1984","target":"2109"},{"source":"1984","target":"2112"},{"source":"1984","target":"2115"},{"source":"1984","target":"2118"},{"source":"1984","target":"2121"},{"source":"1984","target":"2123"},{"source":"1984","target":"2124"},{"source":"1984","target":"2131"},{"source":"1984","target":"2139"},{"source":"1984","target":"2140"},{"source":"1984","target":"2142"},{"source":"1984","target":"2150"},{"source":"1984","target":"2165"},{"source":"1984","target":"2172"},{"source":"1984","target":"2184"},{"source":"1984","target":"2188"},{"source":"1984","target":"2190"},{"source":"1984","target":"2200"},{"source":"1984","target":"2201"},{"source":"1984","target":"2206"},{"source":"1984","target":"2212"},{"source":"1984","target":"2213"},{"source":"1984","target":"2218"},{"source":"1984","target":"2220"},{"source":"1984","target":"2229"},{"source":"1984","target":"2233"},{"source":"1984","target":"2237"},{"source":"1984","target":"2240"},{"source":"1984","target":"2244"},{"source":"1984","target":"2253"},{"source":"1984","target":"2257"},{"source":"1984","target":"2261"},{"source":"1984","target":"2266"},{"source":"1984","target":"2271"},{"source":"1984","target":"2275"},{"source":"1984","target":"2276"},{"source":"1984","target":"2278"},{"source":"1984","target":"2290"},{"source":"1984","target":"2299"},{"source":"1984","target":"2307"},{"source":"1984","target":"2308"},{"source":"1984","target":"2309"},{"source":"1984","target":"2324"},{"source":"1984","target":"2326"},{"source":"1984","target":"2329"},{"source":"1984","target":"2331"},{"source":"1984","target":"2334"},{"source":"1984","target":"2339"},{"source":"1984","target":"2340"},{"source":"1984","target":"2347"},{"source":"1984","target":"2348"},{"source":"1984","target":"2352"},{"source":"1984","target":"2354"},{"source":"1984","target":"2356"},{"source":"1984","target":"2363"},{"source":"1984","target":"2369"},{"source":"1984","target":"2374"},{"source":"1984","target":"2376"},{"source":"1984","target":"2381"},{"source":"1984","target":"2386"},{"source":"1984","target":"2395"},{"source":"1984","target":"2404"},{"source":"1984","target":"2407"},{"source":"1984","target":"2408"},{"source":"1984","target":"2409"},{"source":"1984","target":"2410"},{"source":"1984","target":"2414"},{"source":"1984","target":"2418"},{"source":"1984","target":"2423"},{"source":"1984","target":"2428"},{"source":"1984","target":"2430"},{"source":"1984","target":"2433"},{"source":"1984","target":"2443"},{"source":"1984","target":"2446"},{"source":"1984","target":"2460"},{"source":"1984","target":"2462"},{"source":"1984","target":"2464"},{"source":"1984","target":"2467"},{"source":"1984","target":"2468"},{"source":"1984","target":"2469"},{"source":"1984","target":"2482"},{"source":"1984","target":"2484"},{"source":"1984","target":"2492"},{"source":"1984","target":"2499"},{"source":"1984","target":"2500"},{"source":"1984","target":"2506"},{"source":"1984","target":"2507"},{"source":"1984","target":"2520"},{"source":"1984","target":"2521"},{"source":"1984","target":"2526"},{"source":"1984","target":"2532"},{"source":"1984","target":"2536"},{"source":"1984","target":"2539"},{"source":"1984","target":"2542"},{"source":"1984","target":"2543"},{"source":"1984","target":"2546"},{"source":"1984","target":"2549"},{"source":"1984","target":"2550"},{"source":"1984","target":"2551"},{"source":"1984","target":"2552"},{"source":"1984","target":"2553"},{"source":"1984","target":"2559"},{"source":"1984","target":"2560"},{"source":"1984","target":"2561"},{"source":"1984","target":"2563"},{"source":"1984","target":"2564"},{"source":"1984","target":"2573"},{"source":"1984","target":"2574"},{"source":"1984","target":"2575"},{"source":"1984","target":"2576"},{"source":"1984","target":"2578"},{"source":"1984","target":"2586"},{"source":"1984","target":"2590"},{"source":"1984","target":"2591"},{"source":"1984","target":"2593"},{"source":"1984","target":"2601"},{"source":"1984","target":"2602"},{"source":"1984","target":"2604"},{"source":"1984","target":"2606"},{"source":"1984","target":"2607"},{"source":"1984","target":"2611"},{"source":"1984","target":"2615"},{"source":"1984","target":"2619"},{"source":"1984","target":"2623"},{"source":"1984","target":"2624"},{"source":"1984","target":"2630"},{"source":"1984","target":"2631"},{"source":"1984","target":"2638"},{"source":"1984","target":"2646"},{"source":"1984","target":"2654"},{"source":"1984","target":"2655"},{"source":"1985","target":"1986"},{"source":"1985","target":"1989"},{"source":"1985","target":"1993"},{"source":"1985","target":"1994"},{"source":"1985","target":"1997"},{"source":"1985","target":"2005"},{"source":"1985","target":"2007"},{"source":"1985","target":"2020"},{"source":"1985","target":"2021"},{"source":"1985","target":"2030"},{"source":"1985","target":"2033"},{"source":"1985","target":"2037"},{"source":"1985","target":"2040"},{"source":"1985","target":"2043"},{"source":"1985","target":"2045"},{"source":"1985","target":"2046"},{"source":"1985","target":"2047"},{"source":"1985","target":"2053"},{"source":"1985","target":"2056"},{"source":"1985","target":"2058"},{"source":"1985","target":"2059"},{"source":"1985","target":"2060"},{"source":"1985","target":"2062"},{"source":"1985","target":"2063"},{"source":"1985","target":"2064"},{"source":"1985","target":"2065"},{"source":"1985","target":"2069"},{"source":"1985","target":"2073"},{"source":"1985","target":"2074"},{"source":"1985","target":"2077"},{"source":"1985","target":"2078"},{"source":"1985","target":"2081"},{"source":"1985","target":"2083"},{"source":"1985","target":"2084"},{"source":"1985","target":"2086"},{"source":"1985","target":"2087"},{"source":"1985","target":"2088"},{"source":"1985","target":"2090"},{"source":"1985","target":"2093"},{"source":"1985","target":"2095"},{"source":"1985","target":"2103"},{"source":"1985","target":"2104"},{"source":"1985","target":"2108"},{"source":"1985","target":"2109"},{"source":"1985","target":"2112"},{"source":"1985","target":"2115"},{"source":"1985","target":"2118"},{"source":"1985","target":"2121"},{"source":"1985","target":"2122"},{"source":"1985","target":"2123"},{"source":"1985","target":"2124"},{"source":"1985","target":"2131"},{"source":"1985","target":"2137"},{"source":"1985","target":"2139"},{"source":"1985","target":"2140"},{"source":"1985","target":"2142"},{"source":"1985","target":"2143"},{"source":"1985","target":"2147"},{"source":"1985","target":"2150"},{"source":"1985","target":"2154"},{"source":"1985","target":"2165"},{"source":"1985","target":"2172"},{"source":"1985","target":"2179"},{"source":"1985","target":"2184"},{"source":"1985","target":"2188"},{"source":"1985","target":"2189"},{"source":"1985","target":"2190"},{"source":"1985","target":"2200"},{"source":"1985","target":"2201"},{"source":"1985","target":"2206"},{"source":"1985","target":"2208"},{"source":"1985","target":"2210"},{"source":"1985","target":"2212"},{"source":"1985","target":"2213"},{"source":"1985","target":"2215"},{"source":"1985","target":"2216"},{"source":"1985","target":"2218"},{"source":"1985","target":"2220"},{"source":"1985","target":"2229"},{"source":"1985","target":"2233"},{"source":"1985","target":"2237"},{"source":"1985","target":"2240"},{"source":"1985","target":"2244"},{"source":"1985","target":"2253"},{"source":"1985","target":"2261"},{"source":"1985","target":"2266"},{"source":"1985","target":"2271"},{"source":"1985","target":"2275"},{"source":"1985","target":"2278"},{"source":"1985","target":"2279"},{"source":"1985","target":"2287"},{"source":"1985","target":"2290"},{"source":"1985","target":"2292"},{"source":"1985","target":"2299"},{"source":"1985","target":"2300"},{"source":"1985","target":"2306"},{"source":"1985","target":"2307"},{"source":"1985","target":"2308"},{"source":"1985","target":"2309"},{"source":"1985","target":"2319"},{"source":"1985","target":"2323"},{"source":"1985","target":"2324"},{"source":"1985","target":"2326"},{"source":"1985","target":"2329"},{"source":"1985","target":"2331"},{"source":"1985","target":"2333"},{"source":"1985","target":"2334"},{"source":"1985","target":"2336"},{"source":"1985","target":"2339"},{"source":"1985","target":"2340"},{"source":"1985","target":"2347"},{"source":"1985","target":"2348"},{"source":"1985","target":"2352"},{"source":"1985","target":"2354"},{"source":"1985","target":"2356"},{"source":"1985","target":"2359"},{"source":"1985","target":"2363"},{"source":"1985","target":"2369"},{"source":"1985","target":"2370"},{"source":"1985","target":"2374"},{"source":"1985","target":"2376"},{"source":"1985","target":"2381"},{"source":"1985","target":"2384"},{"source":"1985","target":"2386"},{"source":"1985","target":"2387"},{"source":"1985","target":"2391"},{"source":"1985","target":"2392"},{"source":"1985","target":"2393"},{"source":"1985","target":"2395"},{"source":"1985","target":"2404"},{"source":"1985","target":"2407"},{"source":"1985","target":"2408"},{"source":"1985","target":"2409"},{"source":"1985","target":"2410"},{"source":"1985","target":"2414"},{"source":"1985","target":"2418"},{"source":"1985","target":"2420"},{"source":"1985","target":"2423"},{"source":"1985","target":"2428"},{"source":"1985","target":"2430"},{"source":"1985","target":"2446"},{"source":"1985","target":"2449"},{"source":"1985","target":"2451"},{"source":"1985","target":"2460"},{"source":"1985","target":"2462"},{"source":"1985","target":"2464"},{"source":"1985","target":"2468"},{"source":"1985","target":"2469"},{"source":"1985","target":"2477"},{"source":"1985","target":"2482"},{"source":"1985","target":"2484"},{"source":"1985","target":"2485"},{"source":"1985","target":"2489"},{"source":"1985","target":"2492"},{"source":"1985","target":"2495"},{"source":"1985","target":"2499"},{"source":"1985","target":"2500"},{"source":"1985","target":"2504"},{"source":"1985","target":"2506"},{"source":"1985","target":"2507"},{"source":"1985","target":"2512"},{"source":"1985","target":"2520"},{"source":"1985","target":"2521"},{"source":"1985","target":"2524"},{"source":"1985","target":"2526"},{"source":"1985","target":"2530"},{"source":"1985","target":"2532"},{"source":"1985","target":"2539"},{"source":"1985","target":"2542"},{"source":"1985","target":"2543"},{"source":"1985","target":"2546"},{"source":"1985","target":"2549"},{"source":"1985","target":"2550"},{"source":"1985","target":"2551"},{"source":"1985","target":"2553"},{"source":"1985","target":"2556"},{"source":"1985","target":"2559"},{"source":"1985","target":"2560"},{"source":"1985","target":"2561"},{"source":"1985","target":"2563"},{"source":"1985","target":"2564"},{"source":"1985","target":"2573"},{"source":"1985","target":"2574"},{"source":"1985","target":"2575"},{"source":"1985","target":"2578"},{"source":"1985","target":"2579"},{"source":"1985","target":"2586"},{"source":"1985","target":"2590"},{"source":"1985","target":"2591"},{"source":"1985","target":"2592"},{"source":"1985","target":"2597"},{"source":"1985","target":"2600"},{"source":"1985","target":"2601"},{"source":"1985","target":"2602"},{"source":"1985","target":"2604"},{"source":"1985","target":"2611"},{"source":"1985","target":"2615"},{"source":"1985","target":"2619"},{"source":"1985","target":"2623"},{"source":"1985","target":"2624"},{"source":"1985","target":"2625"},{"source":"1985","target":"2630"},{"source":"1985","target":"2631"},{"source":"1985","target":"2638"},{"source":"1985","target":"2646"},{"source":"1985","target":"2654"},{"source":"1985","target":"2655"},{"source":"1986","target":"1989"},{"source":"1986","target":"1993"},{"source":"1986","target":"2030"},{"source":"1986","target":"2033"},{"source":"1986","target":"2037"},{"source":"1986","target":"2043"},{"source":"1986","target":"2045"},{"source":"1986","target":"2046"},{"source":"1986","target":"2055"},{"source":"1986","target":"2056"},{"source":"1986","target":"2059"},{"source":"1986","target":"2060"},{"source":"1986","target":"2064"},{"source":"1986","target":"2069"},{"source":"1986","target":"2074"},{"source":"1986","target":"2077"},{"source":"1986","target":"2078"},{"source":"1986","target":"2083"},{"source":"1986","target":"2084"},{"source":"1986","target":"2086"},{"source":"1986","target":"2088"},{"source":"1986","target":"2090"},{"source":"1986","target":"2093"},{"source":"1986","target":"2095"},{"source":"1986","target":"2103"},{"source":"1986","target":"2104"},{"source":"1986","target":"2108"},{"source":"1986","target":"2109"},{"source":"1986","target":"2112"},{"source":"1986","target":"2115"},{"source":"1986","target":"2118"},{"source":"1986","target":"2121"},{"source":"1986","target":"2122"},{"source":"1986","target":"2123"},{"source":"1986","target":"2124"},{"source":"1986","target":"2131"},{"source":"1986","target":"2136"},{"source":"1986","target":"2139"},{"source":"1986","target":"2140"},{"source":"1986","target":"2142"},{"source":"1986","target":"2150"},{"source":"1986","target":"2154"},{"source":"1986","target":"2164"},{"source":"1986","target":"2165"},{"source":"1986","target":"2184"},{"source":"1986","target":"2188"},{"source":"1986","target":"2200"},{"source":"1986","target":"2201"},{"source":"1986","target":"2206"},{"source":"1986","target":"2210"},{"source":"1986","target":"2213"},{"source":"1986","target":"2216"},{"source":"1986","target":"2218"},{"source":"1986","target":"2220"},{"source":"1986","target":"2229"},{"source":"1986","target":"2233"},{"source":"1986","target":"2244"},{"source":"1986","target":"2253"},{"source":"1986","target":"2257"},{"source":"1986","target":"2261"},{"source":"1986","target":"2266"},{"source":"1986","target":"2271"},{"source":"1986","target":"2275"},{"source":"1986","target":"2276"},{"source":"1986","target":"2278"},{"source":"1986","target":"2300"},{"source":"1986","target":"2303"},{"source":"1986","target":"2307"},{"source":"1986","target":"2309"},{"source":"1986","target":"2323"},{"source":"1986","target":"2326"},{"source":"1986","target":"2331"},{"source":"1986","target":"2334"},{"source":"1986","target":"2339"},{"source":"1986","target":"2340"},{"source":"1986","target":"2348"},{"source":"1986","target":"2352"},{"source":"1986","target":"2353"},{"source":"1986","target":"2354"},{"source":"1986","target":"2356"},{"source":"1986","target":"2359"},{"source":"1986","target":"2363"},{"source":"1986","target":"2369"},{"source":"1986","target":"2370"},{"source":"1986","target":"2374"},{"source":"1986","target":"2376"},{"source":"1986","target":"2381"},{"source":"1986","target":"2391"},{"source":"1986","target":"2393"},{"source":"1986","target":"2395"},{"source":"1986","target":"2404"},{"source":"1986","target":"2408"},{"source":"1986","target":"2410"},{"source":"1986","target":"2414"},{"source":"1986","target":"2418"},{"source":"1986","target":"2423"},{"source":"1986","target":"2433"},{"source":"1986","target":"2449"},{"source":"1986","target":"2464"},{"source":"1986","target":"2468"},{"source":"1986","target":"2469"},{"source":"1986","target":"2477"},{"source":"1986","target":"2482"},{"source":"1986","target":"2484"},{"source":"1986","target":"2485"},{"source":"1986","target":"2492"},{"source":"1986","target":"2495"},{"source":"1986","target":"2499"},{"source":"1986","target":"2504"},{"source":"1986","target":"2506"},{"source":"1986","target":"2507"},{"source":"1986","target":"2520"},{"source":"1986","target":"2521"},{"source":"1986","target":"2526"},{"source":"1986","target":"2536"},{"source":"1986","target":"2539"},{"source":"1986","target":"2542"},{"source":"1986","target":"2549"},{"source":"1986","target":"2550"},{"source":"1986","target":"2553"},{"source":"1986","target":"2556"},{"source":"1986","target":"2559"},{"source":"1986","target":"2560"},{"source":"1986","target":"2564"},{"source":"1986","target":"2574"},{"source":"1986","target":"2575"},{"source":"1986","target":"2579"},{"source":"1986","target":"2586"},{"source":"1986","target":"2590"},{"source":"1986","target":"2593"},{"source":"1986","target":"2600"},{"source":"1986","target":"2602"},{"source":"1986","target":"2604"},{"source":"1986","target":"2606"},{"source":"1986","target":"2607"},{"source":"1986","target":"2611"},{"source":"1986","target":"2615"},{"source":"1986","target":"2619"},{"source":"1986","target":"2625"},{"source":"1986","target":"2630"},{"source":"1986","target":"2638"},{"source":"1986","target":"2654"},{"source":"1986","target":"2655"},{"source":"1987","target":"2038"},{"source":"1987","target":"2039"},{"source":"1987","target":"2042"},{"source":"1987","target":"2047"},{"source":"1987","target":"2057"},{"source":"1987","target":"2087"},{"source":"1987","target":"2111"},{"source":"1987","target":"2133"},{"source":"1987","target":"2134"},{"source":"1987","target":"2138"},{"source":"1987","target":"2169"},{"source":"1987","target":"2174"},{"source":"1987","target":"2191"},{"source":"1987","target":"2194"},{"source":"1987","target":"2199"},{"source":"1987","target":"2215"},{"source":"1987","target":"2223"},{"source":"1987","target":"2232"},{"source":"1987","target":"2254"},{"source":"1987","target":"2268"},{"source":"1987","target":"2273"},{"source":"1987","target":"2278"},{"source":"1987","target":"2289"},{"source":"1987","target":"2305"},{"source":"1987","target":"2332"},{"source":"1987","target":"2344"},{"source":"1987","target":"2372"},{"source":"1987","target":"2385"},{"source":"1987","target":"2417"},{"source":"1987","target":"2419"},{"source":"1987","target":"2445"},{"source":"1987","target":"2510"},{"source":"1987","target":"2581"},{"source":"1988","target":"1992"},{"source":"1988","target":"2076"},{"source":"1988","target":"2170"},{"source":"1988","target":"2207"},{"source":"1988","target":"2259"},{"source":"1988","target":"2320"},{"source":"1988","target":"2349"},{"source":"1988","target":"2398"},{"source":"1988","target":"2399"},{"source":"1988","target":"2401"},{"source":"1988","target":"2426"},{"source":"1988","target":"2443"},{"source":"1988","target":"2444"},{"source":"1988","target":"2466"},{"source":"1988","target":"2486"},{"source":"1988","target":"2490"},{"source":"1988","target":"2513"},{"source":"1988","target":"2515"},{"source":"1988","target":"2594"},{"source":"1988","target":"2622"},{"source":"1988","target":"2650"},{"source":"1989","target":"1993"},{"source":"1989","target":"2005"},{"source":"1989","target":"2030"},{"source":"1989","target":"2033"},{"source":"1989","target":"2037"},{"source":"1989","target":"2040"},{"source":"1989","target":"2045"},{"source":"1989","target":"2055"},{"source":"1989","target":"2059"},{"source":"1989","target":"2077"},{"source":"1989","target":"2078"},{"source":"1989","target":"2083"},{"source":"1989","target":"2084"},{"source":"1989","target":"2088"},{"source":"1989","target":"2104"},{"source":"1989","target":"2112"},{"source":"1989","target":"2115"},{"source":"1989","target":"2122"},{"source":"1989","target":"2123"},{"source":"1989","target":"2142"},{"source":"1989","target":"2188"},{"source":"1989","target":"2190"},{"source":"1989","target":"2200"},{"source":"1989","target":"2201"},{"source":"1989","target":"2216"},{"source":"1989","target":"2218"},{"source":"1989","target":"2220"},{"source":"1989","target":"2229"},{"source":"1989","target":"2233"},{"source":"1989","target":"2244"},{"source":"1989","target":"2253"},{"source":"1989","target":"2257"},{"source":"1989","target":"2266"},{"source":"1989","target":"2271"},{"source":"1989","target":"2275"},{"source":"1989","target":"2276"},{"source":"1989","target":"2290"},{"source":"1989","target":"2299"},{"source":"1989","target":"2300"},{"source":"1989","target":"2323"},{"source":"1989","target":"2331"},{"source":"1989","target":"2339"},{"source":"1989","target":"2352"},{"source":"1989","target":"2356"},{"source":"1989","target":"2369"},{"source":"1989","target":"2376"},{"source":"1989","target":"2381"},{"source":"1989","target":"2404"},{"source":"1989","target":"2410"},{"source":"1989","target":"2414"},{"source":"1989","target":"2423"},{"source":"1989","target":"2460"},{"source":"1989","target":"2464"},{"source":"1989","target":"2468"},{"source":"1989","target":"2499"},{"source":"1989","target":"2500"},{"source":"1989","target":"2501"},{"source":"1989","target":"2504"},{"source":"1989","target":"2520"},{"source":"1989","target":"2526"},{"source":"1989","target":"2542"},{"source":"1989","target":"2543"},{"source":"1989","target":"2550"},{"source":"1989","target":"2551"},{"source":"1989","target":"2553"},{"source":"1989","target":"2573"},{"source":"1989","target":"2575"},{"source":"1989","target":"2590"},{"source":"1989","target":"2593"},{"source":"1989","target":"2600"},{"source":"1989","target":"2602"},{"source":"1989","target":"2606"},{"source":"1989","target":"2607"},{"source":"1989","target":"2611"},{"source":"1989","target":"2615"},{"source":"1989","target":"2619"},{"source":"1989","target":"2625"},{"source":"1989","target":"2631"},{"source":"1990","target":"2047"},{"source":"1990","target":"2049"},{"source":"1990","target":"2152"},{"source":"1990","target":"2173"},{"source":"1990","target":"2248"},{"source":"1990","target":"2286"},{"source":"1990","target":"2314"},{"source":"1990","target":"2335"},{"source":"1990","target":"2361"},{"source":"1990","target":"2397"},{"source":"1990","target":"2405"},{"source":"1990","target":"2497"},{"source":"1990","target":"2503"},{"source":"1990","target":"2534"},{"source":"1990","target":"2644"},{"source":"1991","target":"1995"},{"source":"1991","target":"1998"},{"source":"1991","target":"2001"},{"source":"1991","target":"2004"},{"source":"1991","target":"2006"},{"source":"1991","target":"2011"},{"source":"1991","target":"2018"},{"source":"1991","target":"2022"},{"source":"1991","target":"2024"},{"source":"1991","target":"2027"},{"source":"1991","target":"2061"},{"source":"1991","target":"2097"},{"source":"1991","target":"2116"},{"source":"1991","target":"2157"},{"source":"1991","target":"2159"},{"source":"1991","target":"2171"},{"source":"1991","target":"2225"},{"source":"1991","target":"2284"},{"source":"1991","target":"2346"},{"source":"1991","target":"2364"},{"source":"1991","target":"2365"},{"source":"1991","target":"2378"},{"source":"1991","target":"2459"},{"source":"1991","target":"2494"},{"source":"1991","target":"2538"},{"source":"1991","target":"2583"},{"source":"1991","target":"2620"},{"source":"1991","target":"2626"},{"source":"1991","target":"2627"},{"source":"1991","target":"2633"},{"source":"1991","target":"2636"},{"source":"1991","target":"2639"},{"source":"1991","target":"2645"},{"source":"1991","target":"2647"},{"source":"1991","target":"2648"},{"source":"1991","target":"2657"},{"source":"1991","target":"2660"},{"source":"1992","target":"2170"},{"source":"1992","target":"2207"},{"source":"1992","target":"2255"},{"source":"1992","target":"2320"},{"source":"1992","target":"2349"},{"source":"1992","target":"2401"},{"source":"1992","target":"2426"},{"source":"1992","target":"2444"},{"source":"1992","target":"2466"},{"source":"1992","target":"2486"},{"source":"1992","target":"2513"},{"source":"1992","target":"2622"},{"source":"1992","target":"2650"},{"source":"1993","target":"1997"},{"source":"1993","target":"2005"},{"source":"1993","target":"2020"},{"source":"1993","target":"2021"},{"source":"1993","target":"2030"},{"source":"1993","target":"2033"},{"source":"1993","target":"2037"},{"source":"1993","target":"2040"},{"source":"1993","target":"2043"},{"source":"1993","target":"2045"},{"source":"1993","target":"2046"},{"source":"1993","target":"2056"},{"source":"1993","target":"2059"},{"source":"1993","target":"2060"},{"source":"1993","target":"2064"},{"source":"1993","target":"2069"},{"source":"1993","target":"2073"},{"source":"1993","target":"2074"},{"source":"1993","target":"2077"},{"source":"1993","target":"2078"},{"source":"1993","target":"2084"},{"source":"1993","target":"2086"},{"source":"1993","target":"2088"},{"source":"1993","target":"2090"},{"source":"1993","target":"2093"},{"source":"1993","target":"2095"},{"source":"1993","target":"2098"},{"source":"1993","target":"2103"},{"source":"1993","target":"2104"},{"source":"1993","target":"2108"},{"source":"1993","target":"2109"},{"source":"1993","target":"2112"},{"source":"1993","target":"2115"},{"source":"1993","target":"2118"},{"source":"1993","target":"2121"},{"source":"1993","target":"2122"},{"source":"1993","target":"2123"},{"source":"1993","target":"2124"},{"source":"1993","target":"2131"},{"source":"1993","target":"2139"},{"source":"1993","target":"2140"},{"source":"1993","target":"2142"},{"source":"1993","target":"2150"},{"source":"1993","target":"2154"},{"source":"1993","target":"2164"},{"source":"1993","target":"2165"},{"source":"1993","target":"2172"},{"source":"1993","target":"2179"},{"source":"1993","target":"2184"},{"source":"1993","target":"2188"},{"source":"1993","target":"2190"},{"source":"1993","target":"2200"},{"source":"1993","target":"2201"},{"source":"1993","target":"2206"},{"source":"1993","target":"2210"},{"source":"1993","target":"2212"},{"source":"1993","target":"2213"},{"source":"1993","target":"2218"},{"source":"1993","target":"2220"},{"source":"1993","target":"2229"},{"source":"1993","target":"2233"},{"source":"1993","target":"2237"},{"source":"1993","target":"2240"},{"source":"1993","target":"2244"},{"source":"1993","target":"2253"},{"source":"1993","target":"2257"},{"source":"1993","target":"2258"},{"source":"1993","target":"2261"},{"source":"1993","target":"2266"},{"source":"1993","target":"2271"},{"source":"1993","target":"2275"},{"source":"1993","target":"2276"},{"source":"1993","target":"2278"},{"source":"1993","target":"2287"},{"source":"1993","target":"2290"},{"source":"1993","target":"2299"},{"source":"1993","target":"2300"},{"source":"1993","target":"2306"},{"source":"1993","target":"2307"},{"source":"1993","target":"2308"},{"source":"1993","target":"2309"},{"source":"1993","target":"2311"},{"source":"1993","target":"2323"},{"source":"1993","target":"2324"},{"source":"1993","target":"2326"},{"source":"1993","target":"2329"},{"source":"1993","target":"2331"},{"source":"1993","target":"2334"},{"source":"1993","target":"2339"},{"source":"1993","target":"2340"},{"source":"1993","target":"2347"},{"source":"1993","target":"2348"},{"source":"1993","target":"2352"},{"source":"1993","target":"2353"},{"source":"1993","target":"2354"},{"source":"1993","target":"2356"},{"source":"1993","target":"2363"},{"source":"1993","target":"2369"},{"source":"1993","target":"2370"},{"source":"1993","target":"2374"},{"source":"1993","target":"2376"},{"source":"1993","target":"2381"},{"source":"1993","target":"2386"},{"source":"1993","target":"2392"},{"source":"1993","target":"2395"},{"source":"1993","target":"2404"},{"source":"1993","target":"2407"},{"source":"1993","target":"2408"},{"source":"1993","target":"2409"},{"source":"1993","target":"2410"},{"source":"1993","target":"2414"},{"source":"1993","target":"2423"},{"source":"1993","target":"2427"},{"source":"1993","target":"2428"},{"source":"1993","target":"2429"},{"source":"1993","target":"2430"},{"source":"1993","target":"2433"},{"source":"1993","target":"2446"},{"source":"1993","target":"2460"},{"source":"1993","target":"2462"},{"source":"1993","target":"2464"},{"source":"1993","target":"2467"},{"source":"1993","target":"2468"},{"source":"1993","target":"2469"},{"source":"1993","target":"2477"},{"source":"1993","target":"2482"},{"source":"1993","target":"2484"},{"source":"1993","target":"2485"},{"source":"1993","target":"2489"},{"source":"1993","target":"2492"},{"source":"1993","target":"2495"},{"source":"1993","target":"2499"},{"source":"1993","target":"2500"},{"source":"1993","target":"2506"},{"source":"1993","target":"2507"},{"source":"1993","target":"2520"},{"source":"1993","target":"2521"},{"source":"1993","target":"2526"},{"source":"1993","target":"2532"},{"source":"1993","target":"2536"},{"source":"1993","target":"2539"},{"source":"1993","target":"2542"},{"source":"1993","target":"2543"},{"source":"1993","target":"2546"},{"source":"1993","target":"2549"},{"source":"1993","target":"2550"},{"source":"1993","target":"2551"},{"source":"1993","target":"2552"},{"source":"1993","target":"2553"},{"source":"1993","target":"2554"},{"source":"1993","target":"2556"},{"source":"1993","target":"2559"},{"source":"1993","target":"2560"},{"source":"1993","target":"2561"},{"source":"1993","target":"2563"},{"source":"1993","target":"2564"},{"source":"1993","target":"2573"},{"source":"1993","target":"2574"},{"source":"1993","target":"2575"},{"source":"1993","target":"2578"},{"source":"1993","target":"2579"},{"source":"1993","target":"2586"},{"source":"1993","target":"2590"},{"source":"1993","target":"2591"},{"source":"1993","target":"2593"},{"source":"1993","target":"2600"},{"source":"1993","target":"2601"},{"source":"1993","target":"2602"},{"source":"1993","target":"2604"},{"source":"1993","target":"2607"},{"source":"1993","target":"2611"},{"source":"1993","target":"2615"},{"source":"1993","target":"2619"},{"source":"1993","target":"2622"},{"source":"1993","target":"2623"},{"source":"1993","target":"2624"},{"source":"1993","target":"2625"},{"source":"1993","target":"2630"},{"source":"1993","target":"2631"},{"source":"1993","target":"2638"},{"source":"1993","target":"2646"},{"source":"1993","target":"2654"},{"source":"1993","target":"2655"},{"source":"1994","target":"2007"},{"source":"1994","target":"2028"},{"source":"1994","target":"2039"},{"source":"1994","target":"2042"},{"source":"1994","target":"2047"},{"source":"1994","target":"2062"},{"source":"1994","target":"2071"},{"source":"1994","target":"2081"},{"source":"1994","target":"2087"},{"source":"1994","target":"2102"},{"source":"1994","target":"2111"},{"source":"1994","target":"2117"},{"source":"1994","target":"2135"},{"source":"1994","target":"2138"},{"source":"1994","target":"2143"},{"source":"1994","target":"2148"},{"source":"1994","target":"2153"},{"source":"1994","target":"2183"},{"source":"1994","target":"2187"},{"source":"1994","target":"2191"},{"source":"1994","target":"2194"},{"source":"1994","target":"2196"},{"source":"1994","target":"2199"},{"source":"1994","target":"2279"},{"source":"1994","target":"2282"},{"source":"1994","target":"2283"},{"source":"1994","target":"2292"},{"source":"1994","target":"2302"},{"source":"1994","target":"2315"},{"source":"1994","target":"2319"},{"source":"1994","target":"2330"},{"source":"1994","target":"2332"},{"source":"1994","target":"2333"},{"source":"1994","target":"2338"},{"source":"1994","target":"2347"},{"source":"1994","target":"2351"},{"source":"1994","target":"2372"},{"source":"1994","target":"2384"},{"source":"1994","target":"2417"},{"source":"1994","target":"2420"},{"source":"1994","target":"2451"},{"source":"1994","target":"2498"},{"source":"1994","target":"2510"},{"source":"1994","target":"2512"},{"source":"1994","target":"2533"},{"source":"1994","target":"2543"},{"source":"1994","target":"2555"},{"source":"1994","target":"2567"},{"source":"1994","target":"2571"},{"source":"1994","target":"2592"},{"source":"1994","target":"2597"},{"source":"1994","target":"2598"},{"source":"1994","target":"2609"},{"source":"1994","target":"2629"},{"source":"1995","target":"1998"},{"source":"1995","target":"1999"},{"source":"1995","target":"2000"},{"source":"1995","target":"2001"},{"source":"1995","target":"2004"},{"source":"1995","target":"2006"},{"source":"1995","target":"2009"},{"source":"1995","target":"2011"},{"source":"1995","target":"2012"},{"source":"1995","target":"2016"},{"source":"1995","target":"2018"},{"source":"1995","target":"2024"},{"source":"1995","target":"2025"},{"source":"1995","target":"2027"},{"source":"1995","target":"2050"},{"source":"1995","target":"2061"},{"source":"1995","target":"2116"},{"source":"1995","target":"2157"},{"source":"1995","target":"2159"},{"source":"1995","target":"2171"},{"source":"1995","target":"2225"},{"source":"1995","target":"2268"},{"source":"1995","target":"2284"},{"source":"1995","target":"2337"},{"source":"1995","target":"2346"},{"source":"1995","target":"2364"},{"source":"1995","target":"2365"},{"source":"1995","target":"2378"},{"source":"1995","target":"2417"},{"source":"1995","target":"2435"},{"source":"1995","target":"2447"},{"source":"1995","target":"2459"},{"source":"1995","target":"2494"},{"source":"1995","target":"2538"},{"source":"1995","target":"2583"},{"source":"1995","target":"2585"},{"source":"1995","target":"2620"},{"source":"1995","target":"2627"},{"source":"1995","target":"2633"},{"source":"1995","target":"2636"},{"source":"1995","target":"2639"},{"source":"1995","target":"2640"},{"source":"1995","target":"2645"},{"source":"1995","target":"2647"},{"source":"1995","target":"2648"},{"source":"1995","target":"2657"},{"source":"1995","target":"2660"},{"source":"1996","target":"2017"},{"source":"1996","target":"2565"},{"source":"1996","target":"2581"},{"source":"1997","target":"2005"},{"source":"1997","target":"2030"},{"source":"1997","target":"2033"},{"source":"1997","target":"2037"},{"source":"1997","target":"2043"},{"source":"1997","target":"2045"},{"source":"1997","target":"2056"},{"source":"1997","target":"2059"},{"source":"1997","target":"2063"},{"source":"1997","target":"2064"},{"source":"1997","target":"2073"},{"source":"1997","target":"2074"},{"source":"1997","target":"2078"},{"source":"1997","target":"2084"},{"source":"1997","target":"2086"},{"source":"1997","target":"2088"},{"source":"1997","target":"2090"},{"source":"1997","target":"2093"},{"source":"1997","target":"2095"},{"source":"1997","target":"2103"},{"source":"1997","target":"2108"},{"source":"1997","target":"2109"},{"source":"1997","target":"2112"},{"source":"1997","target":"2118"},{"source":"1997","target":"2122"},{"source":"1997","target":"2123"},{"source":"1997","target":"2124"},{"source":"1997","target":"2131"},{"source":"1997","target":"2136"},{"source":"1997","target":"2139"},{"source":"1997","target":"2140"},{"source":"1997","target":"2150"},{"source":"1997","target":"2154"},{"source":"1997","target":"2172"},{"source":"1997","target":"2184"},{"source":"1997","target":"2188"},{"source":"1997","target":"2190"},{"source":"1997","target":"2200"},{"source":"1997","target":"2201"},{"source":"1997","target":"2206"},{"source":"1997","target":"2218"},{"source":"1997","target":"2229"},{"source":"1997","target":"2233"},{"source":"1997","target":"2237"},{"source":"1997","target":"2240"},{"source":"1997","target":"2244"},{"source":"1997","target":"2253"},{"source":"1997","target":"2257"},{"source":"1997","target":"2266"},{"source":"1997","target":"2271"},{"source":"1997","target":"2275"},{"source":"1997","target":"2276"},{"source":"1997","target":"2290"},{"source":"1997","target":"2299"},{"source":"1997","target":"2308"},{"source":"1997","target":"2309"},{"source":"1997","target":"2311"},{"source":"1997","target":"2323"},{"source":"1997","target":"2324"},{"source":"1997","target":"2326"},{"source":"1997","target":"2331"},{"source":"1997","target":"2339"},{"source":"1997","target":"2340"},{"source":"1997","target":"2347"},{"source":"1997","target":"2348"},{"source":"1997","target":"2352"},{"source":"1997","target":"2353"},{"source":"1997","target":"2354"},{"source":"1997","target":"2356"},{"source":"1997","target":"2363"},{"source":"1997","target":"2369"},{"source":"1997","target":"2374"},{"source":"1997","target":"2381"},{"source":"1997","target":"2404"},{"source":"1997","target":"2409"},{"source":"1997","target":"2410"},{"source":"1997","target":"2414"},{"source":"1997","target":"2423"},{"source":"1997","target":"2428"},{"source":"1997","target":"2430"},{"source":"1997","target":"2464"},{"source":"1997","target":"2467"},{"source":"1997","target":"2468"},{"source":"1997","target":"2484"},{"source":"1997","target":"2485"},{"source":"1997","target":"2492"},{"source":"1997","target":"2495"},{"source":"1997","target":"2499"},{"source":"1997","target":"2500"},{"source":"1997","target":"2504"},{"source":"1997","target":"2506"},{"source":"1997","target":"2507"},{"source":"1997","target":"2526"},{"source":"1997","target":"2532"},{"source":"1997","target":"2542"},{"source":"1997","target":"2543"},{"source":"1997","target":"2546"},{"source":"1997","target":"2549"},{"source":"1997","target":"2550"},{"source":"1997","target":"2551"},{"source":"1997","target":"2552"},{"source":"1997","target":"2553"},{"source":"1997","target":"2554"},{"source":"1997","target":"2560"},{"source":"1997","target":"2561"},{"source":"1997","target":"2563"},{"source":"1997","target":"2564"},{"source":"1997","target":"2574"},{"source":"1997","target":"2575"},{"source":"1997","target":"2590"},{"source":"1997","target":"2593"},{"source":"1997","target":"2601"},{"source":"1997","target":"2602"},{"source":"1997","target":"2604"},{"source":"1997","target":"2607"},{"source":"1997","target":"2615"},{"source":"1997","target":"2619"},{"source":"1997","target":"2624"},{"source":"1997","target":"2625"},{"source":"1997","target":"2630"},{"source":"1997","target":"2646"},{"source":"1997","target":"2654"},{"source":"1997","target":"2655"},{"source":"1998","target":"2000"},{"source":"1998","target":"2001"},{"source":"1998","target":"2004"},{"source":"1998","target":"2006"},{"source":"1998","target":"2009"},{"source":"1998","target":"2011"},{"source":"1998","target":"2016"},{"source":"1998","target":"2018"},{"source":"1998","target":"2022"},{"source":"1998","target":"2027"},{"source":"1998","target":"2050"},{"source":"1998","target":"2097"},{"source":"1998","target":"2116"},{"source":"1998","target":"2157"},{"source":"1998","target":"2159"},{"source":"1998","target":"2171"},{"source":"1998","target":"2225"},{"source":"1998","target":"2284"},{"source":"1998","target":"2337"},{"source":"1998","target":"2346"},{"source":"1998","target":"2364"},{"source":"1998","target":"2365"},{"source":"1998","target":"2378"},{"source":"1998","target":"2447"},{"source":"1998","target":"2459"},{"source":"1998","target":"2494"},{"source":"1998","target":"2538"},{"source":"1998","target":"2571"},{"source":"1998","target":"2583"},{"source":"1998","target":"2585"},{"source":"1998","target":"2620"},{"source":"1998","target":"2626"},{"source":"1998","target":"2627"},{"source":"1998","target":"2636"},{"source":"1998","target":"2639"},{"source":"1998","target":"2640"},{"source":"1998","target":"2645"},{"source":"1998","target":"2647"},{"source":"1998","target":"2648"},{"source":"1998","target":"2657"},{"source":"1998","target":"2660"},{"source":"1999","target":"2004"},{"source":"1999","target":"2006"},{"source":"1999","target":"2009"},{"source":"1999","target":"2012"},{"source":"1999","target":"2018"},{"source":"1999","target":"2027"},{"source":"1999","target":"2116"},{"source":"1999","target":"2143"},{"source":"1999","target":"2171"},{"source":"1999","target":"2284"},{"source":"1999","target":"2297"},{"source":"1999","target":"2337"},{"source":"1999","target":"2365"},{"source":"1999","target":"2378"},{"source":"1999","target":"2459"},{"source":"1999","target":"2538"},{"source":"1999","target":"2583"},{"source":"1999","target":"2620"},{"source":"1999","target":"2627"},{"source":"1999","target":"2633"},{"source":"1999","target":"2640"},{"source":"1999","target":"2645"},{"source":"1999","target":"2647"},{"source":"2000","target":"2001"},{"source":"2000","target":"2011"},{"source":"2000","target":"2018"},{"source":"2000","target":"2022"},{"source":"2000","target":"2024"},{"source":"2000","target":"2050"},{"source":"2000","target":"2097"},{"source":"2000","target":"2157"},{"source":"2000","target":"2171"},{"source":"2000","target":"2192"},{"source":"2000","target":"2202"},{"source":"2000","target":"2284"},{"source":"2000","target":"2337"},{"source":"2000","target":"2364"},{"source":"2000","target":"2365"},{"source":"2000","target":"2435"},{"source":"2000","target":"2472"},{"source":"2000","target":"2494"},{"source":"2000","target":"2538"},{"source":"2000","target":"2636"},{"source":"2000","target":"2639"},{"source":"2000","target":"2645"},{"source":"2000","target":"2647"},{"source":"2001","target":"2004"},{"source":"2001","target":"2006"},{"source":"2001","target":"2009"},{"source":"2001","target":"2011"},{"source":"2001","target":"2012"},{"source":"2001","target":"2018"},{"source":"2001","target":"2022"},{"source":"2001","target":"2024"},{"source":"2001","target":"2025"},{"source":"2001","target":"2027"},{"source":"2001","target":"2061"},{"source":"2001","target":"2116"},{"source":"2001","target":"2143"},{"source":"2001","target":"2157"},{"source":"2001","target":"2159"},{"source":"2001","target":"2171"},{"source":"2001","target":"2192"},{"source":"2001","target":"2225"},{"source":"2001","target":"2284"},{"source":"2001","target":"2337"},{"source":"2001","target":"2346"},{"source":"2001","target":"2364"},{"source":"2001","target":"2365"},{"source":"2001","target":"2378"},{"source":"2001","target":"2435"},{"source":"2001","target":"2447"},{"source":"2001","target":"2472"},{"source":"2001","target":"2494"},{"source":"2001","target":"2538"},{"source":"2001","target":"2583"},{"source":"2001","target":"2585"},{"source":"2001","target":"2620"},{"source":"2001","target":"2627"},{"source":"2001","target":"2633"},{"source":"2001","target":"2636"},{"source":"2001","target":"2639"},{"source":"2001","target":"2640"},{"source":"2001","target":"2645"},{"source":"2001","target":"2647"},{"source":"2001","target":"2648"},{"source":"2001","target":"2657"},{"source":"2001","target":"2660"},{"source":"2002","target":"2007"},{"source":"2002","target":"2010"},{"source":"2002","target":"2026"},{"source":"2002","target":"2029"},{"source":"2002","target":"2052"},{"source":"2002","target":"2054"},{"source":"2002","target":"2062"},{"source":"2002","target":"2068"},{"source":"2002","target":"2081"},{"source":"2002","target":"2087"},{"source":"2002","target":"2111"},{"source":"2002","target":"2127"},{"source":"2002","target":"2128"},{"source":"2002","target":"2132"},{"source":"2002","target":"2137"},{"source":"2002","target":"2142"},{"source":"2002","target":"2143"},{"source":"2002","target":"2149"},{"source":"2002","target":"2151"},{"source":"2002","target":"2153"},{"source":"2002","target":"2169"},{"source":"2002","target":"2183"},{"source":"2002","target":"2187"},{"source":"2002","target":"2194"},{"source":"2002","target":"2196"},{"source":"2002","target":"2198"},{"source":"2002","target":"2199"},{"source":"2002","target":"2203"},{"source":"2002","target":"2226"},{"source":"2002","target":"2239"},{"source":"2002","target":"2241"},{"source":"2002","target":"2246"},{"source":"2002","target":"2247"},{"source":"2002","target":"2250"},{"source":"2002","target":"2264"},{"source":"2002","target":"2267"},{"source":"2002","target":"2268"},{"source":"2002","target":"2273"},{"source":"2002","target":"2279"},{"source":"2002","target":"2282"},{"source":"2002","target":"2283"},{"source":"2002","target":"2294"},{"source":"2002","target":"2304"},{"source":"2002","target":"2319"},{"source":"2002","target":"2327"},{"source":"2002","target":"2332"},{"source":"2002","target":"2336"},{"source":"2002","target":"2344"},{"source":"2002","target":"2347"},{"source":"2002","target":"2351"},{"source":"2002","target":"2399"},{"source":"2002","target":"2419"},{"source":"2002","target":"2434"},{"source":"2002","target":"2461"},{"source":"2002","target":"2463"},{"source":"2002","target":"2471"},{"source":"2002","target":"2475"},{"source":"2002","target":"2498"},{"source":"2002","target":"2509"},{"source":"2002","target":"2510"},{"source":"2002","target":"2511"},{"source":"2002","target":"2512"},{"source":"2002","target":"2516"},{"source":"2002","target":"2518"},{"source":"2002","target":"2519"},{"source":"2002","target":"2537"},{"source":"2002","target":"2555"},{"source":"2002","target":"2567"},{"source":"2002","target":"2582"},{"source":"2002","target":"2588"},{"source":"2002","target":"2592"},{"source":"2002","target":"2598"},{"source":"2002","target":"2605"},{"source":"2002","target":"2637"},{"source":"2002","target":"2642"},{"source":"2003","target":"2054"},{"source":"2003","target":"2062"},{"source":"2003","target":"2072"},{"source":"2003","target":"2075"},{"source":"2003","target":"2081"},{"source":"2003","target":"2101"},{"source":"2003","target":"2110"},{"source":"2003","target":"2111"},{"source":"2003","target":"2132"},{"source":"2003","target":"2161"},{"source":"2003","target":"2199"},{"source":"2003","target":"2221"},{"source":"2003","target":"2222"},{"source":"2003","target":"2235"},{"source":"2003","target":"2243"},{"source":"2003","target":"2282"},{"source":"2003","target":"2304"},{"source":"2003","target":"2327"},{"source":"2003","target":"2328"},{"source":"2003","target":"2333"},{"source":"2003","target":"2344"},{"source":"2003","target":"2377"},{"source":"2003","target":"2384"},{"source":"2003","target":"2390"},{"source":"2003","target":"2394"},{"source":"2003","target":"2396"},{"source":"2003","target":"2415"},{"source":"2003","target":"2434"},{"source":"2003","target":"2438"},{"source":"2003","target":"2453"},{"source":"2003","target":"2479"},{"source":"2003","target":"2491"},{"source":"2003","target":"2501"},{"source":"2003","target":"2509"},{"source":"2003","target":"2511"},{"source":"2003","target":"2537"},{"source":"2003","target":"2603"},{"source":"2003","target":"2642"},{"source":"2003","target":"2652"},{"source":"2004","target":"2009"},{"source":"2004","target":"2016"},{"source":"2004","target":"2018"},{"source":"2004","target":"2022"},{"source":"2004","target":"2024"},{"source":"2004","target":"2027"},{"source":"2004","target":"2116"},{"source":"2004","target":"2157"},{"source":"2004","target":"2171"},{"source":"2004","target":"2192"},{"source":"2004","target":"2202"},{"source":"2004","target":"2268"},{"source":"2004","target":"2337"},{"source":"2004","target":"2364"},{"source":"2004","target":"2365"},{"source":"2004","target":"2378"},{"source":"2004","target":"2417"},{"source":"2004","target":"2435"},{"source":"2004","target":"2447"},{"source":"2004","target":"2494"},{"source":"2004","target":"2538"},{"source":"2004","target":"2620"},{"source":"2004","target":"2626"},{"source":"2004","target":"2627"},{"source":"2004","target":"2640"},{"source":"2004","target":"2645"},{"source":"2004","target":"2647"},{"source":"2004","target":"2648"},{"source":"2004","target":"2657"},{"source":"2004","target":"2658"},{"source":"2004","target":"2659"},{"source":"2004","target":"2660"},{"source":"2005","target":"2020"},{"source":"2005","target":"2030"},{"source":"2005","target":"2037"},{"source":"2005","target":"2043"},{"source":"2005","target":"2045"},{"source":"2005","target":"2046"},{"source":"2005","target":"2055"},{"source":"2005","target":"2059"},{"source":"2005","target":"2060"},{"source":"2005","target":"2063"},{"source":"2005","target":"2064"},{"source":"2005","target":"2069"},{"source":"2005","target":"2073"},{"source":"2005","target":"2074"},{"source":"2005","target":"2077"},{"source":"2005","target":"2078"},{"source":"2005","target":"2083"},{"source":"2005","target":"2086"},{"source":"2005","target":"2088"},{"source":"2005","target":"2090"},{"source":"2005","target":"2093"},{"source":"2005","target":"2095"},{"source":"2005","target":"2098"},{"source":"2005","target":"2104"},{"source":"2005","target":"2108"},{"source":"2005","target":"2112"},{"source":"2005","target":"2118"},{"source":"2005","target":"2122"},{"source":"2005","target":"2123"},{"source":"2005","target":"2124"},{"source":"2005","target":"2131"},{"source":"2005","target":"2139"},{"source":"2005","target":"2142"},{"source":"2005","target":"2150"},{"source":"2005","target":"2164"},{"source":"2005","target":"2172"},{"source":"2005","target":"2184"},{"source":"2005","target":"2188"},{"source":"2005","target":"2190"},{"source":"2005","target":"2200"},{"source":"2005","target":"2201"},{"source":"2005","target":"2206"},{"source":"2005","target":"2210"},{"source":"2005","target":"2213"},{"source":"2005","target":"2216"},{"source":"2005","target":"2218"},{"source":"2005","target":"2220"},{"source":"2005","target":"2229"},{"source":"2005","target":"2233"},{"source":"2005","target":"2237"},{"source":"2005","target":"2240"},{"source":"2005","target":"2244"},{"source":"2005","target":"2253"},{"source":"2005","target":"2258"},{"source":"2005","target":"2261"},{"source":"2005","target":"2266"},{"source":"2005","target":"2271"},{"source":"2005","target":"2275"},{"source":"2005","target":"2276"},{"source":"2005","target":"2278"},{"source":"2005","target":"2287"},{"source":"2005","target":"2299"},{"source":"2005","target":"2306"},{"source":"2005","target":"2308"},{"source":"2005","target":"2309"},{"source":"2005","target":"2323"},{"source":"2005","target":"2324"},{"source":"2005","target":"2326"},{"source":"2005","target":"2329"},{"source":"2005","target":"2331"},{"source":"2005","target":"2334"},{"source":"2005","target":"2340"},{"source":"2005","target":"2347"},{"source":"2005","target":"2348"},{"source":"2005","target":"2352"},{"source":"2005","target":"2354"},{"source":"2005","target":"2356"},{"source":"2005","target":"2359"},{"source":"2005","target":"2363"},{"source":"2005","target":"2369"},{"source":"2005","target":"2370"},{"source":"2005","target":"2374"},{"source":"2005","target":"2376"},{"source":"2005","target":"2381"},{"source":"2005","target":"2386"},{"source":"2005","target":"2395"},{"source":"2005","target":"2404"},{"source":"2005","target":"2407"},{"source":"2005","target":"2408"},{"source":"2005","target":"2409"},{"source":"2005","target":"2410"},{"source":"2005","target":"2414"},{"source":"2005","target":"2418"},{"source":"2005","target":"2423"},{"source":"2005","target":"2428"},{"source":"2005","target":"2430"},{"source":"2005","target":"2433"},{"source":"2005","target":"2446"},{"source":"2005","target":"2460"},{"source":"2005","target":"2464"},{"source":"2005","target":"2468"},{"source":"2005","target":"2477"},{"source":"2005","target":"2482"},{"source":"2005","target":"2489"},{"source":"2005","target":"2495"},{"source":"2005","target":"2500"},{"source":"2005","target":"2504"},{"source":"2005","target":"2506"},{"source":"2005","target":"2507"},{"source":"2005","target":"2526"},{"source":"2005","target":"2539"},{"source":"2005","target":"2543"},{"source":"2005","target":"2550"},{"source":"2005","target":"2551"},{"source":"2005","target":"2554"},{"source":"2005","target":"2556"},{"source":"2005","target":"2559"},{"source":"2005","target":"2560"},{"source":"2005","target":"2564"},{"source":"2005","target":"2575"},{"source":"2005","target":"2578"},{"source":"2005","target":"2586"},{"source":"2005","target":"2590"},{"source":"2005","target":"2593"},{"source":"2005","target":"2600"},{"source":"2005","target":"2601"},{"source":"2005","target":"2602"},{"source":"2005","target":"2604"},{"source":"2005","target":"2611"},{"source":"2005","target":"2615"},{"source":"2005","target":"2623"},{"source":"2005","target":"2624"},{"source":"2005","target":"2625"},{"source":"2005","target":"2630"},{"source":"2005","target":"2638"},{"source":"2005","target":"2654"},{"source":"2005","target":"2655"},{"source":"2006","target":"2011"},{"source":"2006","target":"2014"},{"source":"2006","target":"2018"},{"source":"2006","target":"2022"},{"source":"2006","target":"2024"},{"source":"2006","target":"2027"},{"source":"2006","target":"2061"},{"source":"2006","target":"2097"},{"source":"2006","target":"2116"},{"source":"2006","target":"2159"},{"source":"2006","target":"2171"},{"source":"2006","target":"2192"},{"source":"2006","target":"2202"},{"source":"2006","target":"2225"},{"source":"2006","target":"2284"},{"source":"2006","target":"2297"},{"source":"2006","target":"2364"},{"source":"2006","target":"2365"},{"source":"2006","target":"2378"},{"source":"2006","target":"2447"},{"source":"2006","target":"2494"},{"source":"2006","target":"2585"},{"source":"2006","target":"2620"},{"source":"2006","target":"2626"},{"source":"2006","target":"2627"},{"source":"2006","target":"2636"},{"source":"2006","target":"2639"},{"source":"2006","target":"2645"},{"source":"2006","target":"2648"},{"source":"2006","target":"2657"},{"source":"2006","target":"2658"},{"source":"2006","target":"2659"},{"source":"2006","target":"2660"},{"source":"2007","target":"2010"},{"source":"2007","target":"2019"},{"source":"2007","target":"2026"},{"source":"2007","target":"2031"},{"source":"2007","target":"2032"},{"source":"2007","target":"2038"},{"source":"2007","target":"2039"},{"source":"2007","target":"2047"},{"source":"2007","target":"2052"},{"source":"2007","target":"2053"},{"source":"2007","target":"2054"},{"source":"2007","target":"2058"},{"source":"2007","target":"2063"},{"source":"2007","target":"2067"},{"source":"2007","target":"2071"},{"source":"2007","target":"2072"},{"source":"2007","target":"2081"},{"source":"2007","target":"2086"},{"source":"2007","target":"2087"},{"source":"2007","target":"2092"},{"source":"2007","target":"2102"},{"source":"2007","target":"2111"},{"source":"2007","target":"2117"},{"source":"2007","target":"2125"},{"source":"2007","target":"2127"},{"source":"2007","target":"2133"},{"source":"2007","target":"2134"},{"source":"2007","target":"2135"},{"source":"2007","target":"2137"},{"source":"2007","target":"2138"},{"source":"2007","target":"2144"},{"source":"2007","target":"2147"},{"source":"2007","target":"2148"},{"source":"2007","target":"2149"},{"source":"2007","target":"2151"},{"source":"2007","target":"2153"},{"source":"2007","target":"2161"},{"source":"2007","target":"2169"},{"source":"2007","target":"2174"},{"source":"2007","target":"2176"},{"source":"2007","target":"2180"},{"source":"2007","target":"2183"},{"source":"2007","target":"2187"},{"source":"2007","target":"2189"},{"source":"2007","target":"2191"},{"source":"2007","target":"2196"},{"source":"2007","target":"2198"},{"source":"2007","target":"2199"},{"source":"2007","target":"2203"},{"source":"2007","target":"2211"},{"source":"2007","target":"2218"},{"source":"2007","target":"2223"},{"source":"2007","target":"2224"},{"source":"2007","target":"2232"},{"source":"2007","target":"2234"},{"source":"2007","target":"2239"},{"source":"2007","target":"2240"},{"source":"2007","target":"2241"},{"source":"2007","target":"2247"},{"source":"2007","target":"2249"},{"source":"2007","target":"2254"},{"source":"2007","target":"2259"},{"source":"2007","target":"2266"},{"source":"2007","target":"2267"},{"source":"2007","target":"2268"},{"source":"2007","target":"2279"},{"source":"2007","target":"2282"},{"source":"2007","target":"2283"},{"source":"2007","target":"2285"},{"source":"2007","target":"2289"},{"source":"2007","target":"2294"},{"source":"2007","target":"2302"},{"source":"2007","target":"2303"},{"source":"2007","target":"2319"},{"source":"2007","target":"2325"},{"source":"2007","target":"2328"},{"source":"2007","target":"2330"},{"source":"2007","target":"2332"},{"source":"2007","target":"2333"},{"source":"2007","target":"2338"},{"source":"2007","target":"2343"},{"source":"2007","target":"2345"},{"source":"2007","target":"2347"},{"source":"2007","target":"2351"},{"source":"2007","target":"2372"},{"source":"2007","target":"2379"},{"source":"2007","target":"2383"},{"source":"2007","target":"2384"},{"source":"2007","target":"2387"},{"source":"2007","target":"2393"},{"source":"2007","target":"2394"},{"source":"2007","target":"2396"},{"source":"2007","target":"2398"},{"source":"2007","target":"2399"},{"source":"2007","target":"2409"},{"source":"2007","target":"2414"},{"source":"2007","target":"2417"},{"source":"2007","target":"2419"},{"source":"2007","target":"2420"},{"source":"2007","target":"2428"},{"source":"2007","target":"2429"},{"source":"2007","target":"2434"},{"source":"2007","target":"2436"},{"source":"2007","target":"2445"},{"source":"2007","target":"2449"},{"source":"2007","target":"2451"},{"source":"2007","target":"2458"},{"source":"2007","target":"2461"},{"source":"2007","target":"2463"},{"source":"2007","target":"2468"},{"source":"2007","target":"2471"},{"source":"2007","target":"2472"},{"source":"2007","target":"2473"},{"source":"2007","target":"2475"},{"source":"2007","target":"2489"},{"source":"2007","target":"2491"},{"source":"2007","target":"2498"},{"source":"2007","target":"2508"},{"source":"2007","target":"2509"},{"source":"2007","target":"2510"},{"source":"2007","target":"2511"},{"source":"2007","target":"2512"},{"source":"2007","target":"2516"},{"source":"2007","target":"2526"},{"source":"2007","target":"2533"},{"source":"2007","target":"2537"},{"source":"2007","target":"2543"},{"source":"2007","target":"2547"},{"source":"2007","target":"2555"},{"source":"2007","target":"2560"},{"source":"2007","target":"2567"},{"source":"2007","target":"2582"},{"source":"2007","target":"2588"},{"source":"2007","target":"2589"},{"source":"2007","target":"2592"},{"source":"2007","target":"2597"},{"source":"2007","target":"2598"},{"source":"2007","target":"2600"},{"source":"2007","target":"2601"},{"source":"2007","target":"2604"},{"source":"2007","target":"2616"},{"source":"2007","target":"2617"},{"source":"2007","target":"2623"},{"source":"2007","target":"2629"},{"source":"2007","target":"2642"},{"source":"2007","target":"2643"},{"source":"2007","target":"2646"},{"source":"2007","target":"2649"},{"source":"2007","target":"2653"},{"source":"2008","target":"2114"},{"source":"2008","target":"2126"},{"source":"2008","target":"2152"},{"source":"2008","target":"2232"},{"source":"2008","target":"2412"},{"source":"2008","target":"2455"},{"source":"2009","target":"2011"},{"source":"2009","target":"2013"},{"source":"2009","target":"2018"},{"source":"2009","target":"2024"},{"source":"2009","target":"2027"},{"source":"2009","target":"2116"},{"source":"2009","target":"2143"},{"source":"2009","target":"2157"},{"source":"2009","target":"2159"},{"source":"2009","target":"2268"},{"source":"2009","target":"2297"},{"source":"2009","target":"2337"},{"source":"2009","target":"2365"},{"source":"2009","target":"2378"},{"source":"2009","target":"2417"},{"source":"2009","target":"2435"},{"source":"2009","target":"2447"},{"source":"2009","target":"2459"},{"source":"2009","target":"2472"},{"source":"2009","target":"2538"},{"source":"2009","target":"2571"},{"source":"2009","target":"2583"},{"source":"2009","target":"2640"},{"source":"2009","target":"2647"},{"source":"2009","target":"2648"},{"source":"2009","target":"2657"},{"source":"2009","target":"2660"},{"source":"2010","target":"2028"},{"source":"2010","target":"2032"},{"source":"2010","target":"2039"},{"source":"2010","target":"2047"},{"source":"2010","target":"2052"},{"source":"2010","target":"2054"},{"source":"2010","target":"2068"},{"source":"2010","target":"2071"},{"source":"2010","target":"2081"},{"source":"2010","target":"2087"},{"source":"2010","target":"2102"},{"source":"2010","target":"2111"},{"source":"2010","target":"2125"},{"source":"2010","target":"2133"},{"source":"2010","target":"2143"},{"source":"2010","target":"2149"},{"source":"2010","target":"2151"},{"source":"2010","target":"2153"},{"source":"2010","target":"2155"},{"source":"2010","target":"2169"},{"source":"2010","target":"2174"},{"source":"2010","target":"2176"},{"source":"2010","target":"2183"},{"source":"2010","target":"2187"},{"source":"2010","target":"2194"},{"source":"2010","target":"2196"},{"source":"2010","target":"2199"},{"source":"2010","target":"2203"},{"source":"2010","target":"2224"},{"source":"2010","target":"2241"},{"source":"2010","target":"2246"},{"source":"2010","target":"2247"},{"source":"2010","target":"2250"},{"source":"2010","target":"2254"},{"source":"2010","target":"2267"},{"source":"2010","target":"2273"},{"source":"2010","target":"2282"},{"source":"2010","target":"2283"},{"source":"2010","target":"2289"},{"source":"2010","target":"2292"},{"source":"2010","target":"2294"},{"source":"2010","target":"2325"},{"source":"2010","target":"2328"},{"source":"2010","target":"2333"},{"source":"2010","target":"2336"},{"source":"2010","target":"2343"},{"source":"2010","target":"2344"},{"source":"2010","target":"2347"},{"source":"2010","target":"2351"},{"source":"2010","target":"2377"},{"source":"2010","target":"2384"},{"source":"2010","target":"2399"},{"source":"2010","target":"2419"},{"source":"2010","target":"2461"},{"source":"2010","target":"2463"},{"source":"2010","target":"2471"},{"source":"2010","target":"2475"},{"source":"2010","target":"2498"},{"source":"2010","target":"2509"},{"source":"2010","target":"2512"},{"source":"2010","target":"2516"},{"source":"2010","target":"2555"},{"source":"2010","target":"2567"},{"source":"2010","target":"2582"},{"source":"2010","target":"2588"},{"source":"2010","target":"2592"},{"source":"2010","target":"2598"},{"source":"2010","target":"2616"},{"source":"2010","target":"2629"},{"source":"2010","target":"2642"},{"source":"2010","target":"2649"},{"source":"2011","target":"2022"},{"source":"2011","target":"2025"},{"source":"2011","target":"2061"},{"source":"2011","target":"2097"},{"source":"2011","target":"2116"},{"source":"2011","target":"2157"},{"source":"2011","target":"2171"},{"source":"2011","target":"2192"},{"source":"2011","target":"2225"},{"source":"2011","target":"2284"},{"source":"2011","target":"2364"},{"source":"2011","target":"2447"},{"source":"2011","target":"2459"},{"source":"2011","target":"2472"},{"source":"2011","target":"2494"},{"source":"2011","target":"2585"},{"source":"2011","target":"2627"},{"source":"2011","target":"2639"},{"source":"2011","target":"2645"},{"source":"2011","target":"2648"},{"source":"2011","target":"2657"},{"source":"2011","target":"2658"},{"source":"2011","target":"2660"},{"source":"2012","target":"2018"},{"source":"2012","target":"2116"},{"source":"2012","target":"2157"},{"source":"2012","target":"2171"},{"source":"2012","target":"2364"},{"source":"2012","target":"2365"},{"source":"2012","target":"2378"},{"source":"2012","target":"2494"},{"source":"2013","target":"2018"},{"source":"2013","target":"2297"},{"source":"2013","target":"2459"},{"source":"2014","target":"2061"},{"source":"2014","target":"2225"},{"source":"2014","target":"2284"},{"source":"2014","target":"2364"},{"source":"2014","target":"2626"},{"source":"2014","target":"2648"},{"source":"2015","target":"2152"},{"source":"2015","target":"2156"},{"source":"2015","target":"2357"},{"source":"2016","target":"2018"},{"source":"2016","target":"2022"},{"source":"2016","target":"2024"},{"source":"2016","target":"2116"},{"source":"2016","target":"2225"},{"source":"2016","target":"2284"},{"source":"2016","target":"2364"},{"source":"2016","target":"2447"},{"source":"2016","target":"2494"},{"source":"2016","target":"2645"},{"source":"2016","target":"2657"},{"source":"2017","target":"2041"},{"source":"2017","target":"2296"},{"source":"2017","target":"2321"},{"source":"2017","target":"2421"},{"source":"2017","target":"2565"},{"source":"2018","target":"2022"},{"source":"2018","target":"2024"},{"source":"2018","target":"2027"},{"source":"2018","target":"2050"},{"source":"2018","target":"2116"},{"source":"2018","target":"2157"},{"source":"2018","target":"2159"},{"source":"2018","target":"2171"},{"source":"2018","target":"2192"},{"source":"2018","target":"2268"},{"source":"2018","target":"2284"},{"source":"2018","target":"2297"},{"source":"2018","target":"2337"},{"source":"2018","target":"2346"},{"source":"2018","target":"2364"},{"source":"2018","target":"2365"},{"source":"2018","target":"2378"},{"source":"2018","target":"2417"},{"source":"2018","target":"2435"},{"source":"2018","target":"2447"},{"source":"2018","target":"2459"},{"source":"2018","target":"2472"},{"source":"2018","target":"2494"},{"source":"2018","target":"2538"},{"source":"2018","target":"2571"},{"source":"2018","target":"2636"},{"source":"2018","target":"2640"},{"source":"2018","target":"2645"},{"source":"2018","target":"2647"},{"source":"2018","target":"2648"},{"source":"2018","target":"2657"},{"source":"2019","target":"2037"},{"source":"2019","target":"2058"},{"source":"2019","target":"2067"},{"source":"2019","target":"2092"},{"source":"2019","target":"2234"},{"source":"2019","target":"2303"},{"source":"2019","target":"2334"},{"source":"2019","target":"2387"},{"source":"2019","target":"2393"},{"source":"2019","target":"2443"},{"source":"2019","target":"2449"},{"source":"2019","target":"2476"},{"source":"2019","target":"2478"},{"source":"2019","target":"2499"},{"source":"2019","target":"2526"},{"source":"2019","target":"2584"},{"source":"2020","target":"2030"},{"source":"2020","target":"2037"},{"source":"2020","target":"2040"},{"source":"2020","target":"2045"},{"source":"2020","target":"2046"},{"source":"2020","target":"2056"},{"source":"2020","target":"2058"},{"source":"2020","target":"2059"},{"source":"2020","target":"2064"},{"source":"2020","target":"2069"},{"source":"2020","target":"2073"},{"source":"2020","target":"2078"},{"source":"2020","target":"2083"},{"source":"2020","target":"2084"},{"source":"2020","target":"2088"},{"source":"2020","target":"2090"},{"source":"2020","target":"2093"},{"source":"2020","target":"2098"},{"source":"2020","target":"2103"},{"source":"2020","target":"2104"},{"source":"2020","target":"2108"},{"source":"2020","target":"2109"},{"source":"2020","target":"2112"},{"source":"2020","target":"2115"},{"source":"2020","target":"2118"},{"source":"2020","target":"2121"},{"source":"2020","target":"2123"},{"source":"2020","target":"2124"},{"source":"2020","target":"2131"},{"source":"2020","target":"2140"},{"source":"2020","target":"2142"},{"source":"2020","target":"2150"},{"source":"2020","target":"2154"},{"source":"2020","target":"2165"},{"source":"2020","target":"2172"},{"source":"2020","target":"2184"},{"source":"2020","target":"2188"},{"source":"2020","target":"2190"},{"source":"2020","target":"2200"},{"source":"2020","target":"2201"},{"source":"2020","target":"2206"},{"source":"2020","target":"2210"},{"source":"2020","target":"2212"},{"source":"2020","target":"2213"},{"source":"2020","target":"2218"},{"source":"2020","target":"2220"},{"source":"2020","target":"2229"},{"source":"2020","target":"2233"},{"source":"2020","target":"2237"},{"source":"2020","target":"2240"},{"source":"2020","target":"2244"},{"source":"2020","target":"2253"},{"source":"2020","target":"2257"},{"source":"2020","target":"2266"},{"source":"2020","target":"2271"},{"source":"2020","target":"2275"},{"source":"2020","target":"2276"},{"source":"2020","target":"2278"},{"source":"2020","target":"2290"},{"source":"2020","target":"2299"},{"source":"2020","target":"2300"},{"source":"2020","target":"2306"},{"source":"2020","target":"2307"},{"source":"2020","target":"2308"},{"source":"2020","target":"2309"},{"source":"2020","target":"2323"},{"source":"2020","target":"2324"},{"source":"2020","target":"2326"},{"source":"2020","target":"2329"},{"source":"2020","target":"2331"},{"source":"2020","target":"2334"},{"source":"2020","target":"2339"},{"source":"2020","target":"2340"},{"source":"2020","target":"2347"},{"source":"2020","target":"2348"},{"source":"2020","target":"2352"},{"source":"2020","target":"2354"},{"source":"2020","target":"2356"},{"source":"2020","target":"2363"},{"source":"2020","target":"2369"},{"source":"2020","target":"2370"},{"source":"2020","target":"2376"},{"source":"2020","target":"2381"},{"source":"2020","target":"2391"},{"source":"2020","target":"2395"},{"source":"2020","target":"2409"},{"source":"2020","target":"2410"},{"source":"2020","target":"2414"},{"source":"2020","target":"2423"},{"source":"2020","target":"2428"},{"source":"2020","target":"2446"},{"source":"2020","target":"2460"},{"source":"2020","target":"2462"},{"source":"2020","target":"2464"},{"source":"2020","target":"2467"},{"source":"2020","target":"2468"},{"source":"2020","target":"2469"},{"source":"2020","target":"2482"},{"source":"2020","target":"2485"},{"source":"2020","target":"2492"},{"source":"2020","target":"2495"},{"source":"2020","target":"2499"},{"source":"2020","target":"2500"},{"source":"2020","target":"2504"},{"source":"2020","target":"2506"},{"source":"2020","target":"2507"},{"source":"2020","target":"2520"},{"source":"2020","target":"2521"},{"source":"2020","target":"2526"},{"source":"2020","target":"2542"},{"source":"2020","target":"2543"},{"source":"2020","target":"2546"},{"source":"2020","target":"2549"},{"source":"2020","target":"2550"},{"source":"2020","target":"2551"},{"source":"2020","target":"2553"},{"source":"2020","target":"2556"},{"source":"2020","target":"2559"},{"source":"2020","target":"2560"},{"source":"2020","target":"2561"},{"source":"2020","target":"2564"},{"source":"2020","target":"2573"},{"source":"2020","target":"2578"},{"source":"2020","target":"2579"},{"source":"2020","target":"2586"},{"source":"2020","target":"2590"},{"source":"2020","target":"2593"},{"source":"2020","target":"2600"},{"source":"2020","target":"2601"},{"source":"2020","target":"2602"},{"source":"2020","target":"2604"},{"source":"2020","target":"2607"},{"source":"2020","target":"2611"},{"source":"2020","target":"2615"},{"source":"2020","target":"2623"},{"source":"2020","target":"2624"},{"source":"2020","target":"2625"},{"source":"2020","target":"2631"},{"source":"2020","target":"2638"},{"source":"2020","target":"2654"},{"source":"2021","target":"2030"},{"source":"2021","target":"2103"},{"source":"2021","target":"2172"},{"source":"2021","target":"2179"},{"source":"2021","target":"2233"},{"source":"2021","target":"2244"},{"source":"2021","target":"2276"},{"source":"2021","target":"2348"},{"source":"2021","target":"2369"},{"source":"2021","target":"2407"},{"source":"2021","target":"2409"},{"source":"2021","target":"2410"},{"source":"2021","target":"2428"},{"source":"2021","target":"2464"},{"source":"2021","target":"2484"},{"source":"2021","target":"2485"},{"source":"2021","target":"2526"},{"source":"2021","target":"2543"},{"source":"2021","target":"2560"},{"source":"2021","target":"2563"},{"source":"2021","target":"2564"},{"source":"2021","target":"2574"},{"source":"2021","target":"2601"},{"source":"2021","target":"2604"},{"source":"2022","target":"2024"},{"source":"2022","target":"2050"},{"source":"2022","target":"2097"},{"source":"2022","target":"2116"},{"source":"2022","target":"2157"},{"source":"2022","target":"2171"},{"source":"2022","target":"2192"},{"source":"2022","target":"2202"},{"source":"2022","target":"2225"},{"source":"2022","target":"2268"},{"source":"2022","target":"2284"},{"source":"2022","target":"2297"},{"source":"2022","target":"2364"},{"source":"2022","target":"2365"},{"source":"2022","target":"2447"},{"source":"2022","target":"2459"},{"source":"2022","target":"2472"},{"source":"2022","target":"2538"},{"source":"2022","target":"2585"},{"source":"2022","target":"2620"},{"source":"2022","target":"2633"},{"source":"2022","target":"2639"},{"source":"2022","target":"2640"},{"source":"2022","target":"2657"},{"source":"2022","target":"2658"},{"source":"2022","target":"2659"},{"source":"2022","target":"2660"},{"source":"2023","target":"2035"},{"source":"2023","target":"2047"},{"source":"2023","target":"2089"},{"source":"2023","target":"2091"},{"source":"2023","target":"2129"},{"source":"2023","target":"2193"},{"source":"2023","target":"2197"},{"source":"2023","target":"2231"},{"source":"2023","target":"2236"},{"source":"2023","target":"2316"},{"source":"2023","target":"2317"},{"source":"2023","target":"2341"},{"source":"2023","target":"2361"},{"source":"2023","target":"2366"},{"source":"2023","target":"2371"},{"source":"2023","target":"2412"},{"source":"2023","target":"2440"},{"source":"2023","target":"2474"},{"source":"2023","target":"2488"},{"source":"2023","target":"2577"},{"source":"2023","target":"2628"},{"source":"2024","target":"2027"},{"source":"2024","target":"2097"},{"source":"2024","target":"2157"},{"source":"2024","target":"2159"},{"source":"2024","target":"2171"},{"source":"2024","target":"2192"},{"source":"2024","target":"2202"},{"source":"2024","target":"2268"},{"source":"2024","target":"2284"},{"source":"2024","target":"2364"},{"source":"2024","target":"2365"},{"source":"2024","target":"2378"},{"source":"2024","target":"2447"},{"source":"2024","target":"2459"},{"source":"2024","target":"2494"},{"source":"2024","target":"2538"},{"source":"2024","target":"2583"},{"source":"2024","target":"2585"},{"source":"2024","target":"2620"},{"source":"2024","target":"2636"},{"source":"2024","target":"2639"},{"source":"2024","target":"2640"},{"source":"2024","target":"2645"},{"source":"2024","target":"2647"},{"source":"2024","target":"2648"},{"source":"2024","target":"2658"},{"source":"2024","target":"2659"},{"source":"2024","target":"2660"},{"source":"2025","target":"2061"},{"source":"2025","target":"2097"},{"source":"2025","target":"2159"},{"source":"2025","target":"2171"},{"source":"2025","target":"2202"},{"source":"2025","target":"2225"},{"source":"2025","target":"2346"},{"source":"2025","target":"2364"},{"source":"2025","target":"2365"},{"source":"2025","target":"2583"},{"source":"2025","target":"2620"},{"source":"2025","target":"2626"},{"source":"2025","target":"2627"},{"source":"2025","target":"2633"},{"source":"2025","target":"2648"},{"source":"2025","target":"2657"},{"source":"2025","target":"2658"},{"source":"2025","target":"2659"},{"source":"2026","target":"2054"},{"source":"2026","target":"2068"},{"source":"2026","target":"2072"},{"source":"2026","target":"2081"},{"source":"2026","target":"2087"},{"source":"2026","target":"2102"},{"source":"2026","target":"2125"},{"source":"2026","target":"2127"},{"source":"2026","target":"2128"},{"source":"2026","target":"2133"},{"source":"2026","target":"2134"},{"source":"2026","target":"2138"},{"source":"2026","target":"2150"},{"source":"2026","target":"2153"},{"source":"2026","target":"2161"},{"source":"2026","target":"2176"},{"source":"2026","target":"2180"},{"source":"2026","target":"2183"},{"source":"2026","target":"2187"},{"source":"2026","target":"2191"},{"source":"2026","target":"2196"},{"source":"2026","target":"2224"},{"source":"2026","target":"2233"},{"source":"2026","target":"2239"},{"source":"2026","target":"2247"},{"source":"2026","target":"2250"},{"source":"2026","target":"2264"},{"source":"2026","target":"2267"},{"source":"2026","target":"2268"},{"source":"2026","target":"2279"},{"source":"2026","target":"2282"},{"source":"2026","target":"2283"},{"source":"2026","target":"2287"},{"source":"2026","target":"2289"},{"source":"2026","target":"2292"},{"source":"2026","target":"2299"},{"source":"2026","target":"2319"},{"source":"2026","target":"2327"},{"source":"2026","target":"2328"},{"source":"2026","target":"2333"},{"source":"2026","target":"2336"},{"source":"2026","target":"2338"},{"source":"2026","target":"2343"},{"source":"2026","target":"2347"},{"source":"2026","target":"2350"},{"source":"2026","target":"2351"},{"source":"2026","target":"2367"},{"source":"2026","target":"2369"},{"source":"2026","target":"2381"},{"source":"2026","target":"2384"},{"source":"2026","target":"2394"},{"source":"2026","target":"2396"},{"source":"2026","target":"2398"},{"source":"2026","target":"2414"},{"source":"2026","target":"2434"},{"source":"2026","target":"2436"},{"source":"2026","target":"2451"},{"source":"2026","target":"2458"},{"source":"2026","target":"2461"},{"source":"2026","target":"2468"},{"source":"2026","target":"2475"},{"source":"2026","target":"2498"},{"source":"2026","target":"2508"},{"source":"2026","target":"2510"},{"source":"2026","target":"2511"},{"source":"2026","target":"2516"},{"source":"2026","target":"2526"},{"source":"2026","target":"2531"},{"source":"2026","target":"2537"},{"source":"2026","target":"2543"},{"source":"2026","target":"2547"},{"source":"2026","target":"2550"},{"source":"2026","target":"2554"},{"source":"2026","target":"2555"},{"source":"2026","target":"2567"},{"source":"2026","target":"2588"},{"source":"2026","target":"2592"},{"source":"2026","target":"2594"},{"source":"2026","target":"2598"},{"source":"2026","target":"2607"},{"source":"2026","target":"2608"},{"source":"2026","target":"2617"},{"source":"2026","target":"2629"},{"source":"2027","target":"2116"},{"source":"2027","target":"2157"},{"source":"2027","target":"2159"},{"source":"2027","target":"2171"},{"source":"2027","target":"2202"},{"source":"2027","target":"2268"},{"source":"2027","target":"2284"},{"source":"2027","target":"2337"},{"source":"2027","target":"2346"},{"source":"2027","target":"2364"},{"source":"2027","target":"2365"},{"source":"2027","target":"2378"},{"source":"2027","target":"2435"},{"source":"2027","target":"2447"},{"source":"2027","target":"2459"},{"source":"2027","target":"2538"},{"source":"2027","target":"2583"},{"source":"2027","target":"2626"},{"source":"2027","target":"2633"},{"source":"2027","target":"2636"},{"source":"2027","target":"2639"},{"source":"2027","target":"2640"},{"source":"2027","target":"2645"},{"source":"2027","target":"2657"},{"source":"2028","target":"2032"},{"source":"2028","target":"2039"},{"source":"2028","target":"2042"},{"source":"2028","target":"2047"},{"source":"2028","target":"2052"},{"source":"2028","target":"2053"},{"source":"2028","target":"2054"},{"source":"2028","target":"2068"},{"source":"2028","target":"2071"},{"source":"2028","target":"2081"},{"source":"2028","target":"2087"},{"source":"2028","target":"2102"},{"source":"2028","target":"2111"},{"source":"2028","target":"2117"},{"source":"2028","target":"2125"},{"source":"2028","target":"2128"},{"source":"2028","target":"2133"},{"source":"2028","target":"2134"},{"source":"2028","target":"2135"},{"source":"2028","target":"2138"},{"source":"2028","target":"2143"},{"source":"2028","target":"2148"},{"source":"2028","target":"2149"},{"source":"2028","target":"2153"},{"source":"2028","target":"2163"},{"source":"2028","target":"2174"},{"source":"2028","target":"2176"},{"source":"2028","target":"2180"},{"source":"2028","target":"2183"},{"source":"2028","target":"2187"},{"source":"2028","target":"2191"},{"source":"2028","target":"2194"},{"source":"2028","target":"2196"},{"source":"2028","target":"2199"},{"source":"2028","target":"2223"},{"source":"2028","target":"2224"},{"source":"2028","target":"2241"},{"source":"2028","target":"2247"},{"source":"2028","target":"2250"},{"source":"2028","target":"2273"},{"source":"2028","target":"2279"},{"source":"2028","target":"2282"},{"source":"2028","target":"2283"},{"source":"2028","target":"2289"},{"source":"2028","target":"2292"},{"source":"2028","target":"2293"},{"source":"2028","target":"2294"},{"source":"2028","target":"2295"},{"source":"2028","target":"2298"},{"source":"2028","target":"2302"},{"source":"2028","target":"2315"},{"source":"2028","target":"2328"},{"source":"2028","target":"2330"},{"source":"2028","target":"2332"},{"source":"2028","target":"2333"},{"source":"2028","target":"2336"},{"source":"2028","target":"2338"},{"source":"2028","target":"2347"},{"source":"2028","target":"2351"},{"source":"2028","target":"2372"},{"source":"2028","target":"2384"},{"source":"2028","target":"2420"},{"source":"2028","target":"2461"},{"source":"2028","target":"2463"},{"source":"2028","target":"2465"},{"source":"2028","target":"2471"},{"source":"2028","target":"2472"},{"source":"2028","target":"2475"},{"source":"2028","target":"2502"},{"source":"2028","target":"2509"},{"source":"2028","target":"2510"},{"source":"2028","target":"2512"},{"source":"2028","target":"2516"},{"source":"2028","target":"2519"},{"source":"2028","target":"2533"},{"source":"2028","target":"2543"},{"source":"2028","target":"2555"},{"source":"2028","target":"2567"},{"source":"2028","target":"2582"},{"source":"2028","target":"2588"},{"source":"2028","target":"2592"},{"source":"2028","target":"2597"},{"source":"2028","target":"2598"},{"source":"2028","target":"2605"},{"source":"2028","target":"2608"},{"source":"2028","target":"2609"},{"source":"2028","target":"2616"},{"source":"2028","target":"2629"},{"source":"2028","target":"2642"},{"source":"2028","target":"2643"},{"source":"2028","target":"2649"},{"source":"2028","target":"2653"},{"source":"2029","target":"2062"},{"source":"2029","target":"2081"},{"source":"2029","target":"2117"},{"source":"2029","target":"2182"},{"source":"2029","target":"2199"},{"source":"2029","target":"2242"},{"source":"2029","target":"2272"},{"source":"2029","target":"2282"},{"source":"2029","target":"2294"},{"source":"2029","target":"2298"},{"source":"2029","target":"2304"},{"source":"2029","target":"2313"},{"source":"2029","target":"2318"},{"source":"2029","target":"2325"},{"source":"2029","target":"2328"},{"source":"2029","target":"2333"},{"source":"2029","target":"2344"},{"source":"2029","target":"2362"},{"source":"2029","target":"2396"},{"source":"2029","target":"2438"},{"source":"2029","target":"2452"},{"source":"2029","target":"2480"},{"source":"2029","target":"2501"},{"source":"2029","target":"2509"},{"source":"2029","target":"2540"},{"source":"2029","target":"2581"},{"source":"2029","target":"2605"},{"source":"2029","target":"2637"},{"source":"2029","target":"2642"},{"source":"2030","target":"2033"},{"source":"2030","target":"2037"},{"source":"2030","target":"2040"},{"source":"2030","target":"2043"},{"source":"2030","target":"2046"},{"source":"2030","target":"2059"},{"source":"2030","target":"2064"},{"source":"2030","target":"2069"},{"source":"2030","target":"2073"},{"source":"2030","target":"2074"},{"source":"2030","target":"2077"},{"source":"2030","target":"2078"},{"source":"2030","target":"2083"},{"source":"2030","target":"2084"},{"source":"2030","target":"2088"},{"source":"2030","target":"2090"},{"source":"2030","target":"2093"},{"source":"2030","target":"2095"},{"source":"2030","target":"2098"},{"source":"2030","target":"2103"},{"source":"2030","target":"2104"},{"source":"2030","target":"2108"},{"source":"2030","target":"2109"},{"source":"2030","target":"2112"},{"source":"2030","target":"2115"},{"source":"2030","target":"2118"},{"source":"2030","target":"2121"},{"source":"2030","target":"2122"},{"source":"2030","target":"2123"},{"source":"2030","target":"2124"},{"source":"2030","target":"2131"},{"source":"2030","target":"2136"},{"source":"2030","target":"2139"},{"source":"2030","target":"2140"},{"source":"2030","target":"2142"},{"source":"2030","target":"2150"},{"source":"2030","target":"2154"},{"source":"2030","target":"2164"},{"source":"2030","target":"2165"},{"source":"2030","target":"2172"},{"source":"2030","target":"2184"},{"source":"2030","target":"2188"},{"source":"2030","target":"2190"},{"source":"2030","target":"2200"},{"source":"2030","target":"2201"},{"source":"2030","target":"2206"},{"source":"2030","target":"2212"},{"source":"2030","target":"2213"},{"source":"2030","target":"2218"},{"source":"2030","target":"2220"},{"source":"2030","target":"2229"},{"source":"2030","target":"2233"},{"source":"2030","target":"2237"},{"source":"2030","target":"2240"},{"source":"2030","target":"2244"},{"source":"2030","target":"2253"},{"source":"2030","target":"2257"},{"source":"2030","target":"2261"},{"source":"2030","target":"2266"},{"source":"2030","target":"2271"},{"source":"2030","target":"2275"},{"source":"2030","target":"2276"},{"source":"2030","target":"2278"},{"source":"2030","target":"2290"},{"source":"2030","target":"2299"},{"source":"2030","target":"2303"},{"source":"2030","target":"2306"},{"source":"2030","target":"2308"},{"source":"2030","target":"2309"},{"source":"2030","target":"2323"},{"source":"2030","target":"2324"},{"source":"2030","target":"2326"},{"source":"2030","target":"2329"},{"source":"2030","target":"2331"},{"source":"2030","target":"2334"},{"source":"2030","target":"2339"},{"source":"2030","target":"2340"},{"source":"2030","target":"2347"},{"source":"2030","target":"2348"},{"source":"2030","target":"2352"},{"source":"2030","target":"2354"},{"source":"2030","target":"2356"},{"source":"2030","target":"2359"},{"source":"2030","target":"2363"},{"source":"2030","target":"2369"},{"source":"2030","target":"2370"},{"source":"2030","target":"2374"},{"source":"2030","target":"2376"},{"source":"2030","target":"2381"},{"source":"2030","target":"2395"},{"source":"2030","target":"2404"},{"source":"2030","target":"2407"},{"source":"2030","target":"2408"},{"source":"2030","target":"2409"},{"source":"2030","target":"2410"},{"source":"2030","target":"2414"},{"source":"2030","target":"2423"},{"source":"2030","target":"2428"},{"source":"2030","target":"2430"},{"source":"2030","target":"2433"},{"source":"2030","target":"2446"},{"source":"2030","target":"2460"},{"source":"2030","target":"2462"},{"source":"2030","target":"2464"},{"source":"2030","target":"2467"},{"source":"2030","target":"2468"},{"source":"2030","target":"2469"},{"source":"2030","target":"2477"},{"source":"2030","target":"2482"},{"source":"2030","target":"2484"},{"source":"2030","target":"2485"},{"source":"2030","target":"2489"},{"source":"2030","target":"2492"},{"source":"2030","target":"2495"},{"source":"2030","target":"2499"},{"source":"2030","target":"2500"},{"source":"2030","target":"2504"},{"source":"2030","target":"2506"},{"source":"2030","target":"2507"},{"source":"2030","target":"2520"},{"source":"2030","target":"2521"},{"source":"2030","target":"2526"},{"source":"2030","target":"2532"},{"source":"2030","target":"2536"},{"source":"2030","target":"2539"},{"source":"2030","target":"2542"},{"source":"2030","target":"2543"},{"source":"2030","target":"2546"},{"source":"2030","target":"2549"},{"source":"2030","target":"2550"},{"source":"2030","target":"2551"},{"source":"2030","target":"2552"},{"source":"2030","target":"2553"},{"source":"2030","target":"2554"},{"source":"2030","target":"2556"},{"source":"2030","target":"2559"},{"source":"2030","target":"2560"},{"source":"2030","target":"2561"},{"source":"2030","target":"2563"},{"source":"2030","target":"2564"},{"source":"2030","target":"2573"},{"source":"2030","target":"2574"},{"source":"2030","target":"2575"},{"source":"2030","target":"2578"},{"source":"2030","target":"2586"},{"source":"2030","target":"2590"},{"source":"2030","target":"2591"},{"source":"2030","target":"2593"},{"source":"2030","target":"2600"},{"source":"2030","target":"2601"},{"source":"2030","target":"2602"},{"source":"2030","target":"2604"},{"source":"2030","target":"2607"},{"source":"2030","target":"2611"},{"source":"2030","target":"2615"},{"source":"2030","target":"2619"},{"source":"2030","target":"2623"},{"source":"2030","target":"2624"},{"source":"2030","target":"2625"},{"source":"2030","target":"2630"},{"source":"2030","target":"2638"},{"source":"2030","target":"2646"},{"source":"2030","target":"2654"},{"source":"2030","target":"2655"},{"source":"2031","target":"2036"},{"source":"2031","target":"2038"},{"source":"2031","target":"2047"},{"source":"2031","target":"2066"},{"source":"2031","target":"2117"},{"source":"2031","target":"2127"},{"source":"2031","target":"2133"},{"source":"2031","target":"2138"},{"source":"2031","target":"2141"},{"source":"2031","target":"2145"},{"source":"2031","target":"2149"},{"source":"2031","target":"2174"},{"source":"2031","target":"2176"},{"source":"2031","target":"2185"},{"source":"2031","target":"2205"},{"source":"2031","target":"2209"},{"source":"2031","target":"2211"},{"source":"2031","target":"2214"},{"source":"2031","target":"2232"},{"source":"2031","target":"2242"},{"source":"2031","target":"2254"},{"source":"2031","target":"2270"},{"source":"2031","target":"2272"},{"source":"2031","target":"2283"},{"source":"2031","target":"2289"},{"source":"2031","target":"2291"},{"source":"2031","target":"2318"},{"source":"2031","target":"2322"},{"source":"2031","target":"2325"},{"source":"2031","target":"2327"},{"source":"2031","target":"2362"},{"source":"2031","target":"2366"},{"source":"2031","target":"2406"},{"source":"2031","target":"2416"},{"source":"2031","target":"2419"},{"source":"2031","target":"2425"},{"source":"2031","target":"2473"},{"source":"2031","target":"2480"},{"source":"2031","target":"2514"},{"source":"2031","target":"2517"},{"source":"2031","target":"2525"},{"source":"2031","target":"2557"},{"source":"2031","target":"2588"},{"source":"2031","target":"2610"},{"source":"2031","target":"2612"},{"source":"2031","target":"2642"},{"source":"2032","target":"2038"},{"source":"2032","target":"2039"},{"source":"2032","target":"2042"},{"source":"2032","target":"2047"},{"source":"2032","target":"2054"},{"source":"2032","target":"2068"},{"source":"2032","target":"2071"},{"source":"2032","target":"2072"},{"source":"2032","target":"2081"},{"source":"2032","target":"2087"},{"source":"2032","target":"2096"},{"source":"2032","target":"2102"},{"source":"2032","target":"2111"},{"source":"2032","target":"2125"},{"source":"2032","target":"2127"},{"source":"2032","target":"2133"},{"source":"2032","target":"2134"},{"source":"2032","target":"2138"},{"source":"2032","target":"2143"},{"source":"2032","target":"2144"},{"source":"2032","target":"2148"},{"source":"2032","target":"2149"},{"source":"2032","target":"2151"},{"source":"2032","target":"2153"},{"source":"2032","target":"2161"},{"source":"2032","target":"2169"},{"source":"2032","target":"2174"},{"source":"2032","target":"2176"},{"source":"2032","target":"2180"},{"source":"2032","target":"2183"},{"source":"2032","target":"2187"},{"source":"2032","target":"2189"},{"source":"2032","target":"2191"},{"source":"2032","target":"2194"},{"source":"2032","target":"2196"},{"source":"2032","target":"2199"},{"source":"2032","target":"2203"},{"source":"2032","target":"2223"},{"source":"2032","target":"2224"},{"source":"2032","target":"2232"},{"source":"2032","target":"2241"},{"source":"2032","target":"2246"},{"source":"2032","target":"2247"},{"source":"2032","target":"2254"},{"source":"2032","target":"2259"},{"source":"2032","target":"2264"},{"source":"2032","target":"2268"},{"source":"2032","target":"2273"},{"source":"2032","target":"2279"},{"source":"2032","target":"2280"},{"source":"2032","target":"2282"},{"source":"2032","target":"2283"},{"source":"2032","target":"2285"},{"source":"2032","target":"2289"},{"source":"2032","target":"2292"},{"source":"2032","target":"2294"},{"source":"2032","target":"2302"},{"source":"2032","target":"2304"},{"source":"2032","target":"2315"},{"source":"2032","target":"2319"},{"source":"2032","target":"2327"},{"source":"2032","target":"2328"},{"source":"2032","target":"2332"},{"source":"2032","target":"2333"},{"source":"2032","target":"2336"},{"source":"2032","target":"2338"},{"source":"2032","target":"2343"},{"source":"2032","target":"2344"},{"source":"2032","target":"2347"},{"source":"2032","target":"2351"},{"source":"2032","target":"2367"},{"source":"2032","target":"2368"},{"source":"2032","target":"2377"},{"source":"2032","target":"2384"},{"source":"2032","target":"2394"},{"source":"2032","target":"2398"},{"source":"2032","target":"2399"},{"source":"2032","target":"2416"},{"source":"2032","target":"2417"},{"source":"2032","target":"2419"},{"source":"2032","target":"2420"},{"source":"2032","target":"2434"},{"source":"2032","target":"2436"},{"source":"2032","target":"2445"},{"source":"2032","target":"2451"},{"source":"2032","target":"2458"},{"source":"2032","target":"2461"},{"source":"2032","target":"2463"},{"source":"2032","target":"2465"},{"source":"2032","target":"2471"},{"source":"2032","target":"2472"},{"source":"2032","target":"2473"},{"source":"2032","target":"2475"},{"source":"2032","target":"2491"},{"source":"2032","target":"2498"},{"source":"2032","target":"2508"},{"source":"2032","target":"2509"},{"source":"2032","target":"2510"},{"source":"2032","target":"2511"},{"source":"2032","target":"2512"},{"source":"2032","target":"2516"},{"source":"2032","target":"2518"},{"source":"2032","target":"2519"},{"source":"2032","target":"2533"},{"source":"2032","target":"2537"},{"source":"2032","target":"2543"},{"source":"2032","target":"2555"},{"source":"2032","target":"2567"},{"source":"2032","target":"2571"},{"source":"2032","target":"2582"},{"source":"2032","target":"2588"},{"source":"2032","target":"2589"},{"source":"2032","target":"2592"},{"source":"2032","target":"2594"},{"source":"2032","target":"2597"},{"source":"2032","target":"2598"},{"source":"2032","target":"2599"},{"source":"2032","target":"2608"},{"source":"2032","target":"2616"},{"source":"2032","target":"2617"},{"source":"2032","target":"2629"},{"source":"2032","target":"2635"},{"source":"2032","target":"2642"},{"source":"2032","target":"2643"},{"source":"2032","target":"2649"},{"source":"2033","target":"2037"},{"source":"2033","target":"2043"},{"source":"2033","target":"2045"},{"source":"2033","target":"2055"},{"source":"2033","target":"2056"},{"source":"2033","target":"2059"},{"source":"2033","target":"2060"},{"source":"2033","target":"2063"},{"source":"2033","target":"2064"},{"source":"2033","target":"2069"},{"source":"2033","target":"2073"},{"source":"2033","target":"2074"},{"source":"2033","target":"2077"},{"source":"2033","target":"2078"},{"source":"2033","target":"2083"},{"source":"2033","target":"2086"},{"source":"2033","target":"2088"},{"source":"2033","target":"2090"},{"source":"2033","target":"2093"},{"source":"2033","target":"2095"},{"source":"2033","target":"2098"},{"source":"2033","target":"2103"},{"source":"2033","target":"2104"},{"source":"2033","target":"2108"},{"source":"2033","target":"2109"},{"source":"2033","target":"2112"},{"source":"2033","target":"2115"},{"source":"2033","target":"2118"},{"source":"2033","target":"2121"},{"source":"2033","target":"2123"},{"source":"2033","target":"2131"},{"source":"2033","target":"2139"},{"source":"2033","target":"2140"},{"source":"2033","target":"2142"},{"source":"2033","target":"2150"},{"source":"2033","target":"2154"},{"source":"2033","target":"2164"},{"source":"2033","target":"2165"},{"source":"2033","target":"2172"},{"source":"2033","target":"2184"},{"source":"2033","target":"2188"},{"source":"2033","target":"2190"},{"source":"2033","target":"2200"},{"source":"2033","target":"2201"},{"source":"2033","target":"2206"},{"source":"2033","target":"2210"},{"source":"2033","target":"2212"},{"source":"2033","target":"2213"},{"source":"2033","target":"2218"},{"source":"2033","target":"2220"},{"source":"2033","target":"2229"},{"source":"2033","target":"2233"},{"source":"2033","target":"2237"},{"source":"2033","target":"2240"},{"source":"2033","target":"2244"},{"source":"2033","target":"2253"},{"source":"2033","target":"2257"},{"source":"2033","target":"2261"},{"source":"2033","target":"2266"},{"source":"2033","target":"2271"},{"source":"2033","target":"2275"},{"source":"2033","target":"2276"},{"source":"2033","target":"2278"},{"source":"2033","target":"2287"},{"source":"2033","target":"2290"},{"source":"2033","target":"2299"},{"source":"2033","target":"2307"},{"source":"2033","target":"2309"},{"source":"2033","target":"2323"},{"source":"2033","target":"2324"},{"source":"2033","target":"2326"},{"source":"2033","target":"2329"},{"source":"2033","target":"2331"},{"source":"2033","target":"2340"},{"source":"2033","target":"2347"},{"source":"2033","target":"2348"},{"source":"2033","target":"2352"},{"source":"2033","target":"2353"},{"source":"2033","target":"2356"},{"source":"2033","target":"2359"},{"source":"2033","target":"2363"},{"source":"2033","target":"2369"},{"source":"2033","target":"2370"},{"source":"2033","target":"2374"},{"source":"2033","target":"2381"},{"source":"2033","target":"2386"},{"source":"2033","target":"2391"},{"source":"2033","target":"2392"},{"source":"2033","target":"2395"},{"source":"2033","target":"2404"},{"source":"2033","target":"2407"},{"source":"2033","target":"2408"},{"source":"2033","target":"2409"},{"source":"2033","target":"2410"},{"source":"2033","target":"2418"},{"source":"2033","target":"2423"},{"source":"2033","target":"2428"},{"source":"2033","target":"2433"},{"source":"2033","target":"2446"},{"source":"2033","target":"2460"},{"source":"2033","target":"2464"},{"source":"2033","target":"2467"},{"source":"2033","target":"2469"},{"source":"2033","target":"2482"},{"source":"2033","target":"2484"},{"source":"2033","target":"2489"},{"source":"2033","target":"2495"},{"source":"2033","target":"2500"},{"source":"2033","target":"2504"},{"source":"2033","target":"2506"},{"source":"2033","target":"2507"},{"source":"2033","target":"2520"},{"source":"2033","target":"2521"},{"source":"2033","target":"2526"},{"source":"2033","target":"2532"},{"source":"2033","target":"2536"},{"source":"2033","target":"2539"},{"source":"2033","target":"2543"},{"source":"2033","target":"2546"},{"source":"2033","target":"2549"},{"source":"2033","target":"2550"},{"source":"2033","target":"2551"},{"source":"2033","target":"2552"},{"source":"2033","target":"2553"},{"source":"2033","target":"2554"},{"source":"2033","target":"2556"},{"source":"2033","target":"2559"},{"source":"2033","target":"2560"},{"source":"2033","target":"2561"},{"source":"2033","target":"2564"},{"source":"2033","target":"2573"},{"source":"2033","target":"2574"},{"source":"2033","target":"2578"},{"source":"2033","target":"2586"},{"source":"2033","target":"2590"},{"source":"2033","target":"2593"},{"source":"2033","target":"2600"},{"source":"2033","target":"2601"},{"source":"2033","target":"2602"},{"source":"2033","target":"2604"},{"source":"2033","target":"2607"},{"source":"2033","target":"2611"},{"source":"2033","target":"2615"},{"source":"2033","target":"2619"},{"source":"2033","target":"2623"},{"source":"2033","target":"2624"},{"source":"2033","target":"2625"},{"source":"2033","target":"2630"},{"source":"2033","target":"2638"},{"source":"2033","target":"2646"},{"source":"2033","target":"2654"},{"source":"2033","target":"2655"},{"source":"2034","target":"2041"},{"source":"2034","target":"2120"},{"source":"2034","target":"2156"},{"source":"2034","target":"2204"},{"source":"2034","target":"2321"},{"source":"2034","target":"2421"},{"source":"2034","target":"2437"},{"source":"2035","target":"2049"},{"source":"2035","target":"2082"},{"source":"2035","target":"2089"},{"source":"2035","target":"2091"},{"source":"2035","target":"2107"},{"source":"2035","target":"2126"},{"source":"2035","target":"2129"},{"source":"2035","target":"2197"},{"source":"2035","target":"2228"},{"source":"2035","target":"2231"},{"source":"2035","target":"2236"},{"source":"2035","target":"2313"},{"source":"2035","target":"2361"},{"source":"2035","target":"2366"},{"source":"2035","target":"2371"},{"source":"2035","target":"2397"},{"source":"2035","target":"2402"},{"source":"2035","target":"2440"},{"source":"2035","target":"2448"},{"source":"2035","target":"2488"},{"source":"2035","target":"2614"},{"source":"2035","target":"2618"},{"source":"2035","target":"2628"},{"source":"2036","target":"2047"},{"source":"2036","target":"2133"},{"source":"2036","target":"2211"},{"source":"2036","target":"2214"},{"source":"2036","target":"2265"},{"source":"2036","target":"2288"},{"source":"2036","target":"2289"},{"source":"2036","target":"2291"},{"source":"2036","target":"2318"},{"source":"2036","target":"2345"},{"source":"2036","target":"2366"},{"source":"2036","target":"2406"},{"source":"2036","target":"2453"},{"source":"2036","target":"2566"},{"source":"2036","target":"2610"},{"source":"2036","target":"2612"},{"source":"2037","target":"2040"},{"source":"2037","target":"2043"},{"source":"2037","target":"2044"},{"source":"2037","target":"2045"},{"source":"2037","target":"2046"},{"source":"2037","target":"2055"},{"source":"2037","target":"2056"},{"source":"2037","target":"2060"},{"source":"2037","target":"2064"},{"source":"2037","target":"2067"},{"source":"2037","target":"2069"},{"source":"2037","target":"2073"},{"source":"2037","target":"2074"},{"source":"2037","target":"2077"},{"source":"2037","target":"2078"},{"source":"2037","target":"2083"},{"source":"2037","target":"2084"},{"source":"2037","target":"2086"},{"source":"2037","target":"2088"},{"source":"2037","target":"2090"},{"source":"2037","target":"2092"},{"source":"2037","target":"2095"},{"source":"2037","target":"2098"},{"source":"2037","target":"2103"},{"source":"2037","target":"2104"},{"source":"2037","target":"2108"},{"source":"2037","target":"2109"},{"source":"2037","target":"2112"},{"source":"2037","target":"2115"},{"source":"2037","target":"2118"},{"source":"2037","target":"2121"},{"source":"2037","target":"2122"},{"source":"2037","target":"2123"},{"source":"2037","target":"2131"},{"source":"2037","target":"2136"},{"source":"2037","target":"2139"},{"source":"2037","target":"2140"},{"source":"2037","target":"2142"},{"source":"2037","target":"2154"},{"source":"2037","target":"2164"},{"source":"2037","target":"2165"},{"source":"2037","target":"2172"},{"source":"2037","target":"2179"},{"source":"2037","target":"2184"},{"source":"2037","target":"2188"},{"source":"2037","target":"2190"},{"source":"2037","target":"2200"},{"source":"2037","target":"2201"},{"source":"2037","target":"2206"},{"source":"2037","target":"2210"},{"source":"2037","target":"2216"},{"source":"2037","target":"2218"},{"source":"2037","target":"2220"},{"source":"2037","target":"2229"},{"source":"2037","target":"2233"},{"source":"2037","target":"2234"},{"source":"2037","target":"2240"},{"source":"2037","target":"2244"},{"source":"2037","target":"2257"},{"source":"2037","target":"2258"},{"source":"2037","target":"2261"},{"source":"2037","target":"2266"},{"source":"2037","target":"2271"},{"source":"2037","target":"2278"},{"source":"2037","target":"2290"},{"source":"2037","target":"2299"},{"source":"2037","target":"2300"},{"source":"2037","target":"2308"},{"source":"2037","target":"2309"},{"source":"2037","target":"2323"},{"source":"2037","target":"2324"},{"source":"2037","target":"2326"},{"source":"2037","target":"2329"},{"source":"2037","target":"2340"},{"source":"2037","target":"2347"},{"source":"2037","target":"2352"},{"source":"2037","target":"2354"},{"source":"2037","target":"2356"},{"source":"2037","target":"2359"},{"source":"2037","target":"2369"},{"source":"2037","target":"2370"},{"source":"2037","target":"2374"},{"source":"2037","target":"2387"},{"source":"2037","target":"2393"},{"source":"2037","target":"2395"},{"source":"2037","target":"2404"},{"source":"2037","target":"2407"},{"source":"2037","target":"2408"},{"source":"2037","target":"2409"},{"source":"2037","target":"2410"},{"source":"2037","target":"2414"},{"source":"2037","target":"2423"},{"source":"2037","target":"2427"},{"source":"2037","target":"2428"},{"source":"2037","target":"2433"},{"source":"2037","target":"2442"},{"source":"2037","target":"2446"},{"source":"2037","target":"2460"},{"source":"2037","target":"2462"},{"source":"2037","target":"2464"},{"source":"2037","target":"2468"},{"source":"2037","target":"2476"},{"source":"2037","target":"2477"},{"source":"2037","target":"2478"},{"source":"2037","target":"2482"},{"source":"2037","target":"2484"},{"source":"2037","target":"2485"},{"source":"2037","target":"2489"},{"source":"2037","target":"2492"},{"source":"2037","target":"2500"},{"source":"2037","target":"2504"},{"source":"2037","target":"2506"},{"source":"2037","target":"2507"},{"source":"2037","target":"2520"},{"source":"2037","target":"2521"},{"source":"2037","target":"2526"},{"source":"2037","target":"2536"},{"source":"2037","target":"2539"},{"source":"2037","target":"2542"},{"source":"2037","target":"2543"},{"source":"2037","target":"2546"},{"source":"2037","target":"2549"},{"source":"2037","target":"2550"},{"source":"2037","target":"2553"},{"source":"2037","target":"2559"},{"source":"2037","target":"2560"},{"source":"2037","target":"2561"},{"source":"2037","target":"2564"},{"source":"2037","target":"2573"},{"source":"2037","target":"2574"},{"source":"2037","target":"2575"},{"source":"2037","target":"2578"},{"source":"2037","target":"2586"},{"source":"2037","target":"2591"},{"source":"2037","target":"2593"},{"source":"2037","target":"2600"},{"source":"2037","target":"2601"},{"source":"2037","target":"2604"},{"source":"2037","target":"2606"},{"source":"2037","target":"2607"},{"source":"2037","target":"2611"},{"source":"2037","target":"2615"},{"source":"2037","target":"2619"},{"source":"2037","target":"2623"},{"source":"2037","target":"2624"},{"source":"2037","target":"2625"},{"source":"2037","target":"2630"},{"source":"2037","target":"2646"},{"source":"2037","target":"2654"},{"source":"2038","target":"2039"},{"source":"2038","target":"2047"},{"source":"2038","target":"2052"},{"source":"2038","target":"2053"},{"source":"2038","target":"2054"},{"source":"2038","target":"2068"},{"source":"2038","target":"2072"},{"source":"2038","target":"2087"},{"source":"2038","target":"2102"},{"source":"2038","target":"2111"},{"source":"2038","target":"2125"},{"source":"2038","target":"2127"},{"source":"2038","target":"2133"},{"source":"2038","target":"2134"},{"source":"2038","target":"2135"},{"source":"2038","target":"2138"},{"source":"2038","target":"2141"},{"source":"2038","target":"2144"},{"source":"2038","target":"2145"},{"source":"2038","target":"2149"},{"source":"2038","target":"2169"},{"source":"2038","target":"2174"},{"source":"2038","target":"2176"},{"source":"2038","target":"2180"},{"source":"2038","target":"2183"},{"source":"2038","target":"2185"},{"source":"2038","target":"2186"},{"source":"2038","target":"2187"},{"source":"2038","target":"2189"},{"source":"2038","target":"2198"},{"source":"2038","target":"2199"},{"source":"2038","target":"2203"},{"source":"2038","target":"2209"},{"source":"2038","target":"2211"},{"source":"2038","target":"2215"},{"source":"2038","target":"2223"},{"source":"2038","target":"2224"},{"source":"2038","target":"2226"},{"source":"2038","target":"2232"},{"source":"2038","target":"2239"},{"source":"2038","target":"2241"},{"source":"2038","target":"2242"},{"source":"2038","target":"2250"},{"source":"2038","target":"2254"},{"source":"2038","target":"2259"},{"source":"2038","target":"2267"},{"source":"2038","target":"2268"},{"source":"2038","target":"2277"},{"source":"2038","target":"2279"},{"source":"2038","target":"2283"},{"source":"2038","target":"2285"},{"source":"2038","target":"2289"},{"source":"2038","target":"2296"},{"source":"2038","target":"2302"},{"source":"2038","target":"2318"},{"source":"2038","target":"2319"},{"source":"2038","target":"2322"},{"source":"2038","target":"2325"},{"source":"2038","target":"2327"},{"source":"2038","target":"2330"},{"source":"2038","target":"2336"},{"source":"2038","target":"2343"},{"source":"2038","target":"2345"},{"source":"2038","target":"2366"},{"source":"2038","target":"2367"},{"source":"2038","target":"2372"},{"source":"2038","target":"2379"},{"source":"2038","target":"2384"},{"source":"2038","target":"2398"},{"source":"2038","target":"2406"},{"source":"2038","target":"2416"},{"source":"2038","target":"2417"},{"source":"2038","target":"2419"},{"source":"2038","target":"2425"},{"source":"2038","target":"2436"},{"source":"2038","target":"2445"},{"source":"2038","target":"2451"},{"source":"2038","target":"2458"},{"source":"2038","target":"2463"},{"source":"2038","target":"2471"},{"source":"2038","target":"2473"},{"source":"2038","target":"2491"},{"source":"2038","target":"2498"},{"source":"2038","target":"2508"},{"source":"2038","target":"2509"},{"source":"2038","target":"2510"},{"source":"2038","target":"2511"},{"source":"2038","target":"2512"},{"source":"2038","target":"2525"},{"source":"2038","target":"2533"},{"source":"2038","target":"2543"},{"source":"2038","target":"2555"},{"source":"2038","target":"2566"},{"source":"2038","target":"2582"},{"source":"2038","target":"2588"},{"source":"2038","target":"2589"},{"source":"2038","target":"2594"},{"source":"2038","target":"2598"},{"source":"2038","target":"2608"},{"source":"2038","target":"2610"},{"source":"2038","target":"2612"},{"source":"2038","target":"2616"},{"source":"2038","target":"2617"},{"source":"2038","target":"2637"},{"source":"2038","target":"2642"},{"source":"2038","target":"2649"},{"source":"2038","target":"2653"},{"source":"2039","target":"2047"},{"source":"2039","target":"2052"},{"source":"2039","target":"2053"},{"source":"2039","target":"2054"},{"source":"2039","target":"2057"},{"source":"2039","target":"2068"},{"source":"2039","target":"2071"},{"source":"2039","target":"2072"},{"source":"2039","target":"2081"},{"source":"2039","target":"2087"},{"source":"2039","target":"2102"},{"source":"2039","target":"2111"},{"source":"2039","target":"2117"},{"source":"2039","target":"2127"},{"source":"2039","target":"2134"},{"source":"2039","target":"2135"},{"source":"2039","target":"2138"},{"source":"2039","target":"2144"},{"source":"2039","target":"2148"},{"source":"2039","target":"2149"},{"source":"2039","target":"2151"},{"source":"2039","target":"2153"},{"source":"2039","target":"2169"},{"source":"2039","target":"2176"},{"source":"2039","target":"2180"},{"source":"2039","target":"2183"},{"source":"2039","target":"2187"},{"source":"2039","target":"2189"},{"source":"2039","target":"2191"},{"source":"2039","target":"2194"},{"source":"2039","target":"2196"},{"source":"2039","target":"2199"},{"source":"2039","target":"2203"},{"source":"2039","target":"2215"},{"source":"2039","target":"2223"},{"source":"2039","target":"2224"},{"source":"2039","target":"2232"},{"source":"2039","target":"2241"},{"source":"2039","target":"2250"},{"source":"2039","target":"2254"},{"source":"2039","target":"2264"},{"source":"2039","target":"2267"},{"source":"2039","target":"2268"},{"source":"2039","target":"2273"},{"source":"2039","target":"2279"},{"source":"2039","target":"2282"},{"source":"2039","target":"2283"},{"source":"2039","target":"2289"},{"source":"2039","target":"2292"},{"source":"2039","target":"2293"},{"source":"2039","target":"2302"},{"source":"2039","target":"2315"},{"source":"2039","target":"2319"},{"source":"2039","target":"2328"},{"source":"2039","target":"2332"},{"source":"2039","target":"2333"},{"source":"2039","target":"2336"},{"source":"2039","target":"2338"},{"source":"2039","target":"2347"},{"source":"2039","target":"2351"},{"source":"2039","target":"2368"},{"source":"2039","target":"2372"},{"source":"2039","target":"2384"},{"source":"2039","target":"2385"},{"source":"2039","target":"2394"},{"source":"2039","target":"2417"},{"source":"2039","target":"2420"},{"source":"2039","target":"2445"},{"source":"2039","target":"2461"},{"source":"2039","target":"2463"},{"source":"2039","target":"2465"},{"source":"2039","target":"2471"},{"source":"2039","target":"2475"},{"source":"2039","target":"2498"},{"source":"2039","target":"2508"},{"source":"2039","target":"2510"},{"source":"2039","target":"2511"},{"source":"2039","target":"2512"},{"source":"2039","target":"2543"},{"source":"2039","target":"2555"},{"source":"2039","target":"2567"},{"source":"2039","target":"2582"},{"source":"2039","target":"2588"},{"source":"2039","target":"2592"},{"source":"2039","target":"2597"},{"source":"2039","target":"2598"},{"source":"2039","target":"2609"},{"source":"2039","target":"2616"},{"source":"2039","target":"2629"},{"source":"2039","target":"2642"},{"source":"2039","target":"2643"},{"source":"2039","target":"2653"},{"source":"2040","target":"2045"},{"source":"2040","target":"2046"},{"source":"2040","target":"2055"},{"source":"2040","target":"2056"},{"source":"2040","target":"2059"},{"source":"2040","target":"2064"},{"source":"2040","target":"2065"},{"source":"2040","target":"2069"},{"source":"2040","target":"2073"},{"source":"2040","target":"2074"},{"source":"2040","target":"2078"},{"source":"2040","target":"2088"},{"source":"2040","target":"2090"},{"source":"2040","target":"2093"},{"source":"2040","target":"2098"},{"source":"2040","target":"2103"},{"source":"2040","target":"2104"},{"source":"2040","target":"2108"},{"source":"2040","target":"2109"},{"source":"2040","target":"2112"},{"source":"2040","target":"2115"},{"source":"2040","target":"2118"},{"source":"2040","target":"2121"},{"source":"2040","target":"2123"},{"source":"2040","target":"2124"},{"source":"2040","target":"2131"},{"source":"2040","target":"2139"},{"source":"2040","target":"2142"},{"source":"2040","target":"2147"},{"source":"2040","target":"2150"},{"source":"2040","target":"2164"},{"source":"2040","target":"2165"},{"source":"2040","target":"2172"},{"source":"2040","target":"2184"},{"source":"2040","target":"2200"},{"source":"2040","target":"2201"},{"source":"2040","target":"2206"},{"source":"2040","target":"2208"},{"source":"2040","target":"2210"},{"source":"2040","target":"2212"},{"source":"2040","target":"2213"},{"source":"2040","target":"2218"},{"source":"2040","target":"2220"},{"source":"2040","target":"2229"},{"source":"2040","target":"2233"},{"source":"2040","target":"2237"},{"source":"2040","target":"2240"},{"source":"2040","target":"2244"},{"source":"2040","target":"2253"},{"source":"2040","target":"2258"},{"source":"2040","target":"2261"},{"source":"2040","target":"2266"},{"source":"2040","target":"2271"},{"source":"2040","target":"2275"},{"source":"2040","target":"2276"},{"source":"2040","target":"2278"},{"source":"2040","target":"2290"},{"source":"2040","target":"2293"},{"source":"2040","target":"2299"},{"source":"2040","target":"2308"},{"source":"2040","target":"2309"},{"source":"2040","target":"2311"},{"source":"2040","target":"2323"},{"source":"2040","target":"2324"},{"source":"2040","target":"2326"},{"source":"2040","target":"2329"},{"source":"2040","target":"2331"},{"source":"2040","target":"2334"},{"source":"2040","target":"2340"},{"source":"2040","target":"2347"},{"source":"2040","target":"2348"},{"source":"2040","target":"2354"},{"source":"2040","target":"2363"},{"source":"2040","target":"2369"},{"source":"2040","target":"2370"},{"source":"2040","target":"2374"},{"source":"2040","target":"2376"},{"source":"2040","target":"2386"},{"source":"2040","target":"2392"},{"source":"2040","target":"2395"},{"source":"2040","target":"2404"},{"source":"2040","target":"2407"},{"source":"2040","target":"2408"},{"source":"2040","target":"2409"},{"source":"2040","target":"2410"},{"source":"2040","target":"2423"},{"source":"2040","target":"2428"},{"source":"2040","target":"2433"},{"source":"2040","target":"2446"},{"source":"2040","target":"2460"},{"source":"2040","target":"2464"},{"source":"2040","target":"2467"},{"source":"2040","target":"2468"},{"source":"2040","target":"2469"},{"source":"2040","target":"2482"},{"source":"2040","target":"2485"},{"source":"2040","target":"2489"},{"source":"2040","target":"2501"},{"source":"2040","target":"2506"},{"source":"2040","target":"2507"},{"source":"2040","target":"2521"},{"source":"2040","target":"2526"},{"source":"2040","target":"2543"},{"source":"2040","target":"2546"},{"source":"2040","target":"2550"},{"source":"2040","target":"2551"},{"source":"2040","target":"2553"},{"source":"2040","target":"2556"},{"source":"2040","target":"2559"},{"source":"2040","target":"2560"},{"source":"2040","target":"2561"},{"source":"2040","target":"2564"},{"source":"2040","target":"2567"},{"source":"2040","target":"2573"},{"source":"2040","target":"2574"},{"source":"2040","target":"2575"},{"source":"2040","target":"2586"},{"source":"2040","target":"2590"},{"source":"2040","target":"2593"},{"source":"2040","target":"2600"},{"source":"2040","target":"2601"},{"source":"2040","target":"2602"},{"source":"2040","target":"2604"},{"source":"2040","target":"2606"},{"source":"2040","target":"2607"},{"source":"2040","target":"2611"},{"source":"2040","target":"2615"},{"source":"2040","target":"2619"},{"source":"2040","target":"2623"},{"source":"2040","target":"2631"},{"source":"2040","target":"2638"},{"source":"2040","target":"2646"},{"source":"2041","target":"2313"},{"source":"2041","target":"2321"},{"source":"2041","target":"2342"},{"source":"2041","target":"2456"},{"source":"2041","target":"2634"},{"source":"2042","target":"2047"},{"source":"2042","target":"2052"},{"source":"2042","target":"2054"},{"source":"2042","target":"2057"},{"source":"2042","target":"2068"},{"source":"2042","target":"2081"},{"source":"2042","target":"2087"},{"source":"2042","target":"2102"},{"source":"2042","target":"2111"},{"source":"2042","target":"2117"},{"source":"2042","target":"2125"},{"source":"2042","target":"2128"},{"source":"2042","target":"2133"},{"source":"2042","target":"2135"},{"source":"2042","target":"2137"},{"source":"2042","target":"2138"},{"source":"2042","target":"2143"},{"source":"2042","target":"2148"},{"source":"2042","target":"2149"},{"source":"2042","target":"2151"},{"source":"2042","target":"2153"},{"source":"2042","target":"2169"},{"source":"2042","target":"2180"},{"source":"2042","target":"2183"},{"source":"2042","target":"2187"},{"source":"2042","target":"2191"},{"source":"2042","target":"2194"},{"source":"2042","target":"2196"},{"source":"2042","target":"2199"},{"source":"2042","target":"2203"},{"source":"2042","target":"2215"},{"source":"2042","target":"2223"},{"source":"2042","target":"2224"},{"source":"2042","target":"2250"},{"source":"2042","target":"2254"},{"source":"2042","target":"2268"},{"source":"2042","target":"2279"},{"source":"2042","target":"2282"},{"source":"2042","target":"2283"},{"source":"2042","target":"2292"},{"source":"2042","target":"2302"},{"source":"2042","target":"2315"},{"source":"2042","target":"2328"},{"source":"2042","target":"2332"},{"source":"2042","target":"2333"},{"source":"2042","target":"2336"},{"source":"2042","target":"2338"},{"source":"2042","target":"2347"},{"source":"2042","target":"2351"},{"source":"2042","target":"2372"},{"source":"2042","target":"2384"},{"source":"2042","target":"2385"},{"source":"2042","target":"2420"},{"source":"2042","target":"2434"},{"source":"2042","target":"2436"},{"source":"2042","target":"2445"},{"source":"2042","target":"2458"},{"source":"2042","target":"2463"},{"source":"2042","target":"2491"},{"source":"2042","target":"2502"},{"source":"2042","target":"2508"},{"source":"2042","target":"2510"},{"source":"2042","target":"2511"},{"source":"2042","target":"2516"},{"source":"2042","target":"2522"},{"source":"2042","target":"2533"},{"source":"2042","target":"2543"},{"source":"2042","target":"2544"},{"source":"2042","target":"2555"},{"source":"2042","target":"2567"},{"source":"2042","target":"2582"},{"source":"2042","target":"2592"},{"source":"2042","target":"2597"},{"source":"2042","target":"2598"},{"source":"2042","target":"2629"},{"source":"2042","target":"2642"},{"source":"2042","target":"2643"},{"source":"2042","target":"2649"},{"source":"2042","target":"2653"},{"source":"2043","target":"2046"},{"source":"2043","target":"2058"},{"source":"2043","target":"2059"},{"source":"2043","target":"2063"},{"source":"2043","target":"2064"},{"source":"2043","target":"2069"},{"source":"2043","target":"2073"},{"source":"2043","target":"2074"},{"source":"2043","target":"2077"},{"source":"2043","target":"2078"},{"source":"2043","target":"2086"},{"source":"2043","target":"2088"},{"source":"2043","target":"2090"},{"source":"2043","target":"2093"},{"source":"2043","target":"2095"},{"source":"2043","target":"2098"},{"source":"2043","target":"2103"},{"source":"2043","target":"2104"},{"source":"2043","target":"2109"},{"source":"2043","target":"2112"},{"source":"2043","target":"2118"},{"source":"2043","target":"2121"},{"source":"2043","target":"2122"},{"source":"2043","target":"2123"},{"source":"2043","target":"2124"},{"source":"2043","target":"2131"},{"source":"2043","target":"2136"},{"source":"2043","target":"2139"},{"source":"2043","target":"2140"},{"source":"2043","target":"2142"},{"source":"2043","target":"2147"},{"source":"2043","target":"2150"},{"source":"2043","target":"2154"},{"source":"2043","target":"2164"},{"source":"2043","target":"2165"},{"source":"2043","target":"2172"},{"source":"2043","target":"2184"},{"source":"2043","target":"2188"},{"source":"2043","target":"2190"},{"source":"2043","target":"2201"},{"source":"2043","target":"2206"},{"source":"2043","target":"2216"},{"source":"2043","target":"2218"},{"source":"2043","target":"2220"},{"source":"2043","target":"2229"},{"source":"2043","target":"2233"},{"source":"2043","target":"2237"},{"source":"2043","target":"2240"},{"source":"2043","target":"2244"},{"source":"2043","target":"2253"},{"source":"2043","target":"2261"},{"source":"2043","target":"2266"},{"source":"2043","target":"2271"},{"source":"2043","target":"2275"},{"source":"2043","target":"2276"},{"source":"2043","target":"2278"},{"source":"2043","target":"2290"},{"source":"2043","target":"2299"},{"source":"2043","target":"2306"},{"source":"2043","target":"2309"},{"source":"2043","target":"2323"},{"source":"2043","target":"2324"},{"source":"2043","target":"2326"},{"source":"2043","target":"2331"},{"source":"2043","target":"2334"},{"source":"2043","target":"2339"},{"source":"2043","target":"2340"},{"source":"2043","target":"2347"},{"source":"2043","target":"2352"},{"source":"2043","target":"2354"},{"source":"2043","target":"2356"},{"source":"2043","target":"2359"},{"source":"2043","target":"2363"},{"source":"2043","target":"2369"},{"source":"2043","target":"2370"},{"source":"2043","target":"2374"},{"source":"2043","target":"2376"},{"source":"2043","target":"2381"},{"source":"2043","target":"2391"},{"source":"2043","target":"2392"},{"source":"2043","target":"2395"},{"source":"2043","target":"2404"},{"source":"2043","target":"2407"},{"source":"2043","target":"2408"},{"source":"2043","target":"2409"},{"source":"2043","target":"2410"},{"source":"2043","target":"2414"},{"source":"2043","target":"2418"},{"source":"2043","target":"2423"},{"source":"2043","target":"2428"},{"source":"2043","target":"2429"},{"source":"2043","target":"2430"},{"source":"2043","target":"2433"},{"source":"2043","target":"2446"},{"source":"2043","target":"2460"},{"source":"2043","target":"2464"},{"source":"2043","target":"2467"},{"source":"2043","target":"2469"},{"source":"2043","target":"2482"},{"source":"2043","target":"2484"},{"source":"2043","target":"2485"},{"source":"2043","target":"2489"},{"source":"2043","target":"2492"},{"source":"2043","target":"2495"},{"source":"2043","target":"2500"},{"source":"2043","target":"2504"},{"source":"2043","target":"2506"},{"source":"2043","target":"2507"},{"source":"2043","target":"2520"},{"source":"2043","target":"2526"},{"source":"2043","target":"2532"},{"source":"2043","target":"2536"},{"source":"2043","target":"2539"},{"source":"2043","target":"2542"},{"source":"2043","target":"2543"},{"source":"2043","target":"2546"},{"source":"2043","target":"2549"},{"source":"2043","target":"2550"},{"source":"2043","target":"2553"},{"source":"2043","target":"2554"},{"source":"2043","target":"2559"},{"source":"2043","target":"2560"},{"source":"2043","target":"2561"},{"source":"2043","target":"2563"},{"source":"2043","target":"2564"},{"source":"2043","target":"2573"},{"source":"2043","target":"2574"},{"source":"2043","target":"2575"},{"source":"2043","target":"2578"},{"source":"2043","target":"2579"},{"source":"2043","target":"2586"},{"source":"2043","target":"2590"},{"source":"2043","target":"2591"},{"source":"2043","target":"2593"},{"source":"2043","target":"2600"},{"source":"2043","target":"2601"},{"source":"2043","target":"2602"},{"source":"2043","target":"2604"},{"source":"2043","target":"2606"},{"source":"2043","target":"2607"},{"source":"2043","target":"2611"},{"source":"2043","target":"2619"},{"source":"2043","target":"2623"},{"source":"2043","target":"2624"},{"source":"2043","target":"2625"},{"source":"2043","target":"2630"},{"source":"2043","target":"2638"},{"source":"2043","target":"2646"},{"source":"2043","target":"2654"},{"source":"2043","target":"2655"},{"source":"2044","target":"2058"},{"source":"2044","target":"2084"},{"source":"2044","target":"2142"},{"source":"2044","target":"2266"},{"source":"2044","target":"2288"},{"source":"2044","target":"2309"},{"source":"2044","target":"2387"},{"source":"2044","target":"2410"},{"source":"2044","target":"2427"},{"source":"2044","target":"2429"},{"source":"2044","target":"2449"},{"source":"2044","target":"2454"},{"source":"2044","target":"2476"},{"source":"2044","target":"2478"},{"source":"2044","target":"2499"},{"source":"2044","target":"2512"},{"source":"2044","target":"2520"},{"source":"2044","target":"2602"},{"source":"2044","target":"2611"},{"source":"2044","target":"2631"},{"source":"2045","target":"2046"},{"source":"2045","target":"2055"},{"source":"2045","target":"2056"},{"source":"2045","target":"2059"},{"source":"2045","target":"2060"},{"source":"2045","target":"2063"},{"source":"2045","target":"2064"},{"source":"2045","target":"2069"},{"source":"2045","target":"2073"},{"source":"2045","target":"2074"},{"source":"2045","target":"2077"},{"source":"2045","target":"2078"},{"source":"2045","target":"2083"},{"source":"2045","target":"2084"},{"source":"2045","target":"2086"},{"source":"2045","target":"2088"},{"source":"2045","target":"2090"},{"source":"2045","target":"2093"},{"source":"2045","target":"2095"},{"source":"2045","target":"2098"},{"source":"2045","target":"2103"},{"source":"2045","target":"2104"},{"source":"2045","target":"2108"},{"source":"2045","target":"2109"},{"source":"2045","target":"2112"},{"source":"2045","target":"2115"},{"source":"2045","target":"2118"},{"source":"2045","target":"2121"},{"source":"2045","target":"2122"},{"source":"2045","target":"2123"},{"source":"2045","target":"2124"},{"source":"2045","target":"2131"},{"source":"2045","target":"2136"},{"source":"2045","target":"2139"},{"source":"2045","target":"2140"},{"source":"2045","target":"2142"},{"source":"2045","target":"2150"},{"source":"2045","target":"2154"},{"source":"2045","target":"2184"},{"source":"2045","target":"2188"},{"source":"2045","target":"2190"},{"source":"2045","target":"2200"},{"source":"2045","target":"2201"},{"source":"2045","target":"2206"},{"source":"2045","target":"2210"},{"source":"2045","target":"2216"},{"source":"2045","target":"2218"},{"source":"2045","target":"2220"},{"source":"2045","target":"2229"},{"source":"2045","target":"2233"},{"source":"2045","target":"2240"},{"source":"2045","target":"2244"},{"source":"2045","target":"2253"},{"source":"2045","target":"2266"},{"source":"2045","target":"2271"},{"source":"2045","target":"2275"},{"source":"2045","target":"2276"},{"source":"2045","target":"2278"},{"source":"2045","target":"2287"},{"source":"2045","target":"2290"},{"source":"2045","target":"2299"},{"source":"2045","target":"2300"},{"source":"2045","target":"2306"},{"source":"2045","target":"2309"},{"source":"2045","target":"2323"},{"source":"2045","target":"2324"},{"source":"2045","target":"2326"},{"source":"2045","target":"2329"},{"source":"2045","target":"2331"},{"source":"2045","target":"2334"},{"source":"2045","target":"2340"},{"source":"2045","target":"2347"},{"source":"2045","target":"2348"},{"source":"2045","target":"2352"},{"source":"2045","target":"2353"},{"source":"2045","target":"2354"},{"source":"2045","target":"2356"},{"source":"2045","target":"2359"},{"source":"2045","target":"2363"},{"source":"2045","target":"2369"},{"source":"2045","target":"2370"},{"source":"2045","target":"2374"},{"source":"2045","target":"2376"},{"source":"2045","target":"2386"},{"source":"2045","target":"2392"},{"source":"2045","target":"2395"},{"source":"2045","target":"2404"},{"source":"2045","target":"2407"},{"source":"2045","target":"2408"},{"source":"2045","target":"2409"},{"source":"2045","target":"2410"},{"source":"2045","target":"2414"},{"source":"2045","target":"2418"},{"source":"2045","target":"2423"},{"source":"2045","target":"2428"},{"source":"2045","target":"2430"},{"source":"2045","target":"2433"},{"source":"2045","target":"2446"},{"source":"2045","target":"2460"},{"source":"2045","target":"2462"},{"source":"2045","target":"2464"},{"source":"2045","target":"2468"},{"source":"2045","target":"2469"},{"source":"2045","target":"2477"},{"source":"2045","target":"2482"},{"source":"2045","target":"2489"},{"source":"2045","target":"2500"},{"source":"2045","target":"2504"},{"source":"2045","target":"2506"},{"source":"2045","target":"2507"},{"source":"2045","target":"2520"},{"source":"2045","target":"2521"},{"source":"2045","target":"2526"},{"source":"2045","target":"2539"},{"source":"2045","target":"2542"},{"source":"2045","target":"2543"},{"source":"2045","target":"2546"},{"source":"2045","target":"2549"},{"source":"2045","target":"2550"},{"source":"2045","target":"2551"},{"source":"2045","target":"2553"},{"source":"2045","target":"2556"},{"source":"2045","target":"2559"},{"source":"2045","target":"2560"},{"source":"2045","target":"2561"},{"source":"2045","target":"2563"},{"source":"2045","target":"2564"},{"source":"2045","target":"2573"},{"source":"2045","target":"2575"},{"source":"2045","target":"2578"},{"source":"2045","target":"2579"},{"source":"2045","target":"2586"},{"source":"2045","target":"2590"},{"source":"2045","target":"2591"},{"source":"2045","target":"2593"},{"source":"2045","target":"2600"},{"source":"2045","target":"2601"},{"source":"2045","target":"2602"},{"source":"2045","target":"2604"},{"source":"2045","target":"2606"},{"source":"2045","target":"2607"},{"source":"2045","target":"2611"},{"source":"2045","target":"2615"},{"source":"2045","target":"2619"},{"source":"2045","target":"2623"},{"source":"2045","target":"2624"},{"source":"2045","target":"2625"},{"source":"2045","target":"2631"},{"source":"2045","target":"2638"},{"source":"2045","target":"2646"},{"source":"2045","target":"2655"},{"source":"2046","target":"2059"},{"source":"2046","target":"2060"},{"source":"2046","target":"2064"},{"source":"2046","target":"2073"},{"source":"2046","target":"2074"},{"source":"2046","target":"2078"},{"source":"2046","target":"2083"},{"source":"2046","target":"2084"},{"source":"2046","target":"2088"},{"source":"2046","target":"2090"},{"source":"2046","target":"2093"},{"source":"2046","target":"2095"},{"source":"2046","target":"2098"},{"source":"2046","target":"2104"},{"source":"2046","target":"2108"},{"source":"2046","target":"2109"},{"source":"2046","target":"2118"},{"source":"2046","target":"2123"},{"source":"2046","target":"2124"},{"source":"2046","target":"2131"},{"source":"2046","target":"2140"},{"source":"2046","target":"2142"},{"source":"2046","target":"2150"},{"source":"2046","target":"2172"},{"source":"2046","target":"2184"},{"source":"2046","target":"2188"},{"source":"2046","target":"2190"},{"source":"2046","target":"2200"},{"source":"2046","target":"2206"},{"source":"2046","target":"2210"},{"source":"2046","target":"2212"},{"source":"2046","target":"2218"},{"source":"2046","target":"2220"},{"source":"2046","target":"2229"},{"source":"2046","target":"2233"},{"source":"2046","target":"2240"},{"source":"2046","target":"2244"},{"source":"2046","target":"2266"},{"source":"2046","target":"2271"},{"source":"2046","target":"2275"},{"source":"2046","target":"2276"},{"source":"2046","target":"2309"},{"source":"2046","target":"2323"},{"source":"2046","target":"2324"},{"source":"2046","target":"2326"},{"source":"2046","target":"2331"},{"source":"2046","target":"2334"},{"source":"2046","target":"2339"},{"source":"2046","target":"2340"},{"source":"2046","target":"2347"},{"source":"2046","target":"2354"},{"source":"2046","target":"2356"},{"source":"2046","target":"2363"},{"source":"2046","target":"2369"},{"source":"2046","target":"2376"},{"source":"2046","target":"2395"},{"source":"2046","target":"2404"},{"source":"2046","target":"2408"},{"source":"2046","target":"2409"},{"source":"2046","target":"2410"},{"source":"2046","target":"2414"},{"source":"2046","target":"2423"},{"source":"2046","target":"2446"},{"source":"2046","target":"2460"},{"source":"2046","target":"2464"},{"source":"2046","target":"2468"},{"source":"2046","target":"2482"},{"source":"2046","target":"2492"},{"source":"2046","target":"2495"},{"source":"2046","target":"2500"},{"source":"2046","target":"2506"},{"source":"2046","target":"2507"},{"source":"2046","target":"2532"},{"source":"2046","target":"2542"},{"source":"2046","target":"2543"},{"source":"2046","target":"2551"},{"source":"2046","target":"2552"},{"source":"2046","target":"2553"},{"source":"2046","target":"2559"},{"source":"2046","target":"2560"},{"source":"2046","target":"2563"},{"source":"2046","target":"2573"},{"source":"2046","target":"2578"},{"source":"2046","target":"2579"},{"source":"2046","target":"2586"},{"source":"2046","target":"2590"},{"source":"2046","target":"2591"},{"source":"2046","target":"2593"},{"source":"2046","target":"2600"},{"source":"2046","target":"2602"},{"source":"2046","target":"2604"},{"source":"2046","target":"2607"},{"source":"2046","target":"2611"},{"source":"2046","target":"2615"},{"source":"2046","target":"2619"},{"source":"2046","target":"2624"},{"source":"2046","target":"2625"},{"source":"2046","target":"2630"},{"source":"2046","target":"2631"},{"source":"2046","target":"2655"},{"source":"2047","target":"2049"},{"source":"2047","target":"2052"},{"source":"2047","target":"2053"},{"source":"2047","target":"2057"},{"source":"2047","target":"2065"},{"source":"2047","target":"2066"},{"source":"2047","target":"2068"},{"source":"2047","target":"2071"},{"source":"2047","target":"2072"},{"source":"2047","target":"2080"},{"source":"2047","target":"2081"},{"source":"2047","target":"2085"},{"source":"2047","target":"2087"},{"source":"2047","target":"2102"},{"source":"2047","target":"2107"},{"source":"2047","target":"2111"},{"source":"2047","target":"2125"},{"source":"2047","target":"2126"},{"source":"2047","target":"2127"},{"source":"2047","target":"2128"},{"source":"2047","target":"2133"},{"source":"2047","target":"2134"},{"source":"2047","target":"2135"},{"source":"2047","target":"2137"},{"source":"2047","target":"2138"},{"source":"2047","target":"2141"},{"source":"2047","target":"2144"},{"source":"2047","target":"2145"},{"source":"2047","target":"2148"},{"source":"2047","target":"2149"},{"source":"2047","target":"2153"},{"source":"2047","target":"2169"},{"source":"2047","target":"2173"},{"source":"2047","target":"2174"},{"source":"2047","target":"2175"},{"source":"2047","target":"2176"},{"source":"2047","target":"2180"},{"source":"2047","target":"2183"},{"source":"2047","target":"2185"},{"source":"2047","target":"2186"},{"source":"2047","target":"2187"},{"source":"2047","target":"2189"},{"source":"2047","target":"2191"},{"source":"2047","target":"2193"},{"source":"2047","target":"2194"},{"source":"2047","target":"2196"},{"source":"2047","target":"2199"},{"source":"2047","target":"2203"},{"source":"2047","target":"2205"},{"source":"2047","target":"2208"},{"source":"2047","target":"2209"},{"source":"2047","target":"2211"},{"source":"2047","target":"2214"},{"source":"2047","target":"2215"},{"source":"2047","target":"2223"},{"source":"2047","target":"2224"},{"source":"2047","target":"2226"},{"source":"2047","target":"2231"},{"source":"2047","target":"2232"},{"source":"2047","target":"2239"},{"source":"2047","target":"2241"},{"source":"2047","target":"2242"},{"source":"2047","target":"2246"},{"source":"2047","target":"2247"},{"source":"2047","target":"2248"},{"source":"2047","target":"2250"},{"source":"2047","target":"2254"},{"source":"2047","target":"2259"},{"source":"2047","target":"2267"},{"source":"2047","target":"2268"},{"source":"2047","target":"2272"},{"source":"2047","target":"2273"},{"source":"2047","target":"2277"},{"source":"2047","target":"2279"},{"source":"2047","target":"2282"},{"source":"2047","target":"2283"},{"source":"2047","target":"2286"},{"source":"2047","target":"2289"},{"source":"2047","target":"2292"},{"source":"2047","target":"2293"},{"source":"2047","target":"2296"},{"source":"2047","target":"2302"},{"source":"2047","target":"2305"},{"source":"2047","target":"2310"},{"source":"2047","target":"2313"},{"source":"2047","target":"2314"},{"source":"2047","target":"2315"},{"source":"2047","target":"2318"},{"source":"2047","target":"2319"},{"source":"2047","target":"2322"},{"source":"2047","target":"2325"},{"source":"2047","target":"2327"},{"source":"2047","target":"2328"},{"source":"2047","target":"2332"},{"source":"2047","target":"2333"},{"source":"2047","target":"2335"},{"source":"2047","target":"2336"},{"source":"2047","target":"2338"},{"source":"2047","target":"2344"},{"source":"2047","target":"2345"},{"source":"2047","target":"2347"},{"source":"2047","target":"2351"},{"source":"2047","target":"2361"},{"source":"2047","target":"2366"},{"source":"2047","target":"2367"},{"source":"2047","target":"2371"},{"source":"2047","target":"2372"},{"source":"2047","target":"2379"},{"source":"2047","target":"2384"},{"source":"2047","target":"2385"},{"source":"2047","target":"2397"},{"source":"2047","target":"2398"},{"source":"2047","target":"2403"},{"source":"2047","target":"2406"},{"source":"2047","target":"2411"},{"source":"2047","target":"2416"},{"source":"2047","target":"2417"},{"source":"2047","target":"2419"},{"source":"2047","target":"2420"},{"source":"2047","target":"2425"},{"source":"2047","target":"2436"},{"source":"2047","target":"2445"},{"source":"2047","target":"2453"},{"source":"2047","target":"2458"},{"source":"2047","target":"2461"},{"source":"2047","target":"2465"},{"source":"2047","target":"2468"},{"source":"2047","target":"2471"},{"source":"2047","target":"2472"},{"source":"2047","target":"2473"},{"source":"2047","target":"2474"},{"source":"2047","target":"2475"},{"source":"2047","target":"2491"},{"source":"2047","target":"2497"},{"source":"2047","target":"2498"},{"source":"2047","target":"2503"},{"source":"2047","target":"2508"},{"source":"2047","target":"2509"},{"source":"2047","target":"2510"},{"source":"2047","target":"2511"},{"source":"2047","target":"2512"},{"source":"2047","target":"2516"},{"source":"2047","target":"2525"},{"source":"2047","target":"2530"},{"source":"2047","target":"2533"},{"source":"2047","target":"2534"},{"source":"2047","target":"2543"},{"source":"2047","target":"2555"},{"source":"2047","target":"2557"},{"source":"2047","target":"2566"},{"source":"2047","target":"2567"},{"source":"2047","target":"2572"},{"source":"2047","target":"2580"},{"source":"2047","target":"2581"},{"source":"2047","target":"2582"},{"source":"2047","target":"2588"},{"source":"2047","target":"2589"},{"source":"2047","target":"2592"},{"source":"2047","target":"2594"},{"source":"2047","target":"2597"},{"source":"2047","target":"2598"},{"source":"2047","target":"2608"},{"source":"2047","target":"2609"},{"source":"2047","target":"2610"},{"source":"2047","target":"2612"},{"source":"2047","target":"2616"},{"source":"2047","target":"2629"},{"source":"2047","target":"2637"},{"source":"2047","target":"2641"},{"source":"2047","target":"2642"},{"source":"2047","target":"2643"},{"source":"2047","target":"2644"},{"source":"2047","target":"2649"},{"source":"2047","target":"2653"},{"source":"2048","target":"2085"},{"source":"2048","target":"2128"},{"source":"2048","target":"2132"},{"source":"2048","target":"2150"},{"source":"2048","target":"2155"},{"source":"2048","target":"2211"},{"source":"2048","target":"2226"},{"source":"2048","target":"2233"},{"source":"2048","target":"2287"},{"source":"2048","target":"2289"},{"source":"2048","target":"2292"},{"source":"2048","target":"2296"},{"source":"2048","target":"2425"},{"source":"2048","target":"2498"},{"source":"2048","target":"2544"},{"source":"2048","target":"2581"},{"source":"2049","target":"2082"},{"source":"2049","target":"2089"},{"source":"2049","target":"2158"},{"source":"2049","target":"2173"},{"source":"2049","target":"2231"},{"source":"2049","target":"2248"},{"source":"2049","target":"2286"},{"source":"2049","target":"2313"},{"source":"2049","target":"2314"},{"source":"2049","target":"2317"},{"source":"2049","target":"2335"},{"source":"2049","target":"2371"},{"source":"2049","target":"2397"},{"source":"2049","target":"2403"},{"source":"2049","target":"2411"},{"source":"2049","target":"2440"},{"source":"2049","target":"2448"},{"source":"2049","target":"2474"},{"source":"2049","target":"2488"},{"source":"2049","target":"2497"},{"source":"2049","target":"2503"},{"source":"2049","target":"2523"},{"source":"2049","target":"2534"},{"source":"2049","target":"2562"},{"source":"2049","target":"2570"},{"source":"2049","target":"2612"},{"source":"2049","target":"2628"},{"source":"2049","target":"2644"},{"source":"2050","target":"2157"},{"source":"2050","target":"2171"},{"source":"2050","target":"2297"},{"source":"2050","target":"2337"},{"source":"2050","target":"2365"},{"source":"2050","target":"2378"},{"source":"2050","target":"2435"},{"source":"2050","target":"2447"},{"source":"2050","target":"2494"},{"source":"2050","target":"2538"},{"source":"2050","target":"2640"},{"source":"2050","target":"2645"},{"source":"2050","target":"2647"},{"source":"2051","target":"2113"},{"source":"2051","target":"2126"},{"source":"2051","target":"2313"},{"source":"2051","target":"2342"},{"source":"2051","target":"2450"},{"source":"2051","target":"2558"},{"source":"2051","target":"2614"},{"source":"2051","target":"2632"},{"source":"2052","target":"2053"},{"source":"2052","target":"2054"},{"source":"2052","target":"2068"},{"source":"2052","target":"2071"},{"source":"2052","target":"2072"},{"source":"2052","target":"2081"},{"source":"2052","target":"2087"},{"source":"2052","target":"2099"},{"source":"2052","target":"2102"},{"source":"2052","target":"2111"},{"source":"2052","target":"2117"},{"source":"2052","target":"2125"},{"source":"2052","target":"2128"},{"source":"2052","target":"2132"},{"source":"2052","target":"2133"},{"source":"2052","target":"2138"},{"source":"2052","target":"2143"},{"source":"2052","target":"2148"},{"source":"2052","target":"2149"},{"source":"2052","target":"2151"},{"source":"2052","target":"2153"},{"source":"2052","target":"2169"},{"source":"2052","target":"2174"},{"source":"2052","target":"2176"},{"source":"2052","target":"2183"},{"source":"2052","target":"2187"},{"source":"2052","target":"2194"},{"source":"2052","target":"2196"},{"source":"2052","target":"2199"},{"source":"2052","target":"2203"},{"source":"2052","target":"2224"},{"source":"2052","target":"2241"},{"source":"2052","target":"2246"},{"source":"2052","target":"2247"},{"source":"2052","target":"2250"},{"source":"2052","target":"2273"},{"source":"2052","target":"2279"},{"source":"2052","target":"2282"},{"source":"2052","target":"2283"},{"source":"2052","target":"2289"},{"source":"2052","target":"2292"},{"source":"2052","target":"2294"},{"source":"2052","target":"2302"},{"source":"2052","target":"2304"},{"source":"2052","target":"2319"},{"source":"2052","target":"2328"},{"source":"2052","target":"2332"},{"source":"2052","target":"2333"},{"source":"2052","target":"2336"},{"source":"2052","target":"2338"},{"source":"2052","target":"2343"},{"source":"2052","target":"2344"},{"source":"2052","target":"2347"},{"source":"2052","target":"2351"},{"source":"2052","target":"2368"},{"source":"2052","target":"2372"},{"source":"2052","target":"2377"},{"source":"2052","target":"2384"},{"source":"2052","target":"2399"},{"source":"2052","target":"2420"},{"source":"2052","target":"2458"},{"source":"2052","target":"2461"},{"source":"2052","target":"2463"},{"source":"2052","target":"2471"},{"source":"2052","target":"2475"},{"source":"2052","target":"2491"},{"source":"2052","target":"2498"},{"source":"2052","target":"2509"},{"source":"2052","target":"2510"},{"source":"2052","target":"2511"},{"source":"2052","target":"2516"},{"source":"2052","target":"2537"},{"source":"2052","target":"2543"},{"source":"2052","target":"2555"},{"source":"2052","target":"2582"},{"source":"2052","target":"2588"},{"source":"2052","target":"2592"},{"source":"2052","target":"2594"},{"source":"2052","target":"2598"},{"source":"2052","target":"2603"},{"source":"2052","target":"2616"},{"source":"2052","target":"2629"},{"source":"2052","target":"2642"},{"source":"2052","target":"2643"},{"source":"2052","target":"2649"},{"source":"2053","target":"2054"},{"source":"2053","target":"2057"},{"source":"2053","target":"2068"},{"source":"2053","target":"2071"},{"source":"2053","target":"2072"},{"source":"2053","target":"2075"},{"source":"2053","target":"2081"},{"source":"2053","target":"2087"},{"source":"2053","target":"2101"},{"source":"2053","target":"2111"},{"source":"2053","target":"2117"},{"source":"2053","target":"2125"},{"source":"2053","target":"2132"},{"source":"2053","target":"2134"},{"source":"2053","target":"2135"},{"source":"2053","target":"2138"},{"source":"2053","target":"2153"},{"source":"2053","target":"2161"},{"source":"2053","target":"2180"},{"source":"2053","target":"2183"},{"source":"2053","target":"2187"},{"source":"2053","target":"2191"},{"source":"2053","target":"2194"},{"source":"2053","target":"2196"},{"source":"2053","target":"2199"},{"source":"2053","target":"2203"},{"source":"2053","target":"2215"},{"source":"2053","target":"2223"},{"source":"2053","target":"2224"},{"source":"2053","target":"2226"},{"source":"2053","target":"2235"},{"source":"2053","target":"2239"},{"source":"2053","target":"2243"},{"source":"2053","target":"2247"},{"source":"2053","target":"2254"},{"source":"2053","target":"2264"},{"source":"2053","target":"2273"},{"source":"2053","target":"2279"},{"source":"2053","target":"2280"},{"source":"2053","target":"2282"},{"source":"2053","target":"2283"},{"source":"2053","target":"2285"},{"source":"2053","target":"2289"},{"source":"2053","target":"2292"},{"source":"2053","target":"2294"},{"source":"2053","target":"2302"},{"source":"2053","target":"2315"},{"source":"2053","target":"2327"},{"source":"2053","target":"2328"},{"source":"2053","target":"2332"},{"source":"2053","target":"2333"},{"source":"2053","target":"2336"},{"source":"2053","target":"2338"},{"source":"2053","target":"2344"},{"source":"2053","target":"2347"},{"source":"2053","target":"2351"},{"source":"2053","target":"2372"},{"source":"2053","target":"2377"},{"source":"2053","target":"2384"},{"source":"2053","target":"2385"},{"source":"2053","target":"2390"},{"source":"2053","target":"2394"},{"source":"2053","target":"2396"},{"source":"2053","target":"2398"},{"source":"2053","target":"2399"},{"source":"2053","target":"2420"},{"source":"2053","target":"2436"},{"source":"2053","target":"2438"},{"source":"2053","target":"2451"},{"source":"2053","target":"2458"},{"source":"2053","target":"2461"},{"source":"2053","target":"2463"},{"source":"2053","target":"2472"},{"source":"2053","target":"2479"},{"source":"2053","target":"2491"},{"source":"2053","target":"2496"},{"source":"2053","target":"2501"},{"source":"2053","target":"2508"},{"source":"2053","target":"2509"},{"source":"2053","target":"2510"},{"source":"2053","target":"2511"},{"source":"2053","target":"2533"},{"source":"2053","target":"2537"},{"source":"2053","target":"2543"},{"source":"2053","target":"2547"},{"source":"2053","target":"2555"},{"source":"2053","target":"2567"},{"source":"2053","target":"2592"},{"source":"2053","target":"2594"},{"source":"2053","target":"2597"},{"source":"2053","target":"2598"},{"source":"2053","target":"2608"},{"source":"2053","target":"2609"},{"source":"2053","target":"2617"},{"source":"2053","target":"2629"},{"source":"2053","target":"2643"},{"source":"2053","target":"2652"},{"source":"2054","target":"2062"},{"source":"2054","target":"2068"},{"source":"2054","target":"2071"},{"source":"2054","target":"2072"},{"source":"2054","target":"2075"},{"source":"2054","target":"2081"},{"source":"2054","target":"2087"},{"source":"2054","target":"2096"},{"source":"2054","target":"2101"},{"source":"2054","target":"2102"},{"source":"2054","target":"2110"},{"source":"2054","target":"2111"},{"source":"2054","target":"2117"},{"source":"2054","target":"2125"},{"source":"2054","target":"2127"},{"source":"2054","target":"2128"},{"source":"2054","target":"2132"},{"source":"2054","target":"2133"},{"source":"2054","target":"2134"},{"source":"2054","target":"2135"},{"source":"2054","target":"2138"},{"source":"2054","target":"2143"},{"source":"2054","target":"2144"},{"source":"2054","target":"2148"},{"source":"2054","target":"2149"},{"source":"2054","target":"2151"},{"source":"2054","target":"2153"},{"source":"2054","target":"2161"},{"source":"2054","target":"2163"},{"source":"2054","target":"2169"},{"source":"2054","target":"2174"},{"source":"2054","target":"2176"},{"source":"2054","target":"2180"},{"source":"2054","target":"2183"},{"source":"2054","target":"2187"},{"source":"2054","target":"2189"},{"source":"2054","target":"2191"},{"source":"2054","target":"2194"},{"source":"2054","target":"2196"},{"source":"2054","target":"2199"},{"source":"2054","target":"2203"},{"source":"2054","target":"2221"},{"source":"2054","target":"2222"},{"source":"2054","target":"2223"},{"source":"2054","target":"2224"},{"source":"2054","target":"2235"},{"source":"2054","target":"2241"},{"source":"2054","target":"2243"},{"source":"2054","target":"2246"},{"source":"2054","target":"2247"},{"source":"2054","target":"2249"},{"source":"2054","target":"2250"},{"source":"2054","target":"2267"},{"source":"2054","target":"2273"},{"source":"2054","target":"2274"},{"source":"2054","target":"2279"},{"source":"2054","target":"2280"},{"source":"2054","target":"2282"},{"source":"2054","target":"2283"},{"source":"2054","target":"2289"},{"source":"2054","target":"2292"},{"source":"2054","target":"2293"},{"source":"2054","target":"2294"},{"source":"2054","target":"2302"},{"source":"2054","target":"2315"},{"source":"2054","target":"2319"},{"source":"2054","target":"2325"},{"source":"2054","target":"2327"},{"source":"2054","target":"2328"},{"source":"2054","target":"2332"},{"source":"2054","target":"2333"},{"source":"2054","target":"2336"},{"source":"2054","target":"2338"},{"source":"2054","target":"2343"},{"source":"2054","target":"2344"},{"source":"2054","target":"2347"},{"source":"2054","target":"2351"},{"source":"2054","target":"2368"},{"source":"2054","target":"2372"},{"source":"2054","target":"2377"},{"source":"2054","target":"2384"},{"source":"2054","target":"2390"},{"source":"2054","target":"2394"},{"source":"2054","target":"2396"},{"source":"2054","target":"2398"},{"source":"2054","target":"2399"},{"source":"2054","target":"2415"},{"source":"2054","target":"2419"},{"source":"2054","target":"2420"},{"source":"2054","target":"2434"},{"source":"2054","target":"2438"},{"source":"2054","target":"2445"},{"source":"2054","target":"2451"},{"source":"2054","target":"2458"},{"source":"2054","target":"2461"},{"source":"2054","target":"2463"},{"source":"2054","target":"2465"},{"source":"2054","target":"2475"},{"source":"2054","target":"2479"},{"source":"2054","target":"2491"},{"source":"2054","target":"2498"},{"source":"2054","target":"2501"},{"source":"2054","target":"2508"},{"source":"2054","target":"2509"},{"source":"2054","target":"2510"},{"source":"2054","target":"2511"},{"source":"2054","target":"2512"},{"source":"2054","target":"2516"},{"source":"2054","target":"2518"},{"source":"2054","target":"2519"},{"source":"2054","target":"2537"},{"source":"2054","target":"2543"},{"source":"2054","target":"2555"},{"source":"2054","target":"2567"},{"source":"2054","target":"2568"},{"source":"2054","target":"2582"},{"source":"2054","target":"2588"},{"source":"2054","target":"2589"},{"source":"2054","target":"2592"},{"source":"2054","target":"2594"},{"source":"2054","target":"2597"},{"source":"2054","target":"2598"},{"source":"2054","target":"2603"},{"source":"2054","target":"2608"},{"source":"2054","target":"2609"},{"source":"2054","target":"2616"},{"source":"2054","target":"2617"},{"source":"2054","target":"2629"},{"source":"2054","target":"2642"},{"source":"2054","target":"2643"},{"source":"2054","target":"2649"},{"source":"2054","target":"2652"},{"source":"2054","target":"2653"},{"source":"2055","target":"2056"},{"source":"2055","target":"2059"},{"source":"2055","target":"2060"},{"source":"2055","target":"2077"},{"source":"2055","target":"2078"},{"source":"2055","target":"2083"},{"source":"2055","target":"2115"},{"source":"2055","target":"2142"},{"source":"2055","target":"2150"},{"source":"2055","target":"2188"},{"source":"2055","target":"2200"},{"source":"2055","target":"2201"},{"source":"2055","target":"2206"},{"source":"2055","target":"2216"},{"source":"2055","target":"2218"},{"source":"2055","target":"2229"},{"source":"2055","target":"2240"},{"source":"2055","target":"2257"},{"source":"2055","target":"2266"},{"source":"2055","target":"2271"},{"source":"2055","target":"2278"},{"source":"2055","target":"2300"},{"source":"2055","target":"2302"},{"source":"2055","target":"2307"},{"source":"2055","target":"2323"},{"source":"2055","target":"2324"},{"source":"2055","target":"2329"},{"source":"2055","target":"2331"},{"source":"2055","target":"2339"},{"source":"2055","target":"2347"},{"source":"2055","target":"2356"},{"source":"2055","target":"2369"},{"source":"2055","target":"2370"},{"source":"2055","target":"2376"},{"source":"2055","target":"2404"},{"source":"2055","target":"2410"},{"source":"2055","target":"2414"},{"source":"2055","target":"2446"},{"source":"2055","target":"2469"},{"source":"2055","target":"2477"},{"source":"2055","target":"2499"},{"source":"2055","target":"2506"},{"source":"2055","target":"2526"},{"source":"2055","target":"2539"},{"source":"2055","target":"2542"},{"source":"2055","target":"2543"},{"source":"2055","target":"2550"},{"source":"2055","target":"2559"},{"source":"2055","target":"2560"},{"source":"2055","target":"2575"},{"source":"2055","target":"2590"},{"source":"2055","target":"2593"},{"source":"2055","target":"2600"},{"source":"2055","target":"2604"},{"source":"2055","target":"2611"},{"source":"2055","target":"2615"},{"source":"2055","target":"2619"},{"source":"2056","target":"2059"},{"source":"2056","target":"2064"},{"source":"2056","target":"2067"},{"source":"2056","target":"2074"},{"source":"2056","target":"2078"},{"source":"2056","target":"2084"},{"source":"2056","target":"2086"},{"source":"2056","target":"2090"},{"source":"2056","target":"2092"},{"source":"2056","target":"2095"},{"source":"2056","target":"2098"},{"source":"2056","target":"2103"},{"source":"2056","target":"2118"},{"source":"2056","target":"2124"},{"source":"2056","target":"2140"},{"source":"2056","target":"2142"},{"source":"2056","target":"2147"},{"source":"2056","target":"2150"},{"source":"2056","target":"2184"},{"source":"2056","target":"2188"},{"source":"2056","target":"2189"},{"source":"2056","target":"2200"},{"source":"2056","target":"2206"},{"source":"2056","target":"2212"},{"source":"2056","target":"2216"},{"source":"2056","target":"2218"},{"source":"2056","target":"2220"},{"source":"2056","target":"2229"},{"source":"2056","target":"2233"},{"source":"2056","target":"2234"},{"source":"2056","target":"2257"},{"source":"2056","target":"2262"},{"source":"2056","target":"2266"},{"source":"2056","target":"2271"},{"source":"2056","target":"2275"},{"source":"2056","target":"2278"},{"source":"2056","target":"2287"},{"source":"2056","target":"2290"},{"source":"2056","target":"2299"},{"source":"2056","target":"2300"},{"source":"2056","target":"2303"},{"source":"2056","target":"2309"},{"source":"2056","target":"2311"},{"source":"2056","target":"2323"},{"source":"2056","target":"2326"},{"source":"2056","target":"2331"},{"source":"2056","target":"2334"},{"source":"2056","target":"2339"},{"source":"2056","target":"2350"},{"source":"2056","target":"2352"},{"source":"2056","target":"2356"},{"source":"2056","target":"2359"},{"source":"2056","target":"2363"},{"source":"2056","target":"2369"},{"source":"2056","target":"2376"},{"source":"2056","target":"2387"},{"source":"2056","target":"2391"},{"source":"2056","target":"2393"},{"source":"2056","target":"2395"},{"source":"2056","target":"2404"},{"source":"2056","target":"2408"},{"source":"2056","target":"2410"},{"source":"2056","target":"2414"},{"source":"2056","target":"2428"},{"source":"2056","target":"2464"},{"source":"2056","target":"2468"},{"source":"2056","target":"2476"},{"source":"2056","target":"2477"},{"source":"2056","target":"2478"},{"source":"2056","target":"2482"},{"source":"2056","target":"2485"},{"source":"2056","target":"2499"},{"source":"2056","target":"2504"},{"source":"2056","target":"2506"},{"source":"2056","target":"2507"},{"source":"2056","target":"2520"},{"source":"2056","target":"2526"},{"source":"2056","target":"2539"},{"source":"2056","target":"2545"},{"source":"2056","target":"2553"},{"source":"2056","target":"2564"},{"source":"2056","target":"2573"},{"source":"2056","target":"2576"},{"source":"2056","target":"2578"},{"source":"2056","target":"2579"},{"source":"2056","target":"2584"},{"source":"2056","target":"2593"},{"source":"2056","target":"2600"},{"source":"2056","target":"2607"},{"source":"2056","target":"2613"},{"source":"2056","target":"2615"},{"source":"2056","target":"2619"},{"source":"2056","target":"2624"},{"source":"2056","target":"2625"},{"source":"2056","target":"2630"},{"source":"2056","target":"2638"},{"source":"2056","target":"2654"},{"source":"2056","target":"2655"},{"source":"2057","target":"2065"},{"source":"2057","target":"2068"},{"source":"2057","target":"2081"},{"source":"2057","target":"2087"},{"source":"2057","target":"2102"},{"source":"2057","target":"2111"},{"source":"2057","target":"2134"},{"source":"2057","target":"2138"},{"source":"2057","target":"2149"},{"source":"2057","target":"2199"},{"source":"2057","target":"2208"},{"source":"2057","target":"2210"},{"source":"2057","target":"2215"},{"source":"2057","target":"2223"},{"source":"2057","target":"2254"},{"source":"2057","target":"2268"},{"source":"2057","target":"2292"},{"source":"2057","target":"2302"},{"source":"2057","target":"2305"},{"source":"2057","target":"2332"},{"source":"2057","target":"2333"},{"source":"2057","target":"2336"},{"source":"2057","target":"2372"},{"source":"2057","target":"2384"},{"source":"2057","target":"2385"},{"source":"2057","target":"2445"},{"source":"2057","target":"2491"},{"source":"2057","target":"2508"},{"source":"2057","target":"2511"},{"source":"2057","target":"2530"},{"source":"2057","target":"2572"},{"source":"2057","target":"2575"},{"source":"2057","target":"2592"},{"source":"2057","target":"2608"},{"source":"2058","target":"2063"},{"source":"2058","target":"2064"},{"source":"2058","target":"2073"},{"source":"2058","target":"2078"},{"source":"2058","target":"2086"},{"source":"2058","target":"2088"},{"source":"2058","target":"2092"},{"source":"2058","target":"2093"},{"source":"2058","target":"2104"},{"source":"2058","target":"2118"},{"source":"2058","target":"2121"},{"source":"2058","target":"2123"},{"source":"2058","target":"2131"},{"source":"2058","target":"2139"},{"source":"2058","target":"2142"},{"source":"2058","target":"2150"},{"source":"2058","target":"2154"},{"source":"2058","target":"2172"},{"source":"2058","target":"2206"},{"source":"2058","target":"2216"},{"source":"2058","target":"2218"},{"source":"2058","target":"2229"},{"source":"2058","target":"2233"},{"source":"2058","target":"2234"},{"source":"2058","target":"2237"},{"source":"2058","target":"2244"},{"source":"2058","target":"2266"},{"source":"2058","target":"2275"},{"source":"2058","target":"2290"},{"source":"2058","target":"2309"},{"source":"2058","target":"2331"},{"source":"2058","target":"2334"},{"source":"2058","target":"2347"},{"source":"2058","target":"2370"},{"source":"2058","target":"2383"},{"source":"2058","target":"2395"},{"source":"2058","target":"2409"},{"source":"2058","target":"2429"},{"source":"2058","target":"2433"},{"source":"2058","target":"2454"},{"source":"2058","target":"2467"},{"source":"2058","target":"2478"},{"source":"2058","target":"2482"},{"source":"2058","target":"2492"},{"source":"2058","target":"2507"},{"source":"2058","target":"2526"},{"source":"2058","target":"2546"},{"source":"2058","target":"2552"},{"source":"2058","target":"2564"},{"source":"2058","target":"2573"},{"source":"2058","target":"2586"},{"source":"2058","target":"2590"},{"source":"2058","target":"2594"},{"source":"2058","target":"2601"},{"source":"2058","target":"2604"},{"source":"2058","target":"2607"},{"source":"2058","target":"2611"},{"source":"2058","target":"2623"},{"source":"2058","target":"2624"},{"source":"2058","target":"2646"},{"source":"2058","target":"2654"},{"source":"2059","target":"2060"},{"source":"2059","target":"2063"},{"source":"2059","target":"2064"},{"source":"2059","target":"2069"},{"source":"2059","target":"2073"},{"source":"2059","target":"2074"},{"source":"2059","target":"2077"},{"source":"2059","target":"2078"},{"source":"2059","target":"2083"},{"source":"2059","target":"2084"},{"source":"2059","target":"2086"},{"source":"2059","target":"2088"},{"source":"2059","target":"2090"},{"source":"2059","target":"2093"},{"source":"2059","target":"2095"},{"source":"2059","target":"2098"},{"source":"2059","target":"2103"},{"source":"2059","target":"2104"},{"source":"2059","target":"2108"},{"source":"2059","target":"2109"},{"source":"2059","target":"2112"},{"source":"2059","target":"2115"},{"source":"2059","target":"2118"},{"source":"2059","target":"2121"},{"source":"2059","target":"2122"},{"source":"2059","target":"2123"},{"source":"2059","target":"2124"},{"source":"2059","target":"2131"},{"source":"2059","target":"2139"},{"source":"2059","target":"2140"},{"source":"2059","target":"2142"},{"source":"2059","target":"2150"},{"source":"2059","target":"2154"},{"source":"2059","target":"2165"},{"source":"2059","target":"2172"},{"source":"2059","target":"2179"},{"source":"2059","target":"2184"},{"source":"2059","target":"2188"},{"source":"2059","target":"2190"},{"source":"2059","target":"2200"},{"source":"2059","target":"2201"},{"source":"2059","target":"2206"},{"source":"2059","target":"2212"},{"source":"2059","target":"2216"},{"source":"2059","target":"2218"},{"source":"2059","target":"2220"},{"source":"2059","target":"2229"},{"source":"2059","target":"2233"},{"source":"2059","target":"2237"},{"source":"2059","target":"2240"},{"source":"2059","target":"2244"},{"source":"2059","target":"2253"},{"source":"2059","target":"2257"},{"source":"2059","target":"2261"},{"source":"2059","target":"2266"},{"source":"2059","target":"2271"},{"source":"2059","target":"2275"},{"source":"2059","target":"2276"},{"source":"2059","target":"2278"},{"source":"2059","target":"2290"},{"source":"2059","target":"2299"},{"source":"2059","target":"2300"},{"source":"2059","target":"2306"},{"source":"2059","target":"2307"},{"source":"2059","target":"2308"},{"source":"2059","target":"2309"},{"source":"2059","target":"2323"},{"source":"2059","target":"2324"},{"source":"2059","target":"2326"},{"source":"2059","target":"2329"},{"source":"2059","target":"2331"},{"source":"2059","target":"2334"},{"source":"2059","target":"2339"},{"source":"2059","target":"2340"},{"source":"2059","target":"2347"},{"source":"2059","target":"2348"},{"source":"2059","target":"2352"},{"source":"2059","target":"2353"},{"source":"2059","target":"2354"},{"source":"2059","target":"2356"},{"source":"2059","target":"2359"},{"source":"2059","target":"2363"},{"source":"2059","target":"2369"},{"source":"2059","target":"2370"},{"source":"2059","target":"2374"},{"source":"2059","target":"2381"},{"source":"2059","target":"2386"},{"source":"2059","target":"2395"},{"source":"2059","target":"2404"},{"source":"2059","target":"2408"},{"source":"2059","target":"2409"},{"source":"2059","target":"2410"},{"source":"2059","target":"2414"},{"source":"2059","target":"2418"},{"source":"2059","target":"2423"},{"source":"2059","target":"2428"},{"source":"2059","target":"2430"},{"source":"2059","target":"2433"},{"source":"2059","target":"2446"},{"source":"2059","target":"2460"},{"source":"2059","target":"2464"},{"source":"2059","target":"2467"},{"source":"2059","target":"2468"},{"source":"2059","target":"2469"},{"source":"2059","target":"2477"},{"source":"2059","target":"2478"},{"source":"2059","target":"2482"},{"source":"2059","target":"2484"},{"source":"2059","target":"2485"},{"source":"2059","target":"2489"},{"source":"2059","target":"2492"},{"source":"2059","target":"2495"},{"source":"2059","target":"2500"},{"source":"2059","target":"2504"},{"source":"2059","target":"2506"},{"source":"2059","target":"2507"},{"source":"2059","target":"2520"},{"source":"2059","target":"2521"},{"source":"2059","target":"2526"},{"source":"2059","target":"2532"},{"source":"2059","target":"2539"},{"source":"2059","target":"2542"},{"source":"2059","target":"2543"},{"source":"2059","target":"2546"},{"source":"2059","target":"2549"},{"source":"2059","target":"2550"},{"source":"2059","target":"2552"},{"source":"2059","target":"2553"},{"source":"2059","target":"2554"},{"source":"2059","target":"2556"},{"source":"2059","target":"2559"},{"source":"2059","target":"2560"},{"source":"2059","target":"2561"},{"source":"2059","target":"2563"},{"source":"2059","target":"2564"},{"source":"2059","target":"2573"},{"source":"2059","target":"2574"},{"source":"2059","target":"2575"},{"source":"2059","target":"2578"},{"source":"2059","target":"2579"},{"source":"2059","target":"2586"},{"source":"2059","target":"2590"},{"source":"2059","target":"2591"},{"source":"2059","target":"2593"},{"source":"2059","target":"2600"},{"source":"2059","target":"2601"},{"source":"2059","target":"2602"},{"source":"2059","target":"2604"},{"source":"2059","target":"2606"},{"source":"2059","target":"2607"},{"source":"2059","target":"2611"},{"source":"2059","target":"2615"},{"source":"2059","target":"2619"},{"source":"2059","target":"2623"},{"source":"2059","target":"2624"},{"source":"2059","target":"2625"},{"source":"2059","target":"2630"},{"source":"2059","target":"2631"},{"source":"2059","target":"2638"},{"source":"2059","target":"2646"},{"source":"2059","target":"2654"},{"source":"2059","target":"2655"},{"source":"2060","target":"2064"},{"source":"2060","target":"2069"},{"source":"2060","target":"2073"},{"source":"2060","target":"2075"},{"source":"2060","target":"2077"},{"source":"2060","target":"2078"},{"source":"2060","target":"2083"},{"source":"2060","target":"2084"},{"source":"2060","target":"2088"},{"source":"2060","target":"2093"},{"source":"2060","target":"2095"},{"source":"2060","target":"2104"},{"source":"2060","target":"2108"},{"source":"2060","target":"2112"},{"source":"2060","target":"2115"},{"source":"2060","target":"2121"},{"source":"2060","target":"2122"},{"source":"2060","target":"2139"},{"source":"2060","target":"2142"},{"source":"2060","target":"2154"},{"source":"2060","target":"2163"},{"source":"2060","target":"2188"},{"source":"2060","target":"2200"},{"source":"2060","target":"2201"},{"source":"2060","target":"2206"},{"source":"2060","target":"2218"},{"source":"2060","target":"2229"},{"source":"2060","target":"2233"},{"source":"2060","target":"2240"},{"source":"2060","target":"2242"},{"source":"2060","target":"2244"},{"source":"2060","target":"2266"},{"source":"2060","target":"2271"},{"source":"2060","target":"2272"},{"source":"2060","target":"2278"},{"source":"2060","target":"2290"},{"source":"2060","target":"2300"},{"source":"2060","target":"2307"},{"source":"2060","target":"2308"},{"source":"2060","target":"2309"},{"source":"2060","target":"2323"},{"source":"2060","target":"2324"},{"source":"2060","target":"2331"},{"source":"2060","target":"2339"},{"source":"2060","target":"2340"},{"source":"2060","target":"2348"},{"source":"2060","target":"2352"},{"source":"2060","target":"2369"},{"source":"2060","target":"2370"},{"source":"2060","target":"2376"},{"source":"2060","target":"2393"},{"source":"2060","target":"2395"},{"source":"2060","target":"2404"},{"source":"2060","target":"2428"},{"source":"2060","target":"2433"},{"source":"2060","target":"2446"},{"source":"2060","target":"2460"},{"source":"2060","target":"2462"},{"source":"2060","target":"2464"},{"source":"2060","target":"2469"},{"source":"2060","target":"2492"},{"source":"2060","target":"2495"},{"source":"2060","target":"2500"},{"source":"2060","target":"2501"},{"source":"2060","target":"2506"},{"source":"2060","target":"2507"},{"source":"2060","target":"2520"},{"source":"2060","target":"2536"},{"source":"2060","target":"2542"},{"source":"2060","target":"2549"},{"source":"2060","target":"2550"},{"source":"2060","target":"2551"},{"source":"2060","target":"2553"},{"source":"2060","target":"2556"},{"source":"2060","target":"2559"},{"source":"2060","target":"2560"},{"source":"2060","target":"2564"},{"source":"2060","target":"2572"},{"source":"2060","target":"2575"},{"source":"2060","target":"2600"},{"source":"2060","target":"2601"},{"source":"2060","target":"2602"},{"source":"2060","target":"2611"},{"source":"2060","target":"2619"},{"source":"2060","target":"2624"},{"source":"2060","target":"2625"},{"source":"2060","target":"2630"},{"source":"2061","target":"2097"},{"source":"2061","target":"2116"},{"source":"2061","target":"2143"},{"source":"2061","target":"2159"},{"source":"2061","target":"2171"},{"source":"2061","target":"2202"},{"source":"2061","target":"2225"},{"source":"2061","target":"2284"},{"source":"2061","target":"2297"},{"source":"2061","target":"2346"},{"source":"2061","target":"2364"},{"source":"2061","target":"2538"},{"source":"2061","target":"2583"},{"source":"2061","target":"2585"},{"source":"2061","target":"2620"},{"source":"2061","target":"2626"},{"source":"2061","target":"2627"},{"source":"2061","target":"2633"},{"source":"2061","target":"2636"},{"source":"2061","target":"2640"},{"source":"2061","target":"2645"},{"source":"2061","target":"2647"},{"source":"2061","target":"2648"},{"source":"2061","target":"2657"},{"source":"2061","target":"2658"},{"source":"2061","target":"2659"},{"source":"2061","target":"2660"},{"source":"2062","target":"2069"},{"source":"2062","target":"2072"},{"source":"2062","target":"2075"},{"source":"2062","target":"2081"},{"source":"2062","target":"2096"},{"source":"2062","target":"2101"},{"source":"2062","target":"2110"},{"source":"2062","target":"2111"},{"source":"2062","target":"2121"},{"source":"2062","target":"2125"},{"source":"2062","target":"2132"},{"source":"2062","target":"2137"},{"source":"2062","target":"2161"},{"source":"2062","target":"2183"},{"source":"2062","target":"2221"},{"source":"2062","target":"2222"},{"source":"2062","target":"2224"},{"source":"2062","target":"2229"},{"source":"2062","target":"2235"},{"source":"2062","target":"2242"},{"source":"2062","target":"2243"},{"source":"2062","target":"2274"},{"source":"2062","target":"2279"},{"source":"2062","target":"2280"},{"source":"2062","target":"2282"},{"source":"2062","target":"2283"},{"source":"2062","target":"2315"},{"source":"2062","target":"2319"},{"source":"2062","target":"2327"},{"source":"2062","target":"2328"},{"source":"2062","target":"2333"},{"source":"2062","target":"2338"},{"source":"2062","target":"2344"},{"source":"2062","target":"2347"},{"source":"2062","target":"2351"},{"source":"2062","target":"2384"},{"source":"2062","target":"2390"},{"source":"2062","target":"2394"},{"source":"2062","target":"2396"},{"source":"2062","target":"2398"},{"source":"2062","target":"2415"},{"source":"2062","target":"2420"},{"source":"2062","target":"2434"},{"source":"2062","target":"2438"},{"source":"2062","target":"2451"},{"source":"2062","target":"2458"},{"source":"2062","target":"2479"},{"source":"2062","target":"2501"},{"source":"2062","target":"2509"},{"source":"2062","target":"2511"},{"source":"2062","target":"2537"},{"source":"2062","target":"2542"},{"source":"2062","target":"2543"},{"source":"2062","target":"2592"},{"source":"2062","target":"2597"},{"source":"2062","target":"2598"},{"source":"2062","target":"2603"},{"source":"2062","target":"2617"},{"source":"2062","target":"2629"},{"source":"2062","target":"2652"},{"source":"2063","target":"2064"},{"source":"2063","target":"2069"},{"source":"2063","target":"2073"},{"source":"2063","target":"2074"},{"source":"2063","target":"2078"},{"source":"2063","target":"2086"},{"source":"2063","target":"2088"},{"source":"2063","target":"2090"},{"source":"2063","target":"2093"},{"source":"2063","target":"2098"},{"source":"2063","target":"2103"},{"source":"2063","target":"2104"},{"source":"2063","target":"2108"},{"source":"2063","target":"2118"},{"source":"2063","target":"2122"},{"source":"2063","target":"2123"},{"source":"2063","target":"2124"},{"source":"2063","target":"2131"},{"source":"2063","target":"2136"},{"source":"2063","target":"2139"},{"source":"2063","target":"2142"},{"source":"2063","target":"2150"},{"source":"2063","target":"2154"},{"source":"2063","target":"2172"},{"source":"2063","target":"2179"},{"source":"2063","target":"2184"},{"source":"2063","target":"2188"},{"source":"2063","target":"2190"},{"source":"2063","target":"2200"},{"source":"2063","target":"2201"},{"source":"2063","target":"2206"},{"source":"2063","target":"2213"},{"source":"2063","target":"2216"},{"source":"2063","target":"2218"},{"source":"2063","target":"2220"},{"source":"2063","target":"2229"},{"source":"2063","target":"2233"},{"source":"2063","target":"2237"},{"source":"2063","target":"2240"},{"source":"2063","target":"2244"},{"source":"2063","target":"2261"},{"source":"2063","target":"2266"},{"source":"2063","target":"2271"},{"source":"2063","target":"2275"},{"source":"2063","target":"2278"},{"source":"2063","target":"2287"},{"source":"2063","target":"2290"},{"source":"2063","target":"2303"},{"source":"2063","target":"2306"},{"source":"2063","target":"2307"},{"source":"2063","target":"2308"},{"source":"2063","target":"2309"},{"source":"2063","target":"2323"},{"source":"2063","target":"2324"},{"source":"2063","target":"2326"},{"source":"2063","target":"2329"},{"source":"2063","target":"2331"},{"source":"2063","target":"2334"},{"source":"2063","target":"2339"},{"source":"2063","target":"2340"},{"source":"2063","target":"2347"},{"source":"2063","target":"2352"},{"source":"2063","target":"2354"},{"source":"2063","target":"2356"},{"source":"2063","target":"2359"},{"source":"2063","target":"2363"},{"source":"2063","target":"2370"},{"source":"2063","target":"2376"},{"source":"2063","target":"2381"},{"source":"2063","target":"2392"},{"source":"2063","target":"2404"},{"source":"2063","target":"2407"},{"source":"2063","target":"2408"},{"source":"2063","target":"2409"},{"source":"2063","target":"2410"},{"source":"2063","target":"2414"},{"source":"2063","target":"2418"},{"source":"2063","target":"2423"},{"source":"2063","target":"2428"},{"source":"2063","target":"2429"},{"source":"2063","target":"2430"},{"source":"2063","target":"2446"},{"source":"2063","target":"2464"},{"source":"2063","target":"2467"},{"source":"2063","target":"2482"},{"source":"2063","target":"2485"},{"source":"2063","target":"2489"},{"source":"2063","target":"2492"},{"source":"2063","target":"2500"},{"source":"2063","target":"2507"},{"source":"2063","target":"2521"},{"source":"2063","target":"2526"},{"source":"2063","target":"2539"},{"source":"2063","target":"2549"},{"source":"2063","target":"2550"},{"source":"2063","target":"2551"},{"source":"2063","target":"2553"},{"source":"2063","target":"2560"},{"source":"2063","target":"2564"},{"source":"2063","target":"2573"},{"source":"2063","target":"2578"},{"source":"2063","target":"2579"},{"source":"2063","target":"2586"},{"source":"2063","target":"2590"},{"source":"2063","target":"2593"},{"source":"2063","target":"2600"},{"source":"2063","target":"2601"},{"source":"2063","target":"2602"},{"source":"2063","target":"2604"},{"source":"2063","target":"2607"},{"source":"2063","target":"2611"},{"source":"2063","target":"2615"},{"source":"2063","target":"2623"},{"source":"2063","target":"2624"},{"source":"2063","target":"2625"},{"source":"2063","target":"2638"},{"source":"2063","target":"2646"},{"source":"2063","target":"2655"},{"source":"2064","target":"2069"},{"source":"2064","target":"2073"},{"source":"2064","target":"2074"},{"source":"2064","target":"2077"},{"source":"2064","target":"2078"},{"source":"2064","target":"2083"},{"source":"2064","target":"2086"},{"source":"2064","target":"2088"},{"source":"2064","target":"2090"},{"source":"2064","target":"2093"},{"source":"2064","target":"2095"},{"source":"2064","target":"2103"},{"source":"2064","target":"2104"},{"source":"2064","target":"2108"},{"source":"2064","target":"2109"},{"source":"2064","target":"2112"},{"source":"2064","target":"2115"},{"source":"2064","target":"2118"},{"source":"2064","target":"2121"},{"source":"2064","target":"2122"},{"source":"2064","target":"2123"},{"source":"2064","target":"2124"},{"source":"2064","target":"2131"},{"source":"2064","target":"2136"},{"source":"2064","target":"2139"},{"source":"2064","target":"2140"},{"source":"2064","target":"2142"},{"source":"2064","target":"2147"},{"source":"2064","target":"2150"},{"source":"2064","target":"2154"},{"source":"2064","target":"2172"},{"source":"2064","target":"2179"},{"source":"2064","target":"2184"},{"source":"2064","target":"2188"},{"source":"2064","target":"2190"},{"source":"2064","target":"2200"},{"source":"2064","target":"2201"},{"source":"2064","target":"2206"},{"source":"2064","target":"2210"},{"source":"2064","target":"2212"},{"source":"2064","target":"2213"},{"source":"2064","target":"2216"},{"source":"2064","target":"2218"},{"source":"2064","target":"2220"},{"source":"2064","target":"2229"},{"source":"2064","target":"2233"},{"source":"2064","target":"2237"},{"source":"2064","target":"2240"},{"source":"2064","target":"2244"},{"source":"2064","target":"2253"},{"source":"2064","target":"2257"},{"source":"2064","target":"2261"},{"source":"2064","target":"2266"},{"source":"2064","target":"2271"},{"source":"2064","target":"2275"},{"source":"2064","target":"2276"},{"source":"2064","target":"2290"},{"source":"2064","target":"2300"},{"source":"2064","target":"2306"},{"source":"2064","target":"2307"},{"source":"2064","target":"2308"},{"source":"2064","target":"2309"},{"source":"2064","target":"2323"},{"source":"2064","target":"2324"},{"source":"2064","target":"2326"},{"source":"2064","target":"2329"},{"source":"2064","target":"2331"},{"source":"2064","target":"2334"},{"source":"2064","target":"2339"},{"source":"2064","target":"2340"},{"source":"2064","target":"2347"},{"source":"2064","target":"2348"},{"source":"2064","target":"2350"},{"source":"2064","target":"2352"},{"source":"2064","target":"2354"},{"source":"2064","target":"2356"},{"source":"2064","target":"2359"},{"source":"2064","target":"2363"},{"source":"2064","target":"2369"},{"source":"2064","target":"2370"},{"source":"2064","target":"2376"},{"source":"2064","target":"2381"},{"source":"2064","target":"2386"},{"source":"2064","target":"2391"},{"source":"2064","target":"2395"},{"source":"2064","target":"2404"},{"source":"2064","target":"2407"},{"source":"2064","target":"2408"},{"source":"2064","target":"2409"},{"source":"2064","target":"2410"},{"source":"2064","target":"2414"},{"source":"2064","target":"2418"},{"source":"2064","target":"2423"},{"source":"2064","target":"2428"},{"source":"2064","target":"2429"},{"source":"2064","target":"2430"},{"source":"2064","target":"2433"},{"source":"2064","target":"2446"},{"source":"2064","target":"2460"},{"source":"2064","target":"2464"},{"source":"2064","target":"2467"},{"source":"2064","target":"2469"},{"source":"2064","target":"2477"},{"source":"2064","target":"2482"},{"source":"2064","target":"2485"},{"source":"2064","target":"2489"},{"source":"2064","target":"2492"},{"source":"2064","target":"2495"},{"source":"2064","target":"2500"},{"source":"2064","target":"2504"},{"source":"2064","target":"2506"},{"source":"2064","target":"2507"},{"source":"2064","target":"2520"},{"source":"2064","target":"2521"},{"source":"2064","target":"2526"},{"source":"2064","target":"2532"},{"source":"2064","target":"2542"},{"source":"2064","target":"2543"},{"source":"2064","target":"2546"},{"source":"2064","target":"2549"},{"source":"2064","target":"2550"},{"source":"2064","target":"2551"},{"source":"2064","target":"2552"},{"source":"2064","target":"2553"},{"source":"2064","target":"2556"},{"source":"2064","target":"2559"},{"source":"2064","target":"2560"},{"source":"2064","target":"2561"},{"source":"2064","target":"2564"},{"source":"2064","target":"2573"},{"source":"2064","target":"2575"},{"source":"2064","target":"2578"},{"source":"2064","target":"2586"},{"source":"2064","target":"2590"},{"source":"2064","target":"2593"},{"source":"2064","target":"2600"},{"source":"2064","target":"2601"},{"source":"2064","target":"2602"},{"source":"2064","target":"2604"},{"source":"2064","target":"2606"},{"source":"2064","target":"2607"},{"source":"2064","target":"2611"},{"source":"2064","target":"2613"},{"source":"2064","target":"2615"},{"source":"2064","target":"2619"},{"source":"2064","target":"2623"},{"source":"2064","target":"2624"},{"source":"2064","target":"2625"},{"source":"2064","target":"2630"},{"source":"2064","target":"2638"},{"source":"2064","target":"2646"},{"source":"2064","target":"2655"},{"source":"2065","target":"2081"},{"source":"2065","target":"2087"},{"source":"2065","target":"2154"},{"source":"2065","target":"2183"},{"source":"2065","target":"2208"},{"source":"2065","target":"2215"},{"source":"2065","target":"2292"},{"source":"2065","target":"2302"},{"source":"2065","target":"2324"},{"source":"2065","target":"2333"},{"source":"2065","target":"2384"},{"source":"2065","target":"2385"},{"source":"2065","target":"2462"},{"source":"2065","target":"2530"},{"source":"2065","target":"2536"},{"source":"2065","target":"2560"},{"source":"2065","target":"2567"},{"source":"2065","target":"2592"},{"source":"2065","target":"2608"},{"source":"2066","target":"2133"},{"source":"2066","target":"2211"},{"source":"2066","target":"2514"},{"source":"2066","target":"2517"},{"source":"2066","target":"2642"},{"source":"2067","target":"2084"},{"source":"2067","target":"2092"},{"source":"2067","target":"2147"},{"source":"2067","target":"2154"},{"source":"2067","target":"2189"},{"source":"2067","target":"2200"},{"source":"2067","target":"2234"},{"source":"2067","target":"2262"},{"source":"2067","target":"2300"},{"source":"2067","target":"2303"},{"source":"2067","target":"2334"},{"source":"2067","target":"2387"},{"source":"2067","target":"2391"},{"source":"2067","target":"2393"},{"source":"2067","target":"2428"},{"source":"2067","target":"2429"},{"source":"2067","target":"2430"},{"source":"2067","target":"2449"},{"source":"2067","target":"2476"},{"source":"2067","target":"2478"},{"source":"2067","target":"2489"},{"source":"2067","target":"2507"},{"source":"2067","target":"2526"},{"source":"2067","target":"2576"},{"source":"2067","target":"2584"},{"source":"2067","target":"2602"},{"source":"2067","target":"2646"},{"source":"2068","target":"2071"},{"source":"2068","target":"2072"},{"source":"2068","target":"2081"},{"source":"2068","target":"2087"},{"source":"2068","target":"2101"},{"source":"2068","target":"2102"},{"source":"2068","target":"2111"},{"source":"2068","target":"2117"},{"source":"2068","target":"2125"},{"source":"2068","target":"2127"},{"source":"2068","target":"2128"},{"source":"2068","target":"2132"},{"source":"2068","target":"2133"},{"source":"2068","target":"2134"},{"source":"2068","target":"2135"},{"source":"2068","target":"2138"},{"source":"2068","target":"2143"},{"source":"2068","target":"2144"},{"source":"2068","target":"2149"},{"source":"2068","target":"2151"},{"source":"2068","target":"2153"},{"source":"2068","target":"2161"},{"source":"2068","target":"2169"},{"source":"2068","target":"2174"},{"source":"2068","target":"2176"},{"source":"2068","target":"2180"},{"source":"2068","target":"2183"},{"source":"2068","target":"2187"},{"source":"2068","target":"2189"},{"source":"2068","target":"2191"},{"source":"2068","target":"2194"},{"source":"2068","target":"2196"},{"source":"2068","target":"2198"},{"source":"2068","target":"2199"},{"source":"2068","target":"2203"},{"source":"2068","target":"2215"},{"source":"2068","target":"2223"},{"source":"2068","target":"2224"},{"source":"2068","target":"2232"},{"source":"2068","target":"2241"},{"source":"2068","target":"2247"},{"source":"2068","target":"2249"},{"source":"2068","target":"2254"},{"source":"2068","target":"2259"},{"source":"2068","target":"2268"},{"source":"2068","target":"2279"},{"source":"2068","target":"2280"},{"source":"2068","target":"2282"},{"source":"2068","target":"2283"},{"source":"2068","target":"2289"},{"source":"2068","target":"2293"},{"source":"2068","target":"2294"},{"source":"2068","target":"2302"},{"source":"2068","target":"2305"},{"source":"2068","target":"2319"},{"source":"2068","target":"2328"},{"source":"2068","target":"2330"},{"source":"2068","target":"2332"},{"source":"2068","target":"2333"},{"source":"2068","target":"2338"},{"source":"2068","target":"2343"},{"source":"2068","target":"2344"},{"source":"2068","target":"2345"},{"source":"2068","target":"2347"},{"source":"2068","target":"2366"},{"source":"2068","target":"2367"},{"source":"2068","target":"2372"},{"source":"2068","target":"2377"},{"source":"2068","target":"2379"},{"source":"2068","target":"2384"},{"source":"2068","target":"2385"},{"source":"2068","target":"2394"},{"source":"2068","target":"2398"},{"source":"2068","target":"2417"},{"source":"2068","target":"2419"},{"source":"2068","target":"2434"},{"source":"2068","target":"2436"},{"source":"2068","target":"2445"},{"source":"2068","target":"2451"},{"source":"2068","target":"2458"},{"source":"2068","target":"2461"},{"source":"2068","target":"2463"},{"source":"2068","target":"2471"},{"source":"2068","target":"2472"},{"source":"2068","target":"2473"},{"source":"2068","target":"2475"},{"source":"2068","target":"2491"},{"source":"2068","target":"2498"},{"source":"2068","target":"2508"},{"source":"2068","target":"2510"},{"source":"2068","target":"2511"},{"source":"2068","target":"2512"},{"source":"2068","target":"2533"},{"source":"2068","target":"2537"},{"source":"2068","target":"2543"},{"source":"2068","target":"2555"},{"source":"2068","target":"2567"},{"source":"2068","target":"2571"},{"source":"2068","target":"2572"},{"source":"2068","target":"2582"},{"source":"2068","target":"2588"},{"source":"2068","target":"2589"},{"source":"2068","target":"2592"},{"source":"2068","target":"2597"},{"source":"2068","target":"2598"},{"source":"2068","target":"2616"},{"source":"2068","target":"2617"},{"source":"2068","target":"2629"},{"source":"2068","target":"2643"},{"source":"2068","target":"2649"},{"source":"2068","target":"2653"},{"source":"2069","target":"2073"},{"source":"2069","target":"2074"},{"source":"2069","target":"2077"},{"source":"2069","target":"2078"},{"source":"2069","target":"2083"},{"source":"2069","target":"2084"},{"source":"2069","target":"2088"},{"source":"2069","target":"2090"},{"source":"2069","target":"2093"},{"source":"2069","target":"2098"},{"source":"2069","target":"2103"},{"source":"2069","target":"2104"},{"source":"2069","target":"2108"},{"source":"2069","target":"2109"},{"source":"2069","target":"2115"},{"source":"2069","target":"2118"},{"source":"2069","target":"2121"},{"source":"2069","target":"2122"},{"source":"2069","target":"2123"},{"source":"2069","target":"2124"},{"source":"2069","target":"2131"},{"source":"2069","target":"2139"},{"source":"2069","target":"2140"},{"source":"2069","target":"2142"},{"source":"2069","target":"2150"},{"source":"2069","target":"2154"},{"source":"2069","target":"2172"},{"source":"2069","target":"2184"},{"source":"2069","target":"2188"},{"source":"2069","target":"2189"},{"source":"2069","target":"2190"},{"source":"2069","target":"2201"},{"source":"2069","target":"2206"},{"source":"2069","target":"2210"},{"source":"2069","target":"2212"},{"source":"2069","target":"2218"},{"source":"2069","target":"2220"},{"source":"2069","target":"2229"},{"source":"2069","target":"2233"},{"source":"2069","target":"2240"},{"source":"2069","target":"2244"},{"source":"2069","target":"2253"},{"source":"2069","target":"2258"},{"source":"2069","target":"2266"},{"source":"2069","target":"2271"},{"source":"2069","target":"2275"},{"source":"2069","target":"2276"},{"source":"2069","target":"2290"},{"source":"2069","target":"2300"},{"source":"2069","target":"2306"},{"source":"2069","target":"2307"},{"source":"2069","target":"2308"},{"source":"2069","target":"2309"},{"source":"2069","target":"2323"},{"source":"2069","target":"2324"},{"source":"2069","target":"2326"},{"source":"2069","target":"2331"},{"source":"2069","target":"2334"},{"source":"2069","target":"2339"},{"source":"2069","target":"2340"},{"source":"2069","target":"2347"},{"source":"2069","target":"2348"},{"source":"2069","target":"2352"},{"source":"2069","target":"2353"},{"source":"2069","target":"2354"},{"source":"2069","target":"2369"},{"source":"2069","target":"2370"},{"source":"2069","target":"2374"},{"source":"2069","target":"2376"},{"source":"2069","target":"2381"},{"source":"2069","target":"2387"},{"source":"2069","target":"2393"},{"source":"2069","target":"2395"},{"source":"2069","target":"2404"},{"source":"2069","target":"2409"},{"source":"2069","target":"2410"},{"source":"2069","target":"2414"},{"source":"2069","target":"2423"},{"source":"2069","target":"2428"},{"source":"2069","target":"2443"},{"source":"2069","target":"2460"},{"source":"2069","target":"2462"},{"source":"2069","target":"2464"},{"source":"2069","target":"2467"},{"source":"2069","target":"2468"},{"source":"2069","target":"2469"},{"source":"2069","target":"2476"},{"source":"2069","target":"2478"},{"source":"2069","target":"2482"},{"source":"2069","target":"2485"},{"source":"2069","target":"2492"},{"source":"2069","target":"2499"},{"source":"2069","target":"2500"},{"source":"2069","target":"2501"},{"source":"2069","target":"2504"},{"source":"2069","target":"2507"},{"source":"2069","target":"2520"},{"source":"2069","target":"2521"},{"source":"2069","target":"2524"},{"source":"2069","target":"2526"},{"source":"2069","target":"2532"},{"source":"2069","target":"2536"},{"source":"2069","target":"2542"},{"source":"2069","target":"2543"},{"source":"2069","target":"2546"},{"source":"2069","target":"2549"},{"source":"2069","target":"2550"},{"source":"2069","target":"2551"},{"source":"2069","target":"2553"},{"source":"2069","target":"2556"},{"source":"2069","target":"2559"},{"source":"2069","target":"2560"},{"source":"2069","target":"2561"},{"source":"2069","target":"2564"},{"source":"2069","target":"2573"},{"source":"2069","target":"2574"},{"source":"2069","target":"2575"},{"source":"2069","target":"2578"},{"source":"2069","target":"2579"},{"source":"2069","target":"2586"},{"source":"2069","target":"2590"},{"source":"2069","target":"2591"},{"source":"2069","target":"2593"},{"source":"2069","target":"2600"},{"source":"2069","target":"2601"},{"source":"2069","target":"2602"},{"source":"2069","target":"2604"},{"source":"2069","target":"2606"},{"source":"2069","target":"2607"},{"source":"2069","target":"2611"},{"source":"2069","target":"2615"},{"source":"2069","target":"2619"},{"source":"2069","target":"2624"},{"source":"2069","target":"2625"},{"source":"2069","target":"2630"},{"source":"2069","target":"2631"},{"source":"2069","target":"2638"},{"source":"2069","target":"2654"},{"source":"2069","target":"2655"},{"source":"2070","target":"2091"},{"source":"2070","target":"2126"},{"source":"2070","target":"2129"},{"source":"2070","target":"2156"},{"source":"2070","target":"2236"},{"source":"2070","target":"2260"},{"source":"2070","target":"2335"},{"source":"2070","target":"2361"},{"source":"2070","target":"2488"},{"source":"2070","target":"2570"},{"source":"2070","target":"2644"},{"source":"2071","target":"2072"},{"source":"2071","target":"2081"},{"source":"2071","target":"2087"},{"source":"2071","target":"2102"},{"source":"2071","target":"2111"},{"source":"2071","target":"2117"},{"source":"2071","target":"2125"},{"source":"2071","target":"2127"},{"source":"2071","target":"2133"},{"source":"2071","target":"2134"},{"source":"2071","target":"2135"},{"source":"2071","target":"2137"},{"source":"2071","target":"2138"},{"source":"2071","target":"2143"},{"source":"2071","target":"2144"},{"source":"2071","target":"2148"},{"source":"2071","target":"2149"},{"source":"2071","target":"2151"},{"source":"2071","target":"2153"},{"source":"2071","target":"2174"},{"source":"2071","target":"2176"},{"source":"2071","target":"2180"},{"source":"2071","target":"2183"},{"source":"2071","target":"2187"},{"source":"2071","target":"2189"},{"source":"2071","target":"2191"},{"source":"2071","target":"2194"},{"source":"2071","target":"2196"},{"source":"2071","target":"2199"},{"source":"2071","target":"2223"},{"source":"2071","target":"2224"},{"source":"2071","target":"2241"},{"source":"2071","target":"2246"},{"source":"2071","target":"2247"},{"source":"2071","target":"2250"},{"source":"2071","target":"2254"},{"source":"2071","target":"2264"},{"source":"2071","target":"2267"},{"source":"2071","target":"2268"},{"source":"2071","target":"2273"},{"source":"2071","target":"2279"},{"source":"2071","target":"2282"},{"source":"2071","target":"2283"},{"source":"2071","target":"2285"},{"source":"2071","target":"2289"},{"source":"2071","target":"2292"},{"source":"2071","target":"2293"},{"source":"2071","target":"2302"},{"source":"2071","target":"2315"},{"source":"2071","target":"2319"},{"source":"2071","target":"2328"},{"source":"2071","target":"2330"},{"source":"2071","target":"2332"},{"source":"2071","target":"2333"},{"source":"2071","target":"2336"},{"source":"2071","target":"2338"},{"source":"2071","target":"2344"},{"source":"2071","target":"2347"},{"source":"2071","target":"2351"},{"source":"2071","target":"2372"},{"source":"2071","target":"2377"},{"source":"2071","target":"2384"},{"source":"2071","target":"2398"},{"source":"2071","target":"2420"},{"source":"2071","target":"2427"},{"source":"2071","target":"2429"},{"source":"2071","target":"2436"},{"source":"2071","target":"2451"},{"source":"2071","target":"2458"},{"source":"2071","target":"2461"},{"source":"2071","target":"2463"},{"source":"2071","target":"2465"},{"source":"2071","target":"2471"},{"source":"2071","target":"2472"},{"source":"2071","target":"2491"},{"source":"2071","target":"2498"},{"source":"2071","target":"2510"},{"source":"2071","target":"2511"},{"source":"2071","target":"2512"},{"source":"2071","target":"2516"},{"source":"2071","target":"2533"},{"source":"2071","target":"2543"},{"source":"2071","target":"2547"},{"source":"2071","target":"2555"},{"source":"2071","target":"2567"},{"source":"2071","target":"2588"},{"source":"2071","target":"2589"},{"source":"2071","target":"2592"},{"source":"2071","target":"2597"},{"source":"2071","target":"2598"},{"source":"2071","target":"2599"},{"source":"2071","target":"2609"},{"source":"2071","target":"2623"},{"source":"2071","target":"2629"},{"source":"2071","target":"2642"},{"source":"2071","target":"2643"},{"source":"2071","target":"2649"},{"source":"2071","target":"2653"},{"source":"2072","target":"2075"},{"source":"2072","target":"2081"},{"source":"2072","target":"2096"},{"source":"2072","target":"2101"},{"source":"2072","target":"2110"},{"source":"2072","target":"2111"},{"source":"2072","target":"2117"},{"source":"2072","target":"2125"},{"source":"2072","target":"2127"},{"source":"2072","target":"2132"},{"source":"2072","target":"2133"},{"source":"2072","target":"2135"},{"source":"2072","target":"2137"},{"source":"2072","target":"2138"},{"source":"2072","target":"2144"},{"source":"2072","target":"2153"},{"source":"2072","target":"2161"},{"source":"2072","target":"2169"},{"source":"2072","target":"2174"},{"source":"2072","target":"2180"},{"source":"2072","target":"2183"},{"source":"2072","target":"2187"},{"source":"2072","target":"2189"},{"source":"2072","target":"2198"},{"source":"2072","target":"2199"},{"source":"2072","target":"2203"},{"source":"2072","target":"2222"},{"source":"2072","target":"2223"},{"source":"2072","target":"2224"},{"source":"2072","target":"2232"},{"source":"2072","target":"2235"},{"source":"2072","target":"2241"},{"source":"2072","target":"2243"},{"source":"2072","target":"2247"},{"source":"2072","target":"2254"},{"source":"2072","target":"2268"},{"source":"2072","target":"2274"},{"source":"2072","target":"2279"},{"source":"2072","target":"2280"},{"source":"2072","target":"2282"},{"source":"2072","target":"2283"},{"source":"2072","target":"2289"},{"source":"2072","target":"2292"},{"source":"2072","target":"2294"},{"source":"2072","target":"2304"},{"source":"2072","target":"2315"},{"source":"2072","target":"2319"},{"source":"2072","target":"2327"},{"source":"2072","target":"2328"},{"source":"2072","target":"2333"},{"source":"2072","target":"2336"},{"source":"2072","target":"2338"},{"source":"2072","target":"2344"},{"source":"2072","target":"2347"},{"source":"2072","target":"2377"},{"source":"2072","target":"2384"},{"source":"2072","target":"2390"},{"source":"2072","target":"2394"},{"source":"2072","target":"2396"},{"source":"2072","target":"2398"},{"source":"2072","target":"2399"},{"source":"2072","target":"2415"},{"source":"2072","target":"2417"},{"source":"2072","target":"2420"},{"source":"2072","target":"2434"},{"source":"2072","target":"2436"},{"source":"2072","target":"2438"},{"source":"2072","target":"2445"},{"source":"2072","target":"2451"},{"source":"2072","target":"2458"},{"source":"2072","target":"2461"},{"source":"2072","target":"2463"},{"source":"2072","target":"2468"},{"source":"2072","target":"2471"},{"source":"2072","target":"2479"},{"source":"2072","target":"2491"},{"source":"2072","target":"2501"},{"source":"2072","target":"2508"},{"source":"2072","target":"2509"},{"source":"2072","target":"2510"},{"source":"2072","target":"2511"},{"source":"2072","target":"2516"},{"source":"2072","target":"2518"},{"source":"2072","target":"2533"},{"source":"2072","target":"2537"},{"source":"2072","target":"2555"},{"source":"2072","target":"2568"},{"source":"2072","target":"2589"},{"source":"2072","target":"2592"},{"source":"2072","target":"2594"},{"source":"2072","target":"2597"},{"source":"2072","target":"2598"},{"source":"2072","target":"2603"},{"source":"2072","target":"2608"},{"source":"2072","target":"2617"},{"source":"2072","target":"2629"},{"source":"2072","target":"2649"},{"source":"2072","target":"2652"},{"source":"2072","target":"2653"},{"source":"2073","target":"2074"},{"source":"2073","target":"2077"},{"source":"2073","target":"2078"},{"source":"2073","target":"2083"},{"source":"2073","target":"2084"},{"source":"2073","target":"2086"},{"source":"2073","target":"2088"},{"source":"2073","target":"2090"},{"source":"2073","target":"2093"},{"source":"2073","target":"2095"},{"source":"2073","target":"2098"},{"source":"2073","target":"2103"},{"source":"2073","target":"2104"},{"source":"2073","target":"2108"},{"source":"2073","target":"2109"},{"source":"2073","target":"2112"},{"source":"2073","target":"2118"},{"source":"2073","target":"2121"},{"source":"2073","target":"2122"},{"source":"2073","target":"2123"},{"source":"2073","target":"2124"},{"source":"2073","target":"2131"},{"source":"2073","target":"2139"},{"source":"2073","target":"2140"},{"source":"2073","target":"2142"},{"source":"2073","target":"2150"},{"source":"2073","target":"2154"},{"source":"2073","target":"2165"},{"source":"2073","target":"2172"},{"source":"2073","target":"2179"},{"source":"2073","target":"2184"},{"source":"2073","target":"2188"},{"source":"2073","target":"2190"},{"source":"2073","target":"2200"},{"source":"2073","target":"2201"},{"source":"2073","target":"2206"},{"source":"2073","target":"2210"},{"source":"2073","target":"2212"},{"source":"2073","target":"2213"},{"source":"2073","target":"2216"},{"source":"2073","target":"2218"},{"source":"2073","target":"2220"},{"source":"2073","target":"2229"},{"source":"2073","target":"2233"},{"source":"2073","target":"2237"},{"source":"2073","target":"2240"},{"source":"2073","target":"2244"},{"source":"2073","target":"2253"},{"source":"2073","target":"2257"},{"source":"2073","target":"2261"},{"source":"2073","target":"2266"},{"source":"2073","target":"2271"},{"source":"2073","target":"2275"},{"source":"2073","target":"2276"},{"source":"2073","target":"2278"},{"source":"2073","target":"2290"},{"source":"2073","target":"2299"},{"source":"2073","target":"2300"},{"source":"2073","target":"2306"},{"source":"2073","target":"2307"},{"source":"2073","target":"2308"},{"source":"2073","target":"2309"},{"source":"2073","target":"2323"},{"source":"2073","target":"2324"},{"source":"2073","target":"2326"},{"source":"2073","target":"2329"},{"source":"2073","target":"2331"},{"source":"2073","target":"2334"},{"source":"2073","target":"2339"},{"source":"2073","target":"2340"},{"source":"2073","target":"2347"},{"source":"2073","target":"2348"},{"source":"2073","target":"2352"},{"source":"2073","target":"2353"},{"source":"2073","target":"2354"},{"source":"2073","target":"2356"},{"source":"2073","target":"2359"},{"source":"2073","target":"2363"},{"source":"2073","target":"2369"},{"source":"2073","target":"2370"},{"source":"2073","target":"2374"},{"source":"2073","target":"2376"},{"source":"2073","target":"2381"},{"source":"2073","target":"2386"},{"source":"2073","target":"2391"},{"source":"2073","target":"2392"},{"source":"2073","target":"2395"},{"source":"2073","target":"2404"},{"source":"2073","target":"2408"},{"source":"2073","target":"2409"},{"source":"2073","target":"2410"},{"source":"2073","target":"2414"},{"source":"2073","target":"2423"},{"source":"2073","target":"2428"},{"source":"2073","target":"2429"},{"source":"2073","target":"2430"},{"source":"2073","target":"2433"},{"source":"2073","target":"2446"},{"source":"2073","target":"2460"},{"source":"2073","target":"2462"},{"source":"2073","target":"2464"},{"source":"2073","target":"2467"},{"source":"2073","target":"2468"},{"source":"2073","target":"2469"},{"source":"2073","target":"2478"},{"source":"2073","target":"2482"},{"source":"2073","target":"2484"},{"source":"2073","target":"2485"},{"source":"2073","target":"2489"},{"source":"2073","target":"2492"},{"source":"2073","target":"2495"},{"source":"2073","target":"2499"},{"source":"2073","target":"2500"},{"source":"2073","target":"2504"},{"source":"2073","target":"2506"},{"source":"2073","target":"2507"},{"source":"2073","target":"2520"},{"source":"2073","target":"2521"},{"source":"2073","target":"2524"},{"source":"2073","target":"2526"},{"source":"2073","target":"2532"},{"source":"2073","target":"2542"},{"source":"2073","target":"2543"},{"source":"2073","target":"2546"},{"source":"2073","target":"2549"},{"source":"2073","target":"2550"},{"source":"2073","target":"2551"},{"source":"2073","target":"2552"},{"source":"2073","target":"2553"},{"source":"2073","target":"2554"},{"source":"2073","target":"2556"},{"source":"2073","target":"2559"},{"source":"2073","target":"2560"},{"source":"2073","target":"2561"},{"source":"2073","target":"2563"},{"source":"2073","target":"2564"},{"source":"2073","target":"2573"},{"source":"2073","target":"2575"},{"source":"2073","target":"2578"},{"source":"2073","target":"2579"},{"source":"2073","target":"2586"},{"source":"2073","target":"2590"},{"source":"2073","target":"2591"},{"source":"2073","target":"2593"},{"source":"2073","target":"2600"},{"source":"2073","target":"2601"},{"source":"2073","target":"2602"},{"source":"2073","target":"2604"},{"source":"2073","target":"2607"},{"source":"2073","target":"2611"},{"source":"2073","target":"2615"},{"source":"2073","target":"2619"},{"source":"2073","target":"2623"},{"source":"2073","target":"2624"},{"source":"2073","target":"2625"},{"source":"2073","target":"2630"},{"source":"2073","target":"2631"},{"source":"2073","target":"2638"},{"source":"2073","target":"2646"},{"source":"2073","target":"2654"},{"source":"2073","target":"2655"},{"source":"2074","target":"2077"},{"source":"2074","target":"2078"},{"source":"2074","target":"2083"},{"source":"2074","target":"2086"},{"source":"2074","target":"2088"},{"source":"2074","target":"2090"},{"source":"2074","target":"2095"},{"source":"2074","target":"2098"},{"source":"2074","target":"2103"},{"source":"2074","target":"2104"},{"source":"2074","target":"2108"},{"source":"2074","target":"2109"},{"source":"2074","target":"2112"},{"source":"2074","target":"2115"},{"source":"2074","target":"2118"},{"source":"2074","target":"2122"},{"source":"2074","target":"2123"},{"source":"2074","target":"2124"},{"source":"2074","target":"2131"},{"source":"2074","target":"2136"},{"source":"2074","target":"2139"},{"source":"2074","target":"2140"},{"source":"2074","target":"2142"},{"source":"2074","target":"2150"},{"source":"2074","target":"2154"},{"source":"2074","target":"2172"},{"source":"2074","target":"2179"},{"source":"2074","target":"2184"},{"source":"2074","target":"2188"},{"source":"2074","target":"2190"},{"source":"2074","target":"2200"},{"source":"2074","target":"2201"},{"source":"2074","target":"2206"},{"source":"2074","target":"2213"},{"source":"2074","target":"2216"},{"source":"2074","target":"2218"},{"source":"2074","target":"2220"},{"source":"2074","target":"2229"},{"source":"2074","target":"2233"},{"source":"2074","target":"2237"},{"source":"2074","target":"2240"},{"source":"2074","target":"2244"},{"source":"2074","target":"2257"},{"source":"2074","target":"2261"},{"source":"2074","target":"2266"},{"source":"2074","target":"2271"},{"source":"2074","target":"2275"},{"source":"2074","target":"2276"},{"source":"2074","target":"2278"},{"source":"2074","target":"2287"},{"source":"2074","target":"2290"},{"source":"2074","target":"2299"},{"source":"2074","target":"2307"},{"source":"2074","target":"2308"},{"source":"2074","target":"2309"},{"source":"2074","target":"2323"},{"source":"2074","target":"2324"},{"source":"2074","target":"2326"},{"source":"2074","target":"2331"},{"source":"2074","target":"2339"},{"source":"2074","target":"2340"},{"source":"2074","target":"2347"},{"source":"2074","target":"2348"},{"source":"2074","target":"2352"},{"source":"2074","target":"2354"},{"source":"2074","target":"2356"},{"source":"2074","target":"2359"},{"source":"2074","target":"2363"},{"source":"2074","target":"2369"},{"source":"2074","target":"2370"},{"source":"2074","target":"2374"},{"source":"2074","target":"2376"},{"source":"2074","target":"2381"},{"source":"2074","target":"2386"},{"source":"2074","target":"2395"},{"source":"2074","target":"2404"},{"source":"2074","target":"2407"},{"source":"2074","target":"2408"},{"source":"2074","target":"2409"},{"source":"2074","target":"2410"},{"source":"2074","target":"2414"},{"source":"2074","target":"2418"},{"source":"2074","target":"2423"},{"source":"2074","target":"2428"},{"source":"2074","target":"2430"},{"source":"2074","target":"2433"},{"source":"2074","target":"2446"},{"source":"2074","target":"2460"},{"source":"2074","target":"2464"},{"source":"2074","target":"2468"},{"source":"2074","target":"2477"},{"source":"2074","target":"2482"},{"source":"2074","target":"2485"},{"source":"2074","target":"2489"},{"source":"2074","target":"2492"},{"source":"2074","target":"2495"},{"source":"2074","target":"2499"},{"source":"2074","target":"2500"},{"source":"2074","target":"2504"},{"source":"2074","target":"2507"},{"source":"2074","target":"2520"},{"source":"2074","target":"2532"},{"source":"2074","target":"2539"},{"source":"2074","target":"2542"},{"source":"2074","target":"2546"},{"source":"2074","target":"2551"},{"source":"2074","target":"2553"},{"source":"2074","target":"2560"},{"source":"2074","target":"2564"},{"source":"2074","target":"2573"},{"source":"2074","target":"2575"},{"source":"2074","target":"2578"},{"source":"2074","target":"2586"},{"source":"2074","target":"2590"},{"source":"2074","target":"2591"},{"source":"2074","target":"2593"},{"source":"2074","target":"2600"},{"source":"2074","target":"2601"},{"source":"2074","target":"2602"},{"source":"2074","target":"2604"},{"source":"2074","target":"2607"},{"source":"2074","target":"2611"},{"source":"2074","target":"2619"},{"source":"2074","target":"2624"},{"source":"2074","target":"2625"},{"source":"2074","target":"2630"},{"source":"2074","target":"2638"},{"source":"2074","target":"2646"},{"source":"2074","target":"2654"},{"source":"2074","target":"2655"},{"source":"2075","target":"2081"},{"source":"2075","target":"2110"},{"source":"2075","target":"2111"},{"source":"2075","target":"2128"},{"source":"2075","target":"2132"},{"source":"2075","target":"2161"},{"source":"2075","target":"2199"},{"source":"2075","target":"2221"},{"source":"2075","target":"2222"},{"source":"2075","target":"2235"},{"source":"2075","target":"2243"},{"source":"2075","target":"2274"},{"source":"2075","target":"2280"},{"source":"2075","target":"2282"},{"source":"2075","target":"2327"},{"source":"2075","target":"2328"},{"source":"2075","target":"2333"},{"source":"2075","target":"2344"},{"source":"2075","target":"2377"},{"source":"2075","target":"2384"},{"source":"2075","target":"2390"},{"source":"2075","target":"2394"},{"source":"2075","target":"2396"},{"source":"2075","target":"2415"},{"source":"2075","target":"2434"},{"source":"2075","target":"2438"},{"source":"2075","target":"2451"},{"source":"2075","target":"2479"},{"source":"2075","target":"2501"},{"source":"2075","target":"2509"},{"source":"2075","target":"2511"},{"source":"2075","target":"2537"},{"source":"2075","target":"2572"},{"source":"2075","target":"2603"},{"source":"2075","target":"2617"},{"source":"2075","target":"2652"},{"source":"2076","target":"2170"},{"source":"2076","target":"2207"},{"source":"2076","target":"2255"},{"source":"2076","target":"2320"},{"source":"2076","target":"2349"},{"source":"2076","target":"2401"},{"source":"2076","target":"2425"},{"source":"2076","target":"2426"},{"source":"2076","target":"2444"},{"source":"2076","target":"2466"},{"source":"2076","target":"2486"},{"source":"2076","target":"2513"},{"source":"2076","target":"2515"},{"source":"2076","target":"2622"},{"source":"2076","target":"2650"},{"source":"2077","target":"2078"},{"source":"2077","target":"2090"},{"source":"2077","target":"2093"},{"source":"2077","target":"2095"},{"source":"2077","target":"2103"},{"source":"2077","target":"2104"},{"source":"2077","target":"2108"},{"source":"2077","target":"2118"},{"source":"2077","target":"2121"},{"source":"2077","target":"2122"},{"source":"2077","target":"2123"},{"source":"2077","target":"2124"},{"source":"2077","target":"2131"},{"source":"2077","target":"2136"},{"source":"2077","target":"2139"},{"source":"2077","target":"2142"},{"source":"2077","target":"2150"},{"source":"2077","target":"2184"},{"source":"2077","target":"2190"},{"source":"2077","target":"2200"},{"source":"2077","target":"2201"},{"source":"2077","target":"2206"},{"source":"2077","target":"2216"},{"source":"2077","target":"2218"},{"source":"2077","target":"2220"},{"source":"2077","target":"2229"},{"source":"2077","target":"2233"},{"source":"2077","target":"2240"},{"source":"2077","target":"2244"},{"source":"2077","target":"2253"},{"source":"2077","target":"2261"},{"source":"2077","target":"2266"},{"source":"2077","target":"2275"},{"source":"2077","target":"2278"},{"source":"2077","target":"2290"},{"source":"2077","target":"2299"},{"source":"2077","target":"2307"},{"source":"2077","target":"2308"},{"source":"2077","target":"2309"},{"source":"2077","target":"2323"},{"source":"2077","target":"2324"},{"source":"2077","target":"2329"},{"source":"2077","target":"2331"},{"source":"2077","target":"2334"},{"source":"2077","target":"2340"},{"source":"2077","target":"2347"},{"source":"2077","target":"2348"},{"source":"2077","target":"2352"},{"source":"2077","target":"2354"},{"source":"2077","target":"2356"},{"source":"2077","target":"2359"},{"source":"2077","target":"2369"},{"source":"2077","target":"2370"},{"source":"2077","target":"2374"},{"source":"2077","target":"2376"},{"source":"2077","target":"2381"},{"source":"2077","target":"2395"},{"source":"2077","target":"2408"},{"source":"2077","target":"2410"},{"source":"2077","target":"2414"},{"source":"2077","target":"2418"},{"source":"2077","target":"2428"},{"source":"2077","target":"2446"},{"source":"2077","target":"2460"},{"source":"2077","target":"2464"},{"source":"2077","target":"2482"},{"source":"2077","target":"2484"},{"source":"2077","target":"2492"},{"source":"2077","target":"2495"},{"source":"2077","target":"2500"},{"source":"2077","target":"2504"},{"source":"2077","target":"2507"},{"source":"2077","target":"2520"},{"source":"2077","target":"2521"},{"source":"2077","target":"2526"},{"source":"2077","target":"2546"},{"source":"2077","target":"2549"},{"source":"2077","target":"2550"},{"source":"2077","target":"2551"},{"source":"2077","target":"2553"},{"source":"2077","target":"2560"},{"source":"2077","target":"2561"},{"source":"2077","target":"2564"},{"source":"2077","target":"2575"},{"source":"2077","target":"2578"},{"source":"2077","target":"2586"},{"source":"2077","target":"2590"},{"source":"2077","target":"2593"},{"source":"2077","target":"2600"},{"source":"2077","target":"2601"},{"source":"2077","target":"2602"},{"source":"2077","target":"2604"},{"source":"2077","target":"2606"},{"source":"2077","target":"2607"},{"source":"2077","target":"2611"},{"source":"2077","target":"2619"},{"source":"2077","target":"2623"},{"source":"2077","target":"2624"},{"source":"2077","target":"2625"},{"source":"2077","target":"2638"},{"source":"2078","target":"2083"},{"source":"2078","target":"2084"},{"source":"2078","target":"2086"},{"source":"2078","target":"2088"},{"source":"2078","target":"2090"},{"source":"2078","target":"2093"},{"source":"2078","target":"2095"},{"source":"2078","target":"2098"},{"source":"2078","target":"2103"},{"source":"2078","target":"2104"},{"source":"2078","target":"2108"},{"source":"2078","target":"2109"},{"source":"2078","target":"2115"},{"source":"2078","target":"2118"},{"source":"2078","target":"2121"},{"source":"2078","target":"2122"},{"source":"2078","target":"2123"},{"source":"2078","target":"2124"},{"source":"2078","target":"2131"},{"source":"2078","target":"2136"},{"source":"2078","target":"2137"},{"source":"2078","target":"2139"},{"source":"2078","target":"2140"},{"source":"2078","target":"2142"},{"source":"2078","target":"2147"},{"source":"2078","target":"2150"},{"source":"2078","target":"2154"},{"source":"2078","target":"2164"},{"source":"2078","target":"2165"},{"source":"2078","target":"2172"},{"source":"2078","target":"2179"},{"source":"2078","target":"2184"},{"source":"2078","target":"2188"},{"source":"2078","target":"2190"},{"source":"2078","target":"2200"},{"source":"2078","target":"2201"},{"source":"2078","target":"2206"},{"source":"2078","target":"2210"},{"source":"2078","target":"2212"},{"source":"2078","target":"2213"},{"source":"2078","target":"2216"},{"source":"2078","target":"2218"},{"source":"2078","target":"2220"},{"source":"2078","target":"2229"},{"source":"2078","target":"2233"},{"source":"2078","target":"2237"},{"source":"2078","target":"2240"},{"source":"2078","target":"2244"},{"source":"2078","target":"2253"},{"source":"2078","target":"2257"},{"source":"2078","target":"2261"},{"source":"2078","target":"2266"},{"source":"2078","target":"2271"},{"source":"2078","target":"2275"},{"source":"2078","target":"2276"},{"source":"2078","target":"2278"},{"source":"2078","target":"2290"},{"source":"2078","target":"2299"},{"source":"2078","target":"2300"},{"source":"2078","target":"2306"},{"source":"2078","target":"2307"},{"source":"2078","target":"2308"},{"source":"2078","target":"2309"},{"source":"2078","target":"2323"},{"source":"2078","target":"2324"},{"source":"2078","target":"2326"},{"source":"2078","target":"2329"},{"source":"2078","target":"2331"},{"source":"2078","target":"2334"},{"source":"2078","target":"2339"},{"source":"2078","target":"2340"},{"source":"2078","target":"2347"},{"source":"2078","target":"2348"},{"source":"2078","target":"2352"},{"source":"2078","target":"2354"},{"source":"2078","target":"2356"},{"source":"2078","target":"2359"},{"source":"2078","target":"2363"},{"source":"2078","target":"2369"},{"source":"2078","target":"2370"},{"source":"2078","target":"2374"},{"source":"2078","target":"2376"},{"source":"2078","target":"2381"},{"source":"2078","target":"2386"},{"source":"2078","target":"2391"},{"source":"2078","target":"2395"},{"source":"2078","target":"2404"},{"source":"2078","target":"2407"},{"source":"2078","target":"2408"},{"source":"2078","target":"2409"},{"source":"2078","target":"2410"},{"source":"2078","target":"2414"},{"source":"2078","target":"2423"},{"source":"2078","target":"2428"},{"source":"2078","target":"2430"},{"source":"2078","target":"2433"},{"source":"2078","target":"2460"},{"source":"2078","target":"2462"},{"source":"2078","target":"2464"},{"source":"2078","target":"2467"},{"source":"2078","target":"2468"},{"source":"2078","target":"2469"},{"source":"2078","target":"2478"},{"source":"2078","target":"2482"},{"source":"2078","target":"2484"},{"source":"2078","target":"2485"},{"source":"2078","target":"2489"},{"source":"2078","target":"2492"},{"source":"2078","target":"2495"},{"source":"2078","target":"2499"},{"source":"2078","target":"2500"},{"source":"2078","target":"2504"},{"source":"2078","target":"2506"},{"source":"2078","target":"2507"},{"source":"2078","target":"2520"},{"source":"2078","target":"2521"},{"source":"2078","target":"2526"},{"source":"2078","target":"2532"},{"source":"2078","target":"2536"},{"source":"2078","target":"2539"},{"source":"2078","target":"2542"},{"source":"2078","target":"2543"},{"source":"2078","target":"2546"},{"source":"2078","target":"2549"},{"source":"2078","target":"2550"},{"source":"2078","target":"2551"},{"source":"2078","target":"2552"},{"source":"2078","target":"2553"},{"source":"2078","target":"2554"},{"source":"2078","target":"2556"},{"source":"2078","target":"2559"},{"source":"2078","target":"2560"},{"source":"2078","target":"2561"},{"source":"2078","target":"2563"},{"source":"2078","target":"2564"},{"source":"2078","target":"2573"},{"source":"2078","target":"2574"},{"source":"2078","target":"2575"},{"source":"2078","target":"2578"},{"source":"2078","target":"2579"},{"source":"2078","target":"2586"},{"source":"2078","target":"2590"},{"source":"2078","target":"2591"},{"source":"2078","target":"2593"},{"source":"2078","target":"2600"},{"source":"2078","target":"2601"},{"source":"2078","target":"2602"},{"source":"2078","target":"2604"},{"source":"2078","target":"2606"},{"source":"2078","target":"2607"},{"source":"2078","target":"2611"},{"source":"2078","target":"2615"},{"source":"2078","target":"2619"},{"source":"2078","target":"2623"},{"source":"2078","target":"2624"},{"source":"2078","target":"2625"},{"source":"2078","target":"2630"},{"source":"2078","target":"2631"},{"source":"2078","target":"2638"},{"source":"2078","target":"2646"},{"source":"2078","target":"2654"},{"source":"2078","target":"2655"},{"source":"2080","target":"2145"},{"source":"2080","target":"2193"},{"source":"2080","target":"2236"},{"source":"2080","target":"2277"},{"source":"2080","target":"2313"},{"source":"2080","target":"2614"},{"source":"2080","target":"2656"},{"source":"2081","target":"2087"},{"source":"2081","target":"2101"},{"source":"2081","target":"2102"},{"source":"2081","target":"2110"},{"source":"2081","target":"2111"},{"source":"2081","target":"2117"},{"source":"2081","target":"2125"},{"source":"2081","target":"2127"},{"source":"2081","target":"2128"},{"source":"2081","target":"2132"},{"source":"2081","target":"2133"},{"source":"2081","target":"2134"},{"source":"2081","target":"2135"},{"source":"2081","target":"2137"},{"source":"2081","target":"2138"},{"source":"2081","target":"2144"},{"source":"2081","target":"2148"},{"source":"2081","target":"2149"},{"source":"2081","target":"2153"},{"source":"2081","target":"2161"},{"source":"2081","target":"2174"},{"source":"2081","target":"2176"},{"source":"2081","target":"2177"},{"source":"2081","target":"2180"},{"source":"2081","target":"2183"},{"source":"2081","target":"2187"},{"source":"2081","target":"2189"},{"source":"2081","target":"2191"},{"source":"2081","target":"2194"},{"source":"2081","target":"2196"},{"source":"2081","target":"2199"},{"source":"2081","target":"2215"},{"source":"2081","target":"2223"},{"source":"2081","target":"2224"},{"source":"2081","target":"2235"},{"source":"2081","target":"2241"},{"source":"2081","target":"2243"},{"source":"2081","target":"2246"},{"source":"2081","target":"2247"},{"source":"2081","target":"2250"},{"source":"2081","target":"2252"},{"source":"2081","target":"2254"},{"source":"2081","target":"2267"},{"source":"2081","target":"2273"},{"source":"2081","target":"2274"},{"source":"2081","target":"2279"},{"source":"2081","target":"2280"},{"source":"2081","target":"2282"},{"source":"2081","target":"2283"},{"source":"2081","target":"2289"},{"source":"2081","target":"2292"},{"source":"2081","target":"2293"},{"source":"2081","target":"2294"},{"source":"2081","target":"2302"},{"source":"2081","target":"2304"},{"source":"2081","target":"2315"},{"source":"2081","target":"2319"},{"source":"2081","target":"2324"},{"source":"2081","target":"2327"},{"source":"2081","target":"2328"},{"source":"2081","target":"2332"},{"source":"2081","target":"2333"},{"source":"2081","target":"2336"},{"source":"2081","target":"2338"},{"source":"2081","target":"2343"},{"source":"2081","target":"2344"},{"source":"2081","target":"2347"},{"source":"2081","target":"2351"},{"source":"2081","target":"2367"},{"source":"2081","target":"2368"},{"source":"2081","target":"2372"},{"source":"2081","target":"2377"},{"source":"2081","target":"2384"},{"source":"2081","target":"2385"},{"source":"2081","target":"2390"},{"source":"2081","target":"2394"},{"source":"2081","target":"2396"},{"source":"2081","target":"2398"},{"source":"2081","target":"2399"},{"source":"2081","target":"2415"},{"source":"2081","target":"2419"},{"source":"2081","target":"2420"},{"source":"2081","target":"2432"},{"source":"2081","target":"2434"},{"source":"2081","target":"2436"},{"source":"2081","target":"2438"},{"source":"2081","target":"2445"},{"source":"2081","target":"2451"},{"source":"2081","target":"2458"},{"source":"2081","target":"2461"},{"source":"2081","target":"2462"},{"source":"2081","target":"2463"},{"source":"2081","target":"2465"},{"source":"2081","target":"2468"},{"source":"2081","target":"2471"},{"source":"2081","target":"2472"},{"source":"2081","target":"2475"},{"source":"2081","target":"2479"},{"source":"2081","target":"2491"},{"source":"2081","target":"2496"},{"source":"2081","target":"2501"},{"source":"2081","target":"2508"},{"source":"2081","target":"2509"},{"source":"2081","target":"2510"},{"source":"2081","target":"2511"},{"source":"2081","target":"2530"},{"source":"2081","target":"2533"},{"source":"2081","target":"2537"},{"source":"2081","target":"2543"},{"source":"2081","target":"2547"},{"source":"2081","target":"2555"},{"source":"2081","target":"2567"},{"source":"2081","target":"2582"},{"source":"2081","target":"2588"},{"source":"2081","target":"2589"},{"source":"2081","target":"2592"},{"source":"2081","target":"2594"},{"source":"2081","target":"2597"},{"source":"2081","target":"2598"},{"source":"2081","target":"2603"},{"source":"2081","target":"2608"},{"source":"2081","target":"2609"},{"source":"2081","target":"2617"},{"source":"2081","target":"2629"},{"source":"2081","target":"2642"},{"source":"2081","target":"2643"},{"source":"2081","target":"2649"},{"source":"2081","target":"2652"},{"source":"2081","target":"2653"},{"source":"2082","target":"2089"},{"source":"2082","target":"2120"},{"source":"2082","target":"2152"},{"source":"2082","target":"2228"},{"source":"2082","target":"2371"},{"source":"2082","target":"2397"},{"source":"2082","target":"2402"},{"source":"2082","target":"2412"},{"source":"2082","target":"2440"},{"source":"2082","target":"2448"},{"source":"2082","target":"2488"},{"source":"2082","target":"2540"},{"source":"2082","target":"2570"},{"source":"2082","target":"2644"},{"source":"2083","target":"2084"},{"source":"2083","target":"2088"},{"source":"2083","target":"2090"},{"source":"2083","target":"2093"},{"source":"2083","target":"2095"},{"source":"2083","target":"2103"},{"source":"2083","target":"2104"},{"source":"2083","target":"2108"},{"source":"2083","target":"2112"},{"source":"2083","target":"2115"},{"source":"2083","target":"2118"},{"source":"2083","target":"2122"},{"source":"2083","target":"2123"},{"source":"2083","target":"2124"},{"source":"2083","target":"2131"},{"source":"2083","target":"2142"},{"source":"2083","target":"2147"},{"source":"2083","target":"2150"},{"source":"2083","target":"2164"},{"source":"2083","target":"2165"},{"source":"2083","target":"2172"},{"source":"2083","target":"2184"},{"source":"2083","target":"2188"},{"source":"2083","target":"2190"},{"source":"2083","target":"2200"},{"source":"2083","target":"2201"},{"source":"2083","target":"2206"},{"source":"2083","target":"2212"},{"source":"2083","target":"2218"},{"source":"2083","target":"2220"},{"source":"2083","target":"2229"},{"source":"2083","target":"2233"},{"source":"2083","target":"2240"},{"source":"2083","target":"2244"},{"source":"2083","target":"2257"},{"source":"2083","target":"2261"},{"source":"2083","target":"2266"},{"source":"2083","target":"2271"},{"source":"2083","target":"2275"},{"source":"2083","target":"2276"},{"source":"2083","target":"2278"},{"source":"2083","target":"2290"},{"source":"2083","target":"2299"},{"source":"2083","target":"2300"},{"source":"2083","target":"2307"},{"source":"2083","target":"2323"},{"source":"2083","target":"2324"},{"source":"2083","target":"2331"},{"source":"2083","target":"2340"},{"source":"2083","target":"2347"},{"source":"2083","target":"2348"},{"source":"2083","target":"2352"},{"source":"2083","target":"2353"},{"source":"2083","target":"2354"},{"source":"2083","target":"2356"},{"source":"2083","target":"2359"},{"source":"2083","target":"2363"},{"source":"2083","target":"2370"},{"source":"2083","target":"2374"},{"source":"2083","target":"2381"},{"source":"2083","target":"2386"},{"source":"2083","target":"2395"},{"source":"2083","target":"2404"},{"source":"2083","target":"2408"},{"source":"2083","target":"2409"},{"source":"2083","target":"2410"},{"source":"2083","target":"2414"},{"source":"2083","target":"2418"},{"source":"2083","target":"2428"},{"source":"2083","target":"2433"},{"source":"2083","target":"2446"},{"source":"2083","target":"2464"},{"source":"2083","target":"2467"},{"source":"2083","target":"2469"},{"source":"2083","target":"2477"},{"source":"2083","target":"2478"},{"source":"2083","target":"2492"},{"source":"2083","target":"2495"},{"source":"2083","target":"2500"},{"source":"2083","target":"2504"},{"source":"2083","target":"2506"},{"source":"2083","target":"2507"},{"source":"2083","target":"2520"},{"source":"2083","target":"2539"},{"source":"2083","target":"2542"},{"source":"2083","target":"2543"},{"source":"2083","target":"2549"},{"source":"2083","target":"2550"},{"source":"2083","target":"2551"},{"source":"2083","target":"2553"},{"source":"2083","target":"2556"},{"source":"2083","target":"2559"},{"source":"2083","target":"2560"},{"source":"2083","target":"2561"},{"source":"2083","target":"2564"},{"source":"2083","target":"2573"},{"source":"2083","target":"2574"},{"source":"2083","target":"2575"},{"source":"2083","target":"2579"},{"source":"2083","target":"2586"},{"source":"2083","target":"2590"},{"source":"2083","target":"2593"},{"source":"2083","target":"2600"},{"source":"2083","target":"2601"},{"source":"2083","target":"2602"},{"source":"2083","target":"2604"},{"source":"2083","target":"2607"},{"source":"2083","target":"2611"},{"source":"2083","target":"2613"},{"source":"2083","target":"2615"},{"source":"2083","target":"2619"},{"source":"2083","target":"2624"},{"source":"2083","target":"2630"},{"source":"2083","target":"2631"},{"source":"2083","target":"2638"},{"source":"2083","target":"2654"},{"source":"2083","target":"2655"},{"source":"2084","target":"2088"},{"source":"2084","target":"2090"},{"source":"2084","target":"2098"},{"source":"2084","target":"2103"},{"source":"2084","target":"2104"},{"source":"2084","target":"2108"},{"source":"2084","target":"2109"},{"source":"2084","target":"2112"},{"source":"2084","target":"2118"},{"source":"2084","target":"2123"},{"source":"2084","target":"2131"},{"source":"2084","target":"2139"},{"source":"2084","target":"2140"},{"source":"2084","target":"2142"},{"source":"2084","target":"2164"},{"source":"2084","target":"2165"},{"source":"2084","target":"2172"},{"source":"2084","target":"2184"},{"source":"2084","target":"2188"},{"source":"2084","target":"2201"},{"source":"2084","target":"2206"},{"source":"2084","target":"2216"},{"source":"2084","target":"2218"},{"source":"2084","target":"2220"},{"source":"2084","target":"2229"},{"source":"2084","target":"2233"},{"source":"2084","target":"2240"},{"source":"2084","target":"2261"},{"source":"2084","target":"2266"},{"source":"2084","target":"2271"},{"source":"2084","target":"2275"},{"source":"2084","target":"2276"},{"source":"2084","target":"2288"},{"source":"2084","target":"2290"},{"source":"2084","target":"2299"},{"source":"2084","target":"2300"},{"source":"2084","target":"2309"},{"source":"2084","target":"2323"},{"source":"2084","target":"2324"},{"source":"2084","target":"2326"},{"source":"2084","target":"2331"},{"source":"2084","target":"2347"},{"source":"2084","target":"2348"},{"source":"2084","target":"2352"},{"source":"2084","target":"2353"},{"source":"2084","target":"2354"},{"source":"2084","target":"2356"},{"source":"2084","target":"2369"},{"source":"2084","target":"2374"},{"source":"2084","target":"2376"},{"source":"2084","target":"2381"},{"source":"2084","target":"2387"},{"source":"2084","target":"2391"},{"source":"2084","target":"2393"},{"source":"2084","target":"2395"},{"source":"2084","target":"2404"},{"source":"2084","target":"2407"},{"source":"2084","target":"2409"},{"source":"2084","target":"2410"},{"source":"2084","target":"2423"},{"source":"2084","target":"2427"},{"source":"2084","target":"2429"},{"source":"2084","target":"2433"},{"source":"2084","target":"2449"},{"source":"2084","target":"2454"},{"source":"2084","target":"2460"},{"source":"2084","target":"2467"},{"source":"2084","target":"2468"},{"source":"2084","target":"2469"},{"source":"2084","target":"2482"},{"source":"2084","target":"2484"},{"source":"2084","target":"2495"},{"source":"2084","target":"2499"},{"source":"2084","target":"2500"},{"source":"2084","target":"2504"},{"source":"2084","target":"2506"},{"source":"2084","target":"2507"},{"source":"2084","target":"2512"},{"source":"2084","target":"2520"},{"source":"2084","target":"2526"},{"source":"2084","target":"2532"},{"source":"2084","target":"2546"},{"source":"2084","target":"2550"},{"source":"2084","target":"2551"},{"source":"2084","target":"2552"},{"source":"2084","target":"2553"},{"source":"2084","target":"2554"},{"source":"2084","target":"2556"},{"source":"2084","target":"2559"},{"source":"2084","target":"2560"},{"source":"2084","target":"2561"},{"source":"2084","target":"2573"},{"source":"2084","target":"2575"},{"source":"2084","target":"2578"},{"source":"2084","target":"2579"},{"source":"2084","target":"2586"},{"source":"2084","target":"2590"},{"source":"2084","target":"2600"},{"source":"2084","target":"2601"},{"source":"2084","target":"2602"},{"source":"2084","target":"2606"},{"source":"2084","target":"2607"},{"source":"2084","target":"2611"},{"source":"2084","target":"2615"},{"source":"2084","target":"2619"},{"source":"2084","target":"2624"},{"source":"2084","target":"2625"},{"source":"2084","target":"2631"},{"source":"2084","target":"2638"},{"source":"2085","target":"2091"},{"source":"2085","target":"2107"},{"source":"2085","target":"2145"},{"source":"2085","target":"2152"},{"source":"2085","target":"2186"},{"source":"2085","target":"2197"},{"source":"2085","target":"2211"},{"source":"2085","target":"2226"},{"source":"2085","target":"2232"},{"source":"2085","target":"2235"},{"source":"2085","target":"2265"},{"source":"2085","target":"2296"},{"source":"2085","target":"2322"},{"source":"2085","target":"2341"},{"source":"2085","target":"2366"},{"source":"2085","target":"2367"},{"source":"2085","target":"2379"},{"source":"2085","target":"2406"},{"source":"2085","target":"2473"},{"source":"2085","target":"2523"},{"source":"2085","target":"2566"},{"source":"2085","target":"2581"},{"source":"2085","target":"2610"},{"source":"2085","target":"2612"},{"source":"2086","target":"2088"},{"source":"2086","target":"2090"},{"source":"2086","target":"2093"},{"source":"2086","target":"2103"},{"source":"2086","target":"2104"},{"source":"2086","target":"2112"},{"source":"2086","target":"2118"},{"source":"2086","target":"2123"},{"source":"2086","target":"2131"},{"source":"2086","target":"2139"},{"source":"2086","target":"2140"},{"source":"2086","target":"2142"},{"source":"2086","target":"2154"},{"source":"2086","target":"2172"},{"source":"2086","target":"2179"},{"source":"2086","target":"2184"},{"source":"2086","target":"2188"},{"source":"2086","target":"2190"},{"source":"2086","target":"2200"},{"source":"2086","target":"2201"},{"source":"2086","target":"2206"},{"source":"2086","target":"2212"},{"source":"2086","target":"2216"},{"source":"2086","target":"2218"},{"source":"2086","target":"2220"},{"source":"2086","target":"2229"},{"source":"2086","target":"2233"},{"source":"2086","target":"2240"},{"source":"2086","target":"2244"},{"source":"2086","target":"2253"},{"source":"2086","target":"2257"},{"source":"2086","target":"2261"},{"source":"2086","target":"2266"},{"source":"2086","target":"2275"},{"source":"2086","target":"2290"},{"source":"2086","target":"2300"},{"source":"2086","target":"2308"},{"source":"2086","target":"2309"},{"source":"2086","target":"2323"},{"source":"2086","target":"2324"},{"source":"2086","target":"2326"},{"source":"2086","target":"2331"},{"source":"2086","target":"2334"},{"source":"2086","target":"2339"},{"source":"2086","target":"2340"},{"source":"2086","target":"2347"},{"source":"2086","target":"2348"},{"source":"2086","target":"2354"},{"source":"2086","target":"2356"},{"source":"2086","target":"2359"},{"source":"2086","target":"2363"},{"source":"2086","target":"2369"},{"source":"2086","target":"2370"},{"source":"2086","target":"2376"},{"source":"2086","target":"2381"},{"source":"2086","target":"2395"},{"source":"2086","target":"2404"},{"source":"2086","target":"2407"},{"source":"2086","target":"2408"},{"source":"2086","target":"2409"},{"source":"2086","target":"2410"},{"source":"2086","target":"2414"},{"source":"2086","target":"2418"},{"source":"2086","target":"2428"},{"source":"2086","target":"2429"},{"source":"2086","target":"2430"},{"source":"2086","target":"2446"},{"source":"2086","target":"2464"},{"source":"2086","target":"2467"},{"source":"2086","target":"2468"},{"source":"2086","target":"2469"},{"source":"2086","target":"2478"},{"source":"2086","target":"2482"},{"source":"2086","target":"2485"},{"source":"2086","target":"2489"},{"source":"2086","target":"2492"},{"source":"2086","target":"2495"},{"source":"2086","target":"2500"},{"source":"2086","target":"2504"},{"source":"2086","target":"2507"},{"source":"2086","target":"2526"},{"source":"2086","target":"2539"},{"source":"2086","target":"2542"},{"source":"2086","target":"2543"},{"source":"2086","target":"2546"},{"source":"2086","target":"2551"},{"source":"2086","target":"2553"},{"source":"2086","target":"2559"},{"source":"2086","target":"2560"},{"source":"2086","target":"2564"},{"source":"2086","target":"2575"},{"source":"2086","target":"2578"},{"source":"2086","target":"2590"},{"source":"2086","target":"2593"},{"source":"2086","target":"2600"},{"source":"2086","target":"2601"},{"source":"2086","target":"2602"},{"source":"2086","target":"2604"},{"source":"2086","target":"2607"},{"source":"2086","target":"2611"},{"source":"2086","target":"2615"},{"source":"2086","target":"2623"},{"source":"2086","target":"2625"},{"source":"2086","target":"2630"},{"source":"2086","target":"2638"},{"source":"2086","target":"2646"},{"source":"2086","target":"2654"},{"source":"2086","target":"2655"},{"source":"2087","target":"2102"},{"source":"2087","target":"2111"},{"source":"2087","target":"2117"},{"source":"2087","target":"2125"},{"source":"2087","target":"2127"},{"source":"2087","target":"2128"},{"source":"2087","target":"2133"},{"source":"2087","target":"2134"},{"source":"2087","target":"2135"},{"source":"2087","target":"2138"},{"source":"2087","target":"2143"},{"source":"2087","target":"2144"},{"source":"2087","target":"2148"},{"source":"2087","target":"2149"},{"source":"2087","target":"2151"},{"source":"2087","target":"2153"},{"source":"2087","target":"2163"},{"source":"2087","target":"2169"},{"source":"2087","target":"2174"},{"source":"2087","target":"2176"},{"source":"2087","target":"2180"},{"source":"2087","target":"2183"},{"source":"2087","target":"2187"},{"source":"2087","target":"2189"},{"source":"2087","target":"2191"},{"source":"2087","target":"2194"},{"source":"2087","target":"2196"},{"source":"2087","target":"2198"},{"source":"2087","target":"2199"},{"source":"2087","target":"2203"},{"source":"2087","target":"2208"},{"source":"2087","target":"2215"},{"source":"2087","target":"2223"},{"source":"2087","target":"2224"},{"source":"2087","target":"2241"},{"source":"2087","target":"2246"},{"source":"2087","target":"2247"},{"source":"2087","target":"2249"},{"source":"2087","target":"2250"},{"source":"2087","target":"2254"},{"source":"2087","target":"2259"},{"source":"2087","target":"2264"},{"source":"2087","target":"2267"},{"source":"2087","target":"2268"},{"source":"2087","target":"2273"},{"source":"2087","target":"2279"},{"source":"2087","target":"2282"},{"source":"2087","target":"2283"},{"source":"2087","target":"2289"},{"source":"2087","target":"2292"},{"source":"2087","target":"2293"},{"source":"2087","target":"2294"},{"source":"2087","target":"2302"},{"source":"2087","target":"2305"},{"source":"2087","target":"2315"},{"source":"2087","target":"2319"},{"source":"2087","target":"2325"},{"source":"2087","target":"2327"},{"source":"2087","target":"2328"},{"source":"2087","target":"2332"},{"source":"2087","target":"2333"},{"source":"2087","target":"2336"},{"source":"2087","target":"2338"},{"source":"2087","target":"2343"},{"source":"2087","target":"2344"},{"source":"2087","target":"2347"},{"source":"2087","target":"2351"},{"source":"2087","target":"2368"},{"source":"2087","target":"2372"},{"source":"2087","target":"2377"},{"source":"2087","target":"2384"},{"source":"2087","target":"2385"},{"source":"2087","target":"2398"},{"source":"2087","target":"2420"},{"source":"2087","target":"2434"},{"source":"2087","target":"2436"},{"source":"2087","target":"2445"},{"source":"2087","target":"2451"},{"source":"2087","target":"2461"},{"source":"2087","target":"2463"},{"source":"2087","target":"2465"},{"source":"2087","target":"2471"},{"source":"2087","target":"2472"},{"source":"2087","target":"2475"},{"source":"2087","target":"2491"},{"source":"2087","target":"2498"},{"source":"2087","target":"2508"},{"source":"2087","target":"2509"},{"source":"2087","target":"2510"},{"source":"2087","target":"2511"},{"source":"2087","target":"2512"},{"source":"2087","target":"2516"},{"source":"2087","target":"2522"},{"source":"2087","target":"2530"},{"source":"2087","target":"2533"},{"source":"2087","target":"2537"},{"source":"2087","target":"2543"},{"source":"2087","target":"2547"},{"source":"2087","target":"2555"},{"source":"2087","target":"2567"},{"source":"2087","target":"2572"},{"source":"2087","target":"2582"},{"source":"2087","target":"2588"},{"source":"2087","target":"2589"},{"source":"2087","target":"2592"},{"source":"2087","target":"2594"},{"source":"2087","target":"2597"},{"source":"2087","target":"2598"},{"source":"2087","target":"2608"},{"source":"2087","target":"2609"},{"source":"2087","target":"2616"},{"source":"2087","target":"2617"},{"source":"2087","target":"2629"},{"source":"2087","target":"2642"},{"source":"2087","target":"2643"},{"source":"2087","target":"2649"},{"source":"2087","target":"2653"},{"source":"2088","target":"2090"},{"source":"2088","target":"2093"},{"source":"2088","target":"2095"},{"source":"2088","target":"2098"},{"source":"2088","target":"2103"},{"source":"2088","target":"2104"},{"source":"2088","target":"2108"},{"source":"2088","target":"2109"},{"source":"2088","target":"2112"},{"source":"2088","target":"2115"},{"source":"2088","target":"2118"},{"source":"2088","target":"2121"},{"source":"2088","target":"2122"},{"source":"2088","target":"2123"},{"source":"2088","target":"2124"},{"source":"2088","target":"2131"},{"source":"2088","target":"2136"},{"source":"2088","target":"2139"},{"source":"2088","target":"2140"},{"source":"2088","target":"2142"},{"source":"2088","target":"2150"},{"source":"2088","target":"2154"},{"source":"2088","target":"2164"},{"source":"2088","target":"2165"},{"source":"2088","target":"2172"},{"source":"2088","target":"2184"},{"source":"2088","target":"2188"},{"source":"2088","target":"2190"},{"source":"2088","target":"2200"},{"source":"2088","target":"2201"},{"source":"2088","target":"2206"},{"source":"2088","target":"2212"},{"source":"2088","target":"2213"},{"source":"2088","target":"2216"},{"source":"2088","target":"2218"},{"source":"2088","target":"2220"},{"source":"2088","target":"2229"},{"source":"2088","target":"2233"},{"source":"2088","target":"2237"},{"source":"2088","target":"2240"},{"source":"2088","target":"2244"},{"source":"2088","target":"2253"},{"source":"2088","target":"2257"},{"source":"2088","target":"2261"},{"source":"2088","target":"2266"},{"source":"2088","target":"2271"},{"source":"2088","target":"2275"},{"source":"2088","target":"2276"},{"source":"2088","target":"2278"},{"source":"2088","target":"2287"},{"source":"2088","target":"2290"},{"source":"2088","target":"2299"},{"source":"2088","target":"2300"},{"source":"2088","target":"2306"},{"source":"2088","target":"2307"},{"source":"2088","target":"2308"},{"source":"2088","target":"2309"},{"source":"2088","target":"2323"},{"source":"2088","target":"2324"},{"source":"2088","target":"2326"},{"source":"2088","target":"2329"},{"source":"2088","target":"2331"},{"source":"2088","target":"2334"},{"source":"2088","target":"2339"},{"source":"2088","target":"2340"},{"source":"2088","target":"2347"},{"source":"2088","target":"2348"},{"source":"2088","target":"2352"},{"source":"2088","target":"2353"},{"source":"2088","target":"2354"},{"source":"2088","target":"2356"},{"source":"2088","target":"2359"},{"source":"2088","target":"2363"},{"source":"2088","target":"2370"},{"source":"2088","target":"2374"},{"source":"2088","target":"2376"},{"source":"2088","target":"2381"},{"source":"2088","target":"2386"},{"source":"2088","target":"2391"},{"source":"2088","target":"2395"},{"source":"2088","target":"2404"},{"source":"2088","target":"2408"},{"source":"2088","target":"2409"},{"source":"2088","target":"2410"},{"source":"2088","target":"2414"},{"source":"2088","target":"2418"},{"source":"2088","target":"2423"},{"source":"2088","target":"2428"},{"source":"2088","target":"2429"},{"source":"2088","target":"2430"},{"source":"2088","target":"2433"},{"source":"2088","target":"2443"},{"source":"2088","target":"2446"},{"source":"2088","target":"2460"},{"source":"2088","target":"2464"},{"source":"2088","target":"2467"},{"source":"2088","target":"2468"},{"source":"2088","target":"2469"},{"source":"2088","target":"2482"},{"source":"2088","target":"2484"},{"source":"2088","target":"2485"},{"source":"2088","target":"2492"},{"source":"2088","target":"2495"},{"source":"2088","target":"2500"},{"source":"2088","target":"2504"},{"source":"2088","target":"2506"},{"source":"2088","target":"2507"},{"source":"2088","target":"2520"},{"source":"2088","target":"2521"},{"source":"2088","target":"2526"},{"source":"2088","target":"2532"},{"source":"2088","target":"2536"},{"source":"2088","target":"2539"},{"source":"2088","target":"2542"},{"source":"2088","target":"2543"},{"source":"2088","target":"2546"},{"source":"2088","target":"2549"},{"source":"2088","target":"2550"},{"source":"2088","target":"2551"},{"source":"2088","target":"2552"},{"source":"2088","target":"2553"},{"source":"2088","target":"2554"},{"source":"2088","target":"2556"},{"source":"2088","target":"2559"},{"source":"2088","target":"2560"},{"source":"2088","target":"2561"},{"source":"2088","target":"2563"},{"source":"2088","target":"2564"},{"source":"2088","target":"2573"},{"source":"2088","target":"2574"},{"source":"2088","target":"2575"},{"source":"2088","target":"2576"},{"source":"2088","target":"2578"},{"source":"2088","target":"2586"},{"source":"2088","target":"2590"},{"source":"2088","target":"2591"},{"source":"2088","target":"2593"},{"source":"2088","target":"2600"},{"source":"2088","target":"2601"},{"source":"2088","target":"2602"},{"source":"2088","target":"2604"},{"source":"2088","target":"2606"},{"source":"2088","target":"2607"},{"source":"2088","target":"2611"},{"source":"2088","target":"2615"},{"source":"2088","target":"2619"},{"source":"2088","target":"2624"},{"source":"2088","target":"2625"},{"source":"2088","target":"2630"},{"source":"2088","target":"2631"},{"source":"2088","target":"2638"},{"source":"2088","target":"2646"},{"source":"2088","target":"2654"},{"source":"2088","target":"2655"},{"source":"2089","target":"2107"},{"source":"2089","target":"2126"},{"source":"2089","target":"2228"},{"source":"2089","target":"2231"},{"source":"2089","target":"2236"},{"source":"2089","target":"2313"},{"source":"2089","target":"2361"},{"source":"2089","target":"2371"},{"source":"2089","target":"2397"},{"source":"2089","target":"2402"},{"source":"2089","target":"2440"},{"source":"2089","target":"2448"},{"source":"2089","target":"2488"},{"source":"2089","target":"2570"},{"source":"2089","target":"2614"},{"source":"2089","target":"2618"},{"source":"2089","target":"2628"},{"source":"2090","target":"2093"},{"source":"2090","target":"2095"},{"source":"2090","target":"2103"},{"source":"2090","target":"2104"},{"source":"2090","target":"2108"},{"source":"2090","target":"2112"},{"source":"2090","target":"2115"},{"source":"2090","target":"2118"},{"source":"2090","target":"2121"},{"source":"2090","target":"2122"},{"source":"2090","target":"2123"},{"source":"2090","target":"2124"},{"source":"2090","target":"2131"},{"source":"2090","target":"2139"},{"source":"2090","target":"2140"},{"source":"2090","target":"2142"},{"source":"2090","target":"2150"},{"source":"2090","target":"2154"},{"source":"2090","target":"2165"},{"source":"2090","target":"2172"},{"source":"2090","target":"2179"},{"source":"2090","target":"2184"},{"source":"2090","target":"2188"},{"source":"2090","target":"2190"},{"source":"2090","target":"2200"},{"source":"2090","target":"2201"},{"source":"2090","target":"2206"},{"source":"2090","target":"2212"},{"source":"2090","target":"2213"},{"source":"2090","target":"2216"},{"source":"2090","target":"2218"},{"source":"2090","target":"2220"},{"source":"2090","target":"2229"},{"source":"2090","target":"2233"},{"source":"2090","target":"2237"},{"source":"2090","target":"2240"},{"source":"2090","target":"2244"},{"source":"2090","target":"2253"},{"source":"2090","target":"2257"},{"source":"2090","target":"2261"},{"source":"2090","target":"2266"},{"source":"2090","target":"2271"},{"source":"2090","target":"2275"},{"source":"2090","target":"2276"},{"source":"2090","target":"2278"},{"source":"2090","target":"2287"},{"source":"2090","target":"2290"},{"source":"2090","target":"2299"},{"source":"2090","target":"2300"},{"source":"2090","target":"2306"},{"source":"2090","target":"2307"},{"source":"2090","target":"2308"},{"source":"2090","target":"2309"},{"source":"2090","target":"2323"},{"source":"2090","target":"2324"},{"source":"2090","target":"2326"},{"source":"2090","target":"2329"},{"source":"2090","target":"2331"},{"source":"2090","target":"2334"},{"source":"2090","target":"2339"},{"source":"2090","target":"2340"},{"source":"2090","target":"2347"},{"source":"2090","target":"2348"},{"source":"2090","target":"2352"},{"source":"2090","target":"2354"},{"source":"2090","target":"2356"},{"source":"2090","target":"2359"},{"source":"2090","target":"2363"},{"source":"2090","target":"2369"},{"source":"2090","target":"2370"},{"source":"2090","target":"2374"},{"source":"2090","target":"2376"},{"source":"2090","target":"2381"},{"source":"2090","target":"2386"},{"source":"2090","target":"2391"},{"source":"2090","target":"2395"},{"source":"2090","target":"2404"},{"source":"2090","target":"2408"},{"source":"2090","target":"2409"},{"source":"2090","target":"2410"},{"source":"2090","target":"2414"},{"source":"2090","target":"2418"},{"source":"2090","target":"2423"},{"source":"2090","target":"2428"},{"source":"2090","target":"2430"},{"source":"2090","target":"2433"},{"source":"2090","target":"2446"},{"source":"2090","target":"2460"},{"source":"2090","target":"2462"},{"source":"2090","target":"2464"},{"source":"2090","target":"2467"},{"source":"2090","target":"2468"},{"source":"2090","target":"2469"},{"source":"2090","target":"2477"},{"source":"2090","target":"2478"},{"source":"2090","target":"2482"},{"source":"2090","target":"2484"},{"source":"2090","target":"2492"},{"source":"2090","target":"2495"},{"source":"2090","target":"2499"},{"source":"2090","target":"2500"},{"source":"2090","target":"2504"},{"source":"2090","target":"2506"},{"source":"2090","target":"2507"},{"source":"2090","target":"2520"},{"source":"2090","target":"2521"},{"source":"2090","target":"2526"},{"source":"2090","target":"2532"},{"source":"2090","target":"2539"},{"source":"2090","target":"2542"},{"source":"2090","target":"2543"},{"source":"2090","target":"2546"},{"source":"2090","target":"2549"},{"source":"2090","target":"2550"},{"source":"2090","target":"2551"},{"source":"2090","target":"2552"},{"source":"2090","target":"2553"},{"source":"2090","target":"2556"},{"source":"2090","target":"2559"},{"source":"2090","target":"2560"},{"source":"2090","target":"2561"},{"source":"2090","target":"2564"},{"source":"2090","target":"2573"},{"source":"2090","target":"2575"},{"source":"2090","target":"2576"},{"source":"2090","target":"2578"},{"source":"2090","target":"2579"},{"source":"2090","target":"2586"},{"source":"2090","target":"2590"},{"source":"2090","target":"2591"},{"source":"2090","target":"2593"},{"source":"2090","target":"2600"},{"source":"2090","target":"2601"},{"source":"2090","target":"2602"},{"source":"2090","target":"2604"},{"source":"2090","target":"2607"},{"source":"2090","target":"2611"},{"source":"2090","target":"2615"},{"source":"2090","target":"2619"},{"source":"2090","target":"2623"},{"source":"2090","target":"2624"},{"source":"2090","target":"2625"},{"source":"2090","target":"2630"},{"source":"2090","target":"2631"},{"source":"2090","target":"2638"},{"source":"2090","target":"2646"},{"source":"2090","target":"2654"},{"source":"2090","target":"2655"},{"source":"2091","target":"2099"},{"source":"2091","target":"2105"},{"source":"2091","target":"2126"},{"source":"2091","target":"2129"},{"source":"2091","target":"2130"},{"source":"2091","target":"2146"},{"source":"2091","target":"2156"},{"source":"2091","target":"2160"},{"source":"2091","target":"2162"},{"source":"2091","target":"2173"},{"source":"2091","target":"2197"},{"source":"2091","target":"2231"},{"source":"2091","target":"2236"},{"source":"2091","target":"2260"},{"source":"2091","target":"2313"},{"source":"2091","target":"2317"},{"source":"2091","target":"2341"},{"source":"2091","target":"2342"},{"source":"2091","target":"2361"},{"source":"2091","target":"2371"},{"source":"2091","target":"2411"},{"source":"2091","target":"2440"},{"source":"2091","target":"2448"},{"source":"2091","target":"2488"},{"source":"2091","target":"2540"},{"source":"2091","target":"2659"},{"source":"2092","target":"2140"},{"source":"2092","target":"2147"},{"source":"2092","target":"2172"},{"source":"2092","target":"2189"},{"source":"2092","target":"2200"},{"source":"2092","target":"2206"},{"source":"2092","target":"2234"},{"source":"2092","target":"2262"},{"source":"2092","target":"2271"},{"source":"2092","target":"2288"},{"source":"2092","target":"2300"},{"source":"2092","target":"2303"},{"source":"2092","target":"2331"},{"source":"2092","target":"2350"},{"source":"2092","target":"2383"},{"source":"2092","target":"2387"},{"source":"2092","target":"2391"},{"source":"2092","target":"2393"},{"source":"2092","target":"2409"},{"source":"2092","target":"2423"},{"source":"2092","target":"2428"},{"source":"2092","target":"2429"},{"source":"2092","target":"2449"},{"source":"2092","target":"2478"},{"source":"2092","target":"2492"},{"source":"2092","target":"2507"},{"source":"2092","target":"2526"},{"source":"2092","target":"2576"},{"source":"2092","target":"2584"},{"source":"2092","target":"2590"},{"source":"2092","target":"2602"},{"source":"2092","target":"2607"},{"source":"2093","target":"2095"},{"source":"2093","target":"2103"},{"source":"2093","target":"2104"},{"source":"2093","target":"2108"},{"source":"2093","target":"2112"},{"source":"2093","target":"2115"},{"source":"2093","target":"2118"},{"source":"2093","target":"2121"},{"source":"2093","target":"2122"},{"source":"2093","target":"2123"},{"source":"2093","target":"2131"},{"source":"2093","target":"2139"},{"source":"2093","target":"2142"},{"source":"2093","target":"2150"},{"source":"2093","target":"2154"},{"source":"2093","target":"2164"},{"source":"2093","target":"2172"},{"source":"2093","target":"2184"},{"source":"2093","target":"2188"},{"source":"2093","target":"2190"},{"source":"2093","target":"2200"},{"source":"2093","target":"2201"},{"source":"2093","target":"2206"},{"source":"2093","target":"2216"},{"source":"2093","target":"2218"},{"source":"2093","target":"2220"},{"source":"2093","target":"2229"},{"source":"2093","target":"2233"},{"source":"2093","target":"2240"},{"source":"2093","target":"2244"},{"source":"2093","target":"2253"},{"source":"2093","target":"2257"},{"source":"2093","target":"2261"},{"source":"2093","target":"2266"},{"source":"2093","target":"2271"},{"source":"2093","target":"2275"},{"source":"2093","target":"2276"},{"source":"2093","target":"2278"},{"source":"2093","target":"2287"},{"source":"2093","target":"2290"},{"source":"2093","target":"2299"},{"source":"2093","target":"2300"},{"source":"2093","target":"2306"},{"source":"2093","target":"2307"},{"source":"2093","target":"2308"},{"source":"2093","target":"2309"},{"source":"2093","target":"2323"},{"source":"2093","target":"2324"},{"source":"2093","target":"2326"},{"source":"2093","target":"2329"},{"source":"2093","target":"2331"},{"source":"2093","target":"2339"},{"source":"2093","target":"2340"},{"source":"2093","target":"2347"},{"source":"2093","target":"2348"},{"source":"2093","target":"2352"},{"source":"2093","target":"2353"},{"source":"2093","target":"2354"},{"source":"2093","target":"2356"},{"source":"2093","target":"2359"},{"source":"2093","target":"2363"},{"source":"2093","target":"2369"},{"source":"2093","target":"2370"},{"source":"2093","target":"2374"},{"source":"2093","target":"2376"},{"source":"2093","target":"2381"},{"source":"2093","target":"2383"},{"source":"2093","target":"2386"},{"source":"2093","target":"2391"},{"source":"2093","target":"2395"},{"source":"2093","target":"2401"},{"source":"2093","target":"2404"},{"source":"2093","target":"2409"},{"source":"2093","target":"2410"},{"source":"2093","target":"2414"},{"source":"2093","target":"2418"},{"source":"2093","target":"2423"},{"source":"2093","target":"2428"},{"source":"2093","target":"2429"},{"source":"2093","target":"2430"},{"source":"2093","target":"2433"},{"source":"2093","target":"2446"},{"source":"2093","target":"2460"},{"source":"2093","target":"2464"},{"source":"2093","target":"2467"},{"source":"2093","target":"2482"},{"source":"2093","target":"2484"},{"source":"2093","target":"2485"},{"source":"2093","target":"2489"},{"source":"2093","target":"2492"},{"source":"2093","target":"2495"},{"source":"2093","target":"2500"},{"source":"2093","target":"2504"},{"source":"2093","target":"2507"},{"source":"2093","target":"2520"},{"source":"2093","target":"2521"},{"source":"2093","target":"2526"},{"source":"2093","target":"2539"},{"source":"2093","target":"2542"},{"source":"2093","target":"2543"},{"source":"2093","target":"2546"},{"source":"2093","target":"2549"},{"source":"2093","target":"2550"},{"source":"2093","target":"2552"},{"source":"2093","target":"2553"},{"source":"2093","target":"2554"},{"source":"2093","target":"2556"},{"source":"2093","target":"2559"},{"source":"2093","target":"2560"},{"source":"2093","target":"2561"},{"source":"2093","target":"2563"},{"source":"2093","target":"2564"},{"source":"2093","target":"2575"},{"source":"2093","target":"2578"},{"source":"2093","target":"2579"},{"source":"2093","target":"2586"},{"source":"2093","target":"2590"},{"source":"2093","target":"2593"},{"source":"2093","target":"2600"},{"source":"2093","target":"2601"},{"source":"2093","target":"2602"},{"source":"2093","target":"2604"},{"source":"2093","target":"2606"},{"source":"2093","target":"2607"},{"source":"2093","target":"2611"},{"source":"2093","target":"2615"},{"source":"2093","target":"2619"},{"source":"2093","target":"2623"},{"source":"2093","target":"2624"},{"source":"2093","target":"2625"},{"source":"2093","target":"2630"},{"source":"2093","target":"2631"},{"source":"2093","target":"2638"},{"source":"2093","target":"2646"},{"source":"2093","target":"2654"},{"source":"2093","target":"2655"},{"source":"2094","target":"2167"},{"source":"2094","target":"2245"},{"source":"2094","target":"2281"},{"source":"2094","target":"2301"},{"source":"2094","target":"2487"},{"source":"2094","target":"2535"},{"source":"2095","target":"2103"},{"source":"2095","target":"2104"},{"source":"2095","target":"2112"},{"source":"2095","target":"2115"},{"source":"2095","target":"2118"},{"source":"2095","target":"2121"},{"source":"2095","target":"2131"},{"source":"2095","target":"2139"},{"source":"2095","target":"2140"},{"source":"2095","target":"2142"},{"source":"2095","target":"2150"},{"source":"2095","target":"2154"},{"source":"2095","target":"2165"},{"source":"2095","target":"2172"},{"source":"2095","target":"2188"},{"source":"2095","target":"2190"},{"source":"2095","target":"2200"},{"source":"2095","target":"2206"},{"source":"2095","target":"2210"},{"source":"2095","target":"2212"},{"source":"2095","target":"2213"},{"source":"2095","target":"2218"},{"source":"2095","target":"2220"},{"source":"2095","target":"2233"},{"source":"2095","target":"2237"},{"source":"2095","target":"2244"},{"source":"2095","target":"2253"},{"source":"2095","target":"2257"},{"source":"2095","target":"2258"},{"source":"2095","target":"2261"},{"source":"2095","target":"2266"},{"source":"2095","target":"2271"},{"source":"2095","target":"2275"},{"source":"2095","target":"2276"},{"source":"2095","target":"2290"},{"source":"2095","target":"2299"},{"source":"2095","target":"2308"},{"source":"2095","target":"2309"},{"source":"2095","target":"2311"},{"source":"2095","target":"2323"},{"source":"2095","target":"2324"},{"source":"2095","target":"2326"},{"source":"2095","target":"2331"},{"source":"2095","target":"2334"},{"source":"2095","target":"2339"},{"source":"2095","target":"2340"},{"source":"2095","target":"2347"},{"source":"2095","target":"2352"},{"source":"2095","target":"2354"},{"source":"2095","target":"2356"},{"source":"2095","target":"2359"},{"source":"2095","target":"2363"},{"source":"2095","target":"2369"},{"source":"2095","target":"2370"},{"source":"2095","target":"2376"},{"source":"2095","target":"2381"},{"source":"2095","target":"2386"},{"source":"2095","target":"2395"},{"source":"2095","target":"2404"},{"source":"2095","target":"2407"},{"source":"2095","target":"2410"},{"source":"2095","target":"2414"},{"source":"2095","target":"2423"},{"source":"2095","target":"2428"},{"source":"2095","target":"2430"},{"source":"2095","target":"2433"},{"source":"2095","target":"2446"},{"source":"2095","target":"2462"},{"source":"2095","target":"2464"},{"source":"2095","target":"2467"},{"source":"2095","target":"2468"},{"source":"2095","target":"2477"},{"source":"2095","target":"2484"},{"source":"2095","target":"2485"},{"source":"2095","target":"2492"},{"source":"2095","target":"2495"},{"source":"2095","target":"2499"},{"source":"2095","target":"2500"},{"source":"2095","target":"2504"},{"source":"2095","target":"2507"},{"source":"2095","target":"2520"},{"source":"2095","target":"2526"},{"source":"2095","target":"2539"},{"source":"2095","target":"2542"},{"source":"2095","target":"2543"},{"source":"2095","target":"2546"},{"source":"2095","target":"2549"},{"source":"2095","target":"2551"},{"source":"2095","target":"2552"},{"source":"2095","target":"2553"},{"source":"2095","target":"2554"},{"source":"2095","target":"2559"},{"source":"2095","target":"2560"},{"source":"2095","target":"2563"},{"source":"2095","target":"2564"},{"source":"2095","target":"2578"},{"source":"2095","target":"2586"},{"source":"2095","target":"2590"},{"source":"2095","target":"2591"},{"source":"2095","target":"2593"},{"source":"2095","target":"2600"},{"source":"2095","target":"2601"},{"source":"2095","target":"2602"},{"source":"2095","target":"2604"},{"source":"2095","target":"2607"},{"source":"2095","target":"2611"},{"source":"2095","target":"2615"},{"source":"2095","target":"2616"},{"source":"2095","target":"2619"},{"source":"2095","target":"2624"},{"source":"2095","target":"2625"},{"source":"2095","target":"2630"},{"source":"2095","target":"2646"},{"source":"2095","target":"2654"},{"source":"2095","target":"2655"},{"source":"2096","target":"2132"},{"source":"2096","target":"2222"},{"source":"2096","target":"2243"},{"source":"2096","target":"2328"},{"source":"2096","target":"2333"},{"source":"2096","target":"2390"},{"source":"2096","target":"2432"},{"source":"2096","target":"2434"},{"source":"2096","target":"2438"},{"source":"2096","target":"2480"},{"source":"2096","target":"2501"},{"source":"2096","target":"2509"},{"source":"2096","target":"2518"},{"source":"2096","target":"2568"},{"source":"2096","target":"2603"},{"source":"2097","target":"2171"},{"source":"2097","target":"2192"},{"source":"2097","target":"2225"},{"source":"2097","target":"2284"},{"source":"2097","target":"2364"},{"source":"2097","target":"2447"},{"source":"2097","target":"2538"},{"source":"2097","target":"2585"},{"source":"2097","target":"2620"},{"source":"2097","target":"2626"},{"source":"2097","target":"2640"},{"source":"2097","target":"2645"},{"source":"2097","target":"2647"},{"source":"2097","target":"2648"},{"source":"2097","target":"2657"},{"source":"2097","target":"2658"},{"source":"2097","target":"2659"},{"source":"2097","target":"2660"},{"source":"2098","target":"2104"},{"source":"2098","target":"2109"},{"source":"2098","target":"2115"},{"source":"2098","target":"2118"},{"source":"2098","target":"2122"},{"source":"2098","target":"2123"},{"source":"2098","target":"2131"},{"source":"2098","target":"2140"},{"source":"2098","target":"2142"},{"source":"2098","target":"2150"},{"source":"2098","target":"2164"},{"source":"2098","target":"2172"},{"source":"2098","target":"2184"},{"source":"2098","target":"2188"},{"source":"2098","target":"2190"},{"source":"2098","target":"2201"},{"source":"2098","target":"2206"},{"source":"2098","target":"2210"},{"source":"2098","target":"2213"},{"source":"2098","target":"2218"},{"source":"2098","target":"2220"},{"source":"2098","target":"2229"},{"source":"2098","target":"2233"},{"source":"2098","target":"2244"},{"source":"2098","target":"2257"},{"source":"2098","target":"2266"},{"source":"2098","target":"2271"},{"source":"2098","target":"2278"},{"source":"2098","target":"2290"},{"source":"2098","target":"2299"},{"source":"2098","target":"2300"},{"source":"2098","target":"2308"},{"source":"2098","target":"2323"},{"source":"2098","target":"2324"},{"source":"2098","target":"2331"},{"source":"2098","target":"2339"},{"source":"2098","target":"2340"},{"source":"2098","target":"2347"},{"source":"2098","target":"2348"},{"source":"2098","target":"2352"},{"source":"2098","target":"2359"},{"source":"2098","target":"2369"},{"source":"2098","target":"2376"},{"source":"2098","target":"2395"},{"source":"2098","target":"2404"},{"source":"2098","target":"2410"},{"source":"2098","target":"2423"},{"source":"2098","target":"2428"},{"source":"2098","target":"2460"},{"source":"2098","target":"2462"},{"source":"2098","target":"2464"},{"source":"2098","target":"2468"},{"source":"2098","target":"2492"},{"source":"2098","target":"2499"},{"source":"2098","target":"2500"},{"source":"2098","target":"2506"},{"source":"2098","target":"2507"},{"source":"2098","target":"2520"},{"source":"2098","target":"2542"},{"source":"2098","target":"2543"},{"source":"2098","target":"2549"},{"source":"2098","target":"2550"},{"source":"2098","target":"2551"},{"source":"2098","target":"2553"},{"source":"2098","target":"2556"},{"source":"2098","target":"2560"},{"source":"2098","target":"2561"},{"source":"2098","target":"2573"},{"source":"2098","target":"2574"},{"source":"2098","target":"2575"},{"source":"2098","target":"2578"},{"source":"2098","target":"2579"},{"source":"2098","target":"2586"},{"source":"2098","target":"2590"},{"source":"2098","target":"2591"},{"source":"2098","target":"2600"},{"source":"2098","target":"2601"},{"source":"2098","target":"2602"},{"source":"2098","target":"2604"},{"source":"2098","target":"2611"},{"source":"2098","target":"2615"},{"source":"2098","target":"2624"},{"source":"2098","target":"2625"},{"source":"2098","target":"2630"},{"source":"2098","target":"2631"},{"source":"2098","target":"2638"},{"source":"2099","target":"2126"},{"source":"2099","target":"2197"},{"source":"2099","target":"2199"},{"source":"2099","target":"2230"},{"source":"2099","target":"2247"},{"source":"2099","target":"2283"},{"source":"2099","target":"2313"},{"source":"2099","target":"2358"},{"source":"2099","target":"2461"},{"source":"2099","target":"2510"},{"source":"2099","target":"2555"},{"source":"2100","target":"2113"},{"source":"2100","target":"2217"},{"source":"2100","target":"2313"},{"source":"2100","target":"2450"},{"source":"2100","target":"2558"},{"source":"2101","target":"2110"},{"source":"2101","target":"2111"},{"source":"2101","target":"2117"},{"source":"2101","target":"2132"},{"source":"2101","target":"2134"},{"source":"2101","target":"2161"},{"source":"2101","target":"2183"},{"source":"2101","target":"2199"},{"source":"2101","target":"2221"},{"source":"2101","target":"2222"},{"source":"2101","target":"2223"},{"source":"2101","target":"2235"},{"source":"2101","target":"2243"},{"source":"2101","target":"2264"},{"source":"2101","target":"2274"},{"source":"2101","target":"2279"},{"source":"2101","target":"2280"},{"source":"2101","target":"2282"},{"source":"2101","target":"2283"},{"source":"2101","target":"2294"},{"source":"2101","target":"2327"},{"source":"2101","target":"2328"},{"source":"2101","target":"2333"},{"source":"2101","target":"2338"},{"source":"2101","target":"2344"},{"source":"2101","target":"2345"},{"source":"2101","target":"2367"},{"source":"2101","target":"2379"},{"source":"2101","target":"2384"},{"source":"2101","target":"2390"},{"source":"2101","target":"2394"},{"source":"2101","target":"2396"},{"source":"2101","target":"2415"},{"source":"2101","target":"2434"},{"source":"2101","target":"2436"},{"source":"2101","target":"2438"},{"source":"2101","target":"2451"},{"source":"2101","target":"2458"},{"source":"2101","target":"2461"},{"source":"2101","target":"2479"},{"source":"2101","target":"2501"},{"source":"2101","target":"2509"},{"source":"2101","target":"2510"},{"source":"2101","target":"2511"},{"source":"2101","target":"2516"},{"source":"2101","target":"2522"},{"source":"2101","target":"2537"},{"source":"2101","target":"2568"},{"source":"2101","target":"2571"},{"source":"2101","target":"2594"},{"source":"2101","target":"2598"},{"source":"2101","target":"2603"},{"source":"2101","target":"2608"},{"source":"2101","target":"2617"},{"source":"2101","target":"2652"},{"source":"2102","target":"2111"},{"source":"2102","target":"2116"},{"source":"2102","target":"2117"},{"source":"2102","target":"2125"},{"source":"2102","target":"2127"},{"source":"2102","target":"2132"},{"source":"2102","target":"2133"},{"source":"2102","target":"2134"},{"source":"2102","target":"2138"},{"source":"2102","target":"2143"},{"source":"2102","target":"2148"},{"source":"2102","target":"2149"},{"source":"2102","target":"2151"},{"source":"2102","target":"2153"},{"source":"2102","target":"2169"},{"source":"2102","target":"2174"},{"source":"2102","target":"2176"},{"source":"2102","target":"2180"},{"source":"2102","target":"2183"},{"source":"2102","target":"2187"},{"source":"2102","target":"2189"},{"source":"2102","target":"2194"},{"source":"2102","target":"2196"},{"source":"2102","target":"2198"},{"source":"2102","target":"2199"},{"source":"2102","target":"2203"},{"source":"2102","target":"2215"},{"source":"2102","target":"2223"},{"source":"2102","target":"2224"},{"source":"2102","target":"2239"},{"source":"2102","target":"2241"},{"source":"2102","target":"2246"},{"source":"2102","target":"2250"},{"source":"2102","target":"2254"},{"source":"2102","target":"2259"},{"source":"2102","target":"2264"},{"source":"2102","target":"2267"},{"source":"2102","target":"2268"},{"source":"2102","target":"2273"},{"source":"2102","target":"2279"},{"source":"2102","target":"2280"},{"source":"2102","target":"2282"},{"source":"2102","target":"2283"},{"source":"2102","target":"2285"},{"source":"2102","target":"2289"},{"source":"2102","target":"2292"},{"source":"2102","target":"2294"},{"source":"2102","target":"2302"},{"source":"2102","target":"2305"},{"source":"2102","target":"2325"},{"source":"2102","target":"2327"},{"source":"2102","target":"2328"},{"source":"2102","target":"2332"},{"source":"2102","target":"2336"},{"source":"2102","target":"2338"},{"source":"2102","target":"2343"},{"source":"2102","target":"2344"},{"source":"2102","target":"2347"},{"source":"2102","target":"2351"},{"source":"2102","target":"2368"},{"source":"2102","target":"2372"},{"source":"2102","target":"2384"},{"source":"2102","target":"2385"},{"source":"2102","target":"2400"},{"source":"2102","target":"2413"},{"source":"2102","target":"2417"},{"source":"2102","target":"2419"},{"source":"2102","target":"2436"},{"source":"2102","target":"2451"},{"source":"2102","target":"2459"},{"source":"2102","target":"2461"},{"source":"2102","target":"2463"},{"source":"2102","target":"2471"},{"source":"2102","target":"2475"},{"source":"2102","target":"2491"},{"source":"2102","target":"2498"},{"source":"2102","target":"2508"},{"source":"2102","target":"2509"},{"source":"2102","target":"2510"},{"source":"2102","target":"2511"},{"source":"2102","target":"2519"},{"source":"2102","target":"2529"},{"source":"2102","target":"2531"},{"source":"2102","target":"2533"},{"source":"2102","target":"2543"},{"source":"2102","target":"2547"},{"source":"2102","target":"2555"},{"source":"2102","target":"2567"},{"source":"2102","target":"2582"},{"source":"2102","target":"2588"},{"source":"2102","target":"2589"},{"source":"2102","target":"2598"},{"source":"2102","target":"2610"},{"source":"2102","target":"2612"},{"source":"2102","target":"2616"},{"source":"2102","target":"2617"},{"source":"2102","target":"2629"},{"source":"2102","target":"2642"},{"source":"2102","target":"2643"},{"source":"2102","target":"2649"},{"source":"2103","target":"2104"},{"source":"2103","target":"2108"},{"source":"2103","target":"2109"},{"source":"2103","target":"2112"},{"source":"2103","target":"2115"},{"source":"2103","target":"2118"},{"source":"2103","target":"2121"},{"source":"2103","target":"2122"},{"source":"2103","target":"2123"},{"source":"2103","target":"2124"},{"source":"2103","target":"2131"},{"source":"2103","target":"2136"},{"source":"2103","target":"2139"},{"source":"2103","target":"2140"},{"source":"2103","target":"2142"},{"source":"2103","target":"2150"},{"source":"2103","target":"2154"},{"source":"2103","target":"2172"},{"source":"2103","target":"2179"},{"source":"2103","target":"2184"},{"source":"2103","target":"2188"},{"source":"2103","target":"2190"},{"source":"2103","target":"2200"},{"source":"2103","target":"2201"},{"source":"2103","target":"2206"},{"source":"2103","target":"2210"},{"source":"2103","target":"2212"},{"source":"2103","target":"2216"},{"source":"2103","target":"2218"},{"source":"2103","target":"2220"},{"source":"2103","target":"2229"},{"source":"2103","target":"2233"},{"source":"2103","target":"2237"},{"source":"2103","target":"2240"},{"source":"2103","target":"2244"},{"source":"2103","target":"2253"},{"source":"2103","target":"2258"},{"source":"2103","target":"2266"},{"source":"2103","target":"2271"},{"source":"2103","target":"2275"},{"source":"2103","target":"2276"},{"source":"2103","target":"2278"},{"source":"2103","target":"2290"},{"source":"2103","target":"2300"},{"source":"2103","target":"2306"},{"source":"2103","target":"2307"},{"source":"2103","target":"2308"},{"source":"2103","target":"2309"},{"source":"2103","target":"2311"},{"source":"2103","target":"2323"},{"source":"2103","target":"2324"},{"source":"2103","target":"2326"},{"source":"2103","target":"2331"},{"source":"2103","target":"2334"},{"source":"2103","target":"2339"},{"source":"2103","target":"2340"},{"source":"2103","target":"2347"},{"source":"2103","target":"2348"},{"source":"2103","target":"2352"},{"source":"2103","target":"2354"},{"source":"2103","target":"2356"},{"source":"2103","target":"2359"},{"source":"2103","target":"2363"},{"source":"2103","target":"2369"},{"source":"2103","target":"2370"},{"source":"2103","target":"2374"},{"source":"2103","target":"2376"},{"source":"2103","target":"2381"},{"source":"2103","target":"2386"},{"source":"2103","target":"2392"},{"source":"2103","target":"2395"},{"source":"2103","target":"2404"},{"source":"2103","target":"2407"},{"source":"2103","target":"2408"},{"source":"2103","target":"2409"},{"source":"2103","target":"2410"},{"source":"2103","target":"2414"},{"source":"2103","target":"2423"},{"source":"2103","target":"2428"},{"source":"2103","target":"2430"},{"source":"2103","target":"2433"},{"source":"2103","target":"2446"},{"source":"2103","target":"2449"},{"source":"2103","target":"2460"},{"source":"2103","target":"2464"},{"source":"2103","target":"2467"},{"source":"2103","target":"2468"},{"source":"2103","target":"2469"},{"source":"2103","target":"2476"},{"source":"2103","target":"2477"},{"source":"2103","target":"2478"},{"source":"2103","target":"2482"},{"source":"2103","target":"2484"},{"source":"2103","target":"2489"},{"source":"2103","target":"2492"},{"source":"2103","target":"2500"},{"source":"2103","target":"2504"},{"source":"2103","target":"2507"},{"source":"2103","target":"2520"},{"source":"2103","target":"2521"},{"source":"2103","target":"2524"},{"source":"2103","target":"2526"},{"source":"2103","target":"2532"},{"source":"2103","target":"2536"},{"source":"2103","target":"2539"},{"source":"2103","target":"2542"},{"source":"2103","target":"2543"},{"source":"2103","target":"2546"},{"source":"2103","target":"2549"},{"source":"2103","target":"2550"},{"source":"2103","target":"2551"},{"source":"2103","target":"2552"},{"source":"2103","target":"2553"},{"source":"2103","target":"2556"},{"source":"2103","target":"2559"},{"source":"2103","target":"2560"},{"source":"2103","target":"2561"},{"source":"2103","target":"2563"},{"source":"2103","target":"2564"},{"source":"2103","target":"2573"},{"source":"2103","target":"2574"},{"source":"2103","target":"2578"},{"source":"2103","target":"2586"},{"source":"2103","target":"2590"},{"source":"2103","target":"2591"},{"source":"2103","target":"2593"},{"source":"2103","target":"2601"},{"source":"2103","target":"2602"},{"source":"2103","target":"2604"},{"source":"2103","target":"2606"},{"source":"2103","target":"2607"},{"source":"2103","target":"2611"},{"source":"2103","target":"2615"},{"source":"2103","target":"2619"},{"source":"2103","target":"2623"},{"source":"2103","target":"2624"},{"source":"2103","target":"2625"},{"source":"2103","target":"2630"},{"source":"2103","target":"2631"},{"source":"2103","target":"2638"},{"source":"2103","target":"2646"},{"source":"2103","target":"2654"},{"source":"2103","target":"2655"},{"source":"2104","target":"2108"},{"source":"2104","target":"2112"},{"source":"2104","target":"2118"},{"source":"2104","target":"2121"},{"source":"2104","target":"2122"},{"source":"2104","target":"2123"},{"source":"2104","target":"2124"},{"source":"2104","target":"2131"},{"source":"2104","target":"2136"},{"source":"2104","target":"2139"},{"source":"2104","target":"2140"},{"source":"2104","target":"2142"},{"source":"2104","target":"2150"},{"source":"2104","target":"2154"},{"source":"2104","target":"2165"},{"source":"2104","target":"2172"},{"source":"2104","target":"2179"},{"source":"2104","target":"2184"},{"source":"2104","target":"2188"},{"source":"2104","target":"2190"},{"source":"2104","target":"2200"},{"source":"2104","target":"2201"},{"source":"2104","target":"2206"},{"source":"2104","target":"2210"},{"source":"2104","target":"2212"},{"source":"2104","target":"2216"},{"source":"2104","target":"2218"},{"source":"2104","target":"2220"},{"source":"2104","target":"2229"},{"source":"2104","target":"2233"},{"source":"2104","target":"2237"},{"source":"2104","target":"2240"},{"source":"2104","target":"2244"},{"source":"2104","target":"2253"},{"source":"2104","target":"2257"},{"source":"2104","target":"2266"},{"source":"2104","target":"2271"},{"source":"2104","target":"2275"},{"source":"2104","target":"2278"},{"source":"2104","target":"2287"},{"source":"2104","target":"2290"},{"source":"2104","target":"2299"},{"source":"2104","target":"2300"},{"source":"2104","target":"2306"},{"source":"2104","target":"2307"},{"source":"2104","target":"2308"},{"source":"2104","target":"2309"},{"source":"2104","target":"2323"},{"source":"2104","target":"2326"},{"source":"2104","target":"2329"},{"source":"2104","target":"2331"},{"source":"2104","target":"2334"},{"source":"2104","target":"2339"},{"source":"2104","target":"2340"},{"source":"2104","target":"2347"},{"source":"2104","target":"2348"},{"source":"2104","target":"2352"},{"source":"2104","target":"2353"},{"source":"2104","target":"2354"},{"source":"2104","target":"2356"},{"source":"2104","target":"2359"},{"source":"2104","target":"2363"},{"source":"2104","target":"2369"},{"source":"2104","target":"2370"},{"source":"2104","target":"2374"},{"source":"2104","target":"2376"},{"source":"2104","target":"2381"},{"source":"2104","target":"2386"},{"source":"2104","target":"2391"},{"source":"2104","target":"2395"},{"source":"2104","target":"2407"},{"source":"2104","target":"2408"},{"source":"2104","target":"2409"},{"source":"2104","target":"2410"},{"source":"2104","target":"2414"},{"source":"2104","target":"2418"},{"source":"2104","target":"2423"},{"source":"2104","target":"2428"},{"source":"2104","target":"2430"},{"source":"2104","target":"2433"},{"source":"2104","target":"2446"},{"source":"2104","target":"2460"},{"source":"2104","target":"2464"},{"source":"2104","target":"2467"},{"source":"2104","target":"2469"},{"source":"2104","target":"2477"},{"source":"2104","target":"2482"},{"source":"2104","target":"2484"},{"source":"2104","target":"2485"},{"source":"2104","target":"2489"},{"source":"2104","target":"2492"},{"source":"2104","target":"2495"},{"source":"2104","target":"2500"},{"source":"2104","target":"2504"},{"source":"2104","target":"2506"},{"source":"2104","target":"2507"},{"source":"2104","target":"2520"},{"source":"2104","target":"2521"},{"source":"2104","target":"2526"},{"source":"2104","target":"2539"},{"source":"2104","target":"2542"},{"source":"2104","target":"2546"},{"source":"2104","target":"2549"},{"source":"2104","target":"2550"},{"source":"2104","target":"2551"},{"source":"2104","target":"2553"},{"source":"2104","target":"2556"},{"source":"2104","target":"2559"},{"source":"2104","target":"2560"},{"source":"2104","target":"2561"},{"source":"2104","target":"2563"},{"source":"2104","target":"2564"},{"source":"2104","target":"2573"},{"source":"2104","target":"2578"},{"source":"2104","target":"2586"},{"source":"2104","target":"2590"},{"source":"2104","target":"2593"},{"source":"2104","target":"2600"},{"source":"2104","target":"2601"},{"source":"2104","target":"2602"},{"source":"2104","target":"2604"},{"source":"2104","target":"2606"},{"source":"2104","target":"2607"},{"source":"2104","target":"2611"},{"source":"2104","target":"2615"},{"source":"2104","target":"2623"},{"source":"2104","target":"2624"},{"source":"2104","target":"2625"},{"source":"2104","target":"2630"},{"source":"2104","target":"2638"},{"source":"2104","target":"2646"},{"source":"2104","target":"2654"},{"source":"2104","target":"2655"},{"source":"2105","target":"2120"},{"source":"2105","target":"2126"},{"source":"2105","target":"2236"},{"source":"2105","target":"2238"},{"source":"2105","target":"2260"},{"source":"2105","target":"2342"},{"source":"2105","target":"2360"},{"source":"2105","target":"2570"},{"source":"2106","target":"2168"},{"source":"2106","target":"2421"},{"source":"2106","target":"2437"},{"source":"2107","target":"2117"},{"source":"2107","target":"2120"},{"source":"2107","target":"2126"},{"source":"2107","target":"2145"},{"source":"2107","target":"2146"},{"source":"2107","target":"2152"},{"source":"2107","target":"2160"},{"source":"2107","target":"2166"},{"source":"2107","target":"2227"},{"source":"2107","target":"2228"},{"source":"2107","target":"2236"},{"source":"2107","target":"2260"},{"source":"2107","target":"2313"},{"source":"2107","target":"2314"},{"source":"2107","target":"2322"},{"source":"2107","target":"2325"},{"source":"2107","target":"2342"},{"source":"2107","target":"2403"},{"source":"2107","target":"2411"},{"source":"2107","target":"2412"},{"source":"2107","target":"2424"},{"source":"2107","target":"2440"},{"source":"2107","target":"2488"},{"source":"2107","target":"2497"},{"source":"2107","target":"2562"},{"source":"2107","target":"2570"},{"source":"2107","target":"2587"},{"source":"2107","target":"2628"},{"source":"2107","target":"2644"},{"source":"2107","target":"2656"},{"source":"2108","target":"2109"},{"source":"2108","target":"2118"},{"source":"2108","target":"2121"},{"source":"2108","target":"2122"},{"source":"2108","target":"2123"},{"source":"2108","target":"2124"},{"source":"2108","target":"2131"},{"source":"2108","target":"2136"},{"source":"2108","target":"2139"},{"source":"2108","target":"2140"},{"source":"2108","target":"2142"},{"source":"2108","target":"2150"},{"source":"2108","target":"2154"},{"source":"2108","target":"2164"},{"source":"2108","target":"2172"},{"source":"2108","target":"2184"},{"source":"2108","target":"2188"},{"source":"2108","target":"2190"},{"source":"2108","target":"2200"},{"source":"2108","target":"2201"},{"source":"2108","target":"2206"},{"source":"2108","target":"2212"},{"source":"2108","target":"2218"},{"source":"2108","target":"2220"},{"source":"2108","target":"2229"},{"source":"2108","target":"2233"},{"source":"2108","target":"2240"},{"source":"2108","target":"2244"},{"source":"2108","target":"2253"},{"source":"2108","target":"2266"},{"source":"2108","target":"2271"},{"source":"2108","target":"2275"},{"source":"2108","target":"2276"},{"source":"2108","target":"2278"},{"source":"2108","target":"2290"},{"source":"2108","target":"2299"},{"source":"2108","target":"2300"},{"source":"2108","target":"2306"},{"source":"2108","target":"2307"},{"source":"2108","target":"2308"},{"source":"2108","target":"2309"},{"source":"2108","target":"2323"},{"source":"2108","target":"2324"},{"source":"2108","target":"2326"},{"source":"2108","target":"2329"},{"source":"2108","target":"2331"},{"source":"2108","target":"2339"},{"source":"2108","target":"2340"},{"source":"2108","target":"2348"},{"source":"2108","target":"2352"},{"source":"2108","target":"2354"},{"source":"2108","target":"2356"},{"source":"2108","target":"2359"},{"source":"2108","target":"2363"},{"source":"2108","target":"2369"},{"source":"2108","target":"2370"},{"source":"2108","target":"2374"},{"source":"2108","target":"2376"},{"source":"2108","target":"2381"},{"source":"2108","target":"2386"},{"source":"2108","target":"2395"},{"source":"2108","target":"2404"},{"source":"2108","target":"2409"},{"source":"2108","target":"2410"},{"source":"2108","target":"2414"},{"source":"2108","target":"2418"},{"source":"2108","target":"2423"},{"source":"2108","target":"2428"},{"source":"2108","target":"2430"},{"source":"2108","target":"2433"},{"source":"2108","target":"2460"},{"source":"2108","target":"2464"},{"source":"2108","target":"2467"},{"source":"2108","target":"2468"},{"source":"2108","target":"2469"},{"source":"2108","target":"2482"},{"source":"2108","target":"2484"},{"source":"2108","target":"2492"},{"source":"2108","target":"2495"},{"source":"2108","target":"2500"},{"source":"2108","target":"2504"},{"source":"2108","target":"2506"},{"source":"2108","target":"2507"},{"source":"2108","target":"2520"},{"source":"2108","target":"2526"},{"source":"2108","target":"2532"},{"source":"2108","target":"2539"},{"source":"2108","target":"2542"},{"source":"2108","target":"2543"},{"source":"2108","target":"2546"},{"source":"2108","target":"2549"},{"source":"2108","target":"2550"},{"source":"2108","target":"2551"},{"source":"2108","target":"2553"},{"source":"2108","target":"2556"},{"source":"2108","target":"2559"},{"source":"2108","target":"2560"},{"source":"2108","target":"2561"},{"source":"2108","target":"2564"},{"source":"2108","target":"2573"},{"source":"2108","target":"2578"},{"source":"2108","target":"2579"},{"source":"2108","target":"2586"},{"source":"2108","target":"2590"},{"source":"2108","target":"2593"},{"source":"2108","target":"2600"},{"source":"2108","target":"2601"},{"source":"2108","target":"2602"},{"source":"2108","target":"2604"},{"source":"2108","target":"2606"},{"source":"2108","target":"2607"},{"source":"2108","target":"2611"},{"source":"2108","target":"2615"},{"source":"2108","target":"2619"},{"source":"2108","target":"2624"},{"source":"2108","target":"2625"},{"source":"2108","target":"2630"},{"source":"2108","target":"2631"},{"source":"2108","target":"2638"},{"source":"2108","target":"2654"},{"source":"2108","target":"2655"},{"source":"2109","target":"2112"},{"source":"2109","target":"2115"},{"source":"2109","target":"2121"},{"source":"2109","target":"2123"},{"source":"2109","target":"2124"},{"source":"2109","target":"2131"},{"source":"2109","target":"2139"},{"source":"2109","target":"2140"},{"source":"2109","target":"2142"},{"source":"2109","target":"2164"},{"source":"2109","target":"2165"},{"source":"2109","target":"2172"},{"source":"2109","target":"2184"},{"source":"2109","target":"2201"},{"source":"2109","target":"2206"},{"source":"2109","target":"2220"},{"source":"2109","target":"2229"},{"source":"2109","target":"2233"},{"source":"2109","target":"2240"},{"source":"2109","target":"2244"},{"source":"2109","target":"2261"},{"source":"2109","target":"2266"},{"source":"2109","target":"2271"},{"source":"2109","target":"2275"},{"source":"2109","target":"2276"},{"source":"2109","target":"2278"},{"source":"2109","target":"2290"},{"source":"2109","target":"2299"},{"source":"2109","target":"2306"},{"source":"2109","target":"2308"},{"source":"2109","target":"2309"},{"source":"2109","target":"2323"},{"source":"2109","target":"2324"},{"source":"2109","target":"2326"},{"source":"2109","target":"2329"},{"source":"2109","target":"2331"},{"source":"2109","target":"2339"},{"source":"2109","target":"2340"},{"source":"2109","target":"2348"},{"source":"2109","target":"2354"},{"source":"2109","target":"2363"},{"source":"2109","target":"2369"},{"source":"2109","target":"2374"},{"source":"2109","target":"2376"},{"source":"2109","target":"2395"},{"source":"2109","target":"2404"},{"source":"2109","target":"2408"},{"source":"2109","target":"2409"},{"source":"2109","target":"2410"},{"source":"2109","target":"2414"},{"source":"2109","target":"2428"},{"source":"2109","target":"2430"},{"source":"2109","target":"2433"},{"source":"2109","target":"2446"},{"source":"2109","target":"2460"},{"source":"2109","target":"2462"},{"source":"2109","target":"2464"},{"source":"2109","target":"2468"},{"source":"2109","target":"2477"},{"source":"2109","target":"2484"},{"source":"2109","target":"2485"},{"source":"2109","target":"2492"},{"source":"2109","target":"2495"},{"source":"2109","target":"2499"},{"source":"2109","target":"2500"},{"source":"2109","target":"2506"},{"source":"2109","target":"2507"},{"source":"2109","target":"2520"},{"source":"2109","target":"2521"},{"source":"2109","target":"2526"},{"source":"2109","target":"2542"},{"source":"2109","target":"2543"},{"source":"2109","target":"2549"},{"source":"2109","target":"2551"},{"source":"2109","target":"2552"},{"source":"2109","target":"2556"},{"source":"2109","target":"2559"},{"source":"2109","target":"2560"},{"source":"2109","target":"2561"},{"source":"2109","target":"2564"},{"source":"2109","target":"2573"},{"source":"2109","target":"2574"},{"source":"2109","target":"2578"},{"source":"2109","target":"2579"},{"source":"2109","target":"2586"},{"source":"2109","target":"2590"},{"source":"2109","target":"2593"},{"source":"2109","target":"2601"},{"source":"2109","target":"2602"},{"source":"2109","target":"2604"},{"source":"2109","target":"2607"},{"source":"2109","target":"2611"},{"source":"2109","target":"2619"},{"source":"2109","target":"2624"},{"source":"2109","target":"2625"},{"source":"2109","target":"2630"},{"source":"2109","target":"2631"},{"source":"2109","target":"2638"},{"source":"2109","target":"2655"},{"source":"2110","target":"2111"},{"source":"2110","target":"2132"},{"source":"2110","target":"2142"},{"source":"2110","target":"2161"},{"source":"2110","target":"2199"},{"source":"2110","target":"2221"},{"source":"2110","target":"2222"},{"source":"2110","target":"2226"},{"source":"2110","target":"2235"},{"source":"2110","target":"2282"},{"source":"2110","target":"2327"},{"source":"2110","target":"2328"},{"source":"2110","target":"2333"},{"source":"2110","target":"2344"},{"source":"2110","target":"2377"},{"source":"2110","target":"2384"},{"source":"2110","target":"2390"},{"source":"2110","target":"2394"},{"source":"2110","target":"2396"},{"source":"2110","target":"2415"},{"source":"2110","target":"2432"},{"source":"2110","target":"2434"},{"source":"2110","target":"2438"},{"source":"2110","target":"2479"},{"source":"2110","target":"2501"},{"source":"2110","target":"2511"},{"source":"2110","target":"2537"},{"source":"2110","target":"2603"},{"source":"2110","target":"2652"},{"source":"2111","target":"2117"},{"source":"2111","target":"2125"},{"source":"2111","target":"2127"},{"source":"2111","target":"2128"},{"source":"2111","target":"2132"},{"source":"2111","target":"2133"},{"source":"2111","target":"2134"},{"source":"2111","target":"2135"},{"source":"2111","target":"2138"},{"source":"2111","target":"2144"},{"source":"2111","target":"2148"},{"source":"2111","target":"2149"},{"source":"2111","target":"2151"},{"source":"2111","target":"2153"},{"source":"2111","target":"2161"},{"source":"2111","target":"2163"},{"source":"2111","target":"2169"},{"source":"2111","target":"2174"},{"source":"2111","target":"2176"},{"source":"2111","target":"2180"},{"source":"2111","target":"2183"},{"source":"2111","target":"2187"},{"source":"2111","target":"2189"},{"source":"2111","target":"2191"},{"source":"2111","target":"2194"},{"source":"2111","target":"2196"},{"source":"2111","target":"2198"},{"source":"2111","target":"2199"},{"source":"2111","target":"2203"},{"source":"2111","target":"2215"},{"source":"2111","target":"2221"},{"source":"2111","target":"2222"},{"source":"2111","target":"2223"},{"source":"2111","target":"2224"},{"source":"2111","target":"2232"},{"source":"2111","target":"2235"},{"source":"2111","target":"2241"},{"source":"2111","target":"2243"},{"source":"2111","target":"2246"},{"source":"2111","target":"2247"},{"source":"2111","target":"2249"},{"source":"2111","target":"2250"},{"source":"2111","target":"2254"},{"source":"2111","target":"2259"},{"source":"2111","target":"2264"},{"source":"2111","target":"2267"},{"source":"2111","target":"2268"},{"source":"2111","target":"2273"},{"source":"2111","target":"2274"},{"source":"2111","target":"2279"},{"source":"2111","target":"2282"},{"source":"2111","target":"2283"},{"source":"2111","target":"2285"},{"source":"2111","target":"2289"},{"source":"2111","target":"2292"},{"source":"2111","target":"2293"},{"source":"2111","target":"2294"},{"source":"2111","target":"2295"},{"source":"2111","target":"2302"},{"source":"2111","target":"2305"},{"source":"2111","target":"2315"},{"source":"2111","target":"2319"},{"source":"2111","target":"2325"},{"source":"2111","target":"2327"},{"source":"2111","target":"2328"},{"source":"2111","target":"2332"},{"source":"2111","target":"2333"},{"source":"2111","target":"2336"},{"source":"2111","target":"2338"},{"source":"2111","target":"2343"},{"source":"2111","target":"2344"},{"source":"2111","target":"2347"},{"source":"2111","target":"2351"},{"source":"2111","target":"2368"},{"source":"2111","target":"2372"},{"source":"2111","target":"2377"},{"source":"2111","target":"2384"},{"source":"2111","target":"2385"},{"source":"2111","target":"2390"},{"source":"2111","target":"2394"},{"source":"2111","target":"2396"},{"source":"2111","target":"2398"},{"source":"2111","target":"2399"},{"source":"2111","target":"2415"},{"source":"2111","target":"2417"},{"source":"2111","target":"2419"},{"source":"2111","target":"2420"},{"source":"2111","target":"2434"},{"source":"2111","target":"2436"},{"source":"2111","target":"2438"},{"source":"2111","target":"2445"},{"source":"2111","target":"2451"},{"source":"2111","target":"2458"},{"source":"2111","target":"2461"},{"source":"2111","target":"2463"},{"source":"2111","target":"2465"},{"source":"2111","target":"2471"},{"source":"2111","target":"2472"},{"source":"2111","target":"2473"},{"source":"2111","target":"2475"},{"source":"2111","target":"2479"},{"source":"2111","target":"2491"},{"source":"2111","target":"2496"},{"source":"2111","target":"2498"},{"source":"2111","target":"2501"},{"source":"2111","target":"2502"},{"source":"2111","target":"2508"},{"source":"2111","target":"2509"},{"source":"2111","target":"2510"},{"source":"2111","target":"2511"},{"source":"2111","target":"2512"},{"source":"2111","target":"2516"},{"source":"2111","target":"2519"},{"source":"2111","target":"2533"},{"source":"2111","target":"2537"},{"source":"2111","target":"2543"},{"source":"2111","target":"2547"},{"source":"2111","target":"2555"},{"source":"2111","target":"2567"},{"source":"2111","target":"2572"},{"source":"2111","target":"2582"},{"source":"2111","target":"2588"},{"source":"2111","target":"2589"},{"source":"2111","target":"2592"},{"source":"2111","target":"2594"},{"source":"2111","target":"2597"},{"source":"2111","target":"2598"},{"source":"2111","target":"2603"},{"source":"2111","target":"2608"},{"source":"2111","target":"2609"},{"source":"2111","target":"2616"},{"source":"2111","target":"2617"},{"source":"2111","target":"2629"},{"source":"2111","target":"2642"},{"source":"2111","target":"2643"},{"source":"2111","target":"2649"},{"source":"2111","target":"2652"},{"source":"2111","target":"2653"},{"source":"2112","target":"2115"},{"source":"2112","target":"2121"},{"source":"2112","target":"2123"},{"source":"2112","target":"2131"},{"source":"2112","target":"2139"},{"source":"2112","target":"2140"},{"source":"2112","target":"2142"},{"source":"2112","target":"2150"},{"source":"2112","target":"2154"},{"source":"2112","target":"2172"},{"source":"2112","target":"2179"},{"source":"2112","target":"2184"},{"source":"2112","target":"2188"},{"source":"2112","target":"2190"},{"source":"2112","target":"2200"},{"source":"2112","target":"2206"},{"source":"2112","target":"2216"},{"source":"2112","target":"2218"},{"source":"2112","target":"2220"},{"source":"2112","target":"2229"},{"source":"2112","target":"2233"},{"source":"2112","target":"2240"},{"source":"2112","target":"2244"},{"source":"2112","target":"2257"},{"source":"2112","target":"2258"},{"source":"2112","target":"2266"},{"source":"2112","target":"2271"},{"source":"2112","target":"2275"},{"source":"2112","target":"2278"},{"source":"2112","target":"2290"},{"source":"2112","target":"2300"},{"source":"2112","target":"2306"},{"source":"2112","target":"2308"},{"source":"2112","target":"2309"},{"source":"2112","target":"2323"},{"source":"2112","target":"2324"},{"source":"2112","target":"2339"},{"source":"2112","target":"2340"},{"source":"2112","target":"2347"},{"source":"2112","target":"2348"},{"source":"2112","target":"2352"},{"source":"2112","target":"2353"},{"source":"2112","target":"2354"},{"source":"2112","target":"2356"},{"source":"2112","target":"2359"},{"source":"2112","target":"2369"},{"source":"2112","target":"2370"},{"source":"2112","target":"2374"},{"source":"2112","target":"2376"},{"source":"2112","target":"2381"},{"source":"2112","target":"2383"},{"source":"2112","target":"2386"},{"source":"2112","target":"2404"},{"source":"2112","target":"2408"},{"source":"2112","target":"2410"},{"source":"2112","target":"2414"},{"source":"2112","target":"2418"},{"source":"2112","target":"2423"},{"source":"2112","target":"2428"},{"source":"2112","target":"2429"},{"source":"2112","target":"2430"},{"source":"2112","target":"2433"},{"source":"2112","target":"2446"},{"source":"2112","target":"2464"},{"source":"2112","target":"2468"},{"source":"2112","target":"2477"},{"source":"2112","target":"2478"},{"source":"2112","target":"2482"},{"source":"2112","target":"2484"},{"source":"2112","target":"2485"},{"source":"2112","target":"2492"},{"source":"2112","target":"2495"},{"source":"2112","target":"2499"},{"source":"2112","target":"2500"},{"source":"2112","target":"2504"},{"source":"2112","target":"2506"},{"source":"2112","target":"2507"},{"source":"2112","target":"2520"},{"source":"2112","target":"2521"},{"source":"2112","target":"2526"},{"source":"2112","target":"2539"},{"source":"2112","target":"2542"},{"source":"2112","target":"2543"},{"source":"2112","target":"2546"},{"source":"2112","target":"2549"},{"source":"2112","target":"2550"},{"source":"2112","target":"2551"},{"source":"2112","target":"2552"},{"source":"2112","target":"2553"},{"source":"2112","target":"2554"},{"source":"2112","target":"2559"},{"source":"2112","target":"2560"},{"source":"2112","target":"2561"},{"source":"2112","target":"2563"},{"source":"2112","target":"2564"},{"source":"2112","target":"2573"},{"source":"2112","target":"2575"},{"source":"2112","target":"2576"},{"source":"2112","target":"2578"},{"source":"2112","target":"2579"},{"source":"2112","target":"2586"},{"source":"2112","target":"2590"},{"source":"2112","target":"2600"},{"source":"2112","target":"2601"},{"source":"2112","target":"2602"},{"source":"2112","target":"2604"},{"source":"2112","target":"2607"},{"source":"2112","target":"2611"},{"source":"2112","target":"2615"},{"source":"2112","target":"2619"},{"source":"2112","target":"2624"},{"source":"2112","target":"2625"},{"source":"2112","target":"2630"},{"source":"2112","target":"2631"},{"source":"2112","target":"2638"},{"source":"2112","target":"2646"},{"source":"2112","target":"2655"},{"source":"2113","target":"2217"},{"source":"2113","target":"2313"},{"source":"2113","target":"2439"},{"source":"2113","target":"2450"},{"source":"2113","target":"2548"},{"source":"2113","target":"2558"},{"source":"2113","target":"2614"},{"source":"2114","target":"2119"},{"source":"2114","target":"2156"},{"source":"2114","target":"2160"},{"source":"2114","target":"2176"},{"source":"2114","target":"2228"},{"source":"2114","target":"2231"},{"source":"2114","target":"2260"},{"source":"2114","target":"2322"},{"source":"2114","target":"2361"},{"source":"2114","target":"2412"},{"source":"2115","target":"2122"},{"source":"2115","target":"2123"},{"source":"2115","target":"2124"},{"source":"2115","target":"2131"},{"source":"2115","target":"2140"},{"source":"2115","target":"2142"},{"source":"2115","target":"2150"},{"source":"2115","target":"2154"},{"source":"2115","target":"2172"},{"source":"2115","target":"2188"},{"source":"2115","target":"2190"},{"source":"2115","target":"2200"},{"source":"2115","target":"2201"},{"source":"2115","target":"2206"},{"source":"2115","target":"2216"},{"source":"2115","target":"2218"},{"source":"2115","target":"2220"},{"source":"2115","target":"2229"},{"source":"2115","target":"2233"},{"source":"2115","target":"2237"},{"source":"2115","target":"2240"},{"source":"2115","target":"2244"},{"source":"2115","target":"2257"},{"source":"2115","target":"2261"},{"source":"2115","target":"2266"},{"source":"2115","target":"2271"},{"source":"2115","target":"2275"},{"source":"2115","target":"2276"},{"source":"2115","target":"2278"},{"source":"2115","target":"2290"},{"source":"2115","target":"2299"},{"source":"2115","target":"2307"},{"source":"2115","target":"2309"},{"source":"2115","target":"2323"},{"source":"2115","target":"2324"},{"source":"2115","target":"2326"},{"source":"2115","target":"2329"},{"source":"2115","target":"2331"},{"source":"2115","target":"2334"},{"source":"2115","target":"2339"},{"source":"2115","target":"2340"},{"source":"2115","target":"2348"},{"source":"2115","target":"2350"},{"source":"2115","target":"2352"},{"source":"2115","target":"2354"},{"source":"2115","target":"2359"},{"source":"2115","target":"2363"},{"source":"2115","target":"2376"},{"source":"2115","target":"2395"},{"source":"2115","target":"2404"},{"source":"2115","target":"2408"},{"source":"2115","target":"2409"},{"source":"2115","target":"2414"},{"source":"2115","target":"2418"},{"source":"2115","target":"2423"},{"source":"2115","target":"2433"},{"source":"2115","target":"2460"},{"source":"2115","target":"2462"},{"source":"2115","target":"2464"},{"source":"2115","target":"2468"},{"source":"2115","target":"2469"},{"source":"2115","target":"2477"},{"source":"2115","target":"2485"},{"source":"2115","target":"2492"},{"source":"2115","target":"2495"},{"source":"2115","target":"2500"},{"source":"2115","target":"2507"},{"source":"2115","target":"2520"},{"source":"2115","target":"2526"},{"source":"2115","target":"2539"},{"source":"2115","target":"2542"},{"source":"2115","target":"2543"},{"source":"2115","target":"2549"},{"source":"2115","target":"2550"},{"source":"2115","target":"2552"},{"source":"2115","target":"2553"},{"source":"2115","target":"2559"},{"source":"2115","target":"2560"},{"source":"2115","target":"2561"},{"source":"2115","target":"2574"},{"source":"2115","target":"2575"},{"source":"2115","target":"2586"},{"source":"2115","target":"2590"},{"source":"2115","target":"2593"},{"source":"2115","target":"2600"},{"source":"2115","target":"2601"},{"source":"2115","target":"2602"},{"source":"2115","target":"2604"},{"source":"2115","target":"2607"},{"source":"2115","target":"2611"},{"source":"2115","target":"2615"},{"source":"2115","target":"2619"},{"source":"2115","target":"2624"},{"source":"2115","target":"2625"},{"source":"2115","target":"2638"},{"source":"2115","target":"2654"},{"source":"2115","target":"2655"},{"source":"2116","target":"2128"},{"source":"2116","target":"2145"},{"source":"2116","target":"2157"},{"source":"2116","target":"2159"},{"source":"2116","target":"2171"},{"source":"2116","target":"2202"},{"source":"2116","target":"2203"},{"source":"2116","target":"2225"},{"source":"2116","target":"2233"},{"source":"2116","target":"2268"},{"source":"2116","target":"2284"},{"source":"2116","target":"2312"},{"source":"2116","target":"2337"},{"source":"2116","target":"2351"},{"source":"2116","target":"2355"},{"source":"2116","target":"2364"},{"source":"2116","target":"2365"},{"source":"2116","target":"2378"},{"source":"2116","target":"2389"},{"source":"2116","target":"2413"},{"source":"2116","target":"2447"},{"source":"2116","target":"2459"},{"source":"2116","target":"2529"},{"source":"2116","target":"2531"},{"source":"2116","target":"2538"},{"source":"2116","target":"2571"},{"source":"2116","target":"2583"},{"source":"2116","target":"2616"},{"source":"2116","target":"2633"},{"source":"2116","target":"2636"},{"source":"2116","target":"2639"},{"source":"2116","target":"2640"},{"source":"2116","target":"2642"},{"source":"2116","target":"2645"},{"source":"2116","target":"2648"},{"source":"2116","target":"2660"},{"source":"2117","target":"2126"},{"source":"2117","target":"2128"},{"source":"2117","target":"2134"},{"source":"2117","target":"2135"},{"source":"2117","target":"2137"},{"source":"2117","target":"2138"},{"source":"2117","target":"2144"},{"source":"2117","target":"2145"},{"source":"2117","target":"2148"},{"source":"2117","target":"2149"},{"source":"2117","target":"2153"},{"source":"2117","target":"2169"},{"source":"2117","target":"2174"},{"source":"2117","target":"2183"},{"source":"2117","target":"2187"},{"source":"2117","target":"2191"},{"source":"2117","target":"2194"},{"source":"2117","target":"2196"},{"source":"2117","target":"2198"},{"source":"2117","target":"2199"},{"source":"2117","target":"2203"},{"source":"2117","target":"2205"},{"source":"2117","target":"2209"},{"source":"2117","target":"2211"},{"source":"2117","target":"2215"},{"source":"2117","target":"2224"},{"source":"2117","target":"2226"},{"source":"2117","target":"2232"},{"source":"2117","target":"2241"},{"source":"2117","target":"2242"},{"source":"2117","target":"2246"},{"source":"2117","target":"2247"},{"source":"2117","target":"2250"},{"source":"2117","target":"2254"},{"source":"2117","target":"2264"},{"source":"2117","target":"2268"},{"source":"2117","target":"2272"},{"source":"2117","target":"2273"},{"source":"2117","target":"2279"},{"source":"2117","target":"2282"},{"source":"2117","target":"2283"},{"source":"2117","target":"2292"},{"source":"2117","target":"2294"},{"source":"2117","target":"2302"},{"source":"2117","target":"2305"},{"source":"2117","target":"2310"},{"source":"2117","target":"2315"},{"source":"2117","target":"2317"},{"source":"2117","target":"2319"},{"source":"2117","target":"2325"},{"source":"2117","target":"2327"},{"source":"2117","target":"2328"},{"source":"2117","target":"2336"},{"source":"2117","target":"2343"},{"source":"2117","target":"2344"},{"source":"2117","target":"2345"},{"source":"2117","target":"2347"},{"source":"2117","target":"2351"},{"source":"2117","target":"2367"},{"source":"2117","target":"2368"},{"source":"2117","target":"2372"},{"source":"2117","target":"2377"},{"source":"2117","target":"2384"},{"source":"2117","target":"2385"},{"source":"2117","target":"2394"},{"source":"2117","target":"2416"},{"source":"2117","target":"2419"},{"source":"2117","target":"2420"},{"source":"2117","target":"2434"},{"source":"2117","target":"2436"},{"source":"2117","target":"2458"},{"source":"2117","target":"2461"},{"source":"2117","target":"2463"},{"source":"2117","target":"2465"},{"source":"2117","target":"2471"},{"source":"2117","target":"2472"},{"source":"2117","target":"2475"},{"source":"2117","target":"2480"},{"source":"2117","target":"2491"},{"source":"2117","target":"2496"},{"source":"2117","target":"2508"},{"source":"2117","target":"2525"},{"source":"2117","target":"2530"},{"source":"2117","target":"2533"},{"source":"2117","target":"2537"},{"source":"2117","target":"2543"},{"source":"2117","target":"2544"},{"source":"2117","target":"2555"},{"source":"2117","target":"2557"},{"source":"2117","target":"2567"},{"source":"2117","target":"2582"},{"source":"2117","target":"2588"},{"source":"2117","target":"2592"},{"source":"2117","target":"2594"},{"source":"2117","target":"2597"},{"source":"2117","target":"2598"},{"source":"2117","target":"2609"},{"source":"2117","target":"2610"},{"source":"2117","target":"2628"},{"source":"2117","target":"2629"},{"source":"2117","target":"2637"},{"source":"2117","target":"2641"},{"source":"2117","target":"2643"},{"source":"2117","target":"2653"},{"source":"2118","target":"2121"},{"source":"2118","target":"2122"},{"source":"2118","target":"2123"},{"source":"2118","target":"2124"},{"source":"2118","target":"2131"},{"source":"2118","target":"2136"},{"source":"2118","target":"2139"},{"source":"2118","target":"2140"},{"source":"2118","target":"2142"},{"source":"2118","target":"2150"},{"source":"2118","target":"2154"},{"source":"2118","target":"2165"},{"source":"2118","target":"2172"},{"source":"2118","target":"2179"},{"source":"2118","target":"2184"},{"source":"2118","target":"2188"},{"source":"2118","target":"2190"},{"source":"2118","target":"2200"},{"source":"2118","target":"2201"},{"source":"2118","target":"2206"},{"source":"2118","target":"2212"},{"source":"2118","target":"2216"},{"source":"2118","target":"2218"},{"source":"2118","target":"2220"},{"source":"2118","target":"2229"},{"source":"2118","target":"2233"},{"source":"2118","target":"2237"},{"source":"2118","target":"2240"},{"source":"2118","target":"2244"},{"source":"2118","target":"2253"},{"source":"2118","target":"2257"},{"source":"2118","target":"2261"},{"source":"2118","target":"2266"},{"source":"2118","target":"2271"},{"source":"2118","target":"2275"},{"source":"2118","target":"2276"},{"source":"2118","target":"2278"},{"source":"2118","target":"2287"},{"source":"2118","target":"2290"},{"source":"2118","target":"2299"},{"source":"2118","target":"2300"},{"source":"2118","target":"2303"},{"source":"2118","target":"2306"},{"source":"2118","target":"2307"},{"source":"2118","target":"2308"},{"source":"2118","target":"2309"},{"source":"2118","target":"2323"},{"source":"2118","target":"2324"},{"source":"2118","target":"2326"},{"source":"2118","target":"2329"},{"source":"2118","target":"2331"},{"source":"2118","target":"2334"},{"source":"2118","target":"2339"},{"source":"2118","target":"2340"},{"source":"2118","target":"2347"},{"source":"2118","target":"2348"},{"source":"2118","target":"2352"},{"source":"2118","target":"2354"},{"source":"2118","target":"2356"},{"source":"2118","target":"2359"},{"source":"2118","target":"2363"},{"source":"2118","target":"2369"},{"source":"2118","target":"2370"},{"source":"2118","target":"2374"},{"source":"2118","target":"2376"},{"source":"2118","target":"2381"},{"source":"2118","target":"2386"},{"source":"2118","target":"2392"},{"source":"2118","target":"2395"},{"source":"2118","target":"2404"},{"source":"2118","target":"2408"},{"source":"2118","target":"2409"},{"source":"2118","target":"2410"},{"source":"2118","target":"2414"},{"source":"2118","target":"2423"},{"source":"2118","target":"2428"},{"source":"2118","target":"2429"},{"source":"2118","target":"2430"},{"source":"2118","target":"2433"},{"source":"2118","target":"2446"},{"source":"2118","target":"2460"},{"source":"2118","target":"2462"},{"source":"2118","target":"2464"},{"source":"2118","target":"2467"},{"source":"2118","target":"2468"},{"source":"2118","target":"2469"},{"source":"2118","target":"2477"},{"source":"2118","target":"2478"},{"source":"2118","target":"2482"},{"source":"2118","target":"2484"},{"source":"2118","target":"2489"},{"source":"2118","target":"2492"},{"source":"2118","target":"2495"},{"source":"2118","target":"2500"},{"source":"2118","target":"2504"},{"source":"2118","target":"2507"},{"source":"2118","target":"2520"},{"source":"2118","target":"2521"},{"source":"2118","target":"2526"},{"source":"2118","target":"2532"},{"source":"2118","target":"2539"},{"source":"2118","target":"2542"},{"source":"2118","target":"2543"},{"source":"2118","target":"2546"},{"source":"2118","target":"2549"},{"source":"2118","target":"2550"},{"source":"2118","target":"2551"},{"source":"2118","target":"2552"},{"source":"2118","target":"2553"},{"source":"2118","target":"2559"},{"source":"2118","target":"2560"},{"source":"2118","target":"2561"},{"source":"2118","target":"2563"},{"source":"2118","target":"2564"},{"source":"2118","target":"2573"},{"source":"2118","target":"2578"},{"source":"2118","target":"2579"},{"source":"2118","target":"2586"},{"source":"2118","target":"2590"},{"source":"2118","target":"2593"},{"source":"2118","target":"2600"},{"source":"2118","target":"2601"},{"source":"2118","target":"2602"},{"source":"2118","target":"2604"},{"source":"2118","target":"2606"},{"source":"2118","target":"2607"},{"source":"2118","target":"2611"},{"source":"2118","target":"2615"},{"source":"2118","target":"2619"},{"source":"2118","target":"2623"},{"source":"2118","target":"2624"},{"source":"2118","target":"2625"},{"source":"2118","target":"2630"},{"source":"2118","target":"2631"},{"source":"2118","target":"2638"},{"source":"2118","target":"2646"},{"source":"2118","target":"2654"},{"source":"2118","target":"2655"},{"source":"2119","target":"2129"},{"source":"2119","target":"2313"},{"source":"2119","target":"2361"},{"source":"2119","target":"2371"},{"source":"2119","target":"2397"},{"source":"2119","target":"2412"},{"source":"2119","target":"2474"},{"source":"2119","target":"2488"},{"source":"2119","target":"2558"},{"source":"2119","target":"2570"},{"source":"2119","target":"2618"},{"source":"2119","target":"2644"},{"source":"2120","target":"2126"},{"source":"2120","target":"2129"},{"source":"2120","target":"2156"},{"source":"2120","target":"2160"},{"source":"2120","target":"2181"},{"source":"2120","target":"2260"},{"source":"2120","target":"2313"},{"source":"2120","target":"2317"},{"source":"2120","target":"2405"},{"source":"2120","target":"2412"},{"source":"2120","target":"2448"},{"source":"2120","target":"2523"},{"source":"2120","target":"2577"},{"source":"2120","target":"2587"},{"source":"2120","target":"2628"},{"source":"2121","target":"2122"},{"source":"2121","target":"2123"},{"source":"2121","target":"2124"},{"source":"2121","target":"2131"},{"source":"2121","target":"2139"},{"source":"2121","target":"2140"},{"source":"2121","target":"2142"},{"source":"2121","target":"2150"},{"source":"2121","target":"2172"},{"source":"2121","target":"2184"},{"source":"2121","target":"2188"},{"source":"2121","target":"2190"},{"source":"2121","target":"2201"},{"source":"2121","target":"2206"},{"source":"2121","target":"2212"},{"source":"2121","target":"2218"},{"source":"2121","target":"2220"},{"source":"2121","target":"2229"},{"source":"2121","target":"2233"},{"source":"2121","target":"2237"},{"source":"2121","target":"2240"},{"source":"2121","target":"2244"},{"source":"2121","target":"2253"},{"source":"2121","target":"2257"},{"source":"2121","target":"2266"},{"source":"2121","target":"2271"},{"source":"2121","target":"2275"},{"source":"2121","target":"2276"},{"source":"2121","target":"2278"},{"source":"2121","target":"2290"},{"source":"2121","target":"2299"},{"source":"2121","target":"2306"},{"source":"2121","target":"2307"},{"source":"2121","target":"2308"},{"source":"2121","target":"2309"},{"source":"2121","target":"2323"},{"source":"2121","target":"2324"},{"source":"2121","target":"2326"},{"source":"2121","target":"2329"},{"source":"2121","target":"2331"},{"source":"2121","target":"2334"},{"source":"2121","target":"2339"},{"source":"2121","target":"2340"},{"source":"2121","target":"2347"},{"source":"2121","target":"2352"},{"source":"2121","target":"2354"},{"source":"2121","target":"2356"},{"source":"2121","target":"2359"},{"source":"2121","target":"2363"},{"source":"2121","target":"2369"},{"source":"2121","target":"2370"},{"source":"2121","target":"2374"},{"source":"2121","target":"2376"},{"source":"2121","target":"2381"},{"source":"2121","target":"2392"},{"source":"2121","target":"2395"},{"source":"2121","target":"2408"},{"source":"2121","target":"2409"},{"source":"2121","target":"2410"},{"source":"2121","target":"2414"},{"source":"2121","target":"2418"},{"source":"2121","target":"2423"},{"source":"2121","target":"2427"},{"source":"2121","target":"2428"},{"source":"2121","target":"2430"},{"source":"2121","target":"2433"},{"source":"2121","target":"2460"},{"source":"2121","target":"2464"},{"source":"2121","target":"2467"},{"source":"2121","target":"2468"},{"source":"2121","target":"2469"},{"source":"2121","target":"2477"},{"source":"2121","target":"2482"},{"source":"2121","target":"2489"},{"source":"2121","target":"2492"},{"source":"2121","target":"2499"},{"source":"2121","target":"2500"},{"source":"2121","target":"2504"},{"source":"2121","target":"2507"},{"source":"2121","target":"2520"},{"source":"2121","target":"2521"},{"source":"2121","target":"2526"},{"source":"2121","target":"2532"},{"source":"2121","target":"2536"},{"source":"2121","target":"2542"},{"source":"2121","target":"2549"},{"source":"2121","target":"2550"},{"source":"2121","target":"2553"},{"source":"2121","target":"2556"},{"source":"2121","target":"2559"},{"source":"2121","target":"2560"},{"source":"2121","target":"2561"},{"source":"2121","target":"2564"},{"source":"2121","target":"2573"},{"source":"2121","target":"2575"},{"source":"2121","target":"2578"},{"source":"2121","target":"2586"},{"source":"2121","target":"2590"},{"source":"2121","target":"2593"},{"source":"2121","target":"2600"},{"source":"2121","target":"2601"},{"source":"2121","target":"2602"},{"source":"2121","target":"2604"},{"source":"2121","target":"2607"},{"source":"2121","target":"2611"},{"source":"2121","target":"2615"},{"source":"2121","target":"2619"},{"source":"2121","target":"2623"},{"source":"2121","target":"2624"},{"source":"2121","target":"2625"},{"source":"2121","target":"2638"},{"source":"2121","target":"2654"},{"source":"2121","target":"2655"},{"source":"2122","target":"2123"},{"source":"2122","target":"2124"},{"source":"2122","target":"2131"},{"source":"2122","target":"2136"},{"source":"2122","target":"2139"},{"source":"2122","target":"2142"},{"source":"2122","target":"2150"},{"source":"2122","target":"2154"},{"source":"2122","target":"2165"},{"source":"2122","target":"2172"},{"source":"2122","target":"2179"},{"source":"2122","target":"2184"},{"source":"2122","target":"2188"},{"source":"2122","target":"2190"},{"source":"2122","target":"2200"},{"source":"2122","target":"2201"},{"source":"2122","target":"2206"},{"source":"2122","target":"2216"},{"source":"2122","target":"2218"},{"source":"2122","target":"2220"},{"source":"2122","target":"2229"},{"source":"2122","target":"2233"},{"source":"2122","target":"2240"},{"source":"2122","target":"2244"},{"source":"2122","target":"2253"},{"source":"2122","target":"2257"},{"source":"2122","target":"2261"},{"source":"2122","target":"2266"},{"source":"2122","target":"2271"},{"source":"2122","target":"2275"},{"source":"2122","target":"2278"},{"source":"2122","target":"2290"},{"source":"2122","target":"2299"},{"source":"2122","target":"2300"},{"source":"2122","target":"2307"},{"source":"2122","target":"2308"},{"source":"2122","target":"2309"},{"source":"2122","target":"2323"},{"source":"2122","target":"2326"},{"source":"2122","target":"2339"},{"source":"2122","target":"2340"},{"source":"2122","target":"2347"},{"source":"2122","target":"2348"},{"source":"2122","target":"2352"},{"source":"2122","target":"2353"},{"source":"2122","target":"2354"},{"source":"2122","target":"2356"},{"source":"2122","target":"2359"},{"source":"2122","target":"2363"},{"source":"2122","target":"2369"},{"source":"2122","target":"2370"},{"source":"2122","target":"2374"},{"source":"2122","target":"2376"},{"source":"2122","target":"2381"},{"source":"2122","target":"2386"},{"source":"2122","target":"2404"},{"source":"2122","target":"2407"},{"source":"2122","target":"2408"},{"source":"2122","target":"2409"},{"source":"2122","target":"2410"},{"source":"2122","target":"2414"},{"source":"2122","target":"2418"},{"source":"2122","target":"2423"},{"source":"2122","target":"2428"},{"source":"2122","target":"2430"},{"source":"2122","target":"2433"},{"source":"2122","target":"2446"},{"source":"2122","target":"2460"},{"source":"2122","target":"2464"},{"source":"2122","target":"2477"},{"source":"2122","target":"2485"},{"source":"2122","target":"2489"},{"source":"2122","target":"2492"},{"source":"2122","target":"2495"},{"source":"2122","target":"2500"},{"source":"2122","target":"2504"},{"source":"2122","target":"2507"},{"source":"2122","target":"2520"},{"source":"2122","target":"2521"},{"source":"2122","target":"2539"},{"source":"2122","target":"2542"},{"source":"2122","target":"2546"},{"source":"2122","target":"2549"},{"source":"2122","target":"2551"},{"source":"2122","target":"2553"},{"source":"2122","target":"2556"},{"source":"2122","target":"2560"},{"source":"2122","target":"2564"},{"source":"2122","target":"2575"},{"source":"2122","target":"2578"},{"source":"2122","target":"2586"},{"source":"2122","target":"2590"},{"source":"2122","target":"2593"},{"source":"2122","target":"2600"},{"source":"2122","target":"2601"},{"source":"2122","target":"2604"},{"source":"2122","target":"2606"},{"source":"2122","target":"2607"},{"source":"2122","target":"2611"},{"source":"2122","target":"2615"},{"source":"2122","target":"2619"},{"source":"2122","target":"2624"},{"source":"2122","target":"2625"},{"source":"2122","target":"2638"},{"source":"2122","target":"2646"},{"source":"2123","target":"2124"},{"source":"2123","target":"2131"},{"source":"2123","target":"2136"},{"source":"2123","target":"2139"},{"source":"2123","target":"2140"},{"source":"2123","target":"2142"},{"source":"2123","target":"2150"},{"source":"2123","target":"2154"},{"source":"2123","target":"2165"},{"source":"2123","target":"2172"},{"source":"2123","target":"2179"},{"source":"2123","target":"2184"},{"source":"2123","target":"2188"},{"source":"2123","target":"2190"},{"source":"2123","target":"2200"},{"source":"2123","target":"2201"},{"source":"2123","target":"2206"},{"source":"2123","target":"2210"},{"source":"2123","target":"2212"},{"source":"2123","target":"2213"},{"source":"2123","target":"2216"},{"source":"2123","target":"2218"},{"source":"2123","target":"2220"},{"source":"2123","target":"2229"},{"source":"2123","target":"2233"},{"source":"2123","target":"2237"},{"source":"2123","target":"2240"},{"source":"2123","target":"2244"},{"source":"2123","target":"2253"},{"source":"2123","target":"2257"},{"source":"2123","target":"2261"},{"source":"2123","target":"2266"},{"source":"2123","target":"2271"},{"source":"2123","target":"2275"},{"source":"2123","target":"2276"},{"source":"2123","target":"2278"},{"source":"2123","target":"2287"},{"source":"2123","target":"2290"},{"source":"2123","target":"2299"},{"source":"2123","target":"2300"},{"source":"2123","target":"2306"},{"source":"2123","target":"2307"},{"source":"2123","target":"2308"},{"source":"2123","target":"2309"},{"source":"2123","target":"2311"},{"source":"2123","target":"2323"},{"source":"2123","target":"2324"},{"source":"2123","target":"2326"},{"source":"2123","target":"2329"},{"source":"2123","target":"2331"},{"source":"2123","target":"2334"},{"source":"2123","target":"2339"},{"source":"2123","target":"2340"},{"source":"2123","target":"2347"},{"source":"2123","target":"2348"},{"source":"2123","target":"2352"},{"source":"2123","target":"2353"},{"source":"2123","target":"2354"},{"source":"2123","target":"2356"},{"source":"2123","target":"2359"},{"source":"2123","target":"2363"},{"source":"2123","target":"2369"},{"source":"2123","target":"2370"},{"source":"2123","target":"2374"},{"source":"2123","target":"2376"},{"source":"2123","target":"2381"},{"source":"2123","target":"2386"},{"source":"2123","target":"2387"},{"source":"2123","target":"2391"},{"source":"2123","target":"2395"},{"source":"2123","target":"2404"},{"source":"2123","target":"2407"},{"source":"2123","target":"2408"},{"source":"2123","target":"2409"},{"source":"2123","target":"2410"},{"source":"2123","target":"2414"},{"source":"2123","target":"2418"},{"source":"2123","target":"2428"},{"source":"2123","target":"2429"},{"source":"2123","target":"2430"},{"source":"2123","target":"2433"},{"source":"2123","target":"2446"},{"source":"2123","target":"2460"},{"source":"2123","target":"2462"},{"source":"2123","target":"2464"},{"source":"2123","target":"2467"},{"source":"2123","target":"2469"},{"source":"2123","target":"2477"},{"source":"2123","target":"2478"},{"source":"2123","target":"2482"},{"source":"2123","target":"2484"},{"source":"2123","target":"2485"},{"source":"2123","target":"2489"},{"source":"2123","target":"2492"},{"source":"2123","target":"2495"},{"source":"2123","target":"2499"},{"source":"2123","target":"2500"},{"source":"2123","target":"2504"},{"source":"2123","target":"2506"},{"source":"2123","target":"2507"},{"source":"2123","target":"2520"},{"source":"2123","target":"2521"},{"source":"2123","target":"2526"},{"source":"2123","target":"2532"},{"source":"2123","target":"2539"},{"source":"2123","target":"2542"},{"source":"2123","target":"2543"},{"source":"2123","target":"2546"},{"source":"2123","target":"2549"},{"source":"2123","target":"2550"},{"source":"2123","target":"2551"},{"source":"2123","target":"2552"},{"source":"2123","target":"2553"},{"source":"2123","target":"2554"},{"source":"2123","target":"2556"},{"source":"2123","target":"2559"},{"source":"2123","target":"2560"},{"source":"2123","target":"2561"},{"source":"2123","target":"2563"},{"source":"2123","target":"2564"},{"source":"2123","target":"2573"},{"source":"2123","target":"2574"},{"source":"2123","target":"2575"},{"source":"2123","target":"2576"},{"source":"2123","target":"2578"},{"source":"2123","target":"2579"},{"source":"2123","target":"2586"},{"source":"2123","target":"2590"},{"source":"2123","target":"2591"},{"source":"2123","target":"2593"},{"source":"2123","target":"2600"},{"source":"2123","target":"2601"},{"source":"2123","target":"2602"},{"source":"2123","target":"2604"},{"source":"2123","target":"2607"},{"source":"2123","target":"2611"},{"source":"2123","target":"2613"},{"source":"2123","target":"2615"},{"source":"2123","target":"2623"},{"source":"2123","target":"2624"},{"source":"2123","target":"2625"},{"source":"2123","target":"2630"},{"source":"2123","target":"2631"},{"source":"2123","target":"2638"},{"source":"2123","target":"2646"},{"source":"2123","target":"2654"},{"source":"2123","target":"2655"},{"source":"2124","target":"2131"},{"source":"2124","target":"2136"},{"source":"2124","target":"2139"},{"source":"2124","target":"2140"},{"source":"2124","target":"2142"},{"source":"2124","target":"2150"},{"source":"2124","target":"2154"},{"source":"2124","target":"2165"},{"source":"2124","target":"2172"},{"source":"2124","target":"2179"},{"source":"2124","target":"2184"},{"source":"2124","target":"2188"},{"source":"2124","target":"2190"},{"source":"2124","target":"2201"},{"source":"2124","target":"2206"},{"source":"2124","target":"2212"},{"source":"2124","target":"2213"},{"source":"2124","target":"2216"},{"source":"2124","target":"2218"},{"source":"2124","target":"2220"},{"source":"2124","target":"2229"},{"source":"2124","target":"2233"},{"source":"2124","target":"2240"},{"source":"2124","target":"2244"},{"source":"2124","target":"2253"},{"source":"2124","target":"2266"},{"source":"2124","target":"2271"},{"source":"2124","target":"2275"},{"source":"2124","target":"2276"},{"source":"2124","target":"2278"},{"source":"2124","target":"2287"},{"source":"2124","target":"2290"},{"source":"2124","target":"2299"},{"source":"2124","target":"2306"},{"source":"2124","target":"2307"},{"source":"2124","target":"2308"},{"source":"2124","target":"2309"},{"source":"2124","target":"2311"},{"source":"2124","target":"2323"},{"source":"2124","target":"2324"},{"source":"2124","target":"2326"},{"source":"2124","target":"2331"},{"source":"2124","target":"2334"},{"source":"2124","target":"2339"},{"source":"2124","target":"2340"},{"source":"2124","target":"2347"},{"source":"2124","target":"2352"},{"source":"2124","target":"2354"},{"source":"2124","target":"2356"},{"source":"2124","target":"2359"},{"source":"2124","target":"2363"},{"source":"2124","target":"2369"},{"source":"2124","target":"2370"},{"source":"2124","target":"2374"},{"source":"2124","target":"2376"},{"source":"2124","target":"2381"},{"source":"2124","target":"2387"},{"source":"2124","target":"2395"},{"source":"2124","target":"2404"},{"source":"2124","target":"2408"},{"source":"2124","target":"2409"},{"source":"2124","target":"2410"},{"source":"2124","target":"2414"},{"source":"2124","target":"2423"},{"source":"2124","target":"2428"},{"source":"2124","target":"2433"},{"source":"2124","target":"2446"},{"source":"2124","target":"2460"},{"source":"2124","target":"2464"},{"source":"2124","target":"2467"},{"source":"2124","target":"2468"},{"source":"2124","target":"2469"},{"source":"2124","target":"2477"},{"source":"2124","target":"2478"},{"source":"2124","target":"2482"},{"source":"2124","target":"2484"},{"source":"2124","target":"2489"},{"source":"2124","target":"2492"},{"source":"2124","target":"2500"},{"source":"2124","target":"2504"},{"source":"2124","target":"2507"},{"source":"2124","target":"2520"},{"source":"2124","target":"2521"},{"source":"2124","target":"2526"},{"source":"2124","target":"2532"},{"source":"2124","target":"2539"},{"source":"2124","target":"2542"},{"source":"2124","target":"2543"},{"source":"2124","target":"2549"},{"source":"2124","target":"2550"},{"source":"2124","target":"2552"},{"source":"2124","target":"2553"},{"source":"2124","target":"2556"},{"source":"2124","target":"2559"},{"source":"2124","target":"2560"},{"source":"2124","target":"2561"},{"source":"2124","target":"2564"},{"source":"2124","target":"2573"},{"source":"2124","target":"2574"},{"source":"2124","target":"2578"},{"source":"2124","target":"2579"},{"source":"2124","target":"2586"},{"source":"2124","target":"2590"},{"source":"2124","target":"2591"},{"source":"2124","target":"2593"},{"source":"2124","target":"2600"},{"source":"2124","target":"2601"},{"source":"2124","target":"2602"},{"source":"2124","target":"2604"},{"source":"2124","target":"2607"},{"source":"2124","target":"2611"},{"source":"2124","target":"2615"},{"source":"2124","target":"2619"},{"source":"2124","target":"2623"},{"source":"2124","target":"2624"},{"source":"2124","target":"2625"},{"source":"2124","target":"2630"},{"source":"2124","target":"2631"},{"source":"2124","target":"2638"},{"source":"2124","target":"2646"},{"source":"2124","target":"2654"},{"source":"2124","target":"2655"},{"source":"2125","target":"2133"},{"source":"2125","target":"2138"},{"source":"2125","target":"2143"},{"source":"2125","target":"2148"},{"source":"2125","target":"2149"},{"source":"2125","target":"2151"},{"source":"2125","target":"2153"},{"source":"2125","target":"2161"},{"source":"2125","target":"2163"},{"source":"2125","target":"2169"},{"source":"2125","target":"2174"},{"source":"2125","target":"2176"},{"source":"2125","target":"2183"},{"source":"2125","target":"2187"},{"source":"2125","target":"2196"},{"source":"2125","target":"2198"},{"source":"2125","target":"2203"},{"source":"2125","target":"2223"},{"source":"2125","target":"2224"},{"source":"2125","target":"2232"},{"source":"2125","target":"2241"},{"source":"2125","target":"2243"},{"source":"2125","target":"2246"},{"source":"2125","target":"2247"},{"source":"2125","target":"2250"},{"source":"2125","target":"2273"},{"source":"2125","target":"2279"},{"source":"2125","target":"2282"},{"source":"2125","target":"2283"},{"source":"2125","target":"2289"},{"source":"2125","target":"2292"},{"source":"2125","target":"2294"},{"source":"2125","target":"2295"},{"source":"2125","target":"2298"},{"source":"2125","target":"2302"},{"source":"2125","target":"2304"},{"source":"2125","target":"2319"},{"source":"2125","target":"2327"},{"source":"2125","target":"2328"},{"source":"2125","target":"2332"},{"source":"2125","target":"2333"},{"source":"2125","target":"2336"},{"source":"2125","target":"2338"},{"source":"2125","target":"2343"},{"source":"2125","target":"2344"},{"source":"2125","target":"2347"},{"source":"2125","target":"2351"},{"source":"2125","target":"2368"},{"source":"2125","target":"2372"},{"source":"2125","target":"2384"},{"source":"2125","target":"2398"},{"source":"2125","target":"2399"},{"source":"2125","target":"2419"},{"source":"2125","target":"2434"},{"source":"2125","target":"2451"},{"source":"2125","target":"2458"},{"source":"2125","target":"2461"},{"source":"2125","target":"2463"},{"source":"2125","target":"2471"},{"source":"2125","target":"2475"},{"source":"2125","target":"2498"},{"source":"2125","target":"2501"},{"source":"2125","target":"2502"},{"source":"2125","target":"2509"},{"source":"2125","target":"2510"},{"source":"2125","target":"2511"},{"source":"2125","target":"2512"},{"source":"2125","target":"2516"},{"source":"2125","target":"2518"},{"source":"2125","target":"2519"},{"source":"2125","target":"2533"},{"source":"2125","target":"2543"},{"source":"2125","target":"2555"},{"source":"2125","target":"2582"},{"source":"2125","target":"2588"},{"source":"2125","target":"2592"},{"source":"2125","target":"2594"},{"source":"2125","target":"2598"},{"source":"2125","target":"2603"},{"source":"2125","target":"2605"},{"source":"2125","target":"2616"},{"source":"2125","target":"2629"},{"source":"2125","target":"2642"},{"source":"2125","target":"2643"},{"source":"2125","target":"2649"},{"source":"2126","target":"2129"},{"source":"2126","target":"2146"},{"source":"2126","target":"2152"},{"source":"2126","target":"2160"},{"source":"2126","target":"2162"},{"source":"2126","target":"2173"},{"source":"2126","target":"2181"},{"source":"2126","target":"2197"},{"source":"2126","target":"2231"},{"source":"2126","target":"2236"},{"source":"2126","target":"2283"},{"source":"2126","target":"2301"},{"source":"2126","target":"2313"},{"source":"2126","target":"2317"},{"source":"2126","target":"2335"},{"source":"2126","target":"2341"},{"source":"2126","target":"2360"},{"source":"2126","target":"2361"},{"source":"2126","target":"2366"},{"source":"2126","target":"2371"},{"source":"2126","target":"2405"},{"source":"2126","target":"2412"},{"source":"2126","target":"2424"},{"source":"2126","target":"2440"},{"source":"2126","target":"2448"},{"source":"2126","target":"2455"},{"source":"2126","target":"2488"},{"source":"2126","target":"2535"},{"source":"2126","target":"2540"},{"source":"2126","target":"2570"},{"source":"2126","target":"2577"},{"source":"2126","target":"2587"},{"source":"2126","target":"2628"},{"source":"2126","target":"2659"},{"source":"2127","target":"2133"},{"source":"2127","target":"2134"},{"source":"2127","target":"2138"},{"source":"2127","target":"2144"},{"source":"2127","target":"2148"},{"source":"2127","target":"2149"},{"source":"2127","target":"2151"},{"source":"2127","target":"2153"},{"source":"2127","target":"2174"},{"source":"2127","target":"2176"},{"source":"2127","target":"2183"},{"source":"2127","target":"2187"},{"source":"2127","target":"2189"},{"source":"2127","target":"2196"},{"source":"2127","target":"2199"},{"source":"2127","target":"2203"},{"source":"2127","target":"2223"},{"source":"2127","target":"2224"},{"source":"2127","target":"2241"},{"source":"2127","target":"2246"},{"source":"2127","target":"2250"},{"source":"2127","target":"2254"},{"source":"2127","target":"2268"},{"source":"2127","target":"2279"},{"source":"2127","target":"2283"},{"source":"2127","target":"2289"},{"source":"2127","target":"2292"},{"source":"2127","target":"2302"},{"source":"2127","target":"2312"},{"source":"2127","target":"2319"},{"source":"2127","target":"2327"},{"source":"2127","target":"2328"},{"source":"2127","target":"2330"},{"source":"2127","target":"2332"},{"source":"2127","target":"2333"},{"source":"2127","target":"2336"},{"source":"2127","target":"2338"},{"source":"2127","target":"2343"},{"source":"2127","target":"2351"},{"source":"2127","target":"2355"},{"source":"2127","target":"2367"},{"source":"2127","target":"2372"},{"source":"2127","target":"2384"},{"source":"2127","target":"2389"},{"source":"2127","target":"2394"},{"source":"2127","target":"2396"},{"source":"2127","target":"2398"},{"source":"2127","target":"2400"},{"source":"2127","target":"2419"},{"source":"2127","target":"2436"},{"source":"2127","target":"2445"},{"source":"2127","target":"2451"},{"source":"2127","target":"2458"},{"source":"2127","target":"2463"},{"source":"2127","target":"2471"},{"source":"2127","target":"2473"},{"source":"2127","target":"2491"},{"source":"2127","target":"2498"},{"source":"2127","target":"2508"},{"source":"2127","target":"2510"},{"source":"2127","target":"2511"},{"source":"2127","target":"2512"},{"source":"2127","target":"2516"},{"source":"2127","target":"2529"},{"source":"2127","target":"2533"},{"source":"2127","target":"2537"},{"source":"2127","target":"2543"},{"source":"2127","target":"2555"},{"source":"2127","target":"2567"},{"source":"2127","target":"2582"},{"source":"2127","target":"2588"},{"source":"2127","target":"2589"},{"source":"2127","target":"2592"},{"source":"2127","target":"2594"},{"source":"2127","target":"2597"},{"source":"2127","target":"2598"},{"source":"2127","target":"2608"},{"source":"2127","target":"2616"},{"source":"2127","target":"2617"},{"source":"2127","target":"2629"},{"source":"2127","target":"2643"},{"source":"2127","target":"2649"},{"source":"2128","target":"2132"},{"source":"2128","target":"2135"},{"source":"2128","target":"2138"},{"source":"2128","target":"2143"},{"source":"2128","target":"2148"},{"source":"2128","target":"2151"},{"source":"2128","target":"2153"},{"source":"2128","target":"2163"},{"source":"2128","target":"2183"},{"source":"2128","target":"2187"},{"source":"2128","target":"2203"},{"source":"2128","target":"2233"},{"source":"2128","target":"2246"},{"source":"2128","target":"2250"},{"source":"2128","target":"2267"},{"source":"2128","target":"2268"},{"source":"2128","target":"2278"},{"source":"2128","target":"2279"},{"source":"2128","target":"2283"},{"source":"2128","target":"2287"},{"source":"2128","target":"2292"},{"source":"2128","target":"2294"},{"source":"2128","target":"2302"},{"source":"2128","target":"2304"},{"source":"2128","target":"2310"},{"source":"2128","target":"2322"},{"source":"2128","target":"2328"},{"source":"2128","target":"2332"},{"source":"2128","target":"2333"},{"source":"2128","target":"2338"},{"source":"2128","target":"2344"},{"source":"2128","target":"2347"},{"source":"2128","target":"2351"},{"source":"2128","target":"2355"},{"source":"2128","target":"2368"},{"source":"2128","target":"2372"},{"source":"2128","target":"2384"},{"source":"2128","target":"2399"},{"source":"2128","target":"2400"},{"source":"2128","target":"2436"},{"source":"2128","target":"2438"},{"source":"2128","target":"2463"},{"source":"2128","target":"2475"},{"source":"2128","target":"2479"},{"source":"2128","target":"2491"},{"source":"2128","target":"2502"},{"source":"2128","target":"2509"},{"source":"2128","target":"2512"},{"source":"2128","target":"2516"},{"source":"2128","target":"2529"},{"source":"2128","target":"2533"},{"source":"2128","target":"2537"},{"source":"2128","target":"2543"},{"source":"2128","target":"2544"},{"source":"2128","target":"2555"},{"source":"2128","target":"2567"},{"source":"2128","target":"2582"},{"source":"2128","target":"2594"},{"source":"2128","target":"2598"},{"source":"2128","target":"2603"},{"source":"2128","target":"2616"},{"source":"2128","target":"2629"},{"source":"2128","target":"2642"},{"source":"2128","target":"2643"},{"source":"2128","target":"2646"},{"source":"2129","target":"2146"},{"source":"2129","target":"2181"},{"source":"2129","target":"2231"},{"source":"2129","target":"2236"},{"source":"2129","target":"2260"},{"source":"2129","target":"2313"},{"source":"2129","target":"2317"},{"source":"2129","target":"2342"},{"source":"2129","target":"2357"},{"source":"2129","target":"2371"},{"source":"2129","target":"2373"},{"source":"2129","target":"2397"},{"source":"2129","target":"2402"},{"source":"2129","target":"2405"},{"source":"2129","target":"2412"},{"source":"2129","target":"2440"},{"source":"2129","target":"2448"},{"source":"2129","target":"2488"},{"source":"2129","target":"2540"},{"source":"2129","target":"2570"},{"source":"2129","target":"2577"},{"source":"2129","target":"2587"},{"source":"2129","target":"2614"},{"source":"2129","target":"2628"},{"source":"2129","target":"2644"},{"source":"2129","target":"2656"},{"source":"2130","target":"2156"},{"source":"2130","target":"2160"},{"source":"2130","target":"2197"},{"source":"2130","target":"2313"},{"source":"2130","target":"2341"},{"source":"2130","target":"2397"},{"source":"2130","target":"2448"},{"source":"2130","target":"2618"},{"source":"2130","target":"2659"},{"source":"2131","target":"2139"},{"source":"2131","target":"2140"},{"source":"2131","target":"2142"},{"source":"2131","target":"2150"},{"source":"2131","target":"2154"},{"source":"2131","target":"2165"},{"source":"2131","target":"2172"},{"source":"2131","target":"2179"},{"source":"2131","target":"2184"},{"source":"2131","target":"2188"},{"source":"2131","target":"2190"},{"source":"2131","target":"2200"},{"source":"2131","target":"2201"},{"source":"2131","target":"2206"},{"source":"2131","target":"2210"},{"source":"2131","target":"2216"},{"source":"2131","target":"2218"},{"source":"2131","target":"2220"},{"source":"2131","target":"2229"},{"source":"2131","target":"2233"},{"source":"2131","target":"2237"},{"source":"2131","target":"2240"},{"source":"2131","target":"2244"},{"source":"2131","target":"2253"},{"source":"2131","target":"2257"},{"source":"2131","target":"2261"},{"source":"2131","target":"2266"},{"source":"2131","target":"2271"},{"source":"2131","target":"2275"},{"source":"2131","target":"2276"},{"source":"2131","target":"2278"},{"source":"2131","target":"2287"},{"source":"2131","target":"2290"},{"source":"2131","target":"2299"},{"source":"2131","target":"2300"},{"source":"2131","target":"2306"},{"source":"2131","target":"2307"},{"source":"2131","target":"2308"},{"source":"2131","target":"2309"},{"source":"2131","target":"2311"},{"source":"2131","target":"2323"},{"source":"2131","target":"2324"},{"source":"2131","target":"2326"},{"source":"2131","target":"2331"},{"source":"2131","target":"2334"},{"source":"2131","target":"2339"},{"source":"2131","target":"2340"},{"source":"2131","target":"2347"},{"source":"2131","target":"2348"},{"source":"2131","target":"2352"},{"source":"2131","target":"2353"},{"source":"2131","target":"2354"},{"source":"2131","target":"2356"},{"source":"2131","target":"2359"},{"source":"2131","target":"2363"},{"source":"2131","target":"2369"},{"source":"2131","target":"2370"},{"source":"2131","target":"2374"},{"source":"2131","target":"2376"},{"source":"2131","target":"2381"},{"source":"2131","target":"2386"},{"source":"2131","target":"2395"},{"source":"2131","target":"2404"},{"source":"2131","target":"2407"},{"source":"2131","target":"2408"},{"source":"2131","target":"2409"},{"source":"2131","target":"2410"},{"source":"2131","target":"2414"},{"source":"2131","target":"2418"},{"source":"2131","target":"2423"},{"source":"2131","target":"2428"},{"source":"2131","target":"2430"},{"source":"2131","target":"2433"},{"source":"2131","target":"2446"},{"source":"2131","target":"2449"},{"source":"2131","target":"2460"},{"source":"2131","target":"2462"},{"source":"2131","target":"2464"},{"source":"2131","target":"2467"},{"source":"2131","target":"2468"},{"source":"2131","target":"2469"},{"source":"2131","target":"2476"},{"source":"2131","target":"2477"},{"source":"2131","target":"2478"},{"source":"2131","target":"2482"},{"source":"2131","target":"2484"},{"source":"2131","target":"2485"},{"source":"2131","target":"2489"},{"source":"2131","target":"2492"},{"source":"2131","target":"2495"},{"source":"2131","target":"2499"},{"source":"2131","target":"2500"},{"source":"2131","target":"2504"},{"source":"2131","target":"2506"},{"source":"2131","target":"2507"},{"source":"2131","target":"2520"},{"source":"2131","target":"2521"},{"source":"2131","target":"2526"},{"source":"2131","target":"2532"},{"source":"2131","target":"2539"},{"source":"2131","target":"2542"},{"source":"2131","target":"2543"},{"source":"2131","target":"2546"},{"source":"2131","target":"2547"},{"source":"2131","target":"2549"},{"source":"2131","target":"2550"},{"source":"2131","target":"2551"},{"source":"2131","target":"2552"},{"source":"2131","target":"2553"},{"source":"2131","target":"2554"},{"source":"2131","target":"2556"},{"source":"2131","target":"2559"},{"source":"2131","target":"2560"},{"source":"2131","target":"2561"},{"source":"2131","target":"2563"},{"source":"2131","target":"2564"},{"source":"2131","target":"2573"},{"source":"2131","target":"2574"},{"source":"2131","target":"2575"},{"source":"2131","target":"2576"},{"source":"2131","target":"2578"},{"source":"2131","target":"2579"},{"source":"2131","target":"2586"},{"source":"2131","target":"2590"},{"source":"2131","target":"2593"},{"source":"2131","target":"2600"},{"source":"2131","target":"2601"},{"source":"2131","target":"2602"},{"source":"2131","target":"2604"},{"source":"2131","target":"2606"},{"source":"2131","target":"2607"},{"source":"2131","target":"2611"},{"source":"2131","target":"2613"},{"source":"2131","target":"2615"},{"source":"2131","target":"2619"},{"source":"2131","target":"2623"},{"source":"2131","target":"2624"},{"source":"2131","target":"2625"},{"source":"2131","target":"2630"},{"source":"2131","target":"2631"},{"source":"2131","target":"2638"},{"source":"2131","target":"2654"},{"source":"2131","target":"2655"},{"source":"2132","target":"2149"},{"source":"2132","target":"2161"},{"source":"2132","target":"2169"},{"source":"2132","target":"2183"},{"source":"2132","target":"2185"},{"source":"2132","target":"2187"},{"source":"2132","target":"2198"},{"source":"2132","target":"2199"},{"source":"2132","target":"2221"},{"source":"2132","target":"2222"},{"source":"2132","target":"2235"},{"source":"2132","target":"2241"},{"source":"2132","target":"2243"},{"source":"2132","target":"2246"},{"source":"2132","target":"2247"},{"source":"2132","target":"2264"},{"source":"2132","target":"2273"},{"source":"2132","target":"2274"},{"source":"2132","target":"2280"},{"source":"2132","target":"2282"},{"source":"2132","target":"2292"},{"source":"2132","target":"2294"},{"source":"2132","target":"2304"},{"source":"2132","target":"2319"},{"source":"2132","target":"2324"},{"source":"2132","target":"2327"},{"source":"2132","target":"2328"},{"source":"2132","target":"2333"},{"source":"2132","target":"2336"},{"source":"2132","target":"2343"},{"source":"2132","target":"2344"},{"source":"2132","target":"2368"},{"source":"2132","target":"2377"},{"source":"2132","target":"2384"},{"source":"2132","target":"2390"},{"source":"2132","target":"2394"},{"source":"2132","target":"2396"},{"source":"2132","target":"2399"},{"source":"2132","target":"2415"},{"source":"2132","target":"2419"},{"source":"2132","target":"2432"},{"source":"2132","target":"2434"},{"source":"2132","target":"2438"},{"source":"2132","target":"2451"},{"source":"2132","target":"2458"},{"source":"2132","target":"2461"},{"source":"2132","target":"2462"},{"source":"2132","target":"2471"},{"source":"2132","target":"2475"},{"source":"2132","target":"2479"},{"source":"2132","target":"2491"},{"source":"2132","target":"2501"},{"source":"2132","target":"2509"},{"source":"2132","target":"2510"},{"source":"2132","target":"2511"},{"source":"2132","target":"2512"},{"source":"2132","target":"2518"},{"source":"2132","target":"2537"},{"source":"2132","target":"2555"},{"source":"2132","target":"2592"},{"source":"2132","target":"2594"},{"source":"2132","target":"2598"},{"source":"2132","target":"2603"},{"source":"2132","target":"2617"},{"source":"2132","target":"2629"},{"source":"2132","target":"2642"},{"source":"2132","target":"2652"},{"source":"2133","target":"2135"},{"source":"2133","target":"2138"},{"source":"2133","target":"2141"},{"source":"2133","target":"2143"},{"source":"2133","target":"2144"},{"source":"2133","target":"2145"},{"source":"2133","target":"2149"},{"source":"2133","target":"2151"},{"source":"2133","target":"2153"},{"source":"2133","target":"2155"},{"source":"2133","target":"2169"},{"source":"2133","target":"2174"},{"source":"2133","target":"2175"},{"source":"2133","target":"2176"},{"source":"2133","target":"2180"},{"source":"2133","target":"2185"},{"source":"2133","target":"2187"},{"source":"2133","target":"2189"},{"source":"2133","target":"2194"},{"source":"2133","target":"2196"},{"source":"2133","target":"2198"},{"source":"2133","target":"2199"},{"source":"2133","target":"2203"},{"source":"2133","target":"2209"},{"source":"2133","target":"2210"},{"source":"2133","target":"2211"},{"source":"2133","target":"2214"},{"source":"2133","target":"2223"},{"source":"2133","target":"2224"},{"source":"2133","target":"2231"},{"source":"2133","target":"2232"},{"source":"2133","target":"2239"},{"source":"2133","target":"2241"},{"source":"2133","target":"2242"},{"source":"2133","target":"2246"},{"source":"2133","target":"2247"},{"source":"2133","target":"2250"},{"source":"2133","target":"2254"},{"source":"2133","target":"2256"},{"source":"2133","target":"2267"},{"source":"2133","target":"2268"},{"source":"2133","target":"2272"},{"source":"2133","target":"2273"},{"source":"2133","target":"2279"},{"source":"2133","target":"2282"},{"source":"2133","target":"2283"},{"source":"2133","target":"2289"},{"source":"2133","target":"2291"},{"source":"2133","target":"2292"},{"source":"2133","target":"2294"},{"source":"2133","target":"2296"},{"source":"2133","target":"2302"},{"source":"2133","target":"2310"},{"source":"2133","target":"2313"},{"source":"2133","target":"2315"},{"source":"2133","target":"2318"},{"source":"2133","target":"2319"},{"source":"2133","target":"2322"},{"source":"2133","target":"2325"},{"source":"2133","target":"2328"},{"source":"2133","target":"2330"},{"source":"2133","target":"2333"},{"source":"2133","target":"2336"},{"source":"2133","target":"2343"},{"source":"2133","target":"2344"},{"source":"2133","target":"2351"},{"source":"2133","target":"2362"},{"source":"2133","target":"2366"},{"source":"2133","target":"2367"},{"source":"2133","target":"2368"},{"source":"2133","target":"2372"},{"source":"2133","target":"2377"},{"source":"2133","target":"2384"},{"source":"2133","target":"2394"},{"source":"2133","target":"2398"},{"source":"2133","target":"2399"},{"source":"2133","target":"2406"},{"source":"2133","target":"2416"},{"source":"2133","target":"2417"},{"source":"2133","target":"2419"},{"source":"2133","target":"2436"},{"source":"2133","target":"2440"},{"source":"2133","target":"2445"},{"source":"2133","target":"2451"},{"source":"2133","target":"2461"},{"source":"2133","target":"2463"},{"source":"2133","target":"2471"},{"source":"2133","target":"2474"},{"source":"2133","target":"2475"},{"source":"2133","target":"2480"},{"source":"2133","target":"2491"},{"source":"2133","target":"2498"},{"source":"2133","target":"2508"},{"source":"2133","target":"2509"},{"source":"2133","target":"2510"},{"source":"2133","target":"2511"},{"source":"2133","target":"2512"},{"source":"2133","target":"2514"},{"source":"2133","target":"2517"},{"source":"2133","target":"2525"},{"source":"2133","target":"2543"},{"source":"2133","target":"2555"},{"source":"2133","target":"2557"},{"source":"2133","target":"2567"},{"source":"2133","target":"2582"},{"source":"2133","target":"2588"},{"source":"2133","target":"2589"},{"source":"2133","target":"2592"},{"source":"2133","target":"2594"},{"source":"2133","target":"2598"},{"source":"2133","target":"2603"},{"source":"2133","target":"2608"},{"source":"2133","target":"2610"},{"source":"2133","target":"2616"},{"source":"2133","target":"2617"},{"source":"2133","target":"2629"},{"source":"2133","target":"2637"},{"source":"2133","target":"2642"},{"source":"2133","target":"2649"},{"source":"2133","target":"2653"},{"source":"2134","target":"2138"},{"source":"2134","target":"2148"},{"source":"2134","target":"2149"},{"source":"2134","target":"2153"},{"source":"2134","target":"2169"},{"source":"2134","target":"2180"},{"source":"2134","target":"2187"},{"source":"2134","target":"2191"},{"source":"2134","target":"2194"},{"source":"2134","target":"2196"},{"source":"2134","target":"2199"},{"source":"2134","target":"2215"},{"source":"2134","target":"2223"},{"source":"2134","target":"2241"},{"source":"2134","target":"2254"},{"source":"2134","target":"2264"},{"source":"2134","target":"2268"},{"source":"2134","target":"2273"},{"source":"2134","target":"2279"},{"source":"2134","target":"2283"},{"source":"2134","target":"2285"},{"source":"2134","target":"2289"},{"source":"2134","target":"2292"},{"source":"2134","target":"2302"},{"source":"2134","target":"2315"},{"source":"2134","target":"2319"},{"source":"2134","target":"2332"},{"source":"2134","target":"2333"},{"source":"2134","target":"2336"},{"source":"2134","target":"2347"},{"source":"2134","target":"2351"},{"source":"2134","target":"2372"},{"source":"2134","target":"2384"},{"source":"2134","target":"2385"},{"source":"2134","target":"2398"},{"source":"2134","target":"2399"},{"source":"2134","target":"2417"},{"source":"2134","target":"2451"},{"source":"2134","target":"2463"},{"source":"2134","target":"2465"},{"source":"2134","target":"2471"},{"source":"2134","target":"2496"},{"source":"2134","target":"2508"},{"source":"2134","target":"2510"},{"source":"2134","target":"2511"},{"source":"2134","target":"2533"},{"source":"2134","target":"2543"},{"source":"2134","target":"2555"},{"source":"2134","target":"2567"},{"source":"2134","target":"2588"},{"source":"2134","target":"2598"},{"source":"2134","target":"2616"},{"source":"2134","target":"2629"},{"source":"2134","target":"2642"},{"source":"2134","target":"2643"},{"source":"2135","target":"2137"},{"source":"2135","target":"2138"},{"source":"2135","target":"2143"},{"source":"2135","target":"2153"},{"source":"2135","target":"2174"},{"source":"2135","target":"2180"},{"source":"2135","target":"2183"},{"source":"2135","target":"2187"},{"source":"2135","target":"2191"},{"source":"2135","target":"2194"},{"source":"2135","target":"2196"},{"source":"2135","target":"2199"},{"source":"2135","target":"2203"},{"source":"2135","target":"2224"},{"source":"2135","target":"2239"},{"source":"2135","target":"2241"},{"source":"2135","target":"2247"},{"source":"2135","target":"2264"},{"source":"2135","target":"2267"},{"source":"2135","target":"2268"},{"source":"2135","target":"2279"},{"source":"2135","target":"2282"},{"source":"2135","target":"2283"},{"source":"2135","target":"2292"},{"source":"2135","target":"2293"},{"source":"2135","target":"2302"},{"source":"2135","target":"2315"},{"source":"2135","target":"2319"},{"source":"2135","target":"2330"},{"source":"2135","target":"2332"},{"source":"2135","target":"2333"},{"source":"2135","target":"2336"},{"source":"2135","target":"2338"},{"source":"2135","target":"2347"},{"source":"2135","target":"2351"},{"source":"2135","target":"2372"},{"source":"2135","target":"2384"},{"source":"2135","target":"2417"},{"source":"2135","target":"2420"},{"source":"2135","target":"2436"},{"source":"2135","target":"2463"},{"source":"2135","target":"2472"},{"source":"2135","target":"2475"},{"source":"2135","target":"2496"},{"source":"2135","target":"2502"},{"source":"2135","target":"2509"},{"source":"2135","target":"2511"},{"source":"2135","target":"2512"},{"source":"2135","target":"2533"},{"source":"2135","target":"2543"},{"source":"2135","target":"2544"},{"source":"2135","target":"2555"},{"source":"2135","target":"2567"},{"source":"2135","target":"2592"},{"source":"2135","target":"2597"},{"source":"2135","target":"2598"},{"source":"2135","target":"2629"},{"source":"2135","target":"2642"},{"source":"2135","target":"2643"},{"source":"2135","target":"2653"},{"source":"2136","target":"2164"},{"source":"2136","target":"2172"},{"source":"2136","target":"2184"},{"source":"2136","target":"2200"},{"source":"2136","target":"2201"},{"source":"2136","target":"2206"},{"source":"2136","target":"2216"},{"source":"2136","target":"2220"},{"source":"2136","target":"2229"},{"source":"2136","target":"2233"},{"source":"2136","target":"2244"},{"source":"2136","target":"2261"},{"source":"2136","target":"2275"},{"source":"2136","target":"2300"},{"source":"2136","target":"2307"},{"source":"2136","target":"2308"},{"source":"2136","target":"2326"},{"source":"2136","target":"2340"},{"source":"2136","target":"2347"},{"source":"2136","target":"2354"},{"source":"2136","target":"2363"},{"source":"2136","target":"2370"},{"source":"2136","target":"2374"},{"source":"2136","target":"2376"},{"source":"2136","target":"2404"},{"source":"2136","target":"2408"},{"source":"2136","target":"2409"},{"source":"2136","target":"2418"},{"source":"2136","target":"2423"},{"source":"2136","target":"2428"},{"source":"2136","target":"2446"},{"source":"2136","target":"2464"},{"source":"2136","target":"2467"},{"source":"2136","target":"2477"},{"source":"2136","target":"2489"},{"source":"2136","target":"2500"},{"source":"2136","target":"2504"},{"source":"2136","target":"2507"},{"source":"2136","target":"2532"},{"source":"2136","target":"2539"},{"source":"2136","target":"2543"},{"source":"2136","target":"2564"},{"source":"2136","target":"2576"},{"source":"2136","target":"2611"},{"source":"2136","target":"2625"},{"source":"2136","target":"2638"},{"source":"2136","target":"2646"},{"source":"2137","target":"2143"},{"source":"2137","target":"2148"},{"source":"2137","target":"2153"},{"source":"2137","target":"2183"},{"source":"2137","target":"2267"},{"source":"2137","target":"2279"},{"source":"2137","target":"2282"},{"source":"2137","target":"2283"},{"source":"2137","target":"2293"},{"source":"2137","target":"2319"},{"source":"2137","target":"2328"},{"source":"2137","target":"2333"},{"source":"2137","target":"2347"},{"source":"2137","target":"2351"},{"source":"2137","target":"2384"},{"source":"2137","target":"2385"},{"source":"2137","target":"2398"},{"source":"2137","target":"2420"},{"source":"2137","target":"2468"},{"source":"2137","target":"2491"},{"source":"2137","target":"2502"},{"source":"2137","target":"2506"},{"source":"2137","target":"2510"},{"source":"2137","target":"2533"},{"source":"2137","target":"2543"},{"source":"2137","target":"2555"},{"source":"2137","target":"2561"},{"source":"2137","target":"2573"},{"source":"2137","target":"2592"},{"source":"2137","target":"2594"},{"source":"2137","target":"2597"},{"source":"2137","target":"2608"},{"source":"2137","target":"2629"},{"source":"2138","target":"2144"},{"source":"2138","target":"2148"},{"source":"2138","target":"2149"},{"source":"2138","target":"2151"},{"source":"2138","target":"2153"},{"source":"2138","target":"2169"},{"source":"2138","target":"2174"},{"source":"2138","target":"2176"},{"source":"2138","target":"2180"},{"source":"2138","target":"2183"},{"source":"2138","target":"2187"},{"source":"2138","target":"2189"},{"source":"2138","target":"2191"},{"source":"2138","target":"2194"},{"source":"2138","target":"2196"},{"source":"2138","target":"2198"},{"source":"2138","target":"2199"},{"source":"2138","target":"2203"},{"source":"2138","target":"2215"},{"source":"2138","target":"2223"},{"source":"2138","target":"2224"},{"source":"2138","target":"2232"},{"source":"2138","target":"2239"},{"source":"2138","target":"2241"},{"source":"2138","target":"2250"},{"source":"2138","target":"2254"},{"source":"2138","target":"2259"},{"source":"2138","target":"2267"},{"source":"2138","target":"2273"},{"source":"2138","target":"2279"},{"source":"2138","target":"2282"},{"source":"2138","target":"2283"},{"source":"2138","target":"2289"},{"source":"2138","target":"2292"},{"source":"2138","target":"2293"},{"source":"2138","target":"2294"},{"source":"2138","target":"2302"},{"source":"2138","target":"2305"},{"source":"2138","target":"2315"},{"source":"2138","target":"2319"},{"source":"2138","target":"2325"},{"source":"2138","target":"2328"},{"source":"2138","target":"2332"},{"source":"2138","target":"2333"},{"source":"2138","target":"2336"},{"source":"2138","target":"2338"},{"source":"2138","target":"2344"},{"source":"2138","target":"2347"},{"source":"2138","target":"2351"},{"source":"2138","target":"2368"},{"source":"2138","target":"2372"},{"source":"2138","target":"2377"},{"source":"2138","target":"2384"},{"source":"2138","target":"2385"},{"source":"2138","target":"2387"},{"source":"2138","target":"2394"},{"source":"2138","target":"2398"},{"source":"2138","target":"2417"},{"source":"2138","target":"2420"},{"source":"2138","target":"2436"},{"source":"2138","target":"2445"},{"source":"2138","target":"2451"},{"source":"2138","target":"2458"},{"source":"2138","target":"2461"},{"source":"2138","target":"2463"},{"source":"2138","target":"2465"},{"source":"2138","target":"2471"},{"source":"2138","target":"2472"},{"source":"2138","target":"2491"},{"source":"2138","target":"2496"},{"source":"2138","target":"2508"},{"source":"2138","target":"2509"},{"source":"2138","target":"2510"},{"source":"2138","target":"2511"},{"source":"2138","target":"2512"},{"source":"2138","target":"2533"},{"source":"2138","target":"2537"},{"source":"2138","target":"2543"},{"source":"2138","target":"2555"},{"source":"2138","target":"2567"},{"source":"2138","target":"2582"},{"source":"2138","target":"2589"},{"source":"2138","target":"2592"},{"source":"2138","target":"2594"},{"source":"2138","target":"2597"},{"source":"2138","target":"2598"},{"source":"2138","target":"2608"},{"source":"2138","target":"2609"},{"source":"2138","target":"2617"},{"source":"2138","target":"2629"},{"source":"2138","target":"2642"},{"source":"2138","target":"2643"},{"source":"2138","target":"2649"},{"source":"2138","target":"2653"},{"source":"2139","target":"2140"},{"source":"2139","target":"2142"},{"source":"2139","target":"2150"},{"source":"2139","target":"2154"},{"source":"2139","target":"2165"},{"source":"2139","target":"2172"},{"source":"2139","target":"2184"},{"source":"2139","target":"2188"},{"source":"2139","target":"2190"},{"source":"2139","target":"2200"},{"source":"2139","target":"2201"},{"source":"2139","target":"2206"},{"source":"2139","target":"2210"},{"source":"2139","target":"2212"},{"source":"2139","target":"2216"},{"source":"2139","target":"2218"},{"source":"2139","target":"2220"},{"source":"2139","target":"2229"},{"source":"2139","target":"2233"},{"source":"2139","target":"2237"},{"source":"2139","target":"2240"},{"source":"2139","target":"2244"},{"source":"2139","target":"2253"},{"source":"2139","target":"2257"},{"source":"2139","target":"2266"},{"source":"2139","target":"2271"},{"source":"2139","target":"2275"},{"source":"2139","target":"2276"},{"source":"2139","target":"2278"},{"source":"2139","target":"2290"},{"source":"2139","target":"2299"},{"source":"2139","target":"2306"},{"source":"2139","target":"2307"},{"source":"2139","target":"2308"},{"source":"2139","target":"2309"},{"source":"2139","target":"2311"},{"source":"2139","target":"2323"},{"source":"2139","target":"2324"},{"source":"2139","target":"2326"},{"source":"2139","target":"2329"},{"source":"2139","target":"2331"},{"source":"2139","target":"2334"},{"source":"2139","target":"2339"},{"source":"2139","target":"2340"},{"source":"2139","target":"2347"},{"source":"2139","target":"2348"},{"source":"2139","target":"2352"},{"source":"2139","target":"2354"},{"source":"2139","target":"2356"},{"source":"2139","target":"2359"},{"source":"2139","target":"2363"},{"source":"2139","target":"2369"},{"source":"2139","target":"2370"},{"source":"2139","target":"2374"},{"source":"2139","target":"2381"},{"source":"2139","target":"2386"},{"source":"2139","target":"2392"},{"source":"2139","target":"2395"},{"source":"2139","target":"2407"},{"source":"2139","target":"2408"},{"source":"2139","target":"2409"},{"source":"2139","target":"2410"},{"source":"2139","target":"2414"},{"source":"2139","target":"2418"},{"source":"2139","target":"2423"},{"source":"2139","target":"2428"},{"source":"2139","target":"2430"},{"source":"2139","target":"2433"},{"source":"2139","target":"2446"},{"source":"2139","target":"2460"},{"source":"2139","target":"2464"},{"source":"2139","target":"2467"},{"source":"2139","target":"2468"},{"source":"2139","target":"2469"},{"source":"2139","target":"2477"},{"source":"2139","target":"2482"},{"source":"2139","target":"2484"},{"source":"2139","target":"2485"},{"source":"2139","target":"2489"},{"source":"2139","target":"2492"},{"source":"2139","target":"2495"},{"source":"2139","target":"2499"},{"source":"2139","target":"2500"},{"source":"2139","target":"2504"},{"source":"2139","target":"2507"},{"source":"2139","target":"2520"},{"source":"2139","target":"2521"},{"source":"2139","target":"2526"},{"source":"2139","target":"2532"},{"source":"2139","target":"2539"},{"source":"2139","target":"2542"},{"source":"2139","target":"2543"},{"source":"2139","target":"2546"},{"source":"2139","target":"2549"},{"source":"2139","target":"2550"},{"source":"2139","target":"2551"},{"source":"2139","target":"2553"},{"source":"2139","target":"2559"},{"source":"2139","target":"2560"},{"source":"2139","target":"2561"},{"source":"2139","target":"2564"},{"source":"2139","target":"2574"},{"source":"2139","target":"2578"},{"source":"2139","target":"2586"},{"source":"2139","target":"2590"},{"source":"2139","target":"2591"},{"source":"2139","target":"2593"},{"source":"2139","target":"2600"},{"source":"2139","target":"2601"},{"source":"2139","target":"2602"},{"source":"2139","target":"2604"},{"source":"2139","target":"2607"},{"source":"2139","target":"2611"},{"source":"2139","target":"2613"},{"source":"2139","target":"2615"},{"source":"2139","target":"2619"},{"source":"2139","target":"2623"},{"source":"2139","target":"2624"},{"source":"2139","target":"2625"},{"source":"2139","target":"2630"},{"source":"2139","target":"2631"},{"source":"2139","target":"2638"},{"source":"2139","target":"2646"},{"source":"2139","target":"2654"},{"source":"2139","target":"2655"},{"source":"2140","target":"2142"},{"source":"2140","target":"2150"},{"source":"2140","target":"2154"},{"source":"2140","target":"2164"},{"source":"2140","target":"2165"},{"source":"2140","target":"2172"},{"source":"2140","target":"2184"},{"source":"2140","target":"2188"},{"source":"2140","target":"2190"},{"source":"2140","target":"2200"},{"source":"2140","target":"2201"},{"source":"2140","target":"2206"},{"source":"2140","target":"2210"},{"source":"2140","target":"2212"},{"source":"2140","target":"2213"},{"source":"2140","target":"2216"},{"source":"2140","target":"2218"},{"source":"2140","target":"2220"},{"source":"2140","target":"2229"},{"source":"2140","target":"2233"},{"source":"2140","target":"2240"},{"source":"2140","target":"2244"},{"source":"2140","target":"2253"},{"source":"2140","target":"2257"},{"source":"2140","target":"2261"},{"source":"2140","target":"2266"},{"source":"2140","target":"2271"},{"source":"2140","target":"2275"},{"source":"2140","target":"2276"},{"source":"2140","target":"2278"},{"source":"2140","target":"2290"},{"source":"2140","target":"2299"},{"source":"2140","target":"2307"},{"source":"2140","target":"2308"},{"source":"2140","target":"2309"},{"source":"2140","target":"2311"},{"source":"2140","target":"2323"},{"source":"2140","target":"2324"},{"source":"2140","target":"2326"},{"source":"2140","target":"2329"},{"source":"2140","target":"2331"},{"source":"2140","target":"2339"},{"source":"2140","target":"2340"},{"source":"2140","target":"2347"},{"source":"2140","target":"2352"},{"source":"2140","target":"2354"},{"source":"2140","target":"2356"},{"source":"2140","target":"2359"},{"source":"2140","target":"2363"},{"source":"2140","target":"2369"},{"source":"2140","target":"2370"},{"source":"2140","target":"2374"},{"source":"2140","target":"2376"},{"source":"2140","target":"2381"},{"source":"2140","target":"2392"},{"source":"2140","target":"2395"},{"source":"2140","target":"2404"},{"source":"2140","target":"2408"},{"source":"2140","target":"2409"},{"source":"2140","target":"2410"},{"source":"2140","target":"2414"},{"source":"2140","target":"2423"},{"source":"2140","target":"2428"},{"source":"2140","target":"2430"},{"source":"2140","target":"2433"},{"source":"2140","target":"2446"},{"source":"2140","target":"2464"},{"source":"2140","target":"2467"},{"source":"2140","target":"2468"},{"source":"2140","target":"2477"},{"source":"2140","target":"2484"},{"source":"2140","target":"2485"},{"source":"2140","target":"2492"},{"source":"2140","target":"2495"},{"source":"2140","target":"2499"},{"source":"2140","target":"2500"},{"source":"2140","target":"2506"},{"source":"2140","target":"2507"},{"source":"2140","target":"2520"},{"source":"2140","target":"2526"},{"source":"2140","target":"2532"},{"source":"2140","target":"2539"},{"source":"2140","target":"2542"},{"source":"2140","target":"2543"},{"source":"2140","target":"2546"},{"source":"2140","target":"2549"},{"source":"2140","target":"2551"},{"source":"2140","target":"2552"},{"source":"2140","target":"2553"},{"source":"2140","target":"2554"},{"source":"2140","target":"2556"},{"source":"2140","target":"2559"},{"source":"2140","target":"2560"},{"source":"2140","target":"2561"},{"source":"2140","target":"2573"},{"source":"2140","target":"2574"},{"source":"2140","target":"2575"},{"source":"2140","target":"2578"},{"source":"2140","target":"2579"},{"source":"2140","target":"2586"},{"source":"2140","target":"2590"},{"source":"2140","target":"2591"},{"source":"2140","target":"2593"},{"source":"2140","target":"2600"},{"source":"2140","target":"2601"},{"source":"2140","target":"2602"},{"source":"2140","target":"2604"},{"source":"2140","target":"2607"},{"source":"2140","target":"2611"},{"source":"2140","target":"2615"},{"source":"2140","target":"2619"},{"source":"2140","target":"2623"},{"source":"2140","target":"2624"},{"source":"2140","target":"2625"},{"source":"2140","target":"2630"},{"source":"2140","target":"2638"},{"source":"2140","target":"2654"},{"source":"2140","target":"2655"},{"source":"2141","target":"2176"},{"source":"2141","target":"2205"},{"source":"2141","target":"2209"},{"source":"2141","target":"2211"},{"source":"2141","target":"2242"},{"source":"2141","target":"2270"},{"source":"2141","target":"2272"},{"source":"2141","target":"2289"},{"source":"2141","target":"2318"},{"source":"2141","target":"2362"},{"source":"2141","target":"2416"},{"source":"2141","target":"2419"},{"source":"2141","target":"2425"},{"source":"2141","target":"2610"},{"source":"2141","target":"2637"},{"source":"2141","target":"2642"},{"source":"2142","target":"2150"},{"source":"2142","target":"2154"},{"source":"2142","target":"2164"},{"source":"2142","target":"2165"},{"source":"2142","target":"2172"},{"source":"2142","target":"2179"},{"source":"2142","target":"2184"},{"source":"2142","target":"2188"},{"source":"2142","target":"2189"},{"source":"2142","target":"2190"},{"source":"2142","target":"2201"},{"source":"2142","target":"2206"},{"source":"2142","target":"2212"},{"source":"2142","target":"2213"},{"source":"2142","target":"2216"},{"source":"2142","target":"2218"},{"source":"2142","target":"2220"},{"source":"2142","target":"2226"},{"source":"2142","target":"2229"},{"source":"2142","target":"2233"},{"source":"2142","target":"2240"},{"source":"2142","target":"2244"},{"source":"2142","target":"2253"},{"source":"2142","target":"2257"},{"source":"2142","target":"2258"},{"source":"2142","target":"2261"},{"source":"2142","target":"2266"},{"source":"2142","target":"2271"},{"source":"2142","target":"2275"},{"source":"2142","target":"2276"},{"source":"2142","target":"2278"},{"source":"2142","target":"2287"},{"source":"2142","target":"2290"},{"source":"2142","target":"2299"},{"source":"2142","target":"2300"},{"source":"2142","target":"2303"},{"source":"2142","target":"2306"},{"source":"2142","target":"2307"},{"source":"2142","target":"2308"},{"source":"2142","target":"2309"},{"source":"2142","target":"2311"},{"source":"2142","target":"2323"},{"source":"2142","target":"2324"},{"source":"2142","target":"2326"},{"source":"2142","target":"2328"},{"source":"2142","target":"2329"},{"source":"2142","target":"2331"},{"source":"2142","target":"2334"},{"source":"2142","target":"2336"},{"source":"2142","target":"2339"},{"source":"2142","target":"2340"},{"source":"2142","target":"2347"},{"source":"2142","target":"2348"},{"source":"2142","target":"2352"},{"source":"2142","target":"2354"},{"source":"2142","target":"2356"},{"source":"2142","target":"2359"},{"source":"2142","target":"2363"},{"source":"2142","target":"2369"},{"source":"2142","target":"2370"},{"source":"2142","target":"2374"},{"source":"2142","target":"2376"},{"source":"2142","target":"2381"},{"source":"2142","target":"2386"},{"source":"2142","target":"2387"},{"source":"2142","target":"2392"},{"source":"2142","target":"2393"},{"source":"2142","target":"2395"},{"source":"2142","target":"2398"},{"source":"2142","target":"2404"},{"source":"2142","target":"2407"},{"source":"2142","target":"2408"},{"source":"2142","target":"2409"},{"source":"2142","target":"2410"},{"source":"2142","target":"2414"},{"source":"2142","target":"2423"},{"source":"2142","target":"2427"},{"source":"2142","target":"2428"},{"source":"2142","target":"2429"},{"source":"2142","target":"2430"},{"source":"2142","target":"2433"},{"source":"2142","target":"2443"},{"source":"2142","target":"2446"},{"source":"2142","target":"2449"},{"source":"2142","target":"2454"},{"source":"2142","target":"2460"},{"source":"2142","target":"2462"},{"source":"2142","target":"2464"},{"source":"2142","target":"2467"},{"source":"2142","target":"2468"},{"source":"2142","target":"2469"},{"source":"2142","target":"2476"},{"source":"2142","target":"2478"},{"source":"2142","target":"2482"},{"source":"2142","target":"2484"},{"source":"2142","target":"2485"},{"source":"2142","target":"2492"},{"source":"2142","target":"2495"},{"source":"2142","target":"2499"},{"source":"2142","target":"2500"},{"source":"2142","target":"2501"},{"source":"2142","target":"2504"},{"source":"2142","target":"2506"},{"source":"2142","target":"2507"},{"source":"2142","target":"2512"},{"source":"2142","target":"2518"},{"source":"2142","target":"2520"},{"source":"2142","target":"2521"},{"source":"2142","target":"2526"},{"source":"2142","target":"2532"},{"source":"2142","target":"2536"},{"source":"2142","target":"2539"},{"source":"2142","target":"2542"},{"source":"2142","target":"2543"},{"source":"2142","target":"2546"},{"source":"2142","target":"2549"},{"source":"2142","target":"2550"},{"source":"2142","target":"2551"},{"source":"2142","target":"2552"},{"source":"2142","target":"2553"},{"source":"2142","target":"2554"},{"source":"2142","target":"2556"},{"source":"2142","target":"2559"},{"source":"2142","target":"2560"},{"source":"2142","target":"2561"},{"source":"2142","target":"2564"},{"source":"2142","target":"2573"},{"source":"2142","target":"2574"},{"source":"2142","target":"2575"},{"source":"2142","target":"2578"},{"source":"2142","target":"2579"},{"source":"2142","target":"2586"},{"source":"2142","target":"2590"},{"source":"2142","target":"2591"},{"source":"2142","target":"2593"},{"source":"2142","target":"2600"},{"source":"2142","target":"2601"},{"source":"2142","target":"2602"},{"source":"2142","target":"2604"},{"source":"2142","target":"2606"},{"source":"2142","target":"2607"},{"source":"2142","target":"2611"},{"source":"2142","target":"2615"},{"source":"2142","target":"2619"},{"source":"2142","target":"2623"},{"source":"2142","target":"2624"},{"source":"2142","target":"2625"},{"source":"2142","target":"2630"},{"source":"2142","target":"2631"},{"source":"2142","target":"2638"},{"source":"2142","target":"2646"},{"source":"2142","target":"2654"},{"source":"2142","target":"2655"},{"source":"2143","target":"2149"},{"source":"2143","target":"2151"},{"source":"2143","target":"2153"},{"source":"2143","target":"2159"},{"source":"2143","target":"2169"},{"source":"2143","target":"2174"},{"source":"2143","target":"2176"},{"source":"2143","target":"2180"},{"source":"2143","target":"2187"},{"source":"2143","target":"2198"},{"source":"2143","target":"2199"},{"source":"2143","target":"2203"},{"source":"2143","target":"2224"},{"source":"2143","target":"2239"},{"source":"2143","target":"2241"},{"source":"2143","target":"2250"},{"source":"2143","target":"2273"},{"source":"2143","target":"2279"},{"source":"2143","target":"2283"},{"source":"2143","target":"2289"},{"source":"2143","target":"2292"},{"source":"2143","target":"2294"},{"source":"2143","target":"2302"},{"source":"2143","target":"2315"},{"source":"2143","target":"2319"},{"source":"2143","target":"2328"},{"source":"2143","target":"2336"},{"source":"2143","target":"2343"},{"source":"2143","target":"2365"},{"source":"2143","target":"2368"},{"source":"2143","target":"2377"},{"source":"2143","target":"2384"},{"source":"2143","target":"2420"},{"source":"2143","target":"2436"},{"source":"2143","target":"2451"},{"source":"2143","target":"2461"},{"source":"2143","target":"2463"},{"source":"2143","target":"2471"},{"source":"2143","target":"2472"},{"source":"2143","target":"2475"},{"source":"2143","target":"2491"},{"source":"2143","target":"2498"},{"source":"2143","target":"2509"},{"source":"2143","target":"2510"},{"source":"2143","target":"2511"},{"source":"2143","target":"2512"},{"source":"2143","target":"2533"},{"source":"2143","target":"2543"},{"source":"2143","target":"2544"},{"source":"2143","target":"2555"},{"source":"2143","target":"2567"},{"source":"2143","target":"2571"},{"source":"2143","target":"2582"},{"source":"2143","target":"2588"},{"source":"2143","target":"2592"},{"source":"2143","target":"2597"},{"source":"2143","target":"2598"},{"source":"2143","target":"2616"},{"source":"2143","target":"2620"},{"source":"2143","target":"2627"},{"source":"2143","target":"2629"},{"source":"2143","target":"2648"},{"source":"2143","target":"2649"},{"source":"2144","target":"2148"},{"source":"2144","target":"2153"},{"source":"2144","target":"2174"},{"source":"2144","target":"2183"},{"source":"2144","target":"2187"},{"source":"2144","target":"2189"},{"source":"2144","target":"2191"},{"source":"2144","target":"2194"},{"source":"2144","target":"2196"},{"source":"2144","target":"2199"},{"source":"2144","target":"2223"},{"source":"2144","target":"2224"},{"source":"2144","target":"2241"},{"source":"2144","target":"2254"},{"source":"2144","target":"2268"},{"source":"2144","target":"2282"},{"source":"2144","target":"2283"},{"source":"2144","target":"2289"},{"source":"2144","target":"2292"},{"source":"2144","target":"2315"},{"source":"2144","target":"2319"},{"source":"2144","target":"2330"},{"source":"2144","target":"2332"},{"source":"2144","target":"2333"},{"source":"2144","target":"2336"},{"source":"2144","target":"2351"},{"source":"2144","target":"2384"},{"source":"2144","target":"2398"},{"source":"2144","target":"2401"},{"source":"2144","target":"2436"},{"source":"2144","target":"2445"},{"source":"2144","target":"2451"},{"source":"2144","target":"2463"},{"source":"2144","target":"2465"},{"source":"2144","target":"2471"},{"source":"2144","target":"2472"},{"source":"2144","target":"2491"},{"source":"2144","target":"2510"},{"source":"2144","target":"2511"},{"source":"2144","target":"2543"},{"source":"2144","target":"2555"},{"source":"2144","target":"2589"},{"source":"2144","target":"2592"},{"source":"2144","target":"2594"},{"source":"2144","target":"2598"},{"source":"2144","target":"2599"},{"source":"2144","target":"2609"},{"source":"2144","target":"2616"},{"source":"2144","target":"2617"},{"source":"2144","target":"2642"},{"source":"2144","target":"2643"},{"source":"2144","target":"2649"},{"source":"2144","target":"2653"},{"source":"2145","target":"2146"},{"source":"2145","target":"2176"},{"source":"2145","target":"2186"},{"source":"2145","target":"2211"},{"source":"2145","target":"2232"},{"source":"2145","target":"2235"},{"source":"2145","target":"2236"},{"source":"2145","target":"2277"},{"source":"2145","target":"2289"},{"source":"2145","target":"2296"},{"source":"2145","target":"2313"},{"source":"2145","target":"2322"},{"source":"2145","target":"2325"},{"source":"2145","target":"2357"},{"source":"2145","target":"2366"},{"source":"2145","target":"2367"},{"source":"2145","target":"2406"},{"source":"2145","target":"2416"},{"source":"2145","target":"2473"},{"source":"2145","target":"2502"},{"source":"2145","target":"2525"},{"source":"2145","target":"2544"},{"source":"2145","target":"2566"},{"source":"2145","target":"2610"},{"source":"2145","target":"2612"},{"source":"2145","target":"2637"},{"source":"2145","target":"2642"},{"source":"2145","target":"2656"},{"source":"2145","target":"2659"},{"source":"2146","target":"2152"},{"source":"2146","target":"2160"},{"source":"2146","target":"2162"},{"source":"2146","target":"2173"},{"source":"2146","target":"2181"},{"source":"2146","target":"2193"},{"source":"2146","target":"2341"},{"source":"2146","target":"2361"},{"source":"2146","target":"2371"},{"source":"2146","target":"2405"},{"source":"2146","target":"2411"},{"source":"2146","target":"2424"},{"source":"2146","target":"2455"},{"source":"2146","target":"2488"},{"source":"2146","target":"2659"},{"source":"2147","target":"2188"},{"source":"2147","target":"2189"},{"source":"2147","target":"2218"},{"source":"2147","target":"2262"},{"source":"2147","target":"2266"},{"source":"2147","target":"2271"},{"source":"2147","target":"2288"},{"source":"2147","target":"2300"},{"source":"2147","target":"2311"},{"source":"2147","target":"2339"},{"source":"2147","target":"2350"},{"source":"2147","target":"2376"},{"source":"2147","target":"2383"},{"source":"2147","target":"2387"},{"source":"2147","target":"2391"},{"source":"2147","target":"2404"},{"source":"2147","target":"2428"},{"source":"2147","target":"2443"},{"source":"2147","target":"2476"},{"source":"2147","target":"2478"},{"source":"2147","target":"2545"},{"source":"2147","target":"2575"},{"source":"2147","target":"2576"},{"source":"2147","target":"2590"},{"source":"2147","target":"2600"},{"source":"2147","target":"2604"},{"source":"2147","target":"2611"},{"source":"2147","target":"2615"},{"source":"2148","target":"2153"},{"source":"2148","target":"2174"},{"source":"2148","target":"2180"},{"source":"2148","target":"2183"},{"source":"2148","target":"2187"},{"source":"2148","target":"2191"},{"source":"2148","target":"2194"},{"source":"2148","target":"2196"},{"source":"2148","target":"2199"},{"source":"2148","target":"2224"},{"source":"2148","target":"2241"},{"source":"2148","target":"2247"},{"source":"2148","target":"2264"},{"source":"2148","target":"2279"},{"source":"2148","target":"2282"},{"source":"2148","target":"2283"},{"source":"2148","target":"2289"},{"source":"2148","target":"2292"},{"source":"2148","target":"2293"},{"source":"2148","target":"2295"},{"source":"2148","target":"2302"},{"source":"2148","target":"2315"},{"source":"2148","target":"2327"},{"source":"2148","target":"2328"},{"source":"2148","target":"2332"},{"source":"2148","target":"2333"},{"source":"2148","target":"2336"},{"source":"2148","target":"2338"},{"source":"2148","target":"2347"},{"source":"2148","target":"2351"},{"source":"2148","target":"2372"},{"source":"2148","target":"2384"},{"source":"2148","target":"2394"},{"source":"2148","target":"2398"},{"source":"2148","target":"2417"},{"source":"2148","target":"2458"},{"source":"2148","target":"2461"},{"source":"2148","target":"2463"},{"source":"2148","target":"2465"},{"source":"2148","target":"2472"},{"source":"2148","target":"2509"},{"source":"2148","target":"2510"},{"source":"2148","target":"2516"},{"source":"2148","target":"2530"},{"source":"2148","target":"2533"},{"source":"2148","target":"2543"},{"source":"2148","target":"2555"},{"source":"2148","target":"2567"},{"source":"2148","target":"2571"},{"source":"2148","target":"2592"},{"source":"2148","target":"2597"},{"source":"2148","target":"2598"},{"source":"2148","target":"2599"},{"source":"2148","target":"2609"},{"source":"2148","target":"2629"},{"source":"2148","target":"2635"},{"source":"2148","target":"2643"},{"source":"2148","target":"2649"},{"source":"2149","target":"2151"},{"source":"2149","target":"2153"},{"source":"2149","target":"2155"},{"source":"2149","target":"2169"},{"source":"2149","target":"2174"},{"source":"2149","target":"2176"},{"source":"2149","target":"2183"},{"source":"2149","target":"2185"},{"source":"2149","target":"2187"},{"source":"2149","target":"2189"},{"source":"2149","target":"2194"},{"source":"2149","target":"2196"},{"source":"2149","target":"2198"},{"source":"2149","target":"2199"},{"source":"2149","target":"2203"},{"source":"2149","target":"2215"},{"source":"2149","target":"2223"},{"source":"2149","target":"2224"},{"source":"2149","target":"2226"},{"source":"2149","target":"2241"},{"source":"2149","target":"2246"},{"source":"2149","target":"2247"},{"source":"2149","target":"2250"},{"source":"2149","target":"2254"},{"source":"2149","target":"2268"},{"source":"2149","target":"2273"},{"source":"2149","target":"2279"},{"source":"2149","target":"2282"},{"source":"2149","target":"2283"},{"source":"2149","target":"2289"},{"source":"2149","target":"2292"},{"source":"2149","target":"2293"},{"source":"2149","target":"2294"},{"source":"2149","target":"2302"},{"source":"2149","target":"2319"},{"source":"2149","target":"2325"},{"source":"2149","target":"2328"},{"source":"2149","target":"2330"},{"source":"2149","target":"2332"},{"source":"2149","target":"2333"},{"source":"2149","target":"2336"},{"source":"2149","target":"2338"},{"source":"2149","target":"2343"},{"source":"2149","target":"2344"},{"source":"2149","target":"2347"},{"source":"2149","target":"2351"},{"source":"2149","target":"2368"},{"source":"2149","target":"2372"},{"source":"2149","target":"2384"},{"source":"2149","target":"2385"},{"source":"2149","target":"2398"},{"source":"2149","target":"2399"},{"source":"2149","target":"2419"},{"source":"2149","target":"2434"},{"source":"2149","target":"2436"},{"source":"2149","target":"2445"},{"source":"2149","target":"2461"},{"source":"2149","target":"2463"},{"source":"2149","target":"2471"},{"source":"2149","target":"2475"},{"source":"2149","target":"2491"},{"source":"2149","target":"2498"},{"source":"2149","target":"2508"},{"source":"2149","target":"2509"},{"source":"2149","target":"2510"},{"source":"2149","target":"2512"},{"source":"2149","target":"2516"},{"source":"2149","target":"2519"},{"source":"2149","target":"2525"},{"source":"2149","target":"2529"},{"source":"2149","target":"2533"},{"source":"2149","target":"2543"},{"source":"2149","target":"2547"},{"source":"2149","target":"2555"},{"source":"2149","target":"2572"},{"source":"2149","target":"2582"},{"source":"2149","target":"2588"},{"source":"2149","target":"2592"},{"source":"2149","target":"2598"},{"source":"2149","target":"2603"},{"source":"2149","target":"2608"},{"source":"2149","target":"2616"},{"source":"2149","target":"2617"},{"source":"2149","target":"2629"},{"source":"2149","target":"2642"},{"source":"2149","target":"2643"},{"source":"2149","target":"2649"},{"source":"2150","target":"2154"},{"source":"2150","target":"2165"},{"source":"2150","target":"2172"},{"source":"2150","target":"2179"},{"source":"2150","target":"2184"},{"source":"2150","target":"2188"},{"source":"2150","target":"2190"},{"source":"2150","target":"2200"},{"source":"2150","target":"2201"},{"source":"2150","target":"2206"},{"source":"2150","target":"2212"},{"source":"2150","target":"2216"},{"source":"2150","target":"2218"},{"source":"2150","target":"2220"},{"source":"2150","target":"2229"},{"source":"2150","target":"2233"},{"source":"2150","target":"2237"},{"source":"2150","target":"2240"},{"source":"2150","target":"2244"},{"source":"2150","target":"2253"},{"source":"2150","target":"2257"},{"source":"2150","target":"2258"},{"source":"2150","target":"2261"},{"source":"2150","target":"2266"},{"source":"2150","target":"2271"},{"source":"2150","target":"2275"},{"source":"2150","target":"2276"},{"source":"2150","target":"2278"},{"source":"2150","target":"2287"},{"source":"2150","target":"2290"},{"source":"2150","target":"2299"},{"source":"2150","target":"2300"},{"source":"2150","target":"2306"},{"source":"2150","target":"2307"},{"source":"2150","target":"2308"},{"source":"2150","target":"2309"},{"source":"2150","target":"2323"},{"source":"2150","target":"2324"},{"source":"2150","target":"2326"},{"source":"2150","target":"2329"},{"source":"2150","target":"2331"},{"source":"2150","target":"2334"},{"source":"2150","target":"2339"},{"source":"2150","target":"2340"},{"source":"2150","target":"2347"},{"source":"2150","target":"2348"},{"source":"2150","target":"2350"},{"source":"2150","target":"2352"},{"source":"2150","target":"2353"},{"source":"2150","target":"2354"},{"source":"2150","target":"2356"},{"source":"2150","target":"2359"},{"source":"2150","target":"2369"},{"source":"2150","target":"2370"},{"source":"2150","target":"2374"},{"source":"2150","target":"2376"},{"source":"2150","target":"2381"},{"source":"2150","target":"2386"},{"source":"2150","target":"2392"},{"source":"2150","target":"2395"},{"source":"2150","target":"2404"},{"source":"2150","target":"2408"},{"source":"2150","target":"2409"},{"source":"2150","target":"2410"},{"source":"2150","target":"2414"},{"source":"2150","target":"2418"},{"source":"2150","target":"2423"},{"source":"2150","target":"2428"},{"source":"2150","target":"2429"},{"source":"2150","target":"2430"},{"source":"2150","target":"2433"},{"source":"2150","target":"2446"},{"source":"2150","target":"2460"},{"source":"2150","target":"2464"},{"source":"2150","target":"2467"},{"source":"2150","target":"2468"},{"source":"2150","target":"2469"},{"source":"2150","target":"2478"},{"source":"2150","target":"2482"},{"source":"2150","target":"2489"},{"source":"2150","target":"2492"},{"source":"2150","target":"2495"},{"source":"2150","target":"2499"},{"source":"2150","target":"2500"},{"source":"2150","target":"2504"},{"source":"2150","target":"2507"},{"source":"2150","target":"2520"},{"source":"2150","target":"2521"},{"source":"2150","target":"2526"},{"source":"2150","target":"2532"},{"source":"2150","target":"2536"},{"source":"2150","target":"2539"},{"source":"2150","target":"2542"},{"source":"2150","target":"2543"},{"source":"2150","target":"2546"},{"source":"2150","target":"2549"},{"source":"2150","target":"2550"},{"source":"2150","target":"2551"},{"source":"2150","target":"2552"},{"source":"2150","target":"2553"},{"source":"2150","target":"2554"},{"source":"2150","target":"2556"},{"source":"2150","target":"2559"},{"source":"2150","target":"2560"},{"source":"2150","target":"2561"},{"source":"2150","target":"2563"},{"source":"2150","target":"2564"},{"source":"2150","target":"2573"},{"source":"2150","target":"2575"},{"source":"2150","target":"2578"},{"source":"2150","target":"2579"},{"source":"2150","target":"2586"},{"source":"2150","target":"2590"},{"source":"2150","target":"2593"},{"source":"2150","target":"2600"},{"source":"2150","target":"2601"},{"source":"2150","target":"2602"},{"source":"2150","target":"2604"},{"source":"2150","target":"2606"},{"source":"2150","target":"2607"},{"source":"2150","target":"2611"},{"source":"2150","target":"2615"},{"source":"2150","target":"2619"},{"source":"2150","target":"2623"},{"source":"2150","target":"2624"},{"source":"2150","target":"2625"},{"source":"2150","target":"2630"},{"source":"2150","target":"2631"},{"source":"2150","target":"2638"},{"source":"2150","target":"2646"},{"source":"2150","target":"2654"},{"source":"2150","target":"2655"},{"source":"2151","target":"2153"},{"source":"2151","target":"2169"},{"source":"2151","target":"2174"},{"source":"2151","target":"2176"},{"source":"2151","target":"2180"},{"source":"2151","target":"2187"},{"source":"2151","target":"2189"},{"source":"2151","target":"2199"},{"source":"2151","target":"2203"},{"source":"2151","target":"2223"},{"source":"2151","target":"2224"},{"source":"2151","target":"2241"},{"source":"2151","target":"2246"},{"source":"2151","target":"2247"},{"source":"2151","target":"2250"},{"source":"2151","target":"2267"},{"source":"2151","target":"2273"},{"source":"2151","target":"2289"},{"source":"2151","target":"2292"},{"source":"2151","target":"2294"},{"source":"2151","target":"2319"},{"source":"2151","target":"2328"},{"source":"2151","target":"2336"},{"source":"2151","target":"2338"},{"source":"2151","target":"2343"},{"source":"2151","target":"2344"},{"source":"2151","target":"2347"},{"source":"2151","target":"2351"},{"source":"2151","target":"2368"},{"source":"2151","target":"2377"},{"source":"2151","target":"2384"},{"source":"2151","target":"2399"},{"source":"2151","target":"2419"},{"source":"2151","target":"2436"},{"source":"2151","target":"2461"},{"source":"2151","target":"2463"},{"source":"2151","target":"2468"},{"source":"2151","target":"2471"},{"source":"2151","target":"2475"},{"source":"2151","target":"2498"},{"source":"2151","target":"2509"},{"source":"2151","target":"2510"},{"source":"2151","target":"2512"},{"source":"2151","target":"2522"},{"source":"2151","target":"2543"},{"source":"2151","target":"2567"},{"source":"2151","target":"2582"},{"source":"2151","target":"2588"},{"source":"2151","target":"2589"},{"source":"2151","target":"2598"},{"source":"2151","target":"2616"},{"source":"2151","target":"2629"},{"source":"2151","target":"2642"},{"source":"2151","target":"2649"},{"source":"2152","target":"2231"},{"source":"2152","target":"2236"},{"source":"2152","target":"2248"},{"source":"2152","target":"2357"},{"source":"2152","target":"2373"},{"source":"2152","target":"2388"},{"source":"2152","target":"2405"},{"source":"2153","target":"2169"},{"source":"2153","target":"2174"},{"source":"2153","target":"2176"},{"source":"2153","target":"2180"},{"source":"2153","target":"2183"},{"source":"2153","target":"2187"},{"source":"2153","target":"2191"},{"source":"2153","target":"2194"},{"source":"2153","target":"2196"},{"source":"2153","target":"2199"},{"source":"2153","target":"2203"},{"source":"2153","target":"2215"},{"source":"2153","target":"2223"},{"source":"2153","target":"2224"},{"source":"2153","target":"2233"},{"source":"2153","target":"2241"},{"source":"2153","target":"2246"},{"source":"2153","target":"2247"},{"source":"2153","target":"2250"},{"source":"2153","target":"2254"},{"source":"2153","target":"2264"},{"source":"2153","target":"2267"},{"source":"2153","target":"2268"},{"source":"2153","target":"2273"},{"source":"2153","target":"2279"},{"source":"2153","target":"2282"},{"source":"2153","target":"2283"},{"source":"2153","target":"2289"},{"source":"2153","target":"2292"},{"source":"2153","target":"2293"},{"source":"2153","target":"2294"},{"source":"2153","target":"2302"},{"source":"2153","target":"2315"},{"source":"2153","target":"2319"},{"source":"2153","target":"2325"},{"source":"2153","target":"2327"},{"source":"2153","target":"2328"},{"source":"2153","target":"2332"},{"source":"2153","target":"2333"},{"source":"2153","target":"2336"},{"source":"2153","target":"2338"},{"source":"2153","target":"2343"},{"source":"2153","target":"2344"},{"source":"2153","target":"2347"},{"source":"2153","target":"2351"},{"source":"2153","target":"2372"},{"source":"2153","target":"2377"},{"source":"2153","target":"2384"},{"source":"2153","target":"2385"},{"source":"2153","target":"2396"},{"source":"2153","target":"2398"},{"source":"2153","target":"2419"},{"source":"2153","target":"2420"},{"source":"2153","target":"2434"},{"source":"2153","target":"2451"},{"source":"2153","target":"2461"},{"source":"2153","target":"2463"},{"source":"2153","target":"2465"},{"source":"2153","target":"2468"},{"source":"2153","target":"2471"},{"source":"2153","target":"2472"},{"source":"2153","target":"2475"},{"source":"2153","target":"2491"},{"source":"2153","target":"2496"},{"source":"2153","target":"2498"},{"source":"2153","target":"2508"},{"source":"2153","target":"2509"},{"source":"2153","target":"2510"},{"source":"2153","target":"2511"},{"source":"2153","target":"2533"},{"source":"2153","target":"2543"},{"source":"2153","target":"2547"},{"source":"2153","target":"2555"},{"source":"2153","target":"2567"},{"source":"2153","target":"2582"},{"source":"2153","target":"2588"},{"source":"2153","target":"2592"},{"source":"2153","target":"2594"},{"source":"2153","target":"2597"},{"source":"2153","target":"2598"},{"source":"2153","target":"2599"},{"source":"2153","target":"2608"},{"source":"2153","target":"2609"},{"source":"2153","target":"2616"},{"source":"2153","target":"2617"},{"source":"2153","target":"2629"},{"source":"2153","target":"2642"},{"source":"2153","target":"2643"},{"source":"2153","target":"2653"},{"source":"2154","target":"2165"},{"source":"2154","target":"2172"},{"source":"2154","target":"2179"},{"source":"2154","target":"2184"},{"source":"2154","target":"2188"},{"source":"2154","target":"2190"},{"source":"2154","target":"2200"},{"source":"2154","target":"2201"},{"source":"2154","target":"2206"},{"source":"2154","target":"2212"},{"source":"2154","target":"2213"},{"source":"2154","target":"2216"},{"source":"2154","target":"2218"},{"source":"2154","target":"2220"},{"source":"2154","target":"2229"},{"source":"2154","target":"2233"},{"source":"2154","target":"2237"},{"source":"2154","target":"2240"},{"source":"2154","target":"2244"},{"source":"2154","target":"2253"},{"source":"2154","target":"2257"},{"source":"2154","target":"2266"},{"source":"2154","target":"2271"},{"source":"2154","target":"2275"},{"source":"2154","target":"2276"},{"source":"2154","target":"2278"},{"source":"2154","target":"2290"},{"source":"2154","target":"2299"},{"source":"2154","target":"2306"},{"source":"2154","target":"2307"},{"source":"2154","target":"2308"},{"source":"2154","target":"2309"},{"source":"2154","target":"2323"},{"source":"2154","target":"2324"},{"source":"2154","target":"2326"},{"source":"2154","target":"2329"},{"source":"2154","target":"2334"},{"source":"2154","target":"2339"},{"source":"2154","target":"2340"},{"source":"2154","target":"2347"},{"source":"2154","target":"2352"},{"source":"2154","target":"2354"},{"source":"2154","target":"2356"},{"source":"2154","target":"2359"},{"source":"2154","target":"2363"},{"source":"2154","target":"2369"},{"source":"2154","target":"2370"},{"source":"2154","target":"2374"},{"source":"2154","target":"2376"},{"source":"2154","target":"2381"},{"source":"2154","target":"2386"},{"source":"2154","target":"2391"},{"source":"2154","target":"2395"},{"source":"2154","target":"2404"},{"source":"2154","target":"2407"},{"source":"2154","target":"2408"},{"source":"2154","target":"2409"},{"source":"2154","target":"2410"},{"source":"2154","target":"2414"},{"source":"2154","target":"2418"},{"source":"2154","target":"2423"},{"source":"2154","target":"2428"},{"source":"2154","target":"2429"},{"source":"2154","target":"2430"},{"source":"2154","target":"2460"},{"source":"2154","target":"2464"},{"source":"2154","target":"2467"},{"source":"2154","target":"2468"},{"source":"2154","target":"2469"},{"source":"2154","target":"2477"},{"source":"2154","target":"2478"},{"source":"2154","target":"2482"},{"source":"2154","target":"2484"},{"source":"2154","target":"2485"},{"source":"2154","target":"2489"},{"source":"2154","target":"2492"},{"source":"2154","target":"2500"},{"source":"2154","target":"2504"},{"source":"2154","target":"2507"},{"source":"2154","target":"2526"},{"source":"2154","target":"2542"},{"source":"2154","target":"2546"},{"source":"2154","target":"2549"},{"source":"2154","target":"2553"},{"source":"2154","target":"2556"},{"source":"2154","target":"2559"},{"source":"2154","target":"2564"},{"source":"2154","target":"2573"},{"source":"2154","target":"2578"},{"source":"2154","target":"2579"},{"source":"2154","target":"2586"},{"source":"2154","target":"2590"},{"source":"2154","target":"2593"},{"source":"2154","target":"2600"},{"source":"2154","target":"2601"},{"source":"2154","target":"2602"},{"source":"2154","target":"2604"},{"source":"2154","target":"2607"},{"source":"2154","target":"2611"},{"source":"2154","target":"2615"},{"source":"2154","target":"2623"},{"source":"2154","target":"2624"},{"source":"2154","target":"2625"},{"source":"2154","target":"2630"},{"source":"2154","target":"2638"},{"source":"2154","target":"2646"},{"source":"2154","target":"2654"},{"source":"2154","target":"2655"},{"source":"2155","target":"2176"},{"source":"2155","target":"2209"},{"source":"2155","target":"2221"},{"source":"2155","target":"2226"},{"source":"2155","target":"2235"},{"source":"2155","target":"2246"},{"source":"2155","target":"2247"},{"source":"2155","target":"2270"},{"source":"2155","target":"2273"},{"source":"2155","target":"2283"},{"source":"2155","target":"2289"},{"source":"2155","target":"2310"},{"source":"2155","target":"2318"},{"source":"2155","target":"2325"},{"source":"2155","target":"2328"},{"source":"2155","target":"2343"},{"source":"2155","target":"2344"},{"source":"2155","target":"2368"},{"source":"2155","target":"2416"},{"source":"2155","target":"2419"},{"source":"2155","target":"2425"},{"source":"2155","target":"2438"},{"source":"2155","target":"2475"},{"source":"2155","target":"2491"},{"source":"2155","target":"2498"},{"source":"2155","target":"2501"},{"source":"2155","target":"2525"},{"source":"2155","target":"2557"},{"source":"2155","target":"2603"},{"source":"2155","target":"2608"},{"source":"2155","target":"2610"},{"source":"2155","target":"2641"},{"source":"2155","target":"2642"},{"source":"2156","target":"2160"},{"source":"2156","target":"2162"},{"source":"2156","target":"2173"},{"source":"2156","target":"2197"},{"source":"2156","target":"2231"},{"source":"2156","target":"2251"},{"source":"2156","target":"2322"},{"source":"2156","target":"2341"},{"source":"2156","target":"2360"},{"source":"2156","target":"2388"},{"source":"2156","target":"2412"},{"source":"2156","target":"2424"},{"source":"2156","target":"2455"},{"source":"2156","target":"2577"},{"source":"2156","target":"2587"},{"source":"2156","target":"2659"},{"source":"2157","target":"2171"},{"source":"2157","target":"2192"},{"source":"2157","target":"2202"},{"source":"2157","target":"2225"},{"source":"2157","target":"2268"},{"source":"2157","target":"2337"},{"source":"2157","target":"2364"},{"source":"2157","target":"2365"},{"source":"2157","target":"2378"},{"source":"2157","target":"2417"},{"source":"2157","target":"2447"},{"source":"2157","target":"2459"},{"source":"2157","target":"2538"},{"source":"2157","target":"2583"},{"source":"2157","target":"2636"},{"source":"2157","target":"2640"},{"source":"2157","target":"2645"},{"source":"2157","target":"2648"},{"source":"2158","target":"2228"},{"source":"2158","target":"2231"},{"source":"2158","target":"2335"},{"source":"2158","target":"2411"},{"source":"2158","target":"2474"},{"source":"2158","target":"2488"},{"source":"2158","target":"2523"},{"source":"2159","target":"2171"},{"source":"2159","target":"2192"},{"source":"2159","target":"2202"},{"source":"2159","target":"2225"},{"source":"2159","target":"2284"},{"source":"2159","target":"2297"},{"source":"2159","target":"2346"},{"source":"2159","target":"2364"},{"source":"2159","target":"2365"},{"source":"2159","target":"2538"},{"source":"2159","target":"2583"},{"source":"2159","target":"2585"},{"source":"2159","target":"2620"},{"source":"2159","target":"2626"},{"source":"2159","target":"2627"},{"source":"2159","target":"2633"},{"source":"2159","target":"2640"},{"source":"2159","target":"2648"},{"source":"2159","target":"2657"},{"source":"2159","target":"2659"},{"source":"2160","target":"2238"},{"source":"2160","target":"2251"},{"source":"2160","target":"2260"},{"source":"2160","target":"2313"},{"source":"2160","target":"2341"},{"source":"2160","target":"2360"},{"source":"2160","target":"2361"},{"source":"2160","target":"2405"},{"source":"2160","target":"2412"},{"source":"2160","target":"2455"},{"source":"2160","target":"2577"},{"source":"2160","target":"2587"},{"source":"2160","target":"2659"},{"source":"2161","target":"2194"},{"source":"2161","target":"2199"},{"source":"2161","target":"2221"},{"source":"2161","target":"2222"},{"source":"2161","target":"2232"},{"source":"2161","target":"2235"},{"source":"2161","target":"2243"},{"source":"2161","target":"2259"},{"source":"2161","target":"2264"},{"source":"2161","target":"2267"},{"source":"2161","target":"2280"},{"source":"2161","target":"2282"},{"source":"2161","target":"2292"},{"source":"2161","target":"2294"},{"source":"2161","target":"2304"},{"source":"2161","target":"2327"},{"source":"2161","target":"2328"},{"source":"2161","target":"2333"},{"source":"2161","target":"2336"},{"source":"2161","target":"2338"},{"source":"2161","target":"2344"},{"source":"2161","target":"2367"},{"source":"2161","target":"2379"},{"source":"2161","target":"2384"},{"source":"2161","target":"2390"},{"source":"2161","target":"2394"},{"source":"2161","target":"2396"},{"source":"2161","target":"2415"},{"source":"2161","target":"2417"},{"source":"2161","target":"2434"},{"source":"2161","target":"2438"},{"source":"2161","target":"2451"},{"source":"2161","target":"2458"},{"source":"2161","target":"2471"},{"source":"2161","target":"2473"},{"source":"2161","target":"2475"},{"source":"2161","target":"2479"},{"source":"2161","target":"2491"},{"source":"2161","target":"2501"},{"source":"2161","target":"2508"},{"source":"2161","target":"2509"},{"source":"2161","target":"2511"},{"source":"2161","target":"2522"},{"source":"2161","target":"2537"},{"source":"2161","target":"2543"},{"source":"2161","target":"2547"},{"source":"2161","target":"2555"},{"source":"2161","target":"2592"},{"source":"2161","target":"2594"},{"source":"2161","target":"2597"},{"source":"2161","target":"2598"},{"source":"2161","target":"2603"},{"source":"2161","target":"2608"},{"source":"2161","target":"2617"},{"source":"2161","target":"2649"},{"source":"2161","target":"2652"},{"source":"2162","target":"2173"},{"source":"2162","target":"2238"},{"source":"2162","target":"2313"},{"source":"2162","target":"2325"},{"source":"2162","target":"2341"},{"source":"2162","target":"2371"},{"source":"2162","target":"2405"},{"source":"2162","target":"2540"},{"source":"2163","target":"2183"},{"source":"2163","target":"2198"},{"source":"2163","target":"2223"},{"source":"2163","target":"2224"},{"source":"2163","target":"2242"},{"source":"2163","target":"2283"},{"source":"2163","target":"2328"},{"source":"2163","target":"2344"},{"source":"2163","target":"2368"},{"source":"2163","target":"2395"},{"source":"2163","target":"2399"},{"source":"2163","target":"2502"},{"source":"2163","target":"2516"},{"source":"2163","target":"2519"},{"source":"2163","target":"2543"},{"source":"2163","target":"2582"},{"source":"2163","target":"2643"},{"source":"2163","target":"2649"},{"source":"2164","target":"2165"},{"source":"2164","target":"2172"},{"source":"2164","target":"2188"},{"source":"2164","target":"2200"},{"source":"2164","target":"2201"},{"source":"2164","target":"2206"},{"source":"2164","target":"2220"},{"source":"2164","target":"2229"},{"source":"2164","target":"2233"},{"source":"2164","target":"2253"},{"source":"2164","target":"2257"},{"source":"2164","target":"2266"},{"source":"2164","target":"2271"},{"source":"2164","target":"2276"},{"source":"2164","target":"2278"},{"source":"2164","target":"2290"},{"source":"2164","target":"2300"},{"source":"2164","target":"2306"},{"source":"2164","target":"2323"},{"source":"2164","target":"2324"},{"source":"2164","target":"2340"},{"source":"2164","target":"2348"},{"source":"2164","target":"2352"},{"source":"2164","target":"2363"},{"source":"2164","target":"2369"},{"source":"2164","target":"2376"},{"source":"2164","target":"2381"},{"source":"2164","target":"2404"},{"source":"2164","target":"2423"},{"source":"2164","target":"2428"},{"source":"2164","target":"2433"},{"source":"2164","target":"2462"},{"source":"2164","target":"2464"},{"source":"2164","target":"2468"},{"source":"2164","target":"2484"},{"source":"2164","target":"2492"},{"source":"2164","target":"2495"},{"source":"2164","target":"2507"},{"source":"2164","target":"2520"},{"source":"2164","target":"2526"},{"source":"2164","target":"2536"},{"source":"2164","target":"2542"},{"source":"2164","target":"2551"},{"source":"2164","target":"2559"},{"source":"2164","target":"2560"},{"source":"2164","target":"2561"},{"source":"2164","target":"2563"},{"source":"2164","target":"2575"},{"source":"2164","target":"2579"},{"source":"2164","target":"2586"},{"source":"2164","target":"2590"},{"source":"2164","target":"2591"},{"source":"2164","target":"2593"},{"source":"2164","target":"2600"},{"source":"2164","target":"2601"},{"source":"2164","target":"2604"},{"source":"2164","target":"2607"},{"source":"2164","target":"2611"},{"source":"2164","target":"2613"},{"source":"2164","target":"2615"},{"source":"2164","target":"2624"},{"source":"2164","target":"2625"},{"source":"2164","target":"2630"},{"source":"2164","target":"2638"},{"source":"2165","target":"2172"},{"source":"2165","target":"2188"},{"source":"2165","target":"2190"},{"source":"2165","target":"2201"},{"source":"2165","target":"2206"},{"source":"2165","target":"2212"},{"source":"2165","target":"2213"},{"source":"2165","target":"2218"},{"source":"2165","target":"2220"},{"source":"2165","target":"2229"},{"source":"2165","target":"2233"},{"source":"2165","target":"2240"},{"source":"2165","target":"2244"},{"source":"2165","target":"2257"},{"source":"2165","target":"2261"},{"source":"2165","target":"2266"},{"source":"2165","target":"2271"},{"source":"2165","target":"2275"},{"source":"2165","target":"2276"},{"source":"2165","target":"2278"},{"source":"2165","target":"2290"},{"source":"2165","target":"2299"},{"source":"2165","target":"2300"},{"source":"2165","target":"2309"},{"source":"2165","target":"2323"},{"source":"2165","target":"2324"},{"source":"2165","target":"2329"},{"source":"2165","target":"2340"},{"source":"2165","target":"2347"},{"source":"2165","target":"2352"},{"source":"2165","target":"2369"},{"source":"2165","target":"2376"},{"source":"2165","target":"2381"},{"source":"2165","target":"2404"},{"source":"2165","target":"2408"},{"source":"2165","target":"2410"},{"source":"2165","target":"2414"},{"source":"2165","target":"2423"},{"source":"2165","target":"2449"},{"source":"2165","target":"2460"},{"source":"2165","target":"2462"},{"source":"2165","target":"2464"},{"source":"2165","target":"2468"},{"source":"2165","target":"2484"},{"source":"2165","target":"2485"},{"source":"2165","target":"2492"},{"source":"2165","target":"2495"},{"source":"2165","target":"2499"},{"source":"2165","target":"2500"},{"source":"2165","target":"2504"},{"source":"2165","target":"2507"},{"source":"2165","target":"2520"},{"source":"2165","target":"2524"},{"source":"2165","target":"2526"},{"source":"2165","target":"2536"},{"source":"2165","target":"2542"},{"source":"2165","target":"2543"},{"source":"2165","target":"2546"},{"source":"2165","target":"2551"},{"source":"2165","target":"2552"},{"source":"2165","target":"2553"},{"source":"2165","target":"2559"},{"source":"2165","target":"2560"},{"source":"2165","target":"2563"},{"source":"2165","target":"2573"},{"source":"2165","target":"2574"},{"source":"2165","target":"2578"},{"source":"2165","target":"2579"},{"source":"2165","target":"2586"},{"source":"2165","target":"2590"},{"source":"2165","target":"2591"},{"source":"2165","target":"2593"},{"source":"2165","target":"2600"},{"source":"2165","target":"2601"},{"source":"2165","target":"2602"},{"source":"2165","target":"2604"},{"source":"2165","target":"2607"},{"source":"2165","target":"2611"},{"source":"2165","target":"2615"},{"source":"2165","target":"2619"},{"source":"2165","target":"2623"},{"source":"2165","target":"2624"},{"source":"2165","target":"2625"},{"source":"2165","target":"2630"},{"source":"2165","target":"2655"},{"source":"2166","target":"2289"},{"source":"2166","target":"2335"},{"source":"2166","target":"2361"},{"source":"2166","target":"2371"},{"source":"2166","target":"2405"},{"source":"2167","target":"2281"},{"source":"2167","target":"2487"},{"source":"2167","target":"2535"},{"source":"2168","target":"2421"},{"source":"2169","target":"2174"},{"source":"2169","target":"2176"},{"source":"2169","target":"2180"},{"source":"2169","target":"2183"},{"source":"2169","target":"2187"},{"source":"2169","target":"2189"},{"source":"2169","target":"2194"},{"source":"2169","target":"2196"},{"source":"2169","target":"2198"},{"source":"2169","target":"2199"},{"source":"2169","target":"2203"},{"source":"2169","target":"2224"},{"source":"2169","target":"2246"},{"source":"2169","target":"2247"},{"source":"2169","target":"2249"},{"source":"2169","target":"2250"},{"source":"2169","target":"2273"},{"source":"2169","target":"2279"},{"source":"2169","target":"2283"},{"source":"2169","target":"2289"},{"source":"2169","target":"2292"},{"source":"2169","target":"2294"},{"source":"2169","target":"2295"},{"source":"2169","target":"2302"},{"source":"2169","target":"2304"},{"source":"2169","target":"2327"},{"source":"2169","target":"2328"},{"source":"2169","target":"2332"},{"source":"2169","target":"2336"},{"source":"2169","target":"2338"},{"source":"2169","target":"2343"},{"source":"2169","target":"2344"},{"source":"2169","target":"2347"},{"source":"2169","target":"2368"},{"source":"2169","target":"2372"},{"source":"2169","target":"2377"},{"source":"2169","target":"2384"},{"source":"2169","target":"2385"},{"source":"2169","target":"2398"},{"source":"2169","target":"2399"},{"source":"2169","target":"2419"},{"source":"2169","target":"2434"},{"source":"2169","target":"2436"},{"source":"2169","target":"2451"},{"source":"2169","target":"2461"},{"source":"2169","target":"2463"},{"source":"2169","target":"2471"},{"source":"2169","target":"2472"},{"source":"2169","target":"2475"},{"source":"2169","target":"2491"},{"source":"2169","target":"2498"},{"source":"2169","target":"2502"},{"source":"2169","target":"2509"},{"source":"2169","target":"2511"},{"source":"2169","target":"2512"},{"source":"2169","target":"2516"},{"source":"2169","target":"2519"},{"source":"2169","target":"2582"},{"source":"2169","target":"2588"},{"source":"2169","target":"2589"},{"source":"2169","target":"2592"},{"source":"2169","target":"2598"},{"source":"2169","target":"2608"},{"source":"2169","target":"2616"},{"source":"2169","target":"2617"},{"source":"2169","target":"2629"},{"source":"2169","target":"2642"},{"source":"2169","target":"2643"},{"source":"2169","target":"2649"},{"source":"2170","target":"2207"},{"source":"2170","target":"2255"},{"source":"2170","target":"2320"},{"source":"2170","target":"2349"},{"source":"2170","target":"2399"},{"source":"2170","target":"2401"},{"source":"2170","target":"2426"},{"source":"2170","target":"2444"},{"source":"2170","target":"2466"},{"source":"2170","target":"2486"},{"source":"2170","target":"2490"},{"source":"2170","target":"2513"},{"source":"2170","target":"2622"},{"source":"2170","target":"2650"},{"source":"2171","target":"2192"},{"source":"2171","target":"2202"},{"source":"2171","target":"2225"},{"source":"2171","target":"2268"},{"source":"2171","target":"2284"},{"source":"2171","target":"2297"},{"source":"2171","target":"2337"},{"source":"2171","target":"2346"},{"source":"2171","target":"2364"},{"source":"2171","target":"2365"},{"source":"2171","target":"2378"},{"source":"2171","target":"2417"},{"source":"2171","target":"2435"},{"source":"2171","target":"2447"},{"source":"2171","target":"2459"},{"source":"2171","target":"2494"},{"source":"2171","target":"2538"},{"source":"2171","target":"2583"},{"source":"2171","target":"2620"},{"source":"2171","target":"2627"},{"source":"2171","target":"2633"},{"source":"2171","target":"2636"},{"source":"2171","target":"2639"},{"source":"2171","target":"2640"},{"source":"2171","target":"2645"},{"source":"2171","target":"2647"},{"source":"2171","target":"2648"},{"source":"2171","target":"2657"},{"source":"2171","target":"2658"},{"source":"2171","target":"2660"},{"source":"2172","target":"2179"},{"source":"2172","target":"2184"},{"source":"2172","target":"2188"},{"source":"2172","target":"2190"},{"source":"2172","target":"2200"},{"source":"2172","target":"2201"},{"source":"2172","target":"2206"},{"source":"2172","target":"2210"},{"source":"2172","target":"2212"},{"source":"2172","target":"2216"},{"source":"2172","target":"2218"},{"source":"2172","target":"2220"},{"source":"2172","target":"2229"},{"source":"2172","target":"2233"},{"source":"2172","target":"2237"},{"source":"2172","target":"2240"},{"source":"2172","target":"2244"},{"source":"2172","target":"2257"},{"source":"2172","target":"2258"},{"source":"2172","target":"2261"},{"source":"2172","target":"2266"},{"source":"2172","target":"2271"},{"source":"2172","target":"2275"},{"source":"2172","target":"2276"},{"source":"2172","target":"2278"},{"source":"2172","target":"2290"},{"source":"2172","target":"2299"},{"source":"2172","target":"2300"},{"source":"2172","target":"2307"},{"source":"2172","target":"2308"},{"source":"2172","target":"2309"},{"source":"2172","target":"2311"},{"source":"2172","target":"2323"},{"source":"2172","target":"2324"},{"source":"2172","target":"2326"},{"source":"2172","target":"2329"},{"source":"2172","target":"2331"},{"source":"2172","target":"2339"},{"source":"2172","target":"2340"},{"source":"2172","target":"2347"},{"source":"2172","target":"2348"},{"source":"2172","target":"2350"},{"source":"2172","target":"2352"},{"source":"2172","target":"2353"},{"source":"2172","target":"2354"},{"source":"2172","target":"2356"},{"source":"2172","target":"2359"},{"source":"2172","target":"2363"},{"source":"2172","target":"2369"},{"source":"2172","target":"2370"},{"source":"2172","target":"2374"},{"source":"2172","target":"2376"},{"source":"2172","target":"2381"},{"source":"2172","target":"2386"},{"source":"2172","target":"2391"},{"source":"2172","target":"2395"},{"source":"2172","target":"2404"},{"source":"2172","target":"2407"},{"source":"2172","target":"2408"},{"source":"2172","target":"2409"},{"source":"2172","target":"2410"},{"source":"2172","target":"2414"},{"source":"2172","target":"2418"},{"source":"2172","target":"2428"},{"source":"2172","target":"2430"},{"source":"2172","target":"2433"},{"source":"2172","target":"2446"},{"source":"2172","target":"2460"},{"source":"2172","target":"2462"},{"source":"2172","target":"2464"},{"source":"2172","target":"2467"},{"source":"2172","target":"2468"},{"source":"2172","target":"2469"},{"source":"2172","target":"2478"},{"source":"2172","target":"2482"},{"source":"2172","target":"2484"},{"source":"2172","target":"2485"},{"source":"2172","target":"2489"},{"source":"2172","target":"2492"},{"source":"2172","target":"2495"},{"source":"2172","target":"2499"},{"source":"2172","target":"2500"},{"source":"2172","target":"2504"},{"source":"2172","target":"2506"},{"source":"2172","target":"2507"},{"source":"2172","target":"2520"},{"source":"2172","target":"2521"},{"source":"2172","target":"2526"},{"source":"2172","target":"2532"},{"source":"2172","target":"2536"},{"source":"2172","target":"2539"},{"source":"2172","target":"2542"},{"source":"2172","target":"2543"},{"source":"2172","target":"2546"},{"source":"2172","target":"2549"},{"source":"2172","target":"2550"},{"source":"2172","target":"2552"},{"source":"2172","target":"2553"},{"source":"2172","target":"2554"},{"source":"2172","target":"2556"},{"source":"2172","target":"2559"},{"source":"2172","target":"2560"},{"source":"2172","target":"2561"},{"source":"2172","target":"2563"},{"source":"2172","target":"2564"},{"source":"2172","target":"2573"},{"source":"2172","target":"2574"},{"source":"2172","target":"2578"},{"source":"2172","target":"2579"},{"source":"2172","target":"2586"},{"source":"2172","target":"2590"},{"source":"2172","target":"2591"},{"source":"2172","target":"2593"},{"source":"2172","target":"2600"},{"source":"2172","target":"2601"},{"source":"2172","target":"2602"},{"source":"2172","target":"2604"},{"source":"2172","target":"2607"},{"source":"2172","target":"2611"},{"source":"2172","target":"2615"},{"source":"2172","target":"2619"},{"source":"2172","target":"2623"},{"source":"2172","target":"2624"},{"source":"2172","target":"2625"},{"source":"2172","target":"2630"},{"source":"2172","target":"2631"},{"source":"2172","target":"2646"},{"source":"2172","target":"2654"},{"source":"2172","target":"2655"},{"source":"2173","target":"2248"},{"source":"2173","target":"2251"},{"source":"2173","target":"2260"},{"source":"2173","target":"2286"},{"source":"2173","target":"2314"},{"source":"2173","target":"2335"},{"source":"2173","target":"2341"},{"source":"2173","target":"2357"},{"source":"2173","target":"2403"},{"source":"2173","target":"2405"},{"source":"2173","target":"2411"},{"source":"2173","target":"2412"},{"source":"2173","target":"2497"},{"source":"2173","target":"2503"},{"source":"2173","target":"2534"},{"source":"2173","target":"2540"},{"source":"2174","target":"2176"},{"source":"2174","target":"2180"},{"source":"2174","target":"2183"},{"source":"2174","target":"2187"},{"source":"2174","target":"2189"},{"source":"2174","target":"2194"},{"source":"2174","target":"2199"},{"source":"2174","target":"2203"},{"source":"2174","target":"2209"},{"source":"2174","target":"2211"},{"source":"2174","target":"2223"},{"source":"2174","target":"2224"},{"source":"2174","target":"2239"},{"source":"2174","target":"2241"},{"source":"2174","target":"2242"},{"source":"2174","target":"2246"},{"source":"2174","target":"2247"},{"source":"2174","target":"2249"},{"source":"2174","target":"2250"},{"source":"2174","target":"2254"},{"source":"2174","target":"2264"},{"source":"2174","target":"2267"},{"source":"2174","target":"2268"},{"source":"2174","target":"2279"},{"source":"2174","target":"2283"},{"source":"2174","target":"2285"},{"source":"2174","target":"2289"},{"source":"2174","target":"2292"},{"source":"2174","target":"2294"},{"source":"2174","target":"2296"},{"source":"2174","target":"2319"},{"source":"2174","target":"2325"},{"source":"2174","target":"2327"},{"source":"2174","target":"2328"},{"source":"2174","target":"2330"},{"source":"2174","target":"2336"},{"source":"2174","target":"2338"},{"source":"2174","target":"2343"},{"source":"2174","target":"2368"},{"source":"2174","target":"2372"},{"source":"2174","target":"2377"},{"source":"2174","target":"2384"},{"source":"2174","target":"2398"},{"source":"2174","target":"2419"},{"source":"2174","target":"2434"},{"source":"2174","target":"2436"},{"source":"2174","target":"2445"},{"source":"2174","target":"2451"},{"source":"2174","target":"2458"},{"source":"2174","target":"2461"},{"source":"2174","target":"2463"},{"source":"2174","target":"2471"},{"source":"2174","target":"2475"},{"source":"2174","target":"2491"},{"source":"2174","target":"2498"},{"source":"2174","target":"2508"},{"source":"2174","target":"2509"},{"source":"2174","target":"2510"},{"source":"2174","target":"2511"},{"source":"2174","target":"2512"},{"source":"2174","target":"2537"},{"source":"2174","target":"2547"},{"source":"2174","target":"2581"},{"source":"2174","target":"2582"},{"source":"2174","target":"2588"},{"source":"2174","target":"2589"},{"source":"2174","target":"2594"},{"source":"2174","target":"2598"},{"source":"2174","target":"2608"},{"source":"2174","target":"2610"},{"source":"2174","target":"2612"},{"source":"2174","target":"2616"},{"source":"2174","target":"2617"},{"source":"2174","target":"2643"},{"source":"2174","target":"2649"},{"source":"2174","target":"2653"},{"source":"2175","target":"2176"},{"source":"2175","target":"2286"},{"source":"2175","target":"2289"},{"source":"2175","target":"2642"},{"source":"2176","target":"2180"},{"source":"2176","target":"2185"},{"source":"2176","target":"2187"},{"source":"2176","target":"2194"},{"source":"2176","target":"2196"},{"source":"2176","target":"2199"},{"source":"2176","target":"2203"},{"source":"2176","target":"2209"},{"source":"2176","target":"2211"},{"source":"2176","target":"2224"},{"source":"2176","target":"2235"},{"source":"2176","target":"2241"},{"source":"2176","target":"2242"},{"source":"2176","target":"2246"},{"source":"2176","target":"2247"},{"source":"2176","target":"2250"},{"source":"2176","target":"2254"},{"source":"2176","target":"2264"},{"source":"2176","target":"2267"},{"source":"2176","target":"2272"},{"source":"2176","target":"2273"},{"source":"2176","target":"2282"},{"source":"2176","target":"2289"},{"source":"2176","target":"2292"},{"source":"2176","target":"2294"},{"source":"2176","target":"2304"},{"source":"2176","target":"2310"},{"source":"2176","target":"2318"},{"source":"2176","target":"2322"},{"source":"2176","target":"2325"},{"source":"2176","target":"2328"},{"source":"2176","target":"2333"},{"source":"2176","target":"2336"},{"source":"2176","target":"2343"},{"source":"2176","target":"2344"},{"source":"2176","target":"2351"},{"source":"2176","target":"2362"},{"source":"2176","target":"2366"},{"source":"2176","target":"2372"},{"source":"2176","target":"2377"},{"source":"2176","target":"2384"},{"source":"2176","target":"2406"},{"source":"2176","target":"2416"},{"source":"2176","target":"2419"},{"source":"2176","target":"2425"},{"source":"2176","target":"2453"},{"source":"2176","target":"2461"},{"source":"2176","target":"2463"},{"source":"2176","target":"2471"},{"source":"2176","target":"2475"},{"source":"2176","target":"2480"},{"source":"2176","target":"2498"},{"source":"2176","target":"2509"},{"source":"2176","target":"2512"},{"source":"2176","target":"2522"},{"source":"2176","target":"2525"},{"source":"2176","target":"2543"},{"source":"2176","target":"2555"},{"source":"2176","target":"2557"},{"source":"2176","target":"2567"},{"source":"2176","target":"2582"},{"source":"2176","target":"2588"},{"source":"2176","target":"2592"},{"source":"2176","target":"2594"},{"source":"2176","target":"2598"},{"source":"2176","target":"2603"},{"source":"2176","target":"2608"},{"source":"2176","target":"2610"},{"source":"2176","target":"2616"},{"source":"2176","target":"2637"},{"source":"2176","target":"2642"},{"source":"2176","target":"2649"},{"source":"2177","target":"2252"},{"source":"2177","target":"2282"},{"source":"2177","target":"2294"},{"source":"2177","target":"2304"},{"source":"2177","target":"2325"},{"source":"2177","target":"2328"},{"source":"2177","target":"2333"},{"source":"2177","target":"2451"},{"source":"2177","target":"2509"},{"source":"2178","target":"2316"},{"source":"2178","target":"2321"},{"source":"2179","target":"2184"},{"source":"2179","target":"2188"},{"source":"2179","target":"2200"},{"source":"2179","target":"2206"},{"source":"2179","target":"2212"},{"source":"2179","target":"2216"},{"source":"2179","target":"2218"},{"source":"2179","target":"2220"},{"source":"2179","target":"2229"},{"source":"2179","target":"2233"},{"source":"2179","target":"2240"},{"source":"2179","target":"2244"},{"source":"2179","target":"2257"},{"source":"2179","target":"2266"},{"source":"2179","target":"2271"},{"source":"2179","target":"2278"},{"source":"2179","target":"2290"},{"source":"2179","target":"2300"},{"source":"2179","target":"2307"},{"source":"2179","target":"2308"},{"source":"2179","target":"2309"},{"source":"2179","target":"2311"},{"source":"2179","target":"2324"},{"source":"2179","target":"2331"},{"source":"2179","target":"2334"},{"source":"2179","target":"2347"},{"source":"2179","target":"2352"},{"source":"2179","target":"2354"},{"source":"2179","target":"2356"},{"source":"2179","target":"2359"},{"source":"2179","target":"2363"},{"source":"2179","target":"2376"},{"source":"2179","target":"2381"},{"source":"2179","target":"2404"},{"source":"2179","target":"2414"},{"source":"2179","target":"2423"},{"source":"2179","target":"2430"},{"source":"2179","target":"2464"},{"source":"2179","target":"2477"},{"source":"2179","target":"2484"},{"source":"2179","target":"2485"},{"source":"2179","target":"2495"},{"source":"2179","target":"2504"},{"source":"2179","target":"2507"},{"source":"2179","target":"2539"},{"source":"2179","target":"2546"},{"source":"2179","target":"2553"},{"source":"2179","target":"2556"},{"source":"2179","target":"2563"},{"source":"2179","target":"2575"},{"source":"2179","target":"2590"},{"source":"2179","target":"2600"},{"source":"2179","target":"2601"},{"source":"2179","target":"2602"},{"source":"2179","target":"2604"},{"source":"2179","target":"2607"},{"source":"2179","target":"2611"},{"source":"2179","target":"2613"},{"source":"2179","target":"2625"},{"source":"2179","target":"2638"},{"source":"2179","target":"2654"},{"source":"2180","target":"2183"},{"source":"2180","target":"2187"},{"source":"2180","target":"2189"},{"source":"2180","target":"2191"},{"source":"2180","target":"2194"},{"source":"2180","target":"2199"},{"source":"2180","target":"2203"},{"source":"2180","target":"2215"},{"source":"2180","target":"2224"},{"source":"2180","target":"2241"},{"source":"2180","target":"2246"},{"source":"2180","target":"2247"},{"source":"2180","target":"2250"},{"source":"2180","target":"2254"},{"source":"2180","target":"2264"},{"source":"2180","target":"2267"},{"source":"2180","target":"2268"},{"source":"2180","target":"2279"},{"source":"2180","target":"2282"},{"source":"2180","target":"2283"},{"source":"2180","target":"2285"},{"source":"2180","target":"2289"},{"source":"2180","target":"2292"},{"source":"2180","target":"2294"},{"source":"2180","target":"2302"},{"source":"2180","target":"2304"},{"source":"2180","target":"2327"},{"source":"2180","target":"2328"},{"source":"2180","target":"2330"},{"source":"2180","target":"2332"},{"source":"2180","target":"2336"},{"source":"2180","target":"2338"},{"source":"2180","target":"2344"},{"source":"2180","target":"2347"},{"source":"2180","target":"2351"},{"source":"2180","target":"2368"},{"source":"2180","target":"2372"},{"source":"2180","target":"2377"},{"source":"2180","target":"2384"},{"source":"2180","target":"2385"},{"source":"2180","target":"2398"},{"source":"2180","target":"2417"},{"source":"2180","target":"2420"},{"source":"2180","target":"2434"},{"source":"2180","target":"2436"},{"source":"2180","target":"2451"},{"source":"2180","target":"2458"},{"source":"2180","target":"2461"},{"source":"2180","target":"2465"},{"source":"2180","target":"2472"},{"source":"2180","target":"2491"},{"source":"2180","target":"2496"},{"source":"2180","target":"2498"},{"source":"2180","target":"2508"},{"source":"2180","target":"2509"},{"source":"2180","target":"2510"},{"source":"2180","target":"2511"},{"source":"2180","target":"2516"},{"source":"2180","target":"2543"},{"source":"2180","target":"2547"},{"source":"2180","target":"2555"},{"source":"2180","target":"2567"},{"source":"2180","target":"2588"},{"source":"2180","target":"2589"},{"source":"2180","target":"2592"},{"source":"2180","target":"2597"},{"source":"2180","target":"2598"},{"source":"2180","target":"2617"},{"source":"2180","target":"2629"},{"source":"2180","target":"2642"},{"source":"2180","target":"2643"},{"source":"2180","target":"2649"},{"source":"2180","target":"2653"},{"source":"2181","target":"2357"},{"source":"2181","target":"2371"},{"source":"2181","target":"2373"},{"source":"2181","target":"2405"},{"source":"2181","target":"2412"},{"source":"2181","target":"2440"},{"source":"2181","target":"2497"},{"source":"2181","target":"2562"},{"source":"2181","target":"2587"},{"source":"2181","target":"2644"},{"source":"2181","target":"2656"},{"source":"2182","target":"2242"},{"source":"2182","target":"2452"},{"source":"2182","target":"2480"},{"source":"2182","target":"2610"},{"source":"2182","target":"2642"},{"source":"2183","target":"2187"},{"source":"2183","target":"2191"},{"source":"2183","target":"2194"},{"source":"2183","target":"2196"},{"source":"2183","target":"2199"},{"source":"2183","target":"2215"},{"source":"2183","target":"2223"},{"source":"2183","target":"2224"},{"source":"2183","target":"2241"},{"source":"2183","target":"2246"},{"source":"2183","target":"2247"},{"source":"2183","target":"2264"},{"source":"2183","target":"2267"},{"source":"2183","target":"2273"},{"source":"2183","target":"2279"},{"source":"2183","target":"2282"},{"source":"2183","target":"2283"},{"source":"2183","target":"2289"},{"source":"2183","target":"2292"},{"source":"2183","target":"2293"},{"source":"2183","target":"2294"},{"source":"2183","target":"2302"},{"source":"2183","target":"2315"},{"source":"2183","target":"2319"},{"source":"2183","target":"2327"},{"source":"2183","target":"2328"},{"source":"2183","target":"2332"},{"source":"2183","target":"2333"},{"source":"2183","target":"2336"},{"source":"2183","target":"2338"},{"source":"2183","target":"2344"},{"source":"2183","target":"2345"},{"source":"2183","target":"2347"},{"source":"2183","target":"2351"},{"source":"2183","target":"2367"},{"source":"2183","target":"2368"},{"source":"2183","target":"2372"},{"source":"2183","target":"2384"},{"source":"2183","target":"2385"},{"source":"2183","target":"2394"},{"source":"2183","target":"2398"},{"source":"2183","target":"2420"},{"source":"2183","target":"2434"},{"source":"2183","target":"2436"},{"source":"2183","target":"2451"},{"source":"2183","target":"2458"},{"source":"2183","target":"2461"},{"source":"2183","target":"2465"},{"source":"2183","target":"2468"},{"source":"2183","target":"2471"},{"source":"2183","target":"2472"},{"source":"2183","target":"2475"},{"source":"2183","target":"2491"},{"source":"2183","target":"2508"},{"source":"2183","target":"2509"},{"source":"2183","target":"2510"},{"source":"2183","target":"2511"},{"source":"2183","target":"2516"},{"source":"2183","target":"2518"},{"source":"2183","target":"2529"},{"source":"2183","target":"2533"},{"source":"2183","target":"2537"},{"source":"2183","target":"2543"},{"source":"2183","target":"2555"},{"source":"2183","target":"2567"},{"source":"2183","target":"2582"},{"source":"2183","target":"2589"},{"source":"2183","target":"2592"},{"source":"2183","target":"2594"},{"source":"2183","target":"2597"},{"source":"2183","target":"2598"},{"source":"2183","target":"2608"},{"source":"2183","target":"2609"},{"source":"2183","target":"2617"},{"source":"2183","target":"2629"},{"source":"2183","target":"2643"},{"source":"2183","target":"2649"},{"source":"2183","target":"2653"},{"source":"2184","target":"2188"},{"source":"2184","target":"2189"},{"source":"2184","target":"2190"},{"source":"2184","target":"2200"},{"source":"2184","target":"2201"},{"source":"2184","target":"2206"},{"source":"2184","target":"2210"},{"source":"2184","target":"2212"},{"source":"2184","target":"2216"},{"source":"2184","target":"2218"},{"source":"2184","target":"2220"},{"source":"2184","target":"2229"},{"source":"2184","target":"2233"},{"source":"2184","target":"2237"},{"source":"2184","target":"2240"},{"source":"2184","target":"2244"},{"source":"2184","target":"2253"},{"source":"2184","target":"2257"},{"source":"2184","target":"2261"},{"source":"2184","target":"2266"},{"source":"2184","target":"2271"},{"source":"2184","target":"2275"},{"source":"2184","target":"2276"},{"source":"2184","target":"2278"},{"source":"2184","target":"2287"},{"source":"2184","target":"2290"},{"source":"2184","target":"2306"},{"source":"2184","target":"2307"},{"source":"2184","target":"2308"},{"source":"2184","target":"2309"},{"source":"2184","target":"2311"},{"source":"2184","target":"2323"},{"source":"2184","target":"2324"},{"source":"2184","target":"2326"},{"source":"2184","target":"2331"},{"source":"2184","target":"2334"},{"source":"2184","target":"2339"},{"source":"2184","target":"2340"},{"source":"2184","target":"2347"},{"source":"2184","target":"2348"},{"source":"2184","target":"2352"},{"source":"2184","target":"2354"},{"source":"2184","target":"2356"},{"source":"2184","target":"2359"},{"source":"2184","target":"2363"},{"source":"2184","target":"2369"},{"source":"2184","target":"2370"},{"source":"2184","target":"2374"},{"source":"2184","target":"2376"},{"source":"2184","target":"2381"},{"source":"2184","target":"2386"},{"source":"2184","target":"2392"},{"source":"2184","target":"2395"},{"source":"2184","target":"2407"},{"source":"2184","target":"2408"},{"source":"2184","target":"2409"},{"source":"2184","target":"2410"},{"source":"2184","target":"2414"},{"source":"2184","target":"2428"},{"source":"2184","target":"2429"},{"source":"2184","target":"2430"},{"source":"2184","target":"2433"},{"source":"2184","target":"2446"},{"source":"2184","target":"2449"},{"source":"2184","target":"2460"},{"source":"2184","target":"2464"},{"source":"2184","target":"2468"},{"source":"2184","target":"2469"},{"source":"2184","target":"2476"},{"source":"2184","target":"2478"},{"source":"2184","target":"2482"},{"source":"2184","target":"2489"},{"source":"2184","target":"2492"},{"source":"2184","target":"2500"},{"source":"2184","target":"2504"},{"source":"2184","target":"2507"},{"source":"2184","target":"2520"},{"source":"2184","target":"2521"},{"source":"2184","target":"2526"},{"source":"2184","target":"2532"},{"source":"2184","target":"2536"},{"source":"2184","target":"2539"},{"source":"2184","target":"2542"},{"source":"2184","target":"2543"},{"source":"2184","target":"2546"},{"source":"2184","target":"2549"},{"source":"2184","target":"2550"},{"source":"2184","target":"2551"},{"source":"2184","target":"2552"},{"source":"2184","target":"2553"},{"source":"2184","target":"2556"},{"source":"2184","target":"2559"},{"source":"2184","target":"2560"},{"source":"2184","target":"2561"},{"source":"2184","target":"2563"},{"source":"2184","target":"2564"},{"source":"2184","target":"2573"},{"source":"2184","target":"2574"},{"source":"2184","target":"2576"},{"source":"2184","target":"2578"},{"source":"2184","target":"2579"},{"source":"2184","target":"2586"},{"source":"2184","target":"2590"},{"source":"2184","target":"2591"},{"source":"2184","target":"2593"},{"source":"2184","target":"2600"},{"source":"2184","target":"2601"},{"source":"2184","target":"2602"},{"source":"2184","target":"2604"},{"source":"2184","target":"2607"},{"source":"2184","target":"2611"},{"source":"2184","target":"2613"},{"source":"2184","target":"2615"},{"source":"2184","target":"2619"},{"source":"2184","target":"2623"},{"source":"2184","target":"2624"},{"source":"2184","target":"2625"},{"source":"2184","target":"2630"},{"source":"2184","target":"2638"},{"source":"2184","target":"2646"},{"source":"2184","target":"2654"},{"source":"2184","target":"2655"},{"source":"2185","target":"2198"},{"source":"2185","target":"2246"},{"source":"2185","target":"2289"},{"source":"2185","target":"2425"},{"source":"2185","target":"2434"},{"source":"2185","target":"2518"},{"source":"2186","target":"2211"},{"source":"2186","target":"2232"},{"source":"2186","target":"2277"},{"source":"2186","target":"2296"},{"source":"2186","target":"2366"},{"source":"2186","target":"2367"},{"source":"2186","target":"2379"},{"source":"2186","target":"2406"},{"source":"2186","target":"2425"},{"source":"2186","target":"2473"},{"source":"2186","target":"2566"},{"source":"2187","target":"2189"},{"source":"2187","target":"2191"},{"source":"2187","target":"2194"},{"source":"2187","target":"2196"},{"source":"2187","target":"2198"},{"source":"2187","target":"2199"},{"source":"2187","target":"2203"},{"source":"2187","target":"2223"},{"source":"2187","target":"2224"},{"source":"2187","target":"2239"},{"source":"2187","target":"2241"},{"source":"2187","target":"2246"},{"source":"2187","target":"2247"},{"source":"2187","target":"2250"},{"source":"2187","target":"2254"},{"source":"2187","target":"2264"},{"source":"2187","target":"2267"},{"source":"2187","target":"2268"},{"source":"2187","target":"2273"},{"source":"2187","target":"2279"},{"source":"2187","target":"2282"},{"source":"2187","target":"2283"},{"source":"2187","target":"2285"},{"source":"2187","target":"2289"},{"source":"2187","target":"2292"},{"source":"2187","target":"2293"},{"source":"2187","target":"2294"},{"source":"2187","target":"2295"},{"source":"2187","target":"2302"},{"source":"2187","target":"2315"},{"source":"2187","target":"2319"},{"source":"2187","target":"2327"},{"source":"2187","target":"2328"},{"source":"2187","target":"2330"},{"source":"2187","target":"2332"},{"source":"2187","target":"2333"},{"source":"2187","target":"2336"},{"source":"2187","target":"2338"},{"source":"2187","target":"2343"},{"source":"2187","target":"2344"},{"source":"2187","target":"2347"},{"source":"2187","target":"2351"},{"source":"2187","target":"2368"},{"source":"2187","target":"2372"},{"source":"2187","target":"2377"},{"source":"2187","target":"2379"},{"source":"2187","target":"2384"},{"source":"2187","target":"2394"},{"source":"2187","target":"2398"},{"source":"2187","target":"2417"},{"source":"2187","target":"2419"},{"source":"2187","target":"2420"},{"source":"2187","target":"2436"},{"source":"2187","target":"2445"},{"source":"2187","target":"2451"},{"source":"2187","target":"2458"},{"source":"2187","target":"2461"},{"source":"2187","target":"2463"},{"source":"2187","target":"2465"},{"source":"2187","target":"2471"},{"source":"2187","target":"2472"},{"source":"2187","target":"2475"},{"source":"2187","target":"2491"},{"source":"2187","target":"2496"},{"source":"2187","target":"2498"},{"source":"2187","target":"2502"},{"source":"2187","target":"2508"},{"source":"2187","target":"2510"},{"source":"2187","target":"2511"},{"source":"2187","target":"2512"},{"source":"2187","target":"2516"},{"source":"2187","target":"2533"},{"source":"2187","target":"2543"},{"source":"2187","target":"2555"},{"source":"2187","target":"2567"},{"source":"2187","target":"2571"},{"source":"2187","target":"2582"},{"source":"2187","target":"2588"},{"source":"2187","target":"2589"},{"source":"2187","target":"2592"},{"source":"2187","target":"2597"},{"source":"2187","target":"2598"},{"source":"2187","target":"2608"},{"source":"2187","target":"2609"},{"source":"2187","target":"2616"},{"source":"2187","target":"2617"},{"source":"2187","target":"2629"},{"source":"2187","target":"2635"},{"source":"2187","target":"2642"},{"source":"2187","target":"2643"},{"source":"2187","target":"2649"},{"source":"2187","target":"2653"},{"source":"2188","target":"2190"},{"source":"2188","target":"2200"},{"source":"2188","target":"2201"},{"source":"2188","target":"2206"},{"source":"2188","target":"2210"},{"source":"2188","target":"2212"},{"source":"2188","target":"2213"},{"source":"2188","target":"2216"},{"source":"2188","target":"2218"},{"source":"2188","target":"2220"},{"source":"2188","target":"2229"},{"source":"2188","target":"2233"},{"source":"2188","target":"2240"},{"source":"2188","target":"2244"},{"source":"2188","target":"2253"},{"source":"2188","target":"2257"},{"source":"2188","target":"2258"},{"source":"2188","target":"2261"},{"source":"2188","target":"2266"},{"source":"2188","target":"2271"},{"source":"2188","target":"2275"},{"source":"2188","target":"2276"},{"source":"2188","target":"2278"},{"source":"2188","target":"2290"},{"source":"2188","target":"2299"},{"source":"2188","target":"2300"},{"source":"2188","target":"2306"},{"source":"2188","target":"2307"},{"source":"2188","target":"2308"},{"source":"2188","target":"2309"},{"source":"2188","target":"2311"},{"source":"2188","target":"2323"},{"source":"2188","target":"2324"},{"source":"2188","target":"2326"},{"source":"2188","target":"2329"},{"source":"2188","target":"2331"},{"source":"2188","target":"2339"},{"source":"2188","target":"2340"},{"source":"2188","target":"2347"},{"source":"2188","target":"2348"},{"source":"2188","target":"2352"},{"source":"2188","target":"2353"},{"source":"2188","target":"2354"},{"source":"2188","target":"2356"},{"source":"2188","target":"2359"},{"source":"2188","target":"2363"},{"source":"2188","target":"2369"},{"source":"2188","target":"2370"},{"source":"2188","target":"2374"},{"source":"2188","target":"2376"},{"source":"2188","target":"2381"},{"source":"2188","target":"2386"},{"source":"2188","target":"2391"},{"source":"2188","target":"2392"},{"source":"2188","target":"2395"},{"source":"2188","target":"2404"},{"source":"2188","target":"2407"},{"source":"2188","target":"2408"},{"source":"2188","target":"2409"},{"source":"2188","target":"2410"},{"source":"2188","target":"2414"},{"source":"2188","target":"2418"},{"source":"2188","target":"2423"},{"source":"2188","target":"2428"},{"source":"2188","target":"2429"},{"source":"2188","target":"2430"},{"source":"2188","target":"2433"},{"source":"2188","target":"2446"},{"source":"2188","target":"2460"},{"source":"2188","target":"2464"},{"source":"2188","target":"2469"},{"source":"2188","target":"2477"},{"source":"2188","target":"2478"},{"source":"2188","target":"2482"},{"source":"2188","target":"2485"},{"source":"2188","target":"2489"},{"source":"2188","target":"2492"},{"source":"2188","target":"2495"},{"source":"2188","target":"2500"},{"source":"2188","target":"2504"},{"source":"2188","target":"2506"},{"source":"2188","target":"2507"},{"source":"2188","target":"2520"},{"source":"2188","target":"2521"},{"source":"2188","target":"2526"},{"source":"2188","target":"2539"},{"source":"2188","target":"2542"},{"source":"2188","target":"2543"},{"source":"2188","target":"2546"},{"source":"2188","target":"2549"},{"source":"2188","target":"2550"},{"source":"2188","target":"2551"},{"source":"2188","target":"2552"},{"source":"2188","target":"2553"},{"source":"2188","target":"2554"},{"source":"2188","target":"2556"},{"source":"2188","target":"2559"},{"source":"2188","target":"2560"},{"source":"2188","target":"2564"},{"source":"2188","target":"2573"},{"source":"2188","target":"2574"},{"source":"2188","target":"2575"},{"source":"2188","target":"2576"},{"source":"2188","target":"2578"},{"source":"2188","target":"2579"},{"source":"2188","target":"2586"},{"source":"2188","target":"2590"},{"source":"2188","target":"2593"},{"source":"2188","target":"2600"},{"source":"2188","target":"2601"},{"source":"2188","target":"2602"},{"source":"2188","target":"2604"},{"source":"2188","target":"2606"},{"source":"2188","target":"2607"},{"source":"2188","target":"2611"},{"source":"2188","target":"2615"},{"source":"2188","target":"2619"},{"source":"2188","target":"2623"},{"source":"2188","target":"2624"},{"source":"2188","target":"2625"},{"source":"2188","target":"2630"},{"source":"2188","target":"2631"},{"source":"2188","target":"2638"},{"source":"2188","target":"2646"},{"source":"2188","target":"2654"},{"source":"2188","target":"2655"},{"source":"2189","target":"2196"},{"source":"2189","target":"2203"},{"source":"2189","target":"2223"},{"source":"2189","target":"2224"},{"source":"2189","target":"2232"},{"source":"2189","target":"2234"},{"source":"2189","target":"2241"},{"source":"2189","target":"2250"},{"source":"2189","target":"2254"},{"source":"2189","target":"2266"},{"source":"2189","target":"2268"},{"source":"2189","target":"2279"},{"source":"2189","target":"2283"},{"source":"2189","target":"2285"},{"source":"2189","target":"2288"},{"source":"2189","target":"2289"},{"source":"2189","target":"2292"},{"source":"2189","target":"2303"},{"source":"2189","target":"2309"},{"source":"2189","target":"2319"},{"source":"2189","target":"2327"},{"source":"2189","target":"2330"},{"source":"2189","target":"2334"},{"source":"2189","target":"2336"},{"source":"2189","target":"2347"},{"source":"2189","target":"2351"},{"source":"2189","target":"2372"},{"source":"2189","target":"2384"},{"source":"2189","target":"2387"},{"source":"2189","target":"2391"},{"source":"2189","target":"2393"},{"source":"2189","target":"2394"},{"source":"2189","target":"2395"},{"source":"2189","target":"2398"},{"source":"2189","target":"2417"},{"source":"2189","target":"2419"},{"source":"2189","target":"2427"},{"source":"2189","target":"2429"},{"source":"2189","target":"2436"},{"source":"2189","target":"2449"},{"source":"2189","target":"2451"},{"source":"2189","target":"2458"},{"source":"2189","target":"2463"},{"source":"2189","target":"2471"},{"source":"2189","target":"2472"},{"source":"2189","target":"2476"},{"source":"2189","target":"2478"},{"source":"2189","target":"2491"},{"source":"2189","target":"2508"},{"source":"2189","target":"2510"},{"source":"2189","target":"2511"},{"source":"2189","target":"2512"},{"source":"2189","target":"2526"},{"source":"2189","target":"2533"},{"source":"2189","target":"2542"},{"source":"2189","target":"2543"},{"source":"2189","target":"2550"},{"source":"2189","target":"2555"},{"source":"2189","target":"2567"},{"source":"2189","target":"2582"},{"source":"2189","target":"2584"},{"source":"2189","target":"2588"},{"source":"2189","target":"2589"},{"source":"2189","target":"2594"},{"source":"2189","target":"2597"},{"source":"2189","target":"2598"},{"source":"2189","target":"2608"},{"source":"2189","target":"2611"},{"source":"2189","target":"2616"},{"source":"2189","target":"2617"},{"source":"2189","target":"2649"},{"source":"2189","target":"2653"},{"source":"2190","target":"2201"},{"source":"2190","target":"2206"},{"source":"2190","target":"2218"},{"source":"2190","target":"2220"},{"source":"2190","target":"2229"},{"source":"2190","target":"2233"},{"source":"2190","target":"2237"},{"source":"2190","target":"2240"},{"source":"2190","target":"2244"},{"source":"2190","target":"2257"},{"source":"2190","target":"2261"},{"source":"2190","target":"2266"},{"source":"2190","target":"2271"},{"source":"2190","target":"2275"},{"source":"2190","target":"2276"},{"source":"2190","target":"2278"},{"source":"2190","target":"2290"},{"source":"2190","target":"2299"},{"source":"2190","target":"2308"},{"source":"2190","target":"2309"},{"source":"2190","target":"2323"},{"source":"2190","target":"2324"},{"source":"2190","target":"2326"},{"source":"2190","target":"2329"},{"source":"2190","target":"2331"},{"source":"2190","target":"2339"},{"source":"2190","target":"2340"},{"source":"2190","target":"2347"},{"source":"2190","target":"2348"},{"source":"2190","target":"2352"},{"source":"2190","target":"2353"},{"source":"2190","target":"2354"},{"source":"2190","target":"2356"},{"source":"2190","target":"2359"},{"source":"2190","target":"2363"},{"source":"2190","target":"2369"},{"source":"2190","target":"2374"},{"source":"2190","target":"2376"},{"source":"2190","target":"2381"},{"source":"2190","target":"2386"},{"source":"2190","target":"2391"},{"source":"2190","target":"2392"},{"source":"2190","target":"2395"},{"source":"2190","target":"2404"},{"source":"2190","target":"2407"},{"source":"2190","target":"2409"},{"source":"2190","target":"2410"},{"source":"2190","target":"2418"},{"source":"2190","target":"2423"},{"source":"2190","target":"2428"},{"source":"2190","target":"2430"},{"source":"2190","target":"2433"},{"source":"2190","target":"2446"},{"source":"2190","target":"2460"},{"source":"2190","target":"2464"},{"source":"2190","target":"2467"},{"source":"2190","target":"2469"},{"source":"2190","target":"2482"},{"source":"2190","target":"2484"},{"source":"2190","target":"2485"},{"source":"2190","target":"2492"},{"source":"2190","target":"2495"},{"source":"2190","target":"2506"},{"source":"2190","target":"2507"},{"source":"2190","target":"2520"},{"source":"2190","target":"2521"},{"source":"2190","target":"2526"},{"source":"2190","target":"2532"},{"source":"2190","target":"2536"},{"source":"2190","target":"2539"},{"source":"2190","target":"2542"},{"source":"2190","target":"2543"},{"source":"2190","target":"2546"},{"source":"2190","target":"2549"},{"source":"2190","target":"2550"},{"source":"2190","target":"2551"},{"source":"2190","target":"2552"},{"source":"2190","target":"2553"},{"source":"2190","target":"2554"},{"source":"2190","target":"2556"},{"source":"2190","target":"2559"},{"source":"2190","target":"2560"},{"source":"2190","target":"2564"},{"source":"2190","target":"2573"},{"source":"2190","target":"2574"},{"source":"2190","target":"2575"},{"source":"2190","target":"2578"},{"source":"2190","target":"2579"},{"source":"2190","target":"2586"},{"source":"2190","target":"2590"},{"source":"2190","target":"2591"},{"source":"2190","target":"2593"},{"source":"2190","target":"2600"},{"source":"2190","target":"2601"},{"source":"2190","target":"2604"},{"source":"2190","target":"2607"},{"source":"2190","target":"2611"},{"source":"2190","target":"2615"},{"source":"2190","target":"2623"},{"source":"2190","target":"2624"},{"source":"2190","target":"2625"},{"source":"2190","target":"2630"},{"source":"2190","target":"2631"},{"source":"2190","target":"2638"},{"source":"2190","target":"2646"},{"source":"2190","target":"2654"},{"source":"2191","target":"2194"},{"source":"2191","target":"2196"},{"source":"2191","target":"2199"},{"source":"2191","target":"2223"},{"source":"2191","target":"2224"},{"source":"2191","target":"2233"},{"source":"2191","target":"2241"},{"source":"2191","target":"2250"},{"source":"2191","target":"2264"},{"source":"2191","target":"2273"},{"source":"2191","target":"2279"},{"source":"2191","target":"2282"},{"source":"2191","target":"2283"},{"source":"2191","target":"2289"},{"source":"2191","target":"2292"},{"source":"2191","target":"2302"},{"source":"2191","target":"2305"},{"source":"2191","target":"2315"},{"source":"2191","target":"2319"},{"source":"2191","target":"2328"},{"source":"2191","target":"2332"},{"source":"2191","target":"2333"},{"source":"2191","target":"2336"},{"source":"2191","target":"2338"},{"source":"2191","target":"2343"},{"source":"2191","target":"2347"},{"source":"2191","target":"2351"},{"source":"2191","target":"2372"},{"source":"2191","target":"2384"},{"source":"2191","target":"2420"},{"source":"2191","target":"2436"},{"source":"2191","target":"2451"},{"source":"2191","target":"2465"},{"source":"2191","target":"2471"},{"source":"2191","target":"2472"},{"source":"2191","target":"2475"},{"source":"2191","target":"2498"},{"source":"2191","target":"2510"},{"source":"2191","target":"2511"},{"source":"2191","target":"2516"},{"source":"2191","target":"2543"},{"source":"2191","target":"2555"},{"source":"2191","target":"2567"},{"source":"2191","target":"2592"},{"source":"2191","target":"2597"},{"source":"2191","target":"2598"},{"source":"2191","target":"2609"},{"source":"2191","target":"2642"},{"source":"2191","target":"2643"},{"source":"2191","target":"2649"},{"source":"2191","target":"2653"},{"source":"2192","target":"2202"},{"source":"2192","target":"2225"},{"source":"2192","target":"2297"},{"source":"2192","target":"2364"},{"source":"2192","target":"2365"},{"source":"2192","target":"2435"},{"source":"2192","target":"2447"},{"source":"2192","target":"2459"},{"source":"2192","target":"2472"},{"source":"2192","target":"2538"},{"source":"2192","target":"2585"},{"source":"2192","target":"2620"},{"source":"2192","target":"2626"},{"source":"2192","target":"2639"},{"source":"2192","target":"2640"},{"source":"2192","target":"2645"},{"source":"2192","target":"2648"},{"source":"2192","target":"2657"},{"source":"2192","target":"2658"},{"source":"2192","target":"2659"},{"source":"2193","target":"2316"},{"source":"2193","target":"2335"},{"source":"2193","target":"2373"},{"source":"2193","target":"2397"},{"source":"2193","target":"2411"},{"source":"2193","target":"2497"},{"source":"2193","target":"2656"},{"source":"2194","target":"2196"},{"source":"2194","target":"2199"},{"source":"2194","target":"2224"},{"source":"2194","target":"2232"},{"source":"2194","target":"2239"},{"source":"2194","target":"2241"},{"source":"2194","target":"2247"},{"source":"2194","target":"2259"},{"source":"2194","target":"2273"},{"source":"2194","target":"2279"},{"source":"2194","target":"2282"},{"source":"2194","target":"2283"},{"source":"2194","target":"2285"},{"source":"2194","target":"2289"},{"source":"2194","target":"2292"},{"source":"2194","target":"2294"},{"source":"2194","target":"2302"},{"source":"2194","target":"2315"},{"source":"2194","target":"2319"},{"source":"2194","target":"2325"},{"source":"2194","target":"2327"},{"source":"2194","target":"2328"},{"source":"2194","target":"2329"},{"source":"2194","target":"2330"},{"source":"2194","target":"2332"},{"source":"2194","target":"2333"},{"source":"2194","target":"2336"},{"source":"2194","target":"2338"},{"source":"2194","target":"2347"},{"source":"2194","target":"2351"},{"source":"2194","target":"2372"},{"source":"2194","target":"2384"},{"source":"2194","target":"2394"},{"source":"2194","target":"2399"},{"source":"2194","target":"2417"},{"source":"2194","target":"2420"},{"source":"2194","target":"2438"},{"source":"2194","target":"2461"},{"source":"2194","target":"2463"},{"source":"2194","target":"2465"},{"source":"2194","target":"2471"},{"source":"2194","target":"2472"},{"source":"2194","target":"2473"},{"source":"2194","target":"2475"},{"source":"2194","target":"2491"},{"source":"2194","target":"2508"},{"source":"2194","target":"2509"},{"source":"2194","target":"2533"},{"source":"2194","target":"2537"},{"source":"2194","target":"2543"},{"source":"2194","target":"2555"},{"source":"2194","target":"2567"},{"source":"2194","target":"2571"},{"source":"2194","target":"2588"},{"source":"2194","target":"2592"},{"source":"2194","target":"2597"},{"source":"2194","target":"2598"},{"source":"2194","target":"2608"},{"source":"2194","target":"2609"},{"source":"2194","target":"2629"},{"source":"2194","target":"2642"},{"source":"2194","target":"2643"},{"source":"2194","target":"2653"},{"source":"2196","target":"2199"},{"source":"2196","target":"2215"},{"source":"2196","target":"2224"},{"source":"2196","target":"2241"},{"source":"2196","target":"2246"},{"source":"2196","target":"2247"},{"source":"2196","target":"2268"},{"source":"2196","target":"2273"},{"source":"2196","target":"2279"},{"source":"2196","target":"2282"},{"source":"2196","target":"2283"},{"source":"2196","target":"2289"},{"source":"2196","target":"2292"},{"source":"2196","target":"2294"},{"source":"2196","target":"2302"},{"source":"2196","target":"2315"},{"source":"2196","target":"2319"},{"source":"2196","target":"2325"},{"source":"2196","target":"2328"},{"source":"2196","target":"2330"},{"source":"2196","target":"2332"},{"source":"2196","target":"2333"},{"source":"2196","target":"2336"},{"source":"2196","target":"2338"},{"source":"2196","target":"2344"},{"source":"2196","target":"2347"},{"source":"2196","target":"2351"},{"source":"2196","target":"2372"},{"source":"2196","target":"2384"},{"source":"2196","target":"2417"},{"source":"2196","target":"2419"},{"source":"2196","target":"2420"},{"source":"2196","target":"2434"},{"source":"2196","target":"2461"},{"source":"2196","target":"2463"},{"source":"2196","target":"2465"},{"source":"2196","target":"2471"},{"source":"2196","target":"2472"},{"source":"2196","target":"2475"},{"source":"2196","target":"2491"},{"source":"2196","target":"2496"},{"source":"2196","target":"2498"},{"source":"2196","target":"2510"},{"source":"2196","target":"2511"},{"source":"2196","target":"2533"},{"source":"2196","target":"2543"},{"source":"2196","target":"2555"},{"source":"2196","target":"2567"},{"source":"2196","target":"2582"},{"source":"2196","target":"2588"},{"source":"2196","target":"2589"},{"source":"2196","target":"2592"},{"source":"2196","target":"2597"},{"source":"2196","target":"2598"},{"source":"2196","target":"2609"},{"source":"2196","target":"2617"},{"source":"2196","target":"2629"},{"source":"2196","target":"2642"},{"source":"2196","target":"2643"},{"source":"2196","target":"2653"},{"source":"2197","target":"2236"},{"source":"2197","target":"2260"},{"source":"2197","target":"2313"},{"source":"2197","target":"2341"},{"source":"2197","target":"2361"},{"source":"2197","target":"2371"},{"source":"2197","target":"2440"},{"source":"2197","target":"2455"},{"source":"2197","target":"2540"},{"source":"2197","target":"2659"},{"source":"2198","target":"2224"},{"source":"2198","target":"2241"},{"source":"2198","target":"2246"},{"source":"2198","target":"2247"},{"source":"2198","target":"2250"},{"source":"2198","target":"2254"},{"source":"2198","target":"2264"},{"source":"2198","target":"2273"},{"source":"2198","target":"2279"},{"source":"2198","target":"2282"},{"source":"2198","target":"2283"},{"source":"2198","target":"2294"},{"source":"2198","target":"2319"},{"source":"2198","target":"2328"},{"source":"2198","target":"2332"},{"source":"2198","target":"2336"},{"source":"2198","target":"2344"},{"source":"2198","target":"2368"},{"source":"2198","target":"2384"},{"source":"2198","target":"2419"},{"source":"2198","target":"2434"},{"source":"2198","target":"2461"},{"source":"2198","target":"2463"},{"source":"2198","target":"2471"},{"source":"2198","target":"2502"},{"source":"2198","target":"2511"},{"source":"2198","target":"2516"},{"source":"2198","target":"2518"},{"source":"2198","target":"2588"},{"source":"2198","target":"2598"},{"source":"2198","target":"2642"},{"source":"2199","target":"2203"},{"source":"2199","target":"2215"},{"source":"2199","target":"2223"},{"source":"2199","target":"2224"},{"source":"2199","target":"2228"},{"source":"2199","target":"2235"},{"source":"2199","target":"2241"},{"source":"2199","target":"2243"},{"source":"2199","target":"2246"},{"source":"2199","target":"2247"},{"source":"2199","target":"2250"},{"source":"2199","target":"2252"},{"source":"2199","target":"2254"},{"source":"2199","target":"2259"},{"source":"2199","target":"2273"},{"source":"2199","target":"2274"},{"source":"2199","target":"2279"},{"source":"2199","target":"2280"},{"source":"2199","target":"2282"},{"source":"2199","target":"2283"},{"source":"2199","target":"2289"},{"source":"2199","target":"2292"},{"source":"2199","target":"2294"},{"source":"2199","target":"2302"},{"source":"2199","target":"2304"},{"source":"2199","target":"2313"},{"source":"2199","target":"2315"},{"source":"2199","target":"2319"},{"source":"2199","target":"2325"},{"source":"2199","target":"2327"},{"source":"2199","target":"2328"},{"source":"2199","target":"2332"},{"source":"2199","target":"2333"},{"source":"2199","target":"2336"},{"source":"2199","target":"2338"},{"source":"2199","target":"2343"},{"source":"2199","target":"2344"},{"source":"2199","target":"2345"},{"source":"2199","target":"2347"},{"source":"2199","target":"2351"},{"source":"2199","target":"2361"},{"source":"2199","target":"2367"},{"source":"2199","target":"2368"},{"source":"2199","target":"2372"},{"source":"2199","target":"2377"},{"source":"2199","target":"2384"},{"source":"2199","target":"2385"},{"source":"2199","target":"2390"},{"source":"2199","target":"2394"},{"source":"2199","target":"2396"},{"source":"2199","target":"2398"},{"source":"2199","target":"2399"},{"source":"2199","target":"2417"},{"source":"2199","target":"2419"},{"source":"2199","target":"2420"},{"source":"2199","target":"2432"},{"source":"2199","target":"2434"},{"source":"2199","target":"2438"},{"source":"2199","target":"2451"},{"source":"2199","target":"2458"},{"source":"2199","target":"2461"},{"source":"2199","target":"2463"},{"source":"2199","target":"2465"},{"source":"2199","target":"2468"},{"source":"2199","target":"2471"},{"source":"2199","target":"2472"},{"source":"2199","target":"2475"},{"source":"2199","target":"2479"},{"source":"2199","target":"2491"},{"source":"2199","target":"2498"},{"source":"2199","target":"2501"},{"source":"2199","target":"2508"},{"source":"2199","target":"2509"},{"source":"2199","target":"2510"},{"source":"2199","target":"2511"},{"source":"2199","target":"2512"},{"source":"2199","target":"2516"},{"source":"2199","target":"2518"},{"source":"2199","target":"2530"},{"source":"2199","target":"2533"},{"source":"2199","target":"2537"},{"source":"2199","target":"2543"},{"source":"2199","target":"2547"},{"source":"2199","target":"2555"},{"source":"2199","target":"2557"},{"source":"2199","target":"2567"},{"source":"2199","target":"2572"},{"source":"2199","target":"2582"},{"source":"2199","target":"2588"},{"source":"2199","target":"2592"},{"source":"2199","target":"2594"},{"source":"2199","target":"2597"},{"source":"2199","target":"2598"},{"source":"2199","target":"2603"},{"source":"2199","target":"2608"},{"source":"2199","target":"2609"},{"source":"2199","target":"2616"},{"source":"2199","target":"2617"},{"source":"2199","target":"2629"},{"source":"2199","target":"2642"},{"source":"2199","target":"2643"},{"source":"2199","target":"2649"},{"source":"2199","target":"2652"},{"source":"2199","target":"2653"},{"source":"2200","target":"2201"},{"source":"2200","target":"2206"},{"source":"2200","target":"2210"},{"source":"2200","target":"2212"},{"source":"2200","target":"2213"},{"source":"2200","target":"2216"},{"source":"2200","target":"2218"},{"source":"2200","target":"2220"},{"source":"2200","target":"2229"},{"source":"2200","target":"2233"},{"source":"2200","target":"2237"},{"source":"2200","target":"2240"},{"source":"2200","target":"2244"},{"source":"2200","target":"2253"},{"source":"2200","target":"2257"},{"source":"2200","target":"2261"},{"source":"2200","target":"2266"},{"source":"2200","target":"2271"},{"source":"2200","target":"2275"},{"source":"2200","target":"2276"},{"source":"2200","target":"2278"},{"source":"2200","target":"2290"},{"source":"2200","target":"2299"},{"source":"2200","target":"2307"},{"source":"2200","target":"2308"},{"source":"2200","target":"2309"},{"source":"2200","target":"2323"},{"source":"2200","target":"2324"},{"source":"2200","target":"2326"},{"source":"2200","target":"2329"},{"source":"2200","target":"2331"},{"source":"2200","target":"2339"},{"source":"2200","target":"2340"},{"source":"2200","target":"2347"},{"source":"2200","target":"2348"},{"source":"2200","target":"2352"},{"source":"2200","target":"2353"},{"source":"2200","target":"2354"},{"source":"2200","target":"2356"},{"source":"2200","target":"2359"},{"source":"2200","target":"2363"},{"source":"2200","target":"2369"},{"source":"2200","target":"2370"},{"source":"2200","target":"2374"},{"source":"2200","target":"2376"},{"source":"2200","target":"2381"},{"source":"2200","target":"2386"},{"source":"2200","target":"2392"},{"source":"2200","target":"2395"},{"source":"2200","target":"2404"},{"source":"2200","target":"2407"},{"source":"2200","target":"2408"},{"source":"2200","target":"2409"},{"source":"2200","target":"2410"},{"source":"2200","target":"2414"},{"source":"2200","target":"2418"},{"source":"2200","target":"2423"},{"source":"2200","target":"2428"},{"source":"2200","target":"2429"},{"source":"2200","target":"2430"},{"source":"2200","target":"2433"},{"source":"2200","target":"2446"},{"source":"2200","target":"2460"},{"source":"2200","target":"2462"},{"source":"2200","target":"2464"},{"source":"2200","target":"2467"},{"source":"2200","target":"2469"},{"source":"2200","target":"2477"},{"source":"2200","target":"2478"},{"source":"2200","target":"2485"},{"source":"2200","target":"2489"},{"source":"2200","target":"2492"},{"source":"2200","target":"2495"},{"source":"2200","target":"2500"},{"source":"2200","target":"2504"},{"source":"2200","target":"2506"},{"source":"2200","target":"2507"},{"source":"2200","target":"2520"},{"source":"2200","target":"2521"},{"source":"2200","target":"2526"},{"source":"2200","target":"2542"},{"source":"2200","target":"2546"},{"source":"2200","target":"2549"},{"source":"2200","target":"2552"},{"source":"2200","target":"2553"},{"source":"2200","target":"2554"},{"source":"2200","target":"2559"},{"source":"2200","target":"2560"},{"source":"2200","target":"2563"},{"source":"2200","target":"2573"},{"source":"2200","target":"2575"},{"source":"2200","target":"2590"},{"source":"2200","target":"2593"},{"source":"2200","target":"2600"},{"source":"2200","target":"2601"},{"source":"2200","target":"2602"},{"source":"2200","target":"2607"},{"source":"2200","target":"2611"},{"source":"2200","target":"2615"},{"source":"2200","target":"2619"},{"source":"2200","target":"2623"},{"source":"2200","target":"2624"},{"source":"2200","target":"2625"},{"source":"2200","target":"2630"},{"source":"2200","target":"2631"},{"source":"2200","target":"2638"},{"source":"2200","target":"2646"},{"source":"2200","target":"2654"},{"source":"2200","target":"2655"},{"source":"2201","target":"2206"},{"source":"2201","target":"2210"},{"source":"2201","target":"2212"},{"source":"2201","target":"2213"},{"source":"2201","target":"2216"},{"source":"2201","target":"2218"},{"source":"2201","target":"2220"},{"source":"2201","target":"2229"},{"source":"2201","target":"2233"},{"source":"2201","target":"2237"},{"source":"2201","target":"2240"},{"source":"2201","target":"2244"},{"source":"2201","target":"2253"},{"source":"2201","target":"2257"},{"source":"2201","target":"2261"},{"source":"2201","target":"2266"},{"source":"2201","target":"2271"},{"source":"2201","target":"2275"},{"source":"2201","target":"2276"},{"source":"2201","target":"2278"},{"source":"2201","target":"2290"},{"source":"2201","target":"2299"},{"source":"2201","target":"2300"},{"source":"2201","target":"2307"},{"source":"2201","target":"2308"},{"source":"2201","target":"2309"},{"source":"2201","target":"2323"},{"source":"2201","target":"2324"},{"source":"2201","target":"2326"},{"source":"2201","target":"2329"},{"source":"2201","target":"2331"},{"source":"2201","target":"2334"},{"source":"2201","target":"2339"},{"source":"2201","target":"2340"},{"source":"2201","target":"2347"},{"source":"2201","target":"2348"},{"source":"2201","target":"2352"},{"source":"2201","target":"2354"},{"source":"2201","target":"2356"},{"source":"2201","target":"2359"},{"source":"2201","target":"2363"},{"source":"2201","target":"2369"},{"source":"2201","target":"2370"},{"source":"2201","target":"2374"},{"source":"2201","target":"2376"},{"source":"2201","target":"2381"},{"source":"2201","target":"2386"},{"source":"2201","target":"2395"},{"source":"2201","target":"2404"},{"source":"2201","target":"2408"},{"source":"2201","target":"2409"},{"source":"2201","target":"2410"},{"source":"2201","target":"2414"},{"source":"2201","target":"2418"},{"source":"2201","target":"2423"},{"source":"2201","target":"2428"},{"source":"2201","target":"2430"},{"source":"2201","target":"2433"},{"source":"2201","target":"2446"},{"source":"2201","target":"2460"},{"source":"2201","target":"2464"},{"source":"2201","target":"2467"},{"source":"2201","target":"2468"},{"source":"2201","target":"2469"},{"source":"2201","target":"2477"},{"source":"2201","target":"2478"},{"source":"2201","target":"2482"},{"source":"2201","target":"2484"},{"source":"2201","target":"2485"},{"source":"2201","target":"2489"},{"source":"2201","target":"2492"},{"source":"2201","target":"2495"},{"source":"2201","target":"2499"},{"source":"2201","target":"2500"},{"source":"2201","target":"2504"},{"source":"2201","target":"2506"},{"source":"2201","target":"2507"},{"source":"2201","target":"2520"},{"source":"2201","target":"2521"},{"source":"2201","target":"2526"},{"source":"2201","target":"2532"},{"source":"2201","target":"2539"},{"source":"2201","target":"2542"},{"source":"2201","target":"2543"},{"source":"2201","target":"2546"},{"source":"2201","target":"2549"},{"source":"2201","target":"2550"},{"source":"2201","target":"2551"},{"source":"2201","target":"2552"},{"source":"2201","target":"2553"},{"source":"2201","target":"2554"},{"source":"2201","target":"2559"},{"source":"2201","target":"2560"},{"source":"2201","target":"2561"},{"source":"2201","target":"2563"},{"source":"2201","target":"2564"},{"source":"2201","target":"2573"},{"source":"2201","target":"2574"},{"source":"2201","target":"2575"},{"source":"2201","target":"2578"},{"source":"2201","target":"2579"},{"source":"2201","target":"2586"},{"source":"2201","target":"2590"},{"source":"2201","target":"2591"},{"source":"2201","target":"2593"},{"source":"2201","target":"2600"},{"source":"2201","target":"2601"},{"source":"2201","target":"2602"},{"source":"2201","target":"2604"},{"source":"2201","target":"2607"},{"source":"2201","target":"2611"},{"source":"2201","target":"2615"},{"source":"2201","target":"2619"},{"source":"2201","target":"2624"},{"source":"2201","target":"2625"},{"source":"2201","target":"2630"},{"source":"2201","target":"2631"},{"source":"2201","target":"2638"},{"source":"2201","target":"2655"},{"source":"2202","target":"2225"},{"source":"2202","target":"2284"},{"source":"2202","target":"2297"},{"source":"2202","target":"2346"},{"source":"2202","target":"2364"},{"source":"2202","target":"2365"},{"source":"2202","target":"2378"},{"source":"2202","target":"2389"},{"source":"2202","target":"2447"},{"source":"2202","target":"2459"},{"source":"2202","target":"2538"},{"source":"2202","target":"2585"},{"source":"2202","target":"2620"},{"source":"2202","target":"2626"},{"source":"2202","target":"2627"},{"source":"2202","target":"2633"},{"source":"2202","target":"2636"},{"source":"2202","target":"2639"},{"source":"2202","target":"2640"},{"source":"2202","target":"2647"},{"source":"2202","target":"2657"},{"source":"2202","target":"2658"},{"source":"2202","target":"2659"},{"source":"2203","target":"2223"},{"source":"2203","target":"2224"},{"source":"2203","target":"2239"},{"source":"2203","target":"2241"},{"source":"2203","target":"2246"},{"source":"2203","target":"2250"},{"source":"2203","target":"2264"},{"source":"2203","target":"2267"},{"source":"2203","target":"2268"},{"source":"2203","target":"2273"},{"source":"2203","target":"2289"},{"source":"2203","target":"2292"},{"source":"2203","target":"2294"},{"source":"2203","target":"2302"},{"source":"2203","target":"2312"},{"source":"2203","target":"2319"},{"source":"2203","target":"2328"},{"source":"2203","target":"2336"},{"source":"2203","target":"2338"},{"source":"2203","target":"2343"},{"source":"2203","target":"2355"},{"source":"2203","target":"2368"},{"source":"2203","target":"2384"},{"source":"2203","target":"2389"},{"source":"2203","target":"2399"},{"source":"2203","target":"2400"},{"source":"2203","target":"2413"},{"source":"2203","target":"2445"},{"source":"2203","target":"2461"},{"source":"2203","target":"2463"},{"source":"2203","target":"2471"},{"source":"2203","target":"2475"},{"source":"2203","target":"2491"},{"source":"2203","target":"2498"},{"source":"2203","target":"2508"},{"source":"2203","target":"2509"},{"source":"2203","target":"2510"},{"source":"2203","target":"2512"},{"source":"2203","target":"2516"},{"source":"2203","target":"2529"},{"source":"2203","target":"2531"},{"source":"2203","target":"2533"},{"source":"2203","target":"2544"},{"source":"2203","target":"2547"},{"source":"2203","target":"2582"},{"source":"2203","target":"2588"},{"source":"2203","target":"2589"},{"source":"2203","target":"2597"},{"source":"2203","target":"2598"},{"source":"2203","target":"2616"},{"source":"2203","target":"2629"},{"source":"2203","target":"2643"},{"source":"2203","target":"2649"},{"source":"2204","target":"2421"},{"source":"2204","target":"2437"},{"source":"2205","target":"2209"},{"source":"2205","target":"2211"},{"source":"2205","target":"2232"},{"source":"2205","target":"2325"},{"source":"2205","target":"2366"},{"source":"2205","target":"2416"},{"source":"2205","target":"2473"},{"source":"2206","target":"2210"},{"source":"2206","target":"2212"},{"source":"2206","target":"2213"},{"source":"2206","target":"2216"},{"source":"2206","target":"2218"},{"source":"2206","target":"2220"},{"source":"2206","target":"2229"},{"source":"2206","target":"2233"},{"source":"2206","target":"2237"},{"source":"2206","target":"2240"},{"source":"2206","target":"2244"},{"source":"2206","target":"2253"},{"source":"2206","target":"2257"},{"source":"2206","target":"2261"},{"source":"2206","target":"2266"},{"source":"2206","target":"2271"},{"source":"2206","target":"2275"},{"source":"2206","target":"2276"},{"source":"2206","target":"2278"},{"source":"2206","target":"2287"},{"source":"2206","target":"2290"},{"source":"2206","target":"2299"},{"source":"2206","target":"2300"},{"source":"2206","target":"2306"},{"source":"2206","target":"2307"},{"source":"2206","target":"2308"},{"source":"2206","target":"2309"},{"source":"2206","target":"2323"},{"source":"2206","target":"2324"},{"source":"2206","target":"2326"},{"source":"2206","target":"2329"},{"source":"2206","target":"2331"},{"source":"2206","target":"2334"},{"source":"2206","target":"2339"},{"source":"2206","target":"2340"},{"source":"2206","target":"2347"},{"source":"2206","target":"2348"},{"source":"2206","target":"2352"},{"source":"2206","target":"2353"},{"source":"2206","target":"2354"},{"source":"2206","target":"2356"},{"source":"2206","target":"2359"},{"source":"2206","target":"2363"},{"source":"2206","target":"2369"},{"source":"2206","target":"2370"},{"source":"2206","target":"2374"},{"source":"2206","target":"2376"},{"source":"2206","target":"2381"},{"source":"2206","target":"2386"},{"source":"2206","target":"2391"},{"source":"2206","target":"2392"},{"source":"2206","target":"2395"},{"source":"2206","target":"2404"},{"source":"2206","target":"2407"},{"source":"2206","target":"2408"},{"source":"2206","target":"2409"},{"source":"2206","target":"2410"},{"source":"2206","target":"2414"},{"source":"2206","target":"2418"},{"source":"2206","target":"2423"},{"source":"2206","target":"2428"},{"source":"2206","target":"2429"},{"source":"2206","target":"2430"},{"source":"2206","target":"2433"},{"source":"2206","target":"2446"},{"source":"2206","target":"2460"},{"source":"2206","target":"2462"},{"source":"2206","target":"2464"},{"source":"2206","target":"2467"},{"source":"2206","target":"2468"},{"source":"2206","target":"2469"},{"source":"2206","target":"2477"},{"source":"2206","target":"2478"},{"source":"2206","target":"2482"},{"source":"2206","target":"2484"},{"source":"2206","target":"2485"},{"source":"2206","target":"2489"},{"source":"2206","target":"2492"},{"source":"2206","target":"2495"},{"source":"2206","target":"2500"},{"source":"2206","target":"2504"},{"source":"2206","target":"2506"},{"source":"2206","target":"2507"},{"source":"2206","target":"2520"},{"source":"2206","target":"2521"},{"source":"2206","target":"2526"},{"source":"2206","target":"2532"},{"source":"2206","target":"2536"},{"source":"2206","target":"2539"},{"source":"2206","target":"2542"},{"source":"2206","target":"2543"},{"source":"2206","target":"2546"},{"source":"2206","target":"2549"},{"source":"2206","target":"2550"},{"source":"2206","target":"2551"},{"source":"2206","target":"2552"},{"source":"2206","target":"2553"},{"source":"2206","target":"2554"},{"source":"2206","target":"2556"},{"source":"2206","target":"2559"},{"source":"2206","target":"2560"},{"source":"2206","target":"2561"},{"source":"2206","target":"2563"},{"source":"2206","target":"2564"},{"source":"2206","target":"2573"},{"source":"2206","target":"2574"},{"source":"2206","target":"2575"},{"source":"2206","target":"2578"},{"source":"2206","target":"2579"},{"source":"2206","target":"2586"},{"source":"2206","target":"2590"},{"source":"2206","target":"2591"},{"source":"2206","target":"2593"},{"source":"2206","target":"2600"},{"source":"2206","target":"2601"},{"source":"2206","target":"2602"},{"source":"2206","target":"2604"},{"source":"2206","target":"2606"},{"source":"2206","target":"2607"},{"source":"2206","target":"2611"},{"source":"2206","target":"2613"},{"source":"2206","target":"2615"},{"source":"2206","target":"2619"},{"source":"2206","target":"2623"},{"source":"2206","target":"2624"},{"source":"2206","target":"2625"},{"source":"2206","target":"2630"},{"source":"2206","target":"2631"},{"source":"2206","target":"2638"},{"source":"2206","target":"2646"},{"source":"2206","target":"2654"},{"source":"2206","target":"2655"},{"source":"2207","target":"2255"},{"source":"2207","target":"2259"},{"source":"2207","target":"2320"},{"source":"2207","target":"2349"},{"source":"2207","target":"2393"},{"source":"2207","target":"2426"},{"source":"2207","target":"2444"},{"source":"2207","target":"2466"},{"source":"2207","target":"2478"},{"source":"2207","target":"2486"},{"source":"2207","target":"2513"},{"source":"2207","target":"2515"},{"source":"2207","target":"2526"},{"source":"2207","target":"2550"},{"source":"2207","target":"2622"},{"source":"2207","target":"2650"},{"source":"2208","target":"2215"},{"source":"2208","target":"2229"},{"source":"2208","target":"2292"},{"source":"2208","target":"2302"},{"source":"2208","target":"2324"},{"source":"2208","target":"2333"},{"source":"2208","target":"2347"},{"source":"2208","target":"2384"},{"source":"2208","target":"2385"},{"source":"2208","target":"2462"},{"source":"2208","target":"2530"},{"source":"2208","target":"2560"},{"source":"2208","target":"2592"},{"source":"2208","target":"2608"},{"source":"2209","target":"2211"},{"source":"2209","target":"2226"},{"source":"2209","target":"2232"},{"source":"2209","target":"2242"},{"source":"2209","target":"2270"},{"source":"2209","target":"2272"},{"source":"2209","target":"2283"},{"source":"2209","target":"2289"},{"source":"2209","target":"2296"},{"source":"2209","target":"2325"},{"source":"2209","target":"2362"},{"source":"2209","target":"2416"},{"source":"2209","target":"2419"},{"source":"2209","target":"2425"},{"source":"2209","target":"2480"},{"source":"2209","target":"2498"},{"source":"2209","target":"2525"},{"source":"2209","target":"2610"},{"source":"2209","target":"2637"},{"source":"2209","target":"2641"},{"source":"2209","target":"2642"},{"source":"2210","target":"2215"},{"source":"2210","target":"2216"},{"source":"2210","target":"2218"},{"source":"2210","target":"2220"},{"source":"2210","target":"2229"},{"source":"2210","target":"2233"},{"source":"2210","target":"2240"},{"source":"2210","target":"2244"},{"source":"2210","target":"2253"},{"source":"2210","target":"2266"},{"source":"2210","target":"2271"},{"source":"2210","target":"2290"},{"source":"2210","target":"2306"},{"source":"2210","target":"2309"},{"source":"2210","target":"2323"},{"source":"2210","target":"2324"},{"source":"2210","target":"2326"},{"source":"2210","target":"2333"},{"source":"2210","target":"2340"},{"source":"2210","target":"2347"},{"source":"2210","target":"2348"},{"source":"2210","target":"2354"},{"source":"2210","target":"2359"},{"source":"2210","target":"2369"},{"source":"2210","target":"2374"},{"source":"2210","target":"2381"},{"source":"2210","target":"2385"},{"source":"2210","target":"2395"},{"source":"2210","target":"2404"},{"source":"2210","target":"2410"},{"source":"2210","target":"2414"},{"source":"2210","target":"2423"},{"source":"2210","target":"2446"},{"source":"2210","target":"2464"},{"source":"2210","target":"2469"},{"source":"2210","target":"2492"},{"source":"2210","target":"2495"},{"source":"2210","target":"2526"},{"source":"2210","target":"2543"},{"source":"2210","target":"2551"},{"source":"2210","target":"2556"},{"source":"2210","target":"2559"},{"source":"2210","target":"2560"},{"source":"2210","target":"2561"},{"source":"2210","target":"2564"},{"source":"2210","target":"2567"},{"source":"2210","target":"2573"},{"source":"2210","target":"2578"},{"source":"2210","target":"2579"},{"source":"2210","target":"2590"},{"source":"2210","target":"2600"},{"source":"2210","target":"2601"},{"source":"2210","target":"2604"},{"source":"2210","target":"2607"},{"source":"2210","target":"2611"},{"source":"2210","target":"2619"},{"source":"2210","target":"2623"},{"source":"2210","target":"2624"},{"source":"2210","target":"2631"},{"source":"2210","target":"2655"},{"source":"2211","target":"2214"},{"source":"2211","target":"2232"},{"source":"2211","target":"2254"},{"source":"2211","target":"2272"},{"source":"2211","target":"2289"},{"source":"2211","target":"2291"},{"source":"2211","target":"2296"},{"source":"2211","target":"2313"},{"source":"2211","target":"2318"},{"source":"2211","target":"2322"},{"source":"2211","target":"2325"},{"source":"2211","target":"2327"},{"source":"2211","target":"2345"},{"source":"2211","target":"2362"},{"source":"2211","target":"2366"},{"source":"2211","target":"2367"},{"source":"2211","target":"2396"},{"source":"2211","target":"2406"},{"source":"2211","target":"2416"},{"source":"2211","target":"2419"},{"source":"2211","target":"2425"},{"source":"2211","target":"2473"},{"source":"2211","target":"2525"},{"source":"2211","target":"2566"},{"source":"2211","target":"2594"},{"source":"2211","target":"2608"},{"source":"2211","target":"2610"},{"source":"2211","target":"2612"},{"source":"2211","target":"2637"},{"source":"2211","target":"2642"},{"source":"2211","target":"2656"},{"source":"2212","target":"2213"},{"source":"2212","target":"2218"},{"source":"2212","target":"2220"},{"source":"2212","target":"2229"},{"source":"2212","target":"2233"},{"source":"2212","target":"2237"},{"source":"2212","target":"2240"},{"source":"2212","target":"2244"},{"source":"2212","target":"2261"},{"source":"2212","target":"2266"},{"source":"2212","target":"2271"},{"source":"2212","target":"2275"},{"source":"2212","target":"2290"},{"source":"2212","target":"2299"},{"source":"2212","target":"2308"},{"source":"2212","target":"2309"},{"source":"2212","target":"2323"},{"source":"2212","target":"2324"},{"source":"2212","target":"2329"},{"source":"2212","target":"2331"},{"source":"2212","target":"2334"},{"source":"2212","target":"2339"},{"source":"2212","target":"2340"},{"source":"2212","target":"2347"},{"source":"2212","target":"2353"},{"source":"2212","target":"2356"},{"source":"2212","target":"2363"},{"source":"2212","target":"2369"},{"source":"2212","target":"2370"},{"source":"2212","target":"2374"},{"source":"2212","target":"2376"},{"source":"2212","target":"2381"},{"source":"2212","target":"2386"},{"source":"2212","target":"2395"},{"source":"2212","target":"2404"},{"source":"2212","target":"2408"},{"source":"2212","target":"2409"},{"source":"2212","target":"2410"},{"source":"2212","target":"2414"},{"source":"2212","target":"2418"},{"source":"2212","target":"2423"},{"source":"2212","target":"2428"},{"source":"2212","target":"2429"},{"source":"2212","target":"2433"},{"source":"2212","target":"2460"},{"source":"2212","target":"2462"},{"source":"2212","target":"2464"},{"source":"2212","target":"2468"},{"source":"2212","target":"2469"},{"source":"2212","target":"2482"},{"source":"2212","target":"2492"},{"source":"2212","target":"2495"},{"source":"2212","target":"2500"},{"source":"2212","target":"2507"},{"source":"2212","target":"2520"},{"source":"2212","target":"2521"},{"source":"2212","target":"2526"},{"source":"2212","target":"2532"},{"source":"2212","target":"2539"},{"source":"2212","target":"2542"},{"source":"2212","target":"2543"},{"source":"2212","target":"2546"},{"source":"2212","target":"2549"},{"source":"2212","target":"2550"},{"source":"2212","target":"2551"},{"source":"2212","target":"2554"},{"source":"2212","target":"2559"},{"source":"2212","target":"2560"},{"source":"2212","target":"2561"},{"source":"2212","target":"2563"},{"source":"2212","target":"2564"},{"source":"2212","target":"2573"},{"source":"2212","target":"2574"},{"source":"2212","target":"2586"},{"source":"2212","target":"2590"},{"source":"2212","target":"2593"},{"source":"2212","target":"2600"},{"source":"2212","target":"2601"},{"source":"2212","target":"2604"},{"source":"2212","target":"2607"},{"source":"2212","target":"2611"},{"source":"2212","target":"2615"},{"source":"2212","target":"2623"},{"source":"2212","target":"2624"},{"source":"2212","target":"2625"},{"source":"2212","target":"2630"},{"source":"2212","target":"2631"},{"source":"2212","target":"2654"},{"source":"2212","target":"2655"},{"source":"2213","target":"2218"},{"source":"2213","target":"2220"},{"source":"2213","target":"2229"},{"source":"2213","target":"2233"},{"source":"2213","target":"2237"},{"source":"2213","target":"2244"},{"source":"2213","target":"2257"},{"source":"2213","target":"2261"},{"source":"2213","target":"2266"},{"source":"2213","target":"2271"},{"source":"2213","target":"2275"},{"source":"2213","target":"2276"},{"source":"2213","target":"2278"},{"source":"2213","target":"2290"},{"source":"2213","target":"2299"},{"source":"2213","target":"2308"},{"source":"2213","target":"2309"},{"source":"2213","target":"2324"},{"source":"2213","target":"2326"},{"source":"2213","target":"2331"},{"source":"2213","target":"2339"},{"source":"2213","target":"2352"},{"source":"2213","target":"2353"},{"source":"2213","target":"2369"},{"source":"2213","target":"2374"},{"source":"2213","target":"2386"},{"source":"2213","target":"2391"},{"source":"2213","target":"2404"},{"source":"2213","target":"2407"},{"source":"2213","target":"2409"},{"source":"2213","target":"2410"},{"source":"2213","target":"2433"},{"source":"2213","target":"2446"},{"source":"2213","target":"2464"},{"source":"2213","target":"2467"},{"source":"2213","target":"2468"},{"source":"2213","target":"2484"},{"source":"2213","target":"2492"},{"source":"2213","target":"2506"},{"source":"2213","target":"2521"},{"source":"2213","target":"2542"},{"source":"2213","target":"2546"},{"source":"2213","target":"2549"},{"source":"2213","target":"2550"},{"source":"2213","target":"2553"},{"source":"2213","target":"2554"},{"source":"2213","target":"2556"},{"source":"2213","target":"2559"},{"source":"2213","target":"2560"},{"source":"2213","target":"2561"},{"source":"2213","target":"2563"},{"source":"2213","target":"2564"},{"source":"2213","target":"2575"},{"source":"2213","target":"2590"},{"source":"2213","target":"2593"},{"source":"2213","target":"2600"},{"source":"2213","target":"2602"},{"source":"2213","target":"2604"},{"source":"2213","target":"2606"},{"source":"2213","target":"2607"},{"source":"2213","target":"2611"},{"source":"2213","target":"2615"},{"source":"2213","target":"2619"},{"source":"2213","target":"2624"},{"source":"2213","target":"2630"},{"source":"2213","target":"2638"},{"source":"2213","target":"2654"},{"source":"2214","target":"2219"},{"source":"2214","target":"2228"},{"source":"2214","target":"2256"},{"source":"2214","target":"2265"},{"source":"2214","target":"2288"},{"source":"2214","target":"2289"},{"source":"2214","target":"2291"},{"source":"2214","target":"2302"},{"source":"2214","target":"2313"},{"source":"2214","target":"2318"},{"source":"2214","target":"2345"},{"source":"2214","target":"2366"},{"source":"2214","target":"2367"},{"source":"2214","target":"2406"},{"source":"2214","target":"2453"},{"source":"2214","target":"2514"},{"source":"2214","target":"2624"},{"source":"2215","target":"2223"},{"source":"2215","target":"2239"},{"source":"2215","target":"2254"},{"source":"2215","target":"2259"},{"source":"2215","target":"2264"},{"source":"2215","target":"2267"},{"source":"2215","target":"2268"},{"source":"2215","target":"2279"},{"source":"2215","target":"2283"},{"source":"2215","target":"2285"},{"source":"2215","target":"2292"},{"source":"2215","target":"2302"},{"source":"2215","target":"2333"},{"source":"2215","target":"2336"},{"source":"2215","target":"2372"},{"source":"2215","target":"2384"},{"source":"2215","target":"2385"},{"source":"2215","target":"2417"},{"source":"2215","target":"2445"},{"source":"2215","target":"2501"},{"source":"2215","target":"2508"},{"source":"2215","target":"2530"},{"source":"2215","target":"2543"},{"source":"2215","target":"2547"},{"source":"2215","target":"2567"},{"source":"2215","target":"2572"},{"source":"2215","target":"2592"},{"source":"2215","target":"2629"},{"source":"2216","target":"2218"},{"source":"2216","target":"2220"},{"source":"2216","target":"2229"},{"source":"2216","target":"2233"},{"source":"2216","target":"2240"},{"source":"2216","target":"2244"},{"source":"2216","target":"2253"},{"source":"2216","target":"2266"},{"source":"2216","target":"2271"},{"source":"2216","target":"2275"},{"source":"2216","target":"2290"},{"source":"2216","target":"2299"},{"source":"2216","target":"2307"},{"source":"2216","target":"2309"},{"source":"2216","target":"2323"},{"source":"2216","target":"2324"},{"source":"2216","target":"2331"},{"source":"2216","target":"2334"},{"source":"2216","target":"2339"},{"source":"2216","target":"2340"},{"source":"2216","target":"2347"},{"source":"2216","target":"2352"},{"source":"2216","target":"2354"},{"source":"2216","target":"2356"},{"source":"2216","target":"2359"},{"source":"2216","target":"2363"},{"source":"2216","target":"2369"},{"source":"2216","target":"2370"},{"source":"2216","target":"2374"},{"source":"2216","target":"2381"},{"source":"2216","target":"2383"},{"source":"2216","target":"2386"},{"source":"2216","target":"2404"},{"source":"2216","target":"2407"},{"source":"2216","target":"2408"},{"source":"2216","target":"2409"},{"source":"2216","target":"2410"},{"source":"2216","target":"2414"},{"source":"2216","target":"2418"},{"source":"2216","target":"2423"},{"source":"2216","target":"2428"},{"source":"2216","target":"2429"},{"source":"2216","target":"2446"},{"source":"2216","target":"2460"},{"source":"2216","target":"2464"},{"source":"2216","target":"2467"},{"source":"2216","target":"2477"},{"source":"2216","target":"2482"},{"source":"2216","target":"2492"},{"source":"2216","target":"2500"},{"source":"2216","target":"2504"},{"source":"2216","target":"2507"},{"source":"2216","target":"2520"},{"source":"2216","target":"2526"},{"source":"2216","target":"2539"},{"source":"2216","target":"2542"},{"source":"2216","target":"2543"},{"source":"2216","target":"2549"},{"source":"2216","target":"2553"},{"source":"2216","target":"2559"},{"source":"2216","target":"2560"},{"source":"2216","target":"2561"},{"source":"2216","target":"2564"},{"source":"2216","target":"2575"},{"source":"2216","target":"2578"},{"source":"2216","target":"2586"},{"source":"2216","target":"2590"},{"source":"2216","target":"2593"},{"source":"2216","target":"2600"},{"source":"2216","target":"2602"},{"source":"2216","target":"2604"},{"source":"2216","target":"2607"},{"source":"2216","target":"2611"},{"source":"2216","target":"2615"},{"source":"2216","target":"2624"},{"source":"2216","target":"2625"},{"source":"2216","target":"2638"},{"source":"2216","target":"2646"},{"source":"2216","target":"2655"},{"source":"2217","target":"2313"},{"source":"2217","target":"2375"},{"source":"2217","target":"2422"},{"source":"2217","target":"2439"},{"source":"2217","target":"2448"},{"source":"2217","target":"2450"},{"source":"2217","target":"2540"},{"source":"2217","target":"2548"},{"source":"2217","target":"2558"},{"source":"2217","target":"2618"},{"source":"2218","target":"2220"},{"source":"2218","target":"2229"},{"source":"2218","target":"2233"},{"source":"2218","target":"2237"},{"source":"2218","target":"2240"},{"source":"2218","target":"2244"},{"source":"2218","target":"2253"},{"source":"2218","target":"2261"},{"source":"2218","target":"2266"},{"source":"2218","target":"2271"},{"source":"2218","target":"2275"},{"source":"2218","target":"2276"},{"source":"2218","target":"2278"},{"source":"2218","target":"2290"},{"source":"2218","target":"2299"},{"source":"2218","target":"2300"},{"source":"2218","target":"2303"},{"source":"2218","target":"2306"},{"source":"2218","target":"2307"},{"source":"2218","target":"2308"},{"source":"2218","target":"2309"},{"source":"2218","target":"2323"},{"source":"2218","target":"2324"},{"source":"2218","target":"2326"},{"source":"2218","target":"2329"},{"source":"2218","target":"2331"},{"source":"2218","target":"2334"},{"source":"2218","target":"2339"},{"source":"2218","target":"2340"},{"source":"2218","target":"2347"},{"source":"2218","target":"2348"},{"source":"2218","target":"2352"},{"source":"2218","target":"2354"},{"source":"2218","target":"2356"},{"source":"2218","target":"2359"},{"source":"2218","target":"2363"},{"source":"2218","target":"2369"},{"source":"2218","target":"2370"},{"source":"2218","target":"2374"},{"source":"2218","target":"2376"},{"source":"2218","target":"2381"},{"source":"2218","target":"2386"},{"source":"2218","target":"2387"},{"source":"2218","target":"2391"},{"source":"2218","target":"2392"},{"source":"2218","target":"2395"},{"source":"2218","target":"2404"},{"source":"2218","target":"2408"},{"source":"2218","target":"2409"},{"source":"2218","target":"2410"},{"source":"2218","target":"2414"},{"source":"2218","target":"2418"},{"source":"2218","target":"2423"},{"source":"2218","target":"2427"},{"source":"2218","target":"2428"},{"source":"2218","target":"2429"},{"source":"2218","target":"2430"},{"source":"2218","target":"2433"},{"source":"2218","target":"2446"},{"source":"2218","target":"2460"},{"source":"2218","target":"2464"},{"source":"2218","target":"2467"},{"source":"2218","target":"2468"},{"source":"2218","target":"2469"},{"source":"2218","target":"2477"},{"source":"2218","target":"2482"},{"source":"2218","target":"2484"},{"source":"2218","target":"2485"},{"source":"2218","target":"2489"},{"source":"2218","target":"2492"},{"source":"2218","target":"2495"},{"source":"2218","target":"2499"},{"source":"2218","target":"2500"},{"source":"2218","target":"2504"},{"source":"2218","target":"2506"},{"source":"2218","target":"2507"},{"source":"2218","target":"2520"},{"source":"2218","target":"2521"},{"source":"2218","target":"2526"},{"source":"2218","target":"2532"},{"source":"2218","target":"2539"},{"source":"2218","target":"2542"},{"source":"2218","target":"2543"},{"source":"2218","target":"2546"},{"source":"2218","target":"2549"},{"source":"2218","target":"2550"},{"source":"2218","target":"2551"},{"source":"2218","target":"2552"},{"source":"2218","target":"2553"},{"source":"2218","target":"2554"},{"source":"2218","target":"2556"},{"source":"2218","target":"2559"},{"source":"2218","target":"2560"},{"source":"2218","target":"2561"},{"source":"2218","target":"2563"},{"source":"2218","target":"2564"},{"source":"2218","target":"2573"},{"source":"2218","target":"2574"},{"source":"2218","target":"2575"},{"source":"2218","target":"2578"},{"source":"2218","target":"2579"},{"source":"2218","target":"2586"},{"source":"2218","target":"2590"},{"source":"2218","target":"2591"},{"source":"2218","target":"2593"},{"source":"2218","target":"2600"},{"source":"2218","target":"2601"},{"source":"2218","target":"2602"},{"source":"2218","target":"2604"},{"source":"2218","target":"2606"},{"source":"2218","target":"2607"},{"source":"2218","target":"2611"},{"source":"2218","target":"2615"},{"source":"2218","target":"2619"},{"source":"2218","target":"2623"},{"source":"2218","target":"2624"},{"source":"2218","target":"2625"},{"source":"2218","target":"2630"},{"source":"2218","target":"2631"},{"source":"2218","target":"2638"},{"source":"2218","target":"2646"},{"source":"2218","target":"2654"},{"source":"2218","target":"2655"},{"source":"2219","target":"2345"},{"source":"2219","target":"2406"},{"source":"2220","target":"2229"},{"source":"2220","target":"2233"},{"source":"2220","target":"2240"},{"source":"2220","target":"2244"},{"source":"2220","target":"2253"},{"source":"2220","target":"2261"},{"source":"2220","target":"2266"},{"source":"2220","target":"2271"},{"source":"2220","target":"2275"},{"source":"2220","target":"2276"},{"source":"2220","target":"2278"},{"source":"2220","target":"2287"},{"source":"2220","target":"2290"},{"source":"2220","target":"2299"},{"source":"2220","target":"2300"},{"source":"2220","target":"2306"},{"source":"2220","target":"2307"},{"source":"2220","target":"2308"},{"source":"2220","target":"2309"},{"source":"2220","target":"2311"},{"source":"2220","target":"2323"},{"source":"2220","target":"2324"},{"source":"2220","target":"2326"},{"source":"2220","target":"2329"},{"source":"2220","target":"2331"},{"source":"2220","target":"2334"},{"source":"2220","target":"2339"},{"source":"2220","target":"2340"},{"source":"2220","target":"2347"},{"source":"2220","target":"2348"},{"source":"2220","target":"2352"},{"source":"2220","target":"2353"},{"source":"2220","target":"2354"},{"source":"2220","target":"2356"},{"source":"2220","target":"2359"},{"source":"2220","target":"2363"},{"source":"2220","target":"2369"},{"source":"2220","target":"2370"},{"source":"2220","target":"2374"},{"source":"2220","target":"2376"},{"source":"2220","target":"2381"},{"source":"2220","target":"2386"},{"source":"2220","target":"2392"},{"source":"2220","target":"2395"},{"source":"2220","target":"2404"},{"source":"2220","target":"2407"},{"source":"2220","target":"2408"},{"source":"2220","target":"2409"},{"source":"2220","target":"2410"},{"source":"2220","target":"2414"},{"source":"2220","target":"2418"},{"source":"2220","target":"2423"},{"source":"2220","target":"2428"},{"source":"2220","target":"2429"},{"source":"2220","target":"2430"},{"source":"2220","target":"2433"},{"source":"2220","target":"2446"},{"source":"2220","target":"2460"},{"source":"2220","target":"2462"},{"source":"2220","target":"2464"},{"source":"2220","target":"2468"},{"source":"2220","target":"2469"},{"source":"2220","target":"2477"},{"source":"2220","target":"2482"},{"source":"2220","target":"2484"},{"source":"2220","target":"2485"},{"source":"2220","target":"2489"},{"source":"2220","target":"2492"},{"source":"2220","target":"2495"},{"source":"2220","target":"2500"},{"source":"2220","target":"2504"},{"source":"2220","target":"2507"},{"source":"2220","target":"2520"},{"source":"2220","target":"2521"},{"source":"2220","target":"2526"},{"source":"2220","target":"2532"},{"source":"2220","target":"2539"},{"source":"2220","target":"2542"},{"source":"2220","target":"2543"},{"source":"2220","target":"2546"},{"source":"2220","target":"2549"},{"source":"2220","target":"2550"},{"source":"2220","target":"2551"},{"source":"2220","target":"2553"},{"source":"2220","target":"2554"},{"source":"2220","target":"2556"},{"source":"2220","target":"2559"},{"source":"2220","target":"2560"},{"source":"2220","target":"2561"},{"source":"2220","target":"2563"},{"source":"2220","target":"2564"},{"source":"2220","target":"2573"},{"source":"2220","target":"2574"},{"source":"2220","target":"2575"},{"source":"2220","target":"2578"},{"source":"2220","target":"2579"},{"source":"2220","target":"2586"},{"source":"2220","target":"2590"},{"source":"2220","target":"2591"},{"source":"2220","target":"2593"},{"source":"2220","target":"2600"},{"source":"2220","target":"2601"},{"source":"2220","target":"2602"},{"source":"2220","target":"2604"},{"source":"2220","target":"2607"},{"source":"2220","target":"2611"},{"source":"2220","target":"2613"},{"source":"2220","target":"2615"},{"source":"2220","target":"2619"},{"source":"2220","target":"2623"},{"source":"2220","target":"2624"},{"source":"2220","target":"2625"},{"source":"2220","target":"2630"},{"source":"2220","target":"2631"},{"source":"2220","target":"2638"},{"source":"2220","target":"2646"},{"source":"2220","target":"2654"},{"source":"2220","target":"2655"},{"source":"2221","target":"2222"},{"source":"2221","target":"2226"},{"source":"2221","target":"2235"},{"source":"2221","target":"2243"},{"source":"2221","target":"2328"},{"source":"2221","target":"2333"},{"source":"2221","target":"2344"},{"source":"2221","target":"2350"},{"source":"2221","target":"2384"},{"source":"2221","target":"2390"},{"source":"2221","target":"2394"},{"source":"2221","target":"2396"},{"source":"2221","target":"2415"},{"source":"2221","target":"2432"},{"source":"2221","target":"2434"},{"source":"2221","target":"2438"},{"source":"2221","target":"2479"},{"source":"2221","target":"2501"},{"source":"2221","target":"2511"},{"source":"2221","target":"2537"},{"source":"2221","target":"2568"},{"source":"2221","target":"2603"},{"source":"2221","target":"2641"},{"source":"2221","target":"2652"},{"source":"2222","target":"2226"},{"source":"2222","target":"2235"},{"source":"2222","target":"2243"},{"source":"2222","target":"2247"},{"source":"2222","target":"2272"},{"source":"2222","target":"2274"},{"source":"2222","target":"2327"},{"source":"2222","target":"2328"},{"source":"2222","target":"2333"},{"source":"2222","target":"2344"},{"source":"2222","target":"2377"},{"source":"2222","target":"2384"},{"source":"2222","target":"2390"},{"source":"2222","target":"2415"},{"source":"2222","target":"2432"},{"source":"2222","target":"2434"},{"source":"2222","target":"2438"},{"source":"2222","target":"2479"},{"source":"2222","target":"2501"},{"source":"2222","target":"2511"},{"source":"2222","target":"2537"},{"source":"2222","target":"2568"},{"source":"2222","target":"2603"},{"source":"2222","target":"2617"},{"source":"2222","target":"2651"},{"source":"2222","target":"2652"},{"source":"2223","target":"2224"},{"source":"2223","target":"2232"},{"source":"2223","target":"2243"},{"source":"2223","target":"2250"},{"source":"2223","target":"2254"},{"source":"2223","target":"2259"},{"source":"2223","target":"2266"},{"source":"2223","target":"2268"},{"source":"2223","target":"2279"},{"source":"2223","target":"2280"},{"source":"2223","target":"2282"},{"source":"2223","target":"2283"},{"source":"2223","target":"2289"},{"source":"2223","target":"2294"},{"source":"2223","target":"2295"},{"source":"2223","target":"2319"},{"source":"2223","target":"2327"},{"source":"2223","target":"2328"},{"source":"2223","target":"2330"},{"source":"2223","target":"2332"},{"source":"2223","target":"2333"},{"source":"2223","target":"2336"},{"source":"2223","target":"2338"},{"source":"2223","target":"2345"},{"source":"2223","target":"2347"},{"source":"2223","target":"2367"},{"source":"2223","target":"2372"},{"source":"2223","target":"2379"},{"source":"2223","target":"2384"},{"source":"2223","target":"2385"},{"source":"2223","target":"2394"},{"source":"2223","target":"2398"},{"source":"2223","target":"2417"},{"source":"2223","target":"2436"},{"source":"2223","target":"2445"},{"source":"2223","target":"2451"},{"source":"2223","target":"2458"},{"source":"2223","target":"2463"},{"source":"2223","target":"2471"},{"source":"2223","target":"2491"},{"source":"2223","target":"2498"},{"source":"2223","target":"2501"},{"source":"2223","target":"2502"},{"source":"2223","target":"2508"},{"source":"2223","target":"2509"},{"source":"2223","target":"2510"},{"source":"2223","target":"2511"},{"source":"2223","target":"2512"},{"source":"2223","target":"2516"},{"source":"2223","target":"2519"},{"source":"2223","target":"2543"},{"source":"2223","target":"2555"},{"source":"2223","target":"2567"},{"source":"2223","target":"2582"},{"source":"2223","target":"2589"},{"source":"2223","target":"2592"},{"source":"2223","target":"2594"},{"source":"2223","target":"2598"},{"source":"2223","target":"2605"},{"source":"2223","target":"2608"},{"source":"2223","target":"2616"},{"source":"2223","target":"2617"},{"source":"2223","target":"2635"},{"source":"2223","target":"2642"},{"source":"2223","target":"2643"},{"source":"2223","target":"2649"},{"source":"2223","target":"2653"},{"source":"2224","target":"2241"},{"source":"2224","target":"2246"},{"source":"2224","target":"2250"},{"source":"2224","target":"2254"},{"source":"2224","target":"2267"},{"source":"2224","target":"2268"},{"source":"2224","target":"2273"},{"source":"2224","target":"2279"},{"source":"2224","target":"2280"},{"source":"2224","target":"2282"},{"source":"2224","target":"2283"},{"source":"2224","target":"2289"},{"source":"2224","target":"2292"},{"source":"2224","target":"2294"},{"source":"2224","target":"2295"},{"source":"2224","target":"2302"},{"source":"2224","target":"2319"},{"source":"2224","target":"2327"},{"source":"2224","target":"2328"},{"source":"2224","target":"2330"},{"source":"2224","target":"2332"},{"source":"2224","target":"2333"},{"source":"2224","target":"2336"},{"source":"2224","target":"2338"},{"source":"2224","target":"2343"},{"source":"2224","target":"2344"},{"source":"2224","target":"2345"},{"source":"2224","target":"2347"},{"source":"2224","target":"2351"},{"source":"2224","target":"2367"},{"source":"2224","target":"2384"},{"source":"2224","target":"2398"},{"source":"2224","target":"2419"},{"source":"2224","target":"2420"},{"source":"2224","target":"2436"},{"source":"2224","target":"2445"},{"source":"2224","target":"2451"},{"source":"2224","target":"2458"},{"source":"2224","target":"2461"},{"source":"2224","target":"2463"},{"source":"2224","target":"2465"},{"source":"2224","target":"2471"},{"source":"2224","target":"2475"},{"source":"2224","target":"2491"},{"source":"2224","target":"2498"},{"source":"2224","target":"2501"},{"source":"2224","target":"2502"},{"source":"2224","target":"2508"},{"source":"2224","target":"2509"},{"source":"2224","target":"2510"},{"source":"2224","target":"2511"},{"source":"2224","target":"2512"},{"source":"2224","target":"2516"},{"source":"2224","target":"2519"},{"source":"2224","target":"2533"},{"source":"2224","target":"2543"},{"source":"2224","target":"2547"},{"source":"2224","target":"2555"},{"source":"2224","target":"2582"},{"source":"2224","target":"2588"},{"source":"2224","target":"2589"},{"source":"2224","target":"2598"},{"source":"2224","target":"2605"},{"source":"2224","target":"2616"},{"source":"2224","target":"2617"},{"source":"2224","target":"2629"},{"source":"2224","target":"2635"},{"source":"2224","target":"2643"},{"source":"2224","target":"2649"},{"source":"2225","target":"2284"},{"source":"2225","target":"2364"},{"source":"2225","target":"2378"},{"source":"2225","target":"2472"},{"source":"2225","target":"2494"},{"source":"2225","target":"2620"},{"source":"2225","target":"2627"},{"source":"2225","target":"2639"},{"source":"2225","target":"2640"},{"source":"2225","target":"2645"},{"source":"2225","target":"2648"},{"source":"2225","target":"2657"},{"source":"2225","target":"2660"},{"source":"2226","target":"2246"},{"source":"2226","target":"2283"},{"source":"2226","target":"2296"},{"source":"2226","target":"2304"},{"source":"2226","target":"2310"},{"source":"2226","target":"2322"},{"source":"2226","target":"2325"},{"source":"2226","target":"2345"},{"source":"2226","target":"2366"},{"source":"2226","target":"2367"},{"source":"2226","target":"2368"},{"source":"2226","target":"2379"},{"source":"2226","target":"2406"},{"source":"2226","target":"2416"},{"source":"2226","target":"2419"},{"source":"2226","target":"2434"},{"source":"2226","target":"2461"},{"source":"2226","target":"2475"},{"source":"2226","target":"2493"},{"source":"2226","target":"2498"},{"source":"2226","target":"2501"},{"source":"2226","target":"2510"},{"source":"2226","target":"2518"},{"source":"2226","target":"2557"},{"source":"2226","target":"2566"},{"source":"2226","target":"2581"},{"source":"2226","target":"2598"},{"source":"2226","target":"2608"},{"source":"2226","target":"2610"},{"source":"2226","target":"2612"},{"source":"2226","target":"2642"},{"source":"2227","target":"2263"},{"source":"2227","target":"2313"},{"source":"2227","target":"2371"},{"source":"2227","target":"2534"},{"source":"2227","target":"2558"},{"source":"2228","target":"2260"},{"source":"2228","target":"2313"},{"source":"2228","target":"2316"},{"source":"2228","target":"2317"},{"source":"2228","target":"2322"},{"source":"2228","target":"2342"},{"source":"2228","target":"2361"},{"source":"2228","target":"2371"},{"source":"2228","target":"2397"},{"source":"2228","target":"2402"},{"source":"2228","target":"2411"},{"source":"2228","target":"2440"},{"source":"2228","target":"2448"},{"source":"2228","target":"2488"},{"source":"2228","target":"2540"},{"source":"2228","target":"2570"},{"source":"2228","target":"2614"},{"source":"2228","target":"2618"},{"source":"2228","target":"2628"},{"source":"2228","target":"2644"},{"source":"2229","target":"2233"},{"source":"2229","target":"2237"},{"source":"2229","target":"2240"},{"source":"2229","target":"2244"},{"source":"2229","target":"2253"},{"source":"2229","target":"2257"},{"source":"2229","target":"2261"},{"source":"2229","target":"2266"},{"source":"2229","target":"2271"},{"source":"2229","target":"2275"},{"source":"2229","target":"2276"},{"source":"2229","target":"2278"},{"source":"2229","target":"2287"},{"source":"2229","target":"2290"},{"source":"2229","target":"2299"},{"source":"2229","target":"2300"},{"source":"2229","target":"2306"},{"source":"2229","target":"2307"},{"source":"2229","target":"2308"},{"source":"2229","target":"2309"},{"source":"2229","target":"2323"},{"source":"2229","target":"2324"},{"source":"2229","target":"2326"},{"source":"2229","target":"2329"},{"source":"2229","target":"2331"},{"source":"2229","target":"2334"},{"source":"2229","target":"2339"},{"source":"2229","target":"2340"},{"source":"2229","target":"2347"},{"source":"2229","target":"2348"},{"source":"2229","target":"2352"},{"source":"2229","target":"2353"},{"source":"2229","target":"2354"},{"source":"2229","target":"2356"},{"source":"2229","target":"2359"},{"source":"2229","target":"2363"},{"source":"2229","target":"2369"},{"source":"2229","target":"2370"},{"source":"2229","target":"2374"},{"source":"2229","target":"2376"},{"source":"2229","target":"2381"},{"source":"2229","target":"2386"},{"source":"2229","target":"2391"},{"source":"2229","target":"2392"},{"source":"2229","target":"2393"},{"source":"2229","target":"2395"},{"source":"2229","target":"2404"},{"source":"2229","target":"2408"},{"source":"2229","target":"2409"},{"source":"2229","target":"2410"},{"source":"2229","target":"2414"},{"source":"2229","target":"2418"},{"source":"2229","target":"2423"},{"source":"2229","target":"2428"},{"source":"2229","target":"2429"},{"source":"2229","target":"2430"},{"source":"2229","target":"2433"},{"source":"2229","target":"2438"},{"source":"2229","target":"2443"},{"source":"2229","target":"2446"},{"source":"2229","target":"2460"},{"source":"2229","target":"2462"},{"source":"2229","target":"2464"},{"source":"2229","target":"2467"},{"source":"2229","target":"2468"},{"source":"2229","target":"2469"},{"source":"2229","target":"2476"},{"source":"2229","target":"2478"},{"source":"2229","target":"2482"},{"source":"2229","target":"2484"},{"source":"2229","target":"2485"},{"source":"2229","target":"2492"},{"source":"2229","target":"2495"},{"source":"2229","target":"2499"},{"source":"2229","target":"2500"},{"source":"2229","target":"2501"},{"source":"2229","target":"2504"},{"source":"2229","target":"2506"},{"source":"2229","target":"2507"},{"source":"2229","target":"2520"},{"source":"2229","target":"2521"},{"source":"2229","target":"2524"},{"source":"2229","target":"2526"},{"source":"2229","target":"2532"},{"source":"2229","target":"2536"},{"source":"2229","target":"2539"},{"source":"2229","target":"2542"},{"source":"2229","target":"2543"},{"source":"2229","target":"2549"},{"source":"2229","target":"2550"},{"source":"2229","target":"2551"},{"source":"2229","target":"2553"},{"source":"2229","target":"2556"},{"source":"2229","target":"2559"},{"source":"2229","target":"2560"},{"source":"2229","target":"2561"},{"source":"2229","target":"2563"},{"source":"2229","target":"2564"},{"source":"2229","target":"2573"},{"source":"2229","target":"2575"},{"source":"2229","target":"2576"},{"source":"2229","target":"2578"},{"source":"2229","target":"2579"},{"source":"2229","target":"2586"},{"source":"2229","target":"2590"},{"source":"2229","target":"2591"},{"source":"2229","target":"2593"},{"source":"2229","target":"2601"},{"source":"2229","target":"2602"},{"source":"2229","target":"2604"},{"source":"2229","target":"2606"},{"source":"2229","target":"2607"},{"source":"2229","target":"2611"},{"source":"2229","target":"2615"},{"source":"2229","target":"2619"},{"source":"2229","target":"2623"},{"source":"2229","target":"2624"},{"source":"2229","target":"2625"},{"source":"2229","target":"2630"},{"source":"2229","target":"2631"},{"source":"2229","target":"2638"},{"source":"2229","target":"2646"},{"source":"2229","target":"2654"},{"source":"2229","target":"2655"},{"source":"2230","target":"2283"},{"source":"2230","target":"2313"},{"source":"2230","target":"2358"},{"source":"2231","target":"2236"},{"source":"2231","target":"2277"},{"source":"2231","target":"2313"},{"source":"2231","target":"2316"},{"source":"2231","target":"2317"},{"source":"2231","target":"2322"},{"source":"2231","target":"2341"},{"source":"2231","target":"2361"},{"source":"2231","target":"2371"},{"source":"2231","target":"2397"},{"source":"2231","target":"2405"},{"source":"2231","target":"2411"},{"source":"2231","target":"2440"},{"source":"2231","target":"2448"},{"source":"2231","target":"2474"},{"source":"2231","target":"2488"},{"source":"2231","target":"2497"},{"source":"2231","target":"2523"},{"source":"2231","target":"2577"},{"source":"2231","target":"2628"},{"source":"2232","target":"2241"},{"source":"2232","target":"2259"},{"source":"2232","target":"2267"},{"source":"2232","target":"2268"},{"source":"2232","target":"2280"},{"source":"2232","target":"2289"},{"source":"2232","target":"2292"},{"source":"2232","target":"2296"},{"source":"2232","target":"2313"},{"source":"2232","target":"2325"},{"source":"2232","target":"2327"},{"source":"2232","target":"2333"},{"source":"2232","target":"2336"},{"source":"2232","target":"2345"},{"source":"2232","target":"2366"},{"source":"2232","target":"2367"},{"source":"2232","target":"2379"},{"source":"2232","target":"2384"},{"source":"2232","target":"2394"},{"source":"2232","target":"2417"},{"source":"2232","target":"2445"},{"source":"2232","target":"2455"},{"source":"2232","target":"2471"},{"source":"2232","target":"2473"},{"source":"2232","target":"2491"},{"source":"2232","target":"2508"},{"source":"2232","target":"2537"},{"source":"2232","target":"2543"},{"source":"2232","target":"2547"},{"source":"2232","target":"2566"},{"source":"2232","target":"2571"},{"source":"2232","target":"2589"},{"source":"2232","target":"2594"},{"source":"2232","target":"2598"},{"source":"2232","target":"2608"},{"source":"2232","target":"2612"},{"source":"2232","target":"2614"},{"source":"2232","target":"2635"},{"source":"2232","target":"2642"},{"source":"2232","target":"2643"},{"source":"2232","target":"2649"},{"source":"2233","target":"2237"},{"source":"2233","target":"2240"},{"source":"2233","target":"2244"},{"source":"2233","target":"2253"},{"source":"2233","target":"2257"},{"source":"2233","target":"2258"},{"source":"2233","target":"2261"},{"source":"2233","target":"2266"},{"source":"2233","target":"2271"},{"source":"2233","target":"2275"},{"source":"2233","target":"2276"},{"source":"2233","target":"2278"},{"source":"2233","target":"2287"},{"source":"2233","target":"2290"},{"source":"2233","target":"2299"},{"source":"2233","target":"2300"},{"source":"2233","target":"2306"},{"source":"2233","target":"2307"},{"source":"2233","target":"2308"},{"source":"2233","target":"2309"},{"source":"2233","target":"2311"},{"source":"2233","target":"2323"},{"source":"2233","target":"2324"},{"source":"2233","target":"2326"},{"source":"2233","target":"2328"},{"source":"2233","target":"2329"},{"source":"2233","target":"2331"},{"source":"2233","target":"2334"},{"source":"2233","target":"2339"},{"source":"2233","target":"2340"},{"source":"2233","target":"2343"},{"source":"2233","target":"2347"},{"source":"2233","target":"2348"},{"source":"2233","target":"2350"},{"source":"2233","target":"2351"},{"source":"2233","target":"2352"},{"source":"2233","target":"2353"},{"source":"2233","target":"2354"},{"source":"2233","target":"2356"},{"source":"2233","target":"2359"},{"source":"2233","target":"2363"},{"source":"2233","target":"2369"},{"source":"2233","target":"2370"},{"source":"2233","target":"2374"},{"source":"2233","target":"2376"},{"source":"2233","target":"2381"},{"source":"2233","target":"2386"},{"source":"2233","target":"2391"},{"source":"2233","target":"2392"},{"source":"2233","target":"2395"},{"source":"2233","target":"2404"},{"source":"2233","target":"2407"},{"source":"2233","target":"2408"},{"source":"2233","target":"2409"},{"source":"2233","target":"2410"},{"source":"2233","target":"2418"},{"source":"2233","target":"2423"},{"source":"2233","target":"2428"},{"source":"2233","target":"2429"},{"source":"2233","target":"2430"},{"source":"2233","target":"2433"},{"source":"2233","target":"2446"},{"source":"2233","target":"2460"},{"source":"2233","target":"2464"},{"source":"2233","target":"2468"},{"source":"2233","target":"2469"},{"source":"2233","target":"2477"},{"source":"2233","target":"2482"},{"source":"2233","target":"2484"},{"source":"2233","target":"2485"},{"source":"2233","target":"2489"},{"source":"2233","target":"2492"},{"source":"2233","target":"2495"},{"source":"2233","target":"2499"},{"source":"2233","target":"2500"},{"source":"2233","target":"2504"},{"source":"2233","target":"2506"},{"source":"2233","target":"2507"},{"source":"2233","target":"2516"},{"source":"2233","target":"2520"},{"source":"2233","target":"2521"},{"source":"2233","target":"2526"},{"source":"2233","target":"2531"},{"source":"2233","target":"2532"},{"source":"2233","target":"2536"},{"source":"2233","target":"2539"},{"source":"2233","target":"2542"},{"source":"2233","target":"2543"},{"source":"2233","target":"2546"},{"source":"2233","target":"2549"},{"source":"2233","target":"2550"},{"source":"2233","target":"2551"},{"source":"2233","target":"2552"},{"source":"2233","target":"2553"},{"source":"2233","target":"2554"},{"source":"2233","target":"2556"},{"source":"2233","target":"2559"},{"source":"2233","target":"2560"},{"source":"2233","target":"2561"},{"source":"2233","target":"2563"},{"source":"2233","target":"2564"},{"source":"2233","target":"2567"},{"source":"2233","target":"2573"},{"source":"2233","target":"2574"},{"source":"2233","target":"2575"},{"source":"2233","target":"2578"},{"source":"2233","target":"2579"},{"source":"2233","target":"2586"},{"source":"2233","target":"2590"},{"source":"2233","target":"2591"},{"source":"2233","target":"2593"},{"source":"2233","target":"2600"},{"source":"2233","target":"2601"},{"source":"2233","target":"2602"},{"source":"2233","target":"2604"},{"source":"2233","target":"2606"},{"source":"2233","target":"2607"},{"source":"2233","target":"2611"},{"source":"2233","target":"2613"},{"source":"2233","target":"2615"},{"source":"2233","target":"2619"},{"source":"2233","target":"2623"},{"source":"2233","target":"2624"},{"source":"2233","target":"2625"},{"source":"2233","target":"2630"},{"source":"2233","target":"2631"},{"source":"2233","target":"2638"},{"source":"2233","target":"2642"},{"source":"2233","target":"2646"},{"source":"2233","target":"2654"},{"source":"2233","target":"2655"},{"source":"2234","target":"2266"},{"source":"2234","target":"2303"},{"source":"2234","target":"2311"},{"source":"2234","target":"2334"},{"source":"2234","target":"2386"},{"source":"2234","target":"2387"},{"source":"2234","target":"2391"},{"source":"2234","target":"2393"},{"source":"2234","target":"2404"},{"source":"2234","target":"2410"},{"source":"2234","target":"2429"},{"source":"2234","target":"2449"},{"source":"2234","target":"2476"},{"source":"2234","target":"2478"},{"source":"2234","target":"2499"},{"source":"2234","target":"2506"},{"source":"2234","target":"2526"},{"source":"2234","target":"2576"},{"source":"2234","target":"2584"},{"source":"2235","target":"2243"},{"source":"2235","target":"2254"},{"source":"2235","target":"2265"},{"source":"2235","target":"2274"},{"source":"2235","target":"2280"},{"source":"2235","target":"2282"},{"source":"2235","target":"2283"},{"source":"2235","target":"2288"},{"source":"2235","target":"2294"},{"source":"2235","target":"2304"},{"source":"2235","target":"2322"},{"source":"2235","target":"2327"},{"source":"2235","target":"2328"},{"source":"2235","target":"2332"},{"source":"2235","target":"2333"},{"source":"2235","target":"2344"},{"source":"2235","target":"2377"},{"source":"2235","target":"2384"},{"source":"2235","target":"2390"},{"source":"2235","target":"2394"},{"source":"2235","target":"2396"},{"source":"2235","target":"2415"},{"source":"2235","target":"2432"},{"source":"2235","target":"2434"},{"source":"2235","target":"2438"},{"source":"2235","target":"2451"},{"source":"2235","target":"2458"},{"source":"2235","target":"2461"},{"source":"2235","target":"2479"},{"source":"2235","target":"2491"},{"source":"2235","target":"2501"},{"source":"2235","target":"2509"},{"source":"2235","target":"2510"},{"source":"2235","target":"2511"},{"source":"2235","target":"2537"},{"source":"2235","target":"2566"},{"source":"2235","target":"2592"},{"source":"2235","target":"2594"},{"source":"2235","target":"2598"},{"source":"2235","target":"2603"},{"source":"2235","target":"2608"},{"source":"2235","target":"2617"},{"source":"2235","target":"2652"},{"source":"2236","target":"2260"},{"source":"2236","target":"2317"},{"source":"2236","target":"2322"},{"source":"2236","target":"2335"},{"source":"2236","target":"2341"},{"source":"2236","target":"2342"},{"source":"2236","target":"2360"},{"source":"2236","target":"2361"},{"source":"2236","target":"2371"},{"source":"2236","target":"2405"},{"source":"2236","target":"2411"},{"source":"2236","target":"2440"},{"source":"2236","target":"2448"},{"source":"2236","target":"2488"},{"source":"2236","target":"2523"},{"source":"2236","target":"2580"},{"source":"2236","target":"2628"},{"source":"2236","target":"2644"},{"source":"2237","target":"2240"},{"source":"2237","target":"2244"},{"source":"2237","target":"2253"},{"source":"2237","target":"2257"},{"source":"2237","target":"2261"},{"source":"2237","target":"2276"},{"source":"2237","target":"2290"},{"source":"2237","target":"2306"},{"source":"2237","target":"2308"},{"source":"2237","target":"2309"},{"source":"2237","target":"2324"},{"source":"2237","target":"2326"},{"source":"2237","target":"2331"},{"source":"2237","target":"2334"},{"source":"2237","target":"2339"},{"source":"2237","target":"2340"},{"source":"2237","target":"2347"},{"source":"2237","target":"2348"},{"source":"2237","target":"2352"},{"source":"2237","target":"2354"},{"source":"2237","target":"2356"},{"source":"2237","target":"2363"},{"source":"2237","target":"2369"},{"source":"2237","target":"2370"},{"source":"2237","target":"2381"},{"source":"2237","target":"2383"},{"source":"2237","target":"2395"},{"source":"2237","target":"2404"},{"source":"2237","target":"2408"},{"source":"2237","target":"2410"},{"source":"2237","target":"2414"},{"source":"2237","target":"2423"},{"source":"2237","target":"2428"},{"source":"2237","target":"2429"},{"source":"2237","target":"2430"},{"source":"2237","target":"2446"},{"source":"2237","target":"2460"},{"source":"2237","target":"2462"},{"source":"2237","target":"2464"},{"source":"2237","target":"2467"},{"source":"2237","target":"2482"},{"source":"2237","target":"2485"},{"source":"2237","target":"2489"},{"source":"2237","target":"2492"},{"source":"2237","target":"2495"},{"source":"2237","target":"2500"},{"source":"2237","target":"2520"},{"source":"2237","target":"2521"},{"source":"2237","target":"2526"},{"source":"2237","target":"2543"},{"source":"2237","target":"2546"},{"source":"2237","target":"2549"},{"source":"2237","target":"2551"},{"source":"2237","target":"2556"},{"source":"2237","target":"2559"},{"source":"2237","target":"2560"},{"source":"2237","target":"2561"},{"source":"2237","target":"2564"},{"source":"2237","target":"2578"},{"source":"2237","target":"2586"},{"source":"2237","target":"2590"},{"source":"2237","target":"2591"},{"source":"2237","target":"2593"},{"source":"2237","target":"2600"},{"source":"2237","target":"2601"},{"source":"2237","target":"2602"},{"source":"2237","target":"2604"},{"source":"2237","target":"2607"},{"source":"2237","target":"2611"},{"source":"2237","target":"2615"},{"source":"2237","target":"2623"},{"source":"2237","target":"2624"},{"source":"2237","target":"2646"},{"source":"2237","target":"2654"},{"source":"2237","target":"2655"},{"source":"2238","target":"2251"},{"source":"2238","target":"2260"},{"source":"2238","target":"2335"},{"source":"2238","target":"2341"},{"source":"2238","target":"2360"},{"source":"2238","target":"2361"},{"source":"2238","target":"2411"},{"source":"2238","target":"2455"},{"source":"2238","target":"2562"},{"source":"2239","target":"2242"},{"source":"2239","target":"2247"},{"source":"2239","target":"2267"},{"source":"2239","target":"2293"},{"source":"2239","target":"2327"},{"source":"2239","target":"2332"},{"source":"2239","target":"2336"},{"source":"2239","target":"2338"},{"source":"2239","target":"2347"},{"source":"2239","target":"2372"},{"source":"2239","target":"2385"},{"source":"2239","target":"2436"},{"source":"2239","target":"2458"},{"source":"2239","target":"2480"},{"source":"2239","target":"2509"},{"source":"2239","target":"2512"},{"source":"2239","target":"2518"},{"source":"2239","target":"2543"},{"source":"2239","target":"2555"},{"source":"2239","target":"2588"},{"source":"2239","target":"2597"},{"source":"2239","target":"2642"},{"source":"2240","target":"2244"},{"source":"2240","target":"2253"},{"source":"2240","target":"2257"},{"source":"2240","target":"2258"},{"source":"2240","target":"2261"},{"source":"2240","target":"2266"},{"source":"2240","target":"2271"},{"source":"2240","target":"2275"},{"source":"2240","target":"2276"},{"source":"2240","target":"2278"},{"source":"2240","target":"2287"},{"source":"2240","target":"2290"},{"source":"2240","target":"2299"},{"source":"2240","target":"2306"},{"source":"2240","target":"2307"},{"source":"2240","target":"2308"},{"source":"2240","target":"2309"},{"source":"2240","target":"2323"},{"source":"2240","target":"2324"},{"source":"2240","target":"2326"},{"source":"2240","target":"2329"},{"source":"2240","target":"2331"},{"source":"2240","target":"2334"},{"source":"2240","target":"2339"},{"source":"2240","target":"2340"},{"source":"2240","target":"2347"},{"source":"2240","target":"2348"},{"source":"2240","target":"2352"},{"source":"2240","target":"2353"},{"source":"2240","target":"2354"},{"source":"2240","target":"2356"},{"source":"2240","target":"2359"},{"source":"2240","target":"2363"},{"source":"2240","target":"2369"},{"source":"2240","target":"2370"},{"source":"2240","target":"2374"},{"source":"2240","target":"2376"},{"source":"2240","target":"2381"},{"source":"2240","target":"2386"},{"source":"2240","target":"2391"},{"source":"2240","target":"2392"},{"source":"2240","target":"2395"},{"source":"2240","target":"2404"},{"source":"2240","target":"2407"},{"source":"2240","target":"2408"},{"source":"2240","target":"2409"},{"source":"2240","target":"2410"},{"source":"2240","target":"2414"},{"source":"2240","target":"2423"},{"source":"2240","target":"2428"},{"source":"2240","target":"2430"},{"source":"2240","target":"2433"},{"source":"2240","target":"2446"},{"source":"2240","target":"2449"},{"source":"2240","target":"2460"},{"source":"2240","target":"2462"},{"source":"2240","target":"2464"},{"source":"2240","target":"2467"},{"source":"2240","target":"2468"},{"source":"2240","target":"2469"},{"source":"2240","target":"2476"},{"source":"2240","target":"2477"},{"source":"2240","target":"2478"},{"source":"2240","target":"2482"},{"source":"2240","target":"2484"},{"source":"2240","target":"2485"},{"source":"2240","target":"2489"},{"source":"2240","target":"2492"},{"source":"2240","target":"2495"},{"source":"2240","target":"2500"},{"source":"2240","target":"2504"},{"source":"2240","target":"2506"},{"source":"2240","target":"2507"},{"source":"2240","target":"2520"},{"source":"2240","target":"2521"},{"source":"2240","target":"2526"},{"source":"2240","target":"2532"},{"source":"2240","target":"2536"},{"source":"2240","target":"2539"},{"source":"2240","target":"2542"},{"source":"2240","target":"2543"},{"source":"2240","target":"2546"},{"source":"2240","target":"2549"},{"source":"2240","target":"2550"},{"source":"2240","target":"2551"},{"source":"2240","target":"2552"},{"source":"2240","target":"2553"},{"source":"2240","target":"2554"},{"source":"2240","target":"2556"},{"source":"2240","target":"2559"},{"source":"2240","target":"2560"},{"source":"2240","target":"2561"},{"source":"2240","target":"2563"},{"source":"2240","target":"2564"},{"source":"2240","target":"2573"},{"source":"2240","target":"2574"},{"source":"2240","target":"2578"},{"source":"2240","target":"2579"},{"source":"2240","target":"2586"},{"source":"2240","target":"2590"},{"source":"2240","target":"2591"},{"source":"2240","target":"2593"},{"source":"2240","target":"2600"},{"source":"2240","target":"2601"},{"source":"2240","target":"2602"},{"source":"2240","target":"2604"},{"source":"2240","target":"2606"},{"source":"2240","target":"2607"},{"source":"2240","target":"2611"},{"source":"2240","target":"2613"},{"source":"2240","target":"2615"},{"source":"2240","target":"2619"},{"source":"2240","target":"2623"},{"source":"2240","target":"2624"},{"source":"2240","target":"2625"},{"source":"2240","target":"2630"},{"source":"2240","target":"2631"},{"source":"2240","target":"2638"},{"source":"2240","target":"2646"},{"source":"2240","target":"2654"},{"source":"2240","target":"2655"},{"source":"2241","target":"2246"},{"source":"2241","target":"2247"},{"source":"2241","target":"2250"},{"source":"2241","target":"2254"},{"source":"2241","target":"2268"},{"source":"2241","target":"2273"},{"source":"2241","target":"2279"},{"source":"2241","target":"2282"},{"source":"2241","target":"2283"},{"source":"2241","target":"2285"},{"source":"2241","target":"2289"},{"source":"2241","target":"2292"},{"source":"2241","target":"2294"},{"source":"2241","target":"2302"},{"source":"2241","target":"2319"},{"source":"2241","target":"2328"},{"source":"2241","target":"2333"},{"source":"2241","target":"2336"},{"source":"2241","target":"2343"},{"source":"2241","target":"2344"},{"source":"2241","target":"2347"},{"source":"2241","target":"2351"},{"source":"2241","target":"2377"},{"source":"2241","target":"2384"},{"source":"2241","target":"2398"},{"source":"2241","target":"2399"},{"source":"2241","target":"2417"},{"source":"2241","target":"2419"},{"source":"2241","target":"2420"},{"source":"2241","target":"2434"},{"source":"2241","target":"2436"},{"source":"2241","target":"2445"},{"source":"2241","target":"2451"},{"source":"2241","target":"2463"},{"source":"2241","target":"2465"},{"source":"2241","target":"2471"},{"source":"2241","target":"2475"},{"source":"2241","target":"2498"},{"source":"2241","target":"2508"},{"source":"2241","target":"2509"},{"source":"2241","target":"2512"},{"source":"2241","target":"2516"},{"source":"2241","target":"2518"},{"source":"2241","target":"2533"},{"source":"2241","target":"2543"},{"source":"2241","target":"2555"},{"source":"2241","target":"2567"},{"source":"2241","target":"2582"},{"source":"2241","target":"2588"},{"source":"2241","target":"2589"},{"source":"2241","target":"2592"},{"source":"2241","target":"2594"},{"source":"2241","target":"2598"},{"source":"2241","target":"2599"},{"source":"2241","target":"2608"},{"source":"2241","target":"2616"},{"source":"2241","target":"2617"},{"source":"2241","target":"2629"},{"source":"2241","target":"2643"},{"source":"2241","target":"2649"},{"source":"2242","target":"2272"},{"source":"2242","target":"2278"},{"source":"2242","target":"2289"},{"source":"2242","target":"2298"},{"source":"2242","target":"2313"},{"source":"2242","target":"2318"},{"source":"2242","target":"2325"},{"source":"2242","target":"2362"},{"source":"2242","target":"2395"},{"source":"2242","target":"2399"},{"source":"2242","target":"2425"},{"source":"2242","target":"2452"},{"source":"2242","target":"2480"},{"source":"2242","target":"2498"},{"source":"2242","target":"2501"},{"source":"2242","target":"2512"},{"source":"2242","target":"2540"},{"source":"2242","target":"2605"},{"source":"2242","target":"2610"},{"source":"2242","target":"2637"},{"source":"2242","target":"2642"},{"source":"2243","target":"2264"},{"source":"2243","target":"2266"},{"source":"2243","target":"2267"},{"source":"2243","target":"2274"},{"source":"2243","target":"2280"},{"source":"2243","target":"2282"},{"source":"2243","target":"2294"},{"source":"2243","target":"2327"},{"source":"2243","target":"2328"},{"source":"2243","target":"2333"},{"source":"2243","target":"2336"},{"source":"2243","target":"2344"},{"source":"2243","target":"2384"},{"source":"2243","target":"2387"},{"source":"2243","target":"2390"},{"source":"2243","target":"2394"},{"source":"2243","target":"2396"},{"source":"2243","target":"2398"},{"source":"2243","target":"2415"},{"source":"2243","target":"2434"},{"source":"2243","target":"2438"},{"source":"2243","target":"2451"},{"source":"2243","target":"2458"},{"source":"2243","target":"2479"},{"source":"2243","target":"2501"},{"source":"2243","target":"2509"},{"source":"2243","target":"2511"},{"source":"2243","target":"2518"},{"source":"2243","target":"2537"},{"source":"2243","target":"2547"},{"source":"2243","target":"2594"},{"source":"2243","target":"2598"},{"source":"2243","target":"2603"},{"source":"2243","target":"2617"},{"source":"2243","target":"2652"},{"source":"2244","target":"2253"},{"source":"2244","target":"2257"},{"source":"2244","target":"2266"},{"source":"2244","target":"2271"},{"source":"2244","target":"2275"},{"source":"2244","target":"2276"},{"source":"2244","target":"2278"},{"source":"2244","target":"2287"},{"source":"2244","target":"2290"},{"source":"2244","target":"2299"},{"source":"2244","target":"2306"},{"source":"2244","target":"2307"},{"source":"2244","target":"2308"},{"source":"2244","target":"2309"},{"source":"2244","target":"2323"},{"source":"2244","target":"2324"},{"source":"2244","target":"2326"},{"source":"2244","target":"2329"},{"source":"2244","target":"2331"},{"source":"2244","target":"2334"},{"source":"2244","target":"2339"},{"source":"2244","target":"2340"},{"source":"2244","target":"2347"},{"source":"2244","target":"2348"},{"source":"2244","target":"2352"},{"source":"2244","target":"2353"},{"source":"2244","target":"2354"},{"source":"2244","target":"2356"},{"source":"2244","target":"2359"},{"source":"2244","target":"2363"},{"source":"2244","target":"2369"},{"source":"2244","target":"2370"},{"source":"2244","target":"2374"},{"source":"2244","target":"2376"},{"source":"2244","target":"2381"},{"source":"2244","target":"2386"},{"source":"2244","target":"2391"},{"source":"2244","target":"2392"},{"source":"2244","target":"2395"},{"source":"2244","target":"2404"},{"source":"2244","target":"2407"},{"source":"2244","target":"2408"},{"source":"2244","target":"2409"},{"source":"2244","target":"2410"},{"source":"2244","target":"2414"},{"source":"2244","target":"2418"},{"source":"2244","target":"2423"},{"source":"2244","target":"2428"},{"source":"2244","target":"2429"},{"source":"2244","target":"2430"},{"source":"2244","target":"2433"},{"source":"2244","target":"2446"},{"source":"2244","target":"2460"},{"source":"2244","target":"2462"},{"source":"2244","target":"2464"},{"source":"2244","target":"2467"},{"source":"2244","target":"2468"},{"source":"2244","target":"2469"},{"source":"2244","target":"2477"},{"source":"2244","target":"2482"},{"source":"2244","target":"2484"},{"source":"2244","target":"2485"},{"source":"2244","target":"2489"},{"source":"2244","target":"2492"},{"source":"2244","target":"2495"},{"source":"2244","target":"2499"},{"source":"2244","target":"2500"},{"source":"2244","target":"2504"},{"source":"2244","target":"2506"},{"source":"2244","target":"2507"},{"source":"2244","target":"2520"},{"source":"2244","target":"2521"},{"source":"2244","target":"2526"},{"source":"2244","target":"2539"},{"source":"2244","target":"2542"},{"source":"2244","target":"2543"},{"source":"2244","target":"2546"},{"source":"2244","target":"2549"},{"source":"2244","target":"2550"},{"source":"2244","target":"2551"},{"source":"2244","target":"2552"},{"source":"2244","target":"2553"},{"source":"2244","target":"2554"},{"source":"2244","target":"2556"},{"source":"2244","target":"2559"},{"source":"2244","target":"2560"},{"source":"2244","target":"2561"},{"source":"2244","target":"2564"},{"source":"2244","target":"2573"},{"source":"2244","target":"2575"},{"source":"2244","target":"2576"},{"source":"2244","target":"2578"},{"source":"2244","target":"2579"},{"source":"2244","target":"2586"},{"source":"2244","target":"2590"},{"source":"2244","target":"2591"},{"source":"2244","target":"2593"},{"source":"2244","target":"2600"},{"source":"2244","target":"2601"},{"source":"2244","target":"2602"},{"source":"2244","target":"2604"},{"source":"2244","target":"2606"},{"source":"2244","target":"2607"},{"source":"2244","target":"2611"},{"source":"2244","target":"2615"},{"source":"2244","target":"2619"},{"source":"2244","target":"2623"},{"source":"2244","target":"2624"},{"source":"2244","target":"2625"},{"source":"2244","target":"2630"},{"source":"2244","target":"2631"},{"source":"2244","target":"2638"},{"source":"2244","target":"2646"},{"source":"2244","target":"2654"},{"source":"2244","target":"2655"},{"source":"2245","target":"2281"},{"source":"2245","target":"2301"},{"source":"2245","target":"2487"},{"source":"2245","target":"2535"},{"source":"2246","target":"2247"},{"source":"2246","target":"2268"},{"source":"2246","target":"2273"},{"source":"2246","target":"2282"},{"source":"2246","target":"2283"},{"source":"2246","target":"2289"},{"source":"2246","target":"2294"},{"source":"2246","target":"2302"},{"source":"2246","target":"2304"},{"source":"2246","target":"2328"},{"source":"2246","target":"2333"},{"source":"2246","target":"2343"},{"source":"2246","target":"2344"},{"source":"2246","target":"2347"},{"source":"2246","target":"2351"},{"source":"2246","target":"2355"},{"source":"2246","target":"2368"},{"source":"2246","target":"2377"},{"source":"2246","target":"2384"},{"source":"2246","target":"2389"},{"source":"2246","target":"2419"},{"source":"2246","target":"2434"},{"source":"2246","target":"2438"},{"source":"2246","target":"2461"},{"source":"2246","target":"2463"},{"source":"2246","target":"2471"},{"source":"2246","target":"2475"},{"source":"2246","target":"2491"},{"source":"2246","target":"2498"},{"source":"2246","target":"2509"},{"source":"2246","target":"2510"},{"source":"2246","target":"2511"},{"source":"2246","target":"2512"},{"source":"2246","target":"2518"},{"source":"2246","target":"2543"},{"source":"2246","target":"2555"},{"source":"2246","target":"2567"},{"source":"2246","target":"2582"},{"source":"2246","target":"2588"},{"source":"2246","target":"2592"},{"source":"2246","target":"2598"},{"source":"2246","target":"2616"},{"source":"2246","target":"2617"},{"source":"2246","target":"2629"},{"source":"2246","target":"2641"},{"source":"2246","target":"2642"},{"source":"2246","target":"2643"},{"source":"2247","target":"2254"},{"source":"2247","target":"2267"},{"source":"2247","target":"2273"},{"source":"2247","target":"2282"},{"source":"2247","target":"2283"},{"source":"2247","target":"2285"},{"source":"2247","target":"2289"},{"source":"2247","target":"2292"},{"source":"2247","target":"2294"},{"source":"2247","target":"2302"},{"source":"2247","target":"2304"},{"source":"2247","target":"2327"},{"source":"2247","target":"2328"},{"source":"2247","target":"2332"},{"source":"2247","target":"2333"},{"source":"2247","target":"2336"},{"source":"2247","target":"2343"},{"source":"2247","target":"2344"},{"source":"2247","target":"2347"},{"source":"2247","target":"2355"},{"source":"2247","target":"2362"},{"source":"2247","target":"2368"},{"source":"2247","target":"2377"},{"source":"2247","target":"2384"},{"source":"2247","target":"2389"},{"source":"2247","target":"2398"},{"source":"2247","target":"2399"},{"source":"2247","target":"2413"},{"source":"2247","target":"2419"},{"source":"2247","target":"2434"},{"source":"2247","target":"2458"},{"source":"2247","target":"2461"},{"source":"2247","target":"2463"},{"source":"2247","target":"2471"},{"source":"2247","target":"2475"},{"source":"2247","target":"2480"},{"source":"2247","target":"2491"},{"source":"2247","target":"2496"},{"source":"2247","target":"2498"},{"source":"2247","target":"2509"},{"source":"2247","target":"2510"},{"source":"2247","target":"2511"},{"source":"2247","target":"2516"},{"source":"2247","target":"2518"},{"source":"2247","target":"2529"},{"source":"2247","target":"2537"},{"source":"2247","target":"2543"},{"source":"2247","target":"2555"},{"source":"2247","target":"2567"},{"source":"2247","target":"2582"},{"source":"2247","target":"2588"},{"source":"2247","target":"2592"},{"source":"2247","target":"2594"},{"source":"2247","target":"2597"},{"source":"2247","target":"2598"},{"source":"2247","target":"2603"},{"source":"2247","target":"2608"},{"source":"2247","target":"2610"},{"source":"2247","target":"2616"},{"source":"2247","target":"2629"},{"source":"2247","target":"2641"},{"source":"2247","target":"2642"},{"source":"2247","target":"2643"},{"source":"2248","target":"2286"},{"source":"2248","target":"2314"},{"source":"2248","target":"2335"},{"source":"2248","target":"2397"},{"source":"2248","target":"2405"},{"source":"2248","target":"2497"},{"source":"2248","target":"2503"},{"source":"2248","target":"2534"},{"source":"2248","target":"2644"},{"source":"2249","target":"2250"},{"source":"2249","target":"2268"},{"source":"2249","target":"2279"},{"source":"2249","target":"2313"},{"source":"2249","target":"2332"},{"source":"2249","target":"2336"},{"source":"2249","target":"2372"},{"source":"2249","target":"2434"},{"source":"2249","target":"2491"},{"source":"2249","target":"2558"},{"source":"2249","target":"2589"},{"source":"2250","target":"2268"},{"source":"2250","target":"2273"},{"source":"2250","target":"2279"},{"source":"2250","target":"2289"},{"source":"2250","target":"2294"},{"source":"2250","target":"2302"},{"source":"2250","target":"2312"},{"source":"2250","target":"2319"},{"source":"2250","target":"2328"},{"source":"2250","target":"2332"},{"source":"2250","target":"2333"},{"source":"2250","target":"2343"},{"source":"2250","target":"2344"},{"source":"2250","target":"2347"},{"source":"2250","target":"2355"},{"source":"2250","target":"2368"},{"source":"2250","target":"2372"},{"source":"2250","target":"2384"},{"source":"2250","target":"2389"},{"source":"2250","target":"2398"},{"source":"2250","target":"2399"},{"source":"2250","target":"2400"},{"source":"2250","target":"2413"},{"source":"2250","target":"2419"},{"source":"2250","target":"2436"},{"source":"2250","target":"2445"},{"source":"2250","target":"2461"},{"source":"2250","target":"2463"},{"source":"2250","target":"2471"},{"source":"2250","target":"2473"},{"source":"2250","target":"2475"},{"source":"2250","target":"2491"},{"source":"2250","target":"2498"},{"source":"2250","target":"2502"},{"source":"2250","target":"2508"},{"source":"2250","target":"2509"},{"source":"2250","target":"2511"},{"source":"2250","target":"2512"},{"source":"2250","target":"2516"},{"source":"2250","target":"2519"},{"source":"2250","target":"2529"},{"source":"2250","target":"2531"},{"source":"2250","target":"2533"},{"source":"2250","target":"2543"},{"source":"2250","target":"2555"},{"source":"2250","target":"2567"},{"source":"2250","target":"2582"},{"source":"2250","target":"2588"},{"source":"2250","target":"2597"},{"source":"2250","target":"2598"},{"source":"2250","target":"2616"},{"source":"2250","target":"2617"},{"source":"2250","target":"2629"},{"source":"2250","target":"2642"},{"source":"2250","target":"2643"},{"source":"2250","target":"2649"},{"source":"2251","target":"2313"},{"source":"2251","target":"2618"},{"source":"2251","target":"2644"},{"source":"2252","target":"2282"},{"source":"2252","target":"2294"},{"source":"2252","target":"2304"},{"source":"2252","target":"2328"},{"source":"2252","target":"2333"},{"source":"2252","target":"2509"},{"source":"2253","target":"2257"},{"source":"2253","target":"2266"},{"source":"2253","target":"2275"},{"source":"2253","target":"2278"},{"source":"2253","target":"2290"},{"source":"2253","target":"2300"},{"source":"2253","target":"2306"},{"source":"2253","target":"2307"},{"source":"2253","target":"2308"},{"source":"2253","target":"2309"},{"source":"2253","target":"2311"},{"source":"2253","target":"2324"},{"source":"2253","target":"2326"},{"source":"2253","target":"2329"},{"source":"2253","target":"2331"},{"source":"2253","target":"2334"},{"source":"2253","target":"2339"},{"source":"2253","target":"2340"},{"source":"2253","target":"2347"},{"source":"2253","target":"2348"},{"source":"2253","target":"2352"},{"source":"2253","target":"2354"},{"source":"2253","target":"2356"},{"source":"2253","target":"2359"},{"source":"2253","target":"2363"},{"source":"2253","target":"2369"},{"source":"2253","target":"2370"},{"source":"2253","target":"2374"},{"source":"2253","target":"2386"},{"source":"2253","target":"2395"},{"source":"2253","target":"2407"},{"source":"2253","target":"2408"},{"source":"2253","target":"2409"},{"source":"2253","target":"2410"},{"source":"2253","target":"2414"},{"source":"2253","target":"2428"},{"source":"2253","target":"2430"},{"source":"2253","target":"2433"},{"source":"2253","target":"2446"},{"source":"2253","target":"2449"},{"source":"2253","target":"2460"},{"source":"2253","target":"2464"},{"source":"2253","target":"2467"},{"source":"2253","target":"2468"},{"source":"2253","target":"2469"},{"source":"2253","target":"2477"},{"source":"2253","target":"2482"},{"source":"2253","target":"2484"},{"source":"2253","target":"2485"},{"source":"2253","target":"2489"},{"source":"2253","target":"2492"},{"source":"2253","target":"2500"},{"source":"2253","target":"2504"},{"source":"2253","target":"2507"},{"source":"2253","target":"2520"},{"source":"2253","target":"2521"},{"source":"2253","target":"2526"},{"source":"2253","target":"2532"},{"source":"2253","target":"2536"},{"source":"2253","target":"2539"},{"source":"2253","target":"2542"},{"source":"2253","target":"2543"},{"source":"2253","target":"2546"},{"source":"2253","target":"2549"},{"source":"2253","target":"2550"},{"source":"2253","target":"2552"},{"source":"2253","target":"2553"},{"source":"2253","target":"2556"},{"source":"2253","target":"2559"},{"source":"2253","target":"2560"},{"source":"2253","target":"2561"},{"source":"2253","target":"2563"},{"source":"2253","target":"2564"},{"source":"2253","target":"2573"},{"source":"2253","target":"2578"},{"source":"2253","target":"2586"},{"source":"2253","target":"2593"},{"source":"2253","target":"2601"},{"source":"2253","target":"2602"},{"source":"2253","target":"2604"},{"source":"2253","target":"2606"},{"source":"2253","target":"2607"},{"source":"2253","target":"2615"},{"source":"2253","target":"2619"},{"source":"2253","target":"2624"},{"source":"2253","target":"2625"},{"source":"2253","target":"2630"},{"source":"2253","target":"2631"},{"source":"2253","target":"2638"},{"source":"2253","target":"2654"},{"source":"2253","target":"2655"},{"source":"2254","target":"2264"},{"source":"2254","target":"2267"},{"source":"2254","target":"2268"},{"source":"2254","target":"2279"},{"source":"2254","target":"2282"},{"source":"2254","target":"2285"},{"source":"2254","target":"2289"},{"source":"2254","target":"2319"},{"source":"2254","target":"2327"},{"source":"2254","target":"2328"},{"source":"2254","target":"2330"},{"source":"2254","target":"2336"},{"source":"2254","target":"2343"},{"source":"2254","target":"2344"},{"source":"2254","target":"2372"},{"source":"2254","target":"2385"},{"source":"2254","target":"2396"},{"source":"2254","target":"2398"},{"source":"2254","target":"2419"},{"source":"2254","target":"2436"},{"source":"2254","target":"2445"},{"source":"2254","target":"2451"},{"source":"2254","target":"2458"},{"source":"2254","target":"2463"},{"source":"2254","target":"2471"},{"source":"2254","target":"2475"},{"source":"2254","target":"2491"},{"source":"2254","target":"2498"},{"source":"2254","target":"2508"},{"source":"2254","target":"2509"},{"source":"2254","target":"2510"},{"source":"2254","target":"2511"},{"source":"2254","target":"2512"},{"source":"2254","target":"2547"},{"source":"2254","target":"2589"},{"source":"2254","target":"2594"},{"source":"2254","target":"2598"},{"source":"2254","target":"2608"},{"source":"2254","target":"2616"},{"source":"2254","target":"2617"},{"source":"2254","target":"2649"},{"source":"2254","target":"2653"},{"source":"2255","target":"2320"},{"source":"2255","target":"2453"},{"source":"2255","target":"2466"},{"source":"2255","target":"2486"},{"source":"2255","target":"2650"},{"source":"2256","target":"2265"},{"source":"2256","target":"2291"},{"source":"2257","target":"2258"},{"source":"2257","target":"2266"},{"source":"2257","target":"2271"},{"source":"2257","target":"2275"},{"source":"2257","target":"2276"},{"source":"2257","target":"2278"},{"source":"2257","target":"2290"},{"source":"2257","target":"2299"},{"source":"2257","target":"2307"},{"source":"2257","target":"2308"},{"source":"2257","target":"2309"},{"source":"2257","target":"2323"},{"source":"2257","target":"2324"},{"source":"2257","target":"2326"},{"source":"2257","target":"2331"},{"source":"2257","target":"2339"},{"source":"2257","target":"2340"},{"source":"2257","target":"2347"},{"source":"2257","target":"2352"},{"source":"2257","target":"2353"},{"source":"2257","target":"2354"},{"source":"2257","target":"2356"},{"source":"2257","target":"2359"},{"source":"2257","target":"2363"},{"source":"2257","target":"2369"},{"source":"2257","target":"2370"},{"source":"2257","target":"2374"},{"source":"2257","target":"2376"},{"source":"2257","target":"2381"},{"source":"2257","target":"2386"},{"source":"2257","target":"2392"},{"source":"2257","target":"2404"},{"source":"2257","target":"2409"},{"source":"2257","target":"2410"},{"source":"2257","target":"2414"},{"source":"2257","target":"2418"},{"source":"2257","target":"2423"},{"source":"2257","target":"2428"},{"source":"2257","target":"2429"},{"source":"2257","target":"2446"},{"source":"2257","target":"2462"},{"source":"2257","target":"2464"},{"source":"2257","target":"2469"},{"source":"2257","target":"2477"},{"source":"2257","target":"2478"},{"source":"2257","target":"2485"},{"source":"2257","target":"2489"},{"source":"2257","target":"2492"},{"source":"2257","target":"2500"},{"source":"2257","target":"2504"},{"source":"2257","target":"2506"},{"source":"2257","target":"2507"},{"source":"2257","target":"2520"},{"source":"2257","target":"2526"},{"source":"2257","target":"2536"},{"source":"2257","target":"2539"},{"source":"2257","target":"2542"},{"source":"2257","target":"2543"},{"source":"2257","target":"2549"},{"source":"2257","target":"2551"},{"source":"2257","target":"2553"},{"source":"2257","target":"2554"},{"source":"2257","target":"2556"},{"source":"2257","target":"2559"},{"source":"2257","target":"2563"},{"source":"2257","target":"2564"},{"source":"2257","target":"2573"},{"source":"2257","target":"2575"},{"source":"2257","target":"2576"},{"source":"2257","target":"2578"},{"source":"2257","target":"2586"},{"source":"2257","target":"2590"},{"source":"2257","target":"2593"},{"source":"2257","target":"2601"},{"source":"2257","target":"2602"},{"source":"2257","target":"2604"},{"source":"2257","target":"2607"},{"source":"2257","target":"2611"},{"source":"2257","target":"2615"},{"source":"2257","target":"2619"},{"source":"2257","target":"2623"},{"source":"2257","target":"2624"},{"source":"2257","target":"2630"},{"source":"2257","target":"2631"},{"source":"2257","target":"2638"},{"source":"2257","target":"2646"},{"source":"2257","target":"2654"},{"source":"2258","target":"2266"},{"source":"2258","target":"2311"},{"source":"2258","target":"2326"},{"source":"2258","target":"2329"},{"source":"2258","target":"2354"},{"source":"2258","target":"2356"},{"source":"2258","target":"2369"},{"source":"2258","target":"2376"},{"source":"2258","target":"2393"},{"source":"2258","target":"2404"},{"source":"2258","target":"2408"},{"source":"2258","target":"2409"},{"source":"2258","target":"2410"},{"source":"2258","target":"2428"},{"source":"2258","target":"2468"},{"source":"2258","target":"2477"},{"source":"2258","target":"2478"},{"source":"2258","target":"2504"},{"source":"2258","target":"2507"},{"source":"2258","target":"2520"},{"source":"2258","target":"2521"},{"source":"2258","target":"2542"},{"source":"2258","target":"2549"},{"source":"2258","target":"2559"},{"source":"2258","target":"2560"},{"source":"2258","target":"2564"},{"source":"2258","target":"2575"},{"source":"2258","target":"2611"},{"source":"2258","target":"2646"},{"source":"2259","target":"2268"},{"source":"2259","target":"2280"},{"source":"2259","target":"2327"},{"source":"2259","target":"2333"},{"source":"2259","target":"2336"},{"source":"2259","target":"2345"},{"source":"2259","target":"2347"},{"source":"2259","target":"2372"},{"source":"2259","target":"2379"},{"source":"2259","target":"2384"},{"source":"2259","target":"2394"},{"source":"2259","target":"2398"},{"source":"2259","target":"2401"},{"source":"2259","target":"2417"},{"source":"2259","target":"2420"},{"source":"2259","target":"2443"},{"source":"2259","target":"2445"},{"source":"2259","target":"2451"},{"source":"2259","target":"2468"},{"source":"2259","target":"2471"},{"source":"2259","target":"2473"},{"source":"2259","target":"2475"},{"source":"2259","target":"2490"},{"source":"2259","target":"2491"},{"source":"2259","target":"2508"},{"source":"2259","target":"2537"},{"source":"2259","target":"2543"},{"source":"2259","target":"2592"},{"source":"2259","target":"2594"},{"source":"2259","target":"2598"},{"source":"2259","target":"2608"},{"source":"2259","target":"2635"},{"source":"2259","target":"2649"},{"source":"2260","target":"2289"},{"source":"2260","target":"2341"},{"source":"2260","target":"2397"},{"source":"2260","target":"2412"},{"source":"2260","target":"2659"},{"source":"2261","target":"2266"},{"source":"2261","target":"2271"},{"source":"2261","target":"2276"},{"source":"2261","target":"2290"},{"source":"2261","target":"2299"},{"source":"2261","target":"2300"},{"source":"2261","target":"2323"},{"source":"2261","target":"2324"},{"source":"2261","target":"2326"},{"source":"2261","target":"2331"},{"source":"2261","target":"2339"},{"source":"2261","target":"2340"},{"source":"2261","target":"2347"},{"source":"2261","target":"2352"},{"source":"2261","target":"2353"},{"source":"2261","target":"2356"},{"source":"2261","target":"2359"},{"source":"2261","target":"2369"},{"source":"2261","target":"2370"},{"source":"2261","target":"2376"},{"source":"2261","target":"2381"},{"source":"2261","target":"2392"},{"source":"2261","target":"2408"},{"source":"2261","target":"2409"},{"source":"2261","target":"2410"},{"source":"2261","target":"2414"},{"source":"2261","target":"2423"},{"source":"2261","target":"2428"},{"source":"2261","target":"2464"},{"source":"2261","target":"2468"},{"source":"2261","target":"2484"},{"source":"2261","target":"2485"},{"source":"2261","target":"2492"},{"source":"2261","target":"2495"},{"source":"2261","target":"2499"},{"source":"2261","target":"2500"},{"source":"2261","target":"2504"},{"source":"2261","target":"2506"},{"source":"2261","target":"2507"},{"source":"2261","target":"2521"},{"source":"2261","target":"2539"},{"source":"2261","target":"2542"},{"source":"2261","target":"2543"},{"source":"2261","target":"2551"},{"source":"2261","target":"2553"},{"source":"2261","target":"2556"},{"source":"2261","target":"2560"},{"source":"2261","target":"2564"},{"source":"2261","target":"2574"},{"source":"2261","target":"2575"},{"source":"2261","target":"2578"},{"source":"2261","target":"2586"},{"source":"2261","target":"2590"},{"source":"2261","target":"2591"},{"source":"2261","target":"2593"},{"source":"2261","target":"2600"},{"source":"2261","target":"2601"},{"source":"2261","target":"2602"},{"source":"2261","target":"2604"},{"source":"2261","target":"2607"},{"source":"2261","target":"2611"},{"source":"2261","target":"2615"},{"source":"2261","target":"2619"},{"source":"2261","target":"2624"},{"source":"2261","target":"2625"},{"source":"2261","target":"2630"},{"source":"2261","target":"2638"},{"source":"2261","target":"2654"},{"source":"2261","target":"2655"},{"source":"2262","target":"2266"},{"source":"2262","target":"2300"},{"source":"2262","target":"2350"},{"source":"2262","target":"2387"},{"source":"2262","target":"2391"},{"source":"2262","target":"2506"},{"source":"2262","target":"2545"},{"source":"2262","target":"2576"},{"source":"2263","target":"2313"},{"source":"2263","target":"2431"},{"source":"2263","target":"2528"},{"source":"2263","target":"2558"},{"source":"2263","target":"2621"},{"source":"2264","target":"2267"},{"source":"2264","target":"2273"},{"source":"2264","target":"2280"},{"source":"2264","target":"2282"},{"source":"2264","target":"2294"},{"source":"2264","target":"2302"},{"source":"2264","target":"2327"},{"source":"2264","target":"2333"},{"source":"2264","target":"2338"},{"source":"2264","target":"2344"},{"source":"2264","target":"2347"},{"source":"2264","target":"2368"},{"source":"2264","target":"2372"},{"source":"2264","target":"2377"},{"source":"2264","target":"2379"},{"source":"2264","target":"2385"},{"source":"2264","target":"2394"},{"source":"2264","target":"2396"},{"source":"2264","target":"2417"},{"source":"2264","target":"2458"},{"source":"2264","target":"2461"},{"source":"2264","target":"2463"},{"source":"2264","target":"2465"},{"source":"2264","target":"2472"},{"source":"2264","target":"2473"},{"source":"2264","target":"2498"},{"source":"2264","target":"2510"},{"source":"2264","target":"2537"},{"source":"2264","target":"2547"},{"source":"2264","target":"2588"},{"source":"2264","target":"2592"},{"source":"2264","target":"2597"},{"source":"2265","target":"2291"},{"source":"2265","target":"2406"},{"source":"2265","target":"2566"},{"source":"2266","target":"2271"},{"source":"2266","target":"2275"},{"source":"2266","target":"2276"},{"source":"2266","target":"2278"},{"source":"2266","target":"2287"},{"source":"2266","target":"2288"},{"source":"2266","target":"2290"},{"source":"2266","target":"2292"},{"source":"2266","target":"2299"},{"source":"2266","target":"2300"},{"source":"2266","target":"2303"},{"source":"2266","target":"2306"},{"source":"2266","target":"2307"},{"source":"2266","target":"2308"},{"source":"2266","target":"2309"},{"source":"2266","target":"2311"},{"source":"2266","target":"2323"},{"source":"2266","target":"2324"},{"source":"2266","target":"2326"},{"source":"2266","target":"2329"},{"source":"2266","target":"2331"},{"source":"2266","target":"2334"},{"source":"2266","target":"2336"},{"source":"2266","target":"2339"},{"source":"2266","target":"2340"},{"source":"2266","target":"2347"},{"source":"2266","target":"2348"},{"source":"2266","target":"2350"},{"source":"2266","target":"2352"},{"source":"2266","target":"2353"},{"source":"2266","target":"2354"},{"source":"2266","target":"2356"},{"source":"2266","target":"2359"},{"source":"2266","target":"2363"},{"source":"2266","target":"2369"},{"source":"2266","target":"2370"},{"source":"2266","target":"2374"},{"source":"2266","target":"2376"},{"source":"2266","target":"2381"},{"source":"2266","target":"2386"},{"source":"2266","target":"2387"},{"source":"2266","target":"2391"},{"source":"2266","target":"2392"},{"source":"2266","target":"2393"},{"source":"2266","target":"2395"},{"source":"2266","target":"2404"},{"source":"2266","target":"2407"},{"source":"2266","target":"2408"},{"source":"2266","target":"2409"},{"source":"2266","target":"2410"},{"source":"2266","target":"2414"},{"source":"2266","target":"2418"},{"source":"2266","target":"2423"},{"source":"2266","target":"2427"},{"source":"2266","target":"2428"},{"source":"2266","target":"2429"},{"source":"2266","target":"2430"},{"source":"2266","target":"2433"},{"source":"2266","target":"2443"},{"source":"2266","target":"2446"},{"source":"2266","target":"2449"},{"source":"2266","target":"2454"},{"source":"2266","target":"2460"},{"source":"2266","target":"2462"},{"source":"2266","target":"2464"},{"source":"2266","target":"2467"},{"source":"2266","target":"2468"},{"source":"2266","target":"2469"},{"source":"2266","target":"2476"},{"source":"2266","target":"2477"},{"source":"2266","target":"2478"},{"source":"2266","target":"2482"},{"source":"2266","target":"2484"},{"source":"2266","target":"2485"},{"source":"2266","target":"2489"},{"source":"2266","target":"2492"},{"source":"2266","target":"2499"},{"source":"2266","target":"2500"},{"source":"2266","target":"2501"},{"source":"2266","target":"2504"},{"source":"2266","target":"2506"},{"source":"2266","target":"2507"},{"source":"2266","target":"2512"},{"source":"2266","target":"2518"},{"source":"2266","target":"2520"},{"source":"2266","target":"2521"},{"source":"2266","target":"2526"},{"source":"2266","target":"2532"},{"source":"2266","target":"2536"},{"source":"2266","target":"2539"},{"source":"2266","target":"2542"},{"source":"2266","target":"2543"},{"source":"2266","target":"2546"},{"source":"2266","target":"2549"},{"source":"2266","target":"2550"},{"source":"2266","target":"2551"},{"source":"2266","target":"2552"},{"source":"2266","target":"2553"},{"source":"2266","target":"2554"},{"source":"2266","target":"2556"},{"source":"2266","target":"2559"},{"source":"2266","target":"2560"},{"source":"2266","target":"2561"},{"source":"2266","target":"2563"},{"source":"2266","target":"2564"},{"source":"2266","target":"2573"},{"source":"2266","target":"2574"},{"source":"2266","target":"2575"},{"source":"2266","target":"2576"},{"source":"2266","target":"2578"},{"source":"2266","target":"2579"},{"source":"2266","target":"2586"},{"source":"2266","target":"2590"},{"source":"2266","target":"2591"},{"source":"2266","target":"2593"},{"source":"2266","target":"2600"},{"source":"2266","target":"2601"},{"source":"2266","target":"2602"},{"source":"2266","target":"2604"},{"source":"2266","target":"2606"},{"source":"2266","target":"2607"},{"source":"2266","target":"2611"},{"source":"2266","target":"2615"},{"source":"2266","target":"2619"},{"source":"2266","target":"2623"},{"source":"2266","target":"2624"},{"source":"2266","target":"2625"},{"source":"2266","target":"2630"},{"source":"2266","target":"2631"},{"source":"2266","target":"2638"},{"source":"2266","target":"2646"},{"source":"2266","target":"2654"},{"source":"2266","target":"2655"},{"source":"2267","target":"2268"},{"source":"2267","target":"2273"},{"source":"2267","target":"2282"},{"source":"2267","target":"2283"},{"source":"2267","target":"2285"},{"source":"2267","target":"2292"},{"source":"2267","target":"2293"},{"source":"2267","target":"2294"},{"source":"2267","target":"2302"},{"source":"2267","target":"2304"},{"source":"2267","target":"2325"},{"source":"2267","target":"2336"},{"source":"2267","target":"2338"},{"source":"2267","target":"2351"},{"source":"2267","target":"2377"},{"source":"2267","target":"2384"},{"source":"2267","target":"2385"},{"source":"2267","target":"2394"},{"source":"2267","target":"2458"},{"source":"2267","target":"2461"},{"source":"2267","target":"2463"},{"source":"2267","target":"2472"},{"source":"2267","target":"2473"},{"source":"2267","target":"2475"},{"source":"2267","target":"2502"},{"source":"2267","target":"2509"},{"source":"2267","target":"2510"},{"source":"2267","target":"2511"},{"source":"2267","target":"2529"},{"source":"2267","target":"2537"},{"source":"2267","target":"2547"},{"source":"2267","target":"2555"},{"source":"2267","target":"2567"},{"source":"2267","target":"2589"},{"source":"2267","target":"2592"},{"source":"2267","target":"2617"},{"source":"2267","target":"2642"},{"source":"2267","target":"2653"},{"source":"2268","target":"2279"},{"source":"2268","target":"2283"},{"source":"2268","target":"2285"},{"source":"2268","target":"2289"},{"source":"2268","target":"2292"},{"source":"2268","target":"2302"},{"source":"2268","target":"2319"},{"source":"2268","target":"2327"},{"source":"2268","target":"2330"},{"source":"2268","target":"2336"},{"source":"2268","target":"2364"},{"source":"2268","target":"2372"},{"source":"2268","target":"2378"},{"source":"2268","target":"2384"},{"source":"2268","target":"2385"},{"source":"2268","target":"2394"},{"source":"2268","target":"2398"},{"source":"2268","target":"2406"},{"source":"2268","target":"2417"},{"source":"2268","target":"2419"},{"source":"2268","target":"2436"},{"source":"2268","target":"2445"},{"source":"2268","target":"2447"},{"source":"2268","target":"2451"},{"source":"2268","target":"2458"},{"source":"2268","target":"2459"},{"source":"2268","target":"2463"},{"source":"2268","target":"2471"},{"source":"2268","target":"2491"},{"source":"2268","target":"2498"},{"source":"2268","target":"2502"},{"source":"2268","target":"2508"},{"source":"2268","target":"2510"},{"source":"2268","target":"2511"},{"source":"2268","target":"2512"},{"source":"2268","target":"2516"},{"source":"2268","target":"2530"},{"source":"2268","target":"2533"},{"source":"2268","target":"2538"},{"source":"2268","target":"2543"},{"source":"2268","target":"2544"},{"source":"2268","target":"2547"},{"source":"2268","target":"2555"},{"source":"2268","target":"2567"},{"source":"2268","target":"2571"},{"source":"2268","target":"2582"},{"source":"2268","target":"2583"},{"source":"2268","target":"2588"},{"source":"2268","target":"2589"},{"source":"2268","target":"2592"},{"source":"2268","target":"2594"},{"source":"2268","target":"2597"},{"source":"2268","target":"2598"},{"source":"2268","target":"2608"},{"source":"2268","target":"2616"},{"source":"2268","target":"2617"},{"source":"2268","target":"2629"},{"source":"2268","target":"2635"},{"source":"2268","target":"2640"},{"source":"2268","target":"2642"},{"source":"2268","target":"2645"},{"source":"2268","target":"2649"},{"source":"2268","target":"2660"},{"source":"2270","target":"2318"},{"source":"2270","target":"2416"},{"source":"2270","target":"2425"},{"source":"2270","target":"2525"},{"source":"2270","target":"2557"},{"source":"2270","target":"2610"},{"source":"2270","target":"2641"},{"source":"2270","target":"2642"},{"source":"2271","target":"2275"},{"source":"2271","target":"2276"},{"source":"2271","target":"2278"},{"source":"2271","target":"2290"},{"source":"2271","target":"2300"},{"source":"2271","target":"2307"},{"source":"2271","target":"2308"},{"source":"2271","target":"2309"},{"source":"2271","target":"2323"},{"source":"2271","target":"2324"},{"source":"2271","target":"2326"},{"source":"2271","target":"2329"},{"source":"2271","target":"2331"},{"source":"2271","target":"2334"},{"source":"2271","target":"2339"},{"source":"2271","target":"2340"},{"source":"2271","target":"2347"},{"source":"2271","target":"2348"},{"source":"2271","target":"2350"},{"source":"2271","target":"2352"},{"source":"2271","target":"2354"},{"source":"2271","target":"2356"},{"source":"2271","target":"2359"},{"source":"2271","target":"2363"},{"source":"2271","target":"2369"},{"source":"2271","target":"2370"},{"source":"2271","target":"2374"},{"source":"2271","target":"2376"},{"source":"2271","target":"2381"},{"source":"2271","target":"2395"},{"source":"2271","target":"2404"},{"source":"2271","target":"2408"},{"source":"2271","target":"2409"},{"source":"2271","target":"2410"},{"source":"2271","target":"2414"},{"source":"2271","target":"2418"},{"source":"2271","target":"2423"},{"source":"2271","target":"2430"},{"source":"2271","target":"2433"},{"source":"2271","target":"2446"},{"source":"2271","target":"2460"},{"source":"2271","target":"2464"},{"source":"2271","target":"2467"},{"source":"2271","target":"2468"},{"source":"2271","target":"2469"},{"source":"2271","target":"2477"},{"source":"2271","target":"2482"},{"source":"2271","target":"2485"},{"source":"2271","target":"2492"},{"source":"2271","target":"2495"},{"source":"2271","target":"2500"},{"source":"2271","target":"2507"},{"source":"2271","target":"2520"},{"source":"2271","target":"2526"},{"source":"2271","target":"2532"},{"source":"2271","target":"2539"},{"source":"2271","target":"2542"},{"source":"2271","target":"2543"},{"source":"2271","target":"2549"},{"source":"2271","target":"2550"},{"source":"2271","target":"2551"},{"source":"2271","target":"2553"},{"source":"2271","target":"2554"},{"source":"2271","target":"2556"},{"source":"2271","target":"2559"},{"source":"2271","target":"2560"},{"source":"2271","target":"2561"},{"source":"2271","target":"2564"},{"source":"2271","target":"2573"},{"source":"2271","target":"2574"},{"source":"2271","target":"2575"},{"source":"2271","target":"2578"},{"source":"2271","target":"2579"},{"source":"2271","target":"2586"},{"source":"2271","target":"2590"},{"source":"2271","target":"2593"},{"source":"2271","target":"2601"},{"source":"2271","target":"2602"},{"source":"2271","target":"2604"},{"source":"2271","target":"2607"},{"source":"2271","target":"2611"},{"source":"2271","target":"2615"},{"source":"2271","target":"2619"},{"source":"2271","target":"2623"},{"source":"2271","target":"2624"},{"source":"2271","target":"2625"},{"source":"2271","target":"2630"},{"source":"2271","target":"2631"},{"source":"2271","target":"2638"},{"source":"2271","target":"2654"},{"source":"2271","target":"2655"},{"source":"2272","target":"2289"},{"source":"2272","target":"2310"},{"source":"2272","target":"2318"},{"source":"2272","target":"2325"},{"source":"2272","target":"2362"},{"source":"2272","target":"2416"},{"source":"2272","target":"2419"},{"source":"2272","target":"2432"},{"source":"2272","target":"2480"},{"source":"2272","target":"2525"},{"source":"2272","target":"2540"},{"source":"2272","target":"2610"},{"source":"2272","target":"2637"},{"source":"2272","target":"2642"},{"source":"2273","target":"2282"},{"source":"2273","target":"2283"},{"source":"2273","target":"2285"},{"source":"2273","target":"2289"},{"source":"2273","target":"2292"},{"source":"2273","target":"2294"},{"source":"2273","target":"2302"},{"source":"2273","target":"2327"},{"source":"2273","target":"2328"},{"source":"2273","target":"2333"},{"source":"2273","target":"2343"},{"source":"2273","target":"2344"},{"source":"2273","target":"2347"},{"source":"2273","target":"2351"},{"source":"2273","target":"2377"},{"source":"2273","target":"2384"},{"source":"2273","target":"2399"},{"source":"2273","target":"2419"},{"source":"2273","target":"2461"},{"source":"2273","target":"2463"},{"source":"2273","target":"2471"},{"source":"2273","target":"2475"},{"source":"2273","target":"2498"},{"source":"2273","target":"2509"},{"source":"2273","target":"2512"},{"source":"2273","target":"2516"},{"source":"2273","target":"2518"},{"source":"2273","target":"2519"},{"source":"2273","target":"2555"},{"source":"2273","target":"2567"},{"source":"2273","target":"2582"},{"source":"2273","target":"2588"},{"source":"2273","target":"2598"},{"source":"2273","target":"2608"},{"source":"2273","target":"2616"},{"source":"2273","target":"2629"},{"source":"2273","target":"2643"},{"source":"2273","target":"2649"},{"source":"2274","target":"2328"},{"source":"2274","target":"2333"},{"source":"2274","target":"2344"},{"source":"2274","target":"2351"},{"source":"2274","target":"2377"},{"source":"2274","target":"2384"},{"source":"2274","target":"2390"},{"source":"2274","target":"2396"},{"source":"2274","target":"2415"},{"source":"2274","target":"2434"},{"source":"2274","target":"2438"},{"source":"2274","target":"2479"},{"source":"2274","target":"2509"},{"source":"2274","target":"2511"},{"source":"2274","target":"2568"},{"source":"2274","target":"2603"},{"source":"2274","target":"2652"},{"source":"2275","target":"2276"},{"source":"2275","target":"2290"},{"source":"2275","target":"2299"},{"source":"2275","target":"2306"},{"source":"2275","target":"2307"},{"source":"2275","target":"2308"},{"source":"2275","target":"2309"},{"source":"2275","target":"2323"},{"source":"2275","target":"2324"},{"source":"2275","target":"2326"},{"source":"2275","target":"2329"},{"source":"2275","target":"2331"},{"source":"2275","target":"2339"},{"source":"2275","target":"2340"},{"source":"2275","target":"2347"},{"source":"2275","target":"2348"},{"source":"2275","target":"2352"},{"source":"2275","target":"2354"},{"source":"2275","target":"2356"},{"source":"2275","target":"2359"},{"source":"2275","target":"2363"},{"source":"2275","target":"2369"},{"source":"2275","target":"2370"},{"source":"2275","target":"2374"},{"source":"2275","target":"2376"},{"source":"2275","target":"2381"},{"source":"2275","target":"2386"},{"source":"2275","target":"2391"},{"source":"2275","target":"2392"},{"source":"2275","target":"2395"},{"source":"2275","target":"2404"},{"source":"2275","target":"2408"},{"source":"2275","target":"2409"},{"source":"2275","target":"2410"},{"source":"2275","target":"2414"},{"source":"2275","target":"2418"},{"source":"2275","target":"2423"},{"source":"2275","target":"2428"},{"source":"2275","target":"2429"},{"source":"2275","target":"2430"},{"source":"2275","target":"2433"},{"source":"2275","target":"2460"},{"source":"2275","target":"2462"},{"source":"2275","target":"2464"},{"source":"2275","target":"2467"},{"source":"2275","target":"2469"},{"source":"2275","target":"2477"},{"source":"2275","target":"2482"},{"source":"2275","target":"2484"},{"source":"2275","target":"2489"},{"source":"2275","target":"2492"},{"source":"2275","target":"2495"},{"source":"2275","target":"2500"},{"source":"2275","target":"2504"},{"source":"2275","target":"2506"},{"source":"2275","target":"2507"},{"source":"2275","target":"2520"},{"source":"2275","target":"2521"},{"source":"2275","target":"2526"},{"source":"2275","target":"2532"},{"source":"2275","target":"2539"},{"source":"2275","target":"2542"},{"source":"2275","target":"2543"},{"source":"2275","target":"2546"},{"source":"2275","target":"2549"},{"source":"2275","target":"2550"},{"source":"2275","target":"2551"},{"source":"2275","target":"2552"},{"source":"2275","target":"2553"},{"source":"2275","target":"2554"},{"source":"2275","target":"2559"},{"source":"2275","target":"2560"},{"source":"2275","target":"2561"},{"source":"2275","target":"2563"},{"source":"2275","target":"2564"},{"source":"2275","target":"2573"},{"source":"2275","target":"2574"},{"source":"2275","target":"2578"},{"source":"2275","target":"2579"},{"source":"2275","target":"2586"},{"source":"2275","target":"2590"},{"source":"2275","target":"2593"},{"source":"2275","target":"2600"},{"source":"2275","target":"2601"},{"source":"2275","target":"2602"},{"source":"2275","target":"2604"},{"source":"2275","target":"2607"},{"source":"2275","target":"2611"},{"source":"2275","target":"2613"},{"source":"2275","target":"2615"},{"source":"2275","target":"2619"},{"source":"2275","target":"2623"},{"source":"2275","target":"2624"},{"source":"2275","target":"2625"},{"source":"2275","target":"2630"},{"source":"2275","target":"2631"},{"source":"2275","target":"2638"},{"source":"2275","target":"2654"},{"source":"2275","target":"2655"},{"source":"2276","target":"2278"},{"source":"2276","target":"2290"},{"source":"2276","target":"2299"},{"source":"2276","target":"2307"},{"source":"2276","target":"2309"},{"source":"2276","target":"2311"},{"source":"2276","target":"2323"},{"source":"2276","target":"2324"},{"source":"2276","target":"2329"},{"source":"2276","target":"2331"},{"source":"2276","target":"2339"},{"source":"2276","target":"2340"},{"source":"2276","target":"2347"},{"source":"2276","target":"2348"},{"source":"2276","target":"2352"},{"source":"2276","target":"2354"},{"source":"2276","target":"2363"},{"source":"2276","target":"2369"},{"source":"2276","target":"2370"},{"source":"2276","target":"2374"},{"source":"2276","target":"2376"},{"source":"2276","target":"2381"},{"source":"2276","target":"2386"},{"source":"2276","target":"2395"},{"source":"2276","target":"2404"},{"source":"2276","target":"2408"},{"source":"2276","target":"2409"},{"source":"2276","target":"2410"},{"source":"2276","target":"2414"},{"source":"2276","target":"2418"},{"source":"2276","target":"2423"},{"source":"2276","target":"2460"},{"source":"2276","target":"2462"},{"source":"2276","target":"2464"},{"source":"2276","target":"2467"},{"source":"2276","target":"2469"},{"source":"2276","target":"2484"},{"source":"2276","target":"2485"},{"source":"2276","target":"2492"},{"source":"2276","target":"2495"},{"source":"2276","target":"2499"},{"source":"2276","target":"2500"},{"source":"2276","target":"2506"},{"source":"2276","target":"2507"},{"source":"2276","target":"2526"},{"source":"2276","target":"2532"},{"source":"2276","target":"2536"},{"source":"2276","target":"2542"},{"source":"2276","target":"2543"},{"source":"2276","target":"2546"},{"source":"2276","target":"2549"},{"source":"2276","target":"2550"},{"source":"2276","target":"2551"},{"source":"2276","target":"2552"},{"source":"2276","target":"2553"},{"source":"2276","target":"2554"},{"source":"2276","target":"2559"},{"source":"2276","target":"2560"},{"source":"2276","target":"2561"},{"source":"2276","target":"2563"},{"source":"2276","target":"2564"},{"source":"2276","target":"2573"},{"source":"2276","target":"2574"},{"source":"2276","target":"2586"},{"source":"2276","target":"2590"},{"source":"2276","target":"2591"},{"source":"2276","target":"2593"},{"source":"2276","target":"2600"},{"source":"2276","target":"2601"},{"source":"2276","target":"2602"},{"source":"2276","target":"2604"},{"source":"2276","target":"2606"},{"source":"2276","target":"2611"},{"source":"2276","target":"2615"},{"source":"2276","target":"2624"},{"source":"2276","target":"2625"},{"source":"2276","target":"2630"},{"source":"2276","target":"2638"},{"source":"2276","target":"2646"},{"source":"2276","target":"2654"},{"source":"2276","target":"2655"},{"source":"2277","target":"2335"},{"source":"2277","target":"2357"},{"source":"2277","target":"2373"},{"source":"2277","target":"2411"},{"source":"2277","target":"2474"},{"source":"2277","target":"2488"},{"source":"2277","target":"2497"},{"source":"2277","target":"2656"},{"source":"2278","target":"2287"},{"source":"2278","target":"2290"},{"source":"2278","target":"2300"},{"source":"2278","target":"2303"},{"source":"2278","target":"2306"},{"source":"2278","target":"2307"},{"source":"2278","target":"2308"},{"source":"2278","target":"2309"},{"source":"2278","target":"2323"},{"source":"2278","target":"2324"},{"source":"2278","target":"2326"},{"source":"2278","target":"2329"},{"source":"2278","target":"2331"},{"source":"2278","target":"2339"},{"source":"2278","target":"2340"},{"source":"2278","target":"2347"},{"source":"2278","target":"2348"},{"source":"2278","target":"2352"},{"source":"2278","target":"2354"},{"source":"2278","target":"2356"},{"source":"2278","target":"2359"},{"source":"2278","target":"2363"},{"source":"2278","target":"2369"},{"source":"2278","target":"2370"},{"source":"2278","target":"2374"},{"source":"2278","target":"2376"},{"source":"2278","target":"2392"},{"source":"2278","target":"2395"},{"source":"2278","target":"2404"},{"source":"2278","target":"2408"},{"source":"2278","target":"2409"},{"source":"2278","target":"2410"},{"source":"2278","target":"2414"},{"source":"2278","target":"2423"},{"source":"2278","target":"2428"},{"source":"2278","target":"2433"},{"source":"2278","target":"2446"},{"source":"2278","target":"2460"},{"source":"2278","target":"2462"},{"source":"2278","target":"2464"},{"source":"2278","target":"2468"},{"source":"2278","target":"2477"},{"source":"2278","target":"2482"},{"source":"2278","target":"2485"},{"source":"2278","target":"2492"},{"source":"2278","target":"2495"},{"source":"2278","target":"2499"},{"source":"2278","target":"2500"},{"source":"2278","target":"2504"},{"source":"2278","target":"2506"},{"source":"2278","target":"2507"},{"source":"2278","target":"2520"},{"source":"2278","target":"2521"},{"source":"2278","target":"2526"},{"source":"2278","target":"2532"},{"source":"2278","target":"2533"},{"source":"2278","target":"2539"},{"source":"2278","target":"2542"},{"source":"2278","target":"2543"},{"source":"2278","target":"2544"},{"source":"2278","target":"2550"},{"source":"2278","target":"2551"},{"source":"2278","target":"2553"},{"source":"2278","target":"2556"},{"source":"2278","target":"2559"},{"source":"2278","target":"2560"},{"source":"2278","target":"2561"},{"source":"2278","target":"2564"},{"source":"2278","target":"2573"},{"source":"2278","target":"2574"},{"source":"2278","target":"2575"},{"source":"2278","target":"2578"},{"source":"2278","target":"2579"},{"source":"2278","target":"2586"},{"source":"2278","target":"2590"},{"source":"2278","target":"2593"},{"source":"2278","target":"2600"},{"source":"2278","target":"2602"},{"source":"2278","target":"2604"},{"source":"2278","target":"2607"},{"source":"2278","target":"2611"},{"source":"2278","target":"2615"},{"source":"2278","target":"2619"},{"source":"2278","target":"2624"},{"source":"2278","target":"2625"},{"source":"2278","target":"2629"},{"source":"2278","target":"2630"},{"source":"2278","target":"2631"},{"source":"2278","target":"2638"},{"source":"2278","target":"2646"},{"source":"2278","target":"2655"},{"source":"2279","target":"2282"},{"source":"2279","target":"2283"},{"source":"2279","target":"2292"},{"source":"2279","target":"2293"},{"source":"2279","target":"2302"},{"source":"2279","target":"2315"},{"source":"2279","target":"2319"},{"source":"2279","target":"2327"},{"source":"2279","target":"2328"},{"source":"2279","target":"2330"},{"source":"2279","target":"2332"},{"source":"2279","target":"2333"},{"source":"2279","target":"2336"},{"source":"2279","target":"2338"},{"source":"2279","target":"2345"},{"source":"2279","target":"2347"},{"source":"2279","target":"2351"},{"source":"2279","target":"2368"},{"source":"2279","target":"2372"},{"source":"2279","target":"2384"},{"source":"2279","target":"2385"},{"source":"2279","target":"2394"},{"source":"2279","target":"2396"},{"source":"2279","target":"2398"},{"source":"2279","target":"2399"},{"source":"2279","target":"2417"},{"source":"2279","target":"2420"},{"source":"2279","target":"2434"},{"source":"2279","target":"2436"},{"source":"2279","target":"2445"},{"source":"2279","target":"2451"},{"source":"2279","target":"2458"},{"source":"2279","target":"2461"},{"source":"2279","target":"2463"},{"source":"2279","target":"2468"},{"source":"2279","target":"2471"},{"source":"2279","target":"2472"},{"source":"2279","target":"2479"},{"source":"2279","target":"2491"},{"source":"2279","target":"2496"},{"source":"2279","target":"2508"},{"source":"2279","target":"2509"},{"source":"2279","target":"2510"},{"source":"2279","target":"2511"},{"source":"2279","target":"2512"},{"source":"2279","target":"2516"},{"source":"2279","target":"2533"},{"source":"2279","target":"2537"},{"source":"2279","target":"2543"},{"source":"2279","target":"2555"},{"source":"2279","target":"2567"},{"source":"2279","target":"2582"},{"source":"2279","target":"2589"},{"source":"2279","target":"2592"},{"source":"2279","target":"2597"},{"source":"2279","target":"2598"},{"source":"2279","target":"2608"},{"source":"2279","target":"2617"},{"source":"2279","target":"2629"},{"source":"2279","target":"2643"},{"source":"2279","target":"2649"},{"source":"2280","target":"2282"},{"source":"2280","target":"2283"},{"source":"2280","target":"2294"},{"source":"2280","target":"2327"},{"source":"2280","target":"2328"},{"source":"2280","target":"2333"},{"source":"2280","target":"2336"},{"source":"2280","target":"2345"},{"source":"2280","target":"2367"},{"source":"2280","target":"2379"},{"source":"2280","target":"2384"},{"source":"2280","target":"2390"},{"source":"2280","target":"2394"},{"source":"2280","target":"2396"},{"source":"2280","target":"2434"},{"source":"2280","target":"2438"},{"source":"2280","target":"2451"},{"source":"2280","target":"2458"},{"source":"2280","target":"2491"},{"source":"2280","target":"2501"},{"source":"2280","target":"2511"},{"source":"2280","target":"2518"},{"source":"2280","target":"2537"},{"source":"2280","target":"2592"},{"source":"2280","target":"2594"},{"source":"2280","target":"2598"},{"source":"2280","target":"2608"},{"source":"2280","target":"2617"},{"source":"2280","target":"2635"},{"source":"2280","target":"2652"},{"source":"2281","target":"2301"},{"source":"2281","target":"2487"},{"source":"2281","target":"2535"},{"source":"2282","target":"2283"},{"source":"2282","target":"2285"},{"source":"2282","target":"2289"},{"source":"2282","target":"2292"},{"source":"2282","target":"2293"},{"source":"2282","target":"2294"},{"source":"2282","target":"2302"},{"source":"2282","target":"2304"},{"source":"2282","target":"2310"},{"source":"2282","target":"2313"},{"source":"2282","target":"2315"},{"source":"2282","target":"2319"},{"source":"2282","target":"2327"},{"source":"2282","target":"2328"},{"source":"2282","target":"2332"},{"source":"2282","target":"2333"},{"source":"2282","target":"2336"},{"source":"2282","target":"2338"},{"source":"2282","target":"2343"},{"source":"2282","target":"2344"},{"source":"2282","target":"2347"},{"source":"2282","target":"2351"},{"source":"2282","target":"2368"},{"source":"2282","target":"2372"},{"source":"2282","target":"2377"},{"source":"2282","target":"2384"},{"source":"2282","target":"2390"},{"source":"2282","target":"2394"},{"source":"2282","target":"2396"},{"source":"2282","target":"2399"},{"source":"2282","target":"2419"},{"source":"2282","target":"2420"},{"source":"2282","target":"2432"},{"source":"2282","target":"2434"},{"source":"2282","target":"2438"},{"source":"2282","target":"2451"},{"source":"2282","target":"2458"},{"source":"2282","target":"2461"},{"source":"2282","target":"2463"},{"source":"2282","target":"2465"},{"source":"2282","target":"2471"},{"source":"2282","target":"2472"},{"source":"2282","target":"2475"},{"source":"2282","target":"2479"},{"source":"2282","target":"2491"},{"source":"2282","target":"2501"},{"source":"2282","target":"2509"},{"source":"2282","target":"2510"},{"source":"2282","target":"2511"},{"source":"2282","target":"2512"},{"source":"2282","target":"2516"},{"source":"2282","target":"2533"},{"source":"2282","target":"2537"},{"source":"2282","target":"2543"},{"source":"2282","target":"2544"},{"source":"2282","target":"2547"},{"source":"2282","target":"2555"},{"source":"2282","target":"2567"},{"source":"2282","target":"2582"},{"source":"2282","target":"2588"},{"source":"2282","target":"2592"},{"source":"2282","target":"2594"},{"source":"2282","target":"2597"},{"source":"2282","target":"2598"},{"source":"2282","target":"2603"},{"source":"2282","target":"2608"},{"source":"2282","target":"2609"},{"source":"2282","target":"2616"},{"source":"2282","target":"2617"},{"source":"2282","target":"2629"},{"source":"2282","target":"2642"},{"source":"2282","target":"2643"},{"source":"2282","target":"2649"},{"source":"2282","target":"2652"},{"source":"2282","target":"2653"},{"source":"2283","target":"2289"},{"source":"2283","target":"2292"},{"source":"2283","target":"2293"},{"source":"2283","target":"2294"},{"source":"2283","target":"2302"},{"source":"2283","target":"2304"},{"source":"2283","target":"2315"},{"source":"2283","target":"2319"},{"source":"2283","target":"2327"},{"source":"2283","target":"2328"},{"source":"2283","target":"2332"},{"source":"2283","target":"2333"},{"source":"2283","target":"2336"},{"source":"2283","target":"2338"},{"source":"2283","target":"2342"},{"source":"2283","target":"2343"},{"source":"2283","target":"2344"},{"source":"2283","target":"2347"},{"source":"2283","target":"2351"},{"source":"2283","target":"2355"},{"source":"2283","target":"2358"},{"source":"2283","target":"2368"},{"source":"2283","target":"2372"},{"source":"2283","target":"2384"},{"source":"2283","target":"2385"},{"source":"2283","target":"2394"},{"source":"2283","target":"2396"},{"source":"2283","target":"2398"},{"source":"2283","target":"2399"},{"source":"2283","target":"2420"},{"source":"2283","target":"2436"},{"source":"2283","target":"2438"},{"source":"2283","target":"2445"},{"source":"2283","target":"2451"},{"source":"2283","target":"2458"},{"source":"2283","target":"2461"},{"source":"2283","target":"2463"},{"source":"2283","target":"2465"},{"source":"2283","target":"2468"},{"source":"2283","target":"2471"},{"source":"2283","target":"2472"},{"source":"2283","target":"2491"},{"source":"2283","target":"2501"},{"source":"2283","target":"2502"},{"source":"2283","target":"2508"},{"source":"2283","target":"2509"},{"source":"2283","target":"2510"},{"source":"2283","target":"2511"},{"source":"2283","target":"2516"},{"source":"2283","target":"2518"},{"source":"2283","target":"2519"},{"source":"2283","target":"2529"},{"source":"2283","target":"2533"},{"source":"2283","target":"2537"},{"source":"2283","target":"2543"},{"source":"2283","target":"2555"},{"source":"2283","target":"2567"},{"source":"2283","target":"2582"},{"source":"2283","target":"2588"},{"source":"2283","target":"2589"},{"source":"2283","target":"2592"},{"source":"2283","target":"2594"},{"source":"2283","target":"2597"},{"source":"2283","target":"2598"},{"source":"2283","target":"2603"},{"source":"2283","target":"2608"},{"source":"2283","target":"2609"},{"source":"2283","target":"2616"},{"source":"2283","target":"2617"},{"source":"2283","target":"2618"},{"source":"2283","target":"2629"},{"source":"2283","target":"2642"},{"source":"2283","target":"2643"},{"source":"2283","target":"2649"},{"source":"2283","target":"2653"},{"source":"2284","target":"2346"},{"source":"2284","target":"2364"},{"source":"2284","target":"2365"},{"source":"2284","target":"2378"},{"source":"2284","target":"2447"},{"source":"2284","target":"2459"},{"source":"2284","target":"2494"},{"source":"2284","target":"2538"},{"source":"2284","target":"2583"},{"source":"2284","target":"2585"},{"source":"2284","target":"2620"},{"source":"2284","target":"2627"},{"source":"2284","target":"2633"},{"source":"2284","target":"2636"},{"source":"2284","target":"2639"},{"source":"2284","target":"2645"},{"source":"2284","target":"2647"},{"source":"2284","target":"2648"},{"source":"2284","target":"2657"},{"source":"2284","target":"2659"},{"source":"2284","target":"2660"},{"source":"2285","target":"2294"},{"source":"2285","target":"2302"},{"source":"2285","target":"2305"},{"source":"2285","target":"2333"},{"source":"2285","target":"2336"},{"source":"2285","target":"2338"},{"source":"2285","target":"2351"},{"source":"2285","target":"2372"},{"source":"2285","target":"2377"},{"source":"2285","target":"2390"},{"source":"2285","target":"2398"},{"source":"2285","target":"2461"},{"source":"2285","target":"2472"},{"source":"2285","target":"2508"},{"source":"2285","target":"2510"},{"source":"2285","target":"2511"},{"source":"2285","target":"2537"},{"source":"2285","target":"2543"},{"source":"2285","target":"2547"},{"source":"2285","target":"2555"},{"source":"2285","target":"2567"},{"source":"2285","target":"2588"},{"source":"2285","target":"2597"},{"source":"2285","target":"2608"},{"source":"2285","target":"2609"},{"source":"2285","target":"2617"},{"source":"2285","target":"2629"},{"source":"2286","target":"2314"},{"source":"2286","target":"2335"},{"source":"2286","target":"2361"},{"source":"2286","target":"2371"},{"source":"2286","target":"2403"},{"source":"2286","target":"2411"},{"source":"2286","target":"2440"},{"source":"2286","target":"2488"},{"source":"2286","target":"2497"},{"source":"2286","target":"2503"},{"source":"2286","target":"2534"},{"source":"2287","target":"2309"},{"source":"2287","target":"2311"},{"source":"2287","target":"2323"},{"source":"2287","target":"2324"},{"source":"2287","target":"2326"},{"source":"2287","target":"2331"},{"source":"2287","target":"2339"},{"source":"2287","target":"2340"},{"source":"2287","target":"2352"},{"source":"2287","target":"2363"},{"source":"2287","target":"2370"},{"source":"2287","target":"2376"},{"source":"2287","target":"2386"},{"source":"2287","target":"2409"},{"source":"2287","target":"2410"},{"source":"2287","target":"2418"},{"source":"2287","target":"2428"},{"source":"2287","target":"2446"},{"source":"2287","target":"2464"},{"source":"2287","target":"2485"},{"source":"2287","target":"2495"},{"source":"2287","target":"2500"},{"source":"2287","target":"2507"},{"source":"2287","target":"2542"},{"source":"2287","target":"2553"},{"source":"2287","target":"2590"},{"source":"2287","target":"2593"},{"source":"2287","target":"2600"},{"source":"2287","target":"2601"},{"source":"2287","target":"2602"},{"source":"2287","target":"2604"},{"source":"2287","target":"2607"},{"source":"2287","target":"2625"},{"source":"2287","target":"2630"},{"source":"2288","target":"2300"},{"source":"2288","target":"2309"},{"source":"2288","target":"2345"},{"source":"2288","target":"2350"},{"source":"2288","target":"2383"},{"source":"2288","target":"2391"},{"source":"2288","target":"2406"},{"source":"2288","target":"2468"},{"source":"2288","target":"2478"},{"source":"2289","target":"2291"},{"source":"2289","target":"2292"},{"source":"2289","target":"2294"},{"source":"2289","target":"2296"},{"source":"2289","target":"2302"},{"source":"2289","target":"2310"},{"source":"2289","target":"2318"},{"source":"2289","target":"2319"},{"source":"2289","target":"2322"},{"source":"2289","target":"2325"},{"source":"2289","target":"2327"},{"source":"2289","target":"2328"},{"source":"2289","target":"2330"},{"source":"2289","target":"2333"},{"source":"2289","target":"2336"},{"source":"2289","target":"2343"},{"source":"2289","target":"2347"},{"source":"2289","target":"2351"},{"source":"2289","target":"2362"},{"source":"2289","target":"2366"},{"source":"2289","target":"2367"},{"source":"2289","target":"2368"},{"source":"2289","target":"2372"},{"source":"2289","target":"2377"},{"source":"2289","target":"2384"},{"source":"2289","target":"2398"},{"source":"2289","target":"2406"},{"source":"2289","target":"2416"},{"source":"2289","target":"2417"},{"source":"2289","target":"2419"},{"source":"2289","target":"2425"},{"source":"2289","target":"2436"},{"source":"2289","target":"2440"},{"source":"2289","target":"2445"},{"source":"2289","target":"2448"},{"source":"2289","target":"2451"},{"source":"2289","target":"2461"},{"source":"2289","target":"2463"},{"source":"2289","target":"2471"},{"source":"2289","target":"2473"},{"source":"2289","target":"2474"},{"source":"2289","target":"2475"},{"source":"2289","target":"2491"},{"source":"2289","target":"2498"},{"source":"2289","target":"2508"},{"source":"2289","target":"2509"},{"source":"2289","target":"2510"},{"source":"2289","target":"2511"},{"source":"2289","target":"2512"},{"source":"2289","target":"2525"},{"source":"2289","target":"2533"},{"source":"2289","target":"2543"},{"source":"2289","target":"2555"},{"source":"2289","target":"2557"},{"source":"2289","target":"2567"},{"source":"2289","target":"2582"},{"source":"2289","target":"2588"},{"source":"2289","target":"2589"},{"source":"2289","target":"2594"},{"source":"2289","target":"2597"},{"source":"2289","target":"2598"},{"source":"2289","target":"2603"},{"source":"2289","target":"2608"},{"source":"2289","target":"2610"},{"source":"2289","target":"2612"},{"source":"2289","target":"2616"},{"source":"2289","target":"2617"},{"source":"2289","target":"2629"},{"source":"2289","target":"2637"},{"source":"2289","target":"2642"},{"source":"2289","target":"2643"},{"source":"2289","target":"2649"},{"source":"2289","target":"2653"},{"source":"2290","target":"2299"},{"source":"2290","target":"2306"},{"source":"2290","target":"2307"},{"source":"2290","target":"2308"},{"source":"2290","target":"2309"},{"source":"2290","target":"2323"},{"source":"2290","target":"2324"},{"source":"2290","target":"2326"},{"source":"2290","target":"2329"},{"source":"2290","target":"2331"},{"source":"2290","target":"2334"},{"source":"2290","target":"2339"},{"source":"2290","target":"2340"},{"source":"2290","target":"2348"},{"source":"2290","target":"2352"},{"source":"2290","target":"2353"},{"source":"2290","target":"2354"},{"source":"2290","target":"2356"},{"source":"2290","target":"2359"},{"source":"2290","target":"2363"},{"source":"2290","target":"2369"},{"source":"2290","target":"2370"},{"source":"2290","target":"2374"},{"source":"2290","target":"2376"},{"source":"2290","target":"2381"},{"source":"2290","target":"2386"},{"source":"2290","target":"2395"},{"source":"2290","target":"2404"},{"source":"2290","target":"2407"},{"source":"2290","target":"2408"},{"source":"2290","target":"2409"},{"source":"2290","target":"2410"},{"source":"2290","target":"2414"},{"source":"2290","target":"2418"},{"source":"2290","target":"2423"},{"source":"2290","target":"2428"},{"source":"2290","target":"2430"},{"source":"2290","target":"2433"},{"source":"2290","target":"2446"},{"source":"2290","target":"2460"},{"source":"2290","target":"2464"},{"source":"2290","target":"2468"},{"source":"2290","target":"2469"},{"source":"2290","target":"2482"},{"source":"2290","target":"2484"},{"source":"2290","target":"2485"},{"source":"2290","target":"2492"},{"source":"2290","target":"2495"},{"source":"2290","target":"2500"},{"source":"2290","target":"2504"},{"source":"2290","target":"2506"},{"source":"2290","target":"2507"},{"source":"2290","target":"2520"},{"source":"2290","target":"2526"},{"source":"2290","target":"2532"},{"source":"2290","target":"2539"},{"source":"2290","target":"2542"},{"source":"2290","target":"2543"},{"source":"2290","target":"2546"},{"source":"2290","target":"2549"},{"source":"2290","target":"2550"},{"source":"2290","target":"2553"},{"source":"2290","target":"2556"},{"source":"2290","target":"2559"},{"source":"2290","target":"2560"},{"source":"2290","target":"2561"},{"source":"2290","target":"2564"},{"source":"2290","target":"2573"},{"source":"2290","target":"2574"},{"source":"2290","target":"2578"},{"source":"2290","target":"2579"},{"source":"2290","target":"2586"},{"source":"2290","target":"2590"},{"source":"2290","target":"2593"},{"source":"2290","target":"2600"},{"source":"2290","target":"2601"},{"source":"2290","target":"2602"},{"source":"2290","target":"2604"},{"source":"2290","target":"2606"},{"source":"2290","target":"2607"},{"source":"2290","target":"2611"},{"source":"2290","target":"2615"},{"source":"2290","target":"2619"},{"source":"2290","target":"2623"},{"source":"2290","target":"2624"},{"source":"2290","target":"2625"},{"source":"2290","target":"2630"},{"source":"2290","target":"2631"},{"source":"2290","target":"2638"},{"source":"2290","target":"2646"},{"source":"2290","target":"2654"},{"source":"2290","target":"2655"},{"source":"2291","target":"2318"},{"source":"2291","target":"2345"},{"source":"2291","target":"2406"},{"source":"2291","target":"2453"},{"source":"2291","target":"2624"},{"source":"2292","target":"2293"},{"source":"2292","target":"2294"},{"source":"2292","target":"2302"},{"source":"2292","target":"2315"},{"source":"2292","target":"2319"},{"source":"2292","target":"2328"},{"source":"2292","target":"2332"},{"source":"2292","target":"2333"},{"source":"2292","target":"2338"},{"source":"2292","target":"2343"},{"source":"2292","target":"2347"},{"source":"2292","target":"2351"},{"source":"2292","target":"2368"},{"source":"2292","target":"2372"},{"source":"2292","target":"2377"},{"source":"2292","target":"2384"},{"source":"2292","target":"2385"},{"source":"2292","target":"2396"},{"source":"2292","target":"2400"},{"source":"2292","target":"2417"},{"source":"2292","target":"2419"},{"source":"2292","target":"2420"},{"source":"2292","target":"2425"},{"source":"2292","target":"2436"},{"source":"2292","target":"2451"},{"source":"2292","target":"2458"},{"source":"2292","target":"2461"},{"source":"2292","target":"2463"},{"source":"2292","target":"2465"},{"source":"2292","target":"2468"},{"source":"2292","target":"2471"},{"source":"2292","target":"2472"},{"source":"2292","target":"2473"},{"source":"2292","target":"2491"},{"source":"2292","target":"2498"},{"source":"2292","target":"2508"},{"source":"2292","target":"2509"},{"source":"2292","target":"2510"},{"source":"2292","target":"2511"},{"source":"2292","target":"2512"},{"source":"2292","target":"2533"},{"source":"2292","target":"2543"},{"source":"2292","target":"2544"},{"source":"2292","target":"2555"},{"source":"2292","target":"2560"},{"source":"2292","target":"2567"},{"source":"2292","target":"2581"},{"source":"2292","target":"2582"},{"source":"2292","target":"2588"},{"source":"2292","target":"2592"},{"source":"2292","target":"2597"},{"source":"2292","target":"2598"},{"source":"2292","target":"2603"},{"source":"2292","target":"2609"},{"source":"2292","target":"2616"},{"source":"2292","target":"2617"},{"source":"2292","target":"2629"},{"source":"2292","target":"2642"},{"source":"2292","target":"2643"},{"source":"2292","target":"2649"},{"source":"2292","target":"2653"},{"source":"2293","target":"2302"},{"source":"2293","target":"2319"},{"source":"2293","target":"2332"},{"source":"2293","target":"2333"},{"source":"2293","target":"2336"},{"source":"2293","target":"2338"},{"source":"2293","target":"2347"},{"source":"2293","target":"2351"},{"source":"2293","target":"2372"},{"source":"2293","target":"2384"},{"source":"2293","target":"2398"},{"source":"2293","target":"2420"},{"source":"2293","target":"2461"},{"source":"2293","target":"2468"},{"source":"2293","target":"2496"},{"source":"2293","target":"2510"},{"source":"2293","target":"2533"},{"source":"2293","target":"2543"},{"source":"2293","target":"2555"},{"source":"2293","target":"2567"},{"source":"2293","target":"2592"},{"source":"2293","target":"2594"},{"source":"2293","target":"2597"},{"source":"2293","target":"2629"},{"source":"2294","target":"2304"},{"source":"2294","target":"2325"},{"source":"2294","target":"2327"},{"source":"2294","target":"2328"},{"source":"2294","target":"2332"},{"source":"2294","target":"2333"},{"source":"2294","target":"2336"},{"source":"2294","target":"2343"},{"source":"2294","target":"2344"},{"source":"2294","target":"2368"},{"source":"2294","target":"2372"},{"source":"2294","target":"2377"},{"source":"2294","target":"2384"},{"source":"2294","target":"2394"},{"source":"2294","target":"2396"},{"source":"2294","target":"2399"},{"source":"2294","target":"2415"},{"source":"2294","target":"2419"},{"source":"2294","target":"2420"},{"source":"2294","target":"2432"},{"source":"2294","target":"2434"},{"source":"2294","target":"2438"},{"source":"2294","target":"2451"},{"source":"2294","target":"2458"},{"source":"2294","target":"2461"},{"source":"2294","target":"2463"},{"source":"2294","target":"2471"},{"source":"2294","target":"2475"},{"source":"2294","target":"2491"},{"source":"2294","target":"2498"},{"source":"2294","target":"2501"},{"source":"2294","target":"2508"},{"source":"2294","target":"2509"},{"source":"2294","target":"2510"},{"source":"2294","target":"2511"},{"source":"2294","target":"2512"},{"source":"2294","target":"2525"},{"source":"2294","target":"2533"},{"source":"2294","target":"2537"},{"source":"2294","target":"2544"},{"source":"2294","target":"2547"},{"source":"2294","target":"2582"},{"source":"2294","target":"2588"},{"source":"2294","target":"2592"},{"source":"2294","target":"2598"},{"source":"2294","target":"2603"},{"source":"2294","target":"2608"},{"source":"2294","target":"2616"},{"source":"2294","target":"2617"},{"source":"2294","target":"2629"},{"source":"2294","target":"2649"},{"source":"2294","target":"2652"},{"source":"2295","target":"2434"},{"source":"2295","target":"2502"},{"source":"2295","target":"2516"},{"source":"2295","target":"2519"},{"source":"2295","target":"2543"},{"source":"2295","target":"2557"},{"source":"2295","target":"2582"},{"source":"2295","target":"2629"},{"source":"2295","target":"2642"},{"source":"2295","target":"2643"},{"source":"2295","target":"2649"},{"source":"2296","target":"2322"},{"source":"2296","target":"2325"},{"source":"2296","target":"2345"},{"source":"2296","target":"2366"},{"source":"2296","target":"2367"},{"source":"2296","target":"2379"},{"source":"2296","target":"2406"},{"source":"2296","target":"2416"},{"source":"2296","target":"2425"},{"source":"2296","target":"2473"},{"source":"2296","target":"2498"},{"source":"2296","target":"2566"},{"source":"2296","target":"2581"},{"source":"2296","target":"2610"},{"source":"2296","target":"2612"},{"source":"2296","target":"2642"},{"source":"2297","target":"2337"},{"source":"2297","target":"2364"},{"source":"2297","target":"2365"},{"source":"2297","target":"2378"},{"source":"2297","target":"2435"},{"source":"2297","target":"2447"},{"source":"2297","target":"2494"},{"source":"2297","target":"2538"},{"source":"2297","target":"2585"},{"source":"2297","target":"2620"},{"source":"2297","target":"2627"},{"source":"2297","target":"2633"},{"source":"2297","target":"2640"},{"source":"2297","target":"2647"},{"source":"2297","target":"2659"},{"source":"2298","target":"2325"},{"source":"2298","target":"2425"},{"source":"2298","target":"2480"},{"source":"2298","target":"2502"},{"source":"2298","target":"2516"},{"source":"2298","target":"2543"},{"source":"2298","target":"2582"},{"source":"2298","target":"2605"},{"source":"2298","target":"2637"},{"source":"2299","target":"2300"},{"source":"2299","target":"2307"},{"source":"2299","target":"2308"},{"source":"2299","target":"2309"},{"source":"2299","target":"2323"},{"source":"2299","target":"2324"},{"source":"2299","target":"2326"},{"source":"2299","target":"2331"},{"source":"2299","target":"2339"},{"source":"2299","target":"2340"},{"source":"2299","target":"2347"},{"source":"2299","target":"2348"},{"source":"2299","target":"2352"},{"source":"2299","target":"2353"},{"source":"2299","target":"2354"},{"source":"2299","target":"2356"},{"source":"2299","target":"2359"},{"source":"2299","target":"2363"},{"source":"2299","target":"2369"},{"source":"2299","target":"2370"},{"source":"2299","target":"2374"},{"source":"2299","target":"2381"},{"source":"2299","target":"2392"},{"source":"2299","target":"2395"},{"source":"2299","target":"2404"},{"source":"2299","target":"2409"},{"source":"2299","target":"2410"},{"source":"2299","target":"2414"},{"source":"2299","target":"2418"},{"source":"2299","target":"2423"},{"source":"2299","target":"2428"},{"source":"2299","target":"2430"},{"source":"2299","target":"2433"},{"source":"2299","target":"2462"},{"source":"2299","target":"2464"},{"source":"2299","target":"2467"},{"source":"2299","target":"2477"},{"source":"2299","target":"2484"},{"source":"2299","target":"2492"},{"source":"2299","target":"2495"},{"source":"2299","target":"2499"},{"source":"2299","target":"2500"},{"source":"2299","target":"2504"},{"source":"2299","target":"2506"},{"source":"2299","target":"2507"},{"source":"2299","target":"2520"},{"source":"2299","target":"2526"},{"source":"2299","target":"2542"},{"source":"2299","target":"2546"},{"source":"2299","target":"2549"},{"source":"2299","target":"2551"},{"source":"2299","target":"2553"},{"source":"2299","target":"2554"},{"source":"2299","target":"2559"},{"source":"2299","target":"2560"},{"source":"2299","target":"2563"},{"source":"2299","target":"2564"},{"source":"2299","target":"2573"},{"source":"2299","target":"2575"},{"source":"2299","target":"2578"},{"source":"2299","target":"2579"},{"source":"2299","target":"2586"},{"source":"2299","target":"2590"},{"source":"2299","target":"2591"},{"source":"2299","target":"2593"},{"source":"2299","target":"2600"},{"source":"2299","target":"2601"},{"source":"2299","target":"2602"},{"source":"2299","target":"2604"},{"source":"2299","target":"2607"},{"source":"2299","target":"2611"},{"source":"2299","target":"2615"},{"source":"2299","target":"2619"},{"source":"2299","target":"2624"},{"source":"2299","target":"2625"},{"source":"2299","target":"2630"},{"source":"2299","target":"2631"},{"source":"2299","target":"2638"},{"source":"2299","target":"2654"},{"source":"2299","target":"2655"},{"source":"2300","target":"2303"},{"source":"2300","target":"2309"},{"source":"2300","target":"2323"},{"source":"2300","target":"2326"},{"source":"2300","target":"2331"},{"source":"2300","target":"2334"},{"source":"2300","target":"2339"},{"source":"2300","target":"2347"},{"source":"2300","target":"2350"},{"source":"2300","target":"2353"},{"source":"2300","target":"2354"},{"source":"2300","target":"2369"},{"source":"2300","target":"2370"},{"source":"2300","target":"2374"},{"source":"2300","target":"2376"},{"source":"2300","target":"2383"},{"source":"2300","target":"2387"},{"source":"2300","target":"2391"},{"source":"2300","target":"2392"},{"source":"2300","target":"2395"},{"source":"2300","target":"2404"},{"source":"2300","target":"2410"},{"source":"2300","target":"2414"},{"source":"2300","target":"2423"},{"source":"2300","target":"2428"},{"source":"2300","target":"2429"},{"source":"2300","target":"2446"},{"source":"2300","target":"2449"},{"source":"2300","target":"2460"},{"source":"2300","target":"2464"},{"source":"2300","target":"2468"},{"source":"2300","target":"2469"},{"source":"2300","target":"2476"},{"source":"2300","target":"2478"},{"source":"2300","target":"2482"},{"source":"2300","target":"2485"},{"source":"2300","target":"2499"},{"source":"2300","target":"2506"},{"source":"2300","target":"2542"},{"source":"2300","target":"2543"},{"source":"2300","target":"2545"},{"source":"2300","target":"2549"},{"source":"2300","target":"2550"},{"source":"2300","target":"2556"},{"source":"2300","target":"2561"},{"source":"2300","target":"2564"},{"source":"2300","target":"2575"},{"source":"2300","target":"2576"},{"source":"2300","target":"2590"},{"source":"2300","target":"2593"},{"source":"2300","target":"2601"},{"source":"2300","target":"2602"},{"source":"2300","target":"2604"},{"source":"2300","target":"2611"},{"source":"2300","target":"2619"},{"source":"2300","target":"2630"},{"source":"2300","target":"2631"},{"source":"2300","target":"2638"},{"source":"2300","target":"2646"},{"source":"2301","target":"2487"},{"source":"2301","target":"2535"},{"source":"2301","target":"2570"},{"source":"2302","target":"2315"},{"source":"2302","target":"2319"},{"source":"2302","target":"2324"},{"source":"2302","target":"2328"},{"source":"2302","target":"2330"},{"source":"2302","target":"2332"},{"source":"2302","target":"2333"},{"source":"2302","target":"2336"},{"source":"2302","target":"2338"},{"source":"2302","target":"2347"},{"source":"2302","target":"2351"},{"source":"2302","target":"2372"},{"source":"2302","target":"2377"},{"source":"2302","target":"2384"},{"source":"2302","target":"2385"},{"source":"2302","target":"2420"},{"source":"2302","target":"2429"},{"source":"2302","target":"2436"},{"source":"2302","target":"2461"},{"source":"2302","target":"2462"},{"source":"2302","target":"2463"},{"source":"2302","target":"2465"},{"source":"2302","target":"2468"},{"source":"2302","target":"2471"},{"source":"2302","target":"2472"},{"source":"2302","target":"2475"},{"source":"2302","target":"2491"},{"source":"2302","target":"2502"},{"source":"2302","target":"2510"},{"source":"2302","target":"2511"},{"source":"2302","target":"2512"},{"source":"2302","target":"2530"},{"source":"2302","target":"2533"},{"source":"2302","target":"2543"},{"source":"2302","target":"2544"},{"source":"2302","target":"2547"},{"source":"2302","target":"2555"},{"source":"2302","target":"2567"},{"source":"2302","target":"2581"},{"source":"2302","target":"2592"},{"source":"2302","target":"2597"},{"source":"2302","target":"2598"},{"source":"2302","target":"2609"},{"source":"2302","target":"2629"},{"source":"2302","target":"2642"},{"source":"2302","target":"2643"},{"source":"2302","target":"2653"},{"source":"2303","target":"2339"},{"source":"2303","target":"2376"},{"source":"2303","target":"2387"},{"source":"2303","target":"2391"},{"source":"2303","target":"2393"},{"source":"2303","target":"2449"},{"source":"2303","target":"2476"},{"source":"2303","target":"2478"},{"source":"2303","target":"2526"},{"source":"2304","target":"2310"},{"source":"2304","target":"2327"},{"source":"2304","target":"2328"},{"source":"2304","target":"2333"},{"source":"2304","target":"2344"},{"source":"2304","target":"2355"},{"source":"2304","target":"2368"},{"source":"2304","target":"2377"},{"source":"2304","target":"2384"},{"source":"2304","target":"2389"},{"source":"2304","target":"2394"},{"source":"2304","target":"2396"},{"source":"2304","target":"2399"},{"source":"2304","target":"2432"},{"source":"2304","target":"2434"},{"source":"2304","target":"2438"},{"source":"2304","target":"2461"},{"source":"2304","target":"2471"},{"source":"2304","target":"2475"},{"source":"2304","target":"2501"},{"source":"2304","target":"2509"},{"source":"2304","target":"2510"},{"source":"2304","target":"2511"},{"source":"2304","target":"2512"},{"source":"2304","target":"2516"},{"source":"2304","target":"2518"},{"source":"2304","target":"2537"},{"source":"2304","target":"2555"},{"source":"2304","target":"2594"},{"source":"2304","target":"2598"},{"source":"2304","target":"2603"},{"source":"2304","target":"2608"},{"source":"2304","target":"2617"},{"source":"2304","target":"2642"},{"source":"2305","target":"2336"},{"source":"2305","target":"2372"},{"source":"2305","target":"2385"},{"source":"2305","target":"2572"},{"source":"2306","target":"2308"},{"source":"2306","target":"2309"},{"source":"2306","target":"2324"},{"source":"2306","target":"2326"},{"source":"2306","target":"2329"},{"source":"2306","target":"2334"},{"source":"2306","target":"2339"},{"source":"2306","target":"2340"},{"source":"2306","target":"2348"},{"source":"2306","target":"2352"},{"source":"2306","target":"2354"},{"source":"2306","target":"2356"},{"source":"2306","target":"2369"},{"source":"2306","target":"2381"},{"source":"2306","target":"2395"},{"source":"2306","target":"2409"},{"source":"2306","target":"2410"},{"source":"2306","target":"2414"},{"source":"2306","target":"2428"},{"source":"2306","target":"2430"},{"source":"2306","target":"2446"},{"source":"2306","target":"2460"},{"source":"2306","target":"2482"},{"source":"2306","target":"2489"},{"source":"2306","target":"2500"},{"source":"2306","target":"2504"},{"source":"2306","target":"2507"},{"source":"2306","target":"2520"},{"source":"2306","target":"2521"},{"source":"2306","target":"2526"},{"source":"2306","target":"2532"},{"source":"2306","target":"2539"},{"source":"2306","target":"2542"},{"source":"2306","target":"2543"},{"source":"2306","target":"2546"},{"source":"2306","target":"2549"},{"source":"2306","target":"2550"},{"source":"2306","target":"2556"},{"source":"2306","target":"2559"},{"source":"2306","target":"2560"},{"source":"2306","target":"2561"},{"source":"2306","target":"2564"},{"source":"2306","target":"2573"},{"source":"2306","target":"2578"},{"source":"2306","target":"2579"},{"source":"2306","target":"2586"},{"source":"2306","target":"2593"},{"source":"2306","target":"2601"},{"source":"2306","target":"2602"},{"source":"2306","target":"2604"},{"source":"2306","target":"2623"},{"source":"2306","target":"2624"},{"source":"2306","target":"2630"},{"source":"2306","target":"2638"},{"source":"2306","target":"2646"},{"source":"2306","target":"2655"},{"source":"2307","target":"2308"},{"source":"2307","target":"2309"},{"source":"2307","target":"2324"},{"source":"2307","target":"2326"},{"source":"2307","target":"2329"},{"source":"2307","target":"2331"},{"source":"2307","target":"2339"},{"source":"2307","target":"2340"},{"source":"2307","target":"2348"},{"source":"2307","target":"2352"},{"source":"2307","target":"2353"},{"source":"2307","target":"2356"},{"source":"2307","target":"2363"},{"source":"2307","target":"2369"},{"source":"2307","target":"2370"},{"source":"2307","target":"2374"},{"source":"2307","target":"2376"},{"source":"2307","target":"2381"},{"source":"2307","target":"2386"},{"source":"2307","target":"2395"},{"source":"2307","target":"2408"},{"source":"2307","target":"2409"},{"source":"2307","target":"2410"},{"source":"2307","target":"2414"},{"source":"2307","target":"2418"},{"source":"2307","target":"2423"},{"source":"2307","target":"2428"},{"source":"2307","target":"2430"},{"source":"2307","target":"2433"},{"source":"2307","target":"2446"},{"source":"2307","target":"2460"},{"source":"2307","target":"2464"},{"source":"2307","target":"2467"},{"source":"2307","target":"2469"},{"source":"2307","target":"2482"},{"source":"2307","target":"2492"},{"source":"2307","target":"2500"},{"source":"2307","target":"2504"},{"source":"2307","target":"2507"},{"source":"2307","target":"2520"},{"source":"2307","target":"2521"},{"source":"2307","target":"2526"},{"source":"2307","target":"2542"},{"source":"2307","target":"2549"},{"source":"2307","target":"2553"},{"source":"2307","target":"2556"},{"source":"2307","target":"2559"},{"source":"2307","target":"2560"},{"source":"2307","target":"2561"},{"source":"2307","target":"2563"},{"source":"2307","target":"2564"},{"source":"2307","target":"2573"},{"source":"2307","target":"2574"},{"source":"2307","target":"2575"},{"source":"2307","target":"2578"},{"source":"2307","target":"2579"},{"source":"2307","target":"2586"},{"source":"2307","target":"2590"},{"source":"2307","target":"2591"},{"source":"2307","target":"2600"},{"source":"2307","target":"2601"},{"source":"2307","target":"2602"},{"source":"2307","target":"2604"},{"source":"2307","target":"2606"},{"source":"2307","target":"2607"},{"source":"2307","target":"2615"},{"source":"2307","target":"2619"},{"source":"2307","target":"2624"},{"source":"2307","target":"2625"},{"source":"2307","target":"2630"},{"source":"2307","target":"2638"},{"source":"2307","target":"2655"},{"source":"2308","target":"2309"},{"source":"2308","target":"2323"},{"source":"2308","target":"2324"},{"source":"2308","target":"2326"},{"source":"2308","target":"2331"},{"source":"2308","target":"2339"},{"source":"2308","target":"2340"},{"source":"2308","target":"2347"},{"source":"2308","target":"2348"},{"source":"2308","target":"2352"},{"source":"2308","target":"2354"},{"source":"2308","target":"2356"},{"source":"2308","target":"2363"},{"source":"2308","target":"2369"},{"source":"2308","target":"2370"},{"source":"2308","target":"2374"},{"source":"2308","target":"2381"},{"source":"2308","target":"2386"},{"source":"2308","target":"2392"},{"source":"2308","target":"2395"},{"source":"2308","target":"2404"},{"source":"2308","target":"2408"},{"source":"2308","target":"2409"},{"source":"2308","target":"2410"},{"source":"2308","target":"2414"},{"source":"2308","target":"2423"},{"source":"2308","target":"2428"},{"source":"2308","target":"2429"},{"source":"2308","target":"2430"},{"source":"2308","target":"2446"},{"source":"2308","target":"2460"},{"source":"2308","target":"2462"},{"source":"2308","target":"2464"},{"source":"2308","target":"2467"},{"source":"2308","target":"2469"},{"source":"2308","target":"2478"},{"source":"2308","target":"2482"},{"source":"2308","target":"2484"},{"source":"2308","target":"2489"},{"source":"2308","target":"2492"},{"source":"2308","target":"2500"},{"source":"2308","target":"2507"},{"source":"2308","target":"2520"},{"source":"2308","target":"2526"},{"source":"2308","target":"2532"},{"source":"2308","target":"2539"},{"source":"2308","target":"2542"},{"source":"2308","target":"2549"},{"source":"2308","target":"2550"},{"source":"2308","target":"2553"},{"source":"2308","target":"2554"},{"source":"2308","target":"2556"},{"source":"2308","target":"2559"},{"source":"2308","target":"2560"},{"source":"2308","target":"2564"},{"source":"2308","target":"2573"},{"source":"2308","target":"2578"},{"source":"2308","target":"2586"},{"source":"2308","target":"2590"},{"source":"2308","target":"2600"},{"source":"2308","target":"2601"},{"source":"2308","target":"2602"},{"source":"2308","target":"2604"},{"source":"2308","target":"2607"},{"source":"2308","target":"2611"},{"source":"2308","target":"2615"},{"source":"2308","target":"2623"},{"source":"2308","target":"2624"},{"source":"2308","target":"2625"},{"source":"2308","target":"2630"},{"source":"2308","target":"2638"},{"source":"2308","target":"2646"},{"source":"2308","target":"2654"},{"source":"2308","target":"2655"},{"source":"2309","target":"2323"},{"source":"2309","target":"2324"},{"source":"2309","target":"2326"},{"source":"2309","target":"2329"},{"source":"2309","target":"2331"},{"source":"2309","target":"2334"},{"source":"2309","target":"2339"},{"source":"2309","target":"2340"},{"source":"2309","target":"2347"},{"source":"2309","target":"2348"},{"source":"2309","target":"2352"},{"source":"2309","target":"2353"},{"source":"2309","target":"2354"},{"source":"2309","target":"2356"},{"source":"2309","target":"2359"},{"source":"2309","target":"2363"},{"source":"2309","target":"2369"},{"source":"2309","target":"2370"},{"source":"2309","target":"2374"},{"source":"2309","target":"2376"},{"source":"2309","target":"2381"},{"source":"2309","target":"2386"},{"source":"2309","target":"2391"},{"source":"2309","target":"2392"},{"source":"2309","target":"2395"},{"source":"2309","target":"2404"},{"source":"2309","target":"2408"},{"source":"2309","target":"2409"},{"source":"2309","target":"2410"},{"source":"2309","target":"2414"},{"source":"2309","target":"2418"},{"source":"2309","target":"2423"},{"source":"2309","target":"2428"},{"source":"2309","target":"2430"},{"source":"2309","target":"2433"},{"source":"2309","target":"2446"},{"source":"2309","target":"2460"},{"source":"2309","target":"2462"},{"source":"2309","target":"2464"},{"source":"2309","target":"2467"},{"source":"2309","target":"2468"},{"source":"2309","target":"2469"},{"source":"2309","target":"2476"},{"source":"2309","target":"2477"},{"source":"2309","target":"2478"},{"source":"2309","target":"2482"},{"source":"2309","target":"2484"},{"source":"2309","target":"2485"},{"source":"2309","target":"2492"},{"source":"2309","target":"2495"},{"source":"2309","target":"2499"},{"source":"2309","target":"2500"},{"source":"2309","target":"2506"},{"source":"2309","target":"2507"},{"source":"2309","target":"2520"},{"source":"2309","target":"2521"},{"source":"2309","target":"2524"},{"source":"2309","target":"2526"},{"source":"2309","target":"2532"},{"source":"2309","target":"2539"},{"source":"2309","target":"2542"},{"source":"2309","target":"2543"},{"source":"2309","target":"2549"},{"source":"2309","target":"2550"},{"source":"2309","target":"2551"},{"source":"2309","target":"2552"},{"source":"2309","target":"2553"},{"source":"2309","target":"2554"},{"source":"2309","target":"2556"},{"source":"2309","target":"2559"},{"source":"2309","target":"2560"},{"source":"2309","target":"2561"},{"source":"2309","target":"2563"},{"source":"2309","target":"2564"},{"source":"2309","target":"2573"},{"source":"2309","target":"2574"},{"source":"2309","target":"2575"},{"source":"2309","target":"2578"},{"source":"2309","target":"2579"},{"source":"2309","target":"2586"},{"source":"2309","target":"2590"},{"source":"2309","target":"2593"},{"source":"2309","target":"2600"},{"source":"2309","target":"2601"},{"source":"2309","target":"2602"},{"source":"2309","target":"2604"},{"source":"2309","target":"2605"},{"source":"2309","target":"2607"},{"source":"2309","target":"2611"},{"source":"2309","target":"2615"},{"source":"2309","target":"2619"},{"source":"2309","target":"2624"},{"source":"2309","target":"2625"},{"source":"2309","target":"2630"},{"source":"2309","target":"2631"},{"source":"2309","target":"2638"},{"source":"2309","target":"2646"},{"source":"2309","target":"2654"},{"source":"2309","target":"2655"},{"source":"2310","target":"2318"},{"source":"2310","target":"2325"},{"source":"2310","target":"2416"},{"source":"2310","target":"2419"},{"source":"2310","target":"2461"},{"source":"2310","target":"2525"},{"source":"2310","target":"2540"},{"source":"2310","target":"2557"},{"source":"2310","target":"2603"},{"source":"2311","target":"2324"},{"source":"2311","target":"2326"},{"source":"2311","target":"2334"},{"source":"2311","target":"2340"},{"source":"2311","target":"2354"},{"source":"2311","target":"2395"},{"source":"2311","target":"2404"},{"source":"2311","target":"2409"},{"source":"2311","target":"2410"},{"source":"2311","target":"2428"},{"source":"2311","target":"2430"},{"source":"2311","target":"2446"},{"source":"2311","target":"2460"},{"source":"2311","target":"2462"},{"source":"2311","target":"2485"},{"source":"2311","target":"2489"},{"source":"2311","target":"2500"},{"source":"2311","target":"2507"},{"source":"2311","target":"2521"},{"source":"2311","target":"2526"},{"source":"2311","target":"2539"},{"source":"2311","target":"2560"},{"source":"2311","target":"2625"},{"source":"2311","target":"2646"},{"source":"2312","target":"2319"},{"source":"2312","target":"2355"},{"source":"2312","target":"2384"},{"source":"2312","target":"2389"},{"source":"2312","target":"2400"},{"source":"2312","target":"2413"},{"source":"2312","target":"2529"},{"source":"2312","target":"2531"},{"source":"2312","target":"2610"},{"source":"2312","target":"2616"},{"source":"2313","target":"2317"},{"source":"2313","target":"2322"},{"source":"2313","target":"2325"},{"source":"2313","target":"2342"},{"source":"2313","target":"2358"},{"source":"2313","target":"2361"},{"source":"2313","target":"2366"},{"source":"2313","target":"2371"},{"source":"2313","target":"2375"},{"source":"2313","target":"2376"},{"source":"2313","target":"2380"},{"source":"2313","target":"2388"},{"source":"2313","target":"2402"},{"source":"2313","target":"2406"},{"source":"2313","target":"2411"},{"source":"2313","target":"2422"},{"source":"2313","target":"2431"},{"source":"2313","target":"2433"},{"source":"2313","target":"2439"},{"source":"2313","target":"2440"},{"source":"2313","target":"2441"},{"source":"2313","target":"2443"},{"source":"2313","target":"2448"},{"source":"2313","target":"2450"},{"source":"2313","target":"2456"},{"source":"2313","target":"2488"},{"source":"2313","target":"2528"},{"source":"2313","target":"2534"},{"source":"2313","target":"2540"},{"source":"2313","target":"2548"},{"source":"2313","target":"2558"},{"source":"2313","target":"2562"},{"source":"2313","target":"2581"},{"source":"2313","target":"2614"},{"source":"2313","target":"2618"},{"source":"2313","target":"2621"},{"source":"2313","target":"2628"},{"source":"2313","target":"2632"},{"source":"2313","target":"2644"},{"source":"2313","target":"2656"},{"source":"2314","target":"2335"},{"source":"2314","target":"2397"},{"source":"2314","target":"2403"},{"source":"2314","target":"2474"},{"source":"2314","target":"2497"},{"source":"2314","target":"2503"},{"source":"2314","target":"2534"},{"source":"2314","target":"2540"},{"source":"2315","target":"2319"},{"source":"2315","target":"2330"},{"source":"2315","target":"2332"},{"source":"2315","target":"2333"},{"source":"2315","target":"2338"},{"source":"2315","target":"2347"},{"source":"2315","target":"2351"},{"source":"2315","target":"2372"},{"source":"2315","target":"2384"},{"source":"2315","target":"2417"},{"source":"2315","target":"2420"},{"source":"2315","target":"2451"},{"source":"2315","target":"2465"},{"source":"2315","target":"2472"},{"source":"2315","target":"2491"},{"source":"2315","target":"2533"},{"source":"2315","target":"2543"},{"source":"2315","target":"2555"},{"source":"2315","target":"2567"},{"source":"2315","target":"2571"},{"source":"2315","target":"2589"},{"source":"2315","target":"2592"},{"source":"2315","target":"2597"},{"source":"2315","target":"2598"},{"source":"2315","target":"2609"},{"source":"2315","target":"2629"},{"source":"2315","target":"2642"},{"source":"2315","target":"2643"},{"source":"2316","target":"2360"},{"source":"2316","target":"2402"},{"source":"2316","target":"2577"},{"source":"2316","target":"2597"},{"source":"2317","target":"2342"},{"source":"2317","target":"2360"},{"source":"2317","target":"2361"},{"source":"2317","target":"2371"},{"source":"2317","target":"2402"},{"source":"2317","target":"2411"},{"source":"2317","target":"2412"},{"source":"2317","target":"2440"},{"source":"2317","target":"2448"},{"source":"2317","target":"2456"},{"source":"2317","target":"2474"},{"source":"2317","target":"2488"},{"source":"2317","target":"2540"},{"source":"2317","target":"2577"},{"source":"2317","target":"2580"},{"source":"2317","target":"2587"},{"source":"2317","target":"2618"},{"source":"2317","target":"2628"},{"source":"2317","target":"2644"},{"source":"2318","target":"2325"},{"source":"2318","target":"2362"},{"source":"2318","target":"2406"},{"source":"2318","target":"2415"},{"source":"2318","target":"2416"},{"source":"2318","target":"2419"},{"source":"2318","target":"2425"},{"source":"2318","target":"2480"},{"source":"2318","target":"2525"},{"source":"2318","target":"2557"},{"source":"2318","target":"2637"},{"source":"2318","target":"2642"},{"source":"2318","target":"2651"},{"source":"2319","target":"2328"},{"source":"2319","target":"2330"},{"source":"2319","target":"2333"},{"source":"2319","target":"2336"},{"source":"2319","target":"2338"},{"source":"2319","target":"2343"},{"source":"2319","target":"2344"},{"source":"2319","target":"2347"},{"source":"2319","target":"2351"},{"source":"2319","target":"2355"},{"source":"2319","target":"2372"},{"source":"2319","target":"2384"},{"source":"2319","target":"2394"},{"source":"2319","target":"2398"},{"source":"2319","target":"2400"},{"source":"2319","target":"2419"},{"source":"2319","target":"2420"},{"source":"2319","target":"2436"},{"source":"2319","target":"2445"},{"source":"2319","target":"2451"},{"source":"2319","target":"2458"},{"source":"2319","target":"2461"},{"source":"2319","target":"2463"},{"source":"2319","target":"2471"},{"source":"2319","target":"2475"},{"source":"2319","target":"2491"},{"source":"2319","target":"2496"},{"source":"2319","target":"2498"},{"source":"2319","target":"2508"},{"source":"2319","target":"2510"},{"source":"2319","target":"2511"},{"source":"2319","target":"2512"},{"source":"2319","target":"2516"},{"source":"2319","target":"2529"},{"source":"2319","target":"2533"},{"source":"2319","target":"2543"},{"source":"2319","target":"2567"},{"source":"2319","target":"2589"},{"source":"2319","target":"2592"},{"source":"2319","target":"2594"},{"source":"2319","target":"2597"},{"source":"2319","target":"2598"},{"source":"2319","target":"2616"},{"source":"2319","target":"2617"},{"source":"2319","target":"2629"},{"source":"2319","target":"2643"},{"source":"2319","target":"2649"},{"source":"2319","target":"2653"},{"source":"2320","target":"2349"},{"source":"2320","target":"2401"},{"source":"2320","target":"2426"},{"source":"2320","target":"2444"},{"source":"2320","target":"2486"},{"source":"2320","target":"2490"},{"source":"2320","target":"2515"},{"source":"2320","target":"2622"},{"source":"2320","target":"2650"},{"source":"2321","target":"2341"},{"source":"2321","target":"2581"},{"source":"2322","target":"2325"},{"source":"2322","target":"2335"},{"source":"2322","target":"2361"},{"source":"2322","target":"2366"},{"source":"2322","target":"2371"},{"source":"2322","target":"2397"},{"source":"2322","target":"2406"},{"source":"2322","target":"2411"},{"source":"2322","target":"2412"},{"source":"2322","target":"2419"},{"source":"2322","target":"2440"},{"source":"2322","target":"2473"},{"source":"2322","target":"2557"},{"source":"2322","target":"2562"},{"source":"2322","target":"2566"},{"source":"2322","target":"2577"},{"source":"2322","target":"2610"},{"source":"2322","target":"2612"},{"source":"2322","target":"2642"},{"source":"2322","target":"2656"},{"source":"2323","target":"2324"},{"source":"2323","target":"2326"},{"source":"2323","target":"2331"},{"source":"2323","target":"2339"},{"source":"2323","target":"2340"},{"source":"2323","target":"2347"},{"source":"2323","target":"2348"},{"source":"2323","target":"2352"},{"source":"2323","target":"2353"},{"source":"2323","target":"2354"},{"source":"2323","target":"2356"},{"source":"2323","target":"2359"},{"source":"2323","target":"2363"},{"source":"2323","target":"2370"},{"source":"2323","target":"2374"},{"source":"2323","target":"2376"},{"source":"2323","target":"2381"},{"source":"2323","target":"2386"},{"source":"2323","target":"2391"},{"source":"2323","target":"2392"},{"source":"2323","target":"2395"},{"source":"2323","target":"2404"},{"source":"2323","target":"2407"},{"source":"2323","target":"2408"},{"source":"2323","target":"2409"},{"source":"2323","target":"2410"},{"source":"2323","target":"2414"},{"source":"2323","target":"2418"},{"source":"2323","target":"2423"},{"source":"2323","target":"2428"},{"source":"2323","target":"2429"},{"source":"2323","target":"2430"},{"source":"2323","target":"2433"},{"source":"2323","target":"2446"},{"source":"2323","target":"2460"},{"source":"2323","target":"2462"},{"source":"2323","target":"2464"},{"source":"2323","target":"2467"},{"source":"2323","target":"2469"},{"source":"2323","target":"2477"},{"source":"2323","target":"2484"},{"source":"2323","target":"2485"},{"source":"2323","target":"2495"},{"source":"2323","target":"2500"},{"source":"2323","target":"2504"},{"source":"2323","target":"2506"},{"source":"2323","target":"2507"},{"source":"2323","target":"2520"},{"source":"2323","target":"2521"},{"source":"2323","target":"2536"},{"source":"2323","target":"2539"},{"source":"2323","target":"2542"},{"source":"2323","target":"2543"},{"source":"2323","target":"2546"},{"source":"2323","target":"2549"},{"source":"2323","target":"2550"},{"source":"2323","target":"2551"},{"source":"2323","target":"2552"},{"source":"2323","target":"2553"},{"source":"2323","target":"2554"},{"source":"2323","target":"2559"},{"source":"2323","target":"2560"},{"source":"2323","target":"2561"},{"source":"2323","target":"2563"},{"source":"2323","target":"2564"},{"source":"2323","target":"2573"},{"source":"2323","target":"2574"},{"source":"2323","target":"2575"},{"source":"2323","target":"2586"},{"source":"2323","target":"2590"},{"source":"2323","target":"2591"},{"source":"2323","target":"2593"},{"source":"2323","target":"2600"},{"source":"2323","target":"2601"},{"source":"2323","target":"2602"},{"source":"2323","target":"2604"},{"source":"2323","target":"2607"},{"source":"2323","target":"2611"},{"source":"2323","target":"2615"},{"source":"2323","target":"2619"},{"source":"2323","target":"2624"},{"source":"2323","target":"2625"},{"source":"2323","target":"2630"},{"source":"2323","target":"2631"},{"source":"2323","target":"2638"},{"source":"2323","target":"2655"},{"source":"2324","target":"2326"},{"source":"2324","target":"2329"},{"source":"2324","target":"2331"},{"source":"2324","target":"2334"},{"source":"2324","target":"2339"},{"source":"2324","target":"2340"},{"source":"2324","target":"2347"},{"source":"2324","target":"2348"},{"source":"2324","target":"2353"},{"source":"2324","target":"2354"},{"source":"2324","target":"2356"},{"source":"2324","target":"2359"},{"source":"2324","target":"2363"},{"source":"2324","target":"2368"},{"source":"2324","target":"2369"},{"source":"2324","target":"2370"},{"source":"2324","target":"2376"},{"source":"2324","target":"2381"},{"source":"2324","target":"2386"},{"source":"2324","target":"2392"},{"source":"2324","target":"2395"},{"source":"2324","target":"2404"},{"source":"2324","target":"2407"},{"source":"2324","target":"2408"},{"source":"2324","target":"2409"},{"source":"2324","target":"2410"},{"source":"2324","target":"2414"},{"source":"2324","target":"2418"},{"source":"2324","target":"2428"},{"source":"2324","target":"2430"},{"source":"2324","target":"2433"},{"source":"2324","target":"2446"},{"source":"2324","target":"2460"},{"source":"2324","target":"2462"},{"source":"2324","target":"2464"},{"source":"2324","target":"2467"},{"source":"2324","target":"2469"},{"source":"2324","target":"2482"},{"source":"2324","target":"2484"},{"source":"2324","target":"2485"},{"source":"2324","target":"2489"},{"source":"2324","target":"2492"},{"source":"2324","target":"2495"},{"source":"2324","target":"2499"},{"source":"2324","target":"2500"},{"source":"2324","target":"2506"},{"source":"2324","target":"2507"},{"source":"2324","target":"2520"},{"source":"2324","target":"2521"},{"source":"2324","target":"2526"},{"source":"2324","target":"2530"},{"source":"2324","target":"2532"},{"source":"2324","target":"2539"},{"source":"2324","target":"2542"},{"source":"2324","target":"2543"},{"source":"2324","target":"2549"},{"source":"2324","target":"2550"},{"source":"2324","target":"2551"},{"source":"2324","target":"2552"},{"source":"2324","target":"2553"},{"source":"2324","target":"2556"},{"source":"2324","target":"2559"},{"source":"2324","target":"2560"},{"source":"2324","target":"2561"},{"source":"2324","target":"2563"},{"source":"2324","target":"2564"},{"source":"2324","target":"2573"},{"source":"2324","target":"2575"},{"source":"2324","target":"2578"},{"source":"2324","target":"2579"},{"source":"2324","target":"2581"},{"source":"2324","target":"2586"},{"source":"2324","target":"2590"},{"source":"2324","target":"2591"},{"source":"2324","target":"2593"},{"source":"2324","target":"2600"},{"source":"2324","target":"2601"},{"source":"2324","target":"2602"},{"source":"2324","target":"2604"},{"source":"2324","target":"2607"},{"source":"2324","target":"2611"},{"source":"2324","target":"2615"},{"source":"2324","target":"2619"},{"source":"2324","target":"2623"},{"source":"2324","target":"2624"},{"source":"2324","target":"2625"},{"source":"2324","target":"2630"},{"source":"2324","target":"2631"},{"source":"2324","target":"2638"},{"source":"2324","target":"2646"},{"source":"2324","target":"2654"},{"source":"2324","target":"2655"},{"source":"2325","target":"2328"},{"source":"2325","target":"2343"},{"source":"2325","target":"2351"},{"source":"2325","target":"2362"},{"source":"2325","target":"2366"},{"source":"2325","target":"2367"},{"source":"2325","target":"2379"},{"source":"2325","target":"2406"},{"source":"2325","target":"2416"},{"source":"2325","target":"2419"},{"source":"2325","target":"2425"},{"source":"2325","target":"2452"},{"source":"2325","target":"2463"},{"source":"2325","target":"2473"},{"source":"2325","target":"2475"},{"source":"2325","target":"2480"},{"source":"2325","target":"2498"},{"source":"2325","target":"2502"},{"source":"2325","target":"2509"},{"source":"2325","target":"2525"},{"source":"2325","target":"2544"},{"source":"2325","target":"2555"},{"source":"2325","target":"2557"},{"source":"2325","target":"2588"},{"source":"2325","target":"2589"},{"source":"2325","target":"2603"},{"source":"2325","target":"2612"},{"source":"2325","target":"2637"},{"source":"2325","target":"2642"},{"source":"2326","target":"2331"},{"source":"2326","target":"2334"},{"source":"2326","target":"2339"},{"source":"2326","target":"2340"},{"source":"2326","target":"2347"},{"source":"2326","target":"2348"},{"source":"2326","target":"2352"},{"source":"2326","target":"2354"},{"source":"2326","target":"2356"},{"source":"2326","target":"2359"},{"source":"2326","target":"2363"},{"source":"2326","target":"2369"},{"source":"2326","target":"2370"},{"source":"2326","target":"2374"},{"source":"2326","target":"2376"},{"source":"2326","target":"2381"},{"source":"2326","target":"2383"},{"source":"2326","target":"2386"},{"source":"2326","target":"2392"},{"source":"2326","target":"2395"},{"source":"2326","target":"2404"},{"source":"2326","target":"2408"},{"source":"2326","target":"2409"},{"source":"2326","target":"2410"},{"source":"2326","target":"2414"},{"source":"2326","target":"2418"},{"source":"2326","target":"2423"},{"source":"2326","target":"2428"},{"source":"2326","target":"2430"},{"source":"2326","target":"2446"},{"source":"2326","target":"2460"},{"source":"2326","target":"2464"},{"source":"2326","target":"2467"},{"source":"2326","target":"2468"},{"source":"2326","target":"2477"},{"source":"2326","target":"2482"},{"source":"2326","target":"2484"},{"source":"2326","target":"2485"},{"source":"2326","target":"2489"},{"source":"2326","target":"2492"},{"source":"2326","target":"2495"},{"source":"2326","target":"2499"},{"source":"2326","target":"2500"},{"source":"2326","target":"2504"},{"source":"2326","target":"2507"},{"source":"2326","target":"2520"},{"source":"2326","target":"2521"},{"source":"2326","target":"2526"},{"source":"2326","target":"2539"},{"source":"2326","target":"2542"},{"source":"2326","target":"2546"},{"source":"2326","target":"2549"},{"source":"2326","target":"2551"},{"source":"2326","target":"2552"},{"source":"2326","target":"2553"},{"source":"2326","target":"2556"},{"source":"2326","target":"2559"},{"source":"2326","target":"2560"},{"source":"2326","target":"2561"},{"source":"2326","target":"2563"},{"source":"2326","target":"2564"},{"source":"2326","target":"2573"},{"source":"2326","target":"2574"},{"source":"2326","target":"2575"},{"source":"2326","target":"2578"},{"source":"2326","target":"2579"},{"source":"2326","target":"2586"},{"source":"2326","target":"2590"},{"source":"2326","target":"2591"},{"source":"2326","target":"2593"},{"source":"2326","target":"2600"},{"source":"2326","target":"2601"},{"source":"2326","target":"2602"},{"source":"2326","target":"2604"},{"source":"2326","target":"2607"},{"source":"2326","target":"2611"},{"source":"2326","target":"2615"},{"source":"2326","target":"2619"},{"source":"2326","target":"2623"},{"source":"2326","target":"2624"},{"source":"2326","target":"2625"},{"source":"2326","target":"2630"},{"source":"2326","target":"2638"},{"source":"2326","target":"2646"},{"source":"2326","target":"2654"},{"source":"2326","target":"2655"},{"source":"2327","target":"2328"},{"source":"2327","target":"2332"},{"source":"2327","target":"2333"},{"source":"2327","target":"2338"},{"source":"2327","target":"2343"},{"source":"2327","target":"2344"},{"source":"2327","target":"2345"},{"source":"2327","target":"2351"},{"source":"2327","target":"2367"},{"source":"2327","target":"2368"},{"source":"2327","target":"2372"},{"source":"2327","target":"2377"},{"source":"2327","target":"2379"},{"source":"2327","target":"2384"},{"source":"2327","target":"2390"},{"source":"2327","target":"2394"},{"source":"2327","target":"2396"},{"source":"2327","target":"2398"},{"source":"2327","target":"2415"},{"source":"2327","target":"2417"},{"source":"2327","target":"2419"},{"source":"2327","target":"2434"},{"source":"2327","target":"2436"},{"source":"2327","target":"2438"},{"source":"2327","target":"2451"},{"source":"2327","target":"2458"},{"source":"2327","target":"2461"},{"source":"2327","target":"2463"},{"source":"2327","target":"2468"},{"source":"2327","target":"2471"},{"source":"2327","target":"2473"},{"source":"2327","target":"2479"},{"source":"2327","target":"2491"},{"source":"2327","target":"2508"},{"source":"2327","target":"2509"},{"source":"2327","target":"2510"},{"source":"2327","target":"2511"},{"source":"2327","target":"2516"},{"source":"2327","target":"2533"},{"source":"2327","target":"2537"},{"source":"2327","target":"2543"},{"source":"2327","target":"2547"},{"source":"2327","target":"2555"},{"source":"2327","target":"2567"},{"source":"2327","target":"2589"},{"source":"2327","target":"2592"},{"source":"2327","target":"2597"},{"source":"2327","target":"2598"},{"source":"2327","target":"2603"},{"source":"2327","target":"2617"},{"source":"2327","target":"2629"},{"source":"2327","target":"2643"},{"source":"2327","target":"2649"},{"source":"2327","target":"2652"},{"source":"2328","target":"2332"},{"source":"2328","target":"2333"},{"source":"2328","target":"2336"},{"source":"2328","target":"2338"},{"source":"2328","target":"2343"},{"source":"2328","target":"2344"},{"source":"2328","target":"2351"},{"source":"2328","target":"2368"},{"source":"2328","target":"2372"},{"source":"2328","target":"2377"},{"source":"2328","target":"2384"},{"source":"2328","target":"2390"},{"source":"2328","target":"2394"},{"source":"2328","target":"2396"},{"source":"2328","target":"2398"},{"source":"2328","target":"2399"},{"source":"2328","target":"2415"},{"source":"2328","target":"2419"},{"source":"2328","target":"2420"},{"source":"2328","target":"2427"},{"source":"2328","target":"2429"},{"source":"2328","target":"2432"},{"source":"2328","target":"2434"},{"source":"2328","target":"2438"},{"source":"2328","target":"2445"},{"source":"2328","target":"2451"},{"source":"2328","target":"2458"},{"source":"2328","target":"2461"},{"source":"2328","target":"2463"},{"source":"2328","target":"2471"},{"source":"2328","target":"2475"},{"source":"2328","target":"2479"},{"source":"2328","target":"2491"},{"source":"2328","target":"2498"},{"source":"2328","target":"2501"},{"source":"2328","target":"2509"},{"source":"2328","target":"2510"},{"source":"2328","target":"2511"},{"source":"2328","target":"2512"},{"source":"2328","target":"2516"},{"source":"2328","target":"2525"},{"source":"2328","target":"2529"},{"source":"2328","target":"2531"},{"source":"2328","target":"2533"},{"source":"2328","target":"2537"},{"source":"2328","target":"2542"},{"source":"2328","target":"2543"},{"source":"2328","target":"2544"},{"source":"2328","target":"2555"},{"source":"2328","target":"2557"},{"source":"2328","target":"2567"},{"source":"2328","target":"2582"},{"source":"2328","target":"2588"},{"source":"2328","target":"2592"},{"source":"2328","target":"2594"},{"source":"2328","target":"2598"},{"source":"2328","target":"2603"},{"source":"2328","target":"2608"},{"source":"2328","target":"2616"},{"source":"2328","target":"2617"},{"source":"2328","target":"2629"},{"source":"2328","target":"2642"},{"source":"2328","target":"2643"},{"source":"2328","target":"2649"},{"source":"2328","target":"2652"},{"source":"2329","target":"2331"},{"source":"2329","target":"2339"},{"source":"2329","target":"2340"},{"source":"2329","target":"2347"},{"source":"2329","target":"2354"},{"source":"2329","target":"2359"},{"source":"2329","target":"2363"},{"source":"2329","target":"2369"},{"source":"2329","target":"2374"},{"source":"2329","target":"2395"},{"source":"2329","target":"2410"},{"source":"2329","target":"2414"},{"source":"2329","target":"2423"},{"source":"2329","target":"2428"},{"source":"2329","target":"2433"},{"source":"2329","target":"2446"},{"source":"2329","target":"2460"},{"source":"2329","target":"2462"},{"source":"2329","target":"2464"},{"source":"2329","target":"2467"},{"source":"2329","target":"2468"},{"source":"2329","target":"2477"},{"source":"2329","target":"2492"},{"source":"2329","target":"2495"},{"source":"2329","target":"2500"},{"source":"2329","target":"2504"},{"source":"2329","target":"2506"},{"source":"2329","target":"2507"},{"source":"2329","target":"2536"},{"source":"2329","target":"2542"},{"source":"2329","target":"2543"},{"source":"2329","target":"2546"},{"source":"2329","target":"2551"},{"source":"2329","target":"2559"},{"source":"2329","target":"2560"},{"source":"2329","target":"2563"},{"source":"2329","target":"2574"},{"source":"2329","target":"2578"},{"source":"2329","target":"2586"},{"source":"2329","target":"2590"},{"source":"2329","target":"2593"},{"source":"2329","target":"2601"},{"source":"2329","target":"2602"},{"source":"2329","target":"2604"},{"source":"2329","target":"2607"},{"source":"2329","target":"2611"},{"source":"2329","target":"2613"},{"source":"2329","target":"2615"},{"source":"2329","target":"2619"},{"source":"2329","target":"2623"},{"source":"2329","target":"2624"},{"source":"2329","target":"2625"},{"source":"2329","target":"2638"},{"source":"2330","target":"2336"},{"source":"2330","target":"2350"},{"source":"2330","target":"2384"},{"source":"2330","target":"2417"},{"source":"2330","target":"2436"},{"source":"2330","target":"2445"},{"source":"2330","target":"2451"},{"source":"2330","target":"2463"},{"source":"2330","target":"2491"},{"source":"2330","target":"2510"},{"source":"2330","target":"2588"},{"source":"2330","target":"2589"},{"source":"2330","target":"2597"},{"source":"2330","target":"2598"},{"source":"2330","target":"2616"},{"source":"2330","target":"2617"},{"source":"2330","target":"2649"},{"source":"2331","target":"2334"},{"source":"2331","target":"2339"},{"source":"2331","target":"2340"},{"source":"2331","target":"2347"},{"source":"2331","target":"2348"},{"source":"2331","target":"2352"},{"source":"2331","target":"2353"},{"source":"2331","target":"2354"},{"source":"2331","target":"2356"},{"source":"2331","target":"2359"},{"source":"2331","target":"2363"},{"source":"2331","target":"2369"},{"source":"2331","target":"2374"},{"source":"2331","target":"2376"},{"source":"2331","target":"2381"},{"source":"2331","target":"2386"},{"source":"2331","target":"2391"},{"source":"2331","target":"2395"},{"source":"2331","target":"2404"},{"source":"2331","target":"2407"},{"source":"2331","target":"2408"},{"source":"2331","target":"2409"},{"source":"2331","target":"2410"},{"source":"2331","target":"2414"},{"source":"2331","target":"2418"},{"source":"2331","target":"2423"},{"source":"2331","target":"2428"},{"source":"2331","target":"2430"},{"source":"2331","target":"2433"},{"source":"2331","target":"2446"},{"source":"2331","target":"2460"},{"source":"2331","target":"2462"},{"source":"2331","target":"2464"},{"source":"2331","target":"2467"},{"source":"2331","target":"2468"},{"source":"2331","target":"2469"},{"source":"2331","target":"2482"},{"source":"2331","target":"2484"},{"source":"2331","target":"2485"},{"source":"2331","target":"2492"},{"source":"2331","target":"2495"},{"source":"2331","target":"2499"},{"source":"2331","target":"2500"},{"source":"2331","target":"2501"},{"source":"2331","target":"2504"},{"source":"2331","target":"2506"},{"source":"2331","target":"2507"},{"source":"2331","target":"2520"},{"source":"2331","target":"2526"},{"source":"2331","target":"2532"},{"source":"2331","target":"2539"},{"source":"2331","target":"2542"},{"source":"2331","target":"2543"},{"source":"2331","target":"2546"},{"source":"2331","target":"2549"},{"source":"2331","target":"2550"},{"source":"2331","target":"2552"},{"source":"2331","target":"2553"},{"source":"2331","target":"2554"},{"source":"2331","target":"2556"},{"source":"2331","target":"2559"},{"source":"2331","target":"2560"},{"source":"2331","target":"2561"},{"source":"2331","target":"2564"},{"source":"2331","target":"2573"},{"source":"2331","target":"2574"},{"source":"2331","target":"2578"},{"source":"2331","target":"2579"},{"source":"2331","target":"2586"},{"source":"2331","target":"2590"},{"source":"2331","target":"2591"},{"source":"2331","target":"2593"},{"source":"2331","target":"2600"},{"source":"2331","target":"2601"},{"source":"2331","target":"2602"},{"source":"2331","target":"2604"},{"source":"2331","target":"2606"},{"source":"2331","target":"2607"},{"source":"2331","target":"2611"},{"source":"2331","target":"2613"},{"source":"2331","target":"2615"},{"source":"2331","target":"2619"},{"source":"2331","target":"2623"},{"source":"2331","target":"2624"},{"source":"2331","target":"2625"},{"source":"2331","target":"2630"},{"source":"2331","target":"2631"},{"source":"2331","target":"2638"},{"source":"2331","target":"2654"},{"source":"2331","target":"2655"},{"source":"2332","target":"2333"},{"source":"2332","target":"2336"},{"source":"2332","target":"2338"},{"source":"2332","target":"2347"},{"source":"2332","target":"2351"},{"source":"2332","target":"2368"},{"source":"2332","target":"2372"},{"source":"2332","target":"2384"},{"source":"2332","target":"2385"},{"source":"2332","target":"2399"},{"source":"2332","target":"2434"},{"source":"2332","target":"2438"},{"source":"2332","target":"2458"},{"source":"2332","target":"2463"},{"source":"2332","target":"2465"},{"source":"2332","target":"2473"},{"source":"2332","target":"2475"},{"source":"2332","target":"2508"},{"source":"2332","target":"2509"},{"source":"2332","target":"2510"},{"source":"2332","target":"2511"},{"source":"2332","target":"2512"},{"source":"2332","target":"2533"},{"source":"2332","target":"2543"},{"source":"2332","target":"2555"},{"source":"2332","target":"2567"},{"source":"2332","target":"2572"},{"source":"2332","target":"2582"},{"source":"2332","target":"2592"},{"source":"2332","target":"2597"},{"source":"2332","target":"2598"},{"source":"2332","target":"2608"},{"source":"2332","target":"2609"},{"source":"2332","target":"2629"},{"source":"2332","target":"2642"},{"source":"2332","target":"2643"},{"source":"2332","target":"2649"},{"source":"2332","target":"2653"},{"source":"2333","target":"2336"},{"source":"2333","target":"2338"},{"source":"2333","target":"2343"},{"source":"2333","target":"2344"},{"source":"2333","target":"2347"},{"source":"2333","target":"2351"},{"source":"2333","target":"2372"},{"source":"2333","target":"2377"},{"source":"2333","target":"2384"},{"source":"2333","target":"2390"},{"source":"2333","target":"2394"},{"source":"2333","target":"2396"},{"source":"2333","target":"2399"},{"source":"2333","target":"2415"},{"source":"2333","target":"2419"},{"source":"2333","target":"2420"},{"source":"2333","target":"2432"},{"source":"2333","target":"2434"},{"source":"2333","target":"2438"},{"source":"2333","target":"2451"},{"source":"2333","target":"2458"},{"source":"2333","target":"2461"},{"source":"2333","target":"2463"},{"source":"2333","target":"2465"},{"source":"2333","target":"2471"},{"source":"2333","target":"2472"},{"source":"2333","target":"2475"},{"source":"2333","target":"2479"},{"source":"2333","target":"2491"},{"source":"2333","target":"2498"},{"source":"2333","target":"2501"},{"source":"2333","target":"2508"},{"source":"2333","target":"2509"},{"source":"2333","target":"2510"},{"source":"2333","target":"2511"},{"source":"2333","target":"2512"},{"source":"2333","target":"2529"},{"source":"2333","target":"2530"},{"source":"2333","target":"2533"},{"source":"2333","target":"2537"},{"source":"2333","target":"2543"},{"source":"2333","target":"2555"},{"source":"2333","target":"2567"},{"source":"2333","target":"2582"},{"source":"2333","target":"2592"},{"source":"2333","target":"2594"},{"source":"2333","target":"2597"},{"source":"2333","target":"2598"},{"source":"2333","target":"2603"},{"source":"2333","target":"2608"},{"source":"2333","target":"2616"},{"source":"2333","target":"2617"},{"source":"2333","target":"2629"},{"source":"2333","target":"2642"},{"source":"2333","target":"2643"},{"source":"2333","target":"2652"},{"source":"2333","target":"2653"},{"source":"2334","target":"2339"},{"source":"2334","target":"2347"},{"source":"2334","target":"2348"},{"source":"2334","target":"2354"},{"source":"2334","target":"2356"},{"source":"2334","target":"2363"},{"source":"2334","target":"2369"},{"source":"2334","target":"2374"},{"source":"2334","target":"2376"},{"source":"2334","target":"2386"},{"source":"2334","target":"2387"},{"source":"2334","target":"2391"},{"source":"2334","target":"2393"},{"source":"2334","target":"2395"},{"source":"2334","target":"2409"},{"source":"2334","target":"2410"},{"source":"2334","target":"2428"},{"source":"2334","target":"2429"},{"source":"2334","target":"2430"},{"source":"2334","target":"2433"},{"source":"2334","target":"2446"},{"source":"2334","target":"2449"},{"source":"2334","target":"2460"},{"source":"2334","target":"2464"},{"source":"2334","target":"2467"},{"source":"2334","target":"2468"},{"source":"2334","target":"2469"},{"source":"2334","target":"2471"},{"source":"2334","target":"2477"},{"source":"2334","target":"2478"},{"source":"2334","target":"2482"},{"source":"2334","target":"2485"},{"source":"2334","target":"2489"},{"source":"2334","target":"2492"},{"source":"2334","target":"2500"},{"source":"2334","target":"2504"},{"source":"2334","target":"2507"},{"source":"2334","target":"2520"},{"source":"2334","target":"2526"},{"source":"2334","target":"2539"},{"source":"2334","target":"2542"},{"source":"2334","target":"2543"},{"source":"2334","target":"2546"},{"source":"2334","target":"2550"},{"source":"2334","target":"2551"},{"source":"2334","target":"2556"},{"source":"2334","target":"2559"},{"source":"2334","target":"2560"},{"source":"2334","target":"2561"},{"source":"2334","target":"2564"},{"source":"2334","target":"2573"},{"source":"2334","target":"2575"},{"source":"2334","target":"2578"},{"source":"2334","target":"2586"},{"source":"2334","target":"2593"},{"source":"2334","target":"2601"},{"source":"2334","target":"2602"},{"source":"2334","target":"2604"},{"source":"2334","target":"2611"},{"source":"2334","target":"2615"},{"source":"2334","target":"2619"},{"source":"2334","target":"2623"},{"source":"2334","target":"2625"},{"source":"2334","target":"2631"},{"source":"2334","target":"2646"},{"source":"2334","target":"2654"},{"source":"2334","target":"2655"},{"source":"2335","target":"2361"},{"source":"2335","target":"2371"},{"source":"2335","target":"2403"},{"source":"2335","target":"2411"},{"source":"2335","target":"2440"},{"source":"2335","target":"2474"},{"source":"2335","target":"2488"},{"source":"2335","target":"2497"},{"source":"2335","target":"2503"},{"source":"2335","target":"2523"},{"source":"2335","target":"2534"},{"source":"2336","target":"2338"},{"source":"2336","target":"2343"},{"source":"2336","target":"2344"},{"source":"2336","target":"2347"},{"source":"2336","target":"2351"},{"source":"2336","target":"2366"},{"source":"2336","target":"2368"},{"source":"2336","target":"2372"},{"source":"2336","target":"2379"},{"source":"2336","target":"2384"},{"source":"2336","target":"2385"},{"source":"2336","target":"2394"},{"source":"2336","target":"2398"},{"source":"2336","target":"2417"},{"source":"2336","target":"2419"},{"source":"2336","target":"2420"},{"source":"2336","target":"2434"},{"source":"2336","target":"2436"},{"source":"2336","target":"2445"},{"source":"2336","target":"2451"},{"source":"2336","target":"2458"},{"source":"2336","target":"2461"},{"source":"2336","target":"2463"},{"source":"2336","target":"2471"},{"source":"2336","target":"2472"},{"source":"2336","target":"2491"},{"source":"2336","target":"2498"},{"source":"2336","target":"2501"},{"source":"2336","target":"2502"},{"source":"2336","target":"2508"},{"source":"2336","target":"2509"},{"source":"2336","target":"2510"},{"source":"2336","target":"2511"},{"source":"2336","target":"2516"},{"source":"2336","target":"2519"},{"source":"2336","target":"2533"},{"source":"2336","target":"2537"},{"source":"2336","target":"2543"},{"source":"2336","target":"2547"},{"source":"2336","target":"2555"},{"source":"2336","target":"2567"},{"source":"2336","target":"2572"},{"source":"2336","target":"2582"},{"source":"2336","target":"2588"},{"source":"2336","target":"2589"},{"source":"2336","target":"2592"},{"source":"2336","target":"2597"},{"source":"2336","target":"2598"},{"source":"2336","target":"2616"},{"source":"2336","target":"2617"},{"source":"2336","target":"2629"},{"source":"2336","target":"2642"},{"source":"2336","target":"2643"},{"source":"2336","target":"2649"},{"source":"2336","target":"2653"},{"source":"2337","target":"2346"},{"source":"2337","target":"2364"},{"source":"2337","target":"2365"},{"source":"2337","target":"2378"},{"source":"2337","target":"2435"},{"source":"2337","target":"2447"},{"source":"2337","target":"2494"},{"source":"2337","target":"2538"},{"source":"2337","target":"2583"},{"source":"2337","target":"2639"},{"source":"2337","target":"2640"},{"source":"2337","target":"2645"},{"source":"2337","target":"2647"},{"source":"2338","target":"2343"},{"source":"2338","target":"2344"},{"source":"2338","target":"2347"},{"source":"2338","target":"2351"},{"source":"2338","target":"2372"},{"source":"2338","target":"2377"},{"source":"2338","target":"2384"},{"source":"2338","target":"2398"},{"source":"2338","target":"2420"},{"source":"2338","target":"2436"},{"source":"2338","target":"2458"},{"source":"2338","target":"2461"},{"source":"2338","target":"2465"},{"source":"2338","target":"2468"},{"source":"2338","target":"2475"},{"source":"2338","target":"2496"},{"source":"2338","target":"2508"},{"source":"2338","target":"2510"},{"source":"2338","target":"2511"},{"source":"2338","target":"2512"},{"source":"2338","target":"2516"},{"source":"2338","target":"2529"},{"source":"2338","target":"2533"},{"source":"2338","target":"2543"},{"source":"2338","target":"2547"},{"source":"2338","target":"2555"},{"source":"2338","target":"2567"},{"source":"2338","target":"2592"},{"source":"2338","target":"2594"},{"source":"2338","target":"2597"},{"source":"2338","target":"2598"},{"source":"2338","target":"2609"},{"source":"2338","target":"2617"},{"source":"2338","target":"2629"},{"source":"2338","target":"2643"},{"source":"2338","target":"2649"},{"source":"2339","target":"2340"},{"source":"2339","target":"2347"},{"source":"2339","target":"2348"},{"source":"2339","target":"2352"},{"source":"2339","target":"2354"},{"source":"2339","target":"2356"},{"source":"2339","target":"2359"},{"source":"2339","target":"2363"},{"source":"2339","target":"2369"},{"source":"2339","target":"2370"},{"source":"2339","target":"2374"},{"source":"2339","target":"2376"},{"source":"2339","target":"2381"},{"source":"2339","target":"2383"},{"source":"2339","target":"2386"},{"source":"2339","target":"2391"},{"source":"2339","target":"2392"},{"source":"2339","target":"2395"},{"source":"2339","target":"2404"},{"source":"2339","target":"2408"},{"source":"2339","target":"2409"},{"source":"2339","target":"2410"},{"source":"2339","target":"2414"},{"source":"2339","target":"2418"},{"source":"2339","target":"2428"},{"source":"2339","target":"2429"},{"source":"2339","target":"2430"},{"source":"2339","target":"2433"},{"source":"2339","target":"2446"},{"source":"2339","target":"2449"},{"source":"2339","target":"2460"},{"source":"2339","target":"2464"},{"source":"2339","target":"2467"},{"source":"2339","target":"2468"},{"source":"2339","target":"2469"},{"source":"2339","target":"2477"},{"source":"2339","target":"2482"},{"source":"2339","target":"2485"},{"source":"2339","target":"2489"},{"source":"2339","target":"2500"},{"source":"2339","target":"2504"},{"source":"2339","target":"2506"},{"source":"2339","target":"2507"},{"source":"2339","target":"2520"},{"source":"2339","target":"2521"},{"source":"2339","target":"2526"},{"source":"2339","target":"2532"},{"source":"2339","target":"2546"},{"source":"2339","target":"2549"},{"source":"2339","target":"2550"},{"source":"2339","target":"2551"},{"source":"2339","target":"2552"},{"source":"2339","target":"2553"},{"source":"2339","target":"2554"},{"source":"2339","target":"2556"},{"source":"2339","target":"2559"},{"source":"2339","target":"2560"},{"source":"2339","target":"2561"},{"source":"2339","target":"2563"},{"source":"2339","target":"2564"},{"source":"2339","target":"2573"},{"source":"2339","target":"2575"},{"source":"2339","target":"2576"},{"source":"2339","target":"2578"},{"source":"2339","target":"2579"},{"source":"2339","target":"2586"},{"source":"2339","target":"2590"},{"source":"2339","target":"2593"},{"source":"2339","target":"2600"},{"source":"2339","target":"2601"},{"source":"2339","target":"2602"},{"source":"2339","target":"2604"},{"source":"2339","target":"2606"},{"source":"2339","target":"2607"},{"source":"2339","target":"2615"},{"source":"2339","target":"2623"},{"source":"2339","target":"2624"},{"source":"2339","target":"2630"},{"source":"2339","target":"2631"},{"source":"2339","target":"2638"},{"source":"2339","target":"2646"},{"source":"2339","target":"2654"},{"source":"2339","target":"2655"},{"source":"2340","target":"2347"},{"source":"2340","target":"2348"},{"source":"2340","target":"2352"},{"source":"2340","target":"2354"},{"source":"2340","target":"2356"},{"source":"2340","target":"2359"},{"source":"2340","target":"2363"},{"source":"2340","target":"2369"},{"source":"2340","target":"2370"},{"source":"2340","target":"2374"},{"source":"2340","target":"2376"},{"source":"2340","target":"2381"},{"source":"2340","target":"2383"},{"source":"2340","target":"2386"},{"source":"2340","target":"2395"},{"source":"2340","target":"2404"},{"source":"2340","target":"2407"},{"source":"2340","target":"2408"},{"source":"2340","target":"2409"},{"source":"2340","target":"2410"},{"source":"2340","target":"2414"},{"source":"2340","target":"2418"},{"source":"2340","target":"2423"},{"source":"2340","target":"2428"},{"source":"2340","target":"2429"},{"source":"2340","target":"2430"},{"source":"2340","target":"2433"},{"source":"2340","target":"2446"},{"source":"2340","target":"2460"},{"source":"2340","target":"2464"},{"source":"2340","target":"2467"},{"source":"2340","target":"2468"},{"source":"2340","target":"2469"},{"source":"2340","target":"2477"},{"source":"2340","target":"2478"},{"source":"2340","target":"2482"},{"source":"2340","target":"2484"},{"source":"2340","target":"2485"},{"source":"2340","target":"2489"},{"source":"2340","target":"2492"},{"source":"2340","target":"2495"},{"source":"2340","target":"2500"},{"source":"2340","target":"2504"},{"source":"2340","target":"2506"},{"source":"2340","target":"2507"},{"source":"2340","target":"2520"},{"source":"2340","target":"2521"},{"source":"2340","target":"2526"},{"source":"2340","target":"2532"},{"source":"2340","target":"2536"},{"source":"2340","target":"2539"},{"source":"2340","target":"2542"},{"source":"2340","target":"2543"},{"source":"2340","target":"2546"},{"source":"2340","target":"2549"},{"source":"2340","target":"2550"},{"source":"2340","target":"2551"},{"source":"2340","target":"2552"},{"source":"2340","target":"2553"},{"source":"2340","target":"2554"},{"source":"2340","target":"2556"},{"source":"2340","target":"2559"},{"source":"2340","target":"2560"},{"source":"2340","target":"2561"},{"source":"2340","target":"2563"},{"source":"2340","target":"2564"},{"source":"2340","target":"2573"},{"source":"2340","target":"2574"},{"source":"2340","target":"2575"},{"source":"2340","target":"2578"},{"source":"2340","target":"2579"},{"source":"2340","target":"2586"},{"source":"2340","target":"2590"},{"source":"2340","target":"2591"},{"source":"2340","target":"2593"},{"source":"2340","target":"2600"},{"source":"2340","target":"2601"},{"source":"2340","target":"2602"},{"source":"2340","target":"2604"},{"source":"2340","target":"2607"},{"source":"2340","target":"2611"},{"source":"2340","target":"2613"},{"source":"2340","target":"2615"},{"source":"2340","target":"2619"},{"source":"2340","target":"2623"},{"source":"2340","target":"2624"},{"source":"2340","target":"2625"},{"source":"2340","target":"2630"},{"source":"2340","target":"2631"},{"source":"2340","target":"2638"},{"source":"2340","target":"2646"},{"source":"2340","target":"2654"},{"source":"2340","target":"2655"},{"source":"2341","target":"2361"},{"source":"2341","target":"2412"},{"source":"2341","target":"2455"},{"source":"2341","target":"2456"},{"source":"2341","target":"2659"},{"source":"2342","target":"2371"},{"source":"2342","target":"2397"},{"source":"2342","target":"2402"},{"source":"2342","target":"2411"},{"source":"2342","target":"2448"},{"source":"2342","target":"2450"},{"source":"2342","target":"2456"},{"source":"2342","target":"2488"},{"source":"2342","target":"2540"},{"source":"2342","target":"2562"},{"source":"2342","target":"2618"},{"source":"2342","target":"2628"},{"source":"2342","target":"2632"},{"source":"2342","target":"2644"},{"source":"2343","target":"2344"},{"source":"2343","target":"2351"},{"source":"2343","target":"2384"},{"source":"2343","target":"2419"},{"source":"2343","target":"2436"},{"source":"2343","target":"2458"},{"source":"2343","target":"2461"},{"source":"2343","target":"2463"},{"source":"2343","target":"2471"},{"source":"2343","target":"2475"},{"source":"2343","target":"2491"},{"source":"2343","target":"2498"},{"source":"2343","target":"2509"},{"source":"2343","target":"2516"},{"source":"2343","target":"2530"},{"source":"2343","target":"2536"},{"source":"2343","target":"2582"},{"source":"2343","target":"2588"},{"source":"2343","target":"2598"},{"source":"2343","target":"2616"},{"source":"2343","target":"2629"},{"source":"2343","target":"2649"},{"source":"2344","target":"2345"},{"source":"2344","target":"2347"},{"source":"2344","target":"2355"},{"source":"2344","target":"2377"},{"source":"2344","target":"2384"},{"source":"2344","target":"2390"},{"source":"2344","target":"2394"},{"source":"2344","target":"2396"},{"source":"2344","target":"2399"},{"source":"2344","target":"2415"},{"source":"2344","target":"2419"},{"source":"2344","target":"2432"},{"source":"2344","target":"2434"},{"source":"2344","target":"2436"},{"source":"2344","target":"2438"},{"source":"2344","target":"2451"},{"source":"2344","target":"2461"},{"source":"2344","target":"2463"},{"source":"2344","target":"2468"},{"source":"2344","target":"2471"},{"source":"2344","target":"2475"},{"source":"2344","target":"2479"},{"source":"2344","target":"2498"},{"source":"2344","target":"2501"},{"source":"2344","target":"2509"},{"source":"2344","target":"2511"},{"source":"2344","target":"2512"},{"source":"2344","target":"2516"},{"source":"2344","target":"2519"},{"source":"2344","target":"2537"},{"source":"2344","target":"2555"},{"source":"2344","target":"2582"},{"source":"2344","target":"2588"},{"source":"2344","target":"2592"},{"source":"2344","target":"2594"},{"source":"2344","target":"2598"},{"source":"2344","target":"2603"},{"source":"2344","target":"2616"},{"source":"2344","target":"2617"},{"source":"2344","target":"2629"},{"source":"2344","target":"2637"},{"source":"2344","target":"2642"},{"source":"2344","target":"2652"},{"source":"2345","target":"2366"},{"source":"2345","target":"2367"},{"source":"2345","target":"2379"},{"source":"2345","target":"2394"},{"source":"2345","target":"2406"},{"source":"2345","target":"2443"},{"source":"2345","target":"2449"},{"source":"2345","target":"2453"},{"source":"2345","target":"2461"},{"source":"2345","target":"2468"},{"source":"2345","target":"2491"},{"source":"2345","target":"2510"},{"source":"2345","target":"2537"},{"source":"2345","target":"2555"},{"source":"2345","target":"2560"},{"source":"2345","target":"2566"},{"source":"2345","target":"2594"},{"source":"2345","target":"2598"},{"source":"2345","target":"2610"},{"source":"2345","target":"2612"},{"source":"2345","target":"2617"},{"source":"2345","target":"2635"},{"source":"2346","target":"2364"},{"source":"2346","target":"2365"},{"source":"2346","target":"2378"},{"source":"2346","target":"2389"},{"source":"2346","target":"2435"},{"source":"2346","target":"2538"},{"source":"2346","target":"2583"},{"source":"2346","target":"2585"},{"source":"2346","target":"2620"},{"source":"2346","target":"2626"},{"source":"2346","target":"2633"},{"source":"2346","target":"2636"},{"source":"2346","target":"2640"},{"source":"2346","target":"2645"},{"source":"2346","target":"2657"},{"source":"2346","target":"2658"},{"source":"2346","target":"2659"},{"source":"2347","target":"2348"},{"source":"2347","target":"2351"},{"source":"2347","target":"2354"},{"source":"2347","target":"2356"},{"source":"2347","target":"2363"},{"source":"2347","target":"2369"},{"source":"2347","target":"2370"},{"source":"2347","target":"2372"},{"source":"2347","target":"2374"},{"source":"2347","target":"2376"},{"source":"2347","target":"2377"},{"source":"2347","target":"2381"},{"source":"2347","target":"2384"},{"source":"2347","target":"2386"},{"source":"2347","target":"2387"},{"source":"2347","target":"2395"},{"source":"2347","target":"2398"},{"source":"2347","target":"2399"},{"source":"2347","target":"2404"},{"source":"2347","target":"2407"},{"source":"2347","target":"2408"},{"source":"2347","target":"2409"},{"source":"2347","target":"2410"},{"source":"2347","target":"2414"},{"source":"2347","target":"2418"},{"source":"2347","target":"2419"},{"source":"2347","target":"2420"},{"source":"2347","target":"2423"},{"source":"2347","target":"2427"},{"source":"2347","target":"2428"},{"source":"2347","target":"2429"},{"source":"2347","target":"2430"},{"source":"2347","target":"2433"},{"source":"2347","target":"2436"},{"source":"2347","target":"2446"},{"source":"2347","target":"2451"},{"source":"2347","target":"2460"},{"source":"2347","target":"2462"},{"source":"2347","target":"2463"},{"source":"2347","target":"2464"},{"source":"2347","target":"2467"},{"source":"2347","target":"2468"},{"source":"2347","target":"2469"},{"source":"2347","target":"2471"},{"source":"2347","target":"2472"},{"source":"2347","target":"2475"},{"source":"2347","target":"2482"},{"source":"2347","target":"2484"},{"source":"2347","target":"2485"},{"source":"2347","target":"2489"},{"source":"2347","target":"2491"},{"source":"2347","target":"2492"},{"source":"2347","target":"2499"},{"source":"2347","target":"2500"},{"source":"2347","target":"2506"},{"source":"2347","target":"2507"},{"source":"2347","target":"2508"},{"source":"2347","target":"2510"},{"source":"2347","target":"2511"},{"source":"2347","target":"2518"},{"source":"2347","target":"2521"},{"source":"2347","target":"2522"},{"source":"2347","target":"2526"},{"source":"2347","target":"2530"},{"source":"2347","target":"2533"},{"source":"2347","target":"2539"},{"source":"2347","target":"2542"},{"source":"2347","target":"2543"},{"source":"2347","target":"2546"},{"source":"2347","target":"2547"},{"source":"2347","target":"2550"},{"source":"2347","target":"2551"},{"source":"2347","target":"2554"},{"source":"2347","target":"2555"},{"source":"2347","target":"2556"},{"source":"2347","target":"2559"},{"source":"2347","target":"2560"},{"source":"2347","target":"2561"},{"source":"2347","target":"2563"},{"source":"2347","target":"2567"},{"source":"2347","target":"2573"},{"source":"2347","target":"2574"},{"source":"2347","target":"2575"},{"source":"2347","target":"2578"},{"source":"2347","target":"2579"},{"source":"2347","target":"2582"},{"source":"2347","target":"2586"},{"source":"2347","target":"2590"},{"source":"2347","target":"2591"},{"source":"2347","target":"2592"},{"source":"2347","target":"2593"},{"source":"2347","target":"2597"},{"source":"2347","target":"2598"},{"source":"2347","target":"2600"},{"source":"2347","target":"2601"},{"source":"2347","target":"2602"},{"source":"2347","target":"2604"},{"source":"2347","target":"2606"},{"source":"2347","target":"2607"},{"source":"2347","target":"2609"},{"source":"2347","target":"2611"},{"source":"2347","target":"2615"},{"source":"2347","target":"2619"},{"source":"2347","target":"2623"},{"source":"2347","target":"2624"},{"source":"2347","target":"2625"},{"source":"2347","target":"2629"},{"source":"2347","target":"2630"},{"source":"2347","target":"2631"},{"source":"2347","target":"2638"},{"source":"2347","target":"2643"},{"source":"2347","target":"2646"},{"source":"2347","target":"2653"},{"source":"2347","target":"2655"},{"source":"2348","target":"2352"},{"source":"2348","target":"2354"},{"source":"2348","target":"2356"},{"source":"2348","target":"2369"},{"source":"2348","target":"2376"},{"source":"2348","target":"2381"},{"source":"2348","target":"2385"},{"source":"2348","target":"2386"},{"source":"2348","target":"2395"},{"source":"2348","target":"2409"},{"source":"2348","target":"2410"},{"source":"2348","target":"2414"},{"source":"2348","target":"2423"},{"source":"2348","target":"2428"},{"source":"2348","target":"2430"},{"source":"2348","target":"2446"},{"source":"2348","target":"2460"},{"source":"2348","target":"2464"},{"source":"2348","target":"2467"},{"source":"2348","target":"2468"},{"source":"2348","target":"2469"},{"source":"2348","target":"2478"},{"source":"2348","target":"2482"},{"source":"2348","target":"2492"},{"source":"2348","target":"2495"},{"source":"2348","target":"2506"},{"source":"2348","target":"2507"},{"source":"2348","target":"2520"},{"source":"2348","target":"2521"},{"source":"2348","target":"2532"},{"source":"2348","target":"2539"},{"source":"2348","target":"2542"},{"source":"2348","target":"2543"},{"source":"2348","target":"2549"},{"source":"2348","target":"2550"},{"source":"2348","target":"2551"},{"source":"2348","target":"2553"},{"source":"2348","target":"2556"},{"source":"2348","target":"2559"},{"source":"2348","target":"2560"},{"source":"2348","target":"2561"},{"source":"2348","target":"2564"},{"source":"2348","target":"2573"},{"source":"2348","target":"2578"},{"source":"2348","target":"2579"},{"source":"2348","target":"2586"},{"source":"2348","target":"2590"},{"source":"2348","target":"2593"},{"source":"2348","target":"2600"},{"source":"2348","target":"2601"},{"source":"2348","target":"2602"},{"source":"2348","target":"2604"},{"source":"2348","target":"2607"},{"source":"2348","target":"2611"},{"source":"2348","target":"2615"},{"source":"2348","target":"2619"},{"source":"2348","target":"2623"},{"source":"2348","target":"2624"},{"source":"2348","target":"2625"},{"source":"2348","target":"2630"},{"source":"2348","target":"2631"},{"source":"2348","target":"2638"},{"source":"2348","target":"2646"},{"source":"2348","target":"2654"},{"source":"2348","target":"2655"},{"source":"2349","target":"2401"},{"source":"2349","target":"2426"},{"source":"2349","target":"2444"},{"source":"2349","target":"2466"},{"source":"2349","target":"2486"},{"source":"2349","target":"2490"},{"source":"2349","target":"2513"},{"source":"2349","target":"2515"},{"source":"2349","target":"2622"},{"source":"2349","target":"2650"},{"source":"2350","target":"2363"},{"source":"2350","target":"2391"},{"source":"2350","target":"2404"},{"source":"2350","target":"2410"},{"source":"2350","target":"2542"},{"source":"2350","target":"2545"},{"source":"2350","target":"2576"},{"source":"2350","target":"2588"},{"source":"2350","target":"2615"},{"source":"2351","target":"2372"},{"source":"2351","target":"2377"},{"source":"2351","target":"2384"},{"source":"2351","target":"2398"},{"source":"2351","target":"2420"},{"source":"2351","target":"2436"},{"source":"2351","target":"2461"},{"source":"2351","target":"2463"},{"source":"2351","target":"2465"},{"source":"2351","target":"2471"},{"source":"2351","target":"2472"},{"source":"2351","target":"2475"},{"source":"2351","target":"2491"},{"source":"2351","target":"2498"},{"source":"2351","target":"2509"},{"source":"2351","target":"2510"},{"source":"2351","target":"2516"},{"source":"2351","target":"2529"},{"source":"2351","target":"2533"},{"source":"2351","target":"2543"},{"source":"2351","target":"2555"},{"source":"2351","target":"2567"},{"source":"2351","target":"2592"},{"source":"2351","target":"2597"},{"source":"2351","target":"2598"},{"source":"2351","target":"2609"},{"source":"2351","target":"2616"},{"source":"2351","target":"2629"},{"source":"2351","target":"2642"},{"source":"2351","target":"2643"},{"source":"2351","target":"2649"},{"source":"2352","target":"2353"},{"source":"2352","target":"2354"},{"source":"2352","target":"2356"},{"source":"2352","target":"2359"},{"source":"2352","target":"2363"},{"source":"2352","target":"2369"},{"source":"2352","target":"2370"},{"source":"2352","target":"2374"},{"source":"2352","target":"2376"},{"source":"2352","target":"2381"},{"source":"2352","target":"2387"},{"source":"2352","target":"2392"},{"source":"2352","target":"2395"},{"source":"2352","target":"2404"},{"source":"2352","target":"2409"},{"source":"2352","target":"2410"},{"source":"2352","target":"2414"},{"source":"2352","target":"2423"},{"source":"2352","target":"2428"},{"source":"2352","target":"2430"},{"source":"2352","target":"2433"},{"source":"2352","target":"2460"},{"source":"2352","target":"2464"},{"source":"2352","target":"2468"},{"source":"2352","target":"2469"},{"source":"2352","target":"2477"},{"source":"2352","target":"2482"},{"source":"2352","target":"2484"},{"source":"2352","target":"2485"},{"source":"2352","target":"2495"},{"source":"2352","target":"2500"},{"source":"2352","target":"2504"},{"source":"2352","target":"2506"},{"source":"2352","target":"2507"},{"source":"2352","target":"2520"},{"source":"2352","target":"2526"},{"source":"2352","target":"2532"},{"source":"2352","target":"2539"},{"source":"2352","target":"2542"},{"source":"2352","target":"2546"},{"source":"2352","target":"2549"},{"source":"2352","target":"2550"},{"source":"2352","target":"2553"},{"source":"2352","target":"2554"},{"source":"2352","target":"2556"},{"source":"2352","target":"2561"},{"source":"2352","target":"2564"},{"source":"2352","target":"2573"},{"source":"2352","target":"2574"},{"source":"2352","target":"2575"},{"source":"2352","target":"2578"},{"source":"2352","target":"2579"},{"source":"2352","target":"2586"},{"source":"2352","target":"2590"},{"source":"2352","target":"2591"},{"source":"2352","target":"2593"},{"source":"2352","target":"2600"},{"source":"2352","target":"2601"},{"source":"2352","target":"2602"},{"source":"2352","target":"2604"},{"source":"2352","target":"2607"},{"source":"2352","target":"2611"},{"source":"2352","target":"2615"},{"source":"2352","target":"2619"},{"source":"2352","target":"2624"},{"source":"2352","target":"2625"},{"source":"2352","target":"2630"},{"source":"2352","target":"2638"},{"source":"2352","target":"2655"},{"source":"2353","target":"2356"},{"source":"2353","target":"2370"},{"source":"2353","target":"2386"},{"source":"2353","target":"2414"},{"source":"2353","target":"2423"},{"source":"2353","target":"2464"},{"source":"2353","target":"2467"},{"source":"2353","target":"2469"},{"source":"2353","target":"2492"},{"source":"2353","target":"2495"},{"source":"2353","target":"2499"},{"source":"2353","target":"2500"},{"source":"2353","target":"2504"},{"source":"2353","target":"2521"},{"source":"2353","target":"2542"},{"source":"2353","target":"2543"},{"source":"2353","target":"2550"},{"source":"2353","target":"2551"},{"source":"2353","target":"2554"},{"source":"2353","target":"2561"},{"source":"2353","target":"2563"},{"source":"2353","target":"2575"},{"source":"2353","target":"2586"},{"source":"2353","target":"2590"},{"source":"2353","target":"2593"},{"source":"2353","target":"2600"},{"source":"2353","target":"2602"},{"source":"2353","target":"2606"},{"source":"2353","target":"2607"},{"source":"2353","target":"2611"},{"source":"2353","target":"2615"},{"source":"2353","target":"2624"},{"source":"2353","target":"2625"},{"source":"2353","target":"2630"},{"source":"2353","target":"2654"},{"source":"2354","target":"2356"},{"source":"2354","target":"2359"},{"source":"2354","target":"2363"},{"source":"2354","target":"2369"},{"source":"2354","target":"2370"},{"source":"2354","target":"2374"},{"source":"2354","target":"2376"},{"source":"2354","target":"2381"},{"source":"2354","target":"2386"},{"source":"2354","target":"2395"},{"source":"2354","target":"2404"},{"source":"2354","target":"2407"},{"source":"2354","target":"2408"},{"source":"2354","target":"2409"},{"source":"2354","target":"2410"},{"source":"2354","target":"2414"},{"source":"2354","target":"2418"},{"source":"2354","target":"2423"},{"source":"2354","target":"2428"},{"source":"2354","target":"2429"},{"source":"2354","target":"2430"},{"source":"2354","target":"2446"},{"source":"2354","target":"2460"},{"source":"2354","target":"2462"},{"source":"2354","target":"2464"},{"source":"2354","target":"2468"},{"source":"2354","target":"2469"},{"source":"2354","target":"2477"},{"source":"2354","target":"2478"},{"source":"2354","target":"2482"},{"source":"2354","target":"2484"},{"source":"2354","target":"2485"},{"source":"2354","target":"2489"},{"source":"2354","target":"2492"},{"source":"2354","target":"2499"},{"source":"2354","target":"2500"},{"source":"2354","target":"2504"},{"source":"2354","target":"2507"},{"source":"2354","target":"2521"},{"source":"2354","target":"2526"},{"source":"2354","target":"2539"},{"source":"2354","target":"2542"},{"source":"2354","target":"2543"},{"source":"2354","target":"2546"},{"source":"2354","target":"2549"},{"source":"2354","target":"2550"},{"source":"2354","target":"2551"},{"source":"2354","target":"2553"},{"source":"2354","target":"2554"},{"source":"2354","target":"2560"},{"source":"2354","target":"2561"},{"source":"2354","target":"2564"},{"source":"2354","target":"2573"},{"source":"2354","target":"2575"},{"source":"2354","target":"2578"},{"source":"2354","target":"2579"},{"source":"2354","target":"2586"},{"source":"2354","target":"2590"},{"source":"2354","target":"2593"},{"source":"2354","target":"2600"},{"source":"2354","target":"2601"},{"source":"2354","target":"2602"},{"source":"2354","target":"2604"},{"source":"2354","target":"2607"},{"source":"2354","target":"2611"},{"source":"2354","target":"2615"},{"source":"2354","target":"2619"},{"source":"2354","target":"2623"},{"source":"2354","target":"2624"},{"source":"2354","target":"2625"},{"source":"2354","target":"2638"},{"source":"2354","target":"2646"},{"source":"2354","target":"2654"},{"source":"2354","target":"2655"},{"source":"2355","target":"2384"},{"source":"2355","target":"2389"},{"source":"2355","target":"2400"},{"source":"2355","target":"2413"},{"source":"2355","target":"2459"},{"source":"2355","target":"2461"},{"source":"2355","target":"2529"},{"source":"2355","target":"2531"},{"source":"2355","target":"2543"},{"source":"2355","target":"2594"},{"source":"2355","target":"2610"},{"source":"2355","target":"2616"},{"source":"2355","target":"2641"},{"source":"2356","target":"2359"},{"source":"2356","target":"2363"},{"source":"2356","target":"2369"},{"source":"2356","target":"2370"},{"source":"2356","target":"2374"},{"source":"2356","target":"2376"},{"source":"2356","target":"2381"},{"source":"2356","target":"2386"},{"source":"2356","target":"2395"},{"source":"2356","target":"2408"},{"source":"2356","target":"2409"},{"source":"2356","target":"2410"},{"source":"2356","target":"2414"},{"source":"2356","target":"2418"},{"source":"2356","target":"2423"},{"source":"2356","target":"2428"},{"source":"2356","target":"2430"},{"source":"2356","target":"2433"},{"source":"2356","target":"2446"},{"source":"2356","target":"2460"},{"source":"2356","target":"2464"},{"source":"2356","target":"2467"},{"source":"2356","target":"2468"},{"source":"2356","target":"2469"},{"source":"2356","target":"2477"},{"source":"2356","target":"2482"},{"source":"2356","target":"2489"},{"source":"2356","target":"2492"},{"source":"2356","target":"2500"},{"source":"2356","target":"2504"},{"source":"2356","target":"2507"},{"source":"2356","target":"2520"},{"source":"2356","target":"2521"},{"source":"2356","target":"2526"},{"source":"2356","target":"2539"},{"source":"2356","target":"2542"},{"source":"2356","target":"2543"},{"source":"2356","target":"2546"},{"source":"2356","target":"2549"},{"source":"2356","target":"2550"},{"source":"2356","target":"2551"},{"source":"2356","target":"2553"},{"source":"2356","target":"2554"},{"source":"2356","target":"2559"},{"source":"2356","target":"2560"},{"source":"2356","target":"2561"},{"source":"2356","target":"2564"},{"source":"2356","target":"2573"},{"source":"2356","target":"2575"},{"source":"2356","target":"2578"},{"source":"2356","target":"2579"},{"source":"2356","target":"2586"},{"source":"2356","target":"2590"},{"source":"2356","target":"2593"},{"source":"2356","target":"2601"},{"source":"2356","target":"2602"},{"source":"2356","target":"2604"},{"source":"2356","target":"2607"},{"source":"2356","target":"2611"},{"source":"2356","target":"2615"},{"source":"2356","target":"2619"},{"source":"2356","target":"2623"},{"source":"2356","target":"2624"},{"source":"2356","target":"2625"},{"source":"2356","target":"2630"},{"source":"2356","target":"2631"},{"source":"2356","target":"2638"},{"source":"2356","target":"2646"},{"source":"2356","target":"2654"},{"source":"2356","target":"2655"},{"source":"2357","target":"2397"},{"source":"2357","target":"2562"},{"source":"2357","target":"2587"},{"source":"2357","target":"2659"},{"source":"2358","target":"2411"},{"source":"2359","target":"2363"},{"source":"2359","target":"2369"},{"source":"2359","target":"2370"},{"source":"2359","target":"2374"},{"source":"2359","target":"2376"},{"source":"2359","target":"2381"},{"source":"2359","target":"2395"},{"source":"2359","target":"2404"},{"source":"2359","target":"2409"},{"source":"2359","target":"2410"},{"source":"2359","target":"2414"},{"source":"2359","target":"2418"},{"source":"2359","target":"2423"},{"source":"2359","target":"2428"},{"source":"2359","target":"2430"},{"source":"2359","target":"2433"},{"source":"2359","target":"2446"},{"source":"2359","target":"2460"},{"source":"2359","target":"2462"},{"source":"2359","target":"2464"},{"source":"2359","target":"2467"},{"source":"2359","target":"2469"},{"source":"2359","target":"2477"},{"source":"2359","target":"2482"},{"source":"2359","target":"2484"},{"source":"2359","target":"2485"},{"source":"2359","target":"2489"},{"source":"2359","target":"2492"},{"source":"2359","target":"2500"},{"source":"2359","target":"2504"},{"source":"2359","target":"2506"},{"source":"2359","target":"2507"},{"source":"2359","target":"2520"},{"source":"2359","target":"2526"},{"source":"2359","target":"2539"},{"source":"2359","target":"2542"},{"source":"2359","target":"2546"},{"source":"2359","target":"2549"},{"source":"2359","target":"2553"},{"source":"2359","target":"2554"},{"source":"2359","target":"2559"},{"source":"2359","target":"2560"},{"source":"2359","target":"2564"},{"source":"2359","target":"2574"},{"source":"2359","target":"2578"},{"source":"2359","target":"2586"},{"source":"2359","target":"2590"},{"source":"2359","target":"2591"},{"source":"2359","target":"2593"},{"source":"2359","target":"2600"},{"source":"2359","target":"2601"},{"source":"2359","target":"2604"},{"source":"2359","target":"2611"},{"source":"2359","target":"2615"},{"source":"2359","target":"2619"},{"source":"2359","target":"2624"},{"source":"2359","target":"2625"},{"source":"2359","target":"2638"},{"source":"2359","target":"2646"},{"source":"2359","target":"2654"},{"source":"2359","target":"2655"},{"source":"2360","target":"2488"},{"source":"2361","target":"2371"},{"source":"2361","target":"2373"},{"source":"2361","target":"2397"},{"source":"2361","target":"2402"},{"source":"2361","target":"2440"},{"source":"2361","target":"2448"},{"source":"2361","target":"2455"},{"source":"2361","target":"2488"},{"source":"2361","target":"2503"},{"source":"2361","target":"2523"},{"source":"2361","target":"2540"},{"source":"2361","target":"2618"},{"source":"2361","target":"2628"},{"source":"2361","target":"2644"},{"source":"2362","target":"2416"},{"source":"2362","target":"2419"},{"source":"2362","target":"2425"},{"source":"2362","target":"2480"},{"source":"2362","target":"2525"},{"source":"2362","target":"2610"},{"source":"2362","target":"2637"},{"source":"2362","target":"2642"},{"source":"2363","target":"2369"},{"source":"2363","target":"2370"},{"source":"2363","target":"2374"},{"source":"2363","target":"2376"},{"source":"2363","target":"2381"},{"source":"2363","target":"2386"},{"source":"2363","target":"2392"},{"source":"2363","target":"2395"},{"source":"2363","target":"2404"},{"source":"2363","target":"2407"},{"source":"2363","target":"2408"},{"source":"2363","target":"2409"},{"source":"2363","target":"2410"},{"source":"2363","target":"2414"},{"source":"2363","target":"2418"},{"source":"2363","target":"2423"},{"source":"2363","target":"2428"},{"source":"2363","target":"2430"},{"source":"2363","target":"2433"},{"source":"2363","target":"2446"},{"source":"2363","target":"2460"},{"source":"2363","target":"2464"},{"source":"2363","target":"2467"},{"source":"2363","target":"2469"},{"source":"2363","target":"2477"},{"source":"2363","target":"2482"},{"source":"2363","target":"2484"},{"source":"2363","target":"2485"},{"source":"2363","target":"2489"},{"source":"2363","target":"2492"},{"source":"2363","target":"2495"},{"source":"2363","target":"2500"},{"source":"2363","target":"2504"},{"source":"2363","target":"2507"},{"source":"2363","target":"2520"},{"source":"2363","target":"2521"},{"source":"2363","target":"2539"},{"source":"2363","target":"2542"},{"source":"2363","target":"2543"},{"source":"2363","target":"2546"},{"source":"2363","target":"2549"},{"source":"2363","target":"2550"},{"source":"2363","target":"2552"},{"source":"2363","target":"2553"},{"source":"2363","target":"2559"},{"source":"2363","target":"2560"},{"source":"2363","target":"2561"},{"source":"2363","target":"2564"},{"source":"2363","target":"2573"},{"source":"2363","target":"2575"},{"source":"2363","target":"2578"},{"source":"2363","target":"2586"},{"source":"2363","target":"2590"},{"source":"2363","target":"2593"},{"source":"2363","target":"2600"},{"source":"2363","target":"2601"},{"source":"2363","target":"2602"},{"source":"2363","target":"2604"},{"source":"2363","target":"2611"},{"source":"2363","target":"2615"},{"source":"2363","target":"2619"},{"source":"2363","target":"2624"},{"source":"2363","target":"2625"},{"source":"2363","target":"2630"},{"source":"2363","target":"2638"},{"source":"2363","target":"2646"},{"source":"2363","target":"2654"},{"source":"2363","target":"2655"},{"source":"2364","target":"2365"},{"source":"2364","target":"2378"},{"source":"2364","target":"2435"},{"source":"2364","target":"2447"},{"source":"2364","target":"2459"},{"source":"2364","target":"2494"},{"source":"2364","target":"2538"},{"source":"2364","target":"2583"},{"source":"2364","target":"2585"},{"source":"2364","target":"2620"},{"source":"2364","target":"2627"},{"source":"2364","target":"2633"},{"source":"2364","target":"2636"},{"source":"2364","target":"2639"},{"source":"2364","target":"2640"},{"source":"2364","target":"2645"},{"source":"2364","target":"2647"},{"source":"2364","target":"2648"},{"source":"2364","target":"2657"},{"source":"2364","target":"2659"},{"source":"2364","target":"2660"},{"source":"2365","target":"2378"},{"source":"2365","target":"2447"},{"source":"2365","target":"2538"},{"source":"2365","target":"2583"},{"source":"2365","target":"2620"},{"source":"2365","target":"2627"},{"source":"2365","target":"2633"},{"source":"2365","target":"2636"},{"source":"2365","target":"2639"},{"source":"2365","target":"2640"},{"source":"2365","target":"2645"},{"source":"2365","target":"2647"},{"source":"2365","target":"2657"},{"source":"2365","target":"2659"},{"source":"2366","target":"2367"},{"source":"2366","target":"2379"},{"source":"2366","target":"2406"},{"source":"2366","target":"2566"},{"source":"2366","target":"2592"},{"source":"2366","target":"2608"},{"source":"2366","target":"2612"},{"source":"2366","target":"2642"},{"source":"2367","target":"2379"},{"source":"2367","target":"2394"},{"source":"2367","target":"2406"},{"source":"2367","target":"2461"},{"source":"2367","target":"2510"},{"source":"2367","target":"2537"},{"source":"2367","target":"2566"},{"source":"2367","target":"2571"},{"source":"2367","target":"2581"},{"source":"2367","target":"2594"},{"source":"2367","target":"2597"},{"source":"2367","target":"2598"},{"source":"2367","target":"2608"},{"source":"2367","target":"2612"},{"source":"2367","target":"2617"},{"source":"2367","target":"2635"},{"source":"2368","target":"2377"},{"source":"2368","target":"2399"},{"source":"2368","target":"2434"},{"source":"2368","target":"2458"},{"source":"2368","target":"2461"},{"source":"2368","target":"2463"},{"source":"2368","target":"2471"},{"source":"2368","target":"2498"},{"source":"2368","target":"2501"},{"source":"2368","target":"2509"},{"source":"2368","target":"2519"},{"source":"2368","target":"2533"},{"source":"2368","target":"2555"},{"source":"2368","target":"2582"},{"source":"2368","target":"2594"},{"source":"2368","target":"2597"},{"source":"2368","target":"2598"},{"source":"2368","target":"2608"},{"source":"2368","target":"2616"},{"source":"2368","target":"2642"},{"source":"2368","target":"2649"},{"source":"2369","target":"2370"},{"source":"2369","target":"2374"},{"source":"2369","target":"2376"},{"source":"2369","target":"2381"},{"source":"2369","target":"2386"},{"source":"2369","target":"2392"},{"source":"2369","target":"2395"},{"source":"2369","target":"2404"},{"source":"2369","target":"2407"},{"source":"2369","target":"2408"},{"source":"2369","target":"2409"},{"source":"2369","target":"2410"},{"source":"2369","target":"2414"},{"source":"2369","target":"2423"},{"source":"2369","target":"2428"},{"source":"2369","target":"2430"},{"source":"2369","target":"2433"},{"source":"2369","target":"2446"},{"source":"2369","target":"2460"},{"source":"2369","target":"2462"},{"source":"2369","target":"2464"},{"source":"2369","target":"2468"},{"source":"2369","target":"2469"},{"source":"2369","target":"2477"},{"source":"2369","target":"2482"},{"source":"2369","target":"2485"},{"source":"2369","target":"2489"},{"source":"2369","target":"2492"},{"source":"2369","target":"2495"},{"source":"2369","target":"2499"},{"source":"2369","target":"2500"},{"source":"2369","target":"2504"},{"source":"2369","target":"2506"},{"source":"2369","target":"2507"},{"source":"2369","target":"2520"},{"source":"2369","target":"2521"},{"source":"2369","target":"2526"},{"source":"2369","target":"2532"},{"source":"2369","target":"2536"},{"source":"2369","target":"2539"},{"source":"2369","target":"2542"},{"source":"2369","target":"2543"},{"source":"2369","target":"2546"},{"source":"2369","target":"2549"},{"source":"2369","target":"2550"},{"source":"2369","target":"2552"},{"source":"2369","target":"2553"},{"source":"2369","target":"2554"},{"source":"2369","target":"2556"},{"source":"2369","target":"2559"},{"source":"2369","target":"2560"},{"source":"2369","target":"2561"},{"source":"2369","target":"2563"},{"source":"2369","target":"2564"},{"source":"2369","target":"2573"},{"source":"2369","target":"2574"},{"source":"2369","target":"2575"},{"source":"2369","target":"2576"},{"source":"2369","target":"2578"},{"source":"2369","target":"2579"},{"source":"2369","target":"2586"},{"source":"2369","target":"2590"},{"source":"2369","target":"2591"},{"source":"2369","target":"2593"},{"source":"2369","target":"2600"},{"source":"2369","target":"2601"},{"source":"2369","target":"2602"},{"source":"2369","target":"2604"},{"source":"2369","target":"2606"},{"source":"2369","target":"2607"},{"source":"2369","target":"2611"},{"source":"2369","target":"2615"},{"source":"2369","target":"2619"},{"source":"2369","target":"2623"},{"source":"2369","target":"2624"},{"source":"2369","target":"2625"},{"source":"2369","target":"2630"},{"source":"2369","target":"2631"},{"source":"2369","target":"2638"},{"source":"2369","target":"2646"},{"source":"2369","target":"2654"},{"source":"2369","target":"2655"},{"source":"2370","target":"2374"},{"source":"2370","target":"2376"},{"source":"2370","target":"2381"},{"source":"2370","target":"2386"},{"source":"2370","target":"2395"},{"source":"2370","target":"2404"},{"source":"2370","target":"2407"},{"source":"2370","target":"2408"},{"source":"2370","target":"2409"},{"source":"2370","target":"2410"},{"source":"2370","target":"2414"},{"source":"2370","target":"2418"},{"source":"2370","target":"2423"},{"source":"2370","target":"2428"},{"source":"2370","target":"2429"},{"source":"2370","target":"2430"},{"source":"2370","target":"2446"},{"source":"2370","target":"2460"},{"source":"2370","target":"2464"},{"source":"2370","target":"2467"},{"source":"2370","target":"2482"},{"source":"2370","target":"2484"},{"source":"2370","target":"2489"},{"source":"2370","target":"2492"},{"source":"2370","target":"2495"},{"source":"2370","target":"2504"},{"source":"2370","target":"2507"},{"source":"2370","target":"2520"},{"source":"2370","target":"2526"},{"source":"2370","target":"2539"},{"source":"2370","target":"2542"},{"source":"2370","target":"2543"},{"source":"2370","target":"2546"},{"source":"2370","target":"2549"},{"source":"2370","target":"2550"},{"source":"2370","target":"2551"},{"source":"2370","target":"2553"},{"source":"2370","target":"2556"},{"source":"2370","target":"2559"},{"source":"2370","target":"2560"},{"source":"2370","target":"2564"},{"source":"2370","target":"2575"},{"source":"2370","target":"2578"},{"source":"2370","target":"2586"},{"source":"2370","target":"2590"},{"source":"2370","target":"2593"},{"source":"2370","target":"2600"},{"source":"2370","target":"2601"},{"source":"2370","target":"2602"},{"source":"2370","target":"2604"},{"source":"2370","target":"2607"},{"source":"2370","target":"2611"},{"source":"2370","target":"2615"},{"source":"2370","target":"2625"},{"source":"2370","target":"2630"},{"source":"2370","target":"2638"},{"source":"2370","target":"2646"},{"source":"2370","target":"2654"},{"source":"2370","target":"2655"},{"source":"2371","target":"2402"},{"source":"2371","target":"2440"},{"source":"2371","target":"2448"},{"source":"2371","target":"2488"},{"source":"2371","target":"2540"},{"source":"2371","target":"2618"},{"source":"2371","target":"2628"},{"source":"2372","target":"2384"},{"source":"2372","target":"2385"},{"source":"2372","target":"2398"},{"source":"2372","target":"2417"},{"source":"2372","target":"2434"},{"source":"2372","target":"2445"},{"source":"2372","target":"2461"},{"source":"2372","target":"2463"},{"source":"2372","target":"2471"},{"source":"2372","target":"2491"},{"source":"2372","target":"2508"},{"source":"2372","target":"2509"},{"source":"2372","target":"2510"},{"source":"2372","target":"2511"},{"source":"2372","target":"2537"},{"source":"2372","target":"2543"},{"source":"2372","target":"2547"},{"source":"2372","target":"2555"},{"source":"2372","target":"2567"},{"source":"2372","target":"2572"},{"source":"2372","target":"2582"},{"source":"2372","target":"2589"},{"source":"2372","target":"2594"},{"source":"2372","target":"2597"},{"source":"2372","target":"2598"},{"source":"2372","target":"2608"},{"source":"2372","target":"2616"},{"source":"2372","target":"2629"},{"source":"2372","target":"2643"},{"source":"2373","target":"2411"},{"source":"2373","target":"2412"},{"source":"2373","target":"2656"},{"source":"2374","target":"2376"},{"source":"2374","target":"2381"},{"source":"2374","target":"2386"},{"source":"2374","target":"2392"},{"source":"2374","target":"2395"},{"source":"2374","target":"2404"},{"source":"2374","target":"2409"},{"source":"2374","target":"2410"},{"source":"2374","target":"2414"},{"source":"2374","target":"2423"},{"source":"2374","target":"2428"},{"source":"2374","target":"2430"},{"source":"2374","target":"2433"},{"source":"2374","target":"2446"},{"source":"2374","target":"2460"},{"source":"2374","target":"2464"},{"source":"2374","target":"2467"},{"source":"2374","target":"2468"},{"source":"2374","target":"2477"},{"source":"2374","target":"2482"},{"source":"2374","target":"2484"},{"source":"2374","target":"2485"},{"source":"2374","target":"2492"},{"source":"2374","target":"2495"},{"source":"2374","target":"2499"},{"source":"2374","target":"2500"},{"source":"2374","target":"2504"},{"source":"2374","target":"2506"},{"source":"2374","target":"2507"},{"source":"2374","target":"2520"},{"source":"2374","target":"2521"},{"source":"2374","target":"2526"},{"source":"2374","target":"2532"},{"source":"2374","target":"2542"},{"source":"2374","target":"2543"},{"source":"2374","target":"2546"},{"source":"2374","target":"2549"},{"source":"2374","target":"2550"},{"source":"2374","target":"2551"},{"source":"2374","target":"2553"},{"source":"2374","target":"2554"},{"source":"2374","target":"2556"},{"source":"2374","target":"2560"},{"source":"2374","target":"2561"},{"source":"2374","target":"2563"},{"source":"2374","target":"2564"},{"source":"2374","target":"2578"},{"source":"2374","target":"2579"},{"source":"2374","target":"2586"},{"source":"2374","target":"2590"},{"source":"2374","target":"2591"},{"source":"2374","target":"2593"},{"source":"2374","target":"2600"},{"source":"2374","target":"2601"},{"source":"2374","target":"2602"},{"source":"2374","target":"2604"},{"source":"2374","target":"2606"},{"source":"2374","target":"2607"},{"source":"2374","target":"2611"},{"source":"2374","target":"2615"},{"source":"2374","target":"2619"},{"source":"2374","target":"2623"},{"source":"2374","target":"2624"},{"source":"2374","target":"2625"},{"source":"2374","target":"2630"},{"source":"2374","target":"2631"},{"source":"2374","target":"2638"},{"source":"2374","target":"2654"},{"source":"2374","target":"2655"},{"source":"2375","target":"2439"},{"source":"2375","target":"2548"},{"source":"2375","target":"2558"},{"source":"2376","target":"2381"},{"source":"2376","target":"2391"},{"source":"2376","target":"2392"},{"source":"2376","target":"2395"},{"source":"2376","target":"2404"},{"source":"2376","target":"2408"},{"source":"2376","target":"2409"},{"source":"2376","target":"2410"},{"source":"2376","target":"2414"},{"source":"2376","target":"2418"},{"source":"2376","target":"2423"},{"source":"2376","target":"2428"},{"source":"2376","target":"2430"},{"source":"2376","target":"2433"},{"source":"2376","target":"2446"},{"source":"2376","target":"2460"},{"source":"2376","target":"2462"},{"source":"2376","target":"2464"},{"source":"2376","target":"2468"},{"source":"2376","target":"2469"},{"source":"2376","target":"2477"},{"source":"2376","target":"2482"},{"source":"2376","target":"2484"},{"source":"2376","target":"2485"},{"source":"2376","target":"2492"},{"source":"2376","target":"2500"},{"source":"2376","target":"2504"},{"source":"2376","target":"2506"},{"source":"2376","target":"2507"},{"source":"2376","target":"2520"},{"source":"2376","target":"2521"},{"source":"2376","target":"2526"},{"source":"2376","target":"2532"},{"source":"2376","target":"2536"},{"source":"2376","target":"2539"},{"source":"2376","target":"2542"},{"source":"2376","target":"2546"},{"source":"2376","target":"2549"},{"source":"2376","target":"2550"},{"source":"2376","target":"2551"},{"source":"2376","target":"2552"},{"source":"2376","target":"2553"},{"source":"2376","target":"2556"},{"source":"2376","target":"2559"},{"source":"2376","target":"2560"},{"source":"2376","target":"2561"},{"source":"2376","target":"2563"},{"source":"2376","target":"2564"},{"source":"2376","target":"2573"},{"source":"2376","target":"2575"},{"source":"2376","target":"2576"},{"source":"2376","target":"2578"},{"source":"2376","target":"2579"},{"source":"2376","target":"2586"},{"source":"2376","target":"2590"},{"source":"2376","target":"2591"},{"source":"2376","target":"2593"},{"source":"2376","target":"2600"},{"source":"2376","target":"2601"},{"source":"2376","target":"2602"},{"source":"2376","target":"2604"},{"source":"2376","target":"2606"},{"source":"2376","target":"2607"},{"source":"2376","target":"2611"},{"source":"2376","target":"2619"},{"source":"2376","target":"2624"},{"source":"2376","target":"2625"},{"source":"2376","target":"2630"},{"source":"2376","target":"2646"},{"source":"2376","target":"2655"},{"source":"2377","target":"2384"},{"source":"2377","target":"2390"},{"source":"2377","target":"2394"},{"source":"2377","target":"2396"},{"source":"2377","target":"2399"},{"source":"2377","target":"2415"},{"source":"2377","target":"2419"},{"source":"2377","target":"2434"},{"source":"2377","target":"2436"},{"source":"2377","target":"2438"},{"source":"2377","target":"2451"},{"source":"2377","target":"2461"},{"source":"2377","target":"2463"},{"source":"2377","target":"2471"},{"source":"2377","target":"2475"},{"source":"2377","target":"2479"},{"source":"2377","target":"2498"},{"source":"2377","target":"2509"},{"source":"2377","target":"2510"},{"source":"2377","target":"2511"},{"source":"2377","target":"2512"},{"source":"2377","target":"2516"},{"source":"2377","target":"2518"},{"source":"2377","target":"2519"},{"source":"2377","target":"2537"},{"source":"2377","target":"2555"},{"source":"2377","target":"2567"},{"source":"2377","target":"2582"},{"source":"2377","target":"2588"},{"source":"2377","target":"2598"},{"source":"2377","target":"2617"},{"source":"2377","target":"2629"},{"source":"2377","target":"2649"},{"source":"2377","target":"2652"},{"source":"2378","target":"2417"},{"source":"2378","target":"2447"},{"source":"2378","target":"2459"},{"source":"2378","target":"2494"},{"source":"2378","target":"2538"},{"source":"2378","target":"2583"},{"source":"2378","target":"2633"},{"source":"2378","target":"2636"},{"source":"2378","target":"2639"},{"source":"2378","target":"2640"},{"source":"2378","target":"2645"},{"source":"2378","target":"2647"},{"source":"2378","target":"2648"},{"source":"2379","target":"2508"},{"source":"2379","target":"2566"},{"source":"2379","target":"2571"},{"source":"2379","target":"2581"},{"source":"2379","target":"2594"},{"source":"2379","target":"2598"},{"source":"2379","target":"2608"},{"source":"2379","target":"2612"},{"source":"2379","target":"2617"},{"source":"2379","target":"2635"},{"source":"2380","target":"2448"},{"source":"2381","target":"2386"},{"source":"2381","target":"2391"},{"source":"2381","target":"2395"},{"source":"2381","target":"2407"},{"source":"2381","target":"2408"},{"source":"2381","target":"2409"},{"source":"2381","target":"2410"},{"source":"2381","target":"2414"},{"source":"2381","target":"2418"},{"source":"2381","target":"2423"},{"source":"2381","target":"2428"},{"source":"2381","target":"2429"},{"source":"2381","target":"2430"},{"source":"2381","target":"2433"},{"source":"2381","target":"2446"},{"source":"2381","target":"2460"},{"source":"2381","target":"2462"},{"source":"2381","target":"2464"},{"source":"2381","target":"2467"},{"source":"2381","target":"2469"},{"source":"2381","target":"2482"},{"source":"2381","target":"2484"},{"source":"2381","target":"2485"},{"source":"2381","target":"2489"},{"source":"2381","target":"2492"},{"source":"2381","target":"2495"},{"source":"2381","target":"2500"},{"source":"2381","target":"2504"},{"source":"2381","target":"2507"},{"source":"2381","target":"2520"},{"source":"2381","target":"2521"},{"source":"2381","target":"2526"},{"source":"2381","target":"2532"},{"source":"2381","target":"2539"},{"source":"2381","target":"2542"},{"source":"2381","target":"2543"},{"source":"2381","target":"2546"},{"source":"2381","target":"2549"},{"source":"2381","target":"2550"},{"source":"2381","target":"2551"},{"source":"2381","target":"2552"},{"source":"2381","target":"2554"},{"source":"2381","target":"2556"},{"source":"2381","target":"2559"},{"source":"2381","target":"2560"},{"source":"2381","target":"2561"},{"source":"2381","target":"2563"},{"source":"2381","target":"2564"},{"source":"2381","target":"2573"},{"source":"2381","target":"2574"},{"source":"2381","target":"2578"},{"source":"2381","target":"2586"},{"source":"2381","target":"2590"},{"source":"2381","target":"2591"},{"source":"2381","target":"2593"},{"source":"2381","target":"2600"},{"source":"2381","target":"2602"},{"source":"2381","target":"2604"},{"source":"2381","target":"2607"},{"source":"2381","target":"2611"},{"source":"2381","target":"2615"},{"source":"2381","target":"2619"},{"source":"2381","target":"2623"},{"source":"2381","target":"2624"},{"source":"2381","target":"2625"},{"source":"2381","target":"2630"},{"source":"2381","target":"2638"},{"source":"2381","target":"2646"},{"source":"2381","target":"2654"},{"source":"2381","target":"2655"},{"source":"2382","target":"2456"},{"source":"2383","target":"2391"},{"source":"2383","target":"2428"},{"source":"2383","target":"2429"},{"source":"2383","target":"2478"},{"source":"2383","target":"2482"},{"source":"2383","target":"2504"},{"source":"2383","target":"2507"},{"source":"2383","target":"2546"},{"source":"2383","target":"2564"},{"source":"2383","target":"2646"},{"source":"2384","target":"2385"},{"source":"2384","target":"2389"},{"source":"2384","target":"2390"},{"source":"2384","target":"2394"},{"source":"2384","target":"2396"},{"source":"2384","target":"2398"},{"source":"2384","target":"2399"},{"source":"2384","target":"2400"},{"source":"2384","target":"2413"},{"source":"2384","target":"2415"},{"source":"2384","target":"2417"},{"source":"2384","target":"2420"},{"source":"2384","target":"2434"},{"source":"2384","target":"2436"},{"source":"2384","target":"2438"},{"source":"2384","target":"2445"},{"source":"2384","target":"2451"},{"source":"2384","target":"2458"},{"source":"2384","target":"2461"},{"source":"2384","target":"2463"},{"source":"2384","target":"2465"},{"source":"2384","target":"2471"},{"source":"2384","target":"2472"},{"source":"2384","target":"2473"},{"source":"2384","target":"2479"},{"source":"2384","target":"2491"},{"source":"2384","target":"2498"},{"source":"2384","target":"2501"},{"source":"2384","target":"2502"},{"source":"2384","target":"2508"},{"source":"2384","target":"2509"},{"source":"2384","target":"2510"},{"source":"2384","target":"2511"},{"source":"2384","target":"2512"},{"source":"2384","target":"2516"},{"source":"2384","target":"2529"},{"source":"2384","target":"2530"},{"source":"2384","target":"2531"},{"source":"2384","target":"2533"},{"source":"2384","target":"2537"},{"source":"2384","target":"2543"},{"source":"2384","target":"2544"},{"source":"2384","target":"2551"},{"source":"2384","target":"2555"},{"source":"2384","target":"2567"},{"source":"2384","target":"2582"},{"source":"2384","target":"2588"},{"source":"2384","target":"2589"},{"source":"2384","target":"2592"},{"source":"2384","target":"2597"},{"source":"2384","target":"2598"},{"source":"2384","target":"2603"},{"source":"2384","target":"2608"},{"source":"2384","target":"2609"},{"source":"2384","target":"2616"},{"source":"2384","target":"2617"},{"source":"2384","target":"2629"},{"source":"2384","target":"2642"},{"source":"2384","target":"2643"},{"source":"2384","target":"2649"},{"source":"2384","target":"2652"},{"source":"2384","target":"2653"},{"source":"2385","target":"2398"},{"source":"2385","target":"2420"},{"source":"2385","target":"2445"},{"source":"2385","target":"2530"},{"source":"2385","target":"2543"},{"source":"2385","target":"2572"},{"source":"2385","target":"2592"},{"source":"2385","target":"2608"},{"source":"2385","target":"2629"},{"source":"2386","target":"2395"},{"source":"2386","target":"2404"},{"source":"2386","target":"2408"},{"source":"2386","target":"2409"},{"source":"2386","target":"2410"},{"source":"2386","target":"2414"},{"source":"2386","target":"2418"},{"source":"2386","target":"2423"},{"source":"2386","target":"2428"},{"source":"2386","target":"2430"},{"source":"2386","target":"2464"},{"source":"2386","target":"2467"},{"source":"2386","target":"2477"},{"source":"2386","target":"2482"},{"source":"2386","target":"2484"},{"source":"2386","target":"2485"},{"source":"2386","target":"2492"},{"source":"2386","target":"2495"},{"source":"2386","target":"2500"},{"source":"2386","target":"2504"},{"source":"2386","target":"2507"},{"source":"2386","target":"2521"},{"source":"2386","target":"2526"},{"source":"2386","target":"2542"},{"source":"2386","target":"2543"},{"source":"2386","target":"2546"},{"source":"2386","target":"2549"},{"source":"2386","target":"2550"},{"source":"2386","target":"2551"},{"source":"2386","target":"2552"},{"source":"2386","target":"2553"},{"source":"2386","target":"2556"},{"source":"2386","target":"2559"},{"source":"2386","target":"2560"},{"source":"2386","target":"2561"},{"source":"2386","target":"2563"},{"source":"2386","target":"2575"},{"source":"2386","target":"2586"},{"source":"2386","target":"2590"},{"source":"2386","target":"2593"},{"source":"2386","target":"2600"},{"source":"2386","target":"2601"},{"source":"2386","target":"2602"},{"source":"2386","target":"2604"},{"source":"2386","target":"2607"},{"source":"2386","target":"2611"},{"source":"2386","target":"2615"},{"source":"2386","target":"2624"},{"source":"2386","target":"2625"},{"source":"2386","target":"2630"},{"source":"2386","target":"2631"},{"source":"2386","target":"2638"},{"source":"2386","target":"2654"},{"source":"2386","target":"2655"},{"source":"2387","target":"2391"},{"source":"2387","target":"2393"},{"source":"2387","target":"2404"},{"source":"2387","target":"2410"},{"source":"2387","target":"2427"},{"source":"2387","target":"2429"},{"source":"2387","target":"2443"},{"source":"2387","target":"2449"},{"source":"2387","target":"2454"},{"source":"2387","target":"2460"},{"source":"2387","target":"2478"},{"source":"2387","target":"2520"},{"source":"2387","target":"2526"},{"source":"2387","target":"2532"},{"source":"2387","target":"2542"},{"source":"2387","target":"2584"},{"source":"2387","target":"2602"},{"source":"2387","target":"2611"},{"source":"2387","target":"2619"},{"source":"2389","target":"2400"},{"source":"2389","target":"2413"},{"source":"2389","target":"2459"},{"source":"2389","target":"2512"},{"source":"2389","target":"2529"},{"source":"2389","target":"2531"},{"source":"2389","target":"2610"},{"source":"2389","target":"2616"},{"source":"2389","target":"2626"},{"source":"2390","target":"2394"},{"source":"2390","target":"2396"},{"source":"2390","target":"2415"},{"source":"2390","target":"2434"},{"source":"2390","target":"2438"},{"source":"2390","target":"2451"},{"source":"2390","target":"2468"},{"source":"2390","target":"2479"},{"source":"2390","target":"2501"},{"source":"2390","target":"2509"},{"source":"2390","target":"2511"},{"source":"2390","target":"2537"},{"source":"2390","target":"2603"},{"source":"2390","target":"2617"},{"source":"2390","target":"2652"},{"source":"2391","target":"2393"},{"source":"2391","target":"2395"},{"source":"2391","target":"2404"},{"source":"2391","target":"2428"},{"source":"2391","target":"2478"},{"source":"2391","target":"2495"},{"source":"2391","target":"2536"},{"source":"2391","target":"2542"},{"source":"2391","target":"2545"},{"source":"2391","target":"2552"},{"source":"2391","target":"2553"},{"source":"2391","target":"2556"},{"source":"2391","target":"2576"},{"source":"2391","target":"2584"},{"source":"2391","target":"2600"},{"source":"2391","target":"2607"},{"source":"2391","target":"2611"},{"source":"2391","target":"2623"},{"source":"2391","target":"2625"},{"source":"2392","target":"2395"},{"source":"2392","target":"2404"},{"source":"2392","target":"2408"},{"source":"2392","target":"2410"},{"source":"2392","target":"2418"},{"source":"2392","target":"2428"},{"source":"2392","target":"2430"},{"source":"2392","target":"2446"},{"source":"2392","target":"2460"},{"source":"2392","target":"2464"},{"source":"2392","target":"2468"},{"source":"2392","target":"2476"},{"source":"2392","target":"2478"},{"source":"2392","target":"2482"},{"source":"2392","target":"2492"},{"source":"2392","target":"2495"},{"source":"2392","target":"2500"},{"source":"2392","target":"2507"},{"source":"2392","target":"2509"},{"source":"2392","target":"2520"},{"source":"2392","target":"2526"},{"source":"2392","target":"2542"},{"source":"2392","target":"2543"},{"source":"2392","target":"2549"},{"source":"2392","target":"2551"},{"source":"2392","target":"2553"},{"source":"2392","target":"2556"},{"source":"2392","target":"2560"},{"source":"2392","target":"2564"},{"source":"2392","target":"2574"},{"source":"2392","target":"2575"},{"source":"2392","target":"2590"},{"source":"2392","target":"2592"},{"source":"2392","target":"2593"},{"source":"2392","target":"2600"},{"source":"2392","target":"2601"},{"source":"2392","target":"2602"},{"source":"2392","target":"2607"},{"source":"2392","target":"2611"},{"source":"2392","target":"2619"},{"source":"2392","target":"2646"},{"source":"2393","target":"2404"},{"source":"2393","target":"2449"},{"source":"2393","target":"2478"},{"source":"2393","target":"2499"},{"source":"2393","target":"2526"},{"source":"2393","target":"2542"},{"source":"2393","target":"2584"},{"source":"2394","target":"2396"},{"source":"2394","target":"2417"},{"source":"2394","target":"2432"},{"source":"2394","target":"2434"},{"source":"2394","target":"2438"},{"source":"2394","target":"2445"},{"source":"2394","target":"2451"},{"source":"2394","target":"2458"},{"source":"2394","target":"2461"},{"source":"2394","target":"2471"},{"source":"2394","target":"2473"},{"source":"2394","target":"2479"},{"source":"2394","target":"2491"},{"source":"2394","target":"2501"},{"source":"2394","target":"2508"},{"source":"2394","target":"2509"},{"source":"2394","target":"2510"},{"source":"2394","target":"2511"},{"source":"2394","target":"2537"},{"source":"2394","target":"2543"},{"source":"2394","target":"2547"},{"source":"2394","target":"2571"},{"source":"2394","target":"2589"},{"source":"2394","target":"2592"},{"source":"2394","target":"2594"},{"source":"2394","target":"2597"},{"source":"2394","target":"2598"},{"source":"2394","target":"2603"},{"source":"2394","target":"2608"},{"source":"2394","target":"2617"},{"source":"2394","target":"2649"},{"source":"2394","target":"2652"},{"source":"2395","target":"2404"},{"source":"2395","target":"2407"},{"source":"2395","target":"2408"},{"source":"2395","target":"2410"},{"source":"2395","target":"2414"},{"source":"2395","target":"2423"},{"source":"2395","target":"2428"},{"source":"2395","target":"2430"},{"source":"2395","target":"2433"},{"source":"2395","target":"2446"},{"source":"2395","target":"2460"},{"source":"2395","target":"2462"},{"source":"2395","target":"2464"},{"source":"2395","target":"2467"},{"source":"2395","target":"2468"},{"source":"2395","target":"2477"},{"source":"2395","target":"2482"},{"source":"2395","target":"2485"},{"source":"2395","target":"2492"},{"source":"2395","target":"2495"},{"source":"2395","target":"2499"},{"source":"2395","target":"2500"},{"source":"2395","target":"2504"},{"source":"2395","target":"2506"},{"source":"2395","target":"2507"},{"source":"2395","target":"2520"},{"source":"2395","target":"2521"},{"source":"2395","target":"2526"},{"source":"2395","target":"2532"},{"source":"2395","target":"2539"},{"source":"2395","target":"2542"},{"source":"2395","target":"2543"},{"source":"2395","target":"2549"},{"source":"2395","target":"2550"},{"source":"2395","target":"2551"},{"source":"2395","target":"2553"},{"source":"2395","target":"2556"},{"source":"2395","target":"2559"},{"source":"2395","target":"2560"},{"source":"2395","target":"2561"},{"source":"2395","target":"2564"},{"source":"2395","target":"2573"},{"source":"2395","target":"2574"},{"source":"2395","target":"2578"},{"source":"2395","target":"2579"},{"source":"2395","target":"2586"},{"source":"2395","target":"2590"},{"source":"2395","target":"2593"},{"source":"2395","target":"2600"},{"source":"2395","target":"2601"},{"source":"2395","target":"2602"},{"source":"2395","target":"2604"},{"source":"2395","target":"2606"},{"source":"2395","target":"2607"},{"source":"2395","target":"2611"},{"source":"2395","target":"2615"},{"source":"2395","target":"2619"},{"source":"2395","target":"2623"},{"source":"2395","target":"2624"},{"source":"2395","target":"2625"},{"source":"2395","target":"2638"},{"source":"2395","target":"2654"},{"source":"2395","target":"2655"},{"source":"2396","target":"2415"},{"source":"2396","target":"2432"},{"source":"2396","target":"2434"},{"source":"2396","target":"2438"},{"source":"2396","target":"2451"},{"source":"2396","target":"2458"},{"source":"2396","target":"2459"},{"source":"2396","target":"2465"},{"source":"2396","target":"2473"},{"source":"2396","target":"2479"},{"source":"2396","target":"2491"},{"source":"2396","target":"2501"},{"source":"2396","target":"2509"},{"source":"2396","target":"2510"},{"source":"2396","target":"2511"},{"source":"2396","target":"2537"},{"source":"2396","target":"2592"},{"source":"2396","target":"2594"},{"source":"2396","target":"2603"},{"source":"2396","target":"2608"},{"source":"2396","target":"2617"},{"source":"2396","target":"2652"},{"source":"2397","target":"2403"},{"source":"2397","target":"2411"},{"source":"2397","target":"2448"},{"source":"2397","target":"2474"},{"source":"2397","target":"2488"},{"source":"2397","target":"2497"},{"source":"2397","target":"2523"},{"source":"2397","target":"2562"},{"source":"2397","target":"2570"},{"source":"2397","target":"2577"},{"source":"2397","target":"2628"},{"source":"2397","target":"2644"},{"source":"2398","target":"2399"},{"source":"2398","target":"2401"},{"source":"2398","target":"2419"},{"source":"2398","target":"2420"},{"source":"2398","target":"2436"},{"source":"2398","target":"2445"},{"source":"2398","target":"2451"},{"source":"2398","target":"2458"},{"source":"2398","target":"2461"},{"source":"2398","target":"2463"},{"source":"2398","target":"2468"},{"source":"2398","target":"2471"},{"source":"2398","target":"2490"},{"source":"2398","target":"2491"},{"source":"2398","target":"2496"},{"source":"2398","target":"2501"},{"source":"2398","target":"2508"},{"source":"2398","target":"2510"},{"source":"2398","target":"2511"},{"source":"2398","target":"2512"},{"source":"2398","target":"2518"},{"source":"2398","target":"2533"},{"source":"2398","target":"2542"},{"source":"2398","target":"2543"},{"source":"2398","target":"2547"},{"source":"2398","target":"2555"},{"source":"2398","target":"2567"},{"source":"2398","target":"2582"},{"source":"2398","target":"2589"},{"source":"2398","target":"2592"},{"source":"2398","target":"2594"},{"source":"2398","target":"2597"},{"source":"2398","target":"2598"},{"source":"2398","target":"2608"},{"source":"2398","target":"2616"},{"source":"2398","target":"2617"},{"source":"2398","target":"2629"},{"source":"2398","target":"2642"},{"source":"2398","target":"2649"},{"source":"2398","target":"2653"},{"source":"2399","target":"2419"},{"source":"2399","target":"2434"},{"source":"2399","target":"2438"},{"source":"2399","target":"2458"},{"source":"2399","target":"2461"},{"source":"2399","target":"2463"},{"source":"2399","target":"2466"},{"source":"2399","target":"2471"},{"source":"2399","target":"2475"},{"source":"2399","target":"2509"},{"source":"2399","target":"2511"},{"source":"2399","target":"2512"},{"source":"2399","target":"2516"},{"source":"2399","target":"2519"},{"source":"2399","target":"2544"},{"source":"2399","target":"2555"},{"source":"2399","target":"2582"},{"source":"2399","target":"2598"},{"source":"2399","target":"2603"},{"source":"2399","target":"2608"},{"source":"2399","target":"2616"},{"source":"2399","target":"2617"},{"source":"2399","target":"2637"},{"source":"2399","target":"2649"},{"source":"2400","target":"2413"},{"source":"2400","target":"2529"},{"source":"2400","target":"2531"},{"source":"2400","target":"2610"},{"source":"2400","target":"2616"},{"source":"2400","target":"2629"},{"source":"2401","target":"2426"},{"source":"2401","target":"2444"},{"source":"2401","target":"2466"},{"source":"2401","target":"2486"},{"source":"2401","target":"2513"},{"source":"2401","target":"2515"},{"source":"2401","target":"2594"},{"source":"2401","target":"2622"},{"source":"2401","target":"2650"},{"source":"2402","target":"2448"},{"source":"2402","target":"2488"},{"source":"2402","target":"2614"},{"source":"2403","target":"2405"},{"source":"2403","target":"2497"},{"source":"2403","target":"2503"},{"source":"2403","target":"2534"},{"source":"2403","target":"2618"},{"source":"2404","target":"2407"},{"source":"2404","target":"2409"},{"source":"2404","target":"2410"},{"source":"2404","target":"2414"},{"source":"2404","target":"2418"},{"source":"2404","target":"2423"},{"source":"2404","target":"2428"},{"source":"2404","target":"2433"},{"source":"2404","target":"2446"},{"source":"2404","target":"2460"},{"source":"2404","target":"2467"},{"source":"2404","target":"2468"},{"source":"2404","target":"2469"},{"source":"2404","target":"2477"},{"source":"2404","target":"2492"},{"source":"2404","target":"2495"},{"source":"2404","target":"2499"},{"source":"2404","target":"2500"},{"source":"2404","target":"2504"},{"source":"2404","target":"2506"},{"source":"2404","target":"2507"},{"source":"2404","target":"2520"},{"source":"2404","target":"2526"},{"source":"2404","target":"2539"},{"source":"2404","target":"2542"},{"source":"2404","target":"2549"},{"source":"2404","target":"2550"},{"source":"2404","target":"2552"},{"source":"2404","target":"2553"},{"source":"2404","target":"2554"},{"source":"2404","target":"2560"},{"source":"2404","target":"2563"},{"source":"2404","target":"2564"},{"source":"2404","target":"2573"},{"source":"2404","target":"2575"},{"source":"2404","target":"2576"},{"source":"2404","target":"2579"},{"source":"2404","target":"2586"},{"source":"2404","target":"2590"},{"source":"2404","target":"2593"},{"source":"2404","target":"2600"},{"source":"2404","target":"2601"},{"source":"2404","target":"2602"},{"source":"2404","target":"2604"},{"source":"2404","target":"2606"},{"source":"2404","target":"2607"},{"source":"2404","target":"2611"},{"source":"2404","target":"2615"},{"source":"2404","target":"2624"},{"source":"2404","target":"2625"},{"source":"2404","target":"2630"},{"source":"2404","target":"2631"},{"source":"2404","target":"2638"},{"source":"2404","target":"2654"},{"source":"2404","target":"2655"},{"source":"2405","target":"2412"},{"source":"2405","target":"2587"},{"source":"2405","target":"2659"},{"source":"2406","target":"2453"},{"source":"2406","target":"2473"},{"source":"2406","target":"2514"},{"source":"2406","target":"2566"},{"source":"2406","target":"2610"},{"source":"2406","target":"2612"},{"source":"2407","target":"2408"},{"source":"2407","target":"2409"},{"source":"2407","target":"2410"},{"source":"2407","target":"2414"},{"source":"2407","target":"2423"},{"source":"2407","target":"2428"},{"source":"2407","target":"2446"},{"source":"2407","target":"2464"},{"source":"2407","target":"2489"},{"source":"2407","target":"2500"},{"source":"2407","target":"2504"},{"source":"2407","target":"2507"},{"source":"2407","target":"2539"},{"source":"2407","target":"2542"},{"source":"2407","target":"2543"},{"source":"2407","target":"2551"},{"source":"2407","target":"2553"},{"source":"2407","target":"2556"},{"source":"2407","target":"2559"},{"source":"2407","target":"2564"},{"source":"2407","target":"2590"},{"source":"2407","target":"2593"},{"source":"2407","target":"2600"},{"source":"2407","target":"2602"},{"source":"2407","target":"2607"},{"source":"2407","target":"2613"},{"source":"2407","target":"2615"},{"source":"2407","target":"2625"},{"source":"2407","target":"2631"},{"source":"2407","target":"2646"},{"source":"2407","target":"2655"},{"source":"2408","target":"2409"},{"source":"2408","target":"2410"},{"source":"2408","target":"2414"},{"source":"2408","target":"2418"},{"source":"2408","target":"2423"},{"source":"2408","target":"2428"},{"source":"2408","target":"2430"},{"source":"2408","target":"2446"},{"source":"2408","target":"2462"},{"source":"2408","target":"2464"},{"source":"2408","target":"2468"},{"source":"2408","target":"2477"},{"source":"2408","target":"2482"},{"source":"2408","target":"2485"},{"source":"2408","target":"2489"},{"source":"2408","target":"2492"},{"source":"2408","target":"2500"},{"source":"2408","target":"2504"},{"source":"2408","target":"2507"},{"source":"2408","target":"2521"},{"source":"2408","target":"2539"},{"source":"2408","target":"2542"},{"source":"2408","target":"2543"},{"source":"2408","target":"2546"},{"source":"2408","target":"2549"},{"source":"2408","target":"2550"},{"source":"2408","target":"2551"},{"source":"2408","target":"2552"},{"source":"2408","target":"2553"},{"source":"2408","target":"2556"},{"source":"2408","target":"2560"},{"source":"2408","target":"2561"},{"source":"2408","target":"2564"},{"source":"2408","target":"2578"},{"source":"2408","target":"2579"},{"source":"2408","target":"2586"},{"source":"2408","target":"2590"},{"source":"2408","target":"2593"},{"source":"2408","target":"2600"},{"source":"2408","target":"2601"},{"source":"2408","target":"2602"},{"source":"2408","target":"2604"},{"source":"2408","target":"2607"},{"source":"2408","target":"2611"},{"source":"2408","target":"2615"},{"source":"2408","target":"2619"},{"source":"2408","target":"2623"},{"source":"2408","target":"2624"},{"source":"2408","target":"2625"},{"source":"2408","target":"2630"},{"source":"2408","target":"2638"},{"source":"2408","target":"2646"},{"source":"2408","target":"2654"},{"source":"2408","target":"2655"},{"source":"2409","target":"2410"},{"source":"2409","target":"2414"},{"source":"2409","target":"2418"},{"source":"2409","target":"2423"},{"source":"2409","target":"2428"},{"source":"2409","target":"2429"},{"source":"2409","target":"2430"},{"source":"2409","target":"2446"},{"source":"2409","target":"2460"},{"source":"2409","target":"2464"},{"source":"2409","target":"2467"},{"source":"2409","target":"2468"},{"source":"2409","target":"2469"},{"source":"2409","target":"2477"},{"source":"2409","target":"2478"},{"source":"2409","target":"2482"},{"source":"2409","target":"2485"},{"source":"2409","target":"2489"},{"source":"2409","target":"2492"},{"source":"2409","target":"2495"},{"source":"2409","target":"2500"},{"source":"2409","target":"2504"},{"source":"2409","target":"2507"},{"source":"2409","target":"2520"},{"source":"2409","target":"2521"},{"source":"2409","target":"2539"},{"source":"2409","target":"2542"},{"source":"2409","target":"2543"},{"source":"2409","target":"2546"},{"source":"2409","target":"2549"},{"source":"2409","target":"2550"},{"source":"2409","target":"2551"},{"source":"2409","target":"2552"},{"source":"2409","target":"2553"},{"source":"2409","target":"2559"},{"source":"2409","target":"2560"},{"source":"2409","target":"2561"},{"source":"2409","target":"2563"},{"source":"2409","target":"2564"},{"source":"2409","target":"2573"},{"source":"2409","target":"2578"},{"source":"2409","target":"2579"},{"source":"2409","target":"2586"},{"source":"2409","target":"2590"},{"source":"2409","target":"2591"},{"source":"2409","target":"2593"},{"source":"2409","target":"2600"},{"source":"2409","target":"2601"},{"source":"2409","target":"2602"},{"source":"2409","target":"2604"},{"source":"2409","target":"2607"},{"source":"2409","target":"2615"},{"source":"2409","target":"2623"},{"source":"2409","target":"2624"},{"source":"2409","target":"2625"},{"source":"2409","target":"2630"},{"source":"2409","target":"2638"},{"source":"2409","target":"2646"},{"source":"2409","target":"2654"},{"source":"2409","target":"2655"},{"source":"2410","target":"2414"},{"source":"2410","target":"2423"},{"source":"2410","target":"2428"},{"source":"2410","target":"2430"},{"source":"2410","target":"2433"},{"source":"2410","target":"2446"},{"source":"2410","target":"2449"},{"source":"2410","target":"2460"},{"source":"2410","target":"2462"},{"source":"2410","target":"2464"},{"source":"2410","target":"2467"},{"source":"2410","target":"2468"},{"source":"2410","target":"2469"},{"source":"2410","target":"2476"},{"source":"2410","target":"2477"},{"source":"2410","target":"2478"},{"source":"2410","target":"2482"},{"source":"2410","target":"2484"},{"source":"2410","target":"2485"},{"source":"2410","target":"2489"},{"source":"2410","target":"2492"},{"source":"2410","target":"2495"},{"source":"2410","target":"2499"},{"source":"2410","target":"2500"},{"source":"2410","target":"2507"},{"source":"2410","target":"2512"},{"source":"2410","target":"2520"},{"source":"2410","target":"2521"},{"source":"2410","target":"2526"},{"source":"2410","target":"2532"},{"source":"2410","target":"2536"},{"source":"2410","target":"2539"},{"source":"2410","target":"2542"},{"source":"2410","target":"2543"},{"source":"2410","target":"2549"},{"source":"2410","target":"2550"},{"source":"2410","target":"2551"},{"source":"2410","target":"2552"},{"source":"2410","target":"2553"},{"source":"2410","target":"2554"},{"source":"2410","target":"2556"},{"source":"2410","target":"2559"},{"source":"2410","target":"2560"},{"source":"2410","target":"2561"},{"source":"2410","target":"2563"},{"source":"2410","target":"2564"},{"source":"2410","target":"2573"},{"source":"2410","target":"2574"},{"source":"2410","target":"2575"},{"source":"2410","target":"2576"},{"source":"2410","target":"2578"},{"source":"2410","target":"2579"},{"source":"2410","target":"2586"},{"source":"2410","target":"2590"},{"source":"2410","target":"2591"},{"source":"2410","target":"2593"},{"source":"2410","target":"2600"},{"source":"2410","target":"2601"},{"source":"2410","target":"2602"},{"source":"2410","target":"2604"},{"source":"2410","target":"2606"},{"source":"2410","target":"2607"},{"source":"2410","target":"2611"},{"source":"2410","target":"2615"},{"source":"2410","target":"2619"},{"source":"2410","target":"2623"},{"source":"2410","target":"2624"},{"source":"2410","target":"2625"},{"source":"2410","target":"2630"},{"source":"2410","target":"2631"},{"source":"2410","target":"2638"},{"source":"2410","target":"2646"},{"source":"2410","target":"2654"},{"source":"2410","target":"2655"},{"source":"2411","target":"2412"},{"source":"2411","target":"2474"},{"source":"2411","target":"2488"},{"source":"2411","target":"2497"},{"source":"2411","target":"2523"},{"source":"2411","target":"2580"},{"source":"2412","target":"2424"},{"source":"2412","target":"2455"},{"source":"2412","target":"2570"},{"source":"2412","target":"2577"},{"source":"2412","target":"2587"},{"source":"2412","target":"2628"},{"source":"2412","target":"2656"},{"source":"2413","target":"2459"},{"source":"2413","target":"2529"},{"source":"2413","target":"2531"},{"source":"2413","target":"2616"},{"source":"2414","target":"2418"},{"source":"2414","target":"2423"},{"source":"2414","target":"2428"},{"source":"2414","target":"2430"},{"source":"2414","target":"2433"},{"source":"2414","target":"2446"},{"source":"2414","target":"2460"},{"source":"2414","target":"2462"},{"source":"2414","target":"2464"},{"source":"2414","target":"2467"},{"source":"2414","target":"2468"},{"source":"2414","target":"2469"},{"source":"2414","target":"2476"},{"source":"2414","target":"2477"},{"source":"2414","target":"2478"},{"source":"2414","target":"2482"},{"source":"2414","target":"2484"},{"source":"2414","target":"2485"},{"source":"2414","target":"2489"},{"source":"2414","target":"2492"},{"source":"2414","target":"2495"},{"source":"2414","target":"2500"},{"source":"2414","target":"2504"},{"source":"2414","target":"2506"},{"source":"2414","target":"2507"},{"source":"2414","target":"2520"},{"source":"2414","target":"2521"},{"source":"2414","target":"2526"},{"source":"2414","target":"2539"},{"source":"2414","target":"2542"},{"source":"2414","target":"2543"},{"source":"2414","target":"2546"},{"source":"2414","target":"2549"},{"source":"2414","target":"2550"},{"source":"2414","target":"2552"},{"source":"2414","target":"2553"},{"source":"2414","target":"2556"},{"source":"2414","target":"2559"},{"source":"2414","target":"2560"},{"source":"2414","target":"2561"},{"source":"2414","target":"2563"},{"source":"2414","target":"2564"},{"source":"2414","target":"2573"},{"source":"2414","target":"2574"},{"source":"2414","target":"2575"},{"source":"2414","target":"2578"},{"source":"2414","target":"2586"},{"source":"2414","target":"2590"},{"source":"2414","target":"2593"},{"source":"2414","target":"2600"},{"source":"2414","target":"2601"},{"source":"2414","target":"2602"},{"source":"2414","target":"2604"},{"source":"2414","target":"2606"},{"source":"2414","target":"2607"},{"source":"2414","target":"2611"},{"source":"2414","target":"2615"},{"source":"2414","target":"2623"},{"source":"2414","target":"2624"},{"source":"2414","target":"2625"},{"source":"2414","target":"2630"},{"source":"2414","target":"2638"},{"source":"2414","target":"2655"},{"source":"2415","target":"2432"},{"source":"2415","target":"2434"},{"source":"2415","target":"2438"},{"source":"2415","target":"2479"},{"source":"2415","target":"2501"},{"source":"2415","target":"2509"},{"source":"2415","target":"2511"},{"source":"2415","target":"2537"},{"source":"2415","target":"2603"},{"source":"2415","target":"2617"},{"source":"2415","target":"2652"},{"source":"2416","target":"2419"},{"source":"2416","target":"2425"},{"source":"2416","target":"2480"},{"source":"2416","target":"2525"},{"source":"2416","target":"2557"},{"source":"2416","target":"2603"},{"source":"2416","target":"2610"},{"source":"2416","target":"2637"},{"source":"2416","target":"2641"},{"source":"2416","target":"2642"},{"source":"2417","target":"2447"},{"source":"2417","target":"2459"},{"source":"2417","target":"2471"},{"source":"2417","target":"2473"},{"source":"2417","target":"2491"},{"source":"2417","target":"2508"},{"source":"2417","target":"2537"},{"source":"2417","target":"2538"},{"source":"2417","target":"2543"},{"source":"2417","target":"2571"},{"source":"2417","target":"2594"},{"source":"2417","target":"2597"},{"source":"2417","target":"2598"},{"source":"2417","target":"2608"},{"source":"2417","target":"2640"},{"source":"2417","target":"2649"},{"source":"2418","target":"2423"},{"source":"2418","target":"2428"},{"source":"2418","target":"2433"},{"source":"2418","target":"2446"},{"source":"2418","target":"2462"},{"source":"2418","target":"2464"},{"source":"2418","target":"2477"},{"source":"2418","target":"2489"},{"source":"2418","target":"2492"},{"source":"2418","target":"2495"},{"source":"2418","target":"2500"},{"source":"2418","target":"2507"},{"source":"2418","target":"2521"},{"source":"2418","target":"2539"},{"source":"2418","target":"2542"},{"source":"2418","target":"2546"},{"source":"2418","target":"2550"},{"source":"2418","target":"2551"},{"source":"2418","target":"2553"},{"source":"2418","target":"2560"},{"source":"2418","target":"2564"},{"source":"2418","target":"2575"},{"source":"2418","target":"2586"},{"source":"2418","target":"2590"},{"source":"2418","target":"2593"},{"source":"2418","target":"2600"},{"source":"2418","target":"2601"},{"source":"2418","target":"2602"},{"source":"2418","target":"2604"},{"source":"2418","target":"2607"},{"source":"2418","target":"2611"},{"source":"2418","target":"2615"},{"source":"2418","target":"2624"},{"source":"2418","target":"2625"},{"source":"2418","target":"2638"},{"source":"2418","target":"2646"},{"source":"2418","target":"2654"},{"source":"2419","target":"2434"},{"source":"2419","target":"2436"},{"source":"2419","target":"2445"},{"source":"2419","target":"2461"},{"source":"2419","target":"2463"},{"source":"2419","target":"2471"},{"source":"2419","target":"2475"},{"source":"2419","target":"2491"},{"source":"2419","target":"2493"},{"source":"2419","target":"2498"},{"source":"2419","target":"2509"},{"source":"2419","target":"2510"},{"source":"2419","target":"2511"},{"source":"2419","target":"2512"},{"source":"2419","target":"2516"},{"source":"2419","target":"2518"},{"source":"2419","target":"2519"},{"source":"2419","target":"2525"},{"source":"2419","target":"2557"},{"source":"2419","target":"2582"},{"source":"2419","target":"2588"},{"source":"2419","target":"2589"},{"source":"2419","target":"2598"},{"source":"2419","target":"2603"},{"source":"2419","target":"2608"},{"source":"2419","target":"2610"},{"source":"2419","target":"2616"},{"source":"2419","target":"2617"},{"source":"2419","target":"2629"},{"source":"2419","target":"2637"},{"source":"2419","target":"2641"},{"source":"2419","target":"2642"},{"source":"2419","target":"2649"},{"source":"2420","target":"2451"},{"source":"2420","target":"2458"},{"source":"2420","target":"2465"},{"source":"2420","target":"2468"},{"source":"2420","target":"2509"},{"source":"2420","target":"2510"},{"source":"2420","target":"2511"},{"source":"2420","target":"2533"},{"source":"2420","target":"2543"},{"source":"2420","target":"2555"},{"source":"2420","target":"2567"},{"source":"2420","target":"2592"},{"source":"2420","target":"2597"},{"source":"2420","target":"2598"},{"source":"2420","target":"2609"},{"source":"2420","target":"2617"},{"source":"2420","target":"2629"},{"source":"2420","target":"2642"},{"source":"2420","target":"2643"},{"source":"2420","target":"2653"},{"source":"2421","target":"2437"},{"source":"2421","target":"2634"},{"source":"2422","target":"2441"},{"source":"2422","target":"2558"},{"source":"2423","target":"2428"},{"source":"2423","target":"2433"},{"source":"2423","target":"2446"},{"source":"2423","target":"2460"},{"source":"2423","target":"2464"},{"source":"2423","target":"2467"},{"source":"2423","target":"2477"},{"source":"2423","target":"2482"},{"source":"2423","target":"2485"},{"source":"2423","target":"2489"},{"source":"2423","target":"2492"},{"source":"2423","target":"2495"},{"source":"2423","target":"2500"},{"source":"2423","target":"2504"},{"source":"2423","target":"2506"},{"source":"2423","target":"2507"},{"source":"2423","target":"2526"},{"source":"2423","target":"2532"},{"source":"2423","target":"2539"},{"source":"2423","target":"2542"},{"source":"2423","target":"2543"},{"source":"2423","target":"2549"},{"source":"2423","target":"2550"},{"source":"2423","target":"2552"},{"source":"2423","target":"2553"},{"source":"2423","target":"2559"},{"source":"2423","target":"2560"},{"source":"2423","target":"2564"},{"source":"2423","target":"2573"},{"source":"2423","target":"2574"},{"source":"2423","target":"2575"},{"source":"2423","target":"2578"},{"source":"2423","target":"2586"},{"source":"2423","target":"2590"},{"source":"2423","target":"2593"},{"source":"2423","target":"2600"},{"source":"2423","target":"2601"},{"source":"2423","target":"2602"},{"source":"2423","target":"2604"},{"source":"2423","target":"2607"},{"source":"2423","target":"2611"},{"source":"2423","target":"2619"},{"source":"2423","target":"2624"},{"source":"2423","target":"2625"},{"source":"2423","target":"2630"},{"source":"2423","target":"2631"},{"source":"2423","target":"2638"},{"source":"2423","target":"2654"},{"source":"2423","target":"2655"},{"source":"2424","target":"2455"},{"source":"2424","target":"2587"},{"source":"2424","target":"2644"},{"source":"2424","target":"2659"},{"source":"2425","target":"2468"},{"source":"2425","target":"2480"},{"source":"2425","target":"2498"},{"source":"2425","target":"2525"},{"source":"2425","target":"2557"},{"source":"2425","target":"2581"},{"source":"2425","target":"2594"},{"source":"2425","target":"2610"},{"source":"2425","target":"2637"},{"source":"2425","target":"2641"},{"source":"2425","target":"2642"},{"source":"2426","target":"2444"},{"source":"2426","target":"2486"},{"source":"2426","target":"2490"},{"source":"2426","target":"2510"},{"source":"2426","target":"2513"},{"source":"2426","target":"2526"},{"source":"2426","target":"2553"},{"source":"2426","target":"2622"},{"source":"2426","target":"2650"},{"source":"2427","target":"2429"},{"source":"2427","target":"2449"},{"source":"2427","target":"2454"},{"source":"2427","target":"2476"},{"source":"2427","target":"2478"},{"source":"2427","target":"2499"},{"source":"2427","target":"2512"},{"source":"2427","target":"2611"},{"source":"2428","target":"2429"},{"source":"2428","target":"2430"},{"source":"2428","target":"2433"},{"source":"2428","target":"2446"},{"source":"2428","target":"2460"},{"source":"2428","target":"2462"},{"source":"2428","target":"2464"},{"source":"2428","target":"2468"},{"source":"2428","target":"2469"},{"source":"2428","target":"2477"},{"source":"2428","target":"2482"},{"source":"2428","target":"2485"},{"source":"2428","target":"2489"},{"source":"2428","target":"2492"},{"source":"2428","target":"2495"},{"source":"2428","target":"2500"},{"source":"2428","target":"2504"},{"source":"2428","target":"2507"},{"source":"2428","target":"2520"},{"source":"2428","target":"2521"},{"source":"2428","target":"2526"},{"source":"2428","target":"2532"},{"source":"2428","target":"2539"},{"source":"2428","target":"2542"},{"source":"2428","target":"2543"},{"source":"2428","target":"2546"},{"source":"2428","target":"2549"},{"source":"2428","target":"2550"},{"source":"2428","target":"2551"},{"source":"2428","target":"2552"},{"source":"2428","target":"2553"},{"source":"2428","target":"2554"},{"source":"2428","target":"2559"},{"source":"2428","target":"2560"},{"source":"2428","target":"2561"},{"source":"2428","target":"2563"},{"source":"2428","target":"2564"},{"source":"2428","target":"2573"},{"source":"2428","target":"2575"},{"source":"2428","target":"2578"},{"source":"2428","target":"2586"},{"source":"2428","target":"2590"},{"source":"2428","target":"2591"},{"source":"2428","target":"2593"},{"source":"2428","target":"2600"},{"source":"2428","target":"2601"},{"source":"2428","target":"2602"},{"source":"2428","target":"2604"},{"source":"2428","target":"2607"},{"source":"2428","target":"2611"},{"source":"2428","target":"2613"},{"source":"2428","target":"2615"},{"source":"2428","target":"2623"},{"source":"2428","target":"2624"},{"source":"2428","target":"2625"},{"source":"2428","target":"2630"},{"source":"2428","target":"2638"},{"source":"2428","target":"2646"},{"source":"2428","target":"2654"},{"source":"2428","target":"2655"},{"source":"2429","target":"2430"},{"source":"2429","target":"2449"},{"source":"2429","target":"2467"},{"source":"2429","target":"2478"},{"source":"2429","target":"2489"},{"source":"2429","target":"2492"},{"source":"2429","target":"2507"},{"source":"2429","target":"2512"},{"source":"2429","target":"2526"},{"source":"2429","target":"2543"},{"source":"2429","target":"2546"},{"source":"2429","target":"2561"},{"source":"2429","target":"2563"},{"source":"2429","target":"2586"},{"source":"2429","target":"2590"},{"source":"2429","target":"2594"},{"source":"2429","target":"2601"},{"source":"2429","target":"2604"},{"source":"2429","target":"2607"},{"source":"2429","target":"2611"},{"source":"2429","target":"2623"},{"source":"2429","target":"2624"},{"source":"2429","target":"2646"},{"source":"2430","target":"2433"},{"source":"2430","target":"2446"},{"source":"2430","target":"2449"},{"source":"2430","target":"2460"},{"source":"2430","target":"2464"},{"source":"2430","target":"2469"},{"source":"2430","target":"2476"},{"source":"2430","target":"2478"},{"source":"2430","target":"2482"},{"source":"2430","target":"2484"},{"source":"2430","target":"2485"},{"source":"2430","target":"2489"},{"source":"2430","target":"2492"},{"source":"2430","target":"2499"},{"source":"2430","target":"2500"},{"source":"2430","target":"2504"},{"source":"2430","target":"2507"},{"source":"2430","target":"2520"},{"source":"2430","target":"2526"},{"source":"2430","target":"2542"},{"source":"2430","target":"2543"},{"source":"2430","target":"2546"},{"source":"2430","target":"2549"},{"source":"2430","target":"2552"},{"source":"2430","target":"2553"},{"source":"2430","target":"2560"},{"source":"2430","target":"2561"},{"source":"2430","target":"2563"},{"source":"2430","target":"2564"},{"source":"2430","target":"2573"},{"source":"2430","target":"2578"},{"source":"2430","target":"2586"},{"source":"2430","target":"2591"},{"source":"2430","target":"2593"},{"source":"2430","target":"2600"},{"source":"2430","target":"2601"},{"source":"2430","target":"2602"},{"source":"2430","target":"2604"},{"source":"2430","target":"2607"},{"source":"2430","target":"2623"},{"source":"2430","target":"2624"},{"source":"2430","target":"2625"},{"source":"2430","target":"2630"},{"source":"2430","target":"2646"},{"source":"2430","target":"2655"},{"source":"2431","target":"2528"},{"source":"2431","target":"2558"},{"source":"2432","target":"2434"},{"source":"2432","target":"2438"},{"source":"2432","target":"2486"},{"source":"2432","target":"2501"},{"source":"2432","target":"2509"},{"source":"2432","target":"2537"},{"source":"2432","target":"2603"},{"source":"2433","target":"2446"},{"source":"2433","target":"2464"},{"source":"2433","target":"2467"},{"source":"2433","target":"2468"},{"source":"2433","target":"2477"},{"source":"2433","target":"2484"},{"source":"2433","target":"2492"},{"source":"2433","target":"2495"},{"source":"2433","target":"2499"},{"source":"2433","target":"2500"},{"source":"2433","target":"2504"},{"source":"2433","target":"2507"},{"source":"2433","target":"2520"},{"source":"2433","target":"2536"},{"source":"2433","target":"2539"},{"source":"2433","target":"2542"},{"source":"2433","target":"2543"},{"source":"2433","target":"2546"},{"source":"2433","target":"2549"},{"source":"2433","target":"2550"},{"source":"2433","target":"2551"},{"source":"2433","target":"2552"},{"source":"2433","target":"2553"},{"source":"2433","target":"2556"},{"source":"2433","target":"2559"},{"source":"2433","target":"2560"},{"source":"2433","target":"2563"},{"source":"2433","target":"2564"},{"source":"2433","target":"2574"},{"source":"2433","target":"2575"},{"source":"2433","target":"2586"},{"source":"2433","target":"2590"},{"source":"2433","target":"2591"},{"source":"2433","target":"2593"},{"source":"2433","target":"2600"},{"source":"2433","target":"2601"},{"source":"2433","target":"2602"},{"source":"2433","target":"2604"},{"source":"2433","target":"2607"},{"source":"2433","target":"2611"},{"source":"2433","target":"2615"},{"source":"2433","target":"2619"},{"source":"2433","target":"2624"},{"source":"2433","target":"2625"},{"source":"2433","target":"2630"},{"source":"2433","target":"2638"},{"source":"2434","target":"2438"},{"source":"2434","target":"2451"},{"source":"2434","target":"2458"},{"source":"2434","target":"2461"},{"source":"2434","target":"2471"},{"source":"2434","target":"2479"},{"source":"2434","target":"2501"},{"source":"2434","target":"2509"},{"source":"2434","target":"2511"},{"source":"2434","target":"2512"},{"source":"2434","target":"2518"},{"source":"2434","target":"2537"},{"source":"2434","target":"2582"},{"source":"2434","target":"2603"},{"source":"2434","target":"2617"},{"source":"2434","target":"2652"},{"source":"2435","target":"2494"},{"source":"2435","target":"2538"},{"source":"2435","target":"2583"},{"source":"2435","target":"2645"},{"source":"2435","target":"2647"},{"source":"2436","target":"2445"},{"source":"2436","target":"2451"},{"source":"2436","target":"2458"},{"source":"2436","target":"2463"},{"source":"2436","target":"2471"},{"source":"2436","target":"2475"},{"source":"2436","target":"2491"},{"source":"2436","target":"2498"},{"source":"2436","target":"2502"},{"source":"2436","target":"2508"},{"source":"2436","target":"2510"},{"source":"2436","target":"2511"},{"source":"2436","target":"2533"},{"source":"2436","target":"2543"},{"source":"2436","target":"2544"},{"source":"2436","target":"2567"},{"source":"2436","target":"2588"},{"source":"2436","target":"2589"},{"source":"2436","target":"2597"},{"source":"2436","target":"2598"},{"source":"2436","target":"2616"},{"source":"2436","target":"2617"},{"source":"2436","target":"2629"},{"source":"2436","target":"2635"},{"source":"2436","target":"2649"},{"source":"2436","target":"2653"},{"source":"2438","target":"2451"},{"source":"2438","target":"2458"},{"source":"2438","target":"2479"},{"source":"2438","target":"2480"},{"source":"2438","target":"2501"},{"source":"2438","target":"2509"},{"source":"2438","target":"2511"},{"source":"2438","target":"2518"},{"source":"2438","target":"2537"},{"source":"2438","target":"2543"},{"source":"2438","target":"2568"},{"source":"2438","target":"2592"},{"source":"2438","target":"2603"},{"source":"2438","target":"2617"},{"source":"2438","target":"2643"},{"source":"2438","target":"2652"},{"source":"2439","target":"2450"},{"source":"2439","target":"2528"},{"source":"2439","target":"2548"},{"source":"2439","target":"2558"},{"source":"2439","target":"2621"},{"source":"2440","target":"2448"},{"source":"2440","target":"2488"},{"source":"2440","target":"2497"},{"source":"2440","target":"2577"},{"source":"2440","target":"2618"},{"source":"2440","target":"2628"},{"source":"2440","target":"2644"},{"source":"2441","target":"2558"},{"source":"2442","target":"2499"},{"source":"2443","target":"2478"},{"source":"2443","target":"2490"},{"source":"2443","target":"2527"},{"source":"2443","target":"2542"},{"source":"2443","target":"2584"},{"source":"2443","target":"2622"},{"source":"2443","target":"2635"},{"source":"2444","target":"2486"},{"source":"2444","target":"2490"},{"source":"2444","target":"2513"},{"source":"2444","target":"2515"},{"source":"2444","target":"2622"},{"source":"2444","target":"2650"},{"source":"2445","target":"2451"},{"source":"2445","target":"2458"},{"source":"2445","target":"2463"},{"source":"2445","target":"2471"},{"source":"2445","target":"2491"},{"source":"2445","target":"2508"},{"source":"2445","target":"2510"},{"source":"2445","target":"2511"},{"source":"2445","target":"2526"},{"source":"2445","target":"2533"},{"source":"2445","target":"2567"},{"source":"2445","target":"2589"},{"source":"2445","target":"2597"},{"source":"2445","target":"2598"},{"source":"2445","target":"2616"},{"source":"2445","target":"2617"},{"source":"2445","target":"2649"},{"source":"2445","target":"2653"},{"source":"2446","target":"2460"},{"source":"2446","target":"2464"},{"source":"2446","target":"2468"},{"source":"2446","target":"2477"},{"source":"2446","target":"2482"},{"source":"2446","target":"2484"},{"source":"2446","target":"2489"},{"source":"2446","target":"2492"},{"source":"2446","target":"2499"},{"source":"2446","target":"2500"},{"source":"2446","target":"2504"},{"source":"2446","target":"2507"},{"source":"2446","target":"2520"},{"source":"2446","target":"2526"},{"source":"2446","target":"2539"},{"source":"2446","target":"2542"},{"source":"2446","target":"2543"},{"source":"2446","target":"2546"},{"source":"2446","target":"2549"},{"source":"2446","target":"2550"},{"source":"2446","target":"2551"},{"source":"2446","target":"2553"},{"source":"2446","target":"2559"},{"source":"2446","target":"2560"},{"source":"2446","target":"2561"},{"source":"2446","target":"2564"},{"source":"2446","target":"2573"},{"source":"2446","target":"2574"},{"source":"2446","target":"2575"},{"source":"2446","target":"2578"},{"source":"2446","target":"2579"},{"source":"2446","target":"2586"},{"source":"2446","target":"2590"},{"source":"2446","target":"2593"},{"source":"2446","target":"2600"},{"source":"2446","target":"2601"},{"source":"2446","target":"2602"},{"source":"2446","target":"2604"},{"source":"2446","target":"2607"},{"source":"2446","target":"2611"},{"source":"2446","target":"2615"},{"source":"2446","target":"2619"},{"source":"2446","target":"2623"},{"source":"2446","target":"2625"},{"source":"2446","target":"2630"},{"source":"2446","target":"2638"},{"source":"2446","target":"2646"},{"source":"2446","target":"2654"},{"source":"2446","target":"2655"},{"source":"2447","target":"2459"},{"source":"2447","target":"2538"},{"source":"2447","target":"2585"},{"source":"2447","target":"2620"},{"source":"2447","target":"2636"},{"source":"2447","target":"2639"},{"source":"2447","target":"2640"},{"source":"2447","target":"2645"},{"source":"2447","target":"2647"},{"source":"2447","target":"2648"},{"source":"2447","target":"2657"},{"source":"2447","target":"2658"},{"source":"2447","target":"2660"},{"source":"2448","target":"2488"},{"source":"2448","target":"2540"},{"source":"2448","target":"2562"},{"source":"2448","target":"2614"},{"source":"2448","target":"2618"},{"source":"2448","target":"2628"},{"source":"2448","target":"2644"},{"source":"2449","target":"2454"},{"source":"2449","target":"2476"},{"source":"2449","target":"2478"},{"source":"2449","target":"2499"},{"source":"2449","target":"2512"},{"source":"2449","target":"2526"},{"source":"2449","target":"2561"},{"source":"2449","target":"2594"},{"source":"2449","target":"2602"},{"source":"2449","target":"2611"},{"source":"2449","target":"2623"},{"source":"2449","target":"2631"},{"source":"2449","target":"2655"},{"source":"2450","target":"2548"},{"source":"2450","target":"2558"},{"source":"2450","target":"2614"},{"source":"2450","target":"2632"},{"source":"2451","target":"2458"},{"source":"2451","target":"2463"},{"source":"2451","target":"2471"},{"source":"2451","target":"2479"},{"source":"2451","target":"2491"},{"source":"2451","target":"2508"},{"source":"2451","target":"2509"},{"source":"2451","target":"2510"},{"source":"2451","target":"2511"},{"source":"2451","target":"2512"},{"source":"2451","target":"2522"},{"source":"2451","target":"2533"},{"source":"2451","target":"2537"},{"source":"2451","target":"2543"},{"source":"2451","target":"2589"},{"source":"2451","target":"2592"},{"source":"2451","target":"2594"},{"source":"2451","target":"2597"},{"source":"2451","target":"2598"},{"source":"2451","target":"2603"},{"source":"2451","target":"2608"},{"source":"2451","target":"2617"},{"source":"2451","target":"2649"},{"source":"2451","target":"2652"},{"source":"2451","target":"2653"},{"source":"2452","target":"2498"},{"source":"2452","target":"2637"},{"source":"2453","target":"2505"},{"source":"2453","target":"2651"},{"source":"2454","target":"2478"},{"source":"2454","target":"2542"},{"source":"2454","target":"2545"},{"source":"2454","target":"2611"},{"source":"2454","target":"2631"},{"source":"2455","target":"2587"},{"source":"2456","target":"2541"},{"source":"2458","target":"2491"},{"source":"2458","target":"2501"},{"source":"2458","target":"2508"},{"source":"2458","target":"2509"},{"source":"2458","target":"2510"},{"source":"2458","target":"2511"},{"source":"2458","target":"2516"},{"source":"2458","target":"2518"},{"source":"2458","target":"2537"},{"source":"2458","target":"2543"},{"source":"2458","target":"2547"},{"source":"2458","target":"2555"},{"source":"2458","target":"2589"},{"source":"2458","target":"2592"},{"source":"2458","target":"2594"},{"source":"2458","target":"2598"},{"source":"2458","target":"2608"},{"source":"2458","target":"2617"},{"source":"2458","target":"2649"},{"source":"2458","target":"2652"},{"source":"2458","target":"2653"},{"source":"2459","target":"2529"},{"source":"2459","target":"2531"},{"source":"2459","target":"2538"},{"source":"2459","target":"2583"},{"source":"2459","target":"2620"},{"source":"2459","target":"2640"},{"source":"2459","target":"2645"},{"source":"2459","target":"2658"},{"source":"2460","target":"2462"},{"source":"2460","target":"2464"},{"source":"2460","target":"2467"},{"source":"2460","target":"2468"},{"source":"2460","target":"2477"},{"source":"2460","target":"2478"},{"source":"2460","target":"2482"},{"source":"2460","target":"2485"},{"source":"2460","target":"2492"},{"source":"2460","target":"2495"},{"source":"2460","target":"2499"},{"source":"2460","target":"2500"},{"source":"2460","target":"2504"},{"source":"2460","target":"2506"},{"source":"2460","target":"2507"},{"source":"2460","target":"2520"},{"source":"2460","target":"2521"},{"source":"2460","target":"2526"},{"source":"2460","target":"2532"},{"source":"2460","target":"2542"},{"source":"2460","target":"2546"},{"source":"2460","target":"2550"},{"source":"2460","target":"2551"},{"source":"2460","target":"2552"},{"source":"2460","target":"2553"},{"source":"2460","target":"2556"},{"source":"2460","target":"2559"},{"source":"2460","target":"2560"},{"source":"2460","target":"2564"},{"source":"2460","target":"2573"},{"source":"2460","target":"2574"},{"source":"2460","target":"2575"},{"source":"2460","target":"2576"},{"source":"2460","target":"2578"},{"source":"2460","target":"2579"},{"source":"2460","target":"2586"},{"source":"2460","target":"2590"},{"source":"2460","target":"2593"},{"source":"2460","target":"2600"},{"source":"2460","target":"2601"},{"source":"2460","target":"2602"},{"source":"2460","target":"2604"},{"source":"2460","target":"2607"},{"source":"2460","target":"2611"},{"source":"2460","target":"2615"},{"source":"2460","target":"2619"},{"source":"2460","target":"2623"},{"source":"2460","target":"2624"},{"source":"2460","target":"2625"},{"source":"2460","target":"2630"},{"source":"2460","target":"2631"},{"source":"2460","target":"2638"},{"source":"2460","target":"2654"},{"source":"2460","target":"2655"},{"source":"2461","target":"2463"},{"source":"2461","target":"2471"},{"source":"2461","target":"2475"},{"source":"2461","target":"2491"},{"source":"2461","target":"2498"},{"source":"2461","target":"2508"},{"source":"2461","target":"2509"},{"source":"2461","target":"2510"},{"source":"2461","target":"2511"},{"source":"2461","target":"2512"},{"source":"2461","target":"2537"},{"source":"2461","target":"2543"},{"source":"2461","target":"2555"},{"source":"2461","target":"2567"},{"source":"2461","target":"2582"},{"source":"2461","target":"2588"},{"source":"2461","target":"2594"},{"source":"2461","target":"2597"},{"source":"2461","target":"2598"},{"source":"2461","target":"2608"},{"source":"2461","target":"2616"},{"source":"2461","target":"2617"},{"source":"2461","target":"2629"},{"source":"2461","target":"2642"},{"source":"2461","target":"2643"},{"source":"2461","target":"2649"},{"source":"2462","target":"2464"},{"source":"2462","target":"2467"},{"source":"2462","target":"2482"},{"source":"2462","target":"2506"},{"source":"2462","target":"2521"},{"source":"2462","target":"2526"},{"source":"2462","target":"2543"},{"source":"2462","target":"2550"},{"source":"2462","target":"2551"},{"source":"2462","target":"2561"},{"source":"2462","target":"2573"},{"source":"2462","target":"2581"},{"source":"2462","target":"2586"},{"source":"2462","target":"2600"},{"source":"2462","target":"2601"},{"source":"2462","target":"2602"},{"source":"2462","target":"2604"},{"source":"2462","target":"2611"},{"source":"2462","target":"2615"},{"source":"2462","target":"2630"},{"source":"2462","target":"2646"},{"source":"2463","target":"2471"},{"source":"2463","target":"2475"},{"source":"2463","target":"2491"},{"source":"2463","target":"2498"},{"source":"2463","target":"2508"},{"source":"2463","target":"2509"},{"source":"2463","target":"2510"},{"source":"2463","target":"2511"},{"source":"2463","target":"2512"},{"source":"2463","target":"2516"},{"source":"2463","target":"2525"},{"source":"2463","target":"2529"},{"source":"2463","target":"2533"},{"source":"2463","target":"2543"},{"source":"2463","target":"2544"},{"source":"2463","target":"2547"},{"source":"2463","target":"2567"},{"source":"2463","target":"2582"},{"source":"2463","target":"2588"},{"source":"2463","target":"2589"},{"source":"2463","target":"2592"},{"source":"2463","target":"2598"},{"source":"2463","target":"2616"},{"source":"2463","target":"2617"},{"source":"2463","target":"2629"},{"source":"2463","target":"2642"},{"source":"2463","target":"2643"},{"source":"2463","target":"2649"},{"source":"2463","target":"2653"},{"source":"2464","target":"2467"},{"source":"2464","target":"2468"},{"source":"2464","target":"2469"},{"source":"2464","target":"2482"},{"source":"2464","target":"2484"},{"source":"2464","target":"2485"},{"source":"2464","target":"2489"},{"source":"2464","target":"2492"},{"source":"2464","target":"2495"},{"source":"2464","target":"2499"},{"source":"2464","target":"2500"},{"source":"2464","target":"2504"},{"source":"2464","target":"2506"},{"source":"2464","target":"2507"},{"source":"2464","target":"2520"},{"source":"2464","target":"2521"},{"source":"2464","target":"2526"},{"source":"2464","target":"2532"},{"source":"2464","target":"2536"},{"source":"2464","target":"2539"},{"source":"2464","target":"2542"},{"source":"2464","target":"2543"},{"source":"2464","target":"2546"},{"source":"2464","target":"2549"},{"source":"2464","target":"2550"},{"source":"2464","target":"2551"},{"source":"2464","target":"2552"},{"source":"2464","target":"2553"},{"source":"2464","target":"2554"},{"source":"2464","target":"2556"},{"source":"2464","target":"2559"},{"source":"2464","target":"2560"},{"source":"2464","target":"2561"},{"source":"2464","target":"2563"},{"source":"2464","target":"2564"},{"source":"2464","target":"2573"},{"source":"2464","target":"2574"},{"source":"2464","target":"2575"},{"source":"2464","target":"2578"},{"source":"2464","target":"2579"},{"source":"2464","target":"2586"},{"source":"2464","target":"2590"},{"source":"2464","target":"2591"},{"source":"2464","target":"2593"},{"source":"2464","target":"2600"},{"source":"2464","target":"2601"},{"source":"2464","target":"2602"},{"source":"2464","target":"2604"},{"source":"2464","target":"2606"},{"source":"2464","target":"2607"},{"source":"2464","target":"2611"},{"source":"2464","target":"2615"},{"source":"2464","target":"2619"},{"source":"2464","target":"2623"},{"source":"2464","target":"2624"},{"source":"2464","target":"2625"},{"source":"2464","target":"2630"},{"source":"2464","target":"2631"},{"source":"2464","target":"2638"},{"source":"2464","target":"2646"},{"source":"2464","target":"2654"},{"source":"2464","target":"2655"},{"source":"2465","target":"2471"},{"source":"2465","target":"2472"},{"source":"2465","target":"2510"},{"source":"2465","target":"2533"},{"source":"2465","target":"2543"},{"source":"2465","target":"2555"},{"source":"2465","target":"2567"},{"source":"2465","target":"2588"},{"source":"2465","target":"2592"},{"source":"2465","target":"2598"},{"source":"2465","target":"2599"},{"source":"2465","target":"2609"},{"source":"2465","target":"2629"},{"source":"2465","target":"2643"},{"source":"2465","target":"2653"},{"source":"2466","target":"2650"},{"source":"2467","target":"2468"},{"source":"2467","target":"2469"},{"source":"2467","target":"2482"},{"source":"2467","target":"2484"},{"source":"2467","target":"2492"},{"source":"2467","target":"2507"},{"source":"2467","target":"2520"},{"source":"2467","target":"2521"},{"source":"2467","target":"2526"},{"source":"2467","target":"2543"},{"source":"2467","target":"2546"},{"source":"2467","target":"2549"},{"source":"2467","target":"2552"},{"source":"2467","target":"2554"},{"source":"2467","target":"2556"},{"source":"2467","target":"2559"},{"source":"2467","target":"2560"},{"source":"2467","target":"2561"},{"source":"2467","target":"2564"},{"source":"2467","target":"2573"},{"source":"2467","target":"2574"},{"source":"2467","target":"2586"},{"source":"2467","target":"2590"},{"source":"2467","target":"2600"},{"source":"2467","target":"2601"},{"source":"2467","target":"2602"},{"source":"2467","target":"2604"},{"source":"2467","target":"2607"},{"source":"2467","target":"2611"},{"source":"2467","target":"2615"},{"source":"2467","target":"2625"},{"source":"2467","target":"2630"},{"source":"2467","target":"2654"},{"source":"2468","target":"2469"},{"source":"2468","target":"2482"},{"source":"2468","target":"2484"},{"source":"2468","target":"2485"},{"source":"2468","target":"2489"},{"source":"2468","target":"2492"},{"source":"2468","target":"2500"},{"source":"2468","target":"2506"},{"source":"2468","target":"2507"},{"source":"2468","target":"2510"},{"source":"2468","target":"2511"},{"source":"2468","target":"2520"},{"source":"2468","target":"2521"},{"source":"2468","target":"2526"},{"source":"2468","target":"2533"},{"source":"2468","target":"2542"},{"source":"2468","target":"2543"},{"source":"2468","target":"2549"},{"source":"2468","target":"2550"},{"source":"2468","target":"2551"},{"source":"2468","target":"2552"},{"source":"2468","target":"2553"},{"source":"2468","target":"2555"},{"source":"2468","target":"2559"},{"source":"2468","target":"2560"},{"source":"2468","target":"2561"},{"source":"2468","target":"2563"},{"source":"2468","target":"2564"},{"source":"2468","target":"2572"},{"source":"2468","target":"2573"},{"source":"2468","target":"2575"},{"source":"2468","target":"2578"},{"source":"2468","target":"2586"},{"source":"2468","target":"2594"},{"source":"2468","target":"2597"},{"source":"2468","target":"2600"},{"source":"2468","target":"2601"},{"source":"2468","target":"2602"},{"source":"2468","target":"2604"},{"source":"2468","target":"2606"},{"source":"2468","target":"2611"},{"source":"2468","target":"2615"},{"source":"2468","target":"2619"},{"source":"2468","target":"2624"},{"source":"2468","target":"2625"},{"source":"2468","target":"2630"},{"source":"2468","target":"2631"},{"source":"2468","target":"2646"},{"source":"2469","target":"2478"},{"source":"2469","target":"2482"},{"source":"2469","target":"2492"},{"source":"2469","target":"2495"},{"source":"2469","target":"2500"},{"source":"2469","target":"2507"},{"source":"2469","target":"2520"},{"source":"2469","target":"2526"},{"source":"2469","target":"2542"},{"source":"2469","target":"2543"},{"source":"2469","target":"2549"},{"source":"2469","target":"2550"},{"source":"2469","target":"2551"},{"source":"2469","target":"2553"},{"source":"2469","target":"2556"},{"source":"2469","target":"2560"},{"source":"2469","target":"2561"},{"source":"2469","target":"2564"},{"source":"2469","target":"2575"},{"source":"2469","target":"2586"},{"source":"2469","target":"2590"},{"source":"2469","target":"2593"},{"source":"2469","target":"2600"},{"source":"2469","target":"2601"},{"source":"2469","target":"2602"},{"source":"2469","target":"2604"},{"source":"2469","target":"2606"},{"source":"2469","target":"2607"},{"source":"2469","target":"2611"},{"source":"2469","target":"2615"},{"source":"2469","target":"2619"},{"source":"2469","target":"2623"},{"source":"2469","target":"2624"},{"source":"2469","target":"2630"},{"source":"2469","target":"2638"},{"source":"2469","target":"2654"},{"source":"2469","target":"2655"},{"source":"2471","target":"2473"},{"source":"2471","target":"2475"},{"source":"2471","target":"2491"},{"source":"2471","target":"2498"},{"source":"2471","target":"2508"},{"source":"2471","target":"2509"},{"source":"2471","target":"2510"},{"source":"2471","target":"2511"},{"source":"2471","target":"2512"},{"source":"2471","target":"2516"},{"source":"2471","target":"2518"},{"source":"2471","target":"2519"},{"source":"2471","target":"2533"},{"source":"2471","target":"2537"},{"source":"2471","target":"2543"},{"source":"2471","target":"2555"},{"source":"2471","target":"2567"},{"source":"2471","target":"2582"},{"source":"2471","target":"2588"},{"source":"2471","target":"2589"},{"source":"2471","target":"2592"},{"source":"2471","target":"2594"},{"source":"2471","target":"2598"},{"source":"2471","target":"2608"},{"source":"2471","target":"2616"},{"source":"2471","target":"2617"},{"source":"2471","target":"2629"},{"source":"2471","target":"2642"},{"source":"2471","target":"2643"},{"source":"2471","target":"2649"},{"source":"2472","target":"2533"},{"source":"2472","target":"2543"},{"source":"2472","target":"2555"},{"source":"2472","target":"2567"},{"source":"2472","target":"2571"},{"source":"2472","target":"2592"},{"source":"2472","target":"2597"},{"source":"2472","target":"2598"},{"source":"2472","target":"2599"},{"source":"2472","target":"2609"},{"source":"2472","target":"2629"},{"source":"2472","target":"2639"},{"source":"2472","target":"2642"},{"source":"2472","target":"2653"},{"source":"2473","target":"2491"},{"source":"2473","target":"2508"},{"source":"2473","target":"2537"},{"source":"2473","target":"2543"},{"source":"2473","target":"2547"},{"source":"2473","target":"2566"},{"source":"2473","target":"2589"},{"source":"2473","target":"2594"},{"source":"2473","target":"2597"},{"source":"2473","target":"2598"},{"source":"2473","target":"2608"},{"source":"2473","target":"2612"},{"source":"2473","target":"2649"},{"source":"2474","target":"2497"},{"source":"2474","target":"2523"},{"source":"2474","target":"2570"},{"source":"2474","target":"2577"},{"source":"2474","target":"2580"},{"source":"2474","target":"2628"},{"source":"2474","target":"2644"},{"source":"2475","target":"2498"},{"source":"2475","target":"2508"},{"source":"2475","target":"2509"},{"source":"2475","target":"2512"},{"source":"2475","target":"2516"},{"source":"2475","target":"2555"},{"source":"2475","target":"2582"},{"source":"2475","target":"2588"},{"source":"2475","target":"2598"},{"source":"2475","target":"2629"},{"source":"2475","target":"2642"},{"source":"2475","target":"2649"},{"source":"2476","target":"2482"},{"source":"2476","target":"2507"},{"source":"2476","target":"2561"},{"source":"2476","target":"2576"},{"source":"2476","target":"2584"},{"source":"2476","target":"2611"},{"source":"2477","target":"2485"},{"source":"2477","target":"2495"},{"source":"2477","target":"2500"},{"source":"2477","target":"2504"},{"source":"2477","target":"2507"},{"source":"2477","target":"2520"},{"source":"2477","target":"2521"},{"source":"2477","target":"2526"},{"source":"2477","target":"2546"},{"source":"2477","target":"2549"},{"source":"2477","target":"2551"},{"source":"2477","target":"2553"},{"source":"2477","target":"2559"},{"source":"2477","target":"2560"},{"source":"2477","target":"2561"},{"source":"2477","target":"2564"},{"source":"2477","target":"2575"},{"source":"2477","target":"2578"},{"source":"2477","target":"2590"},{"source":"2477","target":"2593"},{"source":"2477","target":"2601"},{"source":"2477","target":"2604"},{"source":"2477","target":"2607"},{"source":"2477","target":"2619"},{"source":"2477","target":"2624"},{"source":"2477","target":"2625"},{"source":"2477","target":"2638"},{"source":"2477","target":"2646"},{"source":"2478","target":"2482"},{"source":"2478","target":"2501"},{"source":"2478","target":"2507"},{"source":"2478","target":"2512"},{"source":"2478","target":"2526"},{"source":"2478","target":"2543"},{"source":"2478","target":"2550"},{"source":"2478","target":"2551"},{"source":"2478","target":"2556"},{"source":"2478","target":"2560"},{"source":"2478","target":"2561"},{"source":"2478","target":"2564"},{"source":"2478","target":"2576"},{"source":"2478","target":"2584"},{"source":"2478","target":"2586"},{"source":"2478","target":"2601"},{"source":"2478","target":"2602"},{"source":"2478","target":"2611"},{"source":"2478","target":"2619"},{"source":"2478","target":"2623"},{"source":"2478","target":"2624"},{"source":"2478","target":"2646"},{"source":"2479","target":"2501"},{"source":"2479","target":"2511"},{"source":"2479","target":"2537"},{"source":"2479","target":"2603"},{"source":"2479","target":"2617"},{"source":"2479","target":"2652"},{"source":"2480","target":"2518"},{"source":"2480","target":"2540"},{"source":"2480","target":"2610"},{"source":"2480","target":"2637"},{"source":"2480","target":"2642"},{"source":"2481","target":"2535"},{"source":"2482","target":"2484"},{"source":"2482","target":"2489"},{"source":"2482","target":"2492"},{"source":"2482","target":"2500"},{"source":"2482","target":"2504"},{"source":"2482","target":"2507"},{"source":"2482","target":"2520"},{"source":"2482","target":"2521"},{"source":"2482","target":"2526"},{"source":"2482","target":"2536"},{"source":"2482","target":"2539"},{"source":"2482","target":"2542"},{"source":"2482","target":"2543"},{"source":"2482","target":"2549"},{"source":"2482","target":"2550"},{"source":"2482","target":"2551"},{"source":"2482","target":"2559"},{"source":"2482","target":"2560"},{"source":"2482","target":"2561"},{"source":"2482","target":"2564"},{"source":"2482","target":"2573"},{"source":"2482","target":"2578"},{"source":"2482","target":"2586"},{"source":"2482","target":"2590"},{"source":"2482","target":"2593"},{"source":"2482","target":"2600"},{"source":"2482","target":"2601"},{"source":"2482","target":"2602"},{"source":"2482","target":"2604"},{"source":"2482","target":"2607"},{"source":"2482","target":"2611"},{"source":"2482","target":"2613"},{"source":"2482","target":"2619"},{"source":"2482","target":"2623"},{"source":"2482","target":"2624"},{"source":"2482","target":"2625"},{"source":"2482","target":"2630"},{"source":"2482","target":"2631"},{"source":"2482","target":"2638"},{"source":"2482","target":"2646"},{"source":"2482","target":"2654"},{"source":"2482","target":"2655"},{"source":"2483","target":"2527"},{"source":"2483","target":"2595"},{"source":"2484","target":"2485"},{"source":"2484","target":"2492"},{"source":"2484","target":"2495"},{"source":"2484","target":"2526"},{"source":"2484","target":"2532"},{"source":"2484","target":"2536"},{"source":"2484","target":"2539"},{"source":"2484","target":"2542"},{"source":"2484","target":"2546"},{"source":"2484","target":"2549"},{"source":"2484","target":"2551"},{"source":"2484","target":"2552"},{"source":"2484","target":"2553"},{"source":"2484","target":"2554"},{"source":"2484","target":"2560"},{"source":"2484","target":"2564"},{"source":"2484","target":"2574"},{"source":"2484","target":"2575"},{"source":"2484","target":"2578"},{"source":"2484","target":"2586"},{"source":"2484","target":"2590"},{"source":"2484","target":"2591"},{"source":"2484","target":"2593"},{"source":"2484","target":"2602"},{"source":"2484","target":"2604"},{"source":"2484","target":"2607"},{"source":"2484","target":"2611"},{"source":"2484","target":"2613"},{"source":"2484","target":"2615"},{"source":"2484","target":"2619"},{"source":"2484","target":"2624"},{"source":"2484","target":"2625"},{"source":"2484","target":"2630"},{"source":"2484","target":"2654"},{"source":"2484","target":"2655"},{"source":"2485","target":"2492"},{"source":"2485","target":"2495"},{"source":"2485","target":"2500"},{"source":"2485","target":"2504"},{"source":"2485","target":"2507"},{"source":"2485","target":"2521"},{"source":"2485","target":"2539"},{"source":"2485","target":"2542"},{"source":"2485","target":"2543"},{"source":"2485","target":"2549"},{"source":"2485","target":"2551"},{"source":"2485","target":"2553"},{"source":"2485","target":"2560"},{"source":"2485","target":"2563"},{"source":"2485","target":"2564"},{"source":"2485","target":"2573"},{"source":"2485","target":"2578"},{"source":"2485","target":"2586"},{"source":"2485","target":"2590"},{"source":"2485","target":"2591"},{"source":"2485","target":"2593"},{"source":"2485","target":"2600"},{"source":"2485","target":"2601"},{"source":"2485","target":"2602"},{"source":"2485","target":"2604"},{"source":"2485","target":"2607"},{"source":"2485","target":"2611"},{"source":"2485","target":"2615"},{"source":"2485","target":"2623"},{"source":"2485","target":"2624"},{"source":"2485","target":"2625"},{"source":"2485","target":"2630"},{"source":"2485","target":"2638"},{"source":"2485","target":"2646"},{"source":"2485","target":"2654"},{"source":"2485","target":"2655"},{"source":"2486","target":"2490"},{"source":"2486","target":"2513"},{"source":"2486","target":"2515"},{"source":"2486","target":"2622"},{"source":"2486","target":"2650"},{"source":"2487","target":"2535"},{"source":"2488","target":"2523"},{"source":"2488","target":"2570"},{"source":"2488","target":"2628"},{"source":"2488","target":"2644"},{"source":"2489","target":"2492"},{"source":"2489","target":"2507"},{"source":"2489","target":"2521"},{"source":"2489","target":"2539"},{"source":"2489","target":"2542"},{"source":"2489","target":"2543"},{"source":"2489","target":"2560"},{"source":"2489","target":"2563"},{"source":"2489","target":"2564"},{"source":"2489","target":"2586"},{"source":"2489","target":"2593"},{"source":"2489","target":"2600"},{"source":"2489","target":"2601"},{"source":"2489","target":"2602"},{"source":"2489","target":"2604"},{"source":"2489","target":"2607"},{"source":"2489","target":"2623"},{"source":"2489","target":"2624"},{"source":"2489","target":"2625"},{"source":"2489","target":"2638"},{"source":"2489","target":"2646"},{"source":"2489","target":"2654"},{"source":"2490","target":"2513"},{"source":"2490","target":"2515"},{"source":"2490","target":"2622"},{"source":"2490","target":"2650"},{"source":"2491","target":"2508"},{"source":"2491","target":"2509"},{"source":"2491","target":"2510"},{"source":"2491","target":"2511"},{"source":"2491","target":"2536"},{"source":"2491","target":"2537"},{"source":"2491","target":"2543"},{"source":"2491","target":"2555"},{"source":"2491","target":"2588"},{"source":"2491","target":"2589"},{"source":"2491","target":"2592"},{"source":"2491","target":"2594"},{"source":"2491","target":"2597"},{"source":"2491","target":"2598"},{"source":"2491","target":"2608"},{"source":"2491","target":"2616"},{"source":"2491","target":"2617"},{"source":"2491","target":"2629"},{"source":"2491","target":"2635"},{"source":"2491","target":"2643"},{"source":"2491","target":"2649"},{"source":"2491","target":"2653"},{"source":"2492","target":"2495"},{"source":"2492","target":"2500"},{"source":"2492","target":"2506"},{"source":"2492","target":"2507"},{"source":"2492","target":"2520"},{"source":"2492","target":"2521"},{"source":"2492","target":"2526"},{"source":"2492","target":"2532"},{"source":"2492","target":"2539"},{"source":"2492","target":"2543"},{"source":"2492","target":"2546"},{"source":"2492","target":"2549"},{"source":"2492","target":"2550"},{"source":"2492","target":"2552"},{"source":"2492","target":"2553"},{"source":"2492","target":"2554"},{"source":"2492","target":"2556"},{"source":"2492","target":"2559"},{"source":"2492","target":"2560"},{"source":"2492","target":"2561"},{"source":"2492","target":"2564"},{"source":"2492","target":"2573"},{"source":"2492","target":"2574"},{"source":"2492","target":"2578"},{"source":"2492","target":"2586"},{"source":"2492","target":"2590"},{"source":"2492","target":"2593"},{"source":"2492","target":"2600"},{"source":"2492","target":"2601"},{"source":"2492","target":"2602"},{"source":"2492","target":"2604"},{"source":"2492","target":"2607"},{"source":"2492","target":"2611"},{"source":"2492","target":"2615"},{"source":"2492","target":"2619"},{"source":"2492","target":"2623"},{"source":"2492","target":"2624"},{"source":"2492","target":"2625"},{"source":"2492","target":"2630"},{"source":"2492","target":"2638"},{"source":"2492","target":"2646"},{"source":"2492","target":"2654"},{"source":"2492","target":"2655"},{"source":"2493","target":"2641"},{"source":"2494","target":"2538"},{"source":"2494","target":"2583"},{"source":"2494","target":"2626"},{"source":"2494","target":"2639"},{"source":"2494","target":"2645"},{"source":"2494","target":"2647"},{"source":"2494","target":"2648"},{"source":"2494","target":"2658"},{"source":"2494","target":"2660"},{"source":"2495","target":"2500"},{"source":"2495","target":"2507"},{"source":"2495","target":"2520"},{"source":"2495","target":"2532"},{"source":"2495","target":"2539"},{"source":"2495","target":"2542"},{"source":"2495","target":"2543"},{"source":"2495","target":"2546"},{"source":"2495","target":"2550"},{"source":"2495","target":"2551"},{"source":"2495","target":"2552"},{"source":"2495","target":"2553"},{"source":"2495","target":"2554"},{"source":"2495","target":"2559"},{"source":"2495","target":"2563"},{"source":"2495","target":"2564"},{"source":"2495","target":"2574"},{"source":"2495","target":"2579"},{"source":"2495","target":"2586"},{"source":"2495","target":"2590"},{"source":"2495","target":"2591"},{"source":"2495","target":"2593"},{"source":"2495","target":"2600"},{"source":"2495","target":"2601"},{"source":"2495","target":"2602"},{"source":"2495","target":"2604"},{"source":"2495","target":"2607"},{"source":"2495","target":"2611"},{"source":"2495","target":"2619"},{"source":"2495","target":"2623"},{"source":"2495","target":"2624"},{"source":"2495","target":"2625"},{"source":"2495","target":"2630"},{"source":"2495","target":"2631"},{"source":"2495","target":"2638"},{"source":"2495","target":"2654"},{"source":"2495","target":"2655"},{"source":"2496","target":"2543"},{"source":"2496","target":"2567"},{"source":"2496","target":"2629"},{"source":"2497","target":"2503"},{"source":"2497","target":"2534"},{"source":"2497","target":"2644"},{"source":"2498","target":"2509"},{"source":"2498","target":"2512"},{"source":"2498","target":"2567"},{"source":"2498","target":"2581"},{"source":"2498","target":"2582"},{"source":"2498","target":"2588"},{"source":"2498","target":"2592"},{"source":"2498","target":"2598"},{"source":"2498","target":"2610"},{"source":"2498","target":"2616"},{"source":"2498","target":"2649"},{"source":"2499","target":"2500"},{"source":"2499","target":"2506"},{"source":"2499","target":"2520"},{"source":"2499","target":"2521"},{"source":"2499","target":"2524"},{"source":"2499","target":"2526"},{"source":"2499","target":"2536"},{"source":"2499","target":"2549"},{"source":"2499","target":"2550"},{"source":"2499","target":"2553"},{"source":"2499","target":"2559"},{"source":"2499","target":"2560"},{"source":"2499","target":"2561"},{"source":"2499","target":"2574"},{"source":"2499","target":"2575"},{"source":"2499","target":"2578"},{"source":"2499","target":"2591"},{"source":"2499","target":"2607"},{"source":"2499","target":"2611"},{"source":"2499","target":"2623"},{"source":"2499","target":"2631"},{"source":"2499","target":"2655"},{"source":"2500","target":"2504"},{"source":"2500","target":"2506"},{"source":"2500","target":"2507"},{"source":"2500","target":"2520"},{"source":"2500","target":"2521"},{"source":"2500","target":"2526"},{"source":"2500","target":"2532"},{"source":"2500","target":"2536"},{"source":"2500","target":"2539"},{"source":"2500","target":"2542"},{"source":"2500","target":"2546"},{"source":"2500","target":"2549"},{"source":"2500","target":"2552"},{"source":"2500","target":"2553"},{"source":"2500","target":"2554"},{"source":"2500","target":"2559"},{"source":"2500","target":"2560"},{"source":"2500","target":"2561"},{"source":"2500","target":"2563"},{"source":"2500","target":"2564"},{"source":"2500","target":"2573"},{"source":"2500","target":"2574"},{"source":"2500","target":"2578"},{"source":"2500","target":"2586"},{"source":"2500","target":"2590"},{"source":"2500","target":"2591"},{"source":"2500","target":"2593"},{"source":"2500","target":"2600"},{"source":"2500","target":"2601"},{"source":"2500","target":"2602"},{"source":"2500","target":"2604"},{"source":"2500","target":"2606"},{"source":"2500","target":"2607"},{"source":"2500","target":"2611"},{"source":"2500","target":"2615"},{"source":"2500","target":"2623"},{"source":"2500","target":"2624"},{"source":"2500","target":"2625"},{"source":"2500","target":"2630"},{"source":"2500","target":"2631"},{"source":"2500","target":"2638"},{"source":"2500","target":"2646"},{"source":"2500","target":"2654"},{"source":"2500","target":"2655"},{"source":"2501","target":"2509"},{"source":"2501","target":"2511"},{"source":"2501","target":"2524"},{"source":"2501","target":"2537"},{"source":"2501","target":"2542"},{"source":"2501","target":"2543"},{"source":"2501","target":"2560"},{"source":"2501","target":"2568"},{"source":"2501","target":"2598"},{"source":"2501","target":"2603"},{"source":"2501","target":"2617"},{"source":"2501","target":"2649"},{"source":"2501","target":"2652"},{"source":"2502","target":"2516"},{"source":"2502","target":"2519"},{"source":"2502","target":"2529"},{"source":"2502","target":"2530"},{"source":"2502","target":"2533"},{"source":"2502","target":"2543"},{"source":"2502","target":"2544"},{"source":"2502","target":"2582"},{"source":"2502","target":"2605"},{"source":"2502","target":"2629"},{"source":"2502","target":"2643"},{"source":"2502","target":"2649"},{"source":"2503","target":"2534"},{"source":"2504","target":"2507"},{"source":"2504","target":"2520"},{"source":"2504","target":"2526"},{"source":"2504","target":"2546"},{"source":"2504","target":"2549"},{"source":"2504","target":"2550"},{"source":"2504","target":"2551"},{"source":"2504","target":"2553"},{"source":"2504","target":"2554"},{"source":"2504","target":"2556"},{"source":"2504","target":"2559"},{"source":"2504","target":"2560"},{"source":"2504","target":"2561"},{"source":"2504","target":"2563"},{"source":"2504","target":"2564"},{"source":"2504","target":"2575"},{"source":"2504","target":"2578"},{"source":"2504","target":"2586"},{"source":"2504","target":"2590"},{"source":"2504","target":"2593"},{"source":"2504","target":"2601"},{"source":"2504","target":"2602"},{"source":"2504","target":"2604"},{"source":"2504","target":"2607"},{"source":"2504","target":"2611"},{"source":"2504","target":"2615"},{"source":"2504","target":"2619"},{"source":"2504","target":"2623"},{"source":"2504","target":"2624"},{"source":"2504","target":"2625"},{"source":"2504","target":"2630"},{"source":"2504","target":"2631"},{"source":"2504","target":"2638"},{"source":"2504","target":"2646"},{"source":"2504","target":"2655"},{"source":"2505","target":"2651"},{"source":"2506","target":"2507"},{"source":"2506","target":"2520"},{"source":"2506","target":"2521"},{"source":"2506","target":"2526"},{"source":"2506","target":"2542"},{"source":"2506","target":"2543"},{"source":"2506","target":"2550"},{"source":"2506","target":"2551"},{"source":"2506","target":"2553"},{"source":"2506","target":"2560"},{"source":"2506","target":"2561"},{"source":"2506","target":"2573"},{"source":"2506","target":"2574"},{"source":"2506","target":"2575"},{"source":"2506","target":"2576"},{"source":"2506","target":"2579"},{"source":"2506","target":"2590"},{"source":"2506","target":"2593"},{"source":"2506","target":"2600"},{"source":"2506","target":"2601"},{"source":"2506","target":"2602"},{"source":"2506","target":"2604"},{"source":"2506","target":"2607"},{"source":"2506","target":"2611"},{"source":"2506","target":"2615"},{"source":"2506","target":"2619"},{"source":"2506","target":"2624"},{"source":"2506","target":"2625"},{"source":"2506","target":"2630"},{"source":"2506","target":"2631"},{"source":"2507","target":"2520"},{"source":"2507","target":"2521"},{"source":"2507","target":"2526"},{"source":"2507","target":"2532"},{"source":"2507","target":"2539"},{"source":"2507","target":"2542"},{"source":"2507","target":"2543"},{"source":"2507","target":"2546"},{"source":"2507","target":"2549"},{"source":"2507","target":"2550"},{"source":"2507","target":"2551"},{"source":"2507","target":"2552"},{"source":"2507","target":"2553"},{"source":"2507","target":"2554"},{"source":"2507","target":"2556"},{"source":"2507","target":"2559"},{"source":"2507","target":"2560"},{"source":"2507","target":"2561"},{"source":"2507","target":"2563"},{"source":"2507","target":"2564"},{"source":"2507","target":"2573"},{"source":"2507","target":"2575"},{"source":"2507","target":"2578"},{"source":"2507","target":"2579"},{"source":"2507","target":"2586"},{"source":"2507","target":"2590"},{"source":"2507","target":"2591"},{"source":"2507","target":"2593"},{"source":"2507","target":"2600"},{"source":"2507","target":"2601"},{"source":"2507","target":"2602"},{"source":"2507","target":"2604"},{"source":"2507","target":"2607"},{"source":"2507","target":"2611"},{"source":"2507","target":"2615"},{"source":"2507","target":"2619"},{"source":"2507","target":"2623"},{"source":"2507","target":"2624"},{"source":"2507","target":"2625"},{"source":"2507","target":"2630"},{"source":"2507","target":"2638"},{"source":"2507","target":"2646"},{"source":"2507","target":"2654"},{"source":"2507","target":"2655"},{"source":"2508","target":"2510"},{"source":"2508","target":"2511"},{"source":"2508","target":"2516"},{"source":"2508","target":"2537"},{"source":"2508","target":"2543"},{"source":"2508","target":"2555"},{"source":"2508","target":"2567"},{"source":"2508","target":"2571"},{"source":"2508","target":"2589"},{"source":"2508","target":"2592"},{"source":"2508","target":"2594"},{"source":"2508","target":"2597"},{"source":"2508","target":"2598"},{"source":"2508","target":"2608"},{"source":"2508","target":"2649"},{"source":"2509","target":"2510"},{"source":"2509","target":"2511"},{"source":"2509","target":"2512"},{"source":"2509","target":"2518"},{"source":"2509","target":"2537"},{"source":"2509","target":"2544"},{"source":"2509","target":"2547"},{"source":"2509","target":"2555"},{"source":"2509","target":"2582"},{"source":"2509","target":"2588"},{"source":"2509","target":"2592"},{"source":"2509","target":"2597"},{"source":"2509","target":"2598"},{"source":"2509","target":"2603"},{"source":"2509","target":"2608"},{"source":"2509","target":"2616"},{"source":"2509","target":"2617"},{"source":"2509","target":"2629"},{"source":"2509","target":"2642"},{"source":"2509","target":"2649"},{"source":"2509","target":"2652"},{"source":"2510","target":"2511"},{"source":"2510","target":"2512"},{"source":"2510","target":"2516"},{"source":"2510","target":"2518"},{"source":"2510","target":"2522"},{"source":"2510","target":"2533"},{"source":"2510","target":"2537"},{"source":"2510","target":"2543"},{"source":"2510","target":"2547"},{"source":"2510","target":"2555"},{"source":"2510","target":"2567"},{"source":"2510","target":"2582"},{"source":"2510","target":"2588"},{"source":"2510","target":"2589"},{"source":"2510","target":"2592"},{"source":"2510","target":"2594"},{"source":"2510","target":"2597"},{"source":"2510","target":"2598"},{"source":"2510","target":"2608"},{"source":"2510","target":"2616"},{"source":"2510","target":"2617"},{"source":"2510","target":"2629"},{"source":"2510","target":"2642"},{"source":"2510","target":"2643"},{"source":"2510","target":"2649"},{"source":"2510","target":"2653"},{"source":"2511","target":"2512"},{"source":"2511","target":"2516"},{"source":"2511","target":"2533"},{"source":"2511","target":"2537"},{"source":"2511","target":"2543"},{"source":"2511","target":"2555"},{"source":"2511","target":"2567"},{"source":"2511","target":"2589"},{"source":"2511","target":"2592"},{"source":"2511","target":"2594"},{"source":"2511","target":"2597"},{"source":"2511","target":"2598"},{"source":"2511","target":"2603"},{"source":"2511","target":"2608"},{"source":"2511","target":"2616"},{"source":"2511","target":"2617"},{"source":"2511","target":"2649"},{"source":"2511","target":"2652"},{"source":"2511","target":"2653"},{"source":"2512","target":"2516"},{"source":"2512","target":"2519"},{"source":"2512","target":"2520"},{"source":"2512","target":"2543"},{"source":"2512","target":"2544"},{"source":"2512","target":"2560"},{"source":"2512","target":"2576"},{"source":"2512","target":"2582"},{"source":"2512","target":"2588"},{"source":"2512","target":"2598"},{"source":"2512","target":"2611"},{"source":"2512","target":"2629"},{"source":"2512","target":"2637"},{"source":"2512","target":"2649"},{"source":"2513","target":"2622"},{"source":"2513","target":"2650"},{"source":"2514","target":"2517"},{"source":"2514","target":"2588"},{"source":"2515","target":"2545"},{"source":"2515","target":"2622"},{"source":"2515","target":"2650"},{"source":"2516","target":"2518"},{"source":"2516","target":"2519"},{"source":"2516","target":"2543"},{"source":"2516","target":"2544"},{"source":"2516","target":"2555"},{"source":"2516","target":"2567"},{"source":"2516","target":"2582"},{"source":"2516","target":"2594"},{"source":"2516","target":"2598"},{"source":"2516","target":"2605"},{"source":"2516","target":"2629"},{"source":"2516","target":"2642"},{"source":"2516","target":"2643"},{"source":"2516","target":"2649"},{"source":"2518","target":"2519"},{"source":"2518","target":"2594"},{"source":"2518","target":"2598"},{"source":"2518","target":"2602"},{"source":"2518","target":"2611"},{"source":"2518","target":"2642"},{"source":"2519","target":"2543"},{"source":"2519","target":"2582"},{"source":"2519","target":"2598"},{"source":"2519","target":"2643"},{"source":"2519","target":"2649"},{"source":"2520","target":"2526"},{"source":"2520","target":"2532"},{"source":"2520","target":"2539"},{"source":"2520","target":"2542"},{"source":"2520","target":"2546"},{"source":"2520","target":"2549"},{"source":"2520","target":"2550"},{"source":"2520","target":"2553"},{"source":"2520","target":"2556"},{"source":"2520","target":"2560"},{"source":"2520","target":"2561"},{"source":"2520","target":"2564"},{"source":"2520","target":"2573"},{"source":"2520","target":"2575"},{"source":"2520","target":"2578"},{"source":"2520","target":"2579"},{"source":"2520","target":"2586"},{"source":"2520","target":"2590"},{"source":"2520","target":"2591"},{"source":"2520","target":"2600"},{"source":"2520","target":"2601"},{"source":"2520","target":"2602"},{"source":"2520","target":"2604"},{"source":"2520","target":"2607"},{"source":"2520","target":"2611"},{"source":"2520","target":"2615"},{"source":"2520","target":"2619"},{"source":"2520","target":"2624"},{"source":"2520","target":"2625"},{"source":"2520","target":"2630"},{"source":"2520","target":"2631"},{"source":"2520","target":"2638"},{"source":"2520","target":"2654"},{"source":"2520","target":"2655"},{"source":"2521","target":"2526"},{"source":"2521","target":"2530"},{"source":"2521","target":"2532"},{"source":"2521","target":"2542"},{"source":"2521","target":"2543"},{"source":"2521","target":"2550"},{"source":"2521","target":"2551"},{"source":"2521","target":"2556"},{"source":"2521","target":"2560"},{"source":"2521","target":"2563"},{"source":"2521","target":"2564"},{"source":"2521","target":"2575"},{"source":"2521","target":"2578"},{"source":"2521","target":"2586"},{"source":"2521","target":"2590"},{"source":"2521","target":"2593"},{"source":"2521","target":"2600"},{"source":"2521","target":"2601"},{"source":"2521","target":"2602"},{"source":"2521","target":"2604"},{"source":"2521","target":"2607"},{"source":"2521","target":"2611"},{"source":"2521","target":"2615"},{"source":"2521","target":"2619"},{"source":"2521","target":"2623"},{"source":"2521","target":"2624"},{"source":"2521","target":"2625"},{"source":"2521","target":"2638"},{"source":"2521","target":"2646"},{"source":"2521","target":"2654"},{"source":"2521","target":"2655"},{"source":"2522","target":"2567"},{"source":"2522","target":"2608"},{"source":"2523","target":"2566"},{"source":"2523","target":"2612"},{"source":"2524","target":"2526"},{"source":"2524","target":"2611"},{"source":"2525","target":"2540"},{"source":"2525","target":"2557"},{"source":"2525","target":"2603"},{"source":"2525","target":"2637"},{"source":"2525","target":"2641"},{"source":"2525","target":"2642"},{"source":"2526","target":"2536"},{"source":"2526","target":"2539"},{"source":"2526","target":"2542"},{"source":"2526","target":"2543"},{"source":"2526","target":"2549"},{"source":"2526","target":"2550"},{"source":"2526","target":"2551"},{"source":"2526","target":"2552"},{"source":"2526","target":"2553"},{"source":"2526","target":"2556"},{"source":"2526","target":"2560"},{"source":"2526","target":"2561"},{"source":"2526","target":"2564"},{"source":"2526","target":"2575"},{"source":"2526","target":"2578"},{"source":"2526","target":"2579"},{"source":"2526","target":"2586"},{"source":"2526","target":"2590"},{"source":"2526","target":"2591"},{"source":"2526","target":"2593"},{"source":"2526","target":"2600"},{"source":"2526","target":"2601"},{"source":"2526","target":"2602"},{"source":"2526","target":"2604"},{"source":"2526","target":"2606"},{"source":"2526","target":"2607"},{"source":"2526","target":"2611"},{"source":"2526","target":"2615"},{"source":"2526","target":"2619"},{"source":"2526","target":"2623"},{"source":"2526","target":"2624"},{"source":"2526","target":"2625"},{"source":"2526","target":"2630"},{"source":"2526","target":"2631"},{"source":"2526","target":"2638"},{"source":"2526","target":"2654"},{"source":"2526","target":"2655"},{"source":"2527","target":"2595"},{"source":"2528","target":"2558"},{"source":"2528","target":"2621"},{"source":"2529","target":"2530"},{"source":"2529","target":"2531"},{"source":"2529","target":"2555"},{"source":"2529","target":"2592"},{"source":"2529","target":"2610"},{"source":"2529","target":"2616"},{"source":"2530","target":"2560"},{"source":"2530","target":"2567"},{"source":"2530","target":"2592"},{"source":"2531","target":"2557"},{"source":"2531","target":"2571"},{"source":"2531","target":"2610"},{"source":"2531","target":"2616"},{"source":"2532","target":"2539"},{"source":"2532","target":"2542"},{"source":"2532","target":"2549"},{"source":"2532","target":"2552"},{"source":"2532","target":"2553"},{"source":"2532","target":"2556"},{"source":"2532","target":"2559"},{"source":"2532","target":"2560"},{"source":"2532","target":"2574"},{"source":"2532","target":"2575"},{"source":"2532","target":"2586"},{"source":"2532","target":"2590"},{"source":"2532","target":"2591"},{"source":"2532","target":"2593"},{"source":"2532","target":"2600"},{"source":"2532","target":"2601"},{"source":"2532","target":"2602"},{"source":"2532","target":"2604"},{"source":"2532","target":"2607"},{"source":"2532","target":"2615"},{"source":"2532","target":"2624"},{"source":"2532","target":"2625"},{"source":"2532","target":"2630"},{"source":"2532","target":"2654"},{"source":"2532","target":"2655"},{"source":"2533","target":"2543"},{"source":"2533","target":"2544"},{"source":"2533","target":"2555"},{"source":"2533","target":"2567"},{"source":"2533","target":"2582"},{"source":"2533","target":"2589"},{"source":"2533","target":"2592"},{"source":"2533","target":"2597"},{"source":"2533","target":"2598"},{"source":"2533","target":"2629"},{"source":"2533","target":"2635"},{"source":"2533","target":"2642"},{"source":"2533","target":"2643"},{"source":"2533","target":"2649"},{"source":"2534","target":"2659"},{"source":"2535","target":"2570"},{"source":"2536","target":"2542"},{"source":"2536","target":"2546"},{"source":"2536","target":"2553"},{"source":"2536","target":"2574"},{"source":"2536","target":"2575"},{"source":"2536","target":"2576"},{"source":"2536","target":"2591"},{"source":"2536","target":"2611"},{"source":"2536","target":"2619"},{"source":"2536","target":"2630"},{"source":"2537","target":"2543"},{"source":"2537","target":"2547"},{"source":"2537","target":"2567"},{"source":"2537","target":"2589"},{"source":"2537","target":"2592"},{"source":"2537","target":"2594"},{"source":"2537","target":"2598"},{"source":"2537","target":"2603"},{"source":"2537","target":"2608"},{"source":"2537","target":"2616"},{"source":"2537","target":"2617"},{"source":"2537","target":"2649"},{"source":"2537","target":"2652"},{"source":"2538","target":"2585"},{"source":"2538","target":"2620"},{"source":"2538","target":"2626"},{"source":"2538","target":"2633"},{"source":"2538","target":"2639"},{"source":"2538","target":"2640"},{"source":"2538","target":"2645"},{"source":"2538","target":"2647"},{"source":"2538","target":"2658"},{"source":"2538","target":"2659"},{"source":"2539","target":"2542"},{"source":"2539","target":"2546"},{"source":"2539","target":"2549"},{"source":"2539","target":"2550"},{"source":"2539","target":"2551"},{"source":"2539","target":"2554"},{"source":"2539","target":"2560"},{"source":"2539","target":"2574"},{"source":"2539","target":"2575"},{"source":"2539","target":"2586"},{"source":"2539","target":"2590"},{"source":"2539","target":"2591"},{"source":"2539","target":"2593"},{"source":"2539","target":"2600"},{"source":"2539","target":"2602"},{"source":"2539","target":"2604"},{"source":"2539","target":"2607"},{"source":"2539","target":"2611"},{"source":"2539","target":"2615"},{"source":"2539","target":"2619"},{"source":"2539","target":"2623"},{"source":"2539","target":"2624"},{"source":"2539","target":"2625"},{"source":"2539","target":"2630"},{"source":"2539","target":"2654"},{"source":"2539","target":"2655"},{"source":"2540","target":"2557"},{"source":"2540","target":"2634"},{"source":"2540","target":"2637"},{"source":"2540","target":"2642"},{"source":"2542","target":"2543"},{"source":"2542","target":"2546"},{"source":"2542","target":"2549"},{"source":"2542","target":"2550"},{"source":"2542","target":"2551"},{"source":"2542","target":"2552"},{"source":"2542","target":"2553"},{"source":"2542","target":"2556"},{"source":"2542","target":"2559"},{"source":"2542","target":"2560"},{"source":"2542","target":"2561"},{"source":"2542","target":"2563"},{"source":"2542","target":"2564"},{"source":"2542","target":"2573"},{"source":"2542","target":"2574"},{"source":"2542","target":"2575"},{"source":"2542","target":"2578"},{"source":"2542","target":"2579"},{"source":"2542","target":"2586"},{"source":"2542","target":"2590"},{"source":"2542","target":"2593"},{"source":"2542","target":"2600"},{"source":"2542","target":"2601"},{"source":"2542","target":"2602"},{"source":"2542","target":"2604"},{"source":"2542","target":"2607"},{"source":"2542","target":"2611"},{"source":"2542","target":"2615"},{"source":"2542","target":"2619"},{"source":"2542","target":"2623"},{"source":"2542","target":"2624"},{"source":"2542","target":"2625"},{"source":"2542","target":"2630"},{"source":"2542","target":"2631"},{"source":"2542","target":"2646"},{"source":"2542","target":"2654"},{"source":"2542","target":"2655"},{"source":"2543","target":"2544"},{"source":"2543","target":"2546"},{"source":"2543","target":"2551"},{"source":"2543","target":"2555"},{"source":"2543","target":"2559"},{"source":"2543","target":"2560"},{"source":"2543","target":"2561"},{"source":"2543","target":"2564"},{"source":"2543","target":"2567"},{"source":"2543","target":"2572"},{"source":"2543","target":"2573"},{"source":"2543","target":"2575"},{"source":"2543","target":"2578"},{"source":"2543","target":"2579"},{"source":"2543","target":"2582"},{"source":"2543","target":"2586"},{"source":"2543","target":"2588"},{"source":"2543","target":"2590"},{"source":"2543","target":"2592"},{"source":"2543","target":"2593"},{"source":"2543","target":"2594"},{"source":"2543","target":"2597"},{"source":"2543","target":"2598"},{"source":"2543","target":"2599"},{"source":"2543","target":"2600"},{"source":"2543","target":"2601"},{"source":"2543","target":"2602"},{"source":"2543","target":"2604"},{"source":"2543","target":"2605"},{"source":"2543","target":"2606"},{"source":"2543","target":"2607"},{"source":"2543","target":"2608"},{"source":"2543","target":"2609"},{"source":"2543","target":"2611"},{"source":"2543","target":"2615"},{"source":"2543","target":"2619"},{"source":"2543","target":"2623"},{"source":"2543","target":"2624"},{"source":"2543","target":"2625"},{"source":"2543","target":"2629"},{"source":"2543","target":"2630"},{"source":"2543","target":"2631"},{"source":"2543","target":"2638"},{"source":"2543","target":"2642"},{"source":"2543","target":"2643"},{"source":"2543","target":"2646"},{"source":"2543","target":"2649"},{"source":"2543","target":"2654"},{"source":"2544","target":"2629"},{"source":"2546","target":"2551"},{"source":"2546","target":"2552"},{"source":"2546","target":"2553"},{"source":"2546","target":"2554"},{"source":"2546","target":"2560"},{"source":"2546","target":"2563"},{"source":"2546","target":"2564"},{"source":"2546","target":"2574"},{"source":"2546","target":"2575"},{"source":"2546","target":"2579"},{"source":"2546","target":"2586"},{"source":"2546","target":"2590"},{"source":"2546","target":"2591"},{"source":"2546","target":"2600"},{"source":"2546","target":"2601"},{"source":"2546","target":"2602"},{"source":"2546","target":"2607"},{"source":"2546","target":"2611"},{"source":"2546","target":"2613"},{"source":"2546","target":"2615"},{"source":"2546","target":"2619"},{"source":"2546","target":"2623"},{"source":"2546","target":"2624"},{"source":"2546","target":"2625"},{"source":"2546","target":"2630"},{"source":"2546","target":"2631"},{"source":"2546","target":"2638"},{"source":"2546","target":"2646"},{"source":"2546","target":"2654"},{"source":"2547","target":"2555"},{"source":"2547","target":"2597"},{"source":"2547","target":"2617"},{"source":"2548","target":"2558"},{"source":"2549","target":"2550"},{"source":"2549","target":"2551"},{"source":"2549","target":"2553"},{"source":"2549","target":"2556"},{"source":"2549","target":"2560"},{"source":"2549","target":"2561"},{"source":"2549","target":"2564"},{"source":"2549","target":"2573"},{"source":"2549","target":"2574"},{"source":"2549","target":"2578"},{"source":"2549","target":"2579"},{"source":"2549","target":"2586"},{"source":"2549","target":"2590"},{"source":"2549","target":"2591"},{"source":"2549","target":"2593"},{"source":"2549","target":"2601"},{"source":"2549","target":"2602"},{"source":"2549","target":"2604"},{"source":"2549","target":"2607"},{"source":"2549","target":"2611"},{"source":"2549","target":"2615"},{"source":"2549","target":"2619"},{"source":"2549","target":"2624"},{"source":"2549","target":"2625"},{"source":"2549","target":"2630"},{"source":"2549","target":"2654"},{"source":"2549","target":"2655"},{"source":"2550","target":"2551"},{"source":"2550","target":"2552"},{"source":"2550","target":"2553"},{"source":"2550","target":"2556"},{"source":"2550","target":"2559"},{"source":"2550","target":"2560"},{"source":"2550","target":"2561"},{"source":"2550","target":"2564"},{"source":"2550","target":"2573"},{"source":"2550","target":"2574"},{"source":"2550","target":"2575"},{"source":"2550","target":"2578"},{"source":"2550","target":"2586"},{"source":"2550","target":"2590"},{"source":"2550","target":"2593"},{"source":"2550","target":"2600"},{"source":"2550","target":"2601"},{"source":"2550","target":"2602"},{"source":"2550","target":"2604"},{"source":"2550","target":"2607"},{"source":"2550","target":"2611"},{"source":"2550","target":"2615"},{"source":"2550","target":"2619"},{"source":"2550","target":"2622"},{"source":"2550","target":"2623"},{"source":"2550","target":"2624"},{"source":"2550","target":"2625"},{"source":"2550","target":"2630"},{"source":"2550","target":"2654"},{"source":"2550","target":"2655"},{"source":"2551","target":"2552"},{"source":"2551","target":"2553"},{"source":"2551","target":"2554"},{"source":"2551","target":"2559"},{"source":"2551","target":"2560"},{"source":"2551","target":"2563"},{"source":"2551","target":"2564"},{"source":"2551","target":"2573"},{"source":"2551","target":"2575"},{"source":"2551","target":"2578"},{"source":"2551","target":"2586"},{"source":"2551","target":"2590"},{"source":"2551","target":"2593"},{"source":"2551","target":"2597"},{"source":"2551","target":"2600"},{"source":"2551","target":"2601"},{"source":"2551","target":"2602"},{"source":"2551","target":"2604"},{"source":"2551","target":"2606"},{"source":"2551","target":"2607"},{"source":"2551","target":"2611"},{"source":"2551","target":"2615"},{"source":"2551","target":"2619"},{"source":"2551","target":"2623"},{"source":"2551","target":"2630"},{"source":"2551","target":"2631"},{"source":"2551","target":"2638"},{"source":"2551","target":"2646"},{"source":"2551","target":"2654"},{"source":"2552","target":"2561"},{"source":"2552","target":"2563"},{"source":"2552","target":"2564"},{"source":"2552","target":"2574"},{"source":"2552","target":"2586"},{"source":"2552","target":"2590"},{"source":"2552","target":"2591"},{"source":"2552","target":"2593"},{"source":"2552","target":"2600"},{"source":"2552","target":"2601"},{"source":"2552","target":"2602"},{"source":"2552","target":"2604"},{"source":"2552","target":"2607"},{"source":"2552","target":"2611"},{"source":"2552","target":"2615"},{"source":"2552","target":"2619"},{"source":"2552","target":"2624"},{"source":"2552","target":"2630"},{"source":"2552","target":"2654"},{"source":"2552","target":"2655"},{"source":"2553","target":"2556"},{"source":"2553","target":"2559"},{"source":"2553","target":"2561"},{"source":"2553","target":"2564"},{"source":"2553","target":"2573"},{"source":"2553","target":"2575"},{"source":"2553","target":"2578"},{"source":"2553","target":"2579"},{"source":"2553","target":"2586"},{"source":"2553","target":"2590"},{"source":"2553","target":"2593"},{"source":"2553","target":"2600"},{"source":"2553","target":"2601"},{"source":"2553","target":"2602"},{"source":"2553","target":"2604"},{"source":"2553","target":"2607"},{"source":"2553","target":"2611"},{"source":"2553","target":"2615"},{"source":"2553","target":"2619"},{"source":"2553","target":"2624"},{"source":"2553","target":"2625"},{"source":"2553","target":"2630"},{"source":"2553","target":"2631"},{"source":"2553","target":"2638"},{"source":"2553","target":"2646"},{"source":"2553","target":"2655"},{"source":"2554","target":"2560"},{"source":"2554","target":"2564"},{"source":"2554","target":"2574"},{"source":"2554","target":"2578"},{"source":"2554","target":"2586"},{"source":"2554","target":"2590"},{"source":"2554","target":"2593"},{"source":"2554","target":"2600"},{"source":"2554","target":"2602"},{"source":"2554","target":"2607"},{"source":"2554","target":"2611"},{"source":"2554","target":"2615"},{"source":"2554","target":"2624"},{"source":"2554","target":"2630"},{"source":"2554","target":"2654"},{"source":"2554","target":"2655"},{"source":"2555","target":"2567"},{"source":"2555","target":"2582"},{"source":"2555","target":"2589"},{"source":"2555","target":"2592"},{"source":"2555","target":"2594"},{"source":"2555","target":"2597"},{"source":"2555","target":"2598"},{"source":"2555","target":"2599"},{"source":"2555","target":"2608"},{"source":"2555","target":"2609"},{"source":"2555","target":"2617"},{"source":"2555","target":"2629"},{"source":"2555","target":"2642"},{"source":"2555","target":"2643"},{"source":"2555","target":"2649"},{"source":"2555","target":"2653"},{"source":"2556","target":"2559"},{"source":"2556","target":"2561"},{"source":"2556","target":"2573"},{"source":"2556","target":"2574"},{"source":"2556","target":"2575"},{"source":"2556","target":"2578"},{"source":"2556","target":"2579"},{"source":"2556","target":"2586"},{"source":"2556","target":"2593"},{"source":"2556","target":"2601"},{"source":"2556","target":"2602"},{"source":"2556","target":"2604"},{"source":"2556","target":"2607"},{"source":"2556","target":"2611"},{"source":"2556","target":"2615"},{"source":"2556","target":"2619"},{"source":"2556","target":"2624"},{"source":"2556","target":"2625"},{"source":"2556","target":"2630"},{"source":"2556","target":"2631"},{"source":"2556","target":"2655"},{"source":"2557","target":"2603"},{"source":"2557","target":"2610"},{"source":"2557","target":"2637"},{"source":"2557","target":"2641"},{"source":"2557","target":"2642"},{"source":"2558","target":"2614"},{"source":"2558","target":"2618"},{"source":"2558","target":"2621"},{"source":"2558","target":"2632"},{"source":"2559","target":"2560"},{"source":"2559","target":"2561"},{"source":"2559","target":"2563"},{"source":"2559","target":"2564"},{"source":"2559","target":"2574"},{"source":"2559","target":"2575"},{"source":"2559","target":"2578"},{"source":"2559","target":"2579"},{"source":"2559","target":"2586"},{"source":"2559","target":"2590"},{"source":"2559","target":"2593"},{"source":"2559","target":"2600"},{"source":"2559","target":"2601"},{"source":"2559","target":"2602"},{"source":"2559","target":"2604"},{"source":"2559","target":"2607"},{"source":"2559","target":"2611"},{"source":"2559","target":"2615"},{"source":"2559","target":"2619"},{"source":"2559","target":"2623"},{"source":"2559","target":"2624"},{"source":"2559","target":"2625"},{"source":"2559","target":"2630"},{"source":"2559","target":"2638"},{"source":"2559","target":"2646"},{"source":"2559","target":"2654"},{"source":"2559","target":"2655"},{"source":"2560","target":"2561"},{"source":"2560","target":"2563"},{"source":"2560","target":"2564"},{"source":"2560","target":"2567"},{"source":"2560","target":"2573"},{"source":"2560","target":"2574"},{"source":"2560","target":"2578"},{"source":"2560","target":"2579"},{"source":"2560","target":"2586"},{"source":"2560","target":"2590"},{"source":"2560","target":"2593"},{"source":"2560","target":"2600"},{"source":"2560","target":"2601"},{"source":"2560","target":"2602"},{"source":"2560","target":"2604"},{"source":"2560","target":"2606"},{"source":"2560","target":"2607"},{"source":"2560","target":"2611"},{"source":"2560","target":"2613"},{"source":"2560","target":"2615"},{"source":"2560","target":"2619"},{"source":"2560","target":"2623"},{"source":"2560","target":"2624"},{"source":"2560","target":"2625"},{"source":"2560","target":"2630"},{"source":"2560","target":"2638"},{"source":"2560","target":"2646"},{"source":"2560","target":"2654"},{"source":"2560","target":"2655"},{"source":"2561","target":"2564"},{"source":"2561","target":"2573"},{"source":"2561","target":"2576"},{"source":"2561","target":"2579"},{"source":"2561","target":"2586"},{"source":"2561","target":"2590"},{"source":"2561","target":"2591"},{"source":"2561","target":"2593"},{"source":"2561","target":"2601"},{"source":"2561","target":"2602"},{"source":"2561","target":"2604"},{"source":"2561","target":"2607"},{"source":"2561","target":"2611"},{"source":"2561","target":"2615"},{"source":"2561","target":"2619"},{"source":"2561","target":"2624"},{"source":"2561","target":"2625"},{"source":"2561","target":"2630"},{"source":"2561","target":"2638"},{"source":"2561","target":"2654"},{"source":"2561","target":"2655"},{"source":"2562","target":"2618"},{"source":"2562","target":"2656"},{"source":"2563","target":"2564"},{"source":"2563","target":"2574"},{"source":"2563","target":"2586"},{"source":"2563","target":"2590"},{"source":"2563","target":"2600"},{"source":"2563","target":"2601"},{"source":"2563","target":"2602"},{"source":"2563","target":"2604"},{"source":"2563","target":"2607"},{"source":"2563","target":"2611"},{"source":"2563","target":"2615"},{"source":"2563","target":"2619"},{"source":"2563","target":"2623"},{"source":"2563","target":"2624"},{"source":"2563","target":"2630"},{"source":"2563","target":"2638"},{"source":"2563","target":"2654"},{"source":"2564","target":"2573"},{"source":"2564","target":"2575"},{"source":"2564","target":"2578"},{"source":"2564","target":"2579"},{"source":"2564","target":"2586"},{"source":"2564","target":"2590"},{"source":"2564","target":"2591"},{"source":"2564","target":"2593"},{"source":"2564","target":"2600"},{"source":"2564","target":"2601"},{"source":"2564","target":"2602"},{"source":"2564","target":"2604"},{"source":"2564","target":"2607"},{"source":"2564","target":"2611"},{"source":"2564","target":"2613"},{"source":"2564","target":"2615"},{"source":"2564","target":"2619"},{"source":"2564","target":"2623"},{"source":"2564","target":"2624"},{"source":"2564","target":"2625"},{"source":"2564","target":"2630"},{"source":"2564","target":"2631"},{"source":"2564","target":"2638"},{"source":"2564","target":"2646"},{"source":"2564","target":"2654"},{"source":"2564","target":"2655"},{"source":"2565","target":"2581"},{"source":"2566","target":"2610"},{"source":"2566","target":"2612"},{"source":"2567","target":"2582"},{"source":"2567","target":"2589"},{"source":"2567","target":"2592"},{"source":"2567","target":"2597"},{"source":"2567","target":"2598"},{"source":"2567","target":"2609"},{"source":"2567","target":"2616"},{"source":"2567","target":"2617"},{"source":"2567","target":"2629"},{"source":"2567","target":"2642"},{"source":"2567","target":"2643"},{"source":"2567","target":"2653"},{"source":"2568","target":"2603"},{"source":"2570","target":"2577"},{"source":"2570","target":"2587"},{"source":"2571","target":"2594"},{"source":"2571","target":"2597"},{"source":"2571","target":"2598"},{"source":"2573","target":"2576"},{"source":"2573","target":"2578"},{"source":"2573","target":"2579"},{"source":"2573","target":"2586"},{"source":"2573","target":"2590"},{"source":"2573","target":"2593"},{"source":"2573","target":"2600"},{"source":"2573","target":"2601"},{"source":"2573","target":"2602"},{"source":"2573","target":"2604"},{"source":"2573","target":"2607"},{"source":"2573","target":"2611"},{"source":"2573","target":"2615"},{"source":"2573","target":"2619"},{"source":"2573","target":"2624"},{"source":"2573","target":"2625"},{"source":"2573","target":"2630"},{"source":"2573","target":"2631"},{"source":"2573","target":"2638"},{"source":"2574","target":"2579"},{"source":"2574","target":"2590"},{"source":"2574","target":"2591"},{"source":"2574","target":"2593"},{"source":"2574","target":"2600"},{"source":"2574","target":"2602"},{"source":"2574","target":"2607"},{"source":"2574","target":"2615"},{"source":"2574","target":"2619"},{"source":"2574","target":"2624"},{"source":"2574","target":"2625"},{"source":"2574","target":"2630"},{"source":"2574","target":"2631"},{"source":"2575","target":"2579"},{"source":"2575","target":"2586"},{"source":"2575","target":"2590"},{"source":"2575","target":"2591"},{"source":"2575","target":"2593"},{"source":"2575","target":"2600"},{"source":"2575","target":"2601"},{"source":"2575","target":"2602"},{"source":"2575","target":"2604"},{"source":"2575","target":"2606"},{"source":"2575","target":"2607"},{"source":"2575","target":"2611"},{"source":"2575","target":"2615"},{"source":"2575","target":"2619"},{"source":"2575","target":"2625"},{"source":"2575","target":"2630"},{"source":"2575","target":"2646"},{"source":"2575","target":"2655"},{"source":"2576","target":"2578"},{"source":"2576","target":"2590"},{"source":"2576","target":"2600"},{"source":"2576","target":"2611"},{"source":"2576","target":"2630"},{"source":"2577","target":"2587"},{"source":"2577","target":"2628"},{"source":"2578","target":"2579"},{"source":"2578","target":"2586"},{"source":"2578","target":"2590"},{"source":"2578","target":"2593"},{"source":"2578","target":"2600"},{"source":"2578","target":"2601"},{"source":"2578","target":"2602"},{"source":"2578","target":"2604"},{"source":"2578","target":"2606"},{"source":"2578","target":"2607"},{"source":"2578","target":"2611"},{"source":"2578","target":"2615"},{"source":"2578","target":"2623"},{"source":"2578","target":"2624"},{"source":"2578","target":"2625"},{"source":"2578","target":"2630"},{"source":"2578","target":"2631"},{"source":"2578","target":"2638"},{"source":"2578","target":"2646"},{"source":"2578","target":"2654"},{"source":"2578","target":"2655"},{"source":"2579","target":"2590"},{"source":"2579","target":"2593"},{"source":"2579","target":"2601"},{"source":"2579","target":"2602"},{"source":"2579","target":"2604"},{"source":"2579","target":"2611"},{"source":"2579","target":"2615"},{"source":"2579","target":"2624"},{"source":"2579","target":"2625"},{"source":"2579","target":"2630"},{"source":"2579","target":"2631"},{"source":"2579","target":"2638"},{"source":"2579","target":"2655"},{"source":"2581","target":"2610"},{"source":"2582","target":"2588"},{"source":"2582","target":"2598"},{"source":"2582","target":"2616"},{"source":"2582","target":"2629"},{"source":"2582","target":"2643"},{"source":"2582","target":"2649"},{"source":"2583","target":"2620"},{"source":"2583","target":"2627"},{"source":"2583","target":"2636"},{"source":"2583","target":"2639"},{"source":"2583","target":"2640"},{"source":"2583","target":"2645"},{"source":"2583","target":"2647"},{"source":"2583","target":"2648"},{"source":"2583","target":"2657"},{"source":"2583","target":"2659"},{"source":"2584","target":"2611"},{"source":"2585","target":"2620"},{"source":"2585","target":"2626"},{"source":"2585","target":"2640"},{"source":"2585","target":"2645"},{"source":"2585","target":"2647"},{"source":"2585","target":"2648"},{"source":"2585","target":"2657"},{"source":"2585","target":"2658"},{"source":"2585","target":"2659"},{"source":"2586","target":"2590"},{"source":"2586","target":"2591"},{"source":"2586","target":"2593"},{"source":"2586","target":"2600"},{"source":"2586","target":"2601"},{"source":"2586","target":"2602"},{"source":"2586","target":"2604"},{"source":"2586","target":"2607"},{"source":"2586","target":"2611"},{"source":"2586","target":"2615"},{"source":"2586","target":"2619"},{"source":"2586","target":"2623"},{"source":"2586","target":"2624"},{"source":"2586","target":"2625"},{"source":"2586","target":"2630"},{"source":"2586","target":"2631"},{"source":"2586","target":"2638"},{"source":"2586","target":"2646"},{"source":"2586","target":"2654"},{"source":"2586","target":"2655"},{"source":"2588","target":"2598"},{"source":"2588","target":"2616"},{"source":"2588","target":"2629"},{"source":"2588","target":"2642"},{"source":"2588","target":"2649"},{"source":"2588","target":"2653"},{"source":"2589","target":"2594"},{"source":"2589","target":"2598"},{"source":"2589","target":"2608"},{"source":"2589","target":"2616"},{"source":"2589","target":"2617"},{"source":"2589","target":"2649"},{"source":"2589","target":"2653"},{"source":"2590","target":"2591"},{"source":"2590","target":"2593"},{"source":"2590","target":"2600"},{"source":"2590","target":"2601"},{"source":"2590","target":"2602"},{"source":"2590","target":"2604"},{"source":"2590","target":"2607"},{"source":"2590","target":"2611"},{"source":"2590","target":"2613"},{"source":"2590","target":"2615"},{"source":"2590","target":"2619"},{"source":"2590","target":"2623"},{"source":"2590","target":"2624"},{"source":"2590","target":"2625"},{"source":"2590","target":"2630"},{"source":"2590","target":"2631"},{"source":"2590","target":"2638"},{"source":"2590","target":"2646"},{"source":"2590","target":"2654"},{"source":"2590","target":"2655"},{"source":"2591","target":"2593"},{"source":"2591","target":"2600"},{"source":"2591","target":"2601"},{"source":"2591","target":"2602"},{"source":"2591","target":"2607"},{"source":"2591","target":"2615"},{"source":"2591","target":"2619"},{"source":"2591","target":"2624"},{"source":"2591","target":"2638"},{"source":"2591","target":"2655"},{"source":"2592","target":"2597"},{"source":"2592","target":"2598"},{"source":"2592","target":"2608"},{"source":"2592","target":"2609"},{"source":"2592","target":"2617"},{"source":"2592","target":"2629"},{"source":"2592","target":"2643"},{"source":"2592","target":"2652"},{"source":"2592","target":"2653"},{"source":"2593","target":"2600"},{"source":"2593","target":"2601"},{"source":"2593","target":"2602"},{"source":"2593","target":"2604"},{"source":"2593","target":"2607"},{"source":"2593","target":"2611"},{"source":"2593","target":"2615"},{"source":"2593","target":"2619"},{"source":"2593","target":"2624"},{"source":"2593","target":"2625"},{"source":"2593","target":"2630"},{"source":"2593","target":"2631"},{"source":"2593","target":"2638"},{"source":"2593","target":"2646"},{"source":"2593","target":"2654"},{"source":"2593","target":"2655"},{"source":"2594","target":"2598"},{"source":"2594","target":"2617"},{"source":"2594","target":"2649"},{"source":"2597","target":"2598"},{"source":"2597","target":"2608"},{"source":"2597","target":"2609"},{"source":"2597","target":"2629"},{"source":"2597","target":"2642"},{"source":"2597","target":"2643"},{"source":"2597","target":"2649"},{"source":"2598","target":"2608"},{"source":"2598","target":"2609"},{"source":"2598","target":"2616"},{"source":"2598","target":"2617"},{"source":"2598","target":"2629"},{"source":"2598","target":"2635"},{"source":"2598","target":"2642"},{"source":"2598","target":"2643"},{"source":"2598","target":"2649"},{"source":"2598","target":"2653"},{"source":"2599","target":"2629"},{"source":"2599","target":"2653"},{"source":"2600","target":"2601"},{"source":"2600","target":"2602"},{"source":"2600","target":"2604"},{"source":"2600","target":"2606"},{"source":"2600","target":"2607"},{"source":"2600","target":"2611"},{"source":"2600","target":"2615"},{"source":"2600","target":"2619"},{"source":"2600","target":"2623"},{"source":"2600","target":"2625"},{"source":"2600","target":"2630"},{"source":"2600","target":"2631"},{"source":"2600","target":"2638"},{"source":"2600","target":"2646"},{"source":"2600","target":"2655"},{"source":"2601","target":"2602"},{"source":"2601","target":"2604"},{"source":"2601","target":"2606"},{"source":"2601","target":"2607"},{"source":"2601","target":"2611"},{"source":"2601","target":"2615"},{"source":"2601","target":"2619"},{"source":"2601","target":"2624"},{"source":"2601","target":"2625"},{"source":"2601","target":"2630"},{"source":"2601","target":"2638"},{"source":"2601","target":"2646"},{"source":"2601","target":"2654"},{"source":"2601","target":"2655"},{"source":"2602","target":"2604"},{"source":"2602","target":"2606"},{"source":"2602","target":"2607"},{"source":"2602","target":"2611"},{"source":"2602","target":"2613"},{"source":"2602","target":"2615"},{"source":"2602","target":"2619"},{"source":"2602","target":"2623"},{"source":"2602","target":"2624"},{"source":"2602","target":"2625"},{"source":"2602","target":"2630"},{"source":"2602","target":"2631"},{"source":"2602","target":"2638"},{"source":"2602","target":"2646"},{"source":"2602","target":"2654"},{"source":"2602","target":"2655"},{"source":"2603","target":"2610"},{"source":"2603","target":"2617"},{"source":"2603","target":"2652"},{"source":"2604","target":"2606"},{"source":"2604","target":"2607"},{"source":"2604","target":"2611"},{"source":"2604","target":"2615"},{"source":"2604","target":"2619"},{"source":"2604","target":"2622"},{"source":"2604","target":"2623"},{"source":"2604","target":"2624"},{"source":"2604","target":"2625"},{"source":"2604","target":"2630"},{"source":"2604","target":"2638"},{"source":"2604","target":"2646"},{"source":"2604","target":"2654"},{"source":"2604","target":"2655"},{"source":"2605","target":"2643"},{"source":"2605","target":"2649"},{"source":"2606","target":"2607"},{"source":"2606","target":"2611"},{"source":"2606","target":"2615"},{"source":"2606","target":"2619"},{"source":"2606","target":"2624"},{"source":"2606","target":"2625"},{"source":"2606","target":"2638"},{"source":"2606","target":"2655"},{"source":"2607","target":"2611"},{"source":"2607","target":"2615"},{"source":"2607","target":"2619"},{"source":"2607","target":"2623"},{"source":"2607","target":"2624"},{"source":"2607","target":"2625"},{"source":"2607","target":"2630"},{"source":"2607","target":"2631"},{"source":"2607","target":"2638"},{"source":"2607","target":"2646"},{"source":"2607","target":"2654"},{"source":"2607","target":"2655"},{"source":"2608","target":"2617"},{"source":"2608","target":"2629"},{"source":"2608","target":"2649"},{"source":"2609","target":"2629"},{"source":"2609","target":"2653"},{"source":"2610","target":"2612"},{"source":"2610","target":"2616"},{"source":"2610","target":"2637"},{"source":"2610","target":"2641"},{"source":"2611","target":"2615"},{"source":"2611","target":"2619"},{"source":"2611","target":"2623"},{"source":"2611","target":"2624"},{"source":"2611","target":"2625"},{"source":"2611","target":"2630"},{"source":"2611","target":"2631"},{"source":"2611","target":"2638"},{"source":"2611","target":"2654"},{"source":"2611","target":"2655"},{"source":"2613","target":"2630"},{"source":"2614","target":"2618"},{"source":"2614","target":"2632"},{"source":"2614","target":"2656"},{"source":"2615","target":"2619"},{"source":"2615","target":"2623"},{"source":"2615","target":"2624"},{"source":"2615","target":"2625"},{"source":"2615","target":"2630"},{"source":"2615","target":"2631"},{"source":"2615","target":"2638"},{"source":"2615","target":"2646"},{"source":"2615","target":"2654"},{"source":"2615","target":"2655"},{"source":"2616","target":"2617"},{"source":"2616","target":"2629"},{"source":"2616","target":"2649"},{"source":"2616","target":"2653"},{"source":"2617","target":"2649"},{"source":"2617","target":"2652"},{"source":"2617","target":"2653"},{"source":"2618","target":"2628"},{"source":"2619","target":"2624"},{"source":"2619","target":"2625"},{"source":"2619","target":"2630"},{"source":"2619","target":"2631"},{"source":"2619","target":"2638"},{"source":"2619","target":"2654"},{"source":"2619","target":"2655"},{"source":"2620","target":"2626"},{"source":"2620","target":"2627"},{"source":"2620","target":"2633"},{"source":"2620","target":"2640"},{"source":"2620","target":"2645"},{"source":"2620","target":"2647"},{"source":"2620","target":"2648"},{"source":"2620","target":"2657"},{"source":"2620","target":"2658"},{"source":"2620","target":"2660"},{"source":"2622","target":"2650"},{"source":"2623","target":"2624"},{"source":"2623","target":"2625"},{"source":"2623","target":"2638"},{"source":"2623","target":"2646"},{"source":"2624","target":"2625"},{"source":"2624","target":"2630"},{"source":"2624","target":"2631"},{"source":"2624","target":"2638"},{"source":"2624","target":"2646"},{"source":"2624","target":"2654"},{"source":"2624","target":"2655"},{"source":"2625","target":"2630"},{"source":"2625","target":"2631"},{"source":"2625","target":"2638"},{"source":"2625","target":"2646"},{"source":"2625","target":"2654"},{"source":"2625","target":"2655"},{"source":"2626","target":"2633"},{"source":"2626","target":"2636"},{"source":"2626","target":"2648"},{"source":"2626","target":"2657"},{"source":"2626","target":"2659"},{"source":"2626","target":"2660"},{"source":"2627","target":"2633"},{"source":"2627","target":"2639"},{"source":"2627","target":"2640"},{"source":"2627","target":"2645"},{"source":"2627","target":"2647"},{"source":"2627","target":"2648"},{"source":"2627","target":"2657"},{"source":"2627","target":"2658"},{"source":"2627","target":"2660"},{"source":"2628","target":"2644"},{"source":"2629","target":"2642"},{"source":"2629","target":"2643"},{"source":"2629","target":"2649"},{"source":"2630","target":"2631"},{"source":"2630","target":"2638"},{"source":"2630","target":"2654"},{"source":"2630","target":"2655"},{"source":"2631","target":"2655"},{"source":"2633","target":"2636"},{"source":"2633","target":"2639"},{"source":"2633","target":"2645"},{"source":"2633","target":"2647"},{"source":"2633","target":"2657"},{"source":"2633","target":"2658"},{"source":"2633","target":"2659"},{"source":"2636","target":"2639"},{"source":"2636","target":"2645"},{"source":"2636","target":"2647"},{"source":"2636","target":"2657"},{"source":"2637","target":"2642"},{"source":"2638","target":"2646"},{"source":"2638","target":"2654"},{"source":"2638","target":"2655"},{"source":"2639","target":"2640"},{"source":"2639","target":"2645"},{"source":"2639","target":"2647"},{"source":"2640","target":"2645"},{"source":"2640","target":"2648"},{"source":"2640","target":"2657"},{"source":"2640","target":"2658"},{"source":"2640","target":"2660"},{"source":"2641","target":"2642"},{"source":"2642","target":"2643"},{"source":"2642","target":"2649"},{"source":"2642","target":"2653"},{"source":"2643","target":"2649"},{"source":"2645","target":"2647"},{"source":"2645","target":"2648"},{"source":"2645","target":"2657"},{"source":"2645","target":"2658"},{"source":"2645","target":"2659"},{"source":"2645","target":"2660"},{"source":"2646","target":"2654"},{"source":"2647","target":"2648"},{"source":"2647","target":"2657"},{"source":"2647","target":"2659"},{"source":"2648","target":"2657"},{"source":"2648","target":"2659"},{"source":"2648","target":"2660"},{"source":"2654","target":"2655"},{"source":"2657","target":"2658"},{"source":"2657","target":"2659"},{"source":"2657","target":"2660"},{"source":"2658","target":"2659"},{"source":"2658","target":"2660"},{"source":"2659","target":"2660"},{"source":"2661","target":"2674"},{"source":"2661","target":"2687"},{"source":"2661","target":"2708"},{"source":"2661","target":"2716"},{"source":"2661","target":"2719"},{"source":"2661","target":"2742"},{"source":"2661","target":"2765"},{"source":"2661","target":"2770"},{"source":"2661","target":"2778"},{"source":"2661","target":"2780"},{"source":"2661","target":"2785"},{"source":"2661","target":"2790"},{"source":"2661","target":"2793"},{"source":"2661","target":"2828"},{"source":"2661","target":"2833"},{"source":"2661","target":"2849"},{"source":"2661","target":"2853"},{"source":"2661","target":"2863"},{"source":"2661","target":"2869"},{"source":"2661","target":"2875"},{"source":"2661","target":"2876"},{"source":"2661","target":"2894"},{"source":"2661","target":"2901"},{"source":"2661","target":"2904"},{"source":"2661","target":"2914"},{"source":"2661","target":"2937"},{"source":"2661","target":"2939"},{"source":"2661","target":"2950"},{"source":"2661","target":"2970"},{"source":"2661","target":"2973"},{"source":"2661","target":"2989"},{"source":"2661","target":"2991"},{"source":"2661","target":"3007"},{"source":"2661","target":"3021"},{"source":"2661","target":"3035"},{"source":"2661","target":"3038"},{"source":"2661","target":"3049"},{"source":"2661","target":"3060"},{"source":"2661","target":"3070"},{"source":"2661","target":"3076"},{"source":"2661","target":"3082"},{"source":"2661","target":"3101"},{"source":"2661","target":"3102"},{"source":"2661","target":"3115"},{"source":"2661","target":"3116"},{"source":"2661","target":"3120"},{"source":"2661","target":"3132"},{"source":"2661","target":"3140"},{"source":"2661","target":"3146"},{"source":"2661","target":"3150"},{"source":"2661","target":"3152"},{"source":"2661","target":"3154"},{"source":"2661","target":"3169"},{"source":"2661","target":"3172"},{"source":"2661","target":"3179"},{"source":"2661","target":"3182"},{"source":"2661","target":"3185"},{"source":"2661","target":"3188"},{"source":"2661","target":"3198"},{"source":"2661","target":"3201"},{"source":"2661","target":"3206"},{"source":"2661","target":"3224"},{"source":"2661","target":"3239"},{"source":"2661","target":"3247"},{"source":"2661","target":"3252"},{"source":"2661","target":"3261"},{"source":"2661","target":"3265"},{"source":"2661","target":"3272"},{"source":"2661","target":"3274"},{"source":"2661","target":"3276"},{"source":"2661","target":"3277"},{"source":"2661","target":"3280"},{"source":"2661","target":"3291"},{"source":"2661","target":"3296"},{"source":"2661","target":"3297"},{"source":"2661","target":"3302"},{"source":"2661","target":"3316"},{"source":"2661","target":"3320"},{"source":"2661","target":"3321"},{"source":"2661","target":"3330"},{"source":"2661","target":"3332"},{"source":"2661","target":"3335"},{"source":"2661","target":"3344"},{"source":"2661","target":"3347"},{"source":"2661","target":"3350"},{"source":"2661","target":"3351"},{"source":"2661","target":"3353"},{"source":"2661","target":"3355"},{"source":"2661","target":"3360"},{"source":"2661","target":"3381"},{"source":"2661","target":"3391"},{"source":"2661","target":"3396"},{"source":"2661","target":"3397"},{"source":"2661","target":"3406"},{"source":"2661","target":"3411"},{"source":"2661","target":"3416"},{"source":"2661","target":"3419"},{"source":"2661","target":"3434"},{"source":"2662","target":"2716"},{"source":"2662","target":"2724"},{"source":"2662","target":"2728"},{"source":"2662","target":"2737"},{"source":"2662","target":"2753"},{"source":"2662","target":"2783"},{"source":"2662","target":"2804"},{"source":"2662","target":"2830"},{"source":"2662","target":"2951"},{"source":"2662","target":"2984"},{"source":"2662","target":"3002"},{"source":"2662","target":"3019"},{"source":"2662","target":"3027"},{"source":"2662","target":"3051"},{"source":"2662","target":"3107"},{"source":"2662","target":"3118"},{"source":"2662","target":"3152"},{"source":"2662","target":"3154"},{"source":"2662","target":"3162"},{"source":"2662","target":"3168"},{"source":"2662","target":"3177"},{"source":"2662","target":"3191"},{"source":"2662","target":"3192"},{"source":"2662","target":"3198"},{"source":"2662","target":"3206"},{"source":"2662","target":"3207"},{"source":"2662","target":"3233"},{"source":"2662","target":"3274"},{"source":"2662","target":"3291"},{"source":"2662","target":"3316"},{"source":"2662","target":"3346"},{"source":"2662","target":"3353"},{"source":"2662","target":"3366"},{"source":"2662","target":"3397"},{"source":"2662","target":"3412"},{"source":"2662","target":"3415"},{"source":"2663","target":"2710"},{"source":"2663","target":"2726"},{"source":"2663","target":"2731"},{"source":"2663","target":"2738"},{"source":"2663","target":"2786"},{"source":"2663","target":"2789"},{"source":"2663","target":"2851"},{"source":"2663","target":"2873"},{"source":"2663","target":"2888"},{"source":"2663","target":"2890"},{"source":"2663","target":"2899"},{"source":"2663","target":"2978"},{"source":"2663","target":"3084"},{"source":"2663","target":"3090"},{"source":"2663","target":"3104"},{"source":"2663","target":"3114"},{"source":"2663","target":"3130"},{"source":"2663","target":"3137"},{"source":"2663","target":"3139"},{"source":"2663","target":"3229"},{"source":"2663","target":"3231"},{"source":"2663","target":"3300"},{"source":"2663","target":"3426"},{"source":"2663","target":"3428"},{"source":"2663","target":"3430"},{"source":"2664","target":"2669"},{"source":"2664","target":"2673"},{"source":"2664","target":"2676"},{"source":"2664","target":"2694"},{"source":"2664","target":"2698"},{"source":"2664","target":"2717"},{"source":"2664","target":"2738"},{"source":"2664","target":"2745"},{"source":"2664","target":"2746"},{"source":"2664","target":"2749"},{"source":"2664","target":"2750"},{"source":"2664","target":"2754"},{"source":"2664","target":"2755"},{"source":"2664","target":"2757"},{"source":"2664","target":"2773"},{"source":"2664","target":"2777"},{"source":"2664","target":"2782"},{"source":"2664","target":"2786"},{"source":"2664","target":"2800"},{"source":"2664","target":"2806"},{"source":"2664","target":"2815"},{"source":"2664","target":"2835"},{"source":"2664","target":"2839"},{"source":"2664","target":"2862"},{"source":"2664","target":"2864"},{"source":"2664","target":"2866"},{"source":"2664","target":"2872"},{"source":"2664","target":"2877"},{"source":"2664","target":"2890"},{"source":"2664","target":"2897"},{"source":"2664","target":"2905"},{"source":"2664","target":"2906"},{"source":"2664","target":"2908"},{"source":"2664","target":"2909"},{"source":"2664","target":"2910"},{"source":"2664","target":"2912"},{"source":"2664","target":"2915"},{"source":"2664","target":"2916"},{"source":"2664","target":"2919"},{"source":"2664","target":"2920"},{"source":"2664","target":"2925"},{"source":"2664","target":"2929"},{"source":"2664","target":"2931"},{"source":"2664","target":"2940"},{"source":"2664","target":"2960"},{"source":"2664","target":"2966"},{"source":"2664","target":"2967"},{"source":"2664","target":"2969"},{"source":"2664","target":"2974"},{"source":"2664","target":"2986"},{"source":"2664","target":"2988"},{"source":"2664","target":"3004"},{"source":"2664","target":"3022"},{"source":"2664","target":"3029"},{"source":"2664","target":"3033"},{"source":"2664","target":"3040"},{"source":"2664","target":"3054"},{"source":"2664","target":"3064"},{"source":"2664","target":"3078"},{"source":"2664","target":"3090"},{"source":"2664","target":"3096"},{"source":"2664","target":"3098"},{"source":"2664","target":"3104"},{"source":"2664","target":"3108"},{"source":"2664","target":"3142"},{"source":"2664","target":"3149"},{"source":"2664","target":"3174"},{"source":"2664","target":"3184"},{"source":"2664","target":"3195"},{"source":"2664","target":"3226"},{"source":"2664","target":"3232"},{"source":"2664","target":"3250"},{"source":"2664","target":"3284"},{"source":"2664","target":"3304"},{"source":"2664","target":"3324"},{"source":"2664","target":"3339"},{"source":"2664","target":"3348"},{"source":"2664","target":"3362"},{"source":"2664","target":"3363"},{"source":"2664","target":"3384"},{"source":"2664","target":"3387"},{"source":"2664","target":"3426"},{"source":"2665","target":"2675"},{"source":"2665","target":"2711"},{"source":"2665","target":"2716"},{"source":"2665","target":"2730"},{"source":"2665","target":"2753"},{"source":"2665","target":"2781"},{"source":"2665","target":"2791"},{"source":"2665","target":"2843"},{"source":"2665","target":"2844"},{"source":"2665","target":"2914"},{"source":"2665","target":"2921"},{"source":"2665","target":"2942"},{"source":"2665","target":"2951"},{"source":"2665","target":"2955"},{"source":"2665","target":"2984"},{"source":"2665","target":"2989"},{"source":"2665","target":"2999"},{"source":"2665","target":"3017"},{"source":"2665","target":"3020"},{"source":"2665","target":"3027"},{"source":"2665","target":"3035"},{"source":"2665","target":"3082"},{"source":"2665","target":"3107"},{"source":"2665","target":"3136"},{"source":"2665","target":"3140"},{"source":"2665","target":"3151"},{"source":"2665","target":"3198"},{"source":"2665","target":"3214"},{"source":"2665","target":"3224"},{"source":"2665","target":"3240"},{"source":"2665","target":"3248"},{"source":"2665","target":"3249"},{"source":"2665","target":"3253"},{"source":"2665","target":"3259"},{"source":"2665","target":"3263"},{"source":"2665","target":"3274"},{"source":"2665","target":"3299"},{"source":"2665","target":"3326"},{"source":"2665","target":"3327"},{"source":"2665","target":"3328"},{"source":"2665","target":"3330"},{"source":"2665","target":"3337"},{"source":"2665","target":"3342"},{"source":"2665","target":"3345"},{"source":"2665","target":"3386"},{"source":"2665","target":"3395"},{"source":"2665","target":"3397"},{"source":"2665","target":"3406"},{"source":"2665","target":"3411"},{"source":"2666","target":"2669"},{"source":"2666","target":"2676"},{"source":"2666","target":"2689"},{"source":"2666","target":"2698"},{"source":"2666","target":"2717"},{"source":"2666","target":"2749"},{"source":"2666","target":"2750"},{"source":"2666","target":"2755"},{"source":"2666","target":"2773"},{"source":"2666","target":"2782"},{"source":"2666","target":"2786"},{"source":"2666","target":"2815"},{"source":"2666","target":"2827"},{"source":"2666","target":"2839"},{"source":"2666","target":"2851"},{"source":"2666","target":"2866"},{"source":"2666","target":"2872"},{"source":"2666","target":"2877"},{"source":"2666","target":"2897"},{"source":"2666","target":"2905"},{"source":"2666","target":"2906"},{"source":"2666","target":"2909"},{"source":"2666","target":"2912"},{"source":"2666","target":"2913"},{"source":"2666","target":"2915"},{"source":"2666","target":"2916"},{"source":"2666","target":"2917"},{"source":"2666","target":"2956"},{"source":"2666","target":"2966"},{"source":"2666","target":"2985"},{"source":"2666","target":"2988"},{"source":"2666","target":"2993"},{"source":"2666","target":"3004"},{"source":"2666","target":"3014"},{"source":"2666","target":"3022"},{"source":"2666","target":"3026"},{"source":"2666","target":"3033"},{"source":"2666","target":"3040"},{"source":"2666","target":"3047"},{"source":"2666","target":"3064"},{"source":"2666","target":"3078"},{"source":"2666","target":"3084"},{"source":"2666","target":"3090"},{"source":"2666","target":"3096"},{"source":"2666","target":"3098"},{"source":"2666","target":"3108"},{"source":"2666","target":"3142"},{"source":"2666","target":"3149"},{"source":"2666","target":"3174"},{"source":"2666","target":"3226"},{"source":"2666","target":"3232"},{"source":"2666","target":"3250"},{"source":"2666","target":"3284"},{"source":"2666","target":"3339"},{"source":"2666","target":"3348"},{"source":"2666","target":"3363"},{"source":"2666","target":"3364"},{"source":"2666","target":"3384"},{"source":"2666","target":"3387"},{"source":"2666","target":"3426"},{"source":"2667","target":"2690"},{"source":"2667","target":"2711"},{"source":"2667","target":"2762"},{"source":"2667","target":"2784"},{"source":"2667","target":"2841"},{"source":"2667","target":"2856"},{"source":"2667","target":"2868"},{"source":"2667","target":"2921"},{"source":"2667","target":"3050"},{"source":"2667","target":"3087"},{"source":"2667","target":"3099"},{"source":"2667","target":"3211"},{"source":"2667","target":"3214"},{"source":"2667","target":"3242"},{"source":"2667","target":"3277"},{"source":"2667","target":"3313"},{"source":"2667","target":"3329"},{"source":"2667","target":"3349"},{"source":"2667","target":"3353"},{"source":"2668","target":"2702"},{"source":"2668","target":"2727"},{"source":"2668","target":"2751"},{"source":"2668","target":"2772"},{"source":"2668","target":"2795"},{"source":"2668","target":"2832"},{"source":"2668","target":"2946"},{"source":"2668","target":"2958"},{"source":"2668","target":"3038"},{"source":"2668","target":"3043"},{"source":"2668","target":"3048"},{"source":"2668","target":"3093"},{"source":"2668","target":"3110"},{"source":"2668","target":"3117"},{"source":"2668","target":"3134"},{"source":"2668","target":"3138"},{"source":"2668","target":"3140"},{"source":"2668","target":"3154"},{"source":"2668","target":"3177"},{"source":"2668","target":"3178"},{"source":"2668","target":"3204"},{"source":"2668","target":"3215"},{"source":"2668","target":"3256"},{"source":"2668","target":"3276"},{"source":"2668","target":"3279"},{"source":"2668","target":"3291"},{"source":"2668","target":"3305"},{"source":"2668","target":"3307"},{"source":"2668","target":"3321"},{"source":"2668","target":"3341"},{"source":"2668","target":"3357"},{"source":"2668","target":"3374"},{"source":"2668","target":"3380"},{"source":"2669","target":"2676"},{"source":"2669","target":"2679"},{"source":"2669","target":"2680"},{"source":"2669","target":"2683"},{"source":"2669","target":"2689"},{"source":"2669","target":"2694"},{"source":"2669","target":"2698"},{"source":"2669","target":"2705"},{"source":"2669","target":"2738"},{"source":"2669","target":"2745"},{"source":"2669","target":"2750"},{"source":"2669","target":"2754"},{"source":"2669","target":"2755"},{"source":"2669","target":"2757"},{"source":"2669","target":"2761"},{"source":"2669","target":"2777"},{"source":"2669","target":"2782"},{"source":"2669","target":"2786"},{"source":"2669","target":"2800"},{"source":"2669","target":"2827"},{"source":"2669","target":"2839"},{"source":"2669","target":"2850"},{"source":"2669","target":"2864"},{"source":"2669","target":"2866"},{"source":"2669","target":"2867"},{"source":"2669","target":"2872"},{"source":"2669","target":"2874"},{"source":"2669","target":"2877"},{"source":"2669","target":"2880"},{"source":"2669","target":"2896"},{"source":"2669","target":"2897"},{"source":"2669","target":"2905"},{"source":"2669","target":"2906"},{"source":"2669","target":"2908"},{"source":"2669","target":"2909"},{"source":"2669","target":"2910"},{"source":"2669","target":"2911"},{"source":"2669","target":"2912"},{"source":"2669","target":"2913"},{"source":"2669","target":"2916"},{"source":"2669","target":"2919"},{"source":"2669","target":"2920"},{"source":"2669","target":"2925"},{"source":"2669","target":"2927"},{"source":"2669","target":"2940"},{"source":"2669","target":"2943"},{"source":"2669","target":"2944"},{"source":"2669","target":"2956"},{"source":"2669","target":"2960"},{"source":"2669","target":"2966"},{"source":"2669","target":"2969"},{"source":"2669","target":"2974"},{"source":"2669","target":"2985"},{"source":"2669","target":"2986"},{"source":"2669","target":"2994"},{"source":"2669","target":"3000"},{"source":"2669","target":"3004"},{"source":"2669","target":"3022"},{"source":"2669","target":"3026"},{"source":"2669","target":"3033"},{"source":"2669","target":"3040"},{"source":"2669","target":"3047"},{"source":"2669","target":"3054"},{"source":"2669","target":"3056"},{"source":"2669","target":"3064"},{"source":"2669","target":"3065"},{"source":"2669","target":"3078"},{"source":"2669","target":"3084"},{"source":"2669","target":"3085"},{"source":"2669","target":"3096"},{"source":"2669","target":"3098"},{"source":"2669","target":"3104"},{"source":"2669","target":"3108"},{"source":"2669","target":"3129"},{"source":"2669","target":"3142"},{"source":"2669","target":"3149"},{"source":"2669","target":"3174"},{"source":"2669","target":"3184"},{"source":"2669","target":"3226"},{"source":"2669","target":"3228"},{"source":"2669","target":"3232"},{"source":"2669","target":"3237"},{"source":"2669","target":"3274"},{"source":"2669","target":"3284"},{"source":"2669","target":"3301"},{"source":"2669","target":"3324"},{"source":"2669","target":"3339"},{"source":"2669","target":"3348"},{"source":"2669","target":"3362"},{"source":"2669","target":"3363"},{"source":"2669","target":"3384"},{"source":"2669","target":"3387"},{"source":"2669","target":"3390"},{"source":"2669","target":"3426"},{"source":"2670","target":"2699"},{"source":"2670","target":"2703"},{"source":"2670","target":"2767"},{"source":"2670","target":"2834"},{"source":"2670","target":"2879"},{"source":"2670","target":"2889"},{"source":"2670","target":"2959"},{"source":"2670","target":"2972"},{"source":"2670","target":"2982"},{"source":"2670","target":"3008"},{"source":"2670","target":"3283"},{"source":"2670","target":"3309"},{"source":"2670","target":"3311"},{"source":"2670","target":"3314"},{"source":"2670","target":"3318"},{"source":"2670","target":"3325"},{"source":"2670","target":"3382"},{"source":"2670","target":"3423"},{"source":"2671","target":"2721"},{"source":"2671","target":"2824"},{"source":"2671","target":"2962"},{"source":"2671","target":"3077"},{"source":"2671","target":"3091"},{"source":"2672","target":"2684"},{"source":"2672","target":"2701"},{"source":"2672","target":"2708"},{"source":"2672","target":"2719"},{"source":"2672","target":"2778"},{"source":"2672","target":"2781"},{"source":"2672","target":"2796"},{"source":"2672","target":"2797"},{"source":"2672","target":"2823"},{"source":"2672","target":"2875"},{"source":"2672","target":"2881"},{"source":"2672","target":"2894"},{"source":"2672","target":"2937"},{"source":"2672","target":"3011"},{"source":"2672","target":"3076"},{"source":"2672","target":"3079"},{"source":"2672","target":"3113"},{"source":"2672","target":"3145"},{"source":"2672","target":"3179"},{"source":"2672","target":"3182"},{"source":"2672","target":"3185"},{"source":"2672","target":"3255"},{"source":"2672","target":"3258"},{"source":"2672","target":"3261"},{"source":"2672","target":"3262"},{"source":"2672","target":"3274"},{"source":"2672","target":"3280"},{"source":"2672","target":"3298"},{"source":"2672","target":"3319"},{"source":"2672","target":"3320"},{"source":"2672","target":"3332"},{"source":"2672","target":"3350"},{"source":"2672","target":"3351"},{"source":"2672","target":"3386"},{"source":"2672","target":"3396"},{"source":"2672","target":"3411"},{"source":"2673","target":"2694"},{"source":"2673","target":"2706"},{"source":"2673","target":"2754"},{"source":"2673","target":"2761"},{"source":"2673","target":"2763"},{"source":"2673","target":"2777"},{"source":"2673","target":"2806"},{"source":"2673","target":"2839"},{"source":"2673","target":"2864"},{"source":"2673","target":"2877"},{"source":"2673","target":"2890"},{"source":"2673","target":"2909"},{"source":"2673","target":"2912"},{"source":"2673","target":"2919"},{"source":"2673","target":"2943"},{"source":"2673","target":"2944"},{"source":"2673","target":"2948"},{"source":"2673","target":"3004"},{"source":"2673","target":"3023"},{"source":"2673","target":"3052"},{"source":"2673","target":"3184"},{"source":"2673","target":"3193"},{"source":"2673","target":"3324"},{"source":"2673","target":"3363"},{"source":"2673","target":"3414"},{"source":"2673","target":"3426"},{"source":"2673","target":"3436"},{"source":"2674","target":"2742"},{"source":"2674","target":"2765"},{"source":"2674","target":"2770"},{"source":"2674","target":"2772"},{"source":"2674","target":"2778"},{"source":"2674","target":"2781"},{"source":"2674","target":"2793"},{"source":"2674","target":"2796"},{"source":"2674","target":"2828"},{"source":"2674","target":"2833"},{"source":"2674","target":"2849"},{"source":"2674","target":"2853"},{"source":"2674","target":"2863"},{"source":"2674","target":"2869"},{"source":"2674","target":"2939"},{"source":"2674","target":"2970"},{"source":"2674","target":"2991"},{"source":"2674","target":"3016"},{"source":"2674","target":"3017"},{"source":"2674","target":"3021"},{"source":"2674","target":"3035"},{"source":"2674","target":"3049"},{"source":"2674","target":"3051"},{"source":"2674","target":"3070"},{"source":"2674","target":"3082"},{"source":"2674","target":"3097"},{"source":"2674","target":"3101"},{"source":"2674","target":"3102"},{"source":"2674","target":"3113"},{"source":"2674","target":"3115"},{"source":"2674","target":"3116"},{"source":"2674","target":"3120"},{"source":"2674","target":"3132"},{"source":"2674","target":"3140"},{"source":"2674","target":"3145"},{"source":"2674","target":"3146"},{"source":"2674","target":"3150"},{"source":"2674","target":"3152"},{"source":"2674","target":"3169"},{"source":"2674","target":"3179"},{"source":"2674","target":"3185"},{"source":"2674","target":"3192"},{"source":"2674","target":"3201"},{"source":"2674","target":"3204"},{"source":"2674","target":"3206"},{"source":"2674","target":"3239"},{"source":"2674","target":"3247"},{"source":"2674","target":"3252"},{"source":"2674","target":"3265"},{"source":"2674","target":"3267"},{"source":"2674","target":"3277"},{"source":"2674","target":"3280"},{"source":"2674","target":"3288"},{"source":"2674","target":"3291"},{"source":"2674","target":"3296"},{"source":"2674","target":"3297"},{"source":"2674","target":"3316"},{"source":"2674","target":"3330"},{"source":"2674","target":"3344"},{"source":"2674","target":"3347"},{"source":"2674","target":"3350"},{"source":"2674","target":"3351"},{"source":"2674","target":"3381"},{"source":"2674","target":"3391"},{"source":"2674","target":"3397"},{"source":"2674","target":"3416"},{"source":"2674","target":"3419"},{"source":"2674","target":"3434"},{"source":"2675","target":"2686"},{"source":"2675","target":"2702"},{"source":"2675","target":"2730"},{"source":"2675","target":"2781"},{"source":"2675","target":"2833"},{"source":"2675","target":"2843"},{"source":"2675","target":"2871"},{"source":"2675","target":"2904"},{"source":"2675","target":"2914"},{"source":"2675","target":"2932"},{"source":"2675","target":"2955"},{"source":"2675","target":"2999"},{"source":"2675","target":"3087"},{"source":"2675","target":"3107"},{"source":"2675","target":"3132"},{"source":"2675","target":"3136"},{"source":"2675","target":"3150"},{"source":"2675","target":"3154"},{"source":"2675","target":"3171"},{"source":"2675","target":"3187"},{"source":"2675","target":"3189"},{"source":"2675","target":"3196"},{"source":"2675","target":"3198"},{"source":"2675","target":"3219"},{"source":"2675","target":"3253"},{"source":"2675","target":"3256"},{"source":"2675","target":"3259"},{"source":"2675","target":"3264"},{"source":"2675","target":"3327"},{"source":"2675","target":"3330"},{"source":"2675","target":"3337"},{"source":"2675","target":"3341"},{"source":"2675","target":"3369"},{"source":"2675","target":"3395"},{"source":"2675","target":"3404"},{"source":"2675","target":"3411"},{"source":"2676","target":"2683"},{"source":"2676","target":"2689"},{"source":"2676","target":"2694"},{"source":"2676","target":"2698"},{"source":"2676","target":"2705"},{"source":"2676","target":"2717"},{"source":"2676","target":"2745"},{"source":"2676","target":"2754"},{"source":"2676","target":"2755"},{"source":"2676","target":"2757"},{"source":"2676","target":"2777"},{"source":"2676","target":"2782"},{"source":"2676","target":"2800"},{"source":"2676","target":"2815"},{"source":"2676","target":"2827"},{"source":"2676","target":"2839"},{"source":"2676","target":"2864"},{"source":"2676","target":"2866"},{"source":"2676","target":"2867"},{"source":"2676","target":"2872"},{"source":"2676","target":"2873"},{"source":"2676","target":"2877"},{"source":"2676","target":"2896"},{"source":"2676","target":"2897"},{"source":"2676","target":"2905"},{"source":"2676","target":"2906"},{"source":"2676","target":"2909"},{"source":"2676","target":"2911"},{"source":"2676","target":"2912"},{"source":"2676","target":"2913"},{"source":"2676","target":"2916"},{"source":"2676","target":"2917"},{"source":"2676","target":"2919"},{"source":"2676","target":"2920"},{"source":"2676","target":"2925"},{"source":"2676","target":"2927"},{"source":"2676","target":"2943"},{"source":"2676","target":"2944"},{"source":"2676","target":"2946"},{"source":"2676","target":"2960"},{"source":"2676","target":"2966"},{"source":"2676","target":"2969"},{"source":"2676","target":"2985"},{"source":"2676","target":"2986"},{"source":"2676","target":"2994"},{"source":"2676","target":"3010"},{"source":"2676","target":"3022"},{"source":"2676","target":"3033"},{"source":"2676","target":"3036"},{"source":"2676","target":"3040"},{"source":"2676","target":"3047"},{"source":"2676","target":"3056"},{"source":"2676","target":"3064"},{"source":"2676","target":"3065"},{"source":"2676","target":"3078"},{"source":"2676","target":"3080"},{"source":"2676","target":"3085"},{"source":"2676","target":"3096"},{"source":"2676","target":"3098"},{"source":"2676","target":"3108"},{"source":"2676","target":"3142"},{"source":"2676","target":"3149"},{"source":"2676","target":"3174"},{"source":"2676","target":"3184"},{"source":"2676","target":"3193"},{"source":"2676","target":"3195"},{"source":"2676","target":"3226"},{"source":"2676","target":"3232"},{"source":"2676","target":"3250"},{"source":"2676","target":"3284"},{"source":"2676","target":"3301"},{"source":"2676","target":"3304"},{"source":"2676","target":"3339"},{"source":"2676","target":"3348"},{"source":"2676","target":"3363"},{"source":"2676","target":"3364"},{"source":"2676","target":"3387"},{"source":"2676","target":"3390"},{"source":"2676","target":"3426"},{"source":"2677","target":"2688"},{"source":"2677","target":"2764"},{"source":"2677","target":"2923"},{"source":"2677","target":"2971"},{"source":"2677","target":"2999"},{"source":"2677","target":"3020"},{"source":"2677","target":"3103"},{"source":"2677","target":"3185"},{"source":"2677","target":"3302"},{"source":"2677","target":"3375"},{"source":"2677","target":"3420"},{"source":"2678","target":"2760"},{"source":"2678","target":"3057"},{"source":"2678","target":"3164"},{"source":"2678","target":"3222"},{"source":"2678","target":"3263"},{"source":"2679","target":"2681"},{"source":"2679","target":"2683"},{"source":"2679","target":"2689"},{"source":"2679","target":"2729"},{"source":"2679","target":"2738"},{"source":"2679","target":"2741"},{"source":"2679","target":"2750"},{"source":"2679","target":"2754"},{"source":"2679","target":"2755"},{"source":"2679","target":"2756"},{"source":"2679","target":"2757"},{"source":"2679","target":"2763"},{"source":"2679","target":"2773"},{"source":"2679","target":"2777"},{"source":"2679","target":"2786"},{"source":"2679","target":"2800"},{"source":"2679","target":"2810"},{"source":"2679","target":"2835"},{"source":"2679","target":"2839"},{"source":"2679","target":"2862"},{"source":"2679","target":"2864"},{"source":"2679","target":"2873"},{"source":"2679","target":"2880"},{"source":"2679","target":"2887"},{"source":"2679","target":"2890"},{"source":"2679","target":"2896"},{"source":"2679","target":"2905"},{"source":"2679","target":"2906"},{"source":"2679","target":"2907"},{"source":"2679","target":"2910"},{"source":"2679","target":"2911"},{"source":"2679","target":"2915"},{"source":"2679","target":"2916"},{"source":"2679","target":"2920"},{"source":"2679","target":"2924"},{"source":"2679","target":"2927"},{"source":"2679","target":"2928"},{"source":"2679","target":"2929"},{"source":"2679","target":"2931"},{"source":"2679","target":"2940"},{"source":"2679","target":"2944"},{"source":"2679","target":"2946"},{"source":"2679","target":"2953"},{"source":"2679","target":"2956"},{"source":"2679","target":"2960"},{"source":"2679","target":"2966"},{"source":"2679","target":"2969"},{"source":"2679","target":"2977"},{"source":"2679","target":"2985"},{"source":"2679","target":"2986"},{"source":"2679","target":"2987"},{"source":"2679","target":"2988"},{"source":"2679","target":"2993"},{"source":"2679","target":"2994"},{"source":"2679","target":"3000"},{"source":"2679","target":"3004"},{"source":"2679","target":"3014"},{"source":"2679","target":"3025"},{"source":"2679","target":"3026"},{"source":"2679","target":"3029"},{"source":"2679","target":"3046"},{"source":"2679","target":"3054"},{"source":"2679","target":"3056"},{"source":"2679","target":"3073"},{"source":"2679","target":"3078"},{"source":"2679","target":"3084"},{"source":"2679","target":"3090"},{"source":"2679","target":"3104"},{"source":"2679","target":"3108"},{"source":"2679","target":"3119"},{"source":"2679","target":"3135"},{"source":"2679","target":"3142"},{"source":"2679","target":"3158"},{"source":"2679","target":"3174"},{"source":"2679","target":"3184"},{"source":"2679","target":"3195"},{"source":"2679","target":"3220"},{"source":"2679","target":"3238"},{"source":"2679","target":"3243"},{"source":"2679","target":"3257"},{"source":"2679","target":"3293"},{"source":"2679","target":"3324"},{"source":"2679","target":"3339"},{"source":"2679","target":"3362"},{"source":"2679","target":"3363"},{"source":"2679","target":"3364"},{"source":"2679","target":"3384"},{"source":"2679","target":"3417"},{"source":"2679","target":"3426"},{"source":"2679","target":"3433"},{"source":"2679","target":"3435"},{"source":"2680","target":"2689"},{"source":"2680","target":"2694"},{"source":"2680","target":"2705"},{"source":"2680","target":"2706"},{"source":"2680","target":"2743"},{"source":"2680","target":"2749"},{"source":"2680","target":"2750"},{"source":"2680","target":"2755"},{"source":"2680","target":"2757"},{"source":"2680","target":"2763"},{"source":"2680","target":"2800"},{"source":"2680","target":"2815"},{"source":"2680","target":"2835"},{"source":"2680","target":"2839"},{"source":"2680","target":"2877"},{"source":"2680","target":"2891"},{"source":"2680","target":"2905"},{"source":"2680","target":"2911"},{"source":"2680","target":"2916"},{"source":"2680","target":"2917"},{"source":"2680","target":"2925"},{"source":"2680","target":"2927"},{"source":"2680","target":"2943"},{"source":"2680","target":"2944"},{"source":"2680","target":"2960"},{"source":"2680","target":"2966"},{"source":"2680","target":"2974"},{"source":"2680","target":"2986"},{"source":"2680","target":"3022"},{"source":"2680","target":"3029"},{"source":"2680","target":"3033"},{"source":"2680","target":"3054"},{"source":"2680","target":"3056"},{"source":"2680","target":"3064"},{"source":"2680","target":"3078"},{"source":"2680","target":"3085"},{"source":"2680","target":"3096"},{"source":"2680","target":"3129"},{"source":"2680","target":"3149"},{"source":"2680","target":"3174"},{"source":"2680","target":"3193"},{"source":"2680","target":"3195"},{"source":"2680","target":"3228"},{"source":"2680","target":"3232"},{"source":"2680","target":"3284"},{"source":"2680","target":"3304"},{"source":"2680","target":"3339"},{"source":"2680","target":"3348"},{"source":"2680","target":"3363"},{"source":"2680","target":"3387"},{"source":"2680","target":"3426"},{"source":"2681","target":"2683"},{"source":"2681","target":"2689"},{"source":"2681","target":"2738"},{"source":"2681","target":"2741"},{"source":"2681","target":"2743"},{"source":"2681","target":"2754"},{"source":"2681","target":"2756"},{"source":"2681","target":"2757"},{"source":"2681","target":"2763"},{"source":"2681","target":"2773"},{"source":"2681","target":"2782"},{"source":"2681","target":"2786"},{"source":"2681","target":"2800"},{"source":"2681","target":"2835"},{"source":"2681","target":"2839"},{"source":"2681","target":"2862"},{"source":"2681","target":"2864"},{"source":"2681","target":"2916"},{"source":"2681","target":"2924"},{"source":"2681","target":"2925"},{"source":"2681","target":"2929"},{"source":"2681","target":"2931"},{"source":"2681","target":"2944"},{"source":"2681","target":"2945"},{"source":"2681","target":"2956"},{"source":"2681","target":"2969"},{"source":"2681","target":"2994"},{"source":"2681","target":"3014"},{"source":"2681","target":"3029"},{"source":"2681","target":"3054"},{"source":"2681","target":"3056"},{"source":"2681","target":"3085"},{"source":"2681","target":"3090"},{"source":"2681","target":"3129"},{"source":"2681","target":"3184"},{"source":"2681","target":"3228"},{"source":"2681","target":"3257"},{"source":"2681","target":"3293"},{"source":"2681","target":"3301"},{"source":"2681","target":"3324"},{"source":"2681","target":"3363"},{"source":"2681","target":"3387"},{"source":"2681","target":"3433"},{"source":"2682","target":"2692"},{"source":"2682","target":"2724"},{"source":"2682","target":"2737"},{"source":"2682","target":"2775"},{"source":"2682","target":"2900"},{"source":"2682","target":"3001"},{"source":"2682","target":"3018"},{"source":"2682","target":"3019"},{"source":"2682","target":"3068"},{"source":"2682","target":"3100"},{"source":"2682","target":"3168"},{"source":"2682","target":"3233"},{"source":"2682","target":"3295"},{"source":"2682","target":"3334"},{"source":"2682","target":"3366"},{"source":"2683","target":"2689"},{"source":"2683","target":"2729"},{"source":"2683","target":"2731"},{"source":"2683","target":"2738"},{"source":"2683","target":"2741"},{"source":"2683","target":"2743"},{"source":"2683","target":"2754"},{"source":"2683","target":"2756"},{"source":"2683","target":"2761"},{"source":"2683","target":"2773"},{"source":"2683","target":"2786"},{"source":"2683","target":"2794"},{"source":"2683","target":"2807"},{"source":"2683","target":"2809"},{"source":"2683","target":"2810"},{"source":"2683","target":"2837"},{"source":"2683","target":"2839"},{"source":"2683","target":"2854"},{"source":"2683","target":"2862"},{"source":"2683","target":"2867"},{"source":"2683","target":"2873"},{"source":"2683","target":"2874"},{"source":"2683","target":"2887"},{"source":"2683","target":"2890"},{"source":"2683","target":"2906"},{"source":"2683","target":"2915"},{"source":"2683","target":"2927"},{"source":"2683","target":"2931"},{"source":"2683","target":"2943"},{"source":"2683","target":"2944"},{"source":"2683","target":"2945"},{"source":"2683","target":"2953"},{"source":"2683","target":"2956"},{"source":"2683","target":"2966"},{"source":"2683","target":"2977"},{"source":"2683","target":"2993"},{"source":"2683","target":"2994"},{"source":"2683","target":"3000"},{"source":"2683","target":"3010"},{"source":"2683","target":"3025"},{"source":"2683","target":"3026"},{"source":"2683","target":"3029"},{"source":"2683","target":"3036"},{"source":"2683","target":"3080"},{"source":"2683","target":"3084"},{"source":"2683","target":"3090"},{"source":"2683","target":"3096"},{"source":"2683","target":"3104"},{"source":"2683","target":"3119"},{"source":"2683","target":"3123"},{"source":"2683","target":"3129"},{"source":"2683","target":"3137"},{"source":"2683","target":"3158"},{"source":"2683","target":"3220"},{"source":"2683","target":"3232"},{"source":"2683","target":"3237"},{"source":"2683","target":"3238"},{"source":"2683","target":"3257"},{"source":"2683","target":"3286"},{"source":"2683","target":"3293"},{"source":"2683","target":"3301"},{"source":"2683","target":"3324"},{"source":"2683","target":"3362"},{"source":"2683","target":"3363"},{"source":"2683","target":"3364"},{"source":"2683","target":"3387"},{"source":"2683","target":"3390"},{"source":"2683","target":"3394"},{"source":"2683","target":"3400"},{"source":"2683","target":"3417"},{"source":"2683","target":"3426"},{"source":"2683","target":"3433"},{"source":"2683","target":"3435"},{"source":"2684","target":"2701"},{"source":"2684","target":"2708"},{"source":"2684","target":"2737"},{"source":"2684","target":"2775"},{"source":"2684","target":"2797"},{"source":"2684","target":"2823"},{"source":"2684","target":"2875"},{"source":"2684","target":"2894"},{"source":"2684","target":"2937"},{"source":"2684","target":"2976"},{"source":"2684","target":"3011"},{"source":"2684","target":"3051"},{"source":"2684","target":"3060"},{"source":"2684","target":"3076"},{"source":"2684","target":"3079"},{"source":"2684","target":"3152"},{"source":"2684","target":"3172"},{"source":"2684","target":"3179"},{"source":"2684","target":"3182"},{"source":"2684","target":"3258"},{"source":"2684","target":"3262"},{"source":"2684","target":"3320"},{"source":"2684","target":"3332"},{"source":"2684","target":"3350"},{"source":"2684","target":"3396"},{"source":"2684","target":"3434"},{"source":"2685","target":"2724"},{"source":"2685","target":"2865"},{"source":"2685","target":"2957"},{"source":"2685","target":"3011"},{"source":"2685","target":"3061"},{"source":"2685","target":"3081"},{"source":"2685","target":"3136"},{"source":"2685","target":"3263"},{"source":"2685","target":"3279"},{"source":"2685","target":"3345"},{"source":"2685","target":"3405"},{"source":"2686","target":"2702"},{"source":"2686","target":"2871"},{"source":"2686","target":"2932"},{"source":"2686","target":"2950"},{"source":"2686","target":"3002"},{"source":"2686","target":"3034"},{"source":"2686","target":"3075"},{"source":"2686","target":"3107"},{"source":"2686","target":"3111"},{"source":"2686","target":"3115"},{"source":"2686","target":"3136"},{"source":"2686","target":"3189"},{"source":"2686","target":"3196"},{"source":"2686","target":"3198"},{"source":"2686","target":"3217"},{"source":"2686","target":"3219"},{"source":"2686","target":"3256"},{"source":"2686","target":"3259"},{"source":"2686","target":"3264"},{"source":"2686","target":"3337"},{"source":"2686","target":"3395"},{"source":"2686","target":"3404"},{"source":"2687","target":"2716"},{"source":"2687","target":"2742"},{"source":"2687","target":"2748"},{"source":"2687","target":"2780"},{"source":"2687","target":"2785"},{"source":"2687","target":"2846"},{"source":"2687","target":"2914"},{"source":"2687","target":"3013"},{"source":"2687","target":"3038"},{"source":"2687","target":"3046"},{"source":"2687","target":"3089"},{"source":"2687","target":"3194"},{"source":"2687","target":"3209"},{"source":"2687","target":"3212"},{"source":"2687","target":"3320"},{"source":"2687","target":"3321"},{"source":"2687","target":"3345"},{"source":"2687","target":"3360"},{"source":"2687","target":"3397"},{"source":"2688","target":"2693"},{"source":"2688","target":"2725"},{"source":"2688","target":"2764"},{"source":"2688","target":"2903"},{"source":"2688","target":"3086"},{"source":"2688","target":"3146"},{"source":"2688","target":"3205"},{"source":"2688","target":"3302"},{"source":"2688","target":"3328"},{"source":"2689","target":"2694"},{"source":"2689","target":"2705"},{"source":"2689","target":"2706"},{"source":"2689","target":"2717"},{"source":"2689","target":"2729"},{"source":"2689","target":"2743"},{"source":"2689","target":"2750"},{"source":"2689","target":"2754"},{"source":"2689","target":"2757"},{"source":"2689","target":"2763"},{"source":"2689","target":"2777"},{"source":"2689","target":"2782"},{"source":"2689","target":"2800"},{"source":"2689","target":"2810"},{"source":"2689","target":"2815"},{"source":"2689","target":"2827"},{"source":"2689","target":"2835"},{"source":"2689","target":"2839"},{"source":"2689","target":"2867"},{"source":"2689","target":"2896"},{"source":"2689","target":"2907"},{"source":"2689","target":"2910"},{"source":"2689","target":"2916"},{"source":"2689","target":"2917"},{"source":"2689","target":"2920"},{"source":"2689","target":"2925"},{"source":"2689","target":"2927"},{"source":"2689","target":"2943"},{"source":"2689","target":"2944"},{"source":"2689","target":"2945"},{"source":"2689","target":"2966"},{"source":"2689","target":"2969"},{"source":"2689","target":"2974"},{"source":"2689","target":"2986"},{"source":"2689","target":"3000"},{"source":"2689","target":"3022"},{"source":"2689","target":"3056"},{"source":"2689","target":"3064"},{"source":"2689","target":"3065"},{"source":"2689","target":"3073"},{"source":"2689","target":"3078"},{"source":"2689","target":"3085"},{"source":"2689","target":"3096"},{"source":"2689","target":"3108"},{"source":"2689","target":"3117"},{"source":"2689","target":"3135"},{"source":"2689","target":"3142"},{"source":"2689","target":"3158"},{"source":"2689","target":"3220"},{"source":"2689","target":"3232"},{"source":"2689","target":"3284"},{"source":"2689","target":"3301"},{"source":"2689","target":"3324"},{"source":"2689","target":"3348"},{"source":"2689","target":"3363"},{"source":"2689","target":"3387"},{"source":"2689","target":"3417"},{"source":"2689","target":"3426"},{"source":"2689","target":"3433"},{"source":"2690","target":"2723"},{"source":"2690","target":"2730"},{"source":"2690","target":"2735"},{"source":"2690","target":"2759"},{"source":"2690","target":"2762"},{"source":"2690","target":"2784"},{"source":"2690","target":"2787"},{"source":"2690","target":"2803"},{"source":"2690","target":"2836"},{"source":"2690","target":"2844"},{"source":"2690","target":"2856"},{"source":"2690","target":"2871"},{"source":"2690","target":"2881"},{"source":"2690","target":"2882"},{"source":"2690","target":"2921"},{"source":"2690","target":"2996"},{"source":"2690","target":"3018"},{"source":"2690","target":"3020"},{"source":"2690","target":"3099"},{"source":"2690","target":"3100"},{"source":"2690","target":"3196"},{"source":"2690","target":"3242"},{"source":"2690","target":"3275"},{"source":"2690","target":"3342"},{"source":"2690","target":"3349"},{"source":"2690","target":"3353"},{"source":"2690","target":"3365"},{"source":"2690","target":"3383"},{"source":"2690","target":"3395"},{"source":"2691","target":"2792"},{"source":"2691","target":"3037"},{"source":"2692","target":"2951"},{"source":"2692","target":"3162"},{"source":"2692","target":"3233"},{"source":"2693","target":"2764"},{"source":"2693","target":"2802"},{"source":"2693","target":"2822"},{"source":"2693","target":"2903"},{"source":"2693","target":"2949"},{"source":"2693","target":"2999"},{"source":"2693","target":"3069"},{"source":"2693","target":"3156"},{"source":"2693","target":"3278"},{"source":"2693","target":"3302"},{"source":"2693","target":"3310"},{"source":"2693","target":"3319"},{"source":"2693","target":"3361"},{"source":"2693","target":"3397"},{"source":"2694","target":"2706"},{"source":"2694","target":"2717"},{"source":"2694","target":"2738"},{"source":"2694","target":"2749"},{"source":"2694","target":"2750"},{"source":"2694","target":"2754"},{"source":"2694","target":"2755"},{"source":"2694","target":"2757"},{"source":"2694","target":"2763"},{"source":"2694","target":"2773"},{"source":"2694","target":"2777"},{"source":"2694","target":"2782"},{"source":"2694","target":"2786"},{"source":"2694","target":"2787"},{"source":"2694","target":"2800"},{"source":"2694","target":"2806"},{"source":"2694","target":"2815"},{"source":"2694","target":"2827"},{"source":"2694","target":"2835"},{"source":"2694","target":"2839"},{"source":"2694","target":"2862"},{"source":"2694","target":"2863"},{"source":"2694","target":"2864"},{"source":"2694","target":"2872"},{"source":"2694","target":"2877"},{"source":"2694","target":"2880"},{"source":"2694","target":"2896"},{"source":"2694","target":"2897"},{"source":"2694","target":"2905"},{"source":"2694","target":"2908"},{"source":"2694","target":"2910"},{"source":"2694","target":"2912"},{"source":"2694","target":"2913"},{"source":"2694","target":"2915"},{"source":"2694","target":"2916"},{"source":"2694","target":"2919"},{"source":"2694","target":"2920"},{"source":"2694","target":"2925"},{"source":"2694","target":"2927"},{"source":"2694","target":"2928"},{"source":"2694","target":"2940"},{"source":"2694","target":"2943"},{"source":"2694","target":"2944"},{"source":"2694","target":"2946"},{"source":"2694","target":"2948"},{"source":"2694","target":"2956"},{"source":"2694","target":"2960"},{"source":"2694","target":"2966"},{"source":"2694","target":"2974"},{"source":"2694","target":"2986"},{"source":"2694","target":"2988"},{"source":"2694","target":"3000"},{"source":"2694","target":"3004"},{"source":"2694","target":"3022"},{"source":"2694","target":"3023"},{"source":"2694","target":"3033"},{"source":"2694","target":"3056"},{"source":"2694","target":"3064"},{"source":"2694","target":"3065"},{"source":"2694","target":"3078"},{"source":"2694","target":"3085"},{"source":"2694","target":"3090"},{"source":"2694","target":"3096"},{"source":"2694","target":"3104"},{"source":"2694","target":"3108"},{"source":"2694","target":"3142"},{"source":"2694","target":"3149"},{"source":"2694","target":"3174"},{"source":"2694","target":"3195"},{"source":"2694","target":"3202"},{"source":"2694","target":"3226"},{"source":"2694","target":"3232"},{"source":"2694","target":"3250"},{"source":"2694","target":"3284"},{"source":"2694","target":"3301"},{"source":"2694","target":"3304"},{"source":"2694","target":"3324"},{"source":"2694","target":"3339"},{"source":"2694","target":"3348"},{"source":"2694","target":"3363"},{"source":"2694","target":"3364"},{"source":"2694","target":"3384"},{"source":"2694","target":"3387"},{"source":"2694","target":"3388"},{"source":"2694","target":"3417"},{"source":"2694","target":"3426"},{"source":"2695","target":"2706"},{"source":"2695","target":"2806"},{"source":"2695","target":"2839"},{"source":"2695","target":"2867"},{"source":"2695","target":"2920"},{"source":"2695","target":"2943"},{"source":"2695","target":"2967"},{"source":"2695","target":"3023"},{"source":"2695","target":"3213"},{"source":"2695","target":"3303"},{"source":"2696","target":"2697"},{"source":"2696","target":"2735"},{"source":"2696","target":"2751"},{"source":"2696","target":"2784"},{"source":"2696","target":"2820"},{"source":"2696","target":"2870"},{"source":"2696","target":"2934"},{"source":"2696","target":"3001"},{"source":"2696","target":"3107"},{"source":"2696","target":"3140"},{"source":"2696","target":"3186"},{"source":"2696","target":"3244"},{"source":"2696","target":"3246"},{"source":"2696","target":"3248"},{"source":"2696","target":"3274"},{"source":"2696","target":"3275"},{"source":"2696","target":"3295"},{"source":"2696","target":"3360"},{"source":"2697","target":"2820"},{"source":"2697","target":"2870"},{"source":"2697","target":"2934"},{"source":"2697","target":"2962"},{"source":"2697","target":"2992"},{"source":"2697","target":"3001"},{"source":"2697","target":"3186"},{"source":"2697","target":"3244"},{"source":"2697","target":"3246"},{"source":"2697","target":"3275"},{"source":"2697","target":"3288"},{"source":"2697","target":"3292"},{"source":"2697","target":"3295"},{"source":"2697","target":"3373"},{"source":"2698","target":"2729"},{"source":"2698","target":"2749"},{"source":"2698","target":"2750"},{"source":"2698","target":"2754"},{"source":"2698","target":"2757"},{"source":"2698","target":"2782"},{"source":"2698","target":"2786"},{"source":"2698","target":"2800"},{"source":"2698","target":"2815"},{"source":"2698","target":"2827"},{"source":"2698","target":"2839"},{"source":"2698","target":"2866"},{"source":"2698","target":"2867"},{"source":"2698","target":"2872"},{"source":"2698","target":"2873"},{"source":"2698","target":"2877"},{"source":"2698","target":"2890"},{"source":"2698","target":"2905"},{"source":"2698","target":"2906"},{"source":"2698","target":"2909"},{"source":"2698","target":"2910"},{"source":"2698","target":"2911"},{"source":"2698","target":"2912"},{"source":"2698","target":"2913"},{"source":"2698","target":"2915"},{"source":"2698","target":"2927"},{"source":"2698","target":"2940"},{"source":"2698","target":"2946"},{"source":"2698","target":"2956"},{"source":"2698","target":"2960"},{"source":"2698","target":"2966"},{"source":"2698","target":"2969"},{"source":"2698","target":"2974"},{"source":"2698","target":"2985"},{"source":"2698","target":"2986"},{"source":"2698","target":"2988"},{"source":"2698","target":"3022"},{"source":"2698","target":"3026"},{"source":"2698","target":"3033"},{"source":"2698","target":"3047"},{"source":"2698","target":"3052"},{"source":"2698","target":"3064"},{"source":"2698","target":"3078"},{"source":"2698","target":"3090"},{"source":"2698","target":"3096"},{"source":"2698","target":"3098"},{"source":"2698","target":"3104"},{"source":"2698","target":"3117"},{"source":"2698","target":"3119"},{"source":"2698","target":"3142"},{"source":"2698","target":"3149"},{"source":"2698","target":"3195"},{"source":"2698","target":"3226"},{"source":"2698","target":"3232"},{"source":"2698","target":"3234"},{"source":"2698","target":"3284"},{"source":"2698","target":"3324"},{"source":"2698","target":"3339"},{"source":"2698","target":"3348"},{"source":"2698","target":"3387"},{"source":"2698","target":"3400"},{"source":"2698","target":"3417"},{"source":"2698","target":"3426"},{"source":"2698","target":"3430"},{"source":"2699","target":"2703"},{"source":"2699","target":"2959"},{"source":"2699","target":"2972"},{"source":"2699","target":"2982"},{"source":"2699","target":"3008"},{"source":"2699","target":"3283"},{"source":"2699","target":"3309"},{"source":"2699","target":"3311"},{"source":"2699","target":"3318"},{"source":"2699","target":"3325"},{"source":"2699","target":"3382"},{"source":"2700","target":"2709"},{"source":"2700","target":"2784"},{"source":"2700","target":"2791"},{"source":"2700","target":"2811"},{"source":"2700","target":"2812"},{"source":"2700","target":"2818"},{"source":"2700","target":"2848"},{"source":"2700","target":"2957"},{"source":"2700","target":"3067"},{"source":"2700","target":"3248"},{"source":"2700","target":"3253"},{"source":"2700","target":"3328"},{"source":"2700","target":"3373"},{"source":"2700","target":"3431"},{"source":"2701","target":"2708"},{"source":"2701","target":"2719"},{"source":"2701","target":"2797"},{"source":"2701","target":"2823"},{"source":"2701","target":"2875"},{"source":"2701","target":"2894"},{"source":"2701","target":"2937"},{"source":"2701","target":"2976"},{"source":"2701","target":"3011"},{"source":"2701","target":"3076"},{"source":"2701","target":"3079"},{"source":"2701","target":"3179"},{"source":"2701","target":"3182"},{"source":"2701","target":"3258"},{"source":"2701","target":"3261"},{"source":"2701","target":"3262"},{"source":"2701","target":"3280"},{"source":"2701","target":"3287"},{"source":"2701","target":"3298"},{"source":"2701","target":"3320"},{"source":"2701","target":"3332"},{"source":"2701","target":"3350"},{"source":"2701","target":"3396"},{"source":"2702","target":"2739"},{"source":"2702","target":"2748"},{"source":"2702","target":"2859"},{"source":"2702","target":"2871"},{"source":"2702","target":"2954"},{"source":"2702","target":"3027"},{"source":"2702","target":"3034"},{"source":"2702","target":"3107"},{"source":"2702","target":"3136"},{"source":"2702","target":"3189"},{"source":"2702","target":"3198"},{"source":"2702","target":"3211"},{"source":"2702","target":"3219"},{"source":"2702","target":"3236"},{"source":"2702","target":"3275"},{"source":"2702","target":"3323"},{"source":"2702","target":"3330"},{"source":"2702","target":"3337"},{"source":"2702","target":"3341"},{"source":"2702","target":"3395"},{"source":"2703","target":"2834"},{"source":"2703","target":"2879"},{"source":"2703","target":"2889"},{"source":"2703","target":"2959"},{"source":"2703","target":"2972"},{"source":"2703","target":"2982"},{"source":"2703","target":"3008"},{"source":"2703","target":"3283"},{"source":"2703","target":"3309"},{"source":"2703","target":"3311"},{"source":"2703","target":"3314"},{"source":"2703","target":"3318"},{"source":"2703","target":"3325"},{"source":"2703","target":"3382"},{"source":"2703","target":"3423"},{"source":"2705","target":"2754"},{"source":"2705","target":"2815"},{"source":"2705","target":"2839"},{"source":"2705","target":"2867"},{"source":"2705","target":"2874"},{"source":"2705","target":"2896"},{"source":"2705","target":"2916"},{"source":"2705","target":"2924"},{"source":"2705","target":"2925"},{"source":"2705","target":"2943"},{"source":"2705","target":"2969"},{"source":"2705","target":"3033"},{"source":"2705","target":"3054"},{"source":"2705","target":"3056"},{"source":"2705","target":"3085"},{"source":"2705","target":"3129"},{"source":"2705","target":"3193"},{"source":"2705","target":"3301"},{"source":"2705","target":"3304"},{"source":"2705","target":"3363"},{"source":"2705","target":"3387"},{"source":"2705","target":"3426"},{"source":"2706","target":"2743"},{"source":"2706","target":"2749"},{"source":"2706","target":"2750"},{"source":"2706","target":"2754"},{"source":"2706","target":"2761"},{"source":"2706","target":"2763"},{"source":"2706","target":"2777"},{"source":"2706","target":"2782"},{"source":"2706","target":"2786"},{"source":"2706","target":"2800"},{"source":"2706","target":"2806"},{"source":"2706","target":"2810"},{"source":"2706","target":"2827"},{"source":"2706","target":"2839"},{"source":"2706","target":"2864"},{"source":"2706","target":"2867"},{"source":"2706","target":"2877"},{"source":"2706","target":"2880"},{"source":"2706","target":"2891"},{"source":"2706","target":"2896"},{"source":"2706","target":"2905"},{"source":"2706","target":"2910"},{"source":"2706","target":"2911"},{"source":"2706","target":"2920"},{"source":"2706","target":"2927"},{"source":"2706","target":"2928"},{"source":"2706","target":"2931"},{"source":"2706","target":"2940"},{"source":"2706","target":"2943"},{"source":"2706","target":"2944"},{"source":"2706","target":"2945"},{"source":"2706","target":"2946"},{"source":"2706","target":"2948"},{"source":"2706","target":"2960"},{"source":"2706","target":"2966"},{"source":"2706","target":"2967"},{"source":"2706","target":"2969"},{"source":"2706","target":"2974"},{"source":"2706","target":"2986"},{"source":"2706","target":"3000"},{"source":"2706","target":"3004"},{"source":"2706","target":"3023"},{"source":"2706","target":"3052"},{"source":"2706","target":"3056"},{"source":"2706","target":"3096"},{"source":"2706","target":"3184"},{"source":"2706","target":"3193"},{"source":"2706","target":"3213"},{"source":"2706","target":"3220"},{"source":"2706","target":"3234"},{"source":"2706","target":"3237"},{"source":"2706","target":"3286"},{"source":"2706","target":"3293"},{"source":"2706","target":"3294"},{"source":"2706","target":"3303"},{"source":"2706","target":"3324"},{"source":"2706","target":"3362"},{"source":"2706","target":"3363"},{"source":"2706","target":"3414"},{"source":"2706","target":"3417"},{"source":"2706","target":"3426"},{"source":"2707","target":"2719"},{"source":"2707","target":"2778"},{"source":"2707","target":"2781"},{"source":"2707","target":"2938"},{"source":"2707","target":"2957"},{"source":"2707","target":"2964"},{"source":"2707","target":"3019"},{"source":"2707","target":"3062"},{"source":"2707","target":"3133"},{"source":"2707","target":"3145"},{"source":"2707","target":"3182"},{"source":"2707","target":"3320"},{"source":"2707","target":"3331"},{"source":"2708","target":"2719"},{"source":"2708","target":"2796"},{"source":"2708","target":"2797"},{"source":"2708","target":"2823"},{"source":"2708","target":"2828"},{"source":"2708","target":"2845"},{"source":"2708","target":"2869"},{"source":"2708","target":"2875"},{"source":"2708","target":"2894"},{"source":"2708","target":"2937"},{"source":"2708","target":"2995"},{"source":"2708","target":"3011"},{"source":"2708","target":"3051"},{"source":"2708","target":"3076"},{"source":"2708","target":"3079"},{"source":"2708","target":"3115"},{"source":"2708","target":"3145"},{"source":"2708","target":"3172"},{"source":"2708","target":"3179"},{"source":"2708","target":"3182"},{"source":"2708","target":"3258"},{"source":"2708","target":"3262"},{"source":"2708","target":"3298"},{"source":"2708","target":"3320"},{"source":"2708","target":"3332"},{"source":"2708","target":"3350"},{"source":"2708","target":"3396"},{"source":"2708","target":"3397"},{"source":"2708","target":"3434"},{"source":"2709","target":"2735"},{"source":"2709","target":"2772"},{"source":"2709","target":"2780"},{"source":"2709","target":"2795"},{"source":"2709","target":"2812"},{"source":"2709","target":"3015"},{"source":"2709","target":"3138"},{"source":"2709","target":"3178"},{"source":"2709","target":"3211"},{"source":"2709","target":"3307"},{"source":"2710","target":"2749"},{"source":"2710","target":"2769"},{"source":"2710","target":"2807"},{"source":"2710","target":"2809"},{"source":"2710","target":"2851"},{"source":"2710","target":"2978"},{"source":"2710","target":"3090"},{"source":"2710","target":"3095"},{"source":"2710","target":"3130"},{"source":"2710","target":"3300"},{"source":"2710","target":"3426"},{"source":"2711","target":"2714"},{"source":"2711","target":"2723"},{"source":"2711","target":"2724"},{"source":"2711","target":"2748"},{"source":"2711","target":"2758"},{"source":"2711","target":"2779"},{"source":"2711","target":"2825"},{"source":"2711","target":"2829"},{"source":"2711","target":"2881"},{"source":"2711","target":"2921"},{"source":"2711","target":"2923"},{"source":"2711","target":"2942"},{"source":"2711","target":"2951"},{"source":"2711","target":"2989"},{"source":"2711","target":"3009"},{"source":"2711","target":"3019"},{"source":"2711","target":"3062"},{"source":"2711","target":"3077"},{"source":"2711","target":"3118"},{"source":"2711","target":"3162"},{"source":"2711","target":"3177"},{"source":"2711","target":"3198"},{"source":"2711","target":"3207"},{"source":"2711","target":"3233"},{"source":"2711","target":"3285"},{"source":"2711","target":"3296"},{"source":"2711","target":"3366"},{"source":"2711","target":"3412"},{"source":"2712","target":"2716"},{"source":"2712","target":"2742"},{"source":"2712","target":"2748"},{"source":"2712","target":"2778"},{"source":"2712","target":"2780"},{"source":"2712","target":"2785"},{"source":"2712","target":"2796"},{"source":"2712","target":"2833"},{"source":"2712","target":"2849"},{"source":"2712","target":"2853"},{"source":"2712","target":"2859"},{"source":"2712","target":"2950"},{"source":"2712","target":"2989"},{"source":"2712","target":"2991"},{"source":"2712","target":"3035"},{"source":"2712","target":"3038"},{"source":"2712","target":"3070"},{"source":"2712","target":"3101"},{"source":"2712","target":"3120"},{"source":"2712","target":"3132"},{"source":"2712","target":"3150"},{"source":"2712","target":"3188"},{"source":"2712","target":"3198"},{"source":"2712","target":"3201"},{"source":"2712","target":"3224"},{"source":"2712","target":"3240"},{"source":"2712","target":"3252"},{"source":"2712","target":"3277"},{"source":"2712","target":"3280"},{"source":"2712","target":"3288"},{"source":"2712","target":"3291"},{"source":"2712","target":"3296"},{"source":"2712","target":"3299"},{"source":"2712","target":"3321"},{"source":"2712","target":"3335"},{"source":"2712","target":"3345"},{"source":"2712","target":"3347"},{"source":"2712","target":"3350"},{"source":"2712","target":"3351"},{"source":"2712","target":"3357"},{"source":"2712","target":"3411"},{"source":"2712","target":"3415"},{"source":"2712","target":"3434"},{"source":"2713","target":"2728"},{"source":"2713","target":"2729"},{"source":"2713","target":"2951"},{"source":"2713","target":"2990"},{"source":"2713","target":"3007"},{"source":"2713","target":"3038"},{"source":"2713","target":"3077"},{"source":"2713","target":"3082"},{"source":"2713","target":"3086"},{"source":"2713","target":"3103"},{"source":"2713","target":"3106"},{"source":"2713","target":"3120"},{"source":"2713","target":"3154"},{"source":"2713","target":"3176"},{"source":"2713","target":"3207"},{"source":"2713","target":"3223"},{"source":"2713","target":"3224"},{"source":"2713","target":"3240"},{"source":"2713","target":"3241"},{"source":"2713","target":"3252"},{"source":"2713","target":"3285"},{"source":"2713","target":"3291"},{"source":"2713","target":"3321"},{"source":"2713","target":"3344"},{"source":"2713","target":"3371"},{"source":"2713","target":"3391"},{"source":"2713","target":"3406"},{"source":"2713","target":"3410"},{"source":"2713","target":"3412"},{"source":"2713","target":"3420"},{"source":"2714","target":"2979"},{"source":"2715","target":"2723"},{"source":"2715","target":"2747"},{"source":"2715","target":"2787"},{"source":"2715","target":"2831"},{"source":"2715","target":"2832"},{"source":"2715","target":"2844"},{"source":"2715","target":"2859"},{"source":"2715","target":"2863"},{"source":"2715","target":"2865"},{"source":"2715","target":"2868"},{"source":"2715","target":"2881"},{"source":"2715","target":"2901"},{"source":"2715","target":"2936"},{"source":"2715","target":"3027"},{"source":"2715","target":"3050"},{"source":"2715","target":"3087"},{"source":"2715","target":"3146"},{"source":"2715","target":"3171"},{"source":"2715","target":"3187"},{"source":"2715","target":"3208"},{"source":"2715","target":"3214"},{"source":"2715","target":"3256"},{"source":"2715","target":"3259"},{"source":"2715","target":"3264"},{"source":"2715","target":"3276"},{"source":"2715","target":"3291"},{"source":"2715","target":"3312"},{"source":"2715","target":"3330"},{"source":"2715","target":"3347"},{"source":"2715","target":"3365"},{"source":"2715","target":"3393"},{"source":"2716","target":"2719"},{"source":"2716","target":"2720"},{"source":"2716","target":"2730"},{"source":"2716","target":"2742"},{"source":"2716","target":"2748"},{"source":"2716","target":"2753"},{"source":"2716","target":"2780"},{"source":"2716","target":"2783"},{"source":"2716","target":"2785"},{"source":"2716","target":"2793"},{"source":"2716","target":"2796"},{"source":"2716","target":"2797"},{"source":"2716","target":"2828"},{"source":"2716","target":"2830"},{"source":"2716","target":"2844"},{"source":"2716","target":"2845"},{"source":"2716","target":"2846"},{"source":"2716","target":"2853"},{"source":"2716","target":"2859"},{"source":"2716","target":"2863"},{"source":"2716","target":"2868"},{"source":"2716","target":"2901"},{"source":"2716","target":"2904"},{"source":"2716","target":"2914"},{"source":"2716","target":"2936"},{"source":"2716","target":"2939"},{"source":"2716","target":"2951"},{"source":"2716","target":"2973"},{"source":"2716","target":"2984"},{"source":"2716","target":"2989"},{"source":"2716","target":"2990"},{"source":"2716","target":"2992"},{"source":"2716","target":"3002"},{"source":"2716","target":"3007"},{"source":"2716","target":"3013"},{"source":"2716","target":"3015"},{"source":"2716","target":"3017"},{"source":"2716","target":"3027"},{"source":"2716","target":"3034"},{"source":"2716","target":"3038"},{"source":"2716","target":"3041"},{"source":"2716","target":"3046"},{"source":"2716","target":"3051"},{"source":"2716","target":"3058"},{"source":"2716","target":"3060"},{"source":"2716","target":"3070"},{"source":"2716","target":"3077"},{"source":"2716","target":"3082"},{"source":"2716","target":"3089"},{"source":"2716","target":"3097"},{"source":"2716","target":"3101"},{"source":"2716","target":"3106"},{"source":"2716","target":"3107"},{"source":"2716","target":"3109"},{"source":"2716","target":"3110"},{"source":"2716","target":"3140"},{"source":"2716","target":"3150"},{"source":"2716","target":"3154"},{"source":"2716","target":"3188"},{"source":"2716","target":"3191"},{"source":"2716","target":"3198"},{"source":"2716","target":"3206"},{"source":"2716","target":"3209"},{"source":"2716","target":"3212"},{"source":"2716","target":"3240"},{"source":"2716","target":"3260"},{"source":"2716","target":"3263"},{"source":"2716","target":"3267"},{"source":"2716","target":"3274"},{"source":"2716","target":"3276"},{"source":"2716","target":"3280"},{"source":"2716","target":"3287"},{"source":"2716","target":"3288"},{"source":"2716","target":"3291"},{"source":"2716","target":"3299"},{"source":"2716","target":"3313"},{"source":"2716","target":"3320"},{"source":"2716","target":"3321"},{"source":"2716","target":"3345"},{"source":"2716","target":"3347"},{"source":"2716","target":"3350"},{"source":"2716","target":"3352"},{"source":"2716","target":"3353"},{"source":"2716","target":"3360"},{"source":"2716","target":"3385"},{"source":"2716","target":"3397"},{"source":"2716","target":"3403"},{"source":"2716","target":"3406"},{"source":"2716","target":"3434"},{"source":"2717","target":"2754"},{"source":"2717","target":"2755"},{"source":"2717","target":"2757"},{"source":"2717","target":"2777"},{"source":"2717","target":"2782"},{"source":"2717","target":"2815"},{"source":"2717","target":"2827"},{"source":"2717","target":"2839"},{"source":"2717","target":"2864"},{"source":"2717","target":"2866"},{"source":"2717","target":"2867"},{"source":"2717","target":"2872"},{"source":"2717","target":"2877"},{"source":"2717","target":"2897"},{"source":"2717","target":"2905"},{"source":"2717","target":"2910"},{"source":"2717","target":"2911"},{"source":"2717","target":"2912"},{"source":"2717","target":"2913"},{"source":"2717","target":"2916"},{"source":"2717","target":"2920"},{"source":"2717","target":"2925"},{"source":"2717","target":"2940"},{"source":"2717","target":"2956"},{"source":"2717","target":"2966"},{"source":"2717","target":"2985"},{"source":"2717","target":"2986"},{"source":"2717","target":"3022"},{"source":"2717","target":"3033"},{"source":"2717","target":"3047"},{"source":"2717","target":"3056"},{"source":"2717","target":"3064"},{"source":"2717","target":"3065"},{"source":"2717","target":"3078"},{"source":"2717","target":"3085"},{"source":"2717","target":"3096"},{"source":"2717","target":"3098"},{"source":"2717","target":"3108"},{"source":"2717","target":"3142"},{"source":"2717","target":"3174"},{"source":"2717","target":"3195"},{"source":"2717","target":"3226"},{"source":"2717","target":"3250"},{"source":"2717","target":"3339"},{"source":"2717","target":"3348"},{"source":"2717","target":"3363"},{"source":"2717","target":"3387"},{"source":"2717","target":"3426"},{"source":"2718","target":"2758"},{"source":"2718","target":"2832"},{"source":"2718","target":"2843"},{"source":"2718","target":"2883"},{"source":"2718","target":"2901"},{"source":"2718","target":"2932"},{"source":"2718","target":"2955"},{"source":"2718","target":"3032"},{"source":"2718","target":"3043"},{"source":"2718","target":"3076"},{"source":"2718","target":"3081"},{"source":"2718","target":"3087"},{"source":"2718","target":"3107"},{"source":"2718","target":"3115"},{"source":"2718","target":"3136"},{"source":"2718","target":"3167"},{"source":"2718","target":"3173"},{"source":"2718","target":"3187"},{"source":"2718","target":"3196"},{"source":"2718","target":"3198"},{"source":"2718","target":"3236"},{"source":"2718","target":"3253"},{"source":"2718","target":"3255"},{"source":"2718","target":"3256"},{"source":"2718","target":"3263"},{"source":"2718","target":"3264"},{"source":"2718","target":"3296"},{"source":"2718","target":"3330"},{"source":"2718","target":"3331"},{"source":"2718","target":"3335"},{"source":"2718","target":"3350"},{"source":"2718","target":"3369"},{"source":"2718","target":"3385"},{"source":"2718","target":"3396"},{"source":"2718","target":"3402"},{"source":"2718","target":"3418"},{"source":"2719","target":"2720"},{"source":"2719","target":"2742"},{"source":"2719","target":"2753"},{"source":"2719","target":"2778"},{"source":"2719","target":"2785"},{"source":"2719","target":"2793"},{"source":"2719","target":"2796"},{"source":"2719","target":"2797"},{"source":"2719","target":"2823"},{"source":"2719","target":"2828"},{"source":"2719","target":"2833"},{"source":"2719","target":"2840"},{"source":"2719","target":"2853"},{"source":"2719","target":"2863"},{"source":"2719","target":"2869"},{"source":"2719","target":"2875"},{"source":"2719","target":"2881"},{"source":"2719","target":"2894"},{"source":"2719","target":"2936"},{"source":"2719","target":"2937"},{"source":"2719","target":"2939"},{"source":"2719","target":"2973"},{"source":"2719","target":"2976"},{"source":"2719","target":"2991"},{"source":"2719","target":"2992"},{"source":"2719","target":"3005"},{"source":"2719","target":"3017"},{"source":"2719","target":"3035"},{"source":"2719","target":"3039"},{"source":"2719","target":"3051"},{"source":"2719","target":"3060"},{"source":"2719","target":"3076"},{"source":"2719","target":"3079"},{"source":"2719","target":"3082"},{"source":"2719","target":"3100"},{"source":"2719","target":"3101"},{"source":"2719","target":"3102"},{"source":"2719","target":"3106"},{"source":"2719","target":"3111"},{"source":"2719","target":"3113"},{"source":"2719","target":"3115"},{"source":"2719","target":"3116"},{"source":"2719","target":"3120"},{"source":"2719","target":"3132"},{"source":"2719","target":"3145"},{"source":"2719","target":"3150"},{"source":"2719","target":"3169"},{"source":"2719","target":"3170"},{"source":"2719","target":"3172"},{"source":"2719","target":"3179"},{"source":"2719","target":"3182"},{"source":"2719","target":"3185"},{"source":"2719","target":"3201"},{"source":"2719","target":"3204"},{"source":"2719","target":"3206"},{"source":"2719","target":"3225"},{"source":"2719","target":"3239"},{"source":"2719","target":"3240"},{"source":"2719","target":"3252"},{"source":"2719","target":"3258"},{"source":"2719","target":"3261"},{"source":"2719","target":"3262"},{"source":"2719","target":"3267"},{"source":"2719","target":"3274"},{"source":"2719","target":"3277"},{"source":"2719","target":"3280"},{"source":"2719","target":"3281"},{"source":"2719","target":"3287"},{"source":"2719","target":"3288"},{"source":"2719","target":"3291"},{"source":"2719","target":"3297"},{"source":"2719","target":"3298"},{"source":"2719","target":"3320"},{"source":"2719","target":"3330"},{"source":"2719","target":"3332"},{"source":"2719","target":"3344"},{"source":"2719","target":"3345"},{"source":"2719","target":"3347"},{"source":"2719","target":"3350"},{"source":"2719","target":"3351"},{"source":"2719","target":"3353"},{"source":"2719","target":"3355"},{"source":"2719","target":"3367"},{"source":"2719","target":"3377"},{"source":"2719","target":"3378"},{"source":"2719","target":"3381"},{"source":"2719","target":"3386"},{"source":"2719","target":"3391"},{"source":"2719","target":"3396"},{"source":"2719","target":"3397"},{"source":"2719","target":"3406"},{"source":"2719","target":"3422"},{"source":"2719","target":"3434"},{"source":"2720","target":"2753"},{"source":"2720","target":"2783"},{"source":"2720","target":"2793"},{"source":"2720","target":"2859"},{"source":"2720","target":"2868"},{"source":"2720","target":"2932"},{"source":"2720","target":"2936"},{"source":"2720","target":"2937"},{"source":"2720","target":"2973"},{"source":"2720","target":"2984"},{"source":"2720","target":"2989"},{"source":"2720","target":"3002"},{"source":"2720","target":"3009"},{"source":"2720","target":"3017"},{"source":"2720","target":"3038"},{"source":"2720","target":"3051"},{"source":"2720","target":"3060"},{"source":"2720","target":"3070"},{"source":"2720","target":"3076"},{"source":"2720","target":"3082"},{"source":"2720","target":"3087"},{"source":"2720","target":"3089"},{"source":"2720","target":"3106"},{"source":"2720","target":"3140"},{"source":"2720","target":"3154"},{"source":"2720","target":"3160"},{"source":"2720","target":"3182"},{"source":"2720","target":"3191"},{"source":"2720","target":"3198"},{"source":"2720","target":"3201"},{"source":"2720","target":"3215"},{"source":"2720","target":"3224"},{"source":"2720","target":"3239"},{"source":"2720","target":"3240"},{"source":"2720","target":"3263"},{"source":"2720","target":"3291"},{"source":"2720","target":"3320"},{"source":"2720","target":"3321"},{"source":"2720","target":"3342"},{"source":"2720","target":"3344"},{"source":"2720","target":"3345"},{"source":"2720","target":"3353"},{"source":"2720","target":"3355"},{"source":"2720","target":"3386"},{"source":"2720","target":"3397"},{"source":"2720","target":"3406"},{"source":"2721","target":"2824"},{"source":"2721","target":"2962"},{"source":"2721","target":"3077"},{"source":"2721","target":"3091"},{"source":"2722","target":"2863"},{"source":"2722","target":"3265"},{"source":"2723","target":"2787"},{"source":"2723","target":"2836"},{"source":"2723","target":"2901"},{"source":"2723","target":"3009"},{"source":"2723","target":"3027"},{"source":"2723","target":"3215"},{"source":"2723","target":"3291"},{"source":"2723","target":"3383"},{"source":"2724","target":"2728"},{"source":"2724","target":"2730"},{"source":"2724","target":"2737"},{"source":"2724","target":"2739"},{"source":"2724","target":"2758"},{"source":"2724","target":"2775"},{"source":"2724","target":"2779"},{"source":"2724","target":"2829"},{"source":"2724","target":"2830"},{"source":"2724","target":"2845"},{"source":"2724","target":"2865"},{"source":"2724","target":"2892"},{"source":"2724","target":"2921"},{"source":"2724","target":"2934"},{"source":"2724","target":"2947"},{"source":"2724","target":"2951"},{"source":"2724","target":"2957"},{"source":"2724","target":"3001"},{"source":"2724","target":"3002"},{"source":"2724","target":"3011"},{"source":"2724","target":"3018"},{"source":"2724","target":"3019"},{"source":"2724","target":"3051"},{"source":"2724","target":"3061"},{"source":"2724","target":"3062"},{"source":"2724","target":"3068"},{"source":"2724","target":"3069"},{"source":"2724","target":"3077"},{"source":"2724","target":"3081"},{"source":"2724","target":"3086"},{"source":"2724","target":"3100"},{"source":"2724","target":"3118"},{"source":"2724","target":"3133"},{"source":"2724","target":"3154"},{"source":"2724","target":"3162"},{"source":"2724","target":"3168"},{"source":"2724","target":"3176"},{"source":"2724","target":"3177"},{"source":"2724","target":"3186"},{"source":"2724","target":"3191"},{"source":"2724","target":"3203"},{"source":"2724","target":"3207"},{"source":"2724","target":"3210"},{"source":"2724","target":"3221"},{"source":"2724","target":"3223"},{"source":"2724","target":"3233"},{"source":"2724","target":"3253"},{"source":"2724","target":"3263"},{"source":"2724","target":"3266"},{"source":"2724","target":"3273"},{"source":"2724","target":"3285"},{"source":"2724","target":"3295"},{"source":"2724","target":"3308"},{"source":"2724","target":"3332"},{"source":"2724","target":"3334"},{"source":"2724","target":"3346"},{"source":"2724","target":"3356"},{"source":"2724","target":"3359"},{"source":"2724","target":"3366"},{"source":"2724","target":"3370"},{"source":"2724","target":"3379"},{"source":"2724","target":"3405"},{"source":"2724","target":"3412"},{"source":"2724","target":"3415"},{"source":"2725","target":"2818"},{"source":"2725","target":"2903"},{"source":"2725","target":"2923"},{"source":"2725","target":"3302"},{"source":"2726","target":"2738"},{"source":"2726","target":"2837"},{"source":"2726","target":"2851"},{"source":"2726","target":"2890"},{"source":"2726","target":"2899"},{"source":"2726","target":"2978"},{"source":"2726","target":"3045"},{"source":"2726","target":"3090"},{"source":"2726","target":"3104"},{"source":"2726","target":"3114"},{"source":"2726","target":"3137"},{"source":"2726","target":"3139"},{"source":"2726","target":"3229"},{"source":"2726","target":"3231"},{"source":"2726","target":"3392"},{"source":"2727","target":"2780"},{"source":"2727","target":"2795"},{"source":"2727","target":"2840"},{"source":"2727","target":"3024"},{"source":"2727","target":"3048"},{"source":"2727","target":"3100"},{"source":"2727","target":"3138"},{"source":"2727","target":"3140"},{"source":"2727","target":"3178"},{"source":"2727","target":"3205"},{"source":"2727","target":"3374"},{"source":"2728","target":"2730"},{"source":"2728","target":"2829"},{"source":"2728","target":"2830"},{"source":"2728","target":"2951"},{"source":"2728","target":"2990"},{"source":"2728","target":"3002"},{"source":"2728","target":"3007"},{"source":"2728","target":"3018"},{"source":"2728","target":"3019"},{"source":"2728","target":"3077"},{"source":"2728","target":"3086"},{"source":"2728","target":"3103"},{"source":"2728","target":"3154"},{"source":"2728","target":"3162"},{"source":"2728","target":"3168"},{"source":"2728","target":"3171"},{"source":"2728","target":"3176"},{"source":"2728","target":"3207"},{"source":"2728","target":"3233"},{"source":"2728","target":"3241"},{"source":"2728","target":"3273"},{"source":"2728","target":"3279"},{"source":"2728","target":"3285"},{"source":"2728","target":"3295"},{"source":"2728","target":"3319"},{"source":"2728","target":"3346"},{"source":"2728","target":"3356"},{"source":"2728","target":"3359"},{"source":"2728","target":"3366"},{"source":"2728","target":"3371"},{"source":"2728","target":"3379"},{"source":"2728","target":"3410"},{"source":"2728","target":"3412"},{"source":"2728","target":"3420"},{"source":"2729","target":"2731"},{"source":"2729","target":"2738"},{"source":"2729","target":"2743"},{"source":"2729","target":"2755"},{"source":"2729","target":"2766"},{"source":"2729","target":"2773"},{"source":"2729","target":"2786"},{"source":"2729","target":"2794"},{"source":"2729","target":"2810"},{"source":"2729","target":"2821"},{"source":"2729","target":"2862"},{"source":"2729","target":"2873"},{"source":"2729","target":"2874"},{"source":"2729","target":"2877"},{"source":"2729","target":"2887"},{"source":"2729","target":"2890"},{"source":"2729","target":"2907"},{"source":"2729","target":"2915"},{"source":"2729","target":"2928"},{"source":"2729","target":"2929"},{"source":"2729","target":"2944"},{"source":"2729","target":"2956"},{"source":"2729","target":"2977"},{"source":"2729","target":"2981"},{"source":"2729","target":"2988"},{"source":"2729","target":"2993"},{"source":"2729","target":"2994"},{"source":"2729","target":"3000"},{"source":"2729","target":"3010"},{"source":"2729","target":"3025"},{"source":"2729","target":"3026"},{"source":"2729","target":"3036"},{"source":"2729","target":"3073"},{"source":"2729","target":"3080"},{"source":"2729","target":"3084"},{"source":"2729","target":"3089"},{"source":"2729","target":"3090"},{"source":"2729","target":"3104"},{"source":"2729","target":"3114"},{"source":"2729","target":"3119"},{"source":"2729","target":"3123"},{"source":"2729","target":"3135"},{"source":"2729","target":"3137"},{"source":"2729","target":"3158"},{"source":"2729","target":"3166"},{"source":"2729","target":"3257"},{"source":"2729","target":"3279"},{"source":"2729","target":"3293"},{"source":"2729","target":"3362"},{"source":"2729","target":"3363"},{"source":"2729","target":"3364"},{"source":"2729","target":"3384"},{"source":"2729","target":"3394"},{"source":"2729","target":"3400"},{"source":"2729","target":"3417"},{"source":"2729","target":"3433"},{"source":"2729","target":"3435"},{"source":"2730","target":"2737"},{"source":"2730","target":"2739"},{"source":"2730","target":"2758"},{"source":"2730","target":"2768"},{"source":"2730","target":"2781"},{"source":"2730","target":"2783"},{"source":"2730","target":"2801"},{"source":"2730","target":"2812"},{"source":"2730","target":"2816"},{"source":"2730","target":"2819"},{"source":"2730","target":"2843"},{"source":"2730","target":"2844"},{"source":"2730","target":"2863"},{"source":"2730","target":"2865"},{"source":"2730","target":"2871"},{"source":"2730","target":"2918"},{"source":"2730","target":"2932"},{"source":"2730","target":"2938"},{"source":"2730","target":"2941"},{"source":"2730","target":"2947"},{"source":"2730","target":"2951"},{"source":"2730","target":"2955"},{"source":"2730","target":"2958"},{"source":"2730","target":"2996"},{"source":"2730","target":"2999"},{"source":"2730","target":"3002"},{"source":"2730","target":"3016"},{"source":"2730","target":"3018"},{"source":"2730","target":"3019"},{"source":"2730","target":"3032"},{"source":"2730","target":"3043"},{"source":"2730","target":"3062"},{"source":"2730","target":"3077"},{"source":"2730","target":"3082"},{"source":"2730","target":"3086"},{"source":"2730","target":"3087"},{"source":"2730","target":"3097"},{"source":"2730","target":"3100"},{"source":"2730","target":"3110"},{"source":"2730","target":"3118"},{"source":"2730","target":"3136"},{"source":"2730","target":"3138"},{"source":"2730","target":"3154"},{"source":"2730","target":"3162"},{"source":"2730","target":"3167"},{"source":"2730","target":"3168"},{"source":"2730","target":"3177"},{"source":"2730","target":"3187"},{"source":"2730","target":"3189"},{"source":"2730","target":"3191"},{"source":"2730","target":"3196"},{"source":"2730","target":"3207"},{"source":"2730","target":"3210"},{"source":"2730","target":"3211"},{"source":"2730","target":"3214"},{"source":"2730","target":"3215"},{"source":"2730","target":"3219"},{"source":"2730","target":"3221"},{"source":"2730","target":"3233"},{"source":"2730","target":"3244"},{"source":"2730","target":"3253"},{"source":"2730","target":"3255"},{"source":"2730","target":"3256"},{"source":"2730","target":"3264"},{"source":"2730","target":"3289"},{"source":"2730","target":"3295"},{"source":"2730","target":"3302"},{"source":"2730","target":"3307"},{"source":"2730","target":"3312"},{"source":"2730","target":"3327"},{"source":"2730","target":"3341"},{"source":"2730","target":"3342"},{"source":"2730","target":"3346"},{"source":"2730","target":"3359"},{"source":"2730","target":"3365"},{"source":"2730","target":"3366"},{"source":"2730","target":"3369"},{"source":"2730","target":"3385"},{"source":"2730","target":"3395"},{"source":"2730","target":"3403"},{"source":"2730","target":"3412"},{"source":"2730","target":"3420"},{"source":"2731","target":"2738"},{"source":"2731","target":"2786"},{"source":"2731","target":"2821"},{"source":"2731","target":"2873"},{"source":"2731","target":"2874"},{"source":"2731","target":"2890"},{"source":"2731","target":"2956"},{"source":"2731","target":"2981"},{"source":"2731","target":"2987"},{"source":"2731","target":"2988"},{"source":"2731","target":"2993"},{"source":"2731","target":"3025"},{"source":"2731","target":"3026"},{"source":"2731","target":"3036"},{"source":"2731","target":"3084"},{"source":"2731","target":"3090"},{"source":"2731","target":"3114"},{"source":"2731","target":"3123"},{"source":"2731","target":"3137"},{"source":"2731","target":"3158"},{"source":"2731","target":"3166"},{"source":"2731","target":"3231"},{"source":"2731","target":"3257"},{"source":"2731","target":"3387"},{"source":"2731","target":"3400"},{"source":"2732","target":"2902"},{"source":"2732","target":"2930"},{"source":"2732","target":"3131"},{"source":"2732","target":"3180"},{"source":"2732","target":"3181"},{"source":"2732","target":"3251"},{"source":"2732","target":"3372"},{"source":"2733","target":"2797"},{"source":"2733","target":"2812"},{"source":"2733","target":"2894"},{"source":"2733","target":"2936"},{"source":"2733","target":"2937"},{"source":"2733","target":"2958"},{"source":"2733","target":"3011"},{"source":"2733","target":"3060"},{"source":"2733","target":"3076"},{"source":"2733","target":"3079"},{"source":"2733","target":"3152"},{"source":"2733","target":"3172"},{"source":"2733","target":"3179"},{"source":"2733","target":"3182"},{"source":"2733","target":"3185"},{"source":"2733","target":"3258"},{"source":"2733","target":"3262"},{"source":"2733","target":"3272"},{"source":"2733","target":"3298"},{"source":"2733","target":"3320"},{"source":"2733","target":"3350"},{"source":"2733","target":"3396"},{"source":"2733","target":"3434"},{"source":"2734","target":"2752"},{"source":"2734","target":"2760"},{"source":"2734","target":"2787"},{"source":"2734","target":"2790"},{"source":"2734","target":"2808"},{"source":"2734","target":"2818"},{"source":"2734","target":"2836"},{"source":"2734","target":"2840"},{"source":"2734","target":"2848"},{"source":"2734","target":"2923"},{"source":"2734","target":"3005"},{"source":"2734","target":"3027"},{"source":"2734","target":"3057"},{"source":"2734","target":"3077"},{"source":"2734","target":"3121"},{"source":"2734","target":"3157"},{"source":"2734","target":"3165"},{"source":"2734","target":"3186"},{"source":"2734","target":"3254"},{"source":"2734","target":"3287"},{"source":"2734","target":"3319"},{"source":"2734","target":"3340"},{"source":"2734","target":"3343"},{"source":"2734","target":"3347"},{"source":"2735","target":"2819"},{"source":"2735","target":"2844"},{"source":"2735","target":"2914"},{"source":"2735","target":"2932"},{"source":"2735","target":"2951"},{"source":"2735","target":"2976"},{"source":"2735","target":"2996"},{"source":"2735","target":"3075"},{"source":"2735","target":"3140"},{"source":"2735","target":"3173"},{"source":"2735","target":"3244"},{"source":"2735","target":"3259"},{"source":"2735","target":"3307"},{"source":"2735","target":"3385"},{"source":"2735","target":"3418"},{"source":"2736","target":"2771"},{"source":"2736","target":"2836"},{"source":"2736","target":"3248"},{"source":"2736","target":"3327"},{"source":"2737","target":"2775"},{"source":"2737","target":"2796"},{"source":"2737","target":"2845"},{"source":"2737","target":"2869"},{"source":"2737","target":"2892"},{"source":"2737","target":"2937"},{"source":"2737","target":"2991"},{"source":"2737","target":"3019"},{"source":"2737","target":"3051"},{"source":"2737","target":"3154"},{"source":"2737","target":"3160"},{"source":"2737","target":"3204"},{"source":"2737","target":"3233"},{"source":"2737","target":"3273"},{"source":"2737","target":"3298"},{"source":"2738","target":"2741"},{"source":"2738","target":"2743"},{"source":"2738","target":"2754"},{"source":"2738","target":"2756"},{"source":"2738","target":"2757"},{"source":"2738","target":"2773"},{"source":"2738","target":"2786"},{"source":"2738","target":"2798"},{"source":"2738","target":"2809"},{"source":"2738","target":"2835"},{"source":"2738","target":"2839"},{"source":"2738","target":"2862"},{"source":"2738","target":"2864"},{"source":"2738","target":"2873"},{"source":"2738","target":"2874"},{"source":"2738","target":"2877"},{"source":"2738","target":"2887"},{"source":"2738","target":"2888"},{"source":"2738","target":"2890"},{"source":"2738","target":"2896"},{"source":"2738","target":"2911"},{"source":"2738","target":"2915"},{"source":"2738","target":"2924"},{"source":"2738","target":"2925"},{"source":"2738","target":"2928"},{"source":"2738","target":"2929"},{"source":"2738","target":"2931"},{"source":"2738","target":"2944"},{"source":"2738","target":"2945"},{"source":"2738","target":"2953"},{"source":"2738","target":"2956"},{"source":"2738","target":"2960"},{"source":"2738","target":"2969"},{"source":"2738","target":"2974"},{"source":"2738","target":"2977"},{"source":"2738","target":"2978"},{"source":"2738","target":"2988"},{"source":"2738","target":"2994"},{"source":"2738","target":"3000"},{"source":"2738","target":"3004"},{"source":"2738","target":"3014"},{"source":"2738","target":"3025"},{"source":"2738","target":"3026"},{"source":"2738","target":"3029"},{"source":"2738","target":"3036"},{"source":"2738","target":"3084"},{"source":"2738","target":"3090"},{"source":"2738","target":"3092"},{"source":"2738","target":"3098"},{"source":"2738","target":"3104"},{"source":"2738","target":"3114"},{"source":"2738","target":"3119"},{"source":"2738","target":"3123"},{"source":"2738","target":"3137"},{"source":"2738","target":"3168"},{"source":"2738","target":"3220"},{"source":"2738","target":"3229"},{"source":"2738","target":"3231"},{"source":"2738","target":"3232"},{"source":"2738","target":"3238"},{"source":"2738","target":"3243"},{"source":"2738","target":"3257"},{"source":"2738","target":"3293"},{"source":"2738","target":"3294"},{"source":"2738","target":"3362"},{"source":"2738","target":"3363"},{"source":"2738","target":"3364"},{"source":"2738","target":"3384"},{"source":"2738","target":"3400"},{"source":"2738","target":"3417"},{"source":"2738","target":"3426"},{"source":"2738","target":"3433"},{"source":"2739","target":"2829"},{"source":"2739","target":"2830"},{"source":"2739","target":"2871"},{"source":"2739","target":"2951"},{"source":"2739","target":"2954"},{"source":"2739","target":"3002"},{"source":"2739","target":"3019"},{"source":"2739","target":"3050"},{"source":"2739","target":"3062"},{"source":"2739","target":"3068"},{"source":"2739","target":"3069"},{"source":"2739","target":"3118"},{"source":"2739","target":"3140"},{"source":"2739","target":"3162"},{"source":"2739","target":"3168"},{"source":"2739","target":"3191"},{"source":"2739","target":"3233"},{"source":"2739","target":"3240"},{"source":"2739","target":"3273"},{"source":"2739","target":"3292"},{"source":"2739","target":"3326"},{"source":"2739","target":"3346"},{"source":"2739","target":"3366"},{"source":"2739","target":"3379"},{"source":"2739","target":"3410"},{"source":"2739","target":"3415"},{"source":"2739","target":"3420"},{"source":"2741","target":"2743"},{"source":"2741","target":"2754"},{"source":"2741","target":"2766"},{"source":"2741","target":"2777"},{"source":"2741","target":"2786"},{"source":"2741","target":"2806"},{"source":"2741","target":"2839"},{"source":"2741","target":"2862"},{"source":"2741","target":"2867"},{"source":"2741","target":"2873"},{"source":"2741","target":"2874"},{"source":"2741","target":"2890"},{"source":"2741","target":"2896"},{"source":"2741","target":"2910"},{"source":"2741","target":"2915"},{"source":"2741","target":"2916"},{"source":"2741","target":"2924"},{"source":"2741","target":"2927"},{"source":"2741","target":"2928"},{"source":"2741","target":"2929"},{"source":"2741","target":"2931"},{"source":"2741","target":"2945"},{"source":"2741","target":"2953"},{"source":"2741","target":"2956"},{"source":"2741","target":"2969"},{"source":"2741","target":"2977"},{"source":"2741","target":"2986"},{"source":"2741","target":"2988"},{"source":"2741","target":"2993"},{"source":"2741","target":"2994"},{"source":"2741","target":"3000"},{"source":"2741","target":"3026"},{"source":"2741","target":"3054"},{"source":"2741","target":"3056"},{"source":"2741","target":"3078"},{"source":"2741","target":"3084"},{"source":"2741","target":"3085"},{"source":"2741","target":"3098"},{"source":"2741","target":"3174"},{"source":"2741","target":"3184"},{"source":"2741","target":"3193"},{"source":"2741","target":"3220"},{"source":"2741","target":"3228"},{"source":"2741","target":"3234"},{"source":"2741","target":"3238"},{"source":"2741","target":"3243"},{"source":"2741","target":"3257"},{"source":"2741","target":"3293"},{"source":"2741","target":"3315"},{"source":"2741","target":"3399"},{"source":"2741","target":"3417"},{"source":"2741","target":"3433"},{"source":"2742","target":"2748"},{"source":"2742","target":"2753"},{"source":"2742","target":"2765"},{"source":"2742","target":"2770"},{"source":"2742","target":"2778"},{"source":"2742","target":"2780"},{"source":"2742","target":"2781"},{"source":"2742","target":"2785"},{"source":"2742","target":"2793"},{"source":"2742","target":"2796"},{"source":"2742","target":"2828"},{"source":"2742","target":"2846"},{"source":"2742","target":"2849"},{"source":"2742","target":"2863"},{"source":"2742","target":"2869"},{"source":"2742","target":"2875"},{"source":"2742","target":"2894"},{"source":"2742","target":"2901"},{"source":"2742","target":"2904"},{"source":"2742","target":"2937"},{"source":"2742","target":"2939"},{"source":"2742","target":"2970"},{"source":"2742","target":"2973"},{"source":"2742","target":"2989"},{"source":"2742","target":"2991"},{"source":"2742","target":"2992"},{"source":"2742","target":"3007"},{"source":"2742","target":"3013"},{"source":"2742","target":"3017"},{"source":"2742","target":"3021"},{"source":"2742","target":"3027"},{"source":"2742","target":"3035"},{"source":"2742","target":"3038"},{"source":"2742","target":"3041"},{"source":"2742","target":"3046"},{"source":"2742","target":"3049"},{"source":"2742","target":"3051"},{"source":"2742","target":"3058"},{"source":"2742","target":"3060"},{"source":"2742","target":"3070"},{"source":"2742","target":"3076"},{"source":"2742","target":"3079"},{"source":"2742","target":"3082"},{"source":"2742","target":"3089"},{"source":"2742","target":"3101"},{"source":"2742","target":"3102"},{"source":"2742","target":"3106"},{"source":"2742","target":"3115"},{"source":"2742","target":"3116"},{"source":"2742","target":"3120"},{"source":"2742","target":"3132"},{"source":"2742","target":"3140"},{"source":"2742","target":"3146"},{"source":"2742","target":"3148"},{"source":"2742","target":"3150"},{"source":"2742","target":"3152"},{"source":"2742","target":"3160"},{"source":"2742","target":"3169"},{"source":"2742","target":"3172"},{"source":"2742","target":"3179"},{"source":"2742","target":"3182"},{"source":"2742","target":"3185"},{"source":"2742","target":"3188"},{"source":"2742","target":"3194"},{"source":"2742","target":"3198"},{"source":"2742","target":"3199"},{"source":"2742","target":"3201"},{"source":"2742","target":"3206"},{"source":"2742","target":"3209"},{"source":"2742","target":"3212"},{"source":"2742","target":"3224"},{"source":"2742","target":"3239"},{"source":"2742","target":"3240"},{"source":"2742","target":"3247"},{"source":"2742","target":"3252"},{"source":"2742","target":"3258"},{"source":"2742","target":"3260"},{"source":"2742","target":"3265"},{"source":"2742","target":"3267"},{"source":"2742","target":"3277"},{"source":"2742","target":"3280"},{"source":"2742","target":"3288"},{"source":"2742","target":"3291"},{"source":"2742","target":"3297"},{"source":"2742","target":"3298"},{"source":"2742","target":"3299"},{"source":"2742","target":"3316"},{"source":"2742","target":"3319"},{"source":"2742","target":"3320"},{"source":"2742","target":"3321"},{"source":"2742","target":"3330"},{"source":"2742","target":"3332"},{"source":"2742","target":"3335"},{"source":"2742","target":"3344"},{"source":"2742","target":"3345"},{"source":"2742","target":"3347"},{"source":"2742","target":"3350"},{"source":"2742","target":"3351"},{"source":"2742","target":"3352"},{"source":"2742","target":"3355"},{"source":"2742","target":"3360"},{"source":"2742","target":"3378"},{"source":"2742","target":"3391"},{"source":"2742","target":"3396"},{"source":"2742","target":"3397"},{"source":"2742","target":"3406"},{"source":"2742","target":"3411"},{"source":"2742","target":"3416"},{"source":"2742","target":"3419"},{"source":"2743","target":"2754"},{"source":"2743","target":"2756"},{"source":"2743","target":"2777"},{"source":"2743","target":"2782"},{"source":"2743","target":"2794"},{"source":"2743","target":"2810"},{"source":"2743","target":"2839"},{"source":"2743","target":"2867"},{"source":"2743","target":"2874"},{"source":"2743","target":"2880"},{"source":"2743","target":"2887"},{"source":"2743","target":"2896"},{"source":"2743","target":"2907"},{"source":"2743","target":"2924"},{"source":"2743","target":"2931"},{"source":"2743","target":"2943"},{"source":"2743","target":"2945"},{"source":"2743","target":"2974"},{"source":"2743","target":"2986"},{"source":"2743","target":"2988"},{"source":"2743","target":"2994"},{"source":"2743","target":"3000"},{"source":"2743","target":"3023"},{"source":"2743","target":"3029"},{"source":"2743","target":"3036"},{"source":"2743","target":"3054"},{"source":"2743","target":"3056"},{"source":"2743","target":"3073"},{"source":"2743","target":"3085"},{"source":"2743","target":"3114"},{"source":"2743","target":"3119"},{"source":"2743","target":"3135"},{"source":"2743","target":"3158"},{"source":"2743","target":"3220"},{"source":"2743","target":"3243"},{"source":"2743","target":"3293"},{"source":"2743","target":"3301"},{"source":"2743","target":"3363"},{"source":"2743","target":"3400"},{"source":"2743","target":"3417"},{"source":"2743","target":"3433"},{"source":"2743","target":"3435"},{"source":"2744","target":"2762"},{"source":"2744","target":"2772"},{"source":"2744","target":"2825"},{"source":"2744","target":"2843"},{"source":"2744","target":"2865"},{"source":"2744","target":"3156"},{"source":"2744","target":"3255"},{"source":"2744","target":"3256"},{"source":"2744","target":"3365"},{"source":"2744","target":"3369"},{"source":"2744","target":"3385"},{"source":"2745","target":"2786"},{"source":"2745","target":"2789"},{"source":"2745","target":"2839"},{"source":"2745","target":"2864"},{"source":"2745","target":"2866"},{"source":"2745","target":"2872"},{"source":"2745","target":"2906"},{"source":"2745","target":"2909"},{"source":"2745","target":"2929"},{"source":"2745","target":"2960"},{"source":"2745","target":"2966"},{"source":"2745","target":"2994"},{"source":"2745","target":"3004"},{"source":"2745","target":"3010"},{"source":"2745","target":"3022"},{"source":"2745","target":"3033"},{"source":"2745","target":"3078"},{"source":"2745","target":"3080"},{"source":"2745","target":"3139"},{"source":"2745","target":"3143"},{"source":"2745","target":"3153"},{"source":"2745","target":"3174"},{"source":"2745","target":"3237"},{"source":"2745","target":"3284"},{"source":"2745","target":"3324"},{"source":"2745","target":"3387"},{"source":"2745","target":"3392"},{"source":"2745","target":"3394"},{"source":"2745","target":"3430"},{"source":"2746","target":"2754"},{"source":"2746","target":"2839"},{"source":"2746","target":"2864"},{"source":"2746","target":"2866"},{"source":"2746","target":"2910"},{"source":"2746","target":"2920"},{"source":"2746","target":"2925"},{"source":"2746","target":"2931"},{"source":"2746","target":"2986"},{"source":"2746","target":"3054"},{"source":"2746","target":"3056"},{"source":"2746","target":"3304"},{"source":"2746","target":"3363"},{"source":"2747","target":"2787"},{"source":"2747","target":"2831"},{"source":"2747","target":"2832"},{"source":"2747","target":"2863"},{"source":"2747","target":"2865"},{"source":"2747","target":"2901"},{"source":"2747","target":"3050"},{"source":"2747","target":"3173"},{"source":"2747","target":"3302"},{"source":"2747","target":"3312"},{"source":"2747","target":"3365"},{"source":"2748","target":"2751"},{"source":"2748","target":"2753"},{"source":"2748","target":"2765"},{"source":"2748","target":"2772"},{"source":"2748","target":"2780"},{"source":"2748","target":"2785"},{"source":"2748","target":"2793"},{"source":"2748","target":"2818"},{"source":"2748","target":"2846"},{"source":"2748","target":"2853"},{"source":"2748","target":"2869"},{"source":"2748","target":"2901"},{"source":"2748","target":"2936"},{"source":"2748","target":"2946"},{"source":"2748","target":"2950"},{"source":"2748","target":"2973"},{"source":"2748","target":"2976"},{"source":"2748","target":"2989"},{"source":"2748","target":"2991"},{"source":"2748","target":"3013"},{"source":"2748","target":"3038"},{"source":"2748","target":"3041"},{"source":"2748","target":"3046"},{"source":"2748","target":"3049"},{"source":"2748","target":"3051"},{"source":"2748","target":"3058"},{"source":"2748","target":"3060"},{"source":"2748","target":"3070"},{"source":"2748","target":"3076"},{"source":"2748","target":"3082"},{"source":"2748","target":"3089"},{"source":"2748","target":"3101"},{"source":"2748","target":"3106"},{"source":"2748","target":"3107"},{"source":"2748","target":"3116"},{"source":"2748","target":"3117"},{"source":"2748","target":"3124"},{"source":"2748","target":"3140"},{"source":"2748","target":"3154"},{"source":"2748","target":"3160"},{"source":"2748","target":"3175"},{"source":"2748","target":"3188"},{"source":"2748","target":"3194"},{"source":"2748","target":"3198"},{"source":"2748","target":"3215"},{"source":"2748","target":"3224"},{"source":"2748","target":"3240"},{"source":"2748","target":"3247"},{"source":"2748","target":"3252"},{"source":"2748","target":"3274"},{"source":"2748","target":"3291"},{"source":"2748","target":"3299"},{"source":"2748","target":"3302"},{"source":"2748","target":"3313"},{"source":"2748","target":"3320"},{"source":"2748","target":"3321"},{"source":"2748","target":"3335"},{"source":"2748","target":"3342"},{"source":"2748","target":"3344"},{"source":"2748","target":"3345"},{"source":"2748","target":"3350"},{"source":"2748","target":"3355"},{"source":"2748","target":"3360"},{"source":"2748","target":"3378"},{"source":"2748","target":"3386"},{"source":"2748","target":"3397"},{"source":"2748","target":"3406"},{"source":"2748","target":"3411"},{"source":"2749","target":"2750"},{"source":"2749","target":"2754"},{"source":"2749","target":"2777"},{"source":"2749","target":"2786"},{"source":"2749","target":"2810"},{"source":"2749","target":"2839"},{"source":"2749","target":"2864"},{"source":"2749","target":"2873"},{"source":"2749","target":"2896"},{"source":"2749","target":"2905"},{"source":"2749","target":"2908"},{"source":"2749","target":"2909"},{"source":"2749","target":"2911"},{"source":"2749","target":"2919"},{"source":"2749","target":"2920"},{"source":"2749","target":"2927"},{"source":"2749","target":"2940"},{"source":"2749","target":"2943"},{"source":"2749","target":"2944"},{"source":"2749","target":"2956"},{"source":"2749","target":"2960"},{"source":"2749","target":"2969"},{"source":"2749","target":"2974"},{"source":"2749","target":"2986"},{"source":"2749","target":"2994"},{"source":"2749","target":"3022"},{"source":"2749","target":"3026"},{"source":"2749","target":"3047"},{"source":"2749","target":"3056"},{"source":"2749","target":"3073"},{"source":"2749","target":"3078"},{"source":"2749","target":"3085"},{"source":"2749","target":"3096"},{"source":"2749","target":"3108"},{"source":"2749","target":"3129"},{"source":"2749","target":"3142"},{"source":"2749","target":"3149"},{"source":"2749","target":"3220"},{"source":"2749","target":"3257"},{"source":"2749","target":"3339"},{"source":"2749","target":"3348"},{"source":"2749","target":"3363"},{"source":"2749","target":"3364"},{"source":"2749","target":"3417"},{"source":"2749","target":"3426"},{"source":"2750","target":"2754"},{"source":"2750","target":"2755"},{"source":"2750","target":"2763"},{"source":"2750","target":"2782"},{"source":"2750","target":"2786"},{"source":"2750","target":"2800"},{"source":"2750","target":"2810"},{"source":"2750","target":"2827"},{"source":"2750","target":"2839"},{"source":"2750","target":"2864"},{"source":"2750","target":"2866"},{"source":"2750","target":"2867"},{"source":"2750","target":"2872"},{"source":"2750","target":"2873"},{"source":"2750","target":"2877"},{"source":"2750","target":"2880"},{"source":"2750","target":"2890"},{"source":"2750","target":"2897"},{"source":"2750","target":"2905"},{"source":"2750","target":"2906"},{"source":"2750","target":"2908"},{"source":"2750","target":"2909"},{"source":"2750","target":"2910"},{"source":"2750","target":"2911"},{"source":"2750","target":"2912"},{"source":"2750","target":"2913"},{"source":"2750","target":"2915"},{"source":"2750","target":"2916"},{"source":"2750","target":"2920"},{"source":"2750","target":"2927"},{"source":"2750","target":"2928"},{"source":"2750","target":"2940"},{"source":"2750","target":"2943"},{"source":"2750","target":"2944"},{"source":"2750","target":"2945"},{"source":"2750","target":"2956"},{"source":"2750","target":"2960"},{"source":"2750","target":"2966"},{"source":"2750","target":"2969"},{"source":"2750","target":"2974"},{"source":"2750","target":"2985"},{"source":"2750","target":"2986"},{"source":"2750","target":"2988"},{"source":"2750","target":"3022"},{"source":"2750","target":"3023"},{"source":"2750","target":"3026"},{"source":"2750","target":"3033"},{"source":"2750","target":"3040"},{"source":"2750","target":"3047"},{"source":"2750","target":"3052"},{"source":"2750","target":"3056"},{"source":"2750","target":"3064"},{"source":"2750","target":"3073"},{"source":"2750","target":"3078"},{"source":"2750","target":"3090"},{"source":"2750","target":"3096"},{"source":"2750","target":"3098"},{"source":"2750","target":"3104"},{"source":"2750","target":"3108"},{"source":"2750","target":"3119"},{"source":"2750","target":"3137"},{"source":"2750","target":"3142"},{"source":"2750","target":"3149"},{"source":"2750","target":"3202"},{"source":"2750","target":"3226"},{"source":"2750","target":"3232"},{"source":"2750","target":"3234"},{"source":"2750","target":"3284"},{"source":"2750","target":"3324"},{"source":"2750","target":"3339"},{"source":"2750","target":"3348"},{"source":"2750","target":"3363"},{"source":"2750","target":"3387"},{"source":"2750","target":"3426"},{"source":"2751","target":"2772"},{"source":"2751","target":"2841"},{"source":"2751","target":"2868"},{"source":"2751","target":"2878"},{"source":"2751","target":"2901"},{"source":"2751","target":"2913"},{"source":"2751","target":"2946"},{"source":"2751","target":"3017"},{"source":"2751","target":"3035"},{"source":"2751","target":"3038"},{"source":"2751","target":"3043"},{"source":"2751","target":"3093"},{"source":"2751","target":"3113"},{"source":"2751","target":"3115"},{"source":"2751","target":"3117"},{"source":"2751","target":"3124"},{"source":"2751","target":"3140"},{"source":"2751","target":"3150"},{"source":"2751","target":"3177"},{"source":"2751","target":"3198"},{"source":"2751","target":"3204"},{"source":"2751","target":"3215"},{"source":"2751","target":"3224"},{"source":"2751","target":"3291"},{"source":"2751","target":"3302"},{"source":"2751","target":"3321"},{"source":"2751","target":"3335"},{"source":"2751","target":"3342"},{"source":"2751","target":"3353"},{"source":"2751","target":"3357"},{"source":"2751","target":"3380"},{"source":"2752","target":"2781"},{"source":"2752","target":"2812"},{"source":"2752","target":"2818"},{"source":"2752","target":"2962"},{"source":"2753","target":"2793"},{"source":"2753","target":"2869"},{"source":"2753","target":"2901"},{"source":"2753","target":"2936"},{"source":"2753","target":"2937"},{"source":"2753","target":"2965"},{"source":"2753","target":"2973"},{"source":"2753","target":"2976"},{"source":"2753","target":"2989"},{"source":"2753","target":"2992"},{"source":"2753","target":"3019"},{"source":"2753","target":"3038"},{"source":"2753","target":"3051"},{"source":"2753","target":"3060"},{"source":"2753","target":"3070"},{"source":"2753","target":"3075"},{"source":"2753","target":"3079"},{"source":"2753","target":"3082"},{"source":"2753","target":"3101"},{"source":"2753","target":"3106"},{"source":"2753","target":"3116"},{"source":"2753","target":"3120"},{"source":"2753","target":"3132"},{"source":"2753","target":"3140"},{"source":"2753","target":"3145"},{"source":"2753","target":"3150"},{"source":"2753","target":"3154"},{"source":"2753","target":"3160"},{"source":"2753","target":"3198"},{"source":"2753","target":"3240"},{"source":"2753","target":"3261"},{"source":"2753","target":"3267"},{"source":"2753","target":"3280"},{"source":"2753","target":"3291"},{"source":"2753","target":"3320"},{"source":"2753","target":"3321"},{"source":"2753","target":"3344"},{"source":"2753","target":"3350"},{"source":"2753","target":"3355"},{"source":"2753","target":"3378"},{"source":"2753","target":"3386"},{"source":"2753","target":"3397"},{"source":"2753","target":"3406"},{"source":"2753","target":"3434"},{"source":"2754","target":"2755"},{"source":"2754","target":"2756"},{"source":"2754","target":"2757"},{"source":"2754","target":"2761"},{"source":"2754","target":"2763"},{"source":"2754","target":"2769"},{"source":"2754","target":"2777"},{"source":"2754","target":"2782"},{"source":"2754","target":"2786"},{"source":"2754","target":"2800"},{"source":"2754","target":"2806"},{"source":"2754","target":"2810"},{"source":"2754","target":"2812"},{"source":"2754","target":"2835"},{"source":"2754","target":"2839"},{"source":"2754","target":"2850"},{"source":"2754","target":"2852"},{"source":"2754","target":"2854"},{"source":"2754","target":"2862"},{"source":"2754","target":"2863"},{"source":"2754","target":"2864"},{"source":"2754","target":"2866"},{"source":"2754","target":"2867"},{"source":"2754","target":"2872"},{"source":"2754","target":"2874"},{"source":"2754","target":"2877"},{"source":"2754","target":"2880"},{"source":"2754","target":"2890"},{"source":"2754","target":"2896"},{"source":"2754","target":"2897"},{"source":"2754","target":"2906"},{"source":"2754","target":"2908"},{"source":"2754","target":"2909"},{"source":"2754","target":"2910"},{"source":"2754","target":"2911"},{"source":"2754","target":"2912"},{"source":"2754","target":"2915"},{"source":"2754","target":"2916"},{"source":"2754","target":"2919"},{"source":"2754","target":"2920"},{"source":"2754","target":"2927"},{"source":"2754","target":"2928"},{"source":"2754","target":"2940"},{"source":"2754","target":"2943"},{"source":"2754","target":"2944"},{"source":"2754","target":"2945"},{"source":"2754","target":"2956"},{"source":"2754","target":"2960"},{"source":"2754","target":"2966"},{"source":"2754","target":"2969"},{"source":"2754","target":"2974"},{"source":"2754","target":"2986"},{"source":"2754","target":"2988"},{"source":"2754","target":"3000"},{"source":"2754","target":"3004"},{"source":"2754","target":"3022"},{"source":"2754","target":"3023"},{"source":"2754","target":"3025"},{"source":"2754","target":"3026"},{"source":"2754","target":"3029"},{"source":"2754","target":"3033"},{"source":"2754","target":"3036"},{"source":"2754","target":"3052"},{"source":"2754","target":"3054"},{"source":"2754","target":"3056"},{"source":"2754","target":"3064"},{"source":"2754","target":"3065"},{"source":"2754","target":"3078"},{"source":"2754","target":"3085"},{"source":"2754","target":"3090"},{"source":"2754","target":"3096"},{"source":"2754","target":"3104"},{"source":"2754","target":"3105"},{"source":"2754","target":"3108"},{"source":"2754","target":"3129"},{"source":"2754","target":"3137"},{"source":"2754","target":"3142"},{"source":"2754","target":"3166"},{"source":"2754","target":"3174"},{"source":"2754","target":"3184"},{"source":"2754","target":"3195"},{"source":"2754","target":"3202"},{"source":"2754","target":"3220"},{"source":"2754","target":"3226"},{"source":"2754","target":"3228"},{"source":"2754","target":"3232"},{"source":"2754","target":"3234"},{"source":"2754","target":"3243"},{"source":"2754","target":"3250"},{"source":"2754","target":"3257"},{"source":"2754","target":"3284"},{"source":"2754","target":"3293"},{"source":"2754","target":"3324"},{"source":"2754","target":"3339"},{"source":"2754","target":"3348"},{"source":"2754","target":"3362"},{"source":"2754","target":"3363"},{"source":"2754","target":"3399"},{"source":"2754","target":"3400"},{"source":"2754","target":"3417"},{"source":"2754","target":"3426"},{"source":"2754","target":"3433"},{"source":"2755","target":"2757"},{"source":"2755","target":"2777"},{"source":"2755","target":"2782"},{"source":"2755","target":"2800"},{"source":"2755","target":"2815"},{"source":"2755","target":"2827"},{"source":"2755","target":"2839"},{"source":"2755","target":"2866"},{"source":"2755","target":"2872"},{"source":"2755","target":"2877"},{"source":"2755","target":"2880"},{"source":"2755","target":"2890"},{"source":"2755","target":"2897"},{"source":"2755","target":"2905"},{"source":"2755","target":"2906"},{"source":"2755","target":"2909"},{"source":"2755","target":"2910"},{"source":"2755","target":"2911"},{"source":"2755","target":"2912"},{"source":"2755","target":"2913"},{"source":"2755","target":"2916"},{"source":"2755","target":"2920"},{"source":"2755","target":"2925"},{"source":"2755","target":"2927"},{"source":"2755","target":"2928"},{"source":"2755","target":"2929"},{"source":"2755","target":"2940"},{"source":"2755","target":"2943"},{"source":"2755","target":"2944"},{"source":"2755","target":"2956"},{"source":"2755","target":"2960"},{"source":"2755","target":"2966"},{"source":"2755","target":"2985"},{"source":"2755","target":"2986"},{"source":"2755","target":"2987"},{"source":"2755","target":"2993"},{"source":"2755","target":"2994"},{"source":"2755","target":"3014"},{"source":"2755","target":"3022"},{"source":"2755","target":"3026"},{"source":"2755","target":"3033"},{"source":"2755","target":"3040"},{"source":"2755","target":"3047"},{"source":"2755","target":"3054"},{"source":"2755","target":"3056"},{"source":"2755","target":"3064"},{"source":"2755","target":"3065"},{"source":"2755","target":"3078"},{"source":"2755","target":"3084"},{"source":"2755","target":"3090"},{"source":"2755","target":"3096"},{"source":"2755","target":"3098"},{"source":"2755","target":"3108"},{"source":"2755","target":"3117"},{"source":"2755","target":"3119"},{"source":"2755","target":"3149"},{"source":"2755","target":"3158"},{"source":"2755","target":"3163"},{"source":"2755","target":"3166"},{"source":"2755","target":"3174"},{"source":"2755","target":"3195"},{"source":"2755","target":"3226"},{"source":"2755","target":"3228"},{"source":"2755","target":"3232"},{"source":"2755","target":"3238"},{"source":"2755","target":"3250"},{"source":"2755","target":"3284"},{"source":"2755","target":"3301"},{"source":"2755","target":"3324"},{"source":"2755","target":"3339"},{"source":"2755","target":"3348"},{"source":"2755","target":"3363"},{"source":"2755","target":"3387"},{"source":"2755","target":"3399"},{"source":"2755","target":"3417"},{"source":"2755","target":"3433"},{"source":"2755","target":"3435"},{"source":"2756","target":"2773"},{"source":"2756","target":"2786"},{"source":"2756","target":"2839"},{"source":"2756","target":"2862"},{"source":"2756","target":"2873"},{"source":"2756","target":"2887"},{"source":"2756","target":"2888"},{"source":"2756","target":"2915"},{"source":"2756","target":"2924"},{"source":"2756","target":"2928"},{"source":"2756","target":"2929"},{"source":"2756","target":"2931"},{"source":"2756","target":"2945"},{"source":"2756","target":"2956"},{"source":"2756","target":"2977"},{"source":"2756","target":"2981"},{"source":"2756","target":"2993"},{"source":"2756","target":"2994"},{"source":"2756","target":"3000"},{"source":"2756","target":"3025"},{"source":"2756","target":"3026"},{"source":"2756","target":"3029"},{"source":"2756","target":"3073"},{"source":"2756","target":"3084"},{"source":"2756","target":"3090"},{"source":"2756","target":"3104"},{"source":"2756","target":"3135"},{"source":"2756","target":"3220"},{"source":"2756","target":"3232"},{"source":"2756","target":"3238"},{"source":"2756","target":"3257"},{"source":"2756","target":"3293"},{"source":"2756","target":"3362"},{"source":"2756","target":"3363"},{"source":"2756","target":"3364"},{"source":"2756","target":"3384"},{"source":"2756","target":"3417"},{"source":"2756","target":"3433"},{"source":"2757","target":"2763"},{"source":"2757","target":"2777"},{"source":"2757","target":"2782"},{"source":"2757","target":"2800"},{"source":"2757","target":"2815"},{"source":"2757","target":"2827"},{"source":"2757","target":"2835"},{"source":"2757","target":"2839"},{"source":"2757","target":"2854"},{"source":"2757","target":"2864"},{"source":"2757","target":"2866"},{"source":"2757","target":"2867"},{"source":"2757","target":"2872"},{"source":"2757","target":"2877"},{"source":"2757","target":"2896"},{"source":"2757","target":"2906"},{"source":"2757","target":"2909"},{"source":"2757","target":"2911"},{"source":"2757","target":"2912"},{"source":"2757","target":"2916"},{"source":"2757","target":"2917"},{"source":"2757","target":"2919"},{"source":"2757","target":"2925"},{"source":"2757","target":"2927"},{"source":"2757","target":"2940"},{"source":"2757","target":"2944"},{"source":"2757","target":"2945"},{"source":"2757","target":"2960"},{"source":"2757","target":"2966"},{"source":"2757","target":"2969"},{"source":"2757","target":"2974"},{"source":"2757","target":"2986"},{"source":"2757","target":"3000"},{"source":"2757","target":"3004"},{"source":"2757","target":"3022"},{"source":"2757","target":"3033"},{"source":"2757","target":"3036"},{"source":"2757","target":"3040"},{"source":"2757","target":"3054"},{"source":"2757","target":"3056"},{"source":"2757","target":"3064"},{"source":"2757","target":"3065"},{"source":"2757","target":"3078"},{"source":"2757","target":"3090"},{"source":"2757","target":"3096"},{"source":"2757","target":"3098"},{"source":"2757","target":"3104"},{"source":"2757","target":"3108"},{"source":"2757","target":"3129"},{"source":"2757","target":"3135"},{"source":"2757","target":"3142"},{"source":"2757","target":"3149"},{"source":"2757","target":"3174"},{"source":"2757","target":"3184"},{"source":"2757","target":"3195"},{"source":"2757","target":"3220"},{"source":"2757","target":"3226"},{"source":"2757","target":"3232"},{"source":"2757","target":"3284"},{"source":"2757","target":"3286"},{"source":"2757","target":"3301"},{"source":"2757","target":"3304"},{"source":"2757","target":"3324"},{"source":"2757","target":"3363"},{"source":"2757","target":"3364"},{"source":"2757","target":"3387"},{"source":"2757","target":"3414"},{"source":"2757","target":"3417"},{"source":"2757","target":"3426"},{"source":"2758","target":"2780"},{"source":"2758","target":"2784"},{"source":"2758","target":"2801"},{"source":"2758","target":"2813"},{"source":"2758","target":"2816"},{"source":"2758","target":"2843"},{"source":"2758","target":"2856"},{"source":"2758","target":"2865"},{"source":"2758","target":"2918"},{"source":"2758","target":"2932"},{"source":"2758","target":"2951"},{"source":"2758","target":"2955"},{"source":"2758","target":"2964"},{"source":"2758","target":"3019"},{"source":"2758","target":"3032"},{"source":"2758","target":"3081"},{"source":"2758","target":"3087"},{"source":"2758","target":"3136"},{"source":"2758","target":"3154"},{"source":"2758","target":"3162"},{"source":"2758","target":"3167"},{"source":"2758","target":"3187"},{"source":"2758","target":"3196"},{"source":"2758","target":"3198"},{"source":"2758","target":"3219"},{"source":"2758","target":"3233"},{"source":"2758","target":"3236"},{"source":"2758","target":"3253"},{"source":"2758","target":"3255"},{"source":"2758","target":"3256"},{"source":"2758","target":"3259"},{"source":"2758","target":"3264"},{"source":"2758","target":"3285"},{"source":"2758","target":"3307"},{"source":"2758","target":"3330"},{"source":"2758","target":"3341"},{"source":"2758","target":"3365"},{"source":"2758","target":"3366"},{"source":"2758","target":"3369"},{"source":"2758","target":"3385"},{"source":"2758","target":"3412"},{"source":"2759","target":"2812"},{"source":"2759","target":"2820"},{"source":"2759","target":"2836"},{"source":"2759","target":"2854"},{"source":"2759","target":"2866"},{"source":"2759","target":"2909"},{"source":"2759","target":"2946"},{"source":"2759","target":"2961"},{"source":"2759","target":"3041"},{"source":"2759","target":"3064"},{"source":"2759","target":"3095"},{"source":"2759","target":"3117"},{"source":"2759","target":"3202"},{"source":"2759","target":"3213"},{"source":"2759","target":"3237"},{"source":"2759","target":"3286"},{"source":"2759","target":"3303"},{"source":"2759","target":"3324"},{"source":"2759","target":"3383"},{"source":"2759","target":"3426"},{"source":"2760","target":"2790"},{"source":"2760","target":"2813"},{"source":"2760","target":"3057"},{"source":"2760","target":"3222"},{"source":"2760","target":"3263"},{"source":"2760","target":"3432"},{"source":"2761","target":"2763"},{"source":"2761","target":"2839"},{"source":"2761","target":"2944"},{"source":"2761","target":"2948"},{"source":"2761","target":"2966"},{"source":"2761","target":"3023"},{"source":"2761","target":"3052"},{"source":"2761","target":"3054"},{"source":"2761","target":"3184"},{"source":"2761","target":"3193"},{"source":"2761","target":"3234"},{"source":"2761","target":"3237"},{"source":"2761","target":"3286"},{"source":"2761","target":"3294"},{"source":"2761","target":"3303"},{"source":"2761","target":"3315"},{"source":"2761","target":"3324"},{"source":"2761","target":"3362"},{"source":"2761","target":"3387"},{"source":"2761","target":"3390"},{"source":"2761","target":"3414"},{"source":"2761","target":"3426"},{"source":"2762","target":"2787"},{"source":"2762","target":"2841"},{"source":"2762","target":"2904"},{"source":"2762","target":"3027"},{"source":"2762","target":"3140"},{"source":"2762","target":"3214"},{"source":"2762","target":"3221"},{"source":"2762","target":"3248"},{"source":"2762","target":"3255"},{"source":"2762","target":"3275"},{"source":"2762","target":"3277"},{"source":"2762","target":"3279"},{"source":"2762","target":"3327"},{"source":"2762","target":"3329"},{"source":"2762","target":"3353"},{"source":"2762","target":"3380"},{"source":"2762","target":"3385"},{"source":"2763","target":"2777"},{"source":"2763","target":"2800"},{"source":"2763","target":"2806"},{"source":"2763","target":"2810"},{"source":"2763","target":"2835"},{"source":"2763","target":"2839"},{"source":"2763","target":"2854"},{"source":"2763","target":"2862"},{"source":"2763","target":"2864"},{"source":"2763","target":"2867"},{"source":"2763","target":"2880"},{"source":"2763","target":"2890"},{"source":"2763","target":"2891"},{"source":"2763","target":"2912"},{"source":"2763","target":"2913"},{"source":"2763","target":"2915"},{"source":"2763","target":"2919"},{"source":"2763","target":"2920"},{"source":"2763","target":"2927"},{"source":"2763","target":"2931"},{"source":"2763","target":"2943"},{"source":"2763","target":"2944"},{"source":"2763","target":"2945"},{"source":"2763","target":"2948"},{"source":"2763","target":"2956"},{"source":"2763","target":"2960"},{"source":"2763","target":"2967"},{"source":"2763","target":"2974"},{"source":"2763","target":"3000"},{"source":"2763","target":"3023"},{"source":"2763","target":"3026"},{"source":"2763","target":"3042"},{"source":"2763","target":"3052"},{"source":"2763","target":"3056"},{"source":"2763","target":"3184"},{"source":"2763","target":"3193"},{"source":"2763","target":"3213"},{"source":"2763","target":"3220"},{"source":"2763","target":"3228"},{"source":"2763","target":"3232"},{"source":"2763","target":"3234"},{"source":"2763","target":"3237"},{"source":"2763","target":"3286"},{"source":"2763","target":"3294"},{"source":"2763","target":"3303"},{"source":"2763","target":"3315"},{"source":"2763","target":"3324"},{"source":"2763","target":"3363"},{"source":"2763","target":"3414"},{"source":"2763","target":"3417"},{"source":"2763","target":"3426"},{"source":"2764","target":"2822"},{"source":"2764","target":"2903"},{"source":"2764","target":"2923"},{"source":"2764","target":"2941"},{"source":"2764","target":"2979"},{"source":"2764","target":"2999"},{"source":"2764","target":"3011"},{"source":"2764","target":"3020"},{"source":"2764","target":"3201"},{"source":"2764","target":"3222"},{"source":"2764","target":"3263"},{"source":"2764","target":"3278"},{"source":"2764","target":"3302"},{"source":"2764","target":"3319"},{"source":"2764","target":"3340"},{"source":"2764","target":"3361"},{"source":"2765","target":"2770"},{"source":"2765","target":"2780"},{"source":"2765","target":"2793"},{"source":"2765","target":"2828"},{"source":"2765","target":"2849"},{"source":"2765","target":"2853"},{"source":"2765","target":"2863"},{"source":"2765","target":"2939"},{"source":"2765","target":"2970"},{"source":"2765","target":"2973"},{"source":"2765","target":"3007"},{"source":"2765","target":"3021"},{"source":"2765","target":"3035"},{"source":"2765","target":"3049"},{"source":"2765","target":"3070"},{"source":"2765","target":"3082"},{"source":"2765","target":"3094"},{"source":"2765","target":"3101"},{"source":"2765","target":"3102"},{"source":"2765","target":"3116"},{"source":"2765","target":"3120"},{"source":"2765","target":"3132"},{"source":"2765","target":"3146"},{"source":"2765","target":"3169"},{"source":"2765","target":"3201"},{"source":"2765","target":"3206"},{"source":"2765","target":"3239"},{"source":"2765","target":"3247"},{"source":"2765","target":"3252"},{"source":"2765","target":"3265"},{"source":"2765","target":"3267"},{"source":"2765","target":"3277"},{"source":"2765","target":"3297"},{"source":"2765","target":"3316"},{"source":"2765","target":"3330"},{"source":"2765","target":"3344"},{"source":"2765","target":"3351"},{"source":"2765","target":"3391"},{"source":"2765","target":"3397"},{"source":"2765","target":"3416"},{"source":"2765","target":"3419"},{"source":"2765","target":"3434"},{"source":"2766","target":"2786"},{"source":"2766","target":"2794"},{"source":"2766","target":"2810"},{"source":"2766","target":"2821"},{"source":"2766","target":"2907"},{"source":"2766","target":"2924"},{"source":"2766","target":"2929"},{"source":"2766","target":"3025"},{"source":"2766","target":"3119"},{"source":"2766","target":"3413"},{"source":"2767","target":"2889"},{"source":"2767","target":"2959"},{"source":"2767","target":"3314"},{"source":"2767","target":"3318"},{"source":"2768","target":"2813"},{"source":"2768","target":"2865"},{"source":"2768","target":"2918"},{"source":"2768","target":"2921"},{"source":"2768","target":"2951"},{"source":"2768","target":"2973"},{"source":"2768","target":"3002"},{"source":"2768","target":"3017"},{"source":"2768","target":"3020"},{"source":"2768","target":"3034"},{"source":"2768","target":"3072"},{"source":"2768","target":"3077"},{"source":"2768","target":"3097"},{"source":"2768","target":"3118"},{"source":"2768","target":"3151"},{"source":"2768","target":"3242"},{"source":"2768","target":"3263"},{"source":"2768","target":"3274"},{"source":"2768","target":"3276"},{"source":"2768","target":"3287"},{"source":"2768","target":"3299"},{"source":"2768","target":"3302"},{"source":"2768","target":"3313"},{"source":"2768","target":"3353"},{"source":"2768","target":"3403"},{"source":"2768","target":"3409"},{"source":"2769","target":"2789"},{"source":"2769","target":"2807"},{"source":"2769","target":"2943"},{"source":"2769","target":"2978"},{"source":"2769","target":"3010"},{"source":"2769","target":"3090"},{"source":"2769","target":"3130"},{"source":"2769","target":"3139"},{"source":"2769","target":"3300"},{"source":"2770","target":"2778"},{"source":"2770","target":"2849"},{"source":"2770","target":"2853"},{"source":"2770","target":"2863"},{"source":"2770","target":"2904"},{"source":"2770","target":"2939"},{"source":"2770","target":"3021"},{"source":"2770","target":"3035"},{"source":"2770","target":"3049"},{"source":"2770","target":"3070"},{"source":"2770","target":"3101"},{"source":"2770","target":"3102"},{"source":"2770","target":"3116"},{"source":"2770","target":"3132"},{"source":"2770","target":"3146"},{"source":"2770","target":"3150"},{"source":"2770","target":"3152"},{"source":"2770","target":"3169"},{"source":"2770","target":"3185"},{"source":"2770","target":"3188"},{"source":"2770","target":"3201"},{"source":"2770","target":"3239"},{"source":"2770","target":"3247"},{"source":"2770","target":"3252"},{"source":"2770","target":"3265"},{"source":"2770","target":"3277"},{"source":"2770","target":"3280"},{"source":"2770","target":"3291"},{"source":"2770","target":"3297"},{"source":"2770","target":"3330"},{"source":"2770","target":"3347"},{"source":"2770","target":"3351"},{"source":"2770","target":"3411"},{"source":"2770","target":"3416"},{"source":"2770","target":"3419"},{"source":"2770","target":"3434"},{"source":"2771","target":"2836"},{"source":"2771","target":"2841"},{"source":"2771","target":"2858"},{"source":"2771","target":"2893"},{"source":"2771","target":"2954"},{"source":"2771","target":"3214"},{"source":"2771","target":"3221"},{"source":"2771","target":"3248"},{"source":"2771","target":"3327"},{"source":"2771","target":"3383"},{"source":"2771","target":"3389"},{"source":"2771","target":"3424"},{"source":"2772","target":"2785"},{"source":"2772","target":"2803"},{"source":"2772","target":"2831"},{"source":"2772","target":"2895"},{"source":"2772","target":"2958"},{"source":"2772","target":"2996"},{"source":"2772","target":"3017"},{"source":"2772","target":"3027"},{"source":"2772","target":"3075"},{"source":"2772","target":"3093"},{"source":"2772","target":"3107"},{"source":"2772","target":"3192"},{"source":"2772","target":"3214"},{"source":"2772","target":"3221"},{"source":"2772","target":"3242"},{"source":"2772","target":"3256"},{"source":"2772","target":"3274"},{"source":"2772","target":"3296"},{"source":"2772","target":"3313"},{"source":"2772","target":"3319"},{"source":"2772","target":"3328"},{"source":"2772","target":"3342"},{"source":"2772","target":"3349"},{"source":"2772","target":"3357"},{"source":"2772","target":"3374"},{"source":"2772","target":"3406"},{"source":"2772","target":"3411"},{"source":"2773","target":"2782"},{"source":"2773","target":"2786"},{"source":"2773","target":"2810"},{"source":"2773","target":"2815"},{"source":"2773","target":"2862"},{"source":"2773","target":"2873"},{"source":"2773","target":"2890"},{"source":"2773","target":"2905"},{"source":"2773","target":"2913"},{"source":"2773","target":"2915"},{"source":"2773","target":"2916"},{"source":"2773","target":"2925"},{"source":"2773","target":"2929"},{"source":"2773","target":"2931"},{"source":"2773","target":"2945"},{"source":"2773","target":"2953"},{"source":"2773","target":"2956"},{"source":"2773","target":"2969"},{"source":"2773","target":"2977"},{"source":"2773","target":"2987"},{"source":"2773","target":"2988"},{"source":"2773","target":"2993"},{"source":"2773","target":"2994"},{"source":"2773","target":"3004"},{"source":"2773","target":"3014"},{"source":"2773","target":"3026"},{"source":"2773","target":"3029"},{"source":"2773","target":"3040"},{"source":"2773","target":"3078"},{"source":"2773","target":"3084"},{"source":"2773","target":"3090"},{"source":"2773","target":"3096"},{"source":"2773","target":"3104"},{"source":"2773","target":"3119"},{"source":"2773","target":"3158"},{"source":"2773","target":"3166"},{"source":"2773","target":"3174"},{"source":"2773","target":"3238"},{"source":"2773","target":"3293"},{"source":"2773","target":"3339"},{"source":"2773","target":"3348"},{"source":"2773","target":"3362"},{"source":"2773","target":"3364"},{"source":"2773","target":"3384"},{"source":"2773","target":"3417"},{"source":"2773","target":"3433"},{"source":"2773","target":"3435"},{"source":"2774","target":"2817"},{"source":"2774","target":"3055"},{"source":"2774","target":"3074"},{"source":"2774","target":"3127"},{"source":"2774","target":"3147"},{"source":"2775","target":"2845"},{"source":"2775","target":"2881"},{"source":"2775","target":"2892"},{"source":"2775","target":"2947"},{"source":"2775","target":"2951"},{"source":"2775","target":"2962"},{"source":"2775","target":"2995"},{"source":"2775","target":"3001"},{"source":"2775","target":"3002"},{"source":"2775","target":"3018"},{"source":"2775","target":"3019"},{"source":"2775","target":"3051"},{"source":"2775","target":"3062"},{"source":"2775","target":"3162"},{"source":"2775","target":"3168"},{"source":"2775","target":"3186"},{"source":"2775","target":"3233"},{"source":"2775","target":"3273"},{"source":"2775","target":"3295"},{"source":"2775","target":"3346"},{"source":"2775","target":"3366"},{"source":"2776","target":"2861"},{"source":"2776","target":"3105"},{"source":"2776","target":"3141"},{"source":"2776","target":"3216"},{"source":"2776","target":"3271"},{"source":"2777","target":"2782"},{"source":"2777","target":"2786"},{"source":"2777","target":"2800"},{"source":"2777","target":"2806"},{"source":"2777","target":"2810"},{"source":"2777","target":"2815"},{"source":"2777","target":"2827"},{"source":"2777","target":"2839"},{"source":"2777","target":"2850"},{"source":"2777","target":"2864"},{"source":"2777","target":"2867"},{"source":"2777","target":"2872"},{"source":"2777","target":"2884"},{"source":"2777","target":"2896"},{"source":"2777","target":"2897"},{"source":"2777","target":"2906"},{"source":"2777","target":"2908"},{"source":"2777","target":"2909"},{"source":"2777","target":"2910"},{"source":"2777","target":"2911"},{"source":"2777","target":"2912"},{"source":"2777","target":"2916"},{"source":"2777","target":"2919"},{"source":"2777","target":"2920"},{"source":"2777","target":"2925"},{"source":"2777","target":"2927"},{"source":"2777","target":"2928"},{"source":"2777","target":"2940"},{"source":"2777","target":"2943"},{"source":"2777","target":"2944"},{"source":"2777","target":"2945"},{"source":"2777","target":"2960"},{"source":"2777","target":"2966"},{"source":"2777","target":"2969"},{"source":"2777","target":"2974"},{"source":"2777","target":"2985"},{"source":"2777","target":"2986"},{"source":"2777","target":"2988"},{"source":"2777","target":"3000"},{"source":"2777","target":"3004"},{"source":"2777","target":"3022"},{"source":"2777","target":"3054"},{"source":"2777","target":"3056"},{"source":"2777","target":"3064"},{"source":"2777","target":"3073"},{"source":"2777","target":"3078"},{"source":"2777","target":"3085"},{"source":"2777","target":"3096"},{"source":"2777","target":"3098"},{"source":"2777","target":"3108"},{"source":"2777","target":"3158"},{"source":"2777","target":"3184"},{"source":"2777","target":"3195"},{"source":"2777","target":"3220"},{"source":"2777","target":"3226"},{"source":"2777","target":"3228"},{"source":"2777","target":"3232"},{"source":"2777","target":"3284"},{"source":"2777","target":"3304"},{"source":"2777","target":"3348"},{"source":"2777","target":"3363"},{"source":"2777","target":"3387"},{"source":"2777","target":"3399"},{"source":"2777","target":"3417"},{"source":"2777","target":"3426"},{"source":"2777","target":"3433"},{"source":"2778","target":"2781"},{"source":"2778","target":"2796"},{"source":"2778","target":"2823"},{"source":"2778","target":"2828"},{"source":"2778","target":"2833"},{"source":"2778","target":"2849"},{"source":"2778","target":"2853"},{"source":"2778","target":"2863"},{"source":"2778","target":"2869"},{"source":"2778","target":"2875"},{"source":"2778","target":"2881"},{"source":"2778","target":"2894"},{"source":"2778","target":"2901"},{"source":"2778","target":"2904"},{"source":"2778","target":"2921"},{"source":"2778","target":"2938"},{"source":"2778","target":"2939"},{"source":"2778","target":"2991"},{"source":"2778","target":"2992"},{"source":"2778","target":"3016"},{"source":"2778","target":"3017"},{"source":"2778","target":"3035"},{"source":"2778","target":"3039"},{"source":"2778","target":"3049"},{"source":"2778","target":"3051"},{"source":"2778","target":"3060"},{"source":"2778","target":"3076"},{"source":"2778","target":"3082"},{"source":"2778","target":"3100"},{"source":"2778","target":"3101"},{"source":"2778","target":"3102"},{"source":"2778","target":"3109"},{"source":"2778","target":"3111"},{"source":"2778","target":"3112"},{"source":"2778","target":"3113"},{"source":"2778","target":"3115"},{"source":"2778","target":"3116"},{"source":"2778","target":"3118"},{"source":"2778","target":"3120"},{"source":"2778","target":"3132"},{"source":"2778","target":"3145"},{"source":"2778","target":"3146"},{"source":"2778","target":"3148"},{"source":"2778","target":"3150"},{"source":"2778","target":"3169"},{"source":"2778","target":"3172"},{"source":"2778","target":"3179"},{"source":"2778","target":"3182"},{"source":"2778","target":"3185"},{"source":"2778","target":"3199"},{"source":"2778","target":"3201"},{"source":"2778","target":"3204"},{"source":"2778","target":"3225"},{"source":"2778","target":"3239"},{"source":"2778","target":"3247"},{"source":"2778","target":"3252"},{"source":"2778","target":"3261"},{"source":"2778","target":"3265"},{"source":"2778","target":"3267"},{"source":"2778","target":"3272"},{"source":"2778","target":"3274"},{"source":"2778","target":"3277"},{"source":"2778","target":"3280"},{"source":"2778","target":"3287"},{"source":"2778","target":"3297"},{"source":"2778","target":"3298"},{"source":"2778","target":"3306"},{"source":"2778","target":"3320"},{"source":"2778","target":"3327"},{"source":"2778","target":"3330"},{"source":"2778","target":"3332"},{"source":"2778","target":"3335"},{"source":"2778","target":"3345"},{"source":"2778","target":"3347"},{"source":"2778","target":"3350"},{"source":"2778","target":"3351"},{"source":"2778","target":"3366"},{"source":"2778","target":"3377"},{"source":"2778","target":"3378"},{"source":"2778","target":"3381"},{"source":"2778","target":"3396"},{"source":"2778","target":"3397"},{"source":"2778","target":"3416"},{"source":"2778","target":"3419"},{"source":"2778","target":"3422"},{"source":"2778","target":"3434"},{"source":"2779","target":"2829"},{"source":"2779","target":"2951"},{"source":"2779","target":"3019"},{"source":"2779","target":"3068"},{"source":"2779","target":"3069"},{"source":"2779","target":"3077"},{"source":"2779","target":"3086"},{"source":"2779","target":"3162"},{"source":"2779","target":"3177"},{"source":"2779","target":"3207"},{"source":"2779","target":"3233"},{"source":"2779","target":"3285"},{"source":"2779","target":"3356"},{"source":"2779","target":"3366"},{"source":"2779","target":"3412"},{"source":"2779","target":"3420"},{"source":"2780","target":"2785"},{"source":"2780","target":"2793"},{"source":"2780","target":"2795"},{"source":"2780","target":"2846"},{"source":"2780","target":"2863"},{"source":"2780","target":"2871"},{"source":"2780","target":"2923"},{"source":"2780","target":"2939"},{"source":"2780","target":"2950"},{"source":"2780","target":"2979"},{"source":"2780","target":"3013"},{"source":"2780","target":"3041"},{"source":"2780","target":"3048"},{"source":"2780","target":"3049"},{"source":"2780","target":"3089"},{"source":"2780","target":"3101"},{"source":"2780","target":"3102"},{"source":"2780","target":"3109"},{"source":"2780","target":"3116"},{"source":"2780","target":"3136"},{"source":"2780","target":"3138"},{"source":"2780","target":"3146"},{"source":"2780","target":"3152"},{"source":"2780","target":"3172"},{"source":"2780","target":"3178"},{"source":"2780","target":"3188"},{"source":"2780","target":"3198"},{"source":"2780","target":"3201"},{"source":"2780","target":"3209"},{"source":"2780","target":"3211"},{"source":"2780","target":"3212"},{"source":"2780","target":"3219"},{"source":"2780","target":"3233"},{"source":"2780","target":"3240"},{"source":"2780","target":"3247"},{"source":"2780","target":"3256"},{"source":"2780","target":"3265"},{"source":"2780","target":"3279"},{"source":"2780","target":"3297"},{"source":"2780","target":"3299"},{"source":"2780","target":"3307"},{"source":"2780","target":"3335"},{"source":"2780","target":"3351"},{"source":"2780","target":"3352"},{"source":"2780","target":"3360"},{"source":"2780","target":"3374"},{"source":"2780","target":"3395"},{"source":"2780","target":"3419"},{"source":"2781","target":"2787"},{"source":"2781","target":"2796"},{"source":"2781","target":"2836"},{"source":"2781","target":"2849"},{"source":"2781","target":"2853"},{"source":"2781","target":"2863"},{"source":"2781","target":"2869"},{"source":"2781","target":"2894"},{"source":"2781","target":"2901"},{"source":"2781","target":"2939"},{"source":"2781","target":"2958"},{"source":"2781","target":"2991"},{"source":"2781","target":"3005"},{"source":"2781","target":"3027"},{"source":"2781","target":"3035"},{"source":"2781","target":"3049"},{"source":"2781","target":"3060"},{"source":"2781","target":"3076"},{"source":"2781","target":"3082"},{"source":"2781","target":"3100"},{"source":"2781","target":"3101"},{"source":"2781","target":"3113"},{"source":"2781","target":"3116"},{"source":"2781","target":"3120"},{"source":"2781","target":"3136"},{"source":"2781","target":"3148"},{"source":"2781","target":"3150"},{"source":"2781","target":"3151"},{"source":"2781","target":"3157"},{"source":"2781","target":"3169"},{"source":"2781","target":"3179"},{"source":"2781","target":"3182"},{"source":"2781","target":"3201"},{"source":"2781","target":"3204"},{"source":"2781","target":"3214"},{"source":"2781","target":"3221"},{"source":"2781","target":"3252"},{"source":"2781","target":"3261"},{"source":"2781","target":"3267"},{"source":"2781","target":"3277"},{"source":"2781","target":"3280"},{"source":"2781","target":"3288"},{"source":"2781","target":"3291"},{"source":"2781","target":"3297"},{"source":"2781","target":"3326"},{"source":"2781","target":"3327"},{"source":"2781","target":"3335"},{"source":"2781","target":"3347"},{"source":"2781","target":"3350"},{"source":"2781","target":"3351"},{"source":"2781","target":"3366"},{"source":"2781","target":"3381"},{"source":"2781","target":"3397"},{"source":"2781","target":"3419"},{"source":"2781","target":"3425"},{"source":"2781","target":"3434"},{"source":"2782","target":"2786"},{"source":"2782","target":"2800"},{"source":"2782","target":"2806"},{"source":"2782","target":"2815"},{"source":"2782","target":"2827"},{"source":"2782","target":"2835"},{"source":"2782","target":"2839"},{"source":"2782","target":"2854"},{"source":"2782","target":"2862"},{"source":"2782","target":"2864"},{"source":"2782","target":"2866"},{"source":"2782","target":"2872"},{"source":"2782","target":"2877"},{"source":"2782","target":"2891"},{"source":"2782","target":"2896"},{"source":"2782","target":"2905"},{"source":"2782","target":"2906"},{"source":"2782","target":"2909"},{"source":"2782","target":"2910"},{"source":"2782","target":"2911"},{"source":"2782","target":"2912"},{"source":"2782","target":"2913"},{"source":"2782","target":"2915"},{"source":"2782","target":"2916"},{"source":"2782","target":"2920"},{"source":"2782","target":"2924"},{"source":"2782","target":"2927"},{"source":"2782","target":"2943"},{"source":"2782","target":"2944"},{"source":"2782","target":"2956"},{"source":"2782","target":"2960"},{"source":"2782","target":"2966"},{"source":"2782","target":"2969"},{"source":"2782","target":"2985"},{"source":"2782","target":"2986"},{"source":"2782","target":"2988"},{"source":"2782","target":"3004"},{"source":"2782","target":"3010"},{"source":"2782","target":"3014"},{"source":"2782","target":"3022"},{"source":"2782","target":"3025"},{"source":"2782","target":"3026"},{"source":"2782","target":"3033"},{"source":"2782","target":"3036"},{"source":"2782","target":"3040"},{"source":"2782","target":"3047"},{"source":"2782","target":"3052"},{"source":"2782","target":"3054"},{"source":"2782","target":"3064"},{"source":"2782","target":"3078"},{"source":"2782","target":"3084"},{"source":"2782","target":"3085"},{"source":"2782","target":"3090"},{"source":"2782","target":"3096"},{"source":"2782","target":"3104"},{"source":"2782","target":"3108"},{"source":"2782","target":"3123"},{"source":"2782","target":"3142"},{"source":"2782","target":"3149"},{"source":"2782","target":"3174"},{"source":"2782","target":"3184"},{"source":"2782","target":"3195"},{"source":"2782","target":"3213"},{"source":"2782","target":"3226"},{"source":"2782","target":"3232"},{"source":"2782","target":"3234"},{"source":"2782","target":"3250"},{"source":"2782","target":"3284"},{"source":"2782","target":"3301"},{"source":"2782","target":"3303"},{"source":"2782","target":"3304"},{"source":"2782","target":"3324"},{"source":"2782","target":"3339"},{"source":"2782","target":"3348"},{"source":"2782","target":"3363"},{"source":"2782","target":"3364"},{"source":"2782","target":"3384"},{"source":"2782","target":"3387"},{"source":"2782","target":"3399"},{"source":"2782","target":"3426"},{"source":"2783","target":"2787"},{"source":"2783","target":"2819"},{"source":"2783","target":"2932"},{"source":"2783","target":"2955"},{"source":"2783","target":"2976"},{"source":"2783","target":"2984"},{"source":"2783","target":"3017"},{"source":"2783","target":"3027"},{"source":"2783","target":"3028"},{"source":"2783","target":"3060"},{"source":"2783","target":"3076"},{"source":"2783","target":"3087"},{"source":"2783","target":"3152"},{"source":"2783","target":"3172"},{"source":"2783","target":"3182"},{"source":"2783","target":"3185"},{"source":"2783","target":"3192"},{"source":"2783","target":"3198"},{"source":"2783","target":"3255"},{"source":"2783","target":"3274"},{"source":"2783","target":"3291"},{"source":"2783","target":"3341"},{"source":"2783","target":"3353"},{"source":"2783","target":"3369"},{"source":"2783","target":"3383"},{"source":"2783","target":"3385"},{"source":"2783","target":"3395"},{"source":"2783","target":"3422"},{"source":"2784","target":"2813"},{"source":"2784","target":"2848"},{"source":"2784","target":"2856"},{"source":"2784","target":"2979"},{"source":"2784","target":"3034"},{"source":"2784","target":"3072"},{"source":"2784","target":"3099"},{"source":"2784","target":"3115"},{"source":"2784","target":"3136"},{"source":"2784","target":"3150"},{"source":"2784","target":"3179"},{"source":"2784","target":"3211"},{"source":"2784","target":"3214"},{"source":"2784","target":"3219"},{"source":"2784","target":"3259"},{"source":"2784","target":"3275"},{"source":"2784","target":"3329"},{"source":"2784","target":"3342"},{"source":"2784","target":"3349"},{"source":"2784","target":"3365"},{"source":"2784","target":"3397"},{"source":"2784","target":"3409"},{"source":"2785","target":"2846"},{"source":"2785","target":"2849"},{"source":"2785","target":"2863"},{"source":"2785","target":"2904"},{"source":"2785","target":"3013"},{"source":"2785","target":"3041"},{"source":"2785","target":"3046"},{"source":"2785","target":"3058"},{"source":"2785","target":"3067"},{"source":"2785","target":"3072"},{"source":"2785","target":"3081"},{"source":"2785","target":"3089"},{"source":"2785","target":"3101"},{"source":"2785","target":"3109"},{"source":"2785","target":"3138"},{"source":"2785","target":"3146"},{"source":"2785","target":"3152"},{"source":"2785","target":"3188"},{"source":"2785","target":"3209"},{"source":"2785","target":"3212"},{"source":"2785","target":"3233"},{"source":"2785","target":"3240"},{"source":"2785","target":"3249"},{"source":"2785","target":"3272"},{"source":"2785","target":"3280"},{"source":"2785","target":"3299"},{"source":"2785","target":"3302"},{"source":"2785","target":"3306"},{"source":"2785","target":"3335"},{"source":"2785","target":"3341"},{"source":"2785","target":"3345"},{"source":"2785","target":"3352"},{"source":"2785","target":"3360"},{"source":"2785","target":"3431"},{"source":"2786","target":"2800"},{"source":"2786","target":"2810"},{"source":"2786","target":"2827"},{"source":"2786","target":"2835"},{"source":"2786","target":"2839"},{"source":"2786","target":"2862"},{"source":"2786","target":"2864"},{"source":"2786","target":"2866"},{"source":"2786","target":"2873"},{"source":"2786","target":"2874"},{"source":"2786","target":"2877"},{"source":"2786","target":"2890"},{"source":"2786","target":"2896"},{"source":"2786","target":"2906"},{"source":"2786","target":"2910"},{"source":"2786","target":"2912"},{"source":"2786","target":"2913"},{"source":"2786","target":"2915"},{"source":"2786","target":"2916"},{"source":"2786","target":"2919"},{"source":"2786","target":"2924"},{"source":"2786","target":"2927"},{"source":"2786","target":"2928"},{"source":"2786","target":"2929"},{"source":"2786","target":"2931"},{"source":"2786","target":"2940"},{"source":"2786","target":"2943"},{"source":"2786","target":"2944"},{"source":"2786","target":"2946"},{"source":"2786","target":"2953"},{"source":"2786","target":"2956"},{"source":"2786","target":"2960"},{"source":"2786","target":"2966"},{"source":"2786","target":"2969"},{"source":"2786","target":"2977"},{"source":"2786","target":"2981"},{"source":"2786","target":"2985"},{"source":"2786","target":"2986"},{"source":"2786","target":"2988"},{"source":"2786","target":"2993"},{"source":"2786","target":"2994"},{"source":"2786","target":"3000"},{"source":"2786","target":"3014"},{"source":"2786","target":"3022"},{"source":"2786","target":"3025"},{"source":"2786","target":"3026"},{"source":"2786","target":"3029"},{"source":"2786","target":"3033"},{"source":"2786","target":"3054"},{"source":"2786","target":"3073"},{"source":"2786","target":"3078"},{"source":"2786","target":"3084"},{"source":"2786","target":"3090"},{"source":"2786","target":"3104"},{"source":"2786","target":"3114"},{"source":"2786","target":"3119"},{"source":"2786","target":"3158"},{"source":"2786","target":"3166"},{"source":"2786","target":"3174"},{"source":"2786","target":"3213"},{"source":"2786","target":"3220"},{"source":"2786","target":"3228"},{"source":"2786","target":"3238"},{"source":"2786","target":"3243"},{"source":"2786","target":"3257"},{"source":"2786","target":"3284"},{"source":"2786","target":"3293"},{"source":"2786","target":"3324"},{"source":"2786","target":"3362"},{"source":"2786","target":"3363"},{"source":"2786","target":"3364"},{"source":"2786","target":"3384"},{"source":"2786","target":"3387"},{"source":"2786","target":"3394"},{"source":"2786","target":"3417"},{"source":"2786","target":"3426"},{"source":"2786","target":"3433"},{"source":"2786","target":"3435"},{"source":"2787","target":"2793"},{"source":"2787","target":"2825"},{"source":"2787","target":"2836"},{"source":"2787","target":"2849"},{"source":"2787","target":"2863"},{"source":"2787","target":"2892"},{"source":"2787","target":"2901"},{"source":"2787","target":"2904"},{"source":"2787","target":"2932"},{"source":"2787","target":"2939"},{"source":"2787","target":"3027"},{"source":"2787","target":"3034"},{"source":"2787","target":"3038"},{"source":"2787","target":"3049"},{"source":"2787","target":"3070"},{"source":"2787","target":"3072"},{"source":"2787","target":"3082"},{"source":"2787","target":"3087"},{"source":"2787","target":"3097"},{"source":"2787","target":"3101"},{"source":"2787","target":"3116"},{"source":"2787","target":"3150"},{"source":"2787","target":"3211"},{"source":"2787","target":"3214"},{"source":"2787","target":"3253"},{"source":"2787","target":"3256"},{"source":"2787","target":"3291"},{"source":"2787","target":"3302"},{"source":"2787","target":"3312"},{"source":"2787","target":"3320"},{"source":"2787","target":"3321"},{"source":"2787","target":"3327"},{"source":"2787","target":"3342"},{"source":"2787","target":"3347"},{"source":"2787","target":"3369"},{"source":"2787","target":"3379"},{"source":"2787","target":"3380"},{"source":"2787","target":"3395"},{"source":"2787","target":"3403"},{"source":"2788","target":"3271"},{"source":"2789","target":"2807"},{"source":"2789","target":"2851"},{"source":"2789","target":"2888"},{"source":"2789","target":"2944"},{"source":"2789","target":"2978"},{"source":"2789","target":"3026"},{"source":"2789","target":"3045"},{"source":"2789","target":"3059"},{"source":"2789","target":"3084"},{"source":"2789","target":"3104"},{"source":"2789","target":"3130"},{"source":"2789","target":"3137"},{"source":"2789","target":"3231"},{"source":"2789","target":"3300"},{"source":"2789","target":"3428"},{"source":"2790","target":"2803"},{"source":"2790","target":"2813"},{"source":"2790","target":"2848"},{"source":"2790","target":"3203"},{"source":"2790","target":"3302"},{"source":"2791","target":"2812"},{"source":"2791","target":"2818"},{"source":"2791","target":"2844"},{"source":"2791","target":"2876"},{"source":"2791","target":"2950"},{"source":"2791","target":"2975"},{"source":"2791","target":"3088"},{"source":"2791","target":"3116"},{"source":"2791","target":"3136"},{"source":"2792","target":"3037"},{"source":"2793","target":"2795"},{"source":"2793","target":"2828"},{"source":"2793","target":"2833"},{"source":"2793","target":"2849"},{"source":"2793","target":"2853"},{"source":"2793","target":"2863"},{"source":"2793","target":"2875"},{"source":"2793","target":"2901"},{"source":"2793","target":"2936"},{"source":"2793","target":"2937"},{"source":"2793","target":"2939"},{"source":"2793","target":"2950"},{"source":"2793","target":"2970"},{"source":"2793","target":"2973"},{"source":"2793","target":"2989"},{"source":"2793","target":"2991"},{"source":"2793","target":"2992"},{"source":"2793","target":"3007"},{"source":"2793","target":"3021"},{"source":"2793","target":"3027"},{"source":"2793","target":"3035"},{"source":"2793","target":"3038"},{"source":"2793","target":"3041"},{"source":"2793","target":"3046"},{"source":"2793","target":"3049"},{"source":"2793","target":"3051"},{"source":"2793","target":"3060"},{"source":"2793","target":"3070"},{"source":"2793","target":"3072"},{"source":"2793","target":"3082"},{"source":"2793","target":"3089"},{"source":"2793","target":"3097"},{"source":"2793","target":"3101"},{"source":"2793","target":"3103"},{"source":"2793","target":"3106"},{"source":"2793","target":"3115"},{"source":"2793","target":"3116"},{"source":"2793","target":"3120"},{"source":"2793","target":"3132"},{"source":"2793","target":"3136"},{"source":"2793","target":"3140"},{"source":"2793","target":"3146"},{"source":"2793","target":"3150"},{"source":"2793","target":"3152"},{"source":"2793","target":"3154"},{"source":"2793","target":"3160"},{"source":"2793","target":"3169"},{"source":"2793","target":"3191"},{"source":"2793","target":"3198"},{"source":"2793","target":"3201"},{"source":"2793","target":"3206"},{"source":"2793","target":"3212"},{"source":"2793","target":"3214"},{"source":"2793","target":"3224"},{"source":"2793","target":"3239"},{"source":"2793","target":"3240"},{"source":"2793","target":"3247"},{"source":"2793","target":"3252"},{"source":"2793","target":"3253"},{"source":"2793","target":"3267"},{"source":"2793","target":"3277"},{"source":"2793","target":"3280"},{"source":"2793","target":"3288"},{"source":"2793","target":"3291"},{"source":"2793","target":"3297"},{"source":"2793","target":"3316"},{"source":"2793","target":"3319"},{"source":"2793","target":"3320"},{"source":"2793","target":"3321"},{"source":"2793","target":"3330"},{"source":"2793","target":"3332"},{"source":"2793","target":"3335"},{"source":"2793","target":"3342"},{"source":"2793","target":"3344"},{"source":"2793","target":"3345"},{"source":"2793","target":"3347"},{"source":"2793","target":"3350"},{"source":"2793","target":"3351"},{"source":"2793","target":"3353"},{"source":"2793","target":"3355"},{"source":"2793","target":"3386"},{"source":"2793","target":"3391"},{"source":"2793","target":"3396"},{"source":"2793","target":"3397"},{"source":"2793","target":"3406"},{"source":"2793","target":"3416"},{"source":"2793","target":"3434"},{"source":"2794","target":"2810"},{"source":"2794","target":"2821"},{"source":"2794","target":"2874"},{"source":"2794","target":"2887"},{"source":"2794","target":"2907"},{"source":"2794","target":"2966"},{"source":"2794","target":"2988"},{"source":"2794","target":"3000"},{"source":"2794","target":"3073"},{"source":"2794","target":"3119"},{"source":"2794","target":"3135"},{"source":"2794","target":"3158"},{"source":"2794","target":"3417"},{"source":"2794","target":"3433"},{"source":"2795","target":"2813"},{"source":"2795","target":"2832"},{"source":"2795","target":"2904"},{"source":"2795","target":"3020"},{"source":"2795","target":"3046"},{"source":"2795","target":"3048"},{"source":"2795","target":"3050"},{"source":"2795","target":"3110"},{"source":"2795","target":"3138"},{"source":"2795","target":"3148"},{"source":"2795","target":"3178"},{"source":"2795","target":"3211"},{"source":"2795","target":"3254"},{"source":"2795","target":"3296"},{"source":"2795","target":"3307"},{"source":"2795","target":"3353"},{"source":"2795","target":"3374"},{"source":"2795","target":"3385"},{"source":"2796","target":"2828"},{"source":"2796","target":"2833"},{"source":"2796","target":"2849"},{"source":"2796","target":"2853"},{"source":"2796","target":"2863"},{"source":"2796","target":"2869"},{"source":"2796","target":"2881"},{"source":"2796","target":"2894"},{"source":"2796","target":"2921"},{"source":"2796","target":"2936"},{"source":"2796","target":"2939"},{"source":"2796","target":"2991"},{"source":"2796","target":"3016"},{"source":"2796","target":"3017"},{"source":"2796","target":"3035"},{"source":"2796","target":"3039"},{"source":"2796","target":"3049"},{"source":"2796","target":"3051"},{"source":"2796","target":"3060"},{"source":"2796","target":"3076"},{"source":"2796","target":"3082"},{"source":"2796","target":"3101"},{"source":"2796","target":"3111"},{"source":"2796","target":"3113"},{"source":"2796","target":"3132"},{"source":"2796","target":"3145"},{"source":"2796","target":"3172"},{"source":"2796","target":"3185"},{"source":"2796","target":"3199"},{"source":"2796","target":"3201"},{"source":"2796","target":"3204"},{"source":"2796","target":"3261"},{"source":"2796","target":"3267"},{"source":"2796","target":"3274"},{"source":"2796","target":"3277"},{"source":"2796","target":"3280"},{"source":"2796","target":"3287"},{"source":"2796","target":"3297"},{"source":"2796","target":"3320"},{"source":"2796","target":"3347"},{"source":"2796","target":"3350"},{"source":"2796","target":"3351"},{"source":"2796","target":"3377"},{"source":"2796","target":"3378"},{"source":"2796","target":"3381"},{"source":"2796","target":"3396"},{"source":"2796","target":"3419"},{"source":"2796","target":"3422"},{"source":"2796","target":"3434"},{"source":"2797","target":"2823"},{"source":"2797","target":"2845"},{"source":"2797","target":"2894"},{"source":"2797","target":"2901"},{"source":"2797","target":"2936"},{"source":"2797","target":"2937"},{"source":"2797","target":"2995"},{"source":"2797","target":"3011"},{"source":"2797","target":"3076"},{"source":"2797","target":"3079"},{"source":"2797","target":"3179"},{"source":"2797","target":"3182"},{"source":"2797","target":"3258"},{"source":"2797","target":"3262"},{"source":"2797","target":"3320"},{"source":"2797","target":"3332"},{"source":"2797","target":"3350"},{"source":"2797","target":"3378"},{"source":"2797","target":"3396"},{"source":"2798","target":"3303"},{"source":"2799","target":"2861"},{"source":"2799","target":"3053"},{"source":"2799","target":"3105"},{"source":"2799","target":"3122"},{"source":"2799","target":"3200"},{"source":"2799","target":"3218"},{"source":"2799","target":"3354"},{"source":"2800","target":"2806"},{"source":"2800","target":"2810"},{"source":"2800","target":"2815"},{"source":"2800","target":"2827"},{"source":"2800","target":"2839"},{"source":"2800","target":"2854"},{"source":"2800","target":"2862"},{"source":"2800","target":"2864"},{"source":"2800","target":"2867"},{"source":"2800","target":"2872"},{"source":"2800","target":"2877"},{"source":"2800","target":"2880"},{"source":"2800","target":"2890"},{"source":"2800","target":"2897"},{"source":"2800","target":"2906"},{"source":"2800","target":"2910"},{"source":"2800","target":"2912"},{"source":"2800","target":"2913"},{"source":"2800","target":"2916"},{"source":"2800","target":"2919"},{"source":"2800","target":"2925"},{"source":"2800","target":"2927"},{"source":"2800","target":"2928"},{"source":"2800","target":"2940"},{"source":"2800","target":"2943"},{"source":"2800","target":"2944"},{"source":"2800","target":"2945"},{"source":"2800","target":"2956"},{"source":"2800","target":"2960"},{"source":"2800","target":"2966"},{"source":"2800","target":"2969"},{"source":"2800","target":"2974"},{"source":"2800","target":"2986"},{"source":"2800","target":"2988"},{"source":"2800","target":"3000"},{"source":"2800","target":"3004"},{"source":"2800","target":"3023"},{"source":"2800","target":"3026"},{"source":"2800","target":"3033"},{"source":"2800","target":"3040"},{"source":"2800","target":"3044"},{"source":"2800","target":"3056"},{"source":"2800","target":"3073"},{"source":"2800","target":"3078"},{"source":"2800","target":"3085"},{"source":"2800","target":"3090"},{"source":"2800","target":"3096"},{"source":"2800","target":"3098"},{"source":"2800","target":"3119"},{"source":"2800","target":"3135"},{"source":"2800","target":"3174"},{"source":"2800","target":"3213"},{"source":"2800","target":"3220"},{"source":"2800","target":"3232"},{"source":"2800","target":"3250"},{"source":"2800","target":"3284"},{"source":"2800","target":"3324"},{"source":"2800","target":"3348"},{"source":"2800","target":"3363"},{"source":"2800","target":"3400"},{"source":"2800","target":"3417"},{"source":"2800","target":"3426"},{"source":"2800","target":"3433"},{"source":"2801","target":"2865"},{"source":"2801","target":"3032"},{"source":"2801","target":"3167"},{"source":"2801","target":"3221"},{"source":"2801","target":"3255"},{"source":"2801","target":"3256"},{"source":"2801","target":"3365"},{"source":"2802","target":"2863"},{"source":"2802","target":"3035"},{"source":"2802","target":"3106"},{"source":"2802","target":"3150"},{"source":"2802","target":"3154"},{"source":"2802","target":"3267"},{"source":"2802","target":"3397"},{"source":"2802","target":"3419"},{"source":"2803","target":"2813"},{"source":"2803","target":"2848"},{"source":"2803","target":"2881"},{"source":"2803","target":"2882"},{"source":"2803","target":"2996"},{"source":"2803","target":"3048"},{"source":"2803","target":"3100"},{"source":"2803","target":"3124"},{"source":"2803","target":"3138"},{"source":"2803","target":"3140"},{"source":"2803","target":"3178"},{"source":"2803","target":"3196"},{"source":"2803","target":"3211"},{"source":"2803","target":"3214"},{"source":"2803","target":"3256"},{"source":"2803","target":"3280"},{"source":"2803","target":"3380"},{"source":"2803","target":"3418"},{"source":"2804","target":"2836"},{"source":"2804","target":"2984"},{"source":"2804","target":"2992"},{"source":"2804","target":"3316"},{"source":"2804","target":"3327"},{"source":"2804","target":"3377"},{"source":"2804","target":"3416"},{"source":"2805","target":"2806"},{"source":"2805","target":"2922"},{"source":"2805","target":"2983"},{"source":"2805","target":"2997"},{"source":"2805","target":"3012"},{"source":"2805","target":"3028"},{"source":"2805","target":"3121"},{"source":"2806","target":"2839"},{"source":"2806","target":"2854"},{"source":"2806","target":"2867"},{"source":"2806","target":"2877"},{"source":"2806","target":"2880"},{"source":"2806","target":"2890"},{"source":"2806","target":"2891"},{"source":"2806","target":"2909"},{"source":"2806","target":"2910"},{"source":"2806","target":"2912"},{"source":"2806","target":"2919"},{"source":"2806","target":"2920"},{"source":"2806","target":"2925"},{"source":"2806","target":"2927"},{"source":"2806","target":"2943"},{"source":"2806","target":"2944"},{"source":"2806","target":"2948"},{"source":"2806","target":"2967"},{"source":"2806","target":"2986"},{"source":"2806","target":"3000"},{"source":"2806","target":"3004"},{"source":"2806","target":"3014"},{"source":"2806","target":"3023"},{"source":"2806","target":"3114"},{"source":"2806","target":"3142"},{"source":"2806","target":"3184"},{"source":"2806","target":"3213"},{"source":"2806","target":"3234"},{"source":"2806","target":"3237"},{"source":"2806","target":"3286"},{"source":"2806","target":"3294"},{"source":"2806","target":"3309"},{"source":"2806","target":"3324"},{"source":"2806","target":"3363"},{"source":"2806","target":"3414"},{"source":"2806","target":"3417"},{"source":"2806","target":"3430"},{"source":"2807","target":"2837"},{"source":"2807","target":"2887"},{"source":"2807","target":"2888"},{"source":"2807","target":"2978"},{"source":"2807","target":"3010"},{"source":"2807","target":"3025"},{"source":"2807","target":"3080"},{"source":"2807","target":"3084"},{"source":"2807","target":"3123"},{"source":"2807","target":"3129"},{"source":"2807","target":"3130"},{"source":"2807","target":"3231"},{"source":"2807","target":"3257"},{"source":"2807","target":"3300"},{"source":"2807","target":"3394"},{"source":"2807","target":"3400"},{"source":"2807","target":"3428"},{"source":"2808","target":"3121"},{"source":"2809","target":"2837"},{"source":"2809","target":"3010"},{"source":"2809","target":"3026"},{"source":"2809","target":"3030"},{"source":"2809","target":"3036"},{"source":"2809","target":"3080"},{"source":"2809","target":"3090"},{"source":"2809","target":"3104"},{"source":"2809","target":"3231"},{"source":"2809","target":"3269"},{"source":"2809","target":"3317"},{"source":"2809","target":"3333"},{"source":"2809","target":"3362"},{"source":"2809","target":"3388"},{"source":"2809","target":"3394"},{"source":"2810","target":"2821"},{"source":"2810","target":"2839"},{"source":"2810","target":"2867"},{"source":"2810","target":"2873"},{"source":"2810","target":"2874"},{"source":"2810","target":"2880"},{"source":"2810","target":"2887"},{"source":"2810","target":"2907"},{"source":"2810","target":"2910"},{"source":"2810","target":"2920"},{"source":"2810","target":"2927"},{"source":"2810","target":"2928"},{"source":"2810","target":"2940"},{"source":"2810","target":"2943"},{"source":"2810","target":"2944"},{"source":"2810","target":"2945"},{"source":"2810","target":"2960"},{"source":"2810","target":"2974"},{"source":"2810","target":"2986"},{"source":"2810","target":"2988"},{"source":"2810","target":"2994"},{"source":"2810","target":"3000"},{"source":"2810","target":"3023"},{"source":"2810","target":"3025"},{"source":"2810","target":"3056"},{"source":"2810","target":"3073"},{"source":"2810","target":"3084"},{"source":"2810","target":"3090"},{"source":"2810","target":"3117"},{"source":"2810","target":"3123"},{"source":"2810","target":"3135"},{"source":"2810","target":"3158"},{"source":"2810","target":"3163"},{"source":"2810","target":"3213"},{"source":"2810","target":"3220"},{"source":"2810","target":"3236"},{"source":"2810","target":"3293"},{"source":"2810","target":"3362"},{"source":"2810","target":"3363"},{"source":"2810","target":"3417"},{"source":"2810","target":"3433"},{"source":"2811","target":"2904"},{"source":"2811","target":"3162"},{"source":"2811","target":"3272"},{"source":"2811","target":"3280"},{"source":"2811","target":"3331"},{"source":"2812","target":"2818"},{"source":"2812","target":"2843"},{"source":"2812","target":"2869"},{"source":"2812","target":"3041"},{"source":"2812","target":"3087"},{"source":"2812","target":"3140"},{"source":"2812","target":"3187"},{"source":"2812","target":"3249"},{"source":"2812","target":"3256"},{"source":"2812","target":"3273"},{"source":"2812","target":"3287"},{"source":"2812","target":"3291"},{"source":"2812","target":"3365"},{"source":"2812","target":"3393"},{"source":"2812","target":"3403"},{"source":"2812","target":"3421"},{"source":"2813","target":"2818"},{"source":"2813","target":"2826"},{"source":"2813","target":"2848"},{"source":"2813","target":"2883"},{"source":"2813","target":"2951"},{"source":"2813","target":"2971"},{"source":"2813","target":"2979"},{"source":"2813","target":"3002"},{"source":"2813","target":"3020"},{"source":"2813","target":"3136"},{"source":"2813","target":"3171"},{"source":"2813","target":"3177"},{"source":"2813","target":"3178"},{"source":"2813","target":"3214"},{"source":"2813","target":"3365"},{"source":"2813","target":"3393"},{"source":"2813","target":"3409"},{"source":"2815","target":"2827"},{"source":"2815","target":"2839"},{"source":"2815","target":"2866"},{"source":"2815","target":"2872"},{"source":"2815","target":"2905"},{"source":"2815","target":"2910"},{"source":"2815","target":"2911"},{"source":"2815","target":"2912"},{"source":"2815","target":"2916"},{"source":"2815","target":"2917"},{"source":"2815","target":"2920"},{"source":"2815","target":"2925"},{"source":"2815","target":"2943"},{"source":"2815","target":"2944"},{"source":"2815","target":"2966"},{"source":"2815","target":"2969"},{"source":"2815","target":"2986"},{"source":"2815","target":"2987"},{"source":"2815","target":"3022"},{"source":"2815","target":"3026"},{"source":"2815","target":"3033"},{"source":"2815","target":"3040"},{"source":"2815","target":"3056"},{"source":"2815","target":"3064"},{"source":"2815","target":"3065"},{"source":"2815","target":"3078"},{"source":"2815","target":"3085"},{"source":"2815","target":"3090"},{"source":"2815","target":"3096"},{"source":"2815","target":"3098"},{"source":"2815","target":"3108"},{"source":"2815","target":"3142"},{"source":"2815","target":"3149"},{"source":"2815","target":"3195"},{"source":"2815","target":"3226"},{"source":"2815","target":"3232"},{"source":"2815","target":"3250"},{"source":"2815","target":"3304"},{"source":"2815","target":"3363"},{"source":"2815","target":"3387"},{"source":"2815","target":"3426"},{"source":"2816","target":"2843"},{"source":"2816","target":"2865"},{"source":"2816","target":"3087"},{"source":"2816","target":"3152"},{"source":"2816","target":"3187"},{"source":"2816","target":"3256"},{"source":"2816","target":"3264"},{"source":"2816","target":"3369"},{"source":"2817","target":"3055"},{"source":"2817","target":"3074"},{"source":"2817","target":"3127"},{"source":"2818","target":"2882"},{"source":"2818","target":"2946"},{"source":"2818","target":"3067"},{"source":"2818","target":"3261"},{"source":"2818","target":"3276"},{"source":"2818","target":"3350"},{"source":"2818","target":"3353"},{"source":"2819","target":"2904"},{"source":"2819","target":"2996"},{"source":"2819","target":"3017"},{"source":"2819","target":"3035"},{"source":"2819","target":"3140"},{"source":"2819","target":"3148"},{"source":"2819","target":"3192"},{"source":"2819","target":"3221"},{"source":"2819","target":"3272"},{"source":"2819","target":"3280"},{"source":"2819","target":"3289"},{"source":"2819","target":"3306"},{"source":"2819","target":"3307"},{"source":"2819","target":"3313"},{"source":"2819","target":"3328"},{"source":"2819","target":"3341"},{"source":"2819","target":"3342"},{"source":"2819","target":"3346"},{"source":"2819","target":"3385"},{"source":"2819","target":"3421"},{"source":"2820","target":"2870"},{"source":"2820","target":"2934"},{"source":"2820","target":"2962"},{"source":"2820","target":"3001"},{"source":"2820","target":"3190"},{"source":"2820","target":"3233"},{"source":"2820","target":"3244"},{"source":"2820","target":"3246"},{"source":"2820","target":"3275"},{"source":"2820","target":"3292"},{"source":"2820","target":"3295"},{"source":"2821","target":"2966"},{"source":"2821","target":"3114"},{"source":"2821","target":"3119"},{"source":"2821","target":"3135"},{"source":"2821","target":"3158"},{"source":"2821","target":"3166"},{"source":"2821","target":"3413"},{"source":"2822","target":"2831"},{"source":"2822","target":"2941"},{"source":"2822","target":"2999"},{"source":"2822","target":"3164"},{"source":"2822","target":"3222"},{"source":"2822","target":"3263"},{"source":"2822","target":"3278"},{"source":"2822","target":"3361"},{"source":"2823","target":"2828"},{"source":"2823","target":"2845"},{"source":"2823","target":"2875"},{"source":"2823","target":"2894"},{"source":"2823","target":"2937"},{"source":"2823","target":"2992"},{"source":"2823","target":"3011"},{"source":"2823","target":"3051"},{"source":"2823","target":"3060"},{"source":"2823","target":"3076"},{"source":"2823","target":"3079"},{"source":"2823","target":"3082"},{"source":"2823","target":"3118"},{"source":"2823","target":"3145"},{"source":"2823","target":"3170"},{"source":"2823","target":"3172"},{"source":"2823","target":"3179"},{"source":"2823","target":"3182"},{"source":"2823","target":"3258"},{"source":"2823","target":"3261"},{"source":"2823","target":"3262"},{"source":"2823","target":"3267"},{"source":"2823","target":"3287"},{"source":"2823","target":"3320"},{"source":"2823","target":"3332"},{"source":"2823","target":"3350"},{"source":"2823","target":"3378"},{"source":"2823","target":"3396"},{"source":"2823","target":"3403"},{"source":"2823","target":"3434"},{"source":"2824","target":"2962"},{"source":"2824","target":"3077"},{"source":"2824","target":"3091"},{"source":"2825","target":"2844"},{"source":"2825","target":"2868"},{"source":"2825","target":"2921"},{"source":"2825","target":"2942"},{"source":"2825","target":"2951"},{"source":"2825","target":"2989"},{"source":"2825","target":"3027"},{"source":"2825","target":"3075"},{"source":"2825","target":"3156"},{"source":"2825","target":"3177"},{"source":"2825","target":"3198"},{"source":"2825","target":"3256"},{"source":"2825","target":"3365"},{"source":"2825","target":"3385"},{"source":"2825","target":"3431"},{"source":"2826","target":"2979"},{"source":"2826","target":"3165"},{"source":"2826","target":"3211"},{"source":"2826","target":"3340"},{"source":"2826","target":"3361"},{"source":"2827","target":"2839"},{"source":"2827","target":"2852"},{"source":"2827","target":"2866"},{"source":"2827","target":"2867"},{"source":"2827","target":"2872"},{"source":"2827","target":"2877"},{"source":"2827","target":"2890"},{"source":"2827","target":"2897"},{"source":"2827","target":"2905"},{"source":"2827","target":"2906"},{"source":"2827","target":"2910"},{"source":"2827","target":"2911"},{"source":"2827","target":"2913"},{"source":"2827","target":"2915"},{"source":"2827","target":"2916"},{"source":"2827","target":"2917"},{"source":"2827","target":"2919"},{"source":"2827","target":"2920"},{"source":"2827","target":"2925"},{"source":"2827","target":"2929"},{"source":"2827","target":"2943"},{"source":"2827","target":"2944"},{"source":"2827","target":"2956"},{"source":"2827","target":"2966"},{"source":"2827","target":"2969"},{"source":"2827","target":"2985"},{"source":"2827","target":"2986"},{"source":"2827","target":"2987"},{"source":"2827","target":"2993"},{"source":"2827","target":"2994"},{"source":"2827","target":"3022"},{"source":"2827","target":"3026"},{"source":"2827","target":"3033"},{"source":"2827","target":"3040"},{"source":"2827","target":"3054"},{"source":"2827","target":"3064"},{"source":"2827","target":"3065"},{"source":"2827","target":"3078"},{"source":"2827","target":"3090"},{"source":"2827","target":"3096"},{"source":"2827","target":"3098"},{"source":"2827","target":"3108"},{"source":"2827","target":"3149"},{"source":"2827","target":"3163"},{"source":"2827","target":"3166"},{"source":"2827","target":"3174"},{"source":"2827","target":"3195"},{"source":"2827","target":"3226"},{"source":"2827","target":"3232"},{"source":"2827","target":"3284"},{"source":"2827","target":"3301"},{"source":"2827","target":"3348"},{"source":"2827","target":"3363"},{"source":"2827","target":"3387"},{"source":"2827","target":"3390"},{"source":"2827","target":"3417"},{"source":"2827","target":"3426"},{"source":"2827","target":"3435"},{"source":"2828","target":"2833"},{"source":"2828","target":"2849"},{"source":"2828","target":"2869"},{"source":"2828","target":"2875"},{"source":"2828","target":"2901"},{"source":"2828","target":"2936"},{"source":"2828","target":"2937"},{"source":"2828","target":"2939"},{"source":"2828","target":"2970"},{"source":"2828","target":"2973"},{"source":"2828","target":"2989"},{"source":"2828","target":"2991"},{"source":"2828","target":"2992"},{"source":"2828","target":"3027"},{"source":"2828","target":"3035"},{"source":"2828","target":"3038"},{"source":"2828","target":"3049"},{"source":"2828","target":"3051"},{"source":"2828","target":"3060"},{"source":"2828","target":"3076"},{"source":"2828","target":"3082"},{"source":"2828","target":"3101"},{"source":"2828","target":"3102"},{"source":"2828","target":"3106"},{"source":"2828","target":"3113"},{"source":"2828","target":"3115"},{"source":"2828","target":"3116"},{"source":"2828","target":"3120"},{"source":"2828","target":"3132"},{"source":"2828","target":"3146"},{"source":"2828","target":"3148"},{"source":"2828","target":"3152"},{"source":"2828","target":"3169"},{"source":"2828","target":"3170"},{"source":"2828","target":"3172"},{"source":"2828","target":"3179"},{"source":"2828","target":"3185"},{"source":"2828","target":"3201"},{"source":"2828","target":"3209"},{"source":"2828","target":"3247"},{"source":"2828","target":"3252"},{"source":"2828","target":"3261"},{"source":"2828","target":"3265"},{"source":"2828","target":"3272"},{"source":"2828","target":"3277"},{"source":"2828","target":"3280"},{"source":"2828","target":"3291"},{"source":"2828","target":"3298"},{"source":"2828","target":"3320"},{"source":"2828","target":"3330"},{"source":"2828","target":"3332"},{"source":"2828","target":"3335"},{"source":"2828","target":"3344"},{"source":"2828","target":"3347"},{"source":"2828","target":"3350"},{"source":"2828","target":"3351"},{"source":"2828","target":"3377"},{"source":"2828","target":"3378"},{"source":"2828","target":"3381"},{"source":"2828","target":"3391"},{"source":"2828","target":"3396"},{"source":"2828","target":"3397"},{"source":"2828","target":"3406"},{"source":"2828","target":"3411"},{"source":"2828","target":"3416"},{"source":"2828","target":"3434"},{"source":"2829","target":"2951"},{"source":"2829","target":"3001"},{"source":"2829","target":"3019"},{"source":"2829","target":"3062"},{"source":"2829","target":"3068"},{"source":"2829","target":"3069"},{"source":"2829","target":"3077"},{"source":"2829","target":"3086"},{"source":"2829","target":"3154"},{"source":"2829","target":"3162"},{"source":"2829","target":"3168"},{"source":"2829","target":"3176"},{"source":"2829","target":"3177"},{"source":"2829","target":"3207"},{"source":"2829","target":"3233"},{"source":"2829","target":"3241"},{"source":"2829","target":"3285"},{"source":"2829","target":"3295"},{"source":"2829","target":"3334"},{"source":"2829","target":"3356"},{"source":"2829","target":"3366"},{"source":"2829","target":"3412"},{"source":"2830","target":"2951"},{"source":"2830","target":"2990"},{"source":"2830","target":"2992"},{"source":"2830","target":"3002"},{"source":"2830","target":"3019"},{"source":"2830","target":"3154"},{"source":"2830","target":"3168"},{"source":"2830","target":"3191"},{"source":"2830","target":"3207"},{"source":"2830","target":"3233"},{"source":"2830","target":"3319"},{"source":"2830","target":"3346"},{"source":"2830","target":"3366"},{"source":"2830","target":"3379"},{"source":"2830","target":"3412"},{"source":"2830","target":"3434"},{"source":"2831","target":"2832"},{"source":"2831","target":"2863"},{"source":"2831","target":"2865"},{"source":"2831","target":"2901"},{"source":"2831","target":"2996"},{"source":"2831","target":"3050"},{"source":"2831","target":"3124"},{"source":"2831","target":"3214"},{"source":"2831","target":"3256"},{"source":"2831","target":"3312"},{"source":"2831","target":"3326"},{"source":"2831","target":"3365"},{"source":"2831","target":"3393"},{"source":"2832","target":"2841"},{"source":"2832","target":"2863"},{"source":"2832","target":"2901"},{"source":"2832","target":"2958"},{"source":"2832","target":"3015"},{"source":"2832","target":"3016"},{"source":"2832","target":"3017"},{"source":"2832","target":"3027"},{"source":"2832","target":"3050"},{"source":"2832","target":"3082"},{"source":"2832","target":"3124"},{"source":"2832","target":"3171"},{"source":"2832","target":"3208"},{"source":"2832","target":"3214"},{"source":"2832","target":"3256"},{"source":"2832","target":"3267"},{"source":"2832","target":"3275"},{"source":"2832","target":"3276"},{"source":"2832","target":"3277"},{"source":"2832","target":"3312"},{"source":"2832","target":"3330"},{"source":"2832","target":"3335"},{"source":"2832","target":"3353"},{"source":"2833","target":"2849"},{"source":"2833","target":"2863"},{"source":"2833","target":"2869"},{"source":"2833","target":"2875"},{"source":"2833","target":"2894"},{"source":"2833","target":"2904"},{"source":"2833","target":"2914"},{"source":"2833","target":"2936"},{"source":"2833","target":"2937"},{"source":"2833","target":"2939"},{"source":"2833","target":"2973"},{"source":"2833","target":"2991"},{"source":"2833","target":"2992"},{"source":"2833","target":"3011"},{"source":"2833","target":"3017"},{"source":"2833","target":"3021"},{"source":"2833","target":"3035"},{"source":"2833","target":"3038"},{"source":"2833","target":"3049"},{"source":"2833","target":"3051"},{"source":"2833","target":"3060"},{"source":"2833","target":"3076"},{"source":"2833","target":"3079"},{"source":"2833","target":"3082"},{"source":"2833","target":"3089"},{"source":"2833","target":"3101"},{"source":"2833","target":"3102"},{"source":"2833","target":"3113"},{"source":"2833","target":"3115"},{"source":"2833","target":"3116"},{"source":"2833","target":"3132"},{"source":"2833","target":"3146"},{"source":"2833","target":"3150"},{"source":"2833","target":"3152"},{"source":"2833","target":"3154"},{"source":"2833","target":"3179"},{"source":"2833","target":"3182"},{"source":"2833","target":"3185"},{"source":"2833","target":"3188"},{"source":"2833","target":"3201"},{"source":"2833","target":"3212"},{"source":"2833","target":"3224"},{"source":"2833","target":"3239"},{"source":"2833","target":"3253"},{"source":"2833","target":"3258"},{"source":"2833","target":"3265"},{"source":"2833","target":"3267"},{"source":"2833","target":"3272"},{"source":"2833","target":"3277"},{"source":"2833","target":"3280"},{"source":"2833","target":"3288"},{"source":"2833","target":"3291"},{"source":"2833","target":"3297"},{"source":"2833","target":"3298"},{"source":"2833","target":"3299"},{"source":"2833","target":"3319"},{"source":"2833","target":"3320"},{"source":"2833","target":"3321"},{"source":"2833","target":"3330"},{"source":"2833","target":"3332"},{"source":"2833","target":"3345"},{"source":"2833","target":"3347"},{"source":"2833","target":"3350"},{"source":"2833","target":"3351"},{"source":"2833","target":"3355"},{"source":"2833","target":"3360"},{"source":"2833","target":"3381"},{"source":"2833","target":"3396"},{"source":"2833","target":"3397"},{"source":"2833","target":"3406"},{"source":"2833","target":"3411"},{"source":"2833","target":"3434"},{"source":"2834","target":"2972"},{"source":"2834","target":"3176"},{"source":"2834","target":"3283"},{"source":"2834","target":"3318"},{"source":"2834","target":"3325"},{"source":"2834","target":"3423"},{"source":"2835","target":"2839"},{"source":"2835","target":"2862"},{"source":"2835","target":"2864"},{"source":"2835","target":"2874"},{"source":"2835","target":"2880"},{"source":"2835","target":"2906"},{"source":"2835","target":"2924"},{"source":"2835","target":"2940"},{"source":"2835","target":"2943"},{"source":"2835","target":"2946"},{"source":"2835","target":"2956"},{"source":"2835","target":"2960"},{"source":"2835","target":"2986"},{"source":"2835","target":"2994"},{"source":"2835","target":"3000"},{"source":"2835","target":"3033"},{"source":"2835","target":"3104"},{"source":"2835","target":"3117"},{"source":"2835","target":"3119"},{"source":"2835","target":"3129"},{"source":"2835","target":"3174"},{"source":"2835","target":"3195"},{"source":"2835","target":"3226"},{"source":"2835","target":"3243"},{"source":"2835","target":"3324"},{"source":"2835","target":"3339"},{"source":"2835","target":"3348"},{"source":"2835","target":"3363"},{"source":"2835","target":"3387"},{"source":"2835","target":"3399"},{"source":"2835","target":"3417"},{"source":"2836","target":"2840"},{"source":"2836","target":"2841"},{"source":"2836","target":"2858"},{"source":"2836","target":"2893"},{"source":"2836","target":"2898"},{"source":"2836","target":"2954"},{"source":"2836","target":"3005"},{"source":"2836","target":"3019"},{"source":"2836","target":"3140"},{"source":"2836","target":"3157"},{"source":"2836","target":"3190"},{"source":"2836","target":"3214"},{"source":"2836","target":"3221"},{"source":"2836","target":"3248"},{"source":"2836","target":"3291"},{"source":"2836","target":"3327"},{"source":"2836","target":"3342"},{"source":"2836","target":"3383"},{"source":"2836","target":"3386"},{"source":"2836","target":"3421"},{"source":"2836","target":"3424"},{"source":"2837","target":"3010"},{"source":"2837","target":"3025"},{"source":"2837","target":"3030"},{"source":"2837","target":"3080"},{"source":"2837","target":"3231"},{"source":"2837","target":"3257"},{"source":"2837","target":"3269"},{"source":"2837","target":"3317"},{"source":"2837","target":"3394"},{"source":"2838","target":"3003"},{"source":"2839","target":"2852"},{"source":"2839","target":"2862"},{"source":"2839","target":"2864"},{"source":"2839","target":"2866"},{"source":"2839","target":"2867"},{"source":"2839","target":"2872"},{"source":"2839","target":"2877"},{"source":"2839","target":"2880"},{"source":"2839","target":"2890"},{"source":"2839","target":"2896"},{"source":"2839","target":"2905"},{"source":"2839","target":"2906"},{"source":"2839","target":"2907"},{"source":"2839","target":"2908"},{"source":"2839","target":"2909"},{"source":"2839","target":"2910"},{"source":"2839","target":"2911"},{"source":"2839","target":"2912"},{"source":"2839","target":"2913"},{"source":"2839","target":"2916"},{"source":"2839","target":"2919"},{"source":"2839","target":"2920"},{"source":"2839","target":"2924"},{"source":"2839","target":"2925"},{"source":"2839","target":"2927"},{"source":"2839","target":"2928"},{"source":"2839","target":"2940"},{"source":"2839","target":"2943"},{"source":"2839","target":"2944"},{"source":"2839","target":"2945"},{"source":"2839","target":"2946"},{"source":"2839","target":"2948"},{"source":"2839","target":"2956"},{"source":"2839","target":"2960"},{"source":"2839","target":"2966"},{"source":"2839","target":"2967"},{"source":"2839","target":"2969"},{"source":"2839","target":"2974"},{"source":"2839","target":"2981"},{"source":"2839","target":"2985"},{"source":"2839","target":"2986"},{"source":"2839","target":"3000"},{"source":"2839","target":"3004"},{"source":"2839","target":"3022"},{"source":"2839","target":"3023"},{"source":"2839","target":"3025"},{"source":"2839","target":"3026"},{"source":"2839","target":"3029"},{"source":"2839","target":"3033"},{"source":"2839","target":"3040"},{"source":"2839","target":"3052"},{"source":"2839","target":"3054"},{"source":"2839","target":"3056"},{"source":"2839","target":"3064"},{"source":"2839","target":"3065"},{"source":"2839","target":"3073"},{"source":"2839","target":"3078"},{"source":"2839","target":"3085"},{"source":"2839","target":"3096"},{"source":"2839","target":"3098"},{"source":"2839","target":"3104"},{"source":"2839","target":"3108"},{"source":"2839","target":"3117"},{"source":"2839","target":"3119"},{"source":"2839","target":"3135"},{"source":"2839","target":"3142"},{"source":"2839","target":"3149"},{"source":"2839","target":"3158"},{"source":"2839","target":"3163"},{"source":"2839","target":"3174"},{"source":"2839","target":"3184"},{"source":"2839","target":"3193"},{"source":"2839","target":"3195"},{"source":"2839","target":"3202"},{"source":"2839","target":"3213"},{"source":"2839","target":"3220"},{"source":"2839","target":"3226"},{"source":"2839","target":"3228"},{"source":"2839","target":"3232"},{"source":"2839","target":"3234"},{"source":"2839","target":"3237"},{"source":"2839","target":"3238"},{"source":"2839","target":"3250"},{"source":"2839","target":"3284"},{"source":"2839","target":"3286"},{"source":"2839","target":"3293"},{"source":"2839","target":"3304"},{"source":"2839","target":"3324"},{"source":"2839","target":"3339"},{"source":"2839","target":"3348"},{"source":"2839","target":"3362"},{"source":"2839","target":"3363"},{"source":"2839","target":"3364"},{"source":"2839","target":"3387"},{"source":"2839","target":"3414"},{"source":"2839","target":"3417"},{"source":"2839","target":"3426"},{"source":"2839","target":"3433"},{"source":"2840","target":"2881"},{"source":"2840","target":"2904"},{"source":"2840","target":"2958"},{"source":"2840","target":"2973"},{"source":"2840","target":"2976"},{"source":"2840","target":"2992"},{"source":"2840","target":"3002"},{"source":"2840","target":"3017"},{"source":"2840","target":"3034"},{"source":"2840","target":"3039"},{"source":"2840","target":"3060"},{"source":"2840","target":"3082"},{"source":"2840","target":"3111"},{"source":"2840","target":"3112"},{"source":"2840","target":"3118"},{"source":"2840","target":"3145"},{"source":"2840","target":"3172"},{"source":"2840","target":"3185"},{"source":"2840","target":"3225"},{"source":"2840","target":"3267"},{"source":"2840","target":"3281"},{"source":"2840","target":"3287"},{"source":"2840","target":"3320"},{"source":"2840","target":"3367"},{"source":"2840","target":"3377"},{"source":"2840","target":"3378"},{"source":"2840","target":"3396"},{"source":"2840","target":"3403"},{"source":"2841","target":"2858"},{"source":"2841","target":"2898"},{"source":"2841","target":"2946"},{"source":"2841","target":"2954"},{"source":"2841","target":"3016"},{"source":"2841","target":"3081"},{"source":"2841","target":"3089"},{"source":"2841","target":"3097"},{"source":"2841","target":"3117"},{"source":"2841","target":"3171"},{"source":"2841","target":"3190"},{"source":"2841","target":"3208"},{"source":"2841","target":"3214"},{"source":"2841","target":"3221"},{"source":"2841","target":"3248"},{"source":"2841","target":"3255"},{"source":"2841","target":"3259"},{"source":"2841","target":"3327"},{"source":"2841","target":"3335"},{"source":"2841","target":"3383"},{"source":"2841","target":"3389"},{"source":"2841","target":"3422"},{"source":"2841","target":"3424"},{"source":"2841","target":"3431"},{"source":"2843","target":"2865"},{"source":"2843","target":"2918"},{"source":"2843","target":"2932"},{"source":"2843","target":"2955"},{"source":"2843","target":"3032"},{"source":"2843","target":"3087"},{"source":"2843","target":"3136"},{"source":"2843","target":"3154"},{"source":"2843","target":"3156"},{"source":"2843","target":"3187"},{"source":"2843","target":"3196"},{"source":"2843","target":"3198"},{"source":"2843","target":"3236"},{"source":"2843","target":"3255"},{"source":"2843","target":"3256"},{"source":"2843","target":"3264"},{"source":"2843","target":"3365"},{"source":"2843","target":"3369"},{"source":"2843","target":"3385"},{"source":"2843","target":"3402"},{"source":"2844","target":"2871"},{"source":"2844","target":"2878"},{"source":"2844","target":"2881"},{"source":"2844","target":"2894"},{"source":"2844","target":"2904"},{"source":"2844","target":"2951"},{"source":"2844","target":"3017"},{"source":"2844","target":"3027"},{"source":"2844","target":"3034"},{"source":"2844","target":"3072"},{"source":"2844","target":"3075"},{"source":"2844","target":"3087"},{"source":"2844","target":"3101"},{"source":"2844","target":"3140"},{"source":"2844","target":"3144"},{"source":"2844","target":"3211"},{"source":"2844","target":"3274"},{"source":"2844","target":"3365"},{"source":"2844","target":"3385"},{"source":"2844","target":"3395"},{"source":"2845","target":"2892"},{"source":"2845","target":"2937"},{"source":"2845","target":"2951"},{"source":"2845","target":"3002"},{"source":"2845","target":"3019"},{"source":"2845","target":"3051"},{"source":"2845","target":"3060"},{"source":"2845","target":"3076"},{"source":"2845","target":"3118"},{"source":"2845","target":"3172"},{"source":"2845","target":"3186"},{"source":"2845","target":"3261"},{"source":"2845","target":"3263"},{"source":"2845","target":"3287"},{"source":"2845","target":"3295"},{"source":"2845","target":"3298"},{"source":"2845","target":"3396"},{"source":"2845","target":"3403"},{"source":"2846","target":"2914"},{"source":"2846","target":"3013"},{"source":"2846","target":"3038"},{"source":"2846","target":"3041"},{"source":"2846","target":"3046"},{"source":"2846","target":"3058"},{"source":"2846","target":"3089"},{"source":"2846","target":"3109"},{"source":"2846","target":"3175"},{"source":"2846","target":"3188"},{"source":"2846","target":"3209"},{"source":"2846","target":"3212"},{"source":"2846","target":"3260"},{"source":"2846","target":"3299"},{"source":"2846","target":"3320"},{"source":"2846","target":"3321"},{"source":"2846","target":"3345"},{"source":"2846","target":"3352"},{"source":"2846","target":"3360"},{"source":"2846","target":"3397"},{"source":"2847","target":"2856"},{"source":"2847","target":"2859"},{"source":"2847","target":"2965"},{"source":"2847","target":"3011"},{"source":"2847","target":"3144"},{"source":"2847","target":"3162"},{"source":"2847","target":"3173"},{"source":"2847","target":"3255"},{"source":"2847","target":"3263"},{"source":"2847","target":"3307"},{"source":"2847","target":"3341"},{"source":"2848","target":"2876"},{"source":"2848","target":"2881"},{"source":"2848","target":"2901"},{"source":"2848","target":"2996"},{"source":"2848","target":"3049"},{"source":"2848","target":"3133"},{"source":"2848","target":"3148"},{"source":"2848","target":"3178"},{"source":"2848","target":"3203"},{"source":"2848","target":"3214"},{"source":"2848","target":"3280"},{"source":"2848","target":"3302"},{"source":"2848","target":"3306"},{"source":"2848","target":"3405"},{"source":"2849","target":"2853"},{"source":"2849","target":"2863"},{"source":"2849","target":"2869"},{"source":"2849","target":"2875"},{"source":"2849","target":"2894"},{"source":"2849","target":"2901"},{"source":"2849","target":"2904"},{"source":"2849","target":"2939"},{"source":"2849","target":"2970"},{"source":"2849","target":"2973"},{"source":"2849","target":"2991"},{"source":"2849","target":"3021"},{"source":"2849","target":"3027"},{"source":"2849","target":"3035"},{"source":"2849","target":"3038"},{"source":"2849","target":"3046"},{"source":"2849","target":"3049"},{"source":"2849","target":"3070"},{"source":"2849","target":"3076"},{"source":"2849","target":"3082"},{"source":"2849","target":"3089"},{"source":"2849","target":"3101"},{"source":"2849","target":"3102"},{"source":"2849","target":"3106"},{"source":"2849","target":"3115"},{"source":"2849","target":"3116"},{"source":"2849","target":"3132"},{"source":"2849","target":"3146"},{"source":"2849","target":"3150"},{"source":"2849","target":"3152"},{"source":"2849","target":"3169"},{"source":"2849","target":"3179"},{"source":"2849","target":"3185"},{"source":"2849","target":"3201"},{"source":"2849","target":"3206"},{"source":"2849","target":"3212"},{"source":"2849","target":"3239"},{"source":"2849","target":"3240"},{"source":"2849","target":"3247"},{"source":"2849","target":"3252"},{"source":"2849","target":"3265"},{"source":"2849","target":"3267"},{"source":"2849","target":"3277"},{"source":"2849","target":"3280"},{"source":"2849","target":"3288"},{"source":"2849","target":"3291"},{"source":"2849","target":"3297"},{"source":"2849","target":"3299"},{"source":"2849","target":"3316"},{"source":"2849","target":"3319"},{"source":"2849","target":"3321"},{"source":"2849","target":"3330"},{"source":"2849","target":"3332"},{"source":"2849","target":"3335"},{"source":"2849","target":"3344"},{"source":"2849","target":"3345"},{"source":"2849","target":"3347"},{"source":"2849","target":"3350"},{"source":"2849","target":"3351"},{"source":"2849","target":"3381"},{"source":"2849","target":"3396"},{"source":"2849","target":"3397"},{"source":"2849","target":"3406"},{"source":"2849","target":"3416"},{"source":"2849","target":"3419"},{"source":"2849","target":"3434"},{"source":"2850","target":"2864"},{"source":"2850","target":"2867"},{"source":"2850","target":"2872"},{"source":"2850","target":"2877"},{"source":"2850","target":"2880"},{"source":"2850","target":"2896"},{"source":"2850","target":"2897"},{"source":"2850","target":"2905"},{"source":"2850","target":"2906"},{"source":"2850","target":"2910"},{"source":"2850","target":"2911"},{"source":"2850","target":"2915"},{"source":"2850","target":"2916"},{"source":"2850","target":"2920"},{"source":"2850","target":"2924"},{"source":"2850","target":"2925"},{"source":"2850","target":"2927"},{"source":"2850","target":"2943"},{"source":"2850","target":"2966"},{"source":"2850","target":"2969"},{"source":"2850","target":"2986"},{"source":"2850","target":"3054"},{"source":"2850","target":"3193"},{"source":"2850","target":"3195"},{"source":"2850","target":"3228"},{"source":"2850","target":"3293"},{"source":"2850","target":"3348"},{"source":"2850","target":"3363"},{"source":"2850","target":"3426"},{"source":"2851","target":"2888"},{"source":"2851","target":"2978"},{"source":"2851","target":"3084"},{"source":"2851","target":"3090"},{"source":"2851","target":"3095"},{"source":"2851","target":"3114"},{"source":"2851","target":"3130"},{"source":"2851","target":"3137"},{"source":"2851","target":"3139"},{"source":"2851","target":"3229"},{"source":"2851","target":"3231"},{"source":"2851","target":"3300"},{"source":"2851","target":"3348"},{"source":"2851","target":"3392"},{"source":"2851","target":"3394"},{"source":"2851","target":"3430"},{"source":"2852","target":"2916"},{"source":"2852","target":"2920"},{"source":"2852","target":"2940"},{"source":"2852","target":"2943"},{"source":"2852","target":"3096"},{"source":"2852","target":"3220"},{"source":"2852","target":"3226"},{"source":"2853","target":"2863"},{"source":"2853","target":"2869"},{"source":"2853","target":"2894"},{"source":"2853","target":"2939"},{"source":"2853","target":"2991"},{"source":"2853","target":"2992"},{"source":"2853","target":"3016"},{"source":"2853","target":"3021"},{"source":"2853","target":"3035"},{"source":"2853","target":"3049"},{"source":"2853","target":"3070"},{"source":"2853","target":"3082"},{"source":"2853","target":"3101"},{"source":"2853","target":"3102"},{"source":"2853","target":"3106"},{"source":"2853","target":"3113"},{"source":"2853","target":"3116"},{"source":"2853","target":"3120"},{"source":"2853","target":"3132"},{"source":"2853","target":"3145"},{"source":"2853","target":"3146"},{"source":"2853","target":"3150"},{"source":"2853","target":"3169"},{"source":"2853","target":"3201"},{"source":"2853","target":"3206"},{"source":"2853","target":"3239"},{"source":"2853","target":"3240"},{"source":"2853","target":"3247"},{"source":"2853","target":"3252"},{"source":"2853","target":"3265"},{"source":"2853","target":"3267"},{"source":"2853","target":"3277"},{"source":"2853","target":"3280"},{"source":"2853","target":"3297"},{"source":"2853","target":"3316"},{"source":"2853","target":"3320"},{"source":"2853","target":"3330"},{"source":"2853","target":"3335"},{"source":"2853","target":"3342"},{"source":"2853","target":"3344"},{"source":"2853","target":"3347"},{"source":"2853","target":"3351"},{"source":"2853","target":"3381"},{"source":"2853","target":"3391"},{"source":"2853","target":"3397"},{"source":"2853","target":"3415"},{"source":"2853","target":"3416"},{"source":"2853","target":"3419"},{"source":"2854","target":"2864"},{"source":"2854","target":"2927"},{"source":"2854","target":"2931"},{"source":"2854","target":"2944"},{"source":"2854","target":"2953"},{"source":"2854","target":"2969"},{"source":"2854","target":"3010"},{"source":"2854","target":"3023"},{"source":"2854","target":"3025"},{"source":"2854","target":"3080"},{"source":"2854","target":"3095"},{"source":"2854","target":"3104"},{"source":"2854","target":"3184"},{"source":"2854","target":"3193"},{"source":"2854","target":"3213"},{"source":"2854","target":"3228"},{"source":"2854","target":"3234"},{"source":"2854","target":"3237"},{"source":"2854","target":"3286"},{"source":"2854","target":"3303"},{"source":"2854","target":"3362"},{"source":"2854","target":"3363"},{"source":"2854","target":"3390"},{"source":"2854","target":"3394"},{"source":"2854","target":"3414"},{"source":"2854","target":"3426"},{"source":"2854","target":"3430"},{"source":"2855","target":"2904"},{"source":"2855","target":"3272"},{"source":"2855","target":"3280"},{"source":"2856","target":"2868"},{"source":"2856","target":"2979"},{"source":"2856","target":"2996"},{"source":"2856","target":"3020"},{"source":"2856","target":"3099"},{"source":"2856","target":"3115"},{"source":"2856","target":"3185"},{"source":"2856","target":"3212"},{"source":"2856","target":"3242"},{"source":"2856","target":"3329"},{"source":"2856","target":"3342"},{"source":"2856","target":"3349"},{"source":"2857","target":"3200"},{"source":"2858","target":"2889"},{"source":"2858","target":"2898"},{"source":"2858","target":"2921"},{"source":"2858","target":"2923"},{"source":"2858","target":"3072"},{"source":"2858","target":"3075"},{"source":"2858","target":"3097"},{"source":"2858","target":"3248"},{"source":"2858","target":"3275"},{"source":"2858","target":"3302"},{"source":"2858","target":"3327"},{"source":"2858","target":"3383"},{"source":"2858","target":"3404"},{"source":"2859","target":"2868"},{"source":"2859","target":"2984"},{"source":"2859","target":"3002"},{"source":"2859","target":"3027"},{"source":"2859","target":"3075"},{"source":"2859","target":"3107"},{"source":"2859","target":"3140"},{"source":"2859","target":"3263"},{"source":"2859","target":"3291"},{"source":"2859","target":"3302"},{"source":"2859","target":"3341"},{"source":"2859","target":"3365"},{"source":"2859","target":"3397"},{"source":"2860","target":"3019"},{"source":"2860","target":"3168"},{"source":"2861","target":"3053"},{"source":"2861","target":"3122"},{"source":"2861","target":"3141"},{"source":"2861","target":"3200"},{"source":"2861","target":"3216"},{"source":"2861","target":"3218"},{"source":"2861","target":"3271"},{"source":"2861","target":"3354"},{"source":"2862","target":"2864"},{"source":"2862","target":"2873"},{"source":"2862","target":"2874"},{"source":"2862","target":"2887"},{"source":"2862","target":"2890"},{"source":"2862","target":"2906"},{"source":"2862","target":"2910"},{"source":"2862","target":"2912"},{"source":"2862","target":"2913"},{"source":"2862","target":"2915"},{"source":"2862","target":"2924"},{"source":"2862","target":"2927"},{"source":"2862","target":"2928"},{"source":"2862","target":"2929"},{"source":"2862","target":"2944"},{"source":"2862","target":"2946"},{"source":"2862","target":"2956"},{"source":"2862","target":"2960"},{"source":"2862","target":"2966"},{"source":"2862","target":"2969"},{"source":"2862","target":"2985"},{"source":"2862","target":"2986"},{"source":"2862","target":"2988"},{"source":"2862","target":"2993"},{"source":"2862","target":"2994"},{"source":"2862","target":"3000"},{"source":"2862","target":"3014"},{"source":"2862","target":"3022"},{"source":"2862","target":"3025"},{"source":"2862","target":"3026"},{"source":"2862","target":"3029"},{"source":"2862","target":"3054"},{"source":"2862","target":"3073"},{"source":"2862","target":"3084"},{"source":"2862","target":"3090"},{"source":"2862","target":"3104"},{"source":"2862","target":"3119"},{"source":"2862","target":"3174"},{"source":"2862","target":"3195"},{"source":"2862","target":"3220"},{"source":"2862","target":"3232"},{"source":"2862","target":"3238"},{"source":"2862","target":"3286"},{"source":"2862","target":"3293"},{"source":"2862","target":"3324"},{"source":"2862","target":"3362"},{"source":"2862","target":"3363"},{"source":"2862","target":"3364"},{"source":"2862","target":"3384"},{"source":"2862","target":"3387"},{"source":"2862","target":"3417"},{"source":"2862","target":"3433"},{"source":"2862","target":"3435"},{"source":"2863","target":"2869"},{"source":"2863","target":"2901"},{"source":"2863","target":"2904"},{"source":"2863","target":"2939"},{"source":"2863","target":"2980"},{"source":"2863","target":"2991"},{"source":"2863","target":"2992"},{"source":"2863","target":"3006"},{"source":"2863","target":"3016"},{"source":"2863","target":"3021"},{"source":"2863","target":"3034"},{"source":"2863","target":"3035"},{"source":"2863","target":"3038"},{"source":"2863","target":"3049"},{"source":"2863","target":"3050"},{"source":"2863","target":"3051"},{"source":"2863","target":"3070"},{"source":"2863","target":"3082"},{"source":"2863","target":"3094"},{"source":"2863","target":"3097"},{"source":"2863","target":"3101"},{"source":"2863","target":"3102"},{"source":"2863","target":"3113"},{"source":"2863","target":"3115"},{"source":"2863","target":"3116"},{"source":"2863","target":"3120"},{"source":"2863","target":"3124"},{"source":"2863","target":"3132"},{"source":"2863","target":"3145"},{"source":"2863","target":"3146"},{"source":"2863","target":"3150"},{"source":"2863","target":"3151"},{"source":"2863","target":"3152"},{"source":"2863","target":"3154"},{"source":"2863","target":"3169"},{"source":"2863","target":"3171"},{"source":"2863","target":"3172"},{"source":"2863","target":"3185"},{"source":"2863","target":"3187"},{"source":"2863","target":"3198"},{"source":"2863","target":"3201"},{"source":"2863","target":"3204"},{"source":"2863","target":"3206"},{"source":"2863","target":"3214"},{"source":"2863","target":"3235"},{"source":"2863","target":"3239"},{"source":"2863","target":"3247"},{"source":"2863","target":"3252"},{"source":"2863","target":"3256"},{"source":"2863","target":"3258"},{"source":"2863","target":"3265"},{"source":"2863","target":"3267"},{"source":"2863","target":"3270"},{"source":"2863","target":"3274"},{"source":"2863","target":"3277"},{"source":"2863","target":"3280"},{"source":"2863","target":"3296"},{"source":"2863","target":"3297"},{"source":"2863","target":"3316"},{"source":"2863","target":"3320"},{"source":"2863","target":"3330"},{"source":"2863","target":"3335"},{"source":"2863","target":"3344"},{"source":"2863","target":"3347"},{"source":"2863","target":"3349"},{"source":"2863","target":"3351"},{"source":"2863","target":"3357"},{"source":"2863","target":"3365"},{"source":"2863","target":"3380"},{"source":"2863","target":"3381"},{"source":"2863","target":"3386"},{"source":"2863","target":"3391"},{"source":"2863","target":"3397"},{"source":"2863","target":"3416"},{"source":"2863","target":"3419"},{"source":"2863","target":"3429"},{"source":"2863","target":"3434"},{"source":"2864","target":"2867"},{"source":"2864","target":"2880"},{"source":"2864","target":"2896"},{"source":"2864","target":"2897"},{"source":"2864","target":"2906"},{"source":"2864","target":"2908"},{"source":"2864","target":"2909"},{"source":"2864","target":"2910"},{"source":"2864","target":"2911"},{"source":"2864","target":"2915"},{"source":"2864","target":"2919"},{"source":"2864","target":"2920"},{"source":"2864","target":"2925"},{"source":"2864","target":"2940"},{"source":"2864","target":"2943"},{"source":"2864","target":"2944"},{"source":"2864","target":"2946"},{"source":"2864","target":"2956"},{"source":"2864","target":"2960"},{"source":"2864","target":"2966"},{"source":"2864","target":"2969"},{"source":"2864","target":"2985"},{"source":"2864","target":"2986"},{"source":"2864","target":"3004"},{"source":"2864","target":"3054"},{"source":"2864","target":"3065"},{"source":"2864","target":"3073"},{"source":"2864","target":"3078"},{"source":"2864","target":"3096"},{"source":"2864","target":"3098"},{"source":"2864","target":"3104"},{"source":"2864","target":"3108"},{"source":"2864","target":"3117"},{"source":"2864","target":"3119"},{"source":"2864","target":"3135"},{"source":"2864","target":"3174"},{"source":"2864","target":"3226"},{"source":"2864","target":"3232"},{"source":"2864","target":"3234"},{"source":"2864","target":"3250"},{"source":"2864","target":"3284"},{"source":"2864","target":"3324"},{"source":"2864","target":"3348"},{"source":"2864","target":"3362"},{"source":"2864","target":"3363"},{"source":"2864","target":"3387"},{"source":"2864","target":"3417"},{"source":"2864","target":"3433"},{"source":"2865","target":"2918"},{"source":"2865","target":"2932"},{"source":"2865","target":"2955"},{"source":"2865","target":"2979"},{"source":"2865","target":"3020"},{"source":"2865","target":"3032"},{"source":"2865","target":"3050"},{"source":"2865","target":"3061"},{"source":"2865","target":"3081"},{"source":"2865","target":"3087"},{"source":"2865","target":"3124"},{"source":"2865","target":"3156"},{"source":"2865","target":"3167"},{"source":"2865","target":"3187"},{"source":"2865","target":"3196"},{"source":"2865","target":"3236"},{"source":"2865","target":"3253"},{"source":"2865","target":"3256"},{"source":"2865","target":"3263"},{"source":"2865","target":"3264"},{"source":"2865","target":"3312"},{"source":"2865","target":"3365"},{"source":"2865","target":"3369"},{"source":"2865","target":"3385"},{"source":"2865","target":"3393"},{"source":"2865","target":"3402"},{"source":"2866","target":"2867"},{"source":"2866","target":"2872"},{"source":"2866","target":"2873"},{"source":"2866","target":"2877"},{"source":"2866","target":"2890"},{"source":"2866","target":"2891"},{"source":"2866","target":"2897"},{"source":"2866","target":"2905"},{"source":"2866","target":"2906"},{"source":"2866","target":"2909"},{"source":"2866","target":"2910"},{"source":"2866","target":"2911"},{"source":"2866","target":"2912"},{"source":"2866","target":"2913"},{"source":"2866","target":"2915"},{"source":"2866","target":"2916"},{"source":"2866","target":"2917"},{"source":"2866","target":"2919"},{"source":"2866","target":"2925"},{"source":"2866","target":"2928"},{"source":"2866","target":"2940"},{"source":"2866","target":"2956"},{"source":"2866","target":"2966"},{"source":"2866","target":"2985"},{"source":"2866","target":"2986"},{"source":"2866","target":"2993"},{"source":"2866","target":"2994"},{"source":"2866","target":"3022"},{"source":"2866","target":"3026"},{"source":"2866","target":"3033"},{"source":"2866","target":"3040"},{"source":"2866","target":"3047"},{"source":"2866","target":"3056"},{"source":"2866","target":"3064"},{"source":"2866","target":"3065"},{"source":"2866","target":"3078"},{"source":"2866","target":"3084"},{"source":"2866","target":"3090"},{"source":"2866","target":"3096"},{"source":"2866","target":"3098"},{"source":"2866","target":"3108"},{"source":"2866","target":"3142"},{"source":"2866","target":"3149"},{"source":"2866","target":"3174"},{"source":"2866","target":"3195"},{"source":"2866","target":"3226"},{"source":"2866","target":"3232"},{"source":"2866","target":"3250"},{"source":"2866","target":"3284"},{"source":"2866","target":"3304"},{"source":"2866","target":"3324"},{"source":"2866","target":"3339"},{"source":"2866","target":"3348"},{"source":"2866","target":"3363"},{"source":"2866","target":"3387"},{"source":"2866","target":"3390"},{"source":"2866","target":"3399"},{"source":"2866","target":"3426"},{"source":"2866","target":"3430"},{"source":"2867","target":"2877"},{"source":"2867","target":"2880"},{"source":"2867","target":"2897"},{"source":"2867","target":"2906"},{"source":"2867","target":"2907"},{"source":"2867","target":"2909"},{"source":"2867","target":"2910"},{"source":"2867","target":"2913"},{"source":"2867","target":"2915"},{"source":"2867","target":"2916"},{"source":"2867","target":"2917"},{"source":"2867","target":"2919"},{"source":"2867","target":"2920"},{"source":"2867","target":"2925"},{"source":"2867","target":"2927"},{"source":"2867","target":"2928"},{"source":"2867","target":"2931"},{"source":"2867","target":"2940"},{"source":"2867","target":"2943"},{"source":"2867","target":"2944"},{"source":"2867","target":"2945"},{"source":"2867","target":"2946"},{"source":"2867","target":"2960"},{"source":"2867","target":"2974"},{"source":"2867","target":"2986"},{"source":"2867","target":"3000"},{"source":"2867","target":"3004"},{"source":"2867","target":"3022"},{"source":"2867","target":"3023"},{"source":"2867","target":"3026"},{"source":"2867","target":"3054"},{"source":"2867","target":"3056"},{"source":"2867","target":"3064"},{"source":"2867","target":"3073"},{"source":"2867","target":"3078"},{"source":"2867","target":"3085"},{"source":"2867","target":"3098"},{"source":"2867","target":"3117"},{"source":"2867","target":"3149"},{"source":"2867","target":"3158"},{"source":"2867","target":"3174"},{"source":"2867","target":"3184"},{"source":"2867","target":"3195"},{"source":"2867","target":"3213"},{"source":"2867","target":"3232"},{"source":"2867","target":"3243"},{"source":"2867","target":"3293"},{"source":"2867","target":"3301"},{"source":"2867","target":"3324"},{"source":"2867","target":"3363"},{"source":"2867","target":"3387"},{"source":"2867","target":"3399"},{"source":"2867","target":"3417"},{"source":"2867","target":"3426"},{"source":"2867","target":"3433"},{"source":"2868","target":"2936"},{"source":"2868","target":"3002"},{"source":"2868","target":"3051"},{"source":"2868","target":"3077"},{"source":"2868","target":"3099"},{"source":"2868","target":"3212"},{"source":"2868","target":"3215"},{"source":"2868","target":"3224"},{"source":"2868","target":"3242"},{"source":"2868","target":"3329"},{"source":"2868","target":"3349"},{"source":"2868","target":"3373"},{"source":"2869","target":"2881"},{"source":"2869","target":"2936"},{"source":"2869","target":"2937"},{"source":"2869","target":"2939"},{"source":"2869","target":"2950"},{"source":"2869","target":"2980"},{"source":"2869","target":"2991"},{"source":"2869","target":"2992"},{"source":"2869","target":"3016"},{"source":"2869","target":"3021"},{"source":"2869","target":"3035"},{"source":"2869","target":"3049"},{"source":"2869","target":"3051"},{"source":"2869","target":"3060"},{"source":"2869","target":"3082"},{"source":"2869","target":"3101"},{"source":"2869","target":"3113"},{"source":"2869","target":"3116"},{"source":"2869","target":"3132"},{"source":"2869","target":"3145"},{"source":"2869","target":"3152"},{"source":"2869","target":"3169"},{"source":"2869","target":"3170"},{"source":"2869","target":"3172"},{"source":"2869","target":"3199"},{"source":"2869","target":"3201"},{"source":"2869","target":"3204"},{"source":"2869","target":"3239"},{"source":"2869","target":"3252"},{"source":"2869","target":"3267"},{"source":"2869","target":"3270"},{"source":"2869","target":"3277"},{"source":"2869","target":"3280"},{"source":"2869","target":"3289"},{"source":"2869","target":"3297"},{"source":"2869","target":"3302"},{"source":"2869","target":"3320"},{"source":"2869","target":"3330"},{"source":"2869","target":"3335"},{"source":"2869","target":"3340"},{"source":"2869","target":"3347"},{"source":"2869","target":"3350"},{"source":"2869","target":"3351"},{"source":"2869","target":"3378"},{"source":"2869","target":"3381"},{"source":"2869","target":"3386"},{"source":"2869","target":"3396"},{"source":"2869","target":"3397"},{"source":"2869","target":"3416"},{"source":"2869","target":"3419"},{"source":"2870","target":"2934"},{"source":"2870","target":"2990"},{"source":"2870","target":"3001"},{"source":"2870","target":"3002"},{"source":"2870","target":"3009"},{"source":"2870","target":"3017"},{"source":"2870","target":"3077"},{"source":"2870","target":"3107"},{"source":"2870","target":"3154"},{"source":"2870","target":"3177"},{"source":"2870","target":"3186"},{"source":"2870","target":"3244"},{"source":"2870","target":"3246"},{"source":"2870","target":"3275"},{"source":"2870","target":"3295"},{"source":"2870","target":"3347"},{"source":"2870","target":"3359"},{"source":"2870","target":"3406"},{"source":"2871","target":"2875"},{"source":"2871","target":"2881"},{"source":"2871","target":"2932"},{"source":"2871","target":"2950"},{"source":"2871","target":"2955"},{"source":"2871","target":"3002"},{"source":"2871","target":"3038"},{"source":"2871","target":"3043"},{"source":"2871","target":"3062"},{"source":"2871","target":"3087"},{"source":"2871","target":"3107"},{"source":"2871","target":"3111"},{"source":"2871","target":"3136"},{"source":"2871","target":"3189"},{"source":"2871","target":"3196"},{"source":"2871","target":"3198"},{"source":"2871","target":"3219"},{"source":"2871","target":"3253"},{"source":"2871","target":"3256"},{"source":"2871","target":"3259"},{"source":"2871","target":"3299"},{"source":"2871","target":"3313"},{"source":"2871","target":"3327"},{"source":"2871","target":"3330"},{"source":"2871","target":"3331"},{"source":"2871","target":"3337"},{"source":"2871","target":"3344"},{"source":"2871","target":"3353"},{"source":"2871","target":"3360"},{"source":"2871","target":"3365"},{"source":"2871","target":"3369"},{"source":"2871","target":"3395"},{"source":"2871","target":"3415"},{"source":"2872","target":"2873"},{"source":"2872","target":"2877"},{"source":"2872","target":"2880"},{"source":"2872","target":"2890"},{"source":"2872","target":"2905"},{"source":"2872","target":"2906"},{"source":"2872","target":"2909"},{"source":"2872","target":"2910"},{"source":"2872","target":"2911"},{"source":"2872","target":"2912"},{"source":"2872","target":"2913"},{"source":"2872","target":"2916"},{"source":"2872","target":"2919"},{"source":"2872","target":"2920"},{"source":"2872","target":"2925"},{"source":"2872","target":"2944"},{"source":"2872","target":"2956"},{"source":"2872","target":"2966"},{"source":"2872","target":"2985"},{"source":"2872","target":"2986"},{"source":"2872","target":"2993"},{"source":"2872","target":"3022"},{"source":"2872","target":"3026"},{"source":"2872","target":"3033"},{"source":"2872","target":"3040"},{"source":"2872","target":"3047"},{"source":"2872","target":"3052"},{"source":"2872","target":"3054"},{"source":"2872","target":"3056"},{"source":"2872","target":"3064"},{"source":"2872","target":"3065"},{"source":"2872","target":"3078"},{"source":"2872","target":"3084"},{"source":"2872","target":"3090"},{"source":"2872","target":"3096"},{"source":"2872","target":"3098"},{"source":"2872","target":"3108"},{"source":"2872","target":"3142"},{"source":"2872","target":"3149"},{"source":"2872","target":"3166"},{"source":"2872","target":"3195"},{"source":"2872","target":"3226"},{"source":"2872","target":"3232"},{"source":"2872","target":"3238"},{"source":"2872","target":"3250"},{"source":"2872","target":"3284"},{"source":"2872","target":"3293"},{"source":"2872","target":"3294"},{"source":"2872","target":"3339"},{"source":"2872","target":"3348"},{"source":"2872","target":"3362"},{"source":"2872","target":"3363"},{"source":"2872","target":"3387"},{"source":"2872","target":"3426"},{"source":"2872","target":"3430"},{"source":"2873","target":"2874"},{"source":"2873","target":"2877"},{"source":"2873","target":"2890"},{"source":"2873","target":"2905"},{"source":"2873","target":"2911"},{"source":"2873","target":"2913"},{"source":"2873","target":"2915"},{"source":"2873","target":"2928"},{"source":"2873","target":"2929"},{"source":"2873","target":"2931"},{"source":"2873","target":"2953"},{"source":"2873","target":"2956"},{"source":"2873","target":"2966"},{"source":"2873","target":"2977"},{"source":"2873","target":"2988"},{"source":"2873","target":"2993"},{"source":"2873","target":"2994"},{"source":"2873","target":"3000"},{"source":"2873","target":"3014"},{"source":"2873","target":"3022"},{"source":"2873","target":"3026"},{"source":"2873","target":"3029"},{"source":"2873","target":"3033"},{"source":"2873","target":"3047"},{"source":"2873","target":"3052"},{"source":"2873","target":"3054"},{"source":"2873","target":"3078"},{"source":"2873","target":"3084"},{"source":"2873","target":"3090"},{"source":"2873","target":"3104"},{"source":"2873","target":"3114"},{"source":"2873","target":"3119"},{"source":"2873","target":"3123"},{"source":"2873","target":"3129"},{"source":"2873","target":"3137"},{"source":"2873","target":"3149"},{"source":"2873","target":"3158"},{"source":"2873","target":"3166"},{"source":"2873","target":"3174"},{"source":"2873","target":"3226"},{"source":"2873","target":"3232"},{"source":"2873","target":"3238"},{"source":"2873","target":"3257"},{"source":"2873","target":"3293"},{"source":"2873","target":"3301"},{"source":"2873","target":"3339"},{"source":"2873","target":"3348"},{"source":"2873","target":"3362"},{"source":"2873","target":"3364"},{"source":"2873","target":"3384"},{"source":"2873","target":"3387"},{"source":"2873","target":"3417"},{"source":"2873","target":"3433"},{"source":"2873","target":"3435"},{"source":"2874","target":"2887"},{"source":"2874","target":"2907"},{"source":"2874","target":"2915"},{"source":"2874","target":"2924"},{"source":"2874","target":"2928"},{"source":"2874","target":"2940"},{"source":"2874","target":"2945"},{"source":"2874","target":"2966"},{"source":"2874","target":"2977"},{"source":"2874","target":"2988"},{"source":"2874","target":"2994"},{"source":"2874","target":"3000"},{"source":"2874","target":"3025"},{"source":"2874","target":"3073"},{"source":"2874","target":"3084"},{"source":"2874","target":"3104"},{"source":"2874","target":"3119"},{"source":"2874","target":"3135"},{"source":"2874","target":"3158"},{"source":"2874","target":"3232"},{"source":"2874","target":"3238"},{"source":"2874","target":"3243"},{"source":"2874","target":"3284"},{"source":"2874","target":"3293"},{"source":"2874","target":"3363"},{"source":"2874","target":"3384"},{"source":"2874","target":"3387"},{"source":"2874","target":"3400"},{"source":"2874","target":"3417"},{"source":"2874","target":"3433"},{"source":"2874","target":"3435"},{"source":"2875","target":"2894"},{"source":"2875","target":"2904"},{"source":"2875","target":"2937"},{"source":"2875","target":"2958"},{"source":"2875","target":"2976"},{"source":"2875","target":"3005"},{"source":"2875","target":"3043"},{"source":"2875","target":"3060"},{"source":"2875","target":"3076"},{"source":"2875","target":"3079"},{"source":"2875","target":"3101"},{"source":"2875","target":"3111"},{"source":"2875","target":"3115"},{"source":"2875","target":"3116"},{"source":"2875","target":"3150"},{"source":"2875","target":"3170"},{"source":"2875","target":"3172"},{"source":"2875","target":"3179"},{"source":"2875","target":"3182"},{"source":"2875","target":"3185"},{"source":"2875","target":"3248"},{"source":"2875","target":"3258"},{"source":"2875","target":"3261"},{"source":"2875","target":"3272"},{"source":"2875","target":"3280"},{"source":"2875","target":"3287"},{"source":"2875","target":"3302"},{"source":"2875","target":"3313"},{"source":"2875","target":"3320"},{"source":"2875","target":"3327"},{"source":"2875","target":"3332"},{"source":"2875","target":"3335"},{"source":"2875","target":"3350"},{"source":"2875","target":"3360"},{"source":"2875","target":"3386"},{"source":"2875","target":"3396"},{"source":"2875","target":"3411"},{"source":"2876","target":"2904"},{"source":"2876","target":"3116"},{"source":"2876","target":"3144"},{"source":"2876","target":"3152"},{"source":"2876","target":"3188"},{"source":"2876","target":"3214"},{"source":"2876","target":"3272"},{"source":"2876","target":"3280"},{"source":"2876","target":"3306"},{"source":"2876","target":"3331"},{"source":"2877","target":"2880"},{"source":"2877","target":"2887"},{"source":"2877","target":"2890"},{"source":"2877","target":"2891"},{"source":"2877","target":"2896"},{"source":"2877","target":"2897"},{"source":"2877","target":"2905"},{"source":"2877","target":"2906"},{"source":"2877","target":"2908"},{"source":"2877","target":"2909"},{"source":"2877","target":"2910"},{"source":"2877","target":"2911"},{"source":"2877","target":"2912"},{"source":"2877","target":"2913"},{"source":"2877","target":"2915"},{"source":"2877","target":"2916"},{"source":"2877","target":"2919"},{"source":"2877","target":"2920"},{"source":"2877","target":"2925"},{"source":"2877","target":"2929"},{"source":"2877","target":"2940"},{"source":"2877","target":"2943"},{"source":"2877","target":"2944"},{"source":"2877","target":"2953"},{"source":"2877","target":"2956"},{"source":"2877","target":"2960"},{"source":"2877","target":"2966"},{"source":"2877","target":"2967"},{"source":"2877","target":"2969"},{"source":"2877","target":"2974"},{"source":"2877","target":"2985"},{"source":"2877","target":"2986"},{"source":"2877","target":"2994"},{"source":"2877","target":"3000"},{"source":"2877","target":"3004"},{"source":"2877","target":"3022"},{"source":"2877","target":"3026"},{"source":"2877","target":"3029"},{"source":"2877","target":"3033"},{"source":"2877","target":"3040"},{"source":"2877","target":"3042"},{"source":"2877","target":"3047"},{"source":"2877","target":"3052"},{"source":"2877","target":"3054"},{"source":"2877","target":"3064"},{"source":"2877","target":"3073"},{"source":"2877","target":"3078"},{"source":"2877","target":"3090"},{"source":"2877","target":"3095"},{"source":"2877","target":"3096"},{"source":"2877","target":"3098"},{"source":"2877","target":"3104"},{"source":"2877","target":"3114"},{"source":"2877","target":"3117"},{"source":"2877","target":"3137"},{"source":"2877","target":"3142"},{"source":"2877","target":"3149"},{"source":"2877","target":"3174"},{"source":"2877","target":"3184"},{"source":"2877","target":"3195"},{"source":"2877","target":"3202"},{"source":"2877","target":"3226"},{"source":"2877","target":"3232"},{"source":"2877","target":"3237"},{"source":"2877","target":"3238"},{"source":"2877","target":"3250"},{"source":"2877","target":"3284"},{"source":"2877","target":"3303"},{"source":"2877","target":"3324"},{"source":"2877","target":"3339"},{"source":"2877","target":"3348"},{"source":"2877","target":"3362"},{"source":"2877","target":"3363"},{"source":"2877","target":"3387"},{"source":"2877","target":"3399"},{"source":"2877","target":"3426"},{"source":"2878","target":"2904"},{"source":"2878","target":"3020"},{"source":"2878","target":"3049"},{"source":"2878","target":"3144"},{"source":"2878","target":"3214"},{"source":"2878","target":"3249"},{"source":"2878","target":"3253"},{"source":"2878","target":"3346"},{"source":"2879","target":"2889"},{"source":"2879","target":"2959"},{"source":"2879","target":"2972"},{"source":"2879","target":"2982"},{"source":"2879","target":"3008"},{"source":"2879","target":"3283"},{"source":"2879","target":"3309"},{"source":"2879","target":"3311"},{"source":"2879","target":"3314"},{"source":"2879","target":"3318"},{"source":"2879","target":"3325"},{"source":"2879","target":"3382"},{"source":"2879","target":"3423"},{"source":"2880","target":"2897"},{"source":"2880","target":"2905"},{"source":"2880","target":"2906"},{"source":"2880","target":"2908"},{"source":"2880","target":"2909"},{"source":"2880","target":"2910"},{"source":"2880","target":"2915"},{"source":"2880","target":"2919"},{"source":"2880","target":"2920"},{"source":"2880","target":"2925"},{"source":"2880","target":"2927"},{"source":"2880","target":"2928"},{"source":"2880","target":"2943"},{"source":"2880","target":"2944"},{"source":"2880","target":"2945"},{"source":"2880","target":"2946"},{"source":"2880","target":"2960"},{"source":"2880","target":"2966"},{"source":"2880","target":"2967"},{"source":"2880","target":"2974"},{"source":"2880","target":"2986"},{"source":"2880","target":"3000"},{"source":"2880","target":"3004"},{"source":"2880","target":"3022"},{"source":"2880","target":"3023"},{"source":"2880","target":"3054"},{"source":"2880","target":"3056"},{"source":"2880","target":"3064"},{"source":"2880","target":"3065"},{"source":"2880","target":"3073"},{"source":"2880","target":"3078"},{"source":"2880","target":"3085"},{"source":"2880","target":"3098"},{"source":"2880","target":"3117"},{"source":"2880","target":"3174"},{"source":"2880","target":"3184"},{"source":"2880","target":"3213"},{"source":"2880","target":"3220"},{"source":"2880","target":"3232"},{"source":"2880","target":"3284"},{"source":"2880","target":"3286"},{"source":"2880","target":"3339"},{"source":"2880","target":"3348"},{"source":"2880","target":"3362"},{"source":"2880","target":"3363"},{"source":"2880","target":"3417"},{"source":"2881","target":"2894"},{"source":"2881","target":"3007"},{"source":"2881","target":"3015"},{"source":"2881","target":"3017"},{"source":"2881","target":"3019"},{"source":"2881","target":"3024"},{"source":"2881","target":"3039"},{"source":"2881","target":"3076"},{"source":"2881","target":"3111"},{"source":"2881","target":"3112"},{"source":"2881","target":"3113"},{"source":"2881","target":"3124"},{"source":"2881","target":"3133"},{"source":"2881","target":"3145"},{"source":"2881","target":"3172"},{"source":"2881","target":"3185"},{"source":"2881","target":"3188"},{"source":"2881","target":"3199"},{"source":"2881","target":"3233"},{"source":"2881","target":"3261"},{"source":"2881","target":"3273"},{"source":"2881","target":"3274"},{"source":"2881","target":"3287"},{"source":"2881","target":"3320"},{"source":"2881","target":"3365"},{"source":"2881","target":"3366"},{"source":"2881","target":"3377"},{"source":"2881","target":"3378"},{"source":"2881","target":"3395"},{"source":"2881","target":"3422"},{"source":"2882","target":"2958"},{"source":"2882","target":"2968"},{"source":"2882","target":"3027"},{"source":"2882","target":"3057"},{"source":"2882","target":"3124"},{"source":"2882","target":"3347"},{"source":"2883","target":"3043"},{"source":"2883","target":"3101"},{"source":"2883","target":"3150"},{"source":"2883","target":"3223"},{"source":"2883","target":"3258"},{"source":"2883","target":"3278"},{"source":"2883","target":"3385"},{"source":"2884","target":"2909"},{"source":"2884","target":"3044"},{"source":"2884","target":"3227"},{"source":"2884","target":"3390"},{"source":"2885","target":"3290"},{"source":"2886","target":"2949"},{"source":"2886","target":"2999"},{"source":"2886","target":"3066"},{"source":"2886","target":"3083"},{"source":"2886","target":"3126"},{"source":"2886","target":"3128"},{"source":"2886","target":"3310"},{"source":"2886","target":"3322"},{"source":"2886","target":"3336"},{"source":"2887","target":"2897"},{"source":"2887","target":"2906"},{"source":"2887","target":"2907"},{"source":"2887","target":"2915"},{"source":"2887","target":"2944"},{"source":"2887","target":"2956"},{"source":"2887","target":"2988"},{"source":"2887","target":"2994"},{"source":"2887","target":"3000"},{"source":"2887","target":"3004"},{"source":"2887","target":"3025"},{"source":"2887","target":"3029"},{"source":"2887","target":"3036"},{"source":"2887","target":"3052"},{"source":"2887","target":"3073"},{"source":"2887","target":"3084"},{"source":"2887","target":"3090"},{"source":"2887","target":"3114"},{"source":"2887","target":"3119"},{"source":"2887","target":"3135"},{"source":"2887","target":"3158"},{"source":"2887","target":"3220"},{"source":"2887","target":"3293"},{"source":"2887","target":"3362"},{"source":"2887","target":"3363"},{"source":"2887","target":"3399"},{"source":"2887","target":"3400"},{"source":"2888","target":"2978"},{"source":"2888","target":"3010"},{"source":"2888","target":"3090"},{"source":"2888","target":"3114"},{"source":"2888","target":"3130"},{"source":"2888","target":"3137"},{"source":"2888","target":"3231"},{"source":"2888","target":"3300"},{"source":"2889","target":"2959"},{"source":"2889","target":"2972"},{"source":"2889","target":"2982"},{"source":"2889","target":"3008"},{"source":"2889","target":"3155"},{"source":"2889","target":"3275"},{"source":"2889","target":"3309"},{"source":"2889","target":"3311"},{"source":"2889","target":"3314"},{"source":"2889","target":"3318"},{"source":"2889","target":"3325"},{"source":"2889","target":"3382"},{"source":"2889","target":"3423"},{"source":"2890","target":"2905"},{"source":"2890","target":"2906"},{"source":"2890","target":"2909"},{"source":"2890","target":"2910"},{"source":"2890","target":"2912"},{"source":"2890","target":"2913"},{"source":"2890","target":"2915"},{"source":"2890","target":"2919"},{"source":"2890","target":"2920"},{"source":"2890","target":"2927"},{"source":"2890","target":"2928"},{"source":"2890","target":"2929"},{"source":"2890","target":"2931"},{"source":"2890","target":"2953"},{"source":"2890","target":"2956"},{"source":"2890","target":"2977"},{"source":"2890","target":"2985"},{"source":"2890","target":"2988"},{"source":"2890","target":"2993"},{"source":"2890","target":"2994"},{"source":"2890","target":"3000"},{"source":"2890","target":"3004"},{"source":"2890","target":"3014"},{"source":"2890","target":"3025"},{"source":"2890","target":"3026"},{"source":"2890","target":"3029"},{"source":"2890","target":"3033"},{"source":"2890","target":"3042"},{"source":"2890","target":"3047"},{"source":"2890","target":"3052"},{"source":"2890","target":"3073"},{"source":"2890","target":"3078"},{"source":"2890","target":"3084"},{"source":"2890","target":"3090"},{"source":"2890","target":"3104"},{"source":"2890","target":"3114"},{"source":"2890","target":"3119"},{"source":"2890","target":"3123"},{"source":"2890","target":"3137"},{"source":"2890","target":"3142"},{"source":"2890","target":"3149"},{"source":"2890","target":"3158"},{"source":"2890","target":"3166"},{"source":"2890","target":"3226"},{"source":"2890","target":"3229"},{"source":"2890","target":"3232"},{"source":"2890","target":"3243"},{"source":"2890","target":"3293"},{"source":"2890","target":"3294"},{"source":"2890","target":"3324"},{"source":"2890","target":"3339"},{"source":"2890","target":"3348"},{"source":"2890","target":"3362"},{"source":"2890","target":"3364"},{"source":"2890","target":"3384"},{"source":"2890","target":"3387"},{"source":"2890","target":"3394"},{"source":"2890","target":"3417"},{"source":"2890","target":"3426"},{"source":"2890","target":"3433"},{"source":"2890","target":"3435"},{"source":"2891","target":"2905"},{"source":"2891","target":"2909"},{"source":"2891","target":"2913"},{"source":"2891","target":"2966"},{"source":"2891","target":"3026"},{"source":"2891","target":"3052"},{"source":"2891","target":"3073"},{"source":"2891","target":"3142"},{"source":"2891","target":"3184"},{"source":"2891","target":"3193"},{"source":"2891","target":"3234"},{"source":"2891","target":"3237"},{"source":"2891","target":"3303"},{"source":"2891","target":"3324"},{"source":"2892","target":"2934"},{"source":"2892","target":"2951"},{"source":"2892","target":"2995"},{"source":"2892","target":"3001"},{"source":"2892","target":"3002"},{"source":"2892","target":"3019"},{"source":"2892","target":"3077"},{"source":"2892","target":"3086"},{"source":"2892","target":"3154"},{"source":"2892","target":"3162"},{"source":"2892","target":"3168"},{"source":"2892","target":"3178"},{"source":"2892","target":"3204"},{"source":"2892","target":"3207"},{"source":"2892","target":"3233"},{"source":"2892","target":"3285"},{"source":"2892","target":"3288"},{"source":"2892","target":"3295"},{"source":"2892","target":"3298"},{"source":"2892","target":"3412"},{"source":"2892","target":"3415"},{"source":"2892","target":"3420"},{"source":"2893","target":"3159"},{"source":"2893","target":"3327"},{"source":"2893","target":"3374"},{"source":"2893","target":"3389"},{"source":"2893","target":"3432"},{"source":"2894","target":"2937"},{"source":"2894","target":"2958"},{"source":"2894","target":"2973"},{"source":"2894","target":"2991"},{"source":"2894","target":"3005"},{"source":"2894","target":"3011"},{"source":"2894","target":"3017"},{"source":"2894","target":"3035"},{"source":"2894","target":"3049"},{"source":"2894","target":"3060"},{"source":"2894","target":"3076"},{"source":"2894","target":"3079"},{"source":"2894","target":"3111"},{"source":"2894","target":"3112"},{"source":"2894","target":"3115"},{"source":"2894","target":"3116"},{"source":"2894","target":"3124"},{"source":"2894","target":"3145"},{"source":"2894","target":"3172"},{"source":"2894","target":"3173"},{"source":"2894","target":"3179"},{"source":"2894","target":"3182"},{"source":"2894","target":"3185"},{"source":"2894","target":"3198"},{"source":"2894","target":"3225"},{"source":"2894","target":"3253"},{"source":"2894","target":"3258"},{"source":"2894","target":"3261"},{"source":"2894","target":"3262"},{"source":"2894","target":"3274"},{"source":"2894","target":"3280"},{"source":"2894","target":"3306"},{"source":"2894","target":"3320"},{"source":"2894","target":"3327"},{"source":"2894","target":"3331"},{"source":"2894","target":"3332"},{"source":"2894","target":"3350"},{"source":"2894","target":"3381"},{"source":"2894","target":"3396"},{"source":"2894","target":"3403"},{"source":"2894","target":"3411"},{"source":"2895","target":"3017"},{"source":"2895","target":"3027"},{"source":"2895","target":"3217"},{"source":"2895","target":"3274"},{"source":"2895","target":"3302"},{"source":"2895","target":"3331"},{"source":"2895","target":"3358"},{"source":"2896","target":"2916"},{"source":"2896","target":"2919"},{"source":"2896","target":"2925"},{"source":"2896","target":"2928"},{"source":"2896","target":"2931"},{"source":"2896","target":"2943"},{"source":"2896","target":"2944"},{"source":"2896","target":"2969"},{"source":"2896","target":"3022"},{"source":"2896","target":"3054"},{"source":"2896","target":"3056"},{"source":"2896","target":"3073"},{"source":"2896","target":"3078"},{"source":"2896","target":"3085"},{"source":"2896","target":"3117"},{"source":"2896","target":"3129"},{"source":"2896","target":"3193"},{"source":"2896","target":"3228"},{"source":"2896","target":"3284"},{"source":"2896","target":"3286"},{"source":"2896","target":"3293"},{"source":"2896","target":"3301"},{"source":"2896","target":"3304"},{"source":"2896","target":"3324"},{"source":"2896","target":"3348"},{"source":"2896","target":"3363"},{"source":"2896","target":"3426"},{"source":"2896","target":"3435"},{"source":"2896","target":"3436"},{"source":"2897","target":"2906"},{"source":"2897","target":"2909"},{"source":"2897","target":"2910"},{"source":"2897","target":"2912"},{"source":"2897","target":"2916"},{"source":"2897","target":"2919"},{"source":"2897","target":"2920"},{"source":"2897","target":"2924"},{"source":"2897","target":"2925"},{"source":"2897","target":"2928"},{"source":"2897","target":"2943"},{"source":"2897","target":"2944"},{"source":"2897","target":"2946"},{"source":"2897","target":"2960"},{"source":"2897","target":"2966"},{"source":"2897","target":"2985"},{"source":"2897","target":"2986"},{"source":"2897","target":"3000"},{"source":"2897","target":"3004"},{"source":"2897","target":"3033"},{"source":"2897","target":"3054"},{"source":"2897","target":"3056"},{"source":"2897","target":"3064"},{"source":"2897","target":"3073"},{"source":"2897","target":"3098"},{"source":"2897","target":"3119"},{"source":"2897","target":"3174"},{"source":"2897","target":"3195"},{"source":"2897","target":"3226"},{"source":"2897","target":"3228"},{"source":"2897","target":"3232"},{"source":"2897","target":"3303"},{"source":"2897","target":"3363"},{"source":"2897","target":"3399"},{"source":"2898","target":"3214"},{"source":"2898","target":"3248"},{"source":"2898","target":"3327"},{"source":"2898","target":"3424"},{"source":"2899","target":"3139"},{"source":"2899","target":"3229"},{"source":"2899","target":"3392"},{"source":"2900","target":"3019"},{"source":"2900","target":"3077"},{"source":"2900","target":"3154"},{"source":"2900","target":"3162"},{"source":"2900","target":"3207"},{"source":"2900","target":"3233"},{"source":"2900","target":"3356"},{"source":"2900","target":"3366"},{"source":"2900","target":"3412"},{"source":"2901","target":"2904"},{"source":"2901","target":"2932"},{"source":"2901","target":"2939"},{"source":"2901","target":"2989"},{"source":"2901","target":"2992"},{"source":"2901","target":"2996"},{"source":"2901","target":"3009"},{"source":"2901","target":"3027"},{"source":"2901","target":"3035"},{"source":"2901","target":"3038"},{"source":"2901","target":"3049"},{"source":"2901","target":"3051"},{"source":"2901","target":"3070"},{"source":"2901","target":"3082"},{"source":"2901","target":"3101"},{"source":"2901","target":"3106"},{"source":"2901","target":"3110"},{"source":"2901","target":"3113"},{"source":"2901","target":"3116"},{"source":"2901","target":"3120"},{"source":"2901","target":"3140"},{"source":"2901","target":"3150"},{"source":"2901","target":"3154"},{"source":"2901","target":"3167"},{"source":"2901","target":"3173"},{"source":"2901","target":"3198"},{"source":"2901","target":"3201"},{"source":"2901","target":"3206"},{"source":"2901","target":"3214"},{"source":"2901","target":"3224"},{"source":"2901","target":"3252"},{"source":"2901","target":"3256"},{"source":"2901","target":"3267"},{"source":"2901","target":"3275"},{"source":"2901","target":"3277"},{"source":"2901","target":"3288"},{"source":"2901","target":"3291"},{"source":"2901","target":"3299"},{"source":"2901","target":"3321"},{"source":"2901","target":"3330"},{"source":"2901","target":"3342"},{"source":"2901","target":"3344"},{"source":"2901","target":"3345"},{"source":"2901","target":"3347"},{"source":"2901","target":"3351"},{"source":"2901","target":"3355"},{"source":"2901","target":"3360"},{"source":"2901","target":"3378"},{"source":"2901","target":"3380"},{"source":"2901","target":"3397"},{"source":"2901","target":"3406"},{"source":"2901","target":"3411"},{"source":"2901","target":"3418"},{"source":"2901","target":"3431"},{"source":"2901","target":"3434"},{"source":"2902","target":"2930"},{"source":"2902","target":"3131"},{"source":"2902","target":"3180"},{"source":"2902","target":"3181"},{"source":"2902","target":"3251"},{"source":"2903","target":"2999"},{"source":"2903","target":"3258"},{"source":"2904","target":"2914"},{"source":"2904","target":"2946"},{"source":"2904","target":"3009"},{"source":"2904","target":"3016"},{"source":"2904","target":"3017"},{"source":"2904","target":"3027"},{"source":"2904","target":"3035"},{"source":"2904","target":"3046"},{"source":"2904","target":"3049"},{"source":"2904","target":"3082"},{"source":"2904","target":"3088"},{"source":"2904","target":"3089"},{"source":"2904","target":"3109"},{"source":"2904","target":"3116"},{"source":"2904","target":"3132"},{"source":"2904","target":"3144"},{"source":"2904","target":"3146"},{"source":"2904","target":"3148"},{"source":"2904","target":"3150"},{"source":"2904","target":"3152"},{"source":"2904","target":"3154"},{"source":"2904","target":"3188"},{"source":"2904","target":"3198"},{"source":"2904","target":"3201"},{"source":"2904","target":"3206"},{"source":"2904","target":"3211"},{"source":"2904","target":"3212"},{"source":"2904","target":"3214"},{"source":"2904","target":"3215"},{"source":"2904","target":"3247"},{"source":"2904","target":"3253"},{"source":"2904","target":"3267"},{"source":"2904","target":"3272"},{"source":"2904","target":"3280"},{"source":"2904","target":"3291"},{"source":"2904","target":"3298"},{"source":"2904","target":"3306"},{"source":"2904","target":"3319"},{"source":"2904","target":"3321"},{"source":"2904","target":"3330"},{"source":"2904","target":"3341"},{"source":"2904","target":"3342"},{"source":"2904","target":"3345"},{"source":"2904","target":"3353"},{"source":"2904","target":"3360"},{"source":"2904","target":"3378"},{"source":"2904","target":"3406"},{"source":"2904","target":"3411"},{"source":"2904","target":"3434"},{"source":"2905","target":"2906"},{"source":"2905","target":"2909"},{"source":"2905","target":"2910"},{"source":"2905","target":"2912"},{"source":"2905","target":"2913"},{"source":"2905","target":"2915"},{"source":"2905","target":"2919"},{"source":"2905","target":"2927"},{"source":"2905","target":"2946"},{"source":"2905","target":"2956"},{"source":"2905","target":"2966"},{"source":"2905","target":"2985"},{"source":"2905","target":"2986"},{"source":"2905","target":"2988"},{"source":"2905","target":"2993"},{"source":"2905","target":"2994"},{"source":"2905","target":"3014"},{"source":"2905","target":"3022"},{"source":"2905","target":"3026"},{"source":"2905","target":"3033"},{"source":"2905","target":"3047"},{"source":"2905","target":"3052"},{"source":"2905","target":"3064"},{"source":"2905","target":"3078"},{"source":"2905","target":"3084"},{"source":"2905","target":"3090"},{"source":"2905","target":"3098"},{"source":"2905","target":"3104"},{"source":"2905","target":"3108"},{"source":"2905","target":"3117"},{"source":"2905","target":"3119"},{"source":"2905","target":"3142"},{"source":"2905","target":"3184"},{"source":"2905","target":"3195"},{"source":"2905","target":"3226"},{"source":"2905","target":"3228"},{"source":"2905","target":"3232"},{"source":"2905","target":"3301"},{"source":"2905","target":"3304"},{"source":"2905","target":"3324"},{"source":"2905","target":"3339"},{"source":"2905","target":"3348"},{"source":"2905","target":"3362"},{"source":"2905","target":"3363"},{"source":"2905","target":"3384"},{"source":"2905","target":"3387"},{"source":"2905","target":"3426"},{"source":"2906","target":"2908"},{"source":"2906","target":"2909"},{"source":"2906","target":"2910"},{"source":"2906","target":"2911"},{"source":"2906","target":"2913"},{"source":"2906","target":"2915"},{"source":"2906","target":"2916"},{"source":"2906","target":"2920"},{"source":"2906","target":"2925"},{"source":"2906","target":"2927"},{"source":"2906","target":"2928"},{"source":"2906","target":"2929"},{"source":"2906","target":"2940"},{"source":"2906","target":"2944"},{"source":"2906","target":"2946"},{"source":"2906","target":"2956"},{"source":"2906","target":"2960"},{"source":"2906","target":"2966"},{"source":"2906","target":"2974"},{"source":"2906","target":"2977"},{"source":"2906","target":"2985"},{"source":"2906","target":"2986"},{"source":"2906","target":"2994"},{"source":"2906","target":"3000"},{"source":"2906","target":"3004"},{"source":"2906","target":"3022"},{"source":"2906","target":"3025"},{"source":"2906","target":"3026"},{"source":"2906","target":"3029"},{"source":"2906","target":"3033"},{"source":"2906","target":"3040"},{"source":"2906","target":"3047"},{"source":"2906","target":"3054"},{"source":"2906","target":"3056"},{"source":"2906","target":"3065"},{"source":"2906","target":"3078"},{"source":"2906","target":"3096"},{"source":"2906","target":"3098"},{"source":"2906","target":"3104"},{"source":"2906","target":"3108"},{"source":"2906","target":"3117"},{"source":"2906","target":"3119"},{"source":"2906","target":"3142"},{"source":"2906","target":"3149"},{"source":"2906","target":"3174"},{"source":"2906","target":"3184"},{"source":"2906","target":"3195"},{"source":"2906","target":"3220"},{"source":"2906","target":"3226"},{"source":"2906","target":"3284"},{"source":"2906","target":"3293"},{"source":"2906","target":"3301"},{"source":"2906","target":"3303"},{"source":"2906","target":"3324"},{"source":"2906","target":"3339"},{"source":"2906","target":"3362"},{"source":"2906","target":"3363"},{"source":"2906","target":"3387"},{"source":"2906","target":"3417"},{"source":"2906","target":"3426"},{"source":"2907","target":"2920"},{"source":"2907","target":"2928"},{"source":"2907","target":"2929"},{"source":"2907","target":"2940"},{"source":"2907","target":"2943"},{"source":"2907","target":"2944"},{"source":"2907","target":"2945"},{"source":"2907","target":"2974"},{"source":"2907","target":"2988"},{"source":"2907","target":"3000"},{"source":"2907","target":"3025"},{"source":"2907","target":"3056"},{"source":"2907","target":"3073"},{"source":"2907","target":"3135"},{"source":"2907","target":"3158"},{"source":"2907","target":"3220"},{"source":"2907","target":"3293"},{"source":"2907","target":"3363"},{"source":"2907","target":"3417"},{"source":"2907","target":"3433"},{"source":"2908","target":"2909"},{"source":"2908","target":"2911"},{"source":"2908","target":"2920"},{"source":"2908","target":"2927"},{"source":"2908","target":"2960"},{"source":"2908","target":"2986"},{"source":"2908","target":"3004"},{"source":"2908","target":"3022"},{"source":"2908","target":"3040"},{"source":"2908","target":"3096"},{"source":"2908","target":"3108"},{"source":"2908","target":"3220"},{"source":"2908","target":"3284"},{"source":"2908","target":"3426"},{"source":"2909","target":"2910"},{"source":"2909","target":"2911"},{"source":"2909","target":"2912"},{"source":"2909","target":"2913"},{"source":"2909","target":"2915"},{"source":"2909","target":"2916"},{"source":"2909","target":"2919"},{"source":"2909","target":"2920"},{"source":"2909","target":"2925"},{"source":"2909","target":"2927"},{"source":"2909","target":"2940"},{"source":"2909","target":"2943"},{"source":"2909","target":"2953"},{"source":"2909","target":"2960"},{"source":"2909","target":"2967"},{"source":"2909","target":"2969"},{"source":"2909","target":"2986"},{"source":"2909","target":"3000"},{"source":"2909","target":"3004"},{"source":"2909","target":"3022"},{"source":"2909","target":"3026"},{"source":"2909","target":"3033"},{"source":"2909","target":"3042"},{"source":"2909","target":"3047"},{"source":"2909","target":"3052"},{"source":"2909","target":"3054"},{"source":"2909","target":"3064"},{"source":"2909","target":"3078"},{"source":"2909","target":"3090"},{"source":"2909","target":"3104"},{"source":"2909","target":"3142"},{"source":"2909","target":"3184"},{"source":"2909","target":"3213"},{"source":"2909","target":"3226"},{"source":"2909","target":"3232"},{"source":"2909","target":"3250"},{"source":"2909","target":"3303"},{"source":"2909","target":"3324"},{"source":"2909","target":"3339"},{"source":"2909","target":"3348"},{"source":"2909","target":"3362"},{"source":"2909","target":"3363"},{"source":"2909","target":"3384"},{"source":"2909","target":"3390"},{"source":"2909","target":"3399"},{"source":"2909","target":"3426"},{"source":"2910","target":"2911"},{"source":"2910","target":"2913"},{"source":"2910","target":"2916"},{"source":"2910","target":"2919"},{"source":"2910","target":"2920"},{"source":"2910","target":"2925"},{"source":"2910","target":"2927"},{"source":"2910","target":"2928"},{"source":"2910","target":"2940"},{"source":"2910","target":"2943"},{"source":"2910","target":"2944"},{"source":"2910","target":"2945"},{"source":"2910","target":"2956"},{"source":"2910","target":"2960"},{"source":"2910","target":"2966"},{"source":"2910","target":"2969"},{"source":"2910","target":"2974"},{"source":"2910","target":"2985"},{"source":"2910","target":"2986"},{"source":"2910","target":"2988"},{"source":"2910","target":"3000"},{"source":"2910","target":"3033"},{"source":"2910","target":"3054"},{"source":"2910","target":"3056"},{"source":"2910","target":"3064"},{"source":"2910","target":"3065"},{"source":"2910","target":"3073"},{"source":"2910","target":"3078"},{"source":"2910","target":"3090"},{"source":"2910","target":"3108"},{"source":"2910","target":"3114"},{"source":"2910","target":"3117"},{"source":"2910","target":"3119"},{"source":"2910","target":"3174"},{"source":"2910","target":"3195"},{"source":"2910","target":"3220"},{"source":"2910","target":"3226"},{"source":"2910","target":"3232"},{"source":"2910","target":"3250"},{"source":"2910","target":"3284"},{"source":"2910","target":"3345"},{"source":"2910","target":"3348"},{"source":"2910","target":"3363"},{"source":"2910","target":"3364"},{"source":"2910","target":"3417"},{"source":"2910","target":"3426"},{"source":"2910","target":"3433"},{"source":"2911","target":"2912"},{"source":"2911","target":"2913"},{"source":"2911","target":"2916"},{"source":"2911","target":"2919"},{"source":"2911","target":"2920"},{"source":"2911","target":"2925"},{"source":"2911","target":"2940"},{"source":"2911","target":"2956"},{"source":"2911","target":"2960"},{"source":"2911","target":"2966"},{"source":"2911","target":"2974"},{"source":"2911","target":"2985"},{"source":"2911","target":"2986"},{"source":"2911","target":"3004"},{"source":"2911","target":"3022"},{"source":"2911","target":"3033"},{"source":"2911","target":"3040"},{"source":"2911","target":"3047"},{"source":"2911","target":"3054"},{"source":"2911","target":"3064"},{"source":"2911","target":"3065"},{"source":"2911","target":"3078"},{"source":"2911","target":"3090"},{"source":"2911","target":"3096"},{"source":"2911","target":"3098"},{"source":"2911","target":"3108"},{"source":"2911","target":"3149"},{"source":"2911","target":"3195"},{"source":"2911","target":"3202"},{"source":"2911","target":"3226"},{"source":"2911","target":"3228"},{"source":"2911","target":"3232"},{"source":"2911","target":"3250"},{"source":"2911","target":"3284"},{"source":"2911","target":"3339"},{"source":"2911","target":"3348"},{"source":"2911","target":"3363"},{"source":"2911","target":"3387"},{"source":"2911","target":"3399"},{"source":"2911","target":"3426"},{"source":"2912","target":"2913"},{"source":"2912","target":"2919"},{"source":"2912","target":"2927"},{"source":"2912","target":"2940"},{"source":"2912","target":"2953"},{"source":"2912","target":"2956"},{"source":"2912","target":"2966"},{"source":"2912","target":"2985"},{"source":"2912","target":"2986"},{"source":"2912","target":"3004"},{"source":"2912","target":"3014"},{"source":"2912","target":"3022"},{"source":"2912","target":"3026"},{"source":"2912","target":"3033"},{"source":"2912","target":"3047"},{"source":"2912","target":"3064"},{"source":"2912","target":"3078"},{"source":"2912","target":"3090"},{"source":"2912","target":"3098"},{"source":"2912","target":"3142"},{"source":"2912","target":"3226"},{"source":"2912","target":"3232"},{"source":"2912","target":"3250"},{"source":"2912","target":"3324"},{"source":"2912","target":"3339"},{"source":"2912","target":"3348"},{"source":"2912","target":"3363"},{"source":"2912","target":"3384"},{"source":"2912","target":"3399"},{"source":"2912","target":"3417"},{"source":"2912","target":"3426"},{"source":"2913","target":"2915"},{"source":"2913","target":"2916"},{"source":"2913","target":"2919"},{"source":"2913","target":"2925"},{"source":"2913","target":"2927"},{"source":"2913","target":"2946"},{"source":"2913","target":"2948"},{"source":"2913","target":"2953"},{"source":"2913","target":"2956"},{"source":"2913","target":"2966"},{"source":"2913","target":"2969"},{"source":"2913","target":"2985"},{"source":"2913","target":"2986"},{"source":"2913","target":"2993"},{"source":"2913","target":"3026"},{"source":"2913","target":"3033"},{"source":"2913","target":"3042"},{"source":"2913","target":"3047"},{"source":"2913","target":"3054"},{"source":"2913","target":"3064"},{"source":"2913","target":"3078"},{"source":"2913","target":"3090"},{"source":"2913","target":"3096"},{"source":"2913","target":"3098"},{"source":"2913","target":"3104"},{"source":"2913","target":"3119"},{"source":"2913","target":"3142"},{"source":"2913","target":"3149"},{"source":"2913","target":"3174"},{"source":"2913","target":"3184"},{"source":"2913","target":"3195"},{"source":"2913","target":"3224"},{"source":"2913","target":"3226"},{"source":"2913","target":"3232"},{"source":"2913","target":"3250"},{"source":"2913","target":"3303"},{"source":"2913","target":"3324"},{"source":"2913","target":"3339"},{"source":"2913","target":"3348"},{"source":"2913","target":"3363"},{"source":"2913","target":"3384"},{"source":"2913","target":"3387"},{"source":"2913","target":"3417"},{"source":"2913","target":"3426"},{"source":"2914","target":"2951"},{"source":"2914","target":"3013"},{"source":"2914","target":"3038"},{"source":"2914","target":"3072"},{"source":"2914","target":"3101"},{"source":"2914","target":"3117"},{"source":"2914","target":"3132"},{"source":"2914","target":"3136"},{"source":"2914","target":"3140"},{"source":"2914","target":"3150"},{"source":"2914","target":"3154"},{"source":"2914","target":"3179"},{"source":"2914","target":"3188"},{"source":"2914","target":"3194"},{"source":"2914","target":"3203"},{"source":"2914","target":"3209"},{"source":"2914","target":"3214"},{"source":"2914","target":"3253"},{"source":"2914","target":"3256"},{"source":"2914","target":"3276"},{"source":"2914","target":"3279"},{"source":"2914","target":"3302"},{"source":"2914","target":"3320"},{"source":"2914","target":"3321"},{"source":"2914","target":"3342"},{"source":"2914","target":"3360"},{"source":"2914","target":"3361"},{"source":"2914","target":"3380"},{"source":"2914","target":"3397"},{"source":"2914","target":"3409"},{"source":"2914","target":"3411"},{"source":"2915","target":"2919"},{"source":"2915","target":"2924"},{"source":"2915","target":"2927"},{"source":"2915","target":"2928"},{"source":"2915","target":"2929"},{"source":"2915","target":"2931"},{"source":"2915","target":"2943"},{"source":"2915","target":"2953"},{"source":"2915","target":"2956"},{"source":"2915","target":"2966"},{"source":"2915","target":"2967"},{"source":"2915","target":"2977"},{"source":"2915","target":"2988"},{"source":"2915","target":"2994"},{"source":"2915","target":"3000"},{"source":"2915","target":"3004"},{"source":"2915","target":"3010"},{"source":"2915","target":"3014"},{"source":"2915","target":"3026"},{"source":"2915","target":"3029"},{"source":"2915","target":"3033"},{"source":"2915","target":"3042"},{"source":"2915","target":"3047"},{"source":"2915","target":"3052"},{"source":"2915","target":"3054"},{"source":"2915","target":"3064"},{"source":"2915","target":"3073"},{"source":"2915","target":"3078"},{"source":"2915","target":"3084"},{"source":"2915","target":"3090"},{"source":"2915","target":"3092"},{"source":"2915","target":"3096"},{"source":"2915","target":"3104"},{"source":"2915","target":"3114"},{"source":"2915","target":"3117"},{"source":"2915","target":"3137"},{"source":"2915","target":"3158"},{"source":"2915","target":"3163"},{"source":"2915","target":"3174"},{"source":"2915","target":"3195"},{"source":"2915","target":"3213"},{"source":"2915","target":"3226"},{"source":"2915","target":"3232"},{"source":"2915","target":"3243"},{"source":"2915","target":"3293"},{"source":"2915","target":"3294"},{"source":"2915","target":"3303"},{"source":"2915","target":"3304"},{"source":"2915","target":"3324"},{"source":"2915","target":"3362"},{"source":"2915","target":"3363"},{"source":"2915","target":"3364"},{"source":"2915","target":"3384"},{"source":"2915","target":"3390"},{"source":"2915","target":"3394"},{"source":"2915","target":"3417"},{"source":"2915","target":"3433"},{"source":"2915","target":"3435"},{"source":"2916","target":"2917"},{"source":"2916","target":"2919"},{"source":"2916","target":"2920"},{"source":"2916","target":"2925"},{"source":"2916","target":"2928"},{"source":"2916","target":"2943"},{"source":"2916","target":"2944"},{"source":"2916","target":"2945"},{"source":"2916","target":"2946"},{"source":"2916","target":"2960"},{"source":"2916","target":"2966"},{"source":"2916","target":"2969"},{"source":"2916","target":"2974"},{"source":"2916","target":"2985"},{"source":"2916","target":"2986"},{"source":"2916","target":"2987"},{"source":"2916","target":"3022"},{"source":"2916","target":"3033"},{"source":"2916","target":"3040"},{"source":"2916","target":"3047"},{"source":"2916","target":"3054"},{"source":"2916","target":"3056"},{"source":"2916","target":"3064"},{"source":"2916","target":"3065"},{"source":"2916","target":"3078"},{"source":"2916","target":"3085"},{"source":"2916","target":"3090"},{"source":"2916","target":"3096"},{"source":"2916","target":"3098"},{"source":"2916","target":"3108"},{"source":"2916","target":"3117"},{"source":"2916","target":"3129"},{"source":"2916","target":"3142"},{"source":"2916","target":"3149"},{"source":"2916","target":"3174"},{"source":"2916","target":"3195"},{"source":"2916","target":"3226"},{"source":"2916","target":"3228"},{"source":"2916","target":"3232"},{"source":"2916","target":"3250"},{"source":"2916","target":"3284"},{"source":"2916","target":"3304"},{"source":"2916","target":"3339"},{"source":"2916","target":"3348"},{"source":"2916","target":"3363"},{"source":"2916","target":"3387"},{"source":"2916","target":"3399"},{"source":"2916","target":"3417"},{"source":"2916","target":"3426"},{"source":"2917","target":"2944"},{"source":"2917","target":"3065"},{"source":"2917","target":"3108"},{"source":"2917","target":"3129"},{"source":"2917","target":"3195"},{"source":"2917","target":"3301"},{"source":"2917","target":"3339"},{"source":"2918","target":"2932"},{"source":"2918","target":"2955"},{"source":"2918","target":"3032"},{"source":"2918","target":"3087"},{"source":"2918","target":"3167"},{"source":"2918","target":"3173"},{"source":"2918","target":"3187"},{"source":"2918","target":"3196"},{"source":"2918","target":"3236"},{"source":"2918","target":"3255"},{"source":"2918","target":"3256"},{"source":"2918","target":"3264"},{"source":"2918","target":"3369"},{"source":"2918","target":"3385"},{"source":"2919","target":"2920"},{"source":"2919","target":"2925"},{"source":"2919","target":"2927"},{"source":"2919","target":"2928"},{"source":"2919","target":"2940"},{"source":"2919","target":"2943"},{"source":"2919","target":"2944"},{"source":"2919","target":"2953"},{"source":"2919","target":"2960"},{"source":"2919","target":"2969"},{"source":"2919","target":"2985"},{"source":"2919","target":"2986"},{"source":"2919","target":"2988"},{"source":"2919","target":"2993"},{"source":"2919","target":"2997"},{"source":"2919","target":"3004"},{"source":"2919","target":"3014"},{"source":"2919","target":"3033"},{"source":"2919","target":"3054"},{"source":"2919","target":"3056"},{"source":"2919","target":"3073"},{"source":"2919","target":"3078"},{"source":"2919","target":"3084"},{"source":"2919","target":"3085"},{"source":"2919","target":"3104"},{"source":"2919","target":"3108"},{"source":"2919","target":"3142"},{"source":"2919","target":"3149"},{"source":"2919","target":"3184"},{"source":"2919","target":"3232"},{"source":"2919","target":"3284"},{"source":"2919","target":"3304"},{"source":"2919","target":"3348"},{"source":"2919","target":"3363"},{"source":"2919","target":"3417"},{"source":"2919","target":"3426"},{"source":"2919","target":"3430"},{"source":"2920","target":"2924"},{"source":"2920","target":"2927"},{"source":"2920","target":"2928"},{"source":"2920","target":"2940"},{"source":"2920","target":"2943"},{"source":"2920","target":"2944"},{"source":"2920","target":"2960"},{"source":"2920","target":"2969"},{"source":"2920","target":"2974"},{"source":"2920","target":"2986"},{"source":"2920","target":"3004"},{"source":"2920","target":"3033"},{"source":"2920","target":"3054"},{"source":"2920","target":"3064"},{"source":"2920","target":"3073"},{"source":"2920","target":"3078"},{"source":"2920","target":"3085"},{"source":"2920","target":"3098"},{"source":"2920","target":"3108"},{"source":"2920","target":"3117"},{"source":"2920","target":"3124"},{"source":"2920","target":"3184"},{"source":"2920","target":"3213"},{"source":"2920","target":"3220"},{"source":"2920","target":"3226"},{"source":"2920","target":"3232"},{"source":"2920","target":"3284"},{"source":"2920","target":"3304"},{"source":"2920","target":"3324"},{"source":"2920","target":"3348"},{"source":"2920","target":"3363"},{"source":"2920","target":"3417"},{"source":"2920","target":"3426"},{"source":"2920","target":"3433"},{"source":"2921","target":"2942"},{"source":"2921","target":"2951"},{"source":"2921","target":"2955"},{"source":"2921","target":"2984"},{"source":"2921","target":"2989"},{"source":"2921","target":"3002"},{"source":"2921","target":"3009"},{"source":"2921","target":"3017"},{"source":"2921","target":"3018"},{"source":"2921","target":"3034"},{"source":"2921","target":"3075"},{"source":"2921","target":"3107"},{"source":"2921","target":"3198"},{"source":"2921","target":"3204"},{"source":"2921","target":"3214"},{"source":"2921","target":"3221"},{"source":"2921","target":"3249"},{"source":"2921","target":"3256"},{"source":"2921","target":"3259"},{"source":"2921","target":"3263"},{"source":"2921","target":"3299"},{"source":"2921","target":"3342"},{"source":"2921","target":"3345"},{"source":"2921","target":"3346"},{"source":"2921","target":"3353"},{"source":"2921","target":"3360"},{"source":"2921","target":"3397"},{"source":"2921","target":"3406"},{"source":"2921","target":"3411"},{"source":"2922","target":"3028"},{"source":"2923","target":"3005"},{"source":"2923","target":"3020"},{"source":"2923","target":"3046"},{"source":"2923","target":"3265"},{"source":"2923","target":"3285"},{"source":"2923","target":"3292"},{"source":"2923","target":"3296"},{"source":"2923","target":"3411"},{"source":"2924","target":"2925"},{"source":"2924","target":"2928"},{"source":"2924","target":"2929"},{"source":"2924","target":"2931"},{"source":"2924","target":"2945"},{"source":"2924","target":"2956"},{"source":"2924","target":"2960"},{"source":"2924","target":"2986"},{"source":"2924","target":"2988"},{"source":"2924","target":"3000"},{"source":"2924","target":"3025"},{"source":"2924","target":"3085"},{"source":"2924","target":"3090"},{"source":"2924","target":"3098"},{"source":"2924","target":"3184"},{"source":"2924","target":"3220"},{"source":"2924","target":"3293"},{"source":"2924","target":"3304"},{"source":"2924","target":"3364"},{"source":"2924","target":"3384"},{"source":"2924","target":"3433"},{"source":"2925","target":"2928"},{"source":"2925","target":"2931"},{"source":"2925","target":"2940"},{"source":"2925","target":"2943"},{"source":"2925","target":"2944"},{"source":"2925","target":"2946"},{"source":"2925","target":"2956"},{"source":"2925","target":"2960"},{"source":"2925","target":"2961"},{"source":"2925","target":"2966"},{"source":"2925","target":"2969"},{"source":"2925","target":"2986"},{"source":"2925","target":"3000"},{"source":"2925","target":"3022"},{"source":"2925","target":"3033"},{"source":"2925","target":"3036"},{"source":"2925","target":"3040"},{"source":"2925","target":"3054"},{"source":"2925","target":"3056"},{"source":"2925","target":"3064"},{"source":"2925","target":"3065"},{"source":"2925","target":"3085"},{"source":"2925","target":"3096"},{"source":"2925","target":"3098"},{"source":"2925","target":"3108"},{"source":"2925","target":"3117"},{"source":"2925","target":"3129"},{"source":"2925","target":"3174"},{"source":"2925","target":"3184"},{"source":"2925","target":"3195"},{"source":"2925","target":"3226"},{"source":"2925","target":"3228"},{"source":"2925","target":"3250"},{"source":"2925","target":"3284"},{"source":"2925","target":"3304"},{"source":"2925","target":"3324"},{"source":"2925","target":"3348"},{"source":"2925","target":"3363"},{"source":"2925","target":"3387"},{"source":"2925","target":"3399"},{"source":"2925","target":"3426"},{"source":"2926","target":"3256"},{"source":"2926","target":"3338"},{"source":"2926","target":"3365"},{"source":"2926","target":"3376"},{"source":"2926","target":"3401"},{"source":"2926","target":"3402"},{"source":"2926","target":"3425"},{"source":"2926","target":"3427"},{"source":"2926","target":"3429"},{"source":"2927","target":"2928"},{"source":"2927","target":"2940"},{"source":"2927","target":"2943"},{"source":"2927","target":"2944"},{"source":"2927","target":"2945"},{"source":"2927","target":"2946"},{"source":"2927","target":"2956"},{"source":"2927","target":"2960"},{"source":"2927","target":"2966"},{"source":"2927","target":"2974"},{"source":"2927","target":"2981"},{"source":"2927","target":"2985"},{"source":"2927","target":"2986"},{"source":"2927","target":"2988"},{"source":"2927","target":"3000"},{"source":"2927","target":"3004"},{"source":"2927","target":"3022"},{"source":"2927","target":"3026"},{"source":"2927","target":"3029"},{"source":"2927","target":"3033"},{"source":"2927","target":"3036"},{"source":"2927","target":"3040"},{"source":"2927","target":"3044"},{"source":"2927","target":"3047"},{"source":"2927","target":"3052"},{"source":"2927","target":"3054"},{"source":"2927","target":"3056"},{"source":"2927","target":"3065"},{"source":"2927","target":"3073"},{"source":"2927","target":"3078"},{"source":"2927","target":"3085"},{"source":"2927","target":"3090"},{"source":"2927","target":"3096"},{"source":"2927","target":"3108"},{"source":"2927","target":"3117"},{"source":"2927","target":"3119"},{"source":"2927","target":"3184"},{"source":"2927","target":"3220"},{"source":"2927","target":"3232"},{"source":"2927","target":"3234"},{"source":"2927","target":"3238"},{"source":"2927","target":"3284"},{"source":"2927","target":"3324"},{"source":"2927","target":"3339"},{"source":"2927","target":"3348"},{"source":"2927","target":"3363"},{"source":"2927","target":"3387"},{"source":"2927","target":"3400"},{"source":"2927","target":"3417"},{"source":"2927","target":"3426"},{"source":"2927","target":"3430"},{"source":"2927","target":"3433"},{"source":"2928","target":"2929"},{"source":"2928","target":"2940"},{"source":"2928","target":"2943"},{"source":"2928","target":"2944"},{"source":"2928","target":"2945"},{"source":"2928","target":"2946"},{"source":"2928","target":"2956"},{"source":"2928","target":"2960"},{"source":"2928","target":"2966"},{"source":"2928","target":"2974"},{"source":"2928","target":"2977"},{"source":"2928","target":"2985"},{"source":"2928","target":"2986"},{"source":"2928","target":"2988"},{"source":"2928","target":"2993"},{"source":"2928","target":"3000"},{"source":"2928","target":"3010"},{"source":"2928","target":"3026"},{"source":"2928","target":"3029"},{"source":"2928","target":"3033"},{"source":"2928","target":"3054"},{"source":"2928","target":"3056"},{"source":"2928","target":"3073"},{"source":"2928","target":"3078"},{"source":"2928","target":"3080"},{"source":"2928","target":"3084"},{"source":"2928","target":"3090"},{"source":"2928","target":"3096"},{"source":"2928","target":"3104"},{"source":"2928","target":"3117"},{"source":"2928","target":"3119"},{"source":"2928","target":"3174"},{"source":"2928","target":"3195"},{"source":"2928","target":"3220"},{"source":"2928","target":"3243"},{"source":"2928","target":"3257"},{"source":"2928","target":"3293"},{"source":"2928","target":"3363"},{"source":"2928","target":"3364"},{"source":"2928","target":"3384"},{"source":"2928","target":"3387"},{"source":"2928","target":"3388"},{"source":"2928","target":"3390"},{"source":"2928","target":"3394"},{"source":"2928","target":"3399"},{"source":"2928","target":"3400"},{"source":"2928","target":"3414"},{"source":"2928","target":"3417"},{"source":"2928","target":"3426"},{"source":"2928","target":"3433"},{"source":"2928","target":"3435"},{"source":"2929","target":"2931"},{"source":"2929","target":"2944"},{"source":"2929","target":"2945"},{"source":"2929","target":"2956"},{"source":"2929","target":"2993"},{"source":"2929","target":"2994"},{"source":"2929","target":"3000"},{"source":"2929","target":"3014"},{"source":"2929","target":"3026"},{"source":"2929","target":"3029"},{"source":"2929","target":"3047"},{"source":"2929","target":"3084"},{"source":"2929","target":"3090"},{"source":"2929","target":"3104"},{"source":"2929","target":"3119"},{"source":"2929","target":"3174"},{"source":"2929","target":"3220"},{"source":"2929","target":"3232"},{"source":"2929","target":"3324"},{"source":"2929","target":"3362"},{"source":"2929","target":"3364"},{"source":"2929","target":"3384"},{"source":"2929","target":"3417"},{"source":"2929","target":"3433"},{"source":"2929","target":"3435"},{"source":"2930","target":"3131"},{"source":"2930","target":"3180"},{"source":"2930","target":"3181"},{"source":"2930","target":"3251"},{"source":"2930","target":"3372"},{"source":"2931","target":"2944"},{"source":"2931","target":"2960"},{"source":"2931","target":"2977"},{"source":"2931","target":"2986"},{"source":"2931","target":"2994"},{"source":"2931","target":"3026"},{"source":"2931","target":"3029"},{"source":"2931","target":"3042"},{"source":"2931","target":"3054"},{"source":"2931","target":"3056"},{"source":"2931","target":"3073"},{"source":"2931","target":"3078"},{"source":"2931","target":"3085"},{"source":"2931","target":"3090"},{"source":"2931","target":"3098"},{"source":"2931","target":"3119"},{"source":"2931","target":"3129"},{"source":"2931","target":"3137"},{"source":"2931","target":"3184"},{"source":"2931","target":"3238"},{"source":"2931","target":"3257"},{"source":"2931","target":"3324"},{"source":"2931","target":"3362"},{"source":"2931","target":"3364"},{"source":"2931","target":"3384"},{"source":"2931","target":"3394"},{"source":"2931","target":"3399"},{"source":"2931","target":"3426"},{"source":"2931","target":"3433"},{"source":"2931","target":"3435"},{"source":"2932","target":"2938"},{"source":"2932","target":"2955"},{"source":"2932","target":"3016"},{"source":"2932","target":"3087"},{"source":"2932","target":"3107"},{"source":"2932","target":"3111"},{"source":"2932","target":"3136"},{"source":"2932","target":"3187"},{"source":"2932","target":"3189"},{"source":"2932","target":"3196"},{"source":"2932","target":"3198"},{"source":"2932","target":"3219"},{"source":"2932","target":"3236"},{"source":"2932","target":"3253"},{"source":"2932","target":"3255"},{"source":"2932","target":"3256"},{"source":"2932","target":"3264"},{"source":"2932","target":"3299"},{"source":"2932","target":"3330"},{"source":"2932","target":"3337"},{"source":"2932","target":"3358"},{"source":"2932","target":"3369"},{"source":"2932","target":"3385"},{"source":"2932","target":"3395"},{"source":"2932","target":"3404"},{"source":"2933","target":"2935"},{"source":"2933","target":"2949"},{"source":"2933","target":"2983"},{"source":"2933","target":"2997"},{"source":"2933","target":"2999"},{"source":"2933","target":"3012"},{"source":"2933","target":"3020"},{"source":"2933","target":"3028"},{"source":"2933","target":"3063"},{"source":"2933","target":"3066"},{"source":"2933","target":"3072"},{"source":"2933","target":"3363"},{"source":"2933","target":"3368"},{"source":"2934","target":"2962"},{"source":"2934","target":"3001"},{"source":"2934","target":"3002"},{"source":"2934","target":"3075"},{"source":"2934","target":"3077"},{"source":"2934","target":"3171"},{"source":"2934","target":"3186"},{"source":"2934","target":"3244"},{"source":"2934","target":"3246"},{"source":"2934","target":"3275"},{"source":"2934","target":"3295"},{"source":"2934","target":"3370"},{"source":"2934","target":"3385"},{"source":"2935","target":"2949"},{"source":"2935","target":"2983"},{"source":"2935","target":"2997"},{"source":"2935","target":"2999"},{"source":"2935","target":"3012"},{"source":"2935","target":"3020"},{"source":"2935","target":"3063"},{"source":"2935","target":"3066"},{"source":"2935","target":"3072"},{"source":"2935","target":"3274"},{"source":"2936","target":"2937"},{"source":"2936","target":"2965"},{"source":"2936","target":"2973"},{"source":"2936","target":"2989"},{"source":"2936","target":"2992"},{"source":"2936","target":"2998"},{"source":"2936","target":"3015"},{"source":"2936","target":"3027"},{"source":"2936","target":"3035"},{"source":"2936","target":"3038"},{"source":"2936","target":"3051"},{"source":"2936","target":"3060"},{"source":"2936","target":"3082"},{"source":"2936","target":"3101"},{"source":"2936","target":"3106"},{"source":"2936","target":"3113"},{"source":"2936","target":"3145"},{"source":"2936","target":"3152"},{"source":"2936","target":"3154"},{"source":"2936","target":"3160"},{"source":"2936","target":"3170"},{"source":"2936","target":"3172"},{"source":"2936","target":"3198"},{"source":"2936","target":"3224"},{"source":"2936","target":"3260"},{"source":"2936","target":"3261"},{"source":"2936","target":"3267"},{"source":"2936","target":"3272"},{"source":"2936","target":"3288"},{"source":"2936","target":"3291"},{"source":"2936","target":"3298"},{"source":"2936","target":"3302"},{"source":"2936","target":"3320"},{"source":"2936","target":"3330"},{"source":"2936","target":"3332"},{"source":"2936","target":"3344"},{"source":"2936","target":"3347"},{"source":"2936","target":"3355"},{"source":"2936","target":"3373"},{"source":"2936","target":"3378"},{"source":"2936","target":"3386"},{"source":"2936","target":"3396"},{"source":"2936","target":"3397"},{"source":"2936","target":"3403"},{"source":"2936","target":"3434"},{"source":"2937","target":"2973"},{"source":"2937","target":"2991"},{"source":"2937","target":"2992"},{"source":"2937","target":"2995"},{"source":"2937","target":"3011"},{"source":"2937","target":"3035"},{"source":"2937","target":"3051"},{"source":"2937","target":"3060"},{"source":"2937","target":"3076"},{"source":"2937","target":"3079"},{"source":"2937","target":"3082"},{"source":"2937","target":"3101"},{"source":"2937","target":"3115"},{"source":"2937","target":"3116"},{"source":"2937","target":"3145"},{"source":"2937","target":"3152"},{"source":"2937","target":"3170"},{"source":"2937","target":"3172"},{"source":"2937","target":"3179"},{"source":"2937","target":"3182"},{"source":"2937","target":"3201"},{"source":"2937","target":"3206"},{"source":"2937","target":"3224"},{"source":"2937","target":"3247"},{"source":"2937","target":"3252"},{"source":"2937","target":"3258"},{"source":"2937","target":"3262"},{"source":"2937","target":"3267"},{"source":"2937","target":"3280"},{"source":"2937","target":"3291"},{"source":"2937","target":"3298"},{"source":"2937","target":"3320"},{"source":"2937","target":"3332"},{"source":"2937","target":"3350"},{"source":"2937","target":"3353"},{"source":"2937","target":"3378"},{"source":"2937","target":"3396"},{"source":"2937","target":"3397"},{"source":"2937","target":"3406"},{"source":"2937","target":"3422"},{"source":"2937","target":"3434"},{"source":"2938","target":"2955"},{"source":"2938","target":"2964"},{"source":"2938","target":"2965"},{"source":"2938","target":"3062"},{"source":"2938","target":"3087"},{"source":"2938","target":"3118"},{"source":"2938","target":"3182"},{"source":"2938","target":"3253"},{"source":"2938","target":"3289"},{"source":"2938","target":"3331"},{"source":"2938","target":"3341"},{"source":"2938","target":"3343"},{"source":"2938","target":"3369"},{"source":"2938","target":"3396"},{"source":"2939","target":"2970"},{"source":"2939","target":"2973"},{"source":"2939","target":"2992"},{"source":"2939","target":"3021"},{"source":"2939","target":"3027"},{"source":"2939","target":"3035"},{"source":"2939","target":"3049"},{"source":"2939","target":"3051"},{"source":"2939","target":"3070"},{"source":"2939","target":"3082"},{"source":"2939","target":"3094"},{"source":"2939","target":"3101"},{"source":"2939","target":"3102"},{"source":"2939","target":"3113"},{"source":"2939","target":"3116"},{"source":"2939","target":"3120"},{"source":"2939","target":"3132"},{"source":"2939","target":"3146"},{"source":"2939","target":"3148"},{"source":"2939","target":"3150"},{"source":"2939","target":"3152"},{"source":"2939","target":"3169"},{"source":"2939","target":"3179"},{"source":"2939","target":"3185"},{"source":"2939","target":"3201"},{"source":"2939","target":"3206"},{"source":"2939","target":"3239"},{"source":"2939","target":"3247"},{"source":"2939","target":"3252"},{"source":"2939","target":"3265"},{"source":"2939","target":"3267"},{"source":"2939","target":"3277"},{"source":"2939","target":"3280"},{"source":"2939","target":"3291"},{"source":"2939","target":"3297"},{"source":"2939","target":"3302"},{"source":"2939","target":"3316"},{"source":"2939","target":"3330"},{"source":"2939","target":"3335"},{"source":"2939","target":"3344"},{"source":"2939","target":"3347"},{"source":"2939","target":"3351"},{"source":"2939","target":"3373"},{"source":"2939","target":"3381"},{"source":"2939","target":"3391"},{"source":"2939","target":"3397"},{"source":"2939","target":"3416"},{"source":"2939","target":"3434"},{"source":"2940","target":"2943"},{"source":"2940","target":"2944"},{"source":"2940","target":"2960"},{"source":"2940","target":"2966"},{"source":"2940","target":"2974"},{"source":"2940","target":"2981"},{"source":"2940","target":"2985"},{"source":"2940","target":"2986"},{"source":"2940","target":"2988"},{"source":"2940","target":"3054"},{"source":"2940","target":"3056"},{"source":"2940","target":"3064"},{"source":"2940","target":"3078"},{"source":"2940","target":"3096"},{"source":"2940","target":"3108"},{"source":"2940","target":"3117"},{"source":"2940","target":"3174"},{"source":"2940","target":"3195"},{"source":"2940","target":"3220"},{"source":"2940","target":"3232"},{"source":"2940","target":"3238"},{"source":"2940","target":"3293"},{"source":"2940","target":"3348"},{"source":"2940","target":"3363"},{"source":"2940","target":"3399"},{"source":"2940","target":"3417"},{"source":"2940","target":"3426"},{"source":"2940","target":"3433"},{"source":"2941","target":"2955"},{"source":"2941","target":"2999"},{"source":"2941","target":"3068"},{"source":"2941","target":"3263"},{"source":"2941","target":"3361"},{"source":"2942","target":"2989"},{"source":"2942","target":"3136"},{"source":"2942","target":"3233"},{"source":"2942","target":"3304"},{"source":"2942","target":"3404"},{"source":"2943","target":"2944"},{"source":"2943","target":"2945"},{"source":"2943","target":"2960"},{"source":"2943","target":"2966"},{"source":"2943","target":"2969"},{"source":"2943","target":"2974"},{"source":"2943","target":"2986"},{"source":"2943","target":"3000"},{"source":"2943","target":"3022"},{"source":"2943","target":"3023"},{"source":"2943","target":"3029"},{"source":"2943","target":"3054"},{"source":"2943","target":"3056"},{"source":"2943","target":"3065"},{"source":"2943","target":"3073"},{"source":"2943","target":"3078"},{"source":"2943","target":"3085"},{"source":"2943","target":"3096"},{"source":"2943","target":"3108"},{"source":"2943","target":"3135"},{"source":"2943","target":"3213"},{"source":"2943","target":"3220"},{"source":"2943","target":"3226"},{"source":"2943","target":"3228"},{"source":"2943","target":"3232"},{"source":"2943","target":"3243"},{"source":"2943","target":"3284"},{"source":"2943","target":"3286"},{"source":"2943","target":"3293"},{"source":"2943","target":"3301"},{"source":"2943","target":"3348"},{"source":"2943","target":"3363"},{"source":"2943","target":"3417"},{"source":"2943","target":"3426"},{"source":"2943","target":"3433"},{"source":"2944","target":"2945"},{"source":"2944","target":"2953"},{"source":"2944","target":"2956"},{"source":"2944","target":"2960"},{"source":"2944","target":"2966"},{"source":"2944","target":"2969"},{"source":"2944","target":"2974"},{"source":"2944","target":"2978"},{"source":"2944","target":"2981"},{"source":"2944","target":"3000"},{"source":"2944","target":"3004"},{"source":"2944","target":"3022"},{"source":"2944","target":"3023"},{"source":"2944","target":"3025"},{"source":"2944","target":"3026"},{"source":"2944","target":"3056"},{"source":"2944","target":"3064"},{"source":"2944","target":"3065"},{"source":"2944","target":"3073"},{"source":"2944","target":"3078"},{"source":"2944","target":"3084"},{"source":"2944","target":"3085"},{"source":"2944","target":"3090"},{"source":"2944","target":"3098"},{"source":"2944","target":"3104"},{"source":"2944","target":"3108"},{"source":"2944","target":"3129"},{"source":"2944","target":"3135"},{"source":"2944","target":"3142"},{"source":"2944","target":"3149"},{"source":"2944","target":"3153"},{"source":"2944","target":"3158"},{"source":"2944","target":"3195"},{"source":"2944","target":"3213"},{"source":"2944","target":"3220"},{"source":"2944","target":"3226"},{"source":"2944","target":"3232"},{"source":"2944","target":"3243"},{"source":"2944","target":"3257"},{"source":"2944","target":"3284"},{"source":"2944","target":"3301"},{"source":"2944","target":"3303"},{"source":"2944","target":"3324"},{"source":"2944","target":"3339"},{"source":"2944","target":"3348"},{"source":"2944","target":"3362"},{"source":"2944","target":"3363"},{"source":"2944","target":"3387"},{"source":"2944","target":"3394"},{"source":"2944","target":"3417"},{"source":"2944","target":"3426"},{"source":"2944","target":"3433"},{"source":"2945","target":"2956"},{"source":"2945","target":"2960"},{"source":"2945","target":"2974"},{"source":"2945","target":"2977"},{"source":"2945","target":"3000"},{"source":"2945","target":"3023"},{"source":"2945","target":"3026"},{"source":"2945","target":"3029"},{"source":"2945","target":"3056"},{"source":"2945","target":"3073"},{"source":"2945","target":"3090"},{"source":"2945","target":"3098"},{"source":"2945","target":"3135"},{"source":"2945","target":"3158"},{"source":"2945","target":"3163"},{"source":"2945","target":"3213"},{"source":"2945","target":"3220"},{"source":"2945","target":"3243"},{"source":"2945","target":"3257"},{"source":"2945","target":"3293"},{"source":"2945","target":"3363"},{"source":"2945","target":"3417"},{"source":"2945","target":"3433"},{"source":"2945","target":"3435"},{"source":"2946","target":"2952"},{"source":"2946","target":"2956"},{"source":"2946","target":"2957"},{"source":"2946","target":"2961"},{"source":"2946","target":"2969"},{"source":"2946","target":"2986"},{"source":"2946","target":"2996"},{"source":"2946","target":"3000"},{"source":"2946","target":"3033"},{"source":"2946","target":"3054"},{"source":"2946","target":"3065"},{"source":"2946","target":"3085"},{"source":"2946","target":"3097"},{"source":"2946","target":"3104"},{"source":"2946","target":"3117"},{"source":"2946","target":"3119"},{"source":"2946","target":"3124"},{"source":"2946","target":"3149"},{"source":"2946","target":"3173"},{"source":"2946","target":"3174"},{"source":"2946","target":"3211"},{"source":"2946","target":"3215"},{"source":"2946","target":"3228"},{"source":"2946","target":"3263"},{"source":"2946","target":"3294"},{"source":"2946","target":"3302"},{"source":"2946","target":"3304"},{"source":"2946","target":"3335"},{"source":"2946","target":"3363"},{"source":"2946","target":"3380"},{"source":"2946","target":"3387"},{"source":"2947","target":"2951"},{"source":"2947","target":"2962"},{"source":"2947","target":"3001"},{"source":"2947","target":"3019"},{"source":"2947","target":"3062"},{"source":"2947","target":"3100"},{"source":"2947","target":"3154"},{"source":"2947","target":"3162"},{"source":"2947","target":"3168"},{"source":"2947","target":"3177"},{"source":"2947","target":"3233"},{"source":"2947","target":"3273"},{"source":"2947","target":"3331"},{"source":"2948","target":"3023"},{"source":"2948","target":"3052"},{"source":"2948","target":"3065"},{"source":"2948","target":"3184"},{"source":"2948","target":"3193"},{"source":"2948","target":"3234"},{"source":"2948","target":"3301"},{"source":"2948","target":"3315"},{"source":"2948","target":"3324"},{"source":"2948","target":"3363"},{"source":"2948","target":"3414"},{"source":"2948","target":"3436"},{"source":"2949","target":"2983"},{"source":"2949","target":"2997"},{"source":"2949","target":"2999"},{"source":"2949","target":"3012"},{"source":"2949","target":"3020"},{"source":"2949","target":"3028"},{"source":"2949","target":"3063"},{"source":"2949","target":"3066"},{"source":"2949","target":"3083"},{"source":"2949","target":"3126"},{"source":"2949","target":"3128"},{"source":"2949","target":"3155"},{"source":"2949","target":"3310"},{"source":"2949","target":"3322"},{"source":"2949","target":"3336"},{"source":"2950","target":"2976"},{"source":"2950","target":"3035"},{"source":"2950","target":"3060"},{"source":"2950","target":"3070"},{"source":"2950","target":"3075"},{"source":"2950","target":"3076"},{"source":"2950","target":"3087"},{"source":"2950","target":"3101"},{"source":"2950","target":"3107"},{"source":"2950","target":"3113"},{"source":"2950","target":"3115"},{"source":"2950","target":"3116"},{"source":"2950","target":"3144"},{"source":"2950","target":"3150"},{"source":"2950","target":"3152"},{"source":"2950","target":"3172"},{"source":"2950","target":"3182"},{"source":"2950","target":"3185"},{"source":"2950","target":"3189"},{"source":"2950","target":"3191"},{"source":"2950","target":"3198"},{"source":"2950","target":"3219"},{"source":"2950","target":"3246"},{"source":"2950","target":"3256"},{"source":"2950","target":"3258"},{"source":"2950","target":"3259"},{"source":"2950","target":"3261"},{"source":"2950","target":"3272"},{"source":"2950","target":"3280"},{"source":"2950","target":"3320"},{"source":"2950","target":"3321"},{"source":"2950","target":"3331"},{"source":"2950","target":"3335"},{"source":"2950","target":"3351"},{"source":"2950","target":"3357"},{"source":"2950","target":"3360"},{"source":"2950","target":"3395"},{"source":"2950","target":"3411"},{"source":"2951","target":"2955"},{"source":"2951","target":"2984"},{"source":"2951","target":"2989"},{"source":"2951","target":"2990"},{"source":"2951","target":"3001"},{"source":"2951","target":"3002"},{"source":"2951","target":"3007"},{"source":"2951","target":"3016"},{"source":"2951","target":"3017"},{"source":"2951","target":"3018"},{"source":"2951","target":"3019"},{"source":"2951","target":"3020"},{"source":"2951","target":"3034"},{"source":"2951","target":"3038"},{"source":"2951","target":"3051"},{"source":"2951","target":"3075"},{"source":"2951","target":"3077"},{"source":"2951","target":"3082"},{"source":"2951","target":"3086"},{"source":"2951","target":"3087"},{"source":"2951","target":"3097"},{"source":"2951","target":"3100"},{"source":"2951","target":"3103"},{"source":"2951","target":"3106"},{"source":"2951","target":"3107"},{"source":"2951","target":"3118"},{"source":"2951","target":"3120"},{"source":"2951","target":"3150"},{"source":"2951","target":"3154"},{"source":"2951","target":"3159"},{"source":"2951","target":"3162"},{"source":"2951","target":"3168"},{"source":"2951","target":"3171"},{"source":"2951","target":"3176"},{"source":"2951","target":"3191"},{"source":"2951","target":"3196"},{"source":"2951","target":"3198"},{"source":"2951","target":"3203"},{"source":"2951","target":"3207"},{"source":"2951","target":"3214"},{"source":"2951","target":"3219"},{"source":"2951","target":"3224"},{"source":"2951","target":"3233"},{"source":"2951","target":"3240"},{"source":"2951","target":"3241"},{"source":"2951","target":"3252"},{"source":"2951","target":"3253"},{"source":"2951","target":"3259"},{"source":"2951","target":"3263"},{"source":"2951","target":"3264"},{"source":"2951","target":"3274"},{"source":"2951","target":"3285"},{"source":"2951","target":"3291"},{"source":"2951","target":"3295"},{"source":"2951","target":"3299"},{"source":"2951","target":"3313"},{"source":"2951","target":"3321"},{"source":"2951","target":"3330"},{"source":"2951","target":"3342"},{"source":"2951","target":"3344"},{"source":"2951","target":"3345"},{"source":"2951","target":"3346"},{"source":"2951","target":"3353"},{"source":"2951","target":"3359"},{"source":"2951","target":"3360"},{"source":"2951","target":"3366"},{"source":"2951","target":"3379"},{"source":"2951","target":"3391"},{"source":"2951","target":"3397"},{"source":"2951","target":"3404"},{"source":"2951","target":"3406"},{"source":"2951","target":"3410"},{"source":"2951","target":"3411"},{"source":"2951","target":"3412"},{"source":"2951","target":"3415"},{"source":"2951","target":"3421"},{"source":"2952","target":"3045"},{"source":"2953","target":"2969"},{"source":"2953","target":"2988"},{"source":"2953","target":"3000"},{"source":"2953","target":"3014"},{"source":"2953","target":"3026"},{"source":"2953","target":"3052"},{"source":"2953","target":"3073"},{"source":"2953","target":"3084"},{"source":"2953","target":"3090"},{"source":"2953","target":"3104"},{"source":"2953","target":"3119"},{"source":"2953","target":"3238"},{"source":"2953","target":"3362"},{"source":"2953","target":"3364"},{"source":"2953","target":"3384"},{"source":"2953","target":"3417"},{"source":"2953","target":"3435"},{"source":"2954","target":"3190"},{"source":"2954","target":"3215"},{"source":"2954","target":"3221"},{"source":"2954","target":"3248"},{"source":"2954","target":"3279"},{"source":"2954","target":"3327"},{"source":"2954","target":"3383"},{"source":"2955","target":"2999"},{"source":"2955","target":"3018"},{"source":"2955","target":"3032"},{"source":"2955","target":"3067"},{"source":"2955","target":"3087"},{"source":"2955","target":"3136"},{"source":"2955","target":"3187"},{"source":"2955","target":"3196"},{"source":"2955","target":"3219"},{"source":"2955","target":"3221"},{"source":"2955","target":"3236"},{"source":"2955","target":"3253"},{"source":"2955","target":"3255"},{"source":"2955","target":"3256"},{"source":"2955","target":"3264"},{"source":"2955","target":"3289"},{"source":"2955","target":"3327"},{"source":"2955","target":"3337"},{"source":"2955","target":"3342"},{"source":"2955","target":"3346"},{"source":"2955","target":"3369"},{"source":"2955","target":"3385"},{"source":"2955","target":"3395"},{"source":"2955","target":"3397"},{"source":"2955","target":"3402"},{"source":"2955","target":"3403"},{"source":"2955","target":"3404"},{"source":"2955","target":"3419"},{"source":"2956","target":"2960"},{"source":"2956","target":"2966"},{"source":"2956","target":"2969"},{"source":"2956","target":"2977"},{"source":"2956","target":"2981"},{"source":"2956","target":"2985"},{"source":"2956","target":"2986"},{"source":"2956","target":"2987"},{"source":"2956","target":"2988"},{"source":"2956","target":"2993"},{"source":"2956","target":"2994"},{"source":"2956","target":"3000"},{"source":"2956","target":"3014"},{"source":"2956","target":"3022"},{"source":"2956","target":"3026"},{"source":"2956","target":"3029"},{"source":"2956","target":"3040"},{"source":"2956","target":"3047"},{"source":"2956","target":"3078"},{"source":"2956","target":"3084"},{"source":"2956","target":"3090"},{"source":"2956","target":"3104"},{"source":"2956","target":"3114"},{"source":"2956","target":"3117"},{"source":"2956","target":"3119"},{"source":"2956","target":"3123"},{"source":"2956","target":"3166"},{"source":"2956","target":"3174"},{"source":"2956","target":"3184"},{"source":"2956","target":"3195"},{"source":"2956","target":"3220"},{"source":"2956","target":"3232"},{"source":"2956","target":"3238"},{"source":"2956","target":"3243"},{"source":"2956","target":"3293"},{"source":"2956","target":"3324"},{"source":"2956","target":"3339"},{"source":"2956","target":"3362"},{"source":"2956","target":"3363"},{"source":"2956","target":"3364"},{"source":"2956","target":"3384"},{"source":"2956","target":"3387"},{"source":"2956","target":"3400"},{"source":"2956","target":"3417"},{"source":"2956","target":"3426"},{"source":"2956","target":"3433"},{"source":"2956","target":"3435"},{"source":"2957","target":"2964"},{"source":"2957","target":"3011"},{"source":"2957","target":"3061"},{"source":"2957","target":"3081"},{"source":"2957","target":"3196"},{"source":"2957","target":"3254"},{"source":"2957","target":"3263"},{"source":"2957","target":"3308"},{"source":"2958","target":"2976"},{"source":"2958","target":"3001"},{"source":"2958","target":"3009"},{"source":"2958","target":"3011"},{"source":"2958","target":"3019"},{"source":"2958","target":"3048"},{"source":"2958","target":"3076"},{"source":"2958","target":"3079"},{"source":"2958","target":"3100"},{"source":"2958","target":"3111"},{"source":"2958","target":"3124"},{"source":"2958","target":"3160"},{"source":"2958","target":"3178"},{"source":"2958","target":"3179"},{"source":"2958","target":"3182"},{"source":"2958","target":"3261"},{"source":"2958","target":"3262"},{"source":"2958","target":"3276"},{"source":"2958","target":"3279"},{"source":"2958","target":"3280"},{"source":"2958","target":"3288"},{"source":"2958","target":"3295"},{"source":"2958","target":"3302"},{"source":"2958","target":"3313"},{"source":"2958","target":"3327"},{"source":"2958","target":"3331"},{"source":"2958","target":"3350"},{"source":"2958","target":"3353"},{"source":"2958","target":"3377"},{"source":"2958","target":"3386"},{"source":"2958","target":"3396"},{"source":"2959","target":"2972"},{"source":"2959","target":"2982"},{"source":"2959","target":"3008"},{"source":"2959","target":"3283"},{"source":"2959","target":"3309"},{"source":"2959","target":"3314"},{"source":"2959","target":"3318"},{"source":"2959","target":"3325"},{"source":"2959","target":"3382"},{"source":"2959","target":"3423"},{"source":"2960","target":"2966"},{"source":"2960","target":"2969"},{"source":"2960","target":"2974"},{"source":"2960","target":"2985"},{"source":"2960","target":"2986"},{"source":"2960","target":"2988"},{"source":"2960","target":"3000"},{"source":"2960","target":"3004"},{"source":"2960","target":"3014"},{"source":"2960","target":"3022"},{"source":"2960","target":"3033"},{"source":"2960","target":"3040"},{"source":"2960","target":"3047"},{"source":"2960","target":"3056"},{"source":"2960","target":"3064"},{"source":"2960","target":"3065"},{"source":"2960","target":"3073"},{"source":"2960","target":"3078"},{"source":"2960","target":"3096"},{"source":"2960","target":"3104"},{"source":"2960","target":"3108"},{"source":"2960","target":"3117"},{"source":"2960","target":"3119"},{"source":"2960","target":"3129"},{"source":"2960","target":"3149"},{"source":"2960","target":"3153"},{"source":"2960","target":"3158"},{"source":"2960","target":"3174"},{"source":"2960","target":"3184"},{"source":"2960","target":"3226"},{"source":"2960","target":"3228"},{"source":"2960","target":"3232"},{"source":"2960","target":"3250"},{"source":"2960","target":"3284"},{"source":"2960","target":"3324"},{"source":"2960","target":"3348"},{"source":"2960","target":"3363"},{"source":"2960","target":"3364"},{"source":"2960","target":"3387"},{"source":"2960","target":"3399"},{"source":"2960","target":"3414"},{"source":"2960","target":"3417"},{"source":"2960","target":"3426"},{"source":"2960","target":"3433"},{"source":"2961","target":"2967"},{"source":"2961","target":"3098"},{"source":"2961","target":"3227"},{"source":"2961","target":"3286"},{"source":"2961","target":"3294"},{"source":"2961","target":"3303"},{"source":"2961","target":"3304"},{"source":"2962","target":"3001"},{"source":"2962","target":"3077"},{"source":"2962","target":"3091"},{"source":"2962","target":"3244"},{"source":"2962","target":"3273"},{"source":"2962","target":"3295"},{"source":"2962","target":"3302"},{"source":"2962","target":"3373"},{"source":"2963","target":"3036"},{"source":"2963","target":"3042"},{"source":"2963","target":"3084"},{"source":"2964","target":"2979"},{"source":"2964","target":"3001"},{"source":"2964","target":"3038"},{"source":"2964","target":"3051"},{"source":"2964","target":"3057"},{"source":"2964","target":"3062"},{"source":"2964","target":"3157"},{"source":"2964","target":"3289"},{"source":"2964","target":"3326"},{"source":"2964","target":"3331"},{"source":"2964","target":"3374"},{"source":"2965","target":"3005"},{"source":"2965","target":"3051"},{"source":"2965","target":"3060"},{"source":"2965","target":"3107"},{"source":"2965","target":"3148"},{"source":"2965","target":"3162"},{"source":"2965","target":"3242"},{"source":"2965","target":"3274"},{"source":"2965","target":"3280"},{"source":"2965","target":"3298"},{"source":"2965","target":"3328"},{"source":"2965","target":"3378"},{"source":"2966","target":"2985"},{"source":"2966","target":"2986"},{"source":"2966","target":"2987"},{"source":"2966","target":"2993"},{"source":"2966","target":"2994"},{"source":"2966","target":"3000"},{"source":"2966","target":"3014"},{"source":"2966","target":"3022"},{"source":"2966","target":"3026"},{"source":"2966","target":"3033"},{"source":"2966","target":"3040"},{"source":"2966","target":"3047"},{"source":"2966","target":"3052"},{"source":"2966","target":"3054"},{"source":"2966","target":"3056"},{"source":"2966","target":"3065"},{"source":"2966","target":"3078"},{"source":"2966","target":"3084"},{"source":"2966","target":"3085"},{"source":"2966","target":"3090"},{"source":"2966","target":"3096"},{"source":"2966","target":"3098"},{"source":"2966","target":"3104"},{"source":"2966","target":"3108"},{"source":"2966","target":"3117"},{"source":"2966","target":"3119"},{"source":"2966","target":"3142"},{"source":"2966","target":"3149"},{"source":"2966","target":"3158"},{"source":"2966","target":"3163"},{"source":"2966","target":"3166"},{"source":"2966","target":"3174"},{"source":"2966","target":"3195"},{"source":"2966","target":"3226"},{"source":"2966","target":"3232"},{"source":"2966","target":"3237"},{"source":"2966","target":"3238"},{"source":"2966","target":"3250"},{"source":"2966","target":"3257"},{"source":"2966","target":"3284"},{"source":"2966","target":"3301"},{"source":"2966","target":"3303"},{"source":"2966","target":"3339"},{"source":"2966","target":"3348"},{"source":"2966","target":"3362"},{"source":"2966","target":"3363"},{"source":"2966","target":"3387"},{"source":"2966","target":"3390"},{"source":"2966","target":"3399"},{"source":"2966","target":"3417"},{"source":"2966","target":"3426"},{"source":"2966","target":"3435"},{"source":"2967","target":"3004"},{"source":"2967","target":"3023"},{"source":"2967","target":"3054"},{"source":"2967","target":"3092"},{"source":"2967","target":"3213"},{"source":"2967","target":"3234"},{"source":"2967","target":"3303"},{"source":"2967","target":"3324"},{"source":"2967","target":"3363"},{"source":"2967","target":"3426"},{"source":"2968","target":"3011"},{"source":"2968","target":"3020"},{"source":"2968","target":"3077"},{"source":"2968","target":"3097"},{"source":"2968","target":"3161"},{"source":"2968","target":"3258"},{"source":"2968","target":"3343"},{"source":"2969","target":"2974"},{"source":"2969","target":"2986"},{"source":"2969","target":"3000"},{"source":"2969","target":"3033"},{"source":"2969","target":"3036"},{"source":"2969","target":"3054"},{"source":"2969","target":"3056"},{"source":"2969","target":"3065"},{"source":"2969","target":"3078"},{"source":"2969","target":"3085"},{"source":"2969","target":"3096"},{"source":"2969","target":"3098"},{"source":"2969","target":"3104"},{"source":"2969","target":"3108"},{"source":"2969","target":"3117"},{"source":"2969","target":"3184"},{"source":"2969","target":"3195"},{"source":"2969","target":"3220"},{"source":"2969","target":"3284"},{"source":"2969","target":"3301"},{"source":"2969","target":"3304"},{"source":"2969","target":"3324"},{"source":"2969","target":"3339"},{"source":"2969","target":"3348"},{"source":"2969","target":"3362"},{"source":"2969","target":"3364"},{"source":"2969","target":"3387"},{"source":"2969","target":"3426"},{"source":"2970","target":"3021"},{"source":"2970","target":"3035"},{"source":"2970","target":"3049"},{"source":"2970","target":"3070"},{"source":"2970","target":"3082"},{"source":"2970","target":"3101"},{"source":"2970","target":"3102"},{"source":"2970","target":"3106"},{"source":"2970","target":"3115"},{"source":"2970","target":"3116"},{"source":"2970","target":"3120"},{"source":"2970","target":"3132"},{"source":"2970","target":"3146"},{"source":"2970","target":"3150"},{"source":"2970","target":"3169"},{"source":"2970","target":"3179"},{"source":"2970","target":"3185"},{"source":"2970","target":"3201"},{"source":"2970","target":"3206"},{"source":"2970","target":"3239"},{"source":"2970","target":"3247"},{"source":"2970","target":"3252"},{"source":"2970","target":"3265"},{"source":"2970","target":"3280"},{"source":"2970","target":"3297"},{"source":"2970","target":"3316"},{"source":"2970","target":"3330"},{"source":"2970","target":"3332"},{"source":"2970","target":"3344"},{"source":"2970","target":"3351"},{"source":"2970","target":"3391"},{"source":"2970","target":"3411"},{"source":"2970","target":"3416"},{"source":"2970","target":"3419"},{"source":"2970","target":"3434"},{"source":"2972","target":"3008"},{"source":"2972","target":"3283"},{"source":"2972","target":"3309"},{"source":"2972","target":"3311"},{"source":"2972","target":"3314"},{"source":"2972","target":"3318"},{"source":"2972","target":"3325"},{"source":"2972","target":"3382"},{"source":"2972","target":"3423"},{"source":"2973","target":"2976"},{"source":"2973","target":"2989"},{"source":"2973","target":"2992"},{"source":"2973","target":"3021"},{"source":"2973","target":"3035"},{"source":"2973","target":"3038"},{"source":"2973","target":"3041"},{"source":"2973","target":"3046"},{"source":"2973","target":"3049"},{"source":"2973","target":"3051"},{"source":"2973","target":"3060"},{"source":"2973","target":"3070"},{"source":"2973","target":"3082"},{"source":"2973","target":"3089"},{"source":"2973","target":"3101"},{"source":"2973","target":"3106"},{"source":"2973","target":"3115"},{"source":"2973","target":"3116"},{"source":"2973","target":"3120"},{"source":"2973","target":"3132"},{"source":"2973","target":"3146"},{"source":"2973","target":"3152"},{"source":"2973","target":"3154"},{"source":"2973","target":"3160"},{"source":"2973","target":"3169"},{"source":"2973","target":"3201"},{"source":"2973","target":"3206"},{"source":"2973","target":"3212"},{"source":"2973","target":"3223"},{"source":"2973","target":"3239"},{"source":"2973","target":"3240"},{"source":"2973","target":"3247"},{"source":"2973","target":"3252"},{"source":"2973","target":"3280"},{"source":"2973","target":"3291"},{"source":"2973","target":"3299"},{"source":"2973","target":"3319"},{"source":"2973","target":"3320"},{"source":"2973","target":"3321"},{"source":"2973","target":"3330"},{"source":"2973","target":"3332"},{"source":"2973","target":"3344"},{"source":"2973","target":"3345"},{"source":"2973","target":"3347"},{"source":"2973","target":"3351"},{"source":"2973","target":"3355"},{"source":"2973","target":"3360"},{"source":"2973","target":"3386"},{"source":"2973","target":"3391"},{"source":"2973","target":"3396"},{"source":"2973","target":"3397"},{"source":"2973","target":"3406"},{"source":"2973","target":"3422"},{"source":"2973","target":"3434"},{"source":"2974","target":"2986"},{"source":"2974","target":"2994"},{"source":"2974","target":"3023"},{"source":"2974","target":"3054"},{"source":"2974","target":"3056"},{"source":"2974","target":"3073"},{"source":"2974","target":"3078"},{"source":"2974","target":"3096"},{"source":"2974","target":"3108"},{"source":"2974","target":"3149"},{"source":"2974","target":"3158"},{"source":"2974","target":"3174"},{"source":"2974","target":"3213"},{"source":"2974","target":"3220"},{"source":"2974","target":"3284"},{"source":"2974","target":"3339"},{"source":"2974","target":"3362"},{"source":"2974","target":"3363"},{"source":"2974","target":"3387"},{"source":"2974","target":"3399"},{"source":"2974","target":"3417"},{"source":"2974","target":"3426"},{"source":"2974","target":"3433"},{"source":"2975","target":"3105"},{"source":"2976","target":"2989"},{"source":"2976","target":"3017"},{"source":"2976","target":"3060"},{"source":"2976","target":"3076"},{"source":"2976","target":"3089"},{"source":"2976","target":"3111"},{"source":"2976","target":"3118"},{"source":"2976","target":"3160"},{"source":"2976","target":"3172"},{"source":"2976","target":"3182"},{"source":"2976","target":"3185"},{"source":"2976","target":"3258"},{"source":"2976","target":"3261"},{"source":"2976","target":"3272"},{"source":"2976","target":"3280"},{"source":"2976","target":"3287"},{"source":"2976","target":"3289"},{"source":"2976","target":"3291"},{"source":"2976","target":"3298"},{"source":"2976","target":"3320"},{"source":"2976","target":"3344"},{"source":"2976","target":"3360"},{"source":"2976","target":"3378"},{"source":"2976","target":"3386"},{"source":"2976","target":"3403"},{"source":"2976","target":"3434"},{"source":"2977","target":"2993"},{"source":"2977","target":"3000"},{"source":"2977","target":"3014"},{"source":"2977","target":"3029"},{"source":"2977","target":"3084"},{"source":"2977","target":"3104"},{"source":"2977","target":"3119"},{"source":"2977","target":"3129"},{"source":"2977","target":"3166"},{"source":"2977","target":"3238"},{"source":"2977","target":"3243"},{"source":"2977","target":"3257"},{"source":"2977","target":"3293"},{"source":"2977","target":"3384"},{"source":"2977","target":"3435"},{"source":"2978","target":"3010"},{"source":"2978","target":"3045"},{"source":"2978","target":"3059"},{"source":"2978","target":"3080"},{"source":"2978","target":"3090"},{"source":"2978","target":"3104"},{"source":"2978","target":"3130"},{"source":"2978","target":"3139"},{"source":"2978","target":"3231"},{"source":"2978","target":"3300"},{"source":"2978","target":"3303"},{"source":"2978","target":"3392"},{"source":"2978","target":"3426"},{"source":"2978","target":"3430"},{"source":"2979","target":"3081"},{"source":"2979","target":"3101"},{"source":"2979","target":"3201"},{"source":"2979","target":"3297"},{"source":"2979","target":"3340"},{"source":"2979","target":"3409"},{"source":"2980","target":"3267"},{"source":"2980","target":"3270"},{"source":"2981","target":"3025"},{"source":"2981","target":"3036"},{"source":"2981","target":"3042"},{"source":"2981","target":"3073"},{"source":"2981","target":"3114"},{"source":"2981","target":"3119"},{"source":"2981","target":"3123"},{"source":"2981","target":"3130"},{"source":"2981","target":"3137"},{"source":"2981","target":"3158"},{"source":"2981","target":"3232"},{"source":"2981","target":"3363"},{"source":"2981","target":"3400"},{"source":"2982","target":"3008"},{"source":"2982","target":"3283"},{"source":"2982","target":"3309"},{"source":"2982","target":"3314"},{"source":"2982","target":"3318"},{"source":"2982","target":"3325"},{"source":"2982","target":"3382"},{"source":"2982","target":"3423"},{"source":"2983","target":"2997"},{"source":"2983","target":"2999"},{"source":"2983","target":"3012"},{"source":"2983","target":"3020"},{"source":"2983","target":"3028"},{"source":"2983","target":"3063"},{"source":"2983","target":"3066"},{"source":"2983","target":"3072"},{"source":"2983","target":"3083"},{"source":"2983","target":"3128"},{"source":"2983","target":"3155"},{"source":"2983","target":"3368"},{"source":"2984","target":"2992"},{"source":"2984","target":"3027"},{"source":"2984","target":"3107"},{"source":"2984","target":"3118"},{"source":"2984","target":"3191"},{"source":"2984","target":"3192"},{"source":"2984","target":"3206"},{"source":"2984","target":"3223"},{"source":"2984","target":"3263"},{"source":"2984","target":"3274"},{"source":"2984","target":"3291"},{"source":"2984","target":"3316"},{"source":"2984","target":"3353"},{"source":"2984","target":"3377"},{"source":"2985","target":"2986"},{"source":"2985","target":"2993"},{"source":"2985","target":"2994"},{"source":"2985","target":"3022"},{"source":"2985","target":"3033"},{"source":"2985","target":"3040"},{"source":"2985","target":"3047"},{"source":"2985","target":"3052"},{"source":"2985","target":"3054"},{"source":"2985","target":"3064"},{"source":"2985","target":"3078"},{"source":"2985","target":"3108"},{"source":"2985","target":"3142"},{"source":"2985","target":"3149"},{"source":"2985","target":"3174"},{"source":"2985","target":"3226"},{"source":"2985","target":"3232"},{"source":"2985","target":"3284"},{"source":"2985","target":"3301"},{"source":"2985","target":"3339"},{"source":"2985","target":"3348"},{"source":"2985","target":"3363"},{"source":"2985","target":"3387"},{"source":"2985","target":"3399"},{"source":"2985","target":"3426"},{"source":"2986","target":"2988"},{"source":"2986","target":"3000"},{"source":"2986","target":"3004"},{"source":"2986","target":"3014"},{"source":"2986","target":"3022"},{"source":"2986","target":"3029"},{"source":"2986","target":"3033"},{"source":"2986","target":"3036"},{"source":"2986","target":"3047"},{"source":"2986","target":"3054"},{"source":"2986","target":"3056"},{"source":"2986","target":"3064"},{"source":"2986","target":"3065"},{"source":"2986","target":"3073"},{"source":"2986","target":"3078"},{"source":"2986","target":"3085"},{"source":"2986","target":"3096"},{"source":"2986","target":"3098"},{"source":"2986","target":"3108"},{"source":"2986","target":"3114"},{"source":"2986","target":"3149"},{"source":"2986","target":"3166"},{"source":"2986","target":"3174"},{"source":"2986","target":"3184"},{"source":"2986","target":"3195"},{"source":"2986","target":"3220"},{"source":"2986","target":"3226"},{"source":"2986","target":"3228"},{"source":"2986","target":"3232"},{"source":"2986","target":"3238"},{"source":"2986","target":"3284"},{"source":"2986","target":"3348"},{"source":"2986","target":"3363"},{"source":"2986","target":"3400"},{"source":"2986","target":"3417"},{"source":"2986","target":"3426"},{"source":"2986","target":"3433"},{"source":"2987","target":"2993"},{"source":"2987","target":"3014"},{"source":"2987","target":"3025"},{"source":"2987","target":"3026"},{"source":"2987","target":"3052"},{"source":"2987","target":"3084"},{"source":"2987","target":"3090"},{"source":"2987","target":"3104"},{"source":"2987","target":"3114"},{"source":"2987","target":"3123"},{"source":"2987","target":"3137"},{"source":"2987","target":"3149"},{"source":"2987","target":"3158"},{"source":"2987","target":"3163"},{"source":"2987","target":"3166"},{"source":"2987","target":"3195"},{"source":"2987","target":"3387"},{"source":"2988","target":"2994"},{"source":"2988","target":"3000"},{"source":"2988","target":"3022"},{"source":"2988","target":"3025"},{"source":"2988","target":"3026"},{"source":"2988","target":"3036"},{"source":"2988","target":"3073"},{"source":"2988","target":"3078"},{"source":"2988","target":"3084"},{"source":"2988","target":"3090"},{"source":"2988","target":"3104"},{"source":"2988","target":"3119"},{"source":"2988","target":"3123"},{"source":"2988","target":"3135"},{"source":"2988","target":"3142"},{"source":"2988","target":"3158"},{"source":"2988","target":"3166"},{"source":"2988","target":"3232"},{"source":"2988","target":"3234"},{"source":"2988","target":"3339"},{"source":"2988","target":"3364"},{"source":"2988","target":"3384"},{"source":"2988","target":"3400"},{"source":"2988","target":"3417"},{"source":"2988","target":"3433"},{"source":"2989","target":"2992"},{"source":"2989","target":"3038"},{"source":"2989","target":"3041"},{"source":"2989","target":"3046"},{"source":"2989","target":"3051"},{"source":"2989","target":"3070"},{"source":"2989","target":"3075"},{"source":"2989","target":"3082"},{"source":"2989","target":"3087"},{"source":"2989","target":"3089"},{"source":"2989","target":"3101"},{"source":"2989","target":"3106"},{"source":"2989","target":"3116"},{"source":"2989","target":"3120"},{"source":"2989","target":"3150"},{"source":"2989","target":"3154"},{"source":"2989","target":"3160"},{"source":"2989","target":"3198"},{"source":"2989","target":"3240"},{"source":"2989","target":"3247"},{"source":"2989","target":"3249"},{"source":"2989","target":"3252"},{"source":"2989","target":"3291"},{"source":"2989","target":"3320"},{"source":"2989","target":"3321"},{"source":"2989","target":"3330"},{"source":"2989","target":"3335"},{"source":"2989","target":"3344"},{"source":"2989","target":"3345"},{"source":"2989","target":"3353"},{"source":"2989","target":"3355"},{"source":"2989","target":"3360"},{"source":"2989","target":"3378"},{"source":"2989","target":"3386"},{"source":"2989","target":"3391"},{"source":"2989","target":"3397"},{"source":"2989","target":"3406"},{"source":"2989","target":"3434"},{"source":"2990","target":"3007"},{"source":"2990","target":"3154"},{"source":"2990","target":"3191"},{"source":"2990","target":"3207"},{"source":"2990","target":"3241"},{"source":"2990","target":"3412"},{"source":"2991","target":"2992"},{"source":"2991","target":"3035"},{"source":"2991","target":"3049"},{"source":"2991","target":"3051"},{"source":"2991","target":"3060"},{"source":"2991","target":"3070"},{"source":"2991","target":"3082"},{"source":"2991","target":"3101"},{"source":"2991","target":"3102"},{"source":"2991","target":"3106"},{"source":"2991","target":"3113"},{"source":"2991","target":"3116"},{"source":"2991","target":"3132"},{"source":"2991","target":"3145"},{"source":"2991","target":"3146"},{"source":"2991","target":"3152"},{"source":"2991","target":"3169"},{"source":"2991","target":"3172"},{"source":"2991","target":"3185"},{"source":"2991","target":"3201"},{"source":"2991","target":"3204"},{"source":"2991","target":"3239"},{"source":"2991","target":"3247"},{"source":"2991","target":"3252"},{"source":"2991","target":"3265"},{"source":"2991","target":"3267"},{"source":"2991","target":"3277"},{"source":"2991","target":"3280"},{"source":"2991","target":"3288"},{"source":"2991","target":"3297"},{"source":"2991","target":"3320"},{"source":"2991","target":"3330"},{"source":"2991","target":"3347"},{"source":"2991","target":"3350"},{"source":"2991","target":"3351"},{"source":"2991","target":"3378"},{"source":"2991","target":"3381"},{"source":"2991","target":"3396"},{"source":"2991","target":"3416"},{"source":"2991","target":"3419"},{"source":"2991","target":"3434"},{"source":"2992","target":"3017"},{"source":"2992","target":"3027"},{"source":"2992","target":"3035"},{"source":"2992","target":"3051"},{"source":"2992","target":"3060"},{"source":"2992","target":"3079"},{"source":"2992","target":"3082"},{"source":"2992","target":"3101"},{"source":"2992","target":"3102"},{"source":"2992","target":"3106"},{"source":"2992","target":"3107"},{"source":"2992","target":"3113"},{"source":"2992","target":"3120"},{"source":"2992","target":"3132"},{"source":"2992","target":"3145"},{"source":"2992","target":"3169"},{"source":"2992","target":"3172"},{"source":"2992","target":"3191"},{"source":"2992","target":"3199"},{"source":"2992","target":"3201"},{"source":"2992","target":"3204"},{"source":"2992","target":"3206"},{"source":"2992","target":"3224"},{"source":"2992","target":"3240"},{"source":"2992","target":"3247"},{"source":"2992","target":"3252"},{"source":"2992","target":"3267"},{"source":"2992","target":"3277"},{"source":"2992","target":"3280"},{"source":"2992","target":"3288"},{"source":"2992","target":"3291"},{"source":"2992","target":"3297"},{"source":"2992","target":"3298"},{"source":"2992","target":"3302"},{"source":"2992","target":"3320"},{"source":"2992","target":"3329"},{"source":"2992","target":"3330"},{"source":"2992","target":"3344"},{"source":"2992","target":"3347"},{"source":"2992","target":"3355"},{"source":"2992","target":"3377"},{"source":"2992","target":"3378"},{"source":"2992","target":"3381"},{"source":"2992","target":"3397"},{"source":"2992","target":"3416"},{"source":"2992","target":"3419"},{"source":"2992","target":"3434"},{"source":"2993","target":"2994"},{"source":"2993","target":"3014"},{"source":"2993","target":"3026"},{"source":"2993","target":"3029"},{"source":"2993","target":"3033"},{"source":"2993","target":"3047"},{"source":"2993","target":"3084"},{"source":"2993","target":"3090"},{"source":"2993","target":"3104"},{"source":"2993","target":"3119"},{"source":"2993","target":"3123"},{"source":"2993","target":"3135"},{"source":"2993","target":"3137"},{"source":"2993","target":"3149"},{"source":"2993","target":"3158"},{"source":"2993","target":"3163"},{"source":"2993","target":"3166"},{"source":"2993","target":"3195"},{"source":"2993","target":"3226"},{"source":"2993","target":"3232"},{"source":"2993","target":"3238"},{"source":"2993","target":"3257"},{"source":"2993","target":"3339"},{"source":"2993","target":"3362"},{"source":"2993","target":"3384"},{"source":"2993","target":"3387"},{"source":"2993","target":"3417"},{"source":"2993","target":"3426"},{"source":"2993","target":"3435"},{"source":"2994","target":"3014"},{"source":"2994","target":"3029"},{"source":"2994","target":"3033"},{"source":"2994","target":"3040"},{"source":"2994","target":"3047"},{"source":"2994","target":"3073"},{"source":"2994","target":"3078"},{"source":"2994","target":"3084"},{"source":"2994","target":"3090"},{"source":"2994","target":"3104"},{"source":"2994","target":"3108"},{"source":"2994","target":"3114"},{"source":"2994","target":"3119"},{"source":"2994","target":"3135"},{"source":"2994","target":"3149"},{"source":"2994","target":"3166"},{"source":"2994","target":"3174"},{"source":"2994","target":"3293"},{"source":"2994","target":"3294"},{"source":"2994","target":"3324"},{"source":"2994","target":"3348"},{"source":"2994","target":"3362"},{"source":"2994","target":"3364"},{"source":"2994","target":"3384"},{"source":"2994","target":"3387"},{"source":"2994","target":"3400"},{"source":"2994","target":"3417"},{"source":"2994","target":"3433"},{"source":"2995","target":"3051"},{"source":"2995","target":"3061"},{"source":"2995","target":"3062"},{"source":"2995","target":"3168"},{"source":"2995","target":"3170"},{"source":"2995","target":"3233"},{"source":"2995","target":"3272"},{"source":"2995","target":"3273"},{"source":"2995","target":"3397"},{"source":"2996","target":"3027"},{"source":"2996","target":"3038"},{"source":"2996","target":"3097"},{"source":"2996","target":"3117"},{"source":"2996","target":"3136"},{"source":"2996","target":"3140"},{"source":"2996","target":"3190"},{"source":"2996","target":"3196"},{"source":"2996","target":"3201"},{"source":"2996","target":"3214"},{"source":"2996","target":"3224"},{"source":"2996","target":"3275"},{"source":"2996","target":"3277"},{"source":"2996","target":"3279"},{"source":"2996","target":"3291"},{"source":"2996","target":"3302"},{"source":"2996","target":"3307"},{"source":"2996","target":"3321"},{"source":"2996","target":"3330"},{"source":"2996","target":"3341"},{"source":"2996","target":"3342"},{"source":"2996","target":"3345"},{"source":"2996","target":"3346"},{"source":"2996","target":"3351"},{"source":"2996","target":"3385"},{"source":"2996","target":"3406"},{"source":"2996","target":"3431"},{"source":"2997","target":"3012"},{"source":"2997","target":"3020"},{"source":"2997","target":"3063"},{"source":"2997","target":"3072"},{"source":"2997","target":"3081"},{"source":"2997","target":"3155"},{"source":"2997","target":"3368"},{"source":"2998","target":"3157"},{"source":"2999","target":"3020"},{"source":"2999","target":"3066"},{"source":"2999","target":"3072"},{"source":"2999","target":"3083"},{"source":"2999","target":"3128"},{"source":"2999","target":"3136"},{"source":"2999","target":"3222"},{"source":"2999","target":"3240"},{"source":"2999","target":"3253"},{"source":"2999","target":"3263"},{"source":"2999","target":"3310"},{"source":"2999","target":"3327"},{"source":"2999","target":"3361"},{"source":"3000","target":"3023"},{"source":"3000","target":"3025"},{"source":"3000","target":"3026"},{"source":"3000","target":"3029"},{"source":"3000","target":"3054"},{"source":"3000","target":"3056"},{"source":"3000","target":"3073"},{"source":"3000","target":"3078"},{"source":"3000","target":"3084"},{"source":"3000","target":"3085"},{"source":"3000","target":"3090"},{"source":"3000","target":"3096"},{"source":"3000","target":"3104"},{"source":"3000","target":"3117"},{"source":"3000","target":"3119"},{"source":"3000","target":"3123"},{"source":"3000","target":"3135"},{"source":"3000","target":"3149"},{"source":"3000","target":"3158"},{"source":"3000","target":"3166"},{"source":"3000","target":"3174"},{"source":"3000","target":"3213"},{"source":"3000","target":"3220"},{"source":"3000","target":"3226"},{"source":"3000","target":"3232"},{"source":"3000","target":"3238"},{"source":"3000","target":"3257"},{"source":"3000","target":"3293"},{"source":"3000","target":"3348"},{"source":"3000","target":"3362"},{"source":"3000","target":"3363"},{"source":"3000","target":"3364"},{"source":"3000","target":"3387"},{"source":"3000","target":"3400"},{"source":"3000","target":"3417"},{"source":"3000","target":"3433"},{"source":"3000","target":"3435"},{"source":"3001","target":"3019"},{"source":"3001","target":"3062"},{"source":"3001","target":"3154"},{"source":"3001","target":"3159"},{"source":"3001","target":"3162"},{"source":"3001","target":"3168"},{"source":"3001","target":"3178"},{"source":"3001","target":"3207"},{"source":"3001","target":"3223"},{"source":"3001","target":"3233"},{"source":"3001","target":"3244"},{"source":"3001","target":"3245"},{"source":"3001","target":"3246"},{"source":"3001","target":"3273"},{"source":"3001","target":"3295"},{"source":"3001","target":"3331"},{"source":"3001","target":"3356"},{"source":"3001","target":"3373"},{"source":"3002","target":"3007"},{"source":"3002","target":"3019"},{"source":"3002","target":"3027"},{"source":"3002","target":"3034"},{"source":"3002","target":"3051"},{"source":"3002","target":"3072"},{"source":"3002","target":"3076"},{"source":"3002","target":"3077"},{"source":"3002","target":"3082"},{"source":"3002","target":"3086"},{"source":"3002","target":"3087"},{"source":"3002","target":"3089"},{"source":"3002","target":"3100"},{"source":"3002","target":"3113"},{"source":"3002","target":"3118"},{"source":"3002","target":"3150"},{"source":"3002","target":"3154"},{"source":"3002","target":"3162"},{"source":"3002","target":"3168"},{"source":"3002","target":"3176"},{"source":"3002","target":"3177"},{"source":"3002","target":"3186"},{"source":"3002","target":"3191"},{"source":"3002","target":"3207"},{"source":"3002","target":"3214"},{"source":"3002","target":"3221"},{"source":"3002","target":"3224"},{"source":"3002","target":"3233"},{"source":"3002","target":"3249"},{"source":"3002","target":"3263"},{"source":"3002","target":"3273"},{"source":"3002","target":"3287"},{"source":"3002","target":"3291"},{"source":"3002","target":"3295"},{"source":"3002","target":"3323"},{"source":"3002","target":"3329"},{"source":"3002","target":"3341"},{"source":"3002","target":"3346"},{"source":"3002","target":"3353"},{"source":"3002","target":"3356"},{"source":"3002","target":"3359"},{"source":"3002","target":"3366"},{"source":"3002","target":"3379"},{"source":"3002","target":"3385"},{"source":"3002","target":"3395"},{"source":"3002","target":"3397"},{"source":"3002","target":"3403"},{"source":"3002","target":"3412"},{"source":"3002","target":"3420"},{"source":"3004","target":"3022"},{"source":"3004","target":"3023"},{"source":"3004","target":"3054"},{"source":"3004","target":"3078"},{"source":"3004","target":"3104"},{"source":"3004","target":"3117"},{"source":"3004","target":"3226"},{"source":"3004","target":"3232"},{"source":"3004","target":"3284"},{"source":"3004","target":"3324"},{"source":"3004","target":"3362"},{"source":"3004","target":"3363"},{"source":"3004","target":"3399"},{"source":"3004","target":"3417"},{"source":"3004","target":"3426"},{"source":"3005","target":"3010"},{"source":"3005","target":"3011"},{"source":"3005","target":"3017"},{"source":"3005","target":"3027"},{"source":"3005","target":"3039"},{"source":"3005","target":"3057"},{"source":"3005","target":"3060"},{"source":"3005","target":"3072"},{"source":"3005","target":"3101"},{"source":"3005","target":"3111"},{"source":"3005","target":"3113"},{"source":"3005","target":"3118"},{"source":"3005","target":"3136"},{"source":"3005","target":"3145"},{"source":"3005","target":"3150"},{"source":"3005","target":"3151"},{"source":"3005","target":"3165"},{"source":"3005","target":"3172"},{"source":"3005","target":"3185"},{"source":"3005","target":"3198"},{"source":"3005","target":"3214"},{"source":"3005","target":"3254"},{"source":"3005","target":"3287"},{"source":"3005","target":"3292"},{"source":"3005","target":"3302"},{"source":"3005","target":"3320"},{"source":"3005","target":"3342"},{"source":"3005","target":"3343"},{"source":"3005","target":"3347"},{"source":"3005","target":"3366"},{"source":"3005","target":"3403"},{"source":"3005","target":"3411"},{"source":"3007","target":"3101"},{"source":"3007","target":"3154"},{"source":"3007","target":"3188"},{"source":"3007","target":"3191"},{"source":"3007","target":"3241"},{"source":"3007","target":"3247"},{"source":"3007","target":"3252"},{"source":"3007","target":"3344"},{"source":"3007","target":"3371"},{"source":"3007","target":"3412"},{"source":"3007","target":"3420"},{"source":"3007","target":"3434"},{"source":"3008","target":"3283"},{"source":"3008","target":"3309"},{"source":"3008","target":"3314"},{"source":"3008","target":"3318"},{"source":"3008","target":"3325"},{"source":"3008","target":"3382"},{"source":"3008","target":"3423"},{"source":"3009","target":"3027"},{"source":"3009","target":"3035"},{"source":"3009","target":"3082"},{"source":"3009","target":"3109"},{"source":"3009","target":"3116"},{"source":"3009","target":"3204"},{"source":"3009","target":"3206"},{"source":"3009","target":"3214"},{"source":"3009","target":"3279"},{"source":"3009","target":"3406"},{"source":"3010","target":"3025"},{"source":"3010","target":"3026"},{"source":"3010","target":"3030"},{"source":"3010","target":"3033"},{"source":"3010","target":"3036"},{"source":"3010","target":"3080"},{"source":"3010","target":"3090"},{"source":"3010","target":"3104"},{"source":"3010","target":"3137"},{"source":"3010","target":"3231"},{"source":"3010","target":"3269"},{"source":"3010","target":"3317"},{"source":"3010","target":"3333"},{"source":"3010","target":"3388"},{"source":"3010","target":"3390"},{"source":"3010","target":"3394"},{"source":"3011","target":"3019"},{"source":"3011","target":"3061"},{"source":"3011","target":"3076"},{"source":"3011","target":"3079"},{"source":"3011","target":"3081"},{"source":"3011","target":"3160"},{"source":"3011","target":"3179"},{"source":"3011","target":"3182"},{"source":"3011","target":"3196"},{"source":"3011","target":"3245"},{"source":"3011","target":"3254"},{"source":"3011","target":"3258"},{"source":"3011","target":"3262"},{"source":"3011","target":"3263"},{"source":"3011","target":"3287"},{"source":"3011","target":"3332"},{"source":"3011","target":"3350"},{"source":"3011","target":"3386"},{"source":"3011","target":"3396"},{"source":"3011","target":"3398"},{"source":"3011","target":"3411"},{"source":"3012","target":"3020"},{"source":"3012","target":"3028"},{"source":"3012","target":"3072"},{"source":"3012","target":"3155"},{"source":"3013","target":"3041"},{"source":"3013","target":"3046"},{"source":"3013","target":"3060"},{"source":"3013","target":"3109"},{"source":"3013","target":"3175"},{"source":"3013","target":"3188"},{"source":"3013","target":"3194"},{"source":"3013","target":"3209"},{"source":"3013","target":"3212"},{"source":"3013","target":"3260"},{"source":"3013","target":"3299"},{"source":"3013","target":"3345"},{"source":"3013","target":"3352"},{"source":"3013","target":"3360"},{"source":"3013","target":"3397"},{"source":"3014","target":"3026"},{"source":"3014","target":"3029"},{"source":"3014","target":"3052"},{"source":"3014","target":"3084"},{"source":"3014","target":"3090"},{"source":"3014","target":"3104"},{"source":"3014","target":"3149"},{"source":"3014","target":"3184"},{"source":"3014","target":"3232"},{"source":"3014","target":"3293"},{"source":"3014","target":"3303"},{"source":"3014","target":"3362"},{"source":"3014","target":"3364"},{"source":"3014","target":"3384"},{"source":"3014","target":"3387"},{"source":"3014","target":"3417"},{"source":"3015","target":"3107"},{"source":"3015","target":"3287"},{"source":"3015","target":"3329"},{"source":"3015","target":"3373"},{"source":"3016","target":"3075"},{"source":"3016","target":"3082"},{"source":"3016","target":"3113"},{"source":"3016","target":"3144"},{"source":"3016","target":"3154"},{"source":"3016","target":"3169"},{"source":"3016","target":"3171"},{"source":"3016","target":"3208"},{"source":"3016","target":"3214"},{"source":"3016","target":"3239"},{"source":"3016","target":"3252"},{"source":"3016","target":"3267"},{"source":"3016","target":"3270"},{"source":"3016","target":"3277"},{"source":"3016","target":"3416"},{"source":"3016","target":"3419"},{"source":"3017","target":"3027"},{"source":"3017","target":"3038"},{"source":"3017","target":"3051"},{"source":"3017","target":"3060"},{"source":"3017","target":"3076"},{"source":"3017","target":"3082"},{"source":"3017","target":"3093"},{"source":"3017","target":"3101"},{"source":"3017","target":"3111"},{"source":"3017","target":"3118"},{"source":"3017","target":"3145"},{"source":"3017","target":"3152"},{"source":"3017","target":"3172"},{"source":"3017","target":"3182"},{"source":"3017","target":"3185"},{"source":"3017","target":"3192"},{"source":"3017","target":"3198"},{"source":"3017","target":"3201"},{"source":"3017","target":"3224"},{"source":"3017","target":"3225"},{"source":"3017","target":"3258"},{"source":"3017","target":"3261"},{"source":"3017","target":"3274"},{"source":"3017","target":"3276"},{"source":"3017","target":"3281"},{"source":"3017","target":"3287"},{"source":"3017","target":"3291"},{"source":"3017","target":"3299"},{"source":"3017","target":"3320"},{"source":"3017","target":"3328"},{"source":"3017","target":"3330"},{"source":"3017","target":"3340"},{"source":"3017","target":"3353"},{"source":"3017","target":"3367"},{"source":"3017","target":"3377"},{"source":"3017","target":"3378"},{"source":"3017","target":"3385"},{"source":"3017","target":"3396"},{"source":"3017","target":"3397"},{"source":"3017","target":"3403"},{"source":"3017","target":"3422"},{"source":"3017","target":"3434"},{"source":"3018","target":"3019"},{"source":"3018","target":"3035"},{"source":"3018","target":"3086"},{"source":"3018","target":"3100"},{"source":"3018","target":"3103"},{"source":"3018","target":"3136"},{"source":"3018","target":"3154"},{"source":"3018","target":"3162"},{"source":"3018","target":"3168"},{"source":"3018","target":"3233"},{"source":"3018","target":"3248"},{"source":"3018","target":"3259"},{"source":"3018","target":"3277"},{"source":"3018","target":"3295"},{"source":"3018","target":"3307"},{"source":"3018","target":"3337"},{"source":"3018","target":"3346"},{"source":"3018","target":"3366"},{"source":"3018","target":"3412"},{"source":"3018","target":"3419"},{"source":"3019","target":"3024"},{"source":"3019","target":"3051"},{"source":"3019","target":"3062"},{"source":"3019","target":"3068"},{"source":"3019","target":"3076"},{"source":"3019","target":"3077"},{"source":"3019","target":"3079"},{"source":"3019","target":"3086"},{"source":"3019","target":"3100"},{"source":"3019","target":"3113"},{"source":"3019","target":"3118"},{"source":"3019","target":"3133"},{"source":"3019","target":"3154"},{"source":"3019","target":"3160"},{"source":"3019","target":"3162"},{"source":"3019","target":"3168"},{"source":"3019","target":"3176"},{"source":"3019","target":"3177"},{"source":"3019","target":"3186"},{"source":"3019","target":"3203"},{"source":"3019","target":"3207"},{"source":"3019","target":"3210"},{"source":"3019","target":"3233"},{"source":"3019","target":"3273"},{"source":"3019","target":"3285"},{"source":"3019","target":"3295"},{"source":"3019","target":"3306"},{"source":"3019","target":"3331"},{"source":"3019","target":"3346"},{"source":"3019","target":"3350"},{"source":"3019","target":"3356"},{"source":"3019","target":"3359"},{"source":"3019","target":"3366"},{"source":"3019","target":"3377"},{"source":"3019","target":"3379"},{"source":"3019","target":"3380"},{"source":"3019","target":"3386"},{"source":"3019","target":"3412"},{"source":"3019","target":"3415"},{"source":"3020","target":"3063"},{"source":"3020","target":"3072"},{"source":"3020","target":"3083"},{"source":"3020","target":"3117"},{"source":"3020","target":"3136"},{"source":"3020","target":"3196"},{"source":"3020","target":"3201"},{"source":"3020","target":"3205"},{"source":"3020","target":"3258"},{"source":"3020","target":"3263"},{"source":"3020","target":"3275"},{"source":"3020","target":"3340"},{"source":"3020","target":"3368"},{"source":"3020","target":"3412"},{"source":"3021","target":"3035"},{"source":"3021","target":"3049"},{"source":"3021","target":"3070"},{"source":"3021","target":"3082"},{"source":"3021","target":"3101"},{"source":"3021","target":"3102"},{"source":"3021","target":"3115"},{"source":"3021","target":"3116"},{"source":"3021","target":"3132"},{"source":"3021","target":"3146"},{"source":"3021","target":"3152"},{"source":"3021","target":"3169"},{"source":"3021","target":"3182"},{"source":"3021","target":"3201"},{"source":"3021","target":"3206"},{"source":"3021","target":"3239"},{"source":"3021","target":"3247"},{"source":"3021","target":"3252"},{"source":"3021","target":"3265"},{"source":"3021","target":"3277"},{"source":"3021","target":"3280"},{"source":"3021","target":"3288"},{"source":"3021","target":"3296"},{"source":"3021","target":"3297"},{"source":"3021","target":"3302"},{"source":"3021","target":"3316"},{"source":"3021","target":"3320"},{"source":"3021","target":"3332"},{"source":"3021","target":"3344"},{"source":"3021","target":"3351"},{"source":"3021","target":"3396"},{"source":"3021","target":"3397"},{"source":"3021","target":"3416"},{"source":"3021","target":"3419"},{"source":"3021","target":"3434"},{"source":"3022","target":"3025"},{"source":"3022","target":"3026"},{"source":"3022","target":"3033"},{"source":"3022","target":"3040"},{"source":"3022","target":"3047"},{"source":"3022","target":"3052"},{"source":"3022","target":"3054"},{"source":"3022","target":"3064"},{"source":"3022","target":"3078"},{"source":"3022","target":"3090"},{"source":"3022","target":"3096"},{"source":"3022","target":"3098"},{"source":"3022","target":"3108"},{"source":"3022","target":"3117"},{"source":"3022","target":"3142"},{"source":"3022","target":"3149"},{"source":"3022","target":"3166"},{"source":"3022","target":"3174"},{"source":"3022","target":"3184"},{"source":"3022","target":"3195"},{"source":"3022","target":"3226"},{"source":"3022","target":"3232"},{"source":"3022","target":"3284"},{"source":"3022","target":"3294"},{"source":"3022","target":"3339"},{"source":"3022","target":"3348"},{"source":"3022","target":"3362"},{"source":"3022","target":"3363"},{"source":"3022","target":"3387"},{"source":"3022","target":"3400"},{"source":"3022","target":"3426"},{"source":"3022","target":"3435"},{"source":"3023","target":"3052"},{"source":"3023","target":"3056"},{"source":"3023","target":"3184"},{"source":"3023","target":"3193"},{"source":"3023","target":"3213"},{"source":"3023","target":"3232"},{"source":"3023","target":"3234"},{"source":"3023","target":"3324"},{"source":"3023","target":"3363"},{"source":"3023","target":"3414"},{"source":"3024","target":"3051"},{"source":"3024","target":"3107"},{"source":"3024","target":"3133"},{"source":"3024","target":"3160"},{"source":"3024","target":"3225"},{"source":"3024","target":"3233"},{"source":"3024","target":"3302"},{"source":"3024","target":"3328"},{"source":"3024","target":"3366"},{"source":"3024","target":"3397"},{"source":"3025","target":"3026"},{"source":"3025","target":"3029"},{"source":"3025","target":"3036"},{"source":"3025","target":"3073"},{"source":"3025","target":"3080"},{"source":"3025","target":"3084"},{"source":"3025","target":"3090"},{"source":"3025","target":"3104"},{"source":"3025","target":"3114"},{"source":"3025","target":"3119"},{"source":"3025","target":"3123"},{"source":"3025","target":"3135"},{"source":"3025","target":"3137"},{"source":"3025","target":"3158"},{"source":"3025","target":"3166"},{"source":"3025","target":"3231"},{"source":"3025","target":"3238"},{"source":"3025","target":"3257"},{"source":"3025","target":"3362"},{"source":"3025","target":"3363"},{"source":"3025","target":"3394"},{"source":"3025","target":"3400"},{"source":"3025","target":"3426"},{"source":"3025","target":"3435"},{"source":"3026","target":"3033"},{"source":"3026","target":"3036"},{"source":"3026","target":"3047"},{"source":"3026","target":"3052"},{"source":"3026","target":"3078"},{"source":"3026","target":"3084"},{"source":"3026","target":"3090"},{"source":"3026","target":"3096"},{"source":"3026","target":"3098"},{"source":"3026","target":"3104"},{"source":"3026","target":"3114"},{"source":"3026","target":"3119"},{"source":"3026","target":"3123"},{"source":"3026","target":"3137"},{"source":"3026","target":"3139"},{"source":"3026","target":"3158"},{"source":"3026","target":"3166"},{"source":"3026","target":"3184"},{"source":"3026","target":"3195"},{"source":"3026","target":"3213"},{"source":"3026","target":"3226"},{"source":"3026","target":"3232"},{"source":"3026","target":"3234"},{"source":"3026","target":"3238"},{"source":"3026","target":"3257"},{"source":"3026","target":"3293"},{"source":"3026","target":"3301"},{"source":"3026","target":"3303"},{"source":"3026","target":"3324"},{"source":"3026","target":"3339"},{"source":"3026","target":"3348"},{"source":"3026","target":"3362"},{"source":"3026","target":"3363"},{"source":"3026","target":"3364"},{"source":"3026","target":"3384"},{"source":"3026","target":"3387"},{"source":"3026","target":"3400"},{"source":"3026","target":"3417"},{"source":"3026","target":"3426"},{"source":"3026","target":"3435"},{"source":"3027","target":"3038"},{"source":"3027","target":"3051"},{"source":"3027","target":"3072"},{"source":"3027","target":"3097"},{"source":"3027","target":"3101"},{"source":"3027","target":"3107"},{"source":"3027","target":"3113"},{"source":"3027","target":"3116"},{"source":"3027","target":"3117"},{"source":"3027","target":"3136"},{"source":"3027","target":"3140"},{"source":"3027","target":"3150"},{"source":"3027","target":"3152"},{"source":"3027","target":"3192"},{"source":"3027","target":"3198"},{"source":"3027","target":"3214"},{"source":"3027","target":"3217"},{"source":"3027","target":"3253"},{"source":"3027","target":"3274"},{"source":"3027","target":"3291"},{"source":"3027","target":"3292"},{"source":"3027","target":"3296"},{"source":"3027","target":"3302"},{"source":"3027","target":"3313"},{"source":"3027","target":"3326"},{"source":"3027","target":"3341"},{"source":"3027","target":"3347"},{"source":"3027","target":"3353"},{"source":"3027","target":"3366"},{"source":"3027","target":"3380"},{"source":"3027","target":"3395"},{"source":"3027","target":"3403"},{"source":"3028","target":"3063"},{"source":"3028","target":"3072"},{"source":"3028","target":"3155"},{"source":"3028","target":"3368"},{"source":"3029","target":"3073"},{"source":"3029","target":"3084"},{"source":"3029","target":"3085"},{"source":"3029","target":"3090"},{"source":"3029","target":"3104"},{"source":"3029","target":"3119"},{"source":"3029","target":"3129"},{"source":"3029","target":"3174"},{"source":"3029","target":"3220"},{"source":"3029","target":"3238"},{"source":"3029","target":"3257"},{"source":"3029","target":"3362"},{"source":"3029","target":"3363"},{"source":"3029","target":"3364"},{"source":"3029","target":"3384"},{"source":"3029","target":"3417"},{"source":"3029","target":"3433"},{"source":"3029","target":"3435"},{"source":"3030","target":"3080"},{"source":"3030","target":"3084"},{"source":"3030","target":"3231"},{"source":"3030","target":"3394"},{"source":"3032","target":"3140"},{"source":"3032","target":"3167"},{"source":"3032","target":"3187"},{"source":"3032","target":"3196"},{"source":"3032","target":"3236"},{"source":"3032","target":"3253"},{"source":"3032","target":"3255"},{"source":"3032","target":"3256"},{"source":"3032","target":"3259"},{"source":"3032","target":"3264"},{"source":"3032","target":"3365"},{"source":"3032","target":"3385"},{"source":"3032","target":"3397"},{"source":"3033","target":"3040"},{"source":"3033","target":"3052"},{"source":"3033","target":"3054"},{"source":"3033","target":"3056"},{"source":"3033","target":"3064"},{"source":"3033","target":"3065"},{"source":"3033","target":"3078"},{"source":"3033","target":"3080"},{"source":"3033","target":"3085"},{"source":"3033","target":"3096"},{"source":"3033","target":"3098"},{"source":"3033","target":"3108"},{"source":"3033","target":"3117"},{"source":"3033","target":"3119"},{"source":"3033","target":"3142"},{"source":"3033","target":"3149"},{"source":"3033","target":"3163"},{"source":"3033","target":"3174"},{"source":"3033","target":"3195"},{"source":"3033","target":"3226"},{"source":"3033","target":"3228"},{"source":"3033","target":"3232"},{"source":"3033","target":"3238"},{"source":"3033","target":"3250"},{"source":"3033","target":"3284"},{"source":"3033","target":"3304"},{"source":"3033","target":"3339"},{"source":"3033","target":"3348"},{"source":"3033","target":"3363"},{"source":"3033","target":"3364"},{"source":"3033","target":"3387"},{"source":"3033","target":"3390"},{"source":"3033","target":"3399"},{"source":"3033","target":"3426"},{"source":"3033","target":"3435"},{"source":"3034","target":"3038"},{"source":"3034","target":"3043"},{"source":"3034","target":"3067"},{"source":"3034","target":"3070"},{"source":"3034","target":"3072"},{"source":"3034","target":"3079"},{"source":"3034","target":"3082"},{"source":"3034","target":"3089"},{"source":"3034","target":"3101"},{"source":"3034","target":"3118"},{"source":"3034","target":"3152"},{"source":"3034","target":"3178"},{"source":"3034","target":"3217"},{"source":"3034","target":"3261"},{"source":"3034","target":"3263"},{"source":"3034","target":"3287"},{"source":"3034","target":"3312"},{"source":"3034","target":"3313"},{"source":"3034","target":"3319"},{"source":"3034","target":"3327"},{"source":"3034","target":"3342"},{"source":"3034","target":"3345"},{"source":"3034","target":"3360"},{"source":"3034","target":"3365"},{"source":"3034","target":"3366"},{"source":"3034","target":"3385"},{"source":"3034","target":"3397"},{"source":"3034","target":"3403"},{"source":"3034","target":"3406"},{"source":"3035","target":"3038"},{"source":"3035","target":"3049"},{"source":"3035","target":"3051"},{"source":"3035","target":"3070"},{"source":"3035","target":"3082"},{"source":"3035","target":"3101"},{"source":"3035","target":"3102"},{"source":"3035","target":"3113"},{"source":"3035","target":"3115"},{"source":"3035","target":"3116"},{"source":"3035","target":"3120"},{"source":"3035","target":"3132"},{"source":"3035","target":"3145"},{"source":"3035","target":"3146"},{"source":"3035","target":"3150"},{"source":"3035","target":"3152"},{"source":"3035","target":"3169"},{"source":"3035","target":"3179"},{"source":"3035","target":"3182"},{"source":"3035","target":"3185"},{"source":"3035","target":"3198"},{"source":"3035","target":"3201"},{"source":"3035","target":"3204"},{"source":"3035","target":"3206"},{"source":"3035","target":"3211"},{"source":"3035","target":"3235"},{"source":"3035","target":"3239"},{"source":"3035","target":"3247"},{"source":"3035","target":"3252"},{"source":"3035","target":"3265"},{"source":"3035","target":"3267"},{"source":"3035","target":"3277"},{"source":"3035","target":"3280"},{"source":"3035","target":"3288"},{"source":"3035","target":"3296"},{"source":"3035","target":"3297"},{"source":"3035","target":"3307"},{"source":"3035","target":"3316"},{"source":"3035","target":"3320"},{"source":"3035","target":"3330"},{"source":"3035","target":"3335"},{"source":"3035","target":"3344"},{"source":"3035","target":"3347"},{"source":"3035","target":"3351"},{"source":"3035","target":"3353"},{"source":"3035","target":"3355"},{"source":"3035","target":"3360"},{"source":"3035","target":"3378"},{"source":"3035","target":"3381"},{"source":"3035","target":"3391"},{"source":"3035","target":"3397"},{"source":"3035","target":"3416"},{"source":"3035","target":"3419"},{"source":"3035","target":"3434"},{"source":"3036","target":"3073"},{"source":"3036","target":"3080"},{"source":"3036","target":"3084"},{"source":"3036","target":"3090"},{"source":"3036","target":"3104"},{"source":"3036","target":"3114"},{"source":"3036","target":"3123"},{"source":"3036","target":"3137"},{"source":"3036","target":"3166"},{"source":"3036","target":"3231"},{"source":"3036","target":"3304"},{"source":"3036","target":"3363"},{"source":"3036","target":"3364"},{"source":"3036","target":"3387"},{"source":"3036","target":"3394"},{"source":"3036","target":"3400"},{"source":"3038","target":"3049"},{"source":"3038","target":"3051"},{"source":"3038","target":"3060"},{"source":"3038","target":"3075"},{"source":"3038","target":"3081"},{"source":"3038","target":"3082"},{"source":"3038","target":"3089"},{"source":"3038","target":"3093"},{"source":"3038","target":"3101"},{"source":"3038","target":"3106"},{"source":"3038","target":"3116"},{"source":"3038","target":"3120"},{"source":"3038","target":"3140"},{"source":"3038","target":"3150"},{"source":"3038","target":"3152"},{"source":"3038","target":"3154"},{"source":"3038","target":"3177"},{"source":"3038","target":"3197"},{"source":"3038","target":"3198"},{"source":"3038","target":"3203"},{"source":"3038","target":"3204"},{"source":"3038","target":"3209"},{"source":"3038","target":"3212"},{"source":"3038","target":"3224"},{"source":"3038","target":"3240"},{"source":"3038","target":"3247"},{"source":"3038","target":"3252"},{"source":"3038","target":"3258"},{"source":"3038","target":"3260"},{"source":"3038","target":"3274"},{"source":"3038","target":"3277"},{"source":"3038","target":"3288"},{"source":"3038","target":"3291"},{"source":"3038","target":"3297"},{"source":"3038","target":"3299"},{"source":"3038","target":"3302"},{"source":"3038","target":"3319"},{"source":"3038","target":"3320"},{"source":"3038","target":"3321"},{"source":"3038","target":"3330"},{"source":"3038","target":"3335"},{"source":"3038","target":"3342"},{"source":"3038","target":"3344"},{"source":"3038","target":"3345"},{"source":"3038","target":"3351"},{"source":"3038","target":"3353"},{"source":"3038","target":"3355"},{"source":"3038","target":"3360"},{"source":"3038","target":"3380"},{"source":"3038","target":"3386"},{"source":"3038","target":"3391"},{"source":"3038","target":"3395"},{"source":"3038","target":"3397"},{"source":"3038","target":"3406"},{"source":"3038","target":"3421"},{"source":"3038","target":"3434"},{"source":"3039","target":"3076"},{"source":"3039","target":"3111"},{"source":"3039","target":"3172"},{"source":"3039","target":"3185"},{"source":"3039","target":"3199"},{"source":"3039","target":"3225"},{"source":"3039","target":"3261"},{"source":"3039","target":"3274"},{"source":"3039","target":"3287"},{"source":"3039","target":"3320"},{"source":"3039","target":"3377"},{"source":"3039","target":"3378"},{"source":"3039","target":"3396"},{"source":"3039","target":"3403"},{"source":"3039","target":"3422"},{"source":"3040","target":"3047"},{"source":"3040","target":"3064"},{"source":"3040","target":"3065"},{"source":"3040","target":"3090"},{"source":"3040","target":"3096"},{"source":"3040","target":"3098"},{"source":"3040","target":"3108"},{"source":"3040","target":"3117"},{"source":"3040","target":"3142"},{"source":"3040","target":"3149"},{"source":"3040","target":"3174"},{"source":"3040","target":"3195"},{"source":"3040","target":"3226"},{"source":"3040","target":"3232"},{"source":"3040","target":"3284"},{"source":"3040","target":"3339"},{"source":"3040","target":"3348"},{"source":"3040","target":"3362"},{"source":"3040","target":"3387"},{"source":"3040","target":"3399"},{"source":"3040","target":"3426"},{"source":"3041","target":"3046"},{"source":"3041","target":"3058"},{"source":"3041","target":"3089"},{"source":"3041","target":"3101"},{"source":"3041","target":"3140"},{"source":"3041","target":"3188"},{"source":"3041","target":"3194"},{"source":"3041","target":"3209"},{"source":"3041","target":"3240"},{"source":"3041","target":"3299"},{"source":"3041","target":"3326"},{"source":"3041","target":"3345"},{"source":"3041","target":"3352"},{"source":"3041","target":"3360"},{"source":"3042","target":"3090"},{"source":"3042","target":"3095"},{"source":"3042","target":"3114"},{"source":"3042","target":"3137"},{"source":"3042","target":"3237"},{"source":"3042","target":"3257"},{"source":"3042","target":"3303"},{"source":"3042","target":"3417"},{"source":"3042","target":"3426"},{"source":"3042","target":"3428"},{"source":"3043","target":"3093"},{"source":"3043","target":"3097"},{"source":"3043","target":"3110"},{"source":"3043","target":"3248"},{"source":"3043","target":"3313"},{"source":"3043","target":"3357"},{"source":"3043","target":"3360"},{"source":"3043","target":"3369"},{"source":"3044","target":"3119"},{"source":"3044","target":"3232"},{"source":"3045","target":"3059"},{"source":"3045","target":"3269"},{"source":"3045","target":"3300"},{"source":"3046","target":"3058"},{"source":"3046","target":"3076"},{"source":"3046","target":"3089"},{"source":"3046","target":"3106"},{"source":"3046","target":"3109"},{"source":"3046","target":"3140"},{"source":"3046","target":"3146"},{"source":"3046","target":"3188"},{"source":"3046","target":"3209"},{"source":"3046","target":"3212"},{"source":"3046","target":"3248"},{"source":"3046","target":"3260"},{"source":"3046","target":"3299"},{"source":"3046","target":"3319"},{"source":"3046","target":"3345"},{"source":"3046","target":"3352"},{"source":"3046","target":"3360"},{"source":"3046","target":"3393"},{"source":"3046","target":"3406"},{"source":"3046","target":"3434"},{"source":"3047","target":"3064"},{"source":"3047","target":"3078"},{"source":"3047","target":"3090"},{"source":"3047","target":"3096"},{"source":"3047","target":"3098"},{"source":"3047","target":"3142"},{"source":"3047","target":"3149"},{"source":"3047","target":"3226"},{"source":"3047","target":"3232"},{"source":"3047","target":"3339"},{"source":"3047","target":"3348"},{"source":"3047","target":"3384"},{"source":"3047","target":"3387"},{"source":"3047","target":"3417"},{"source":"3047","target":"3426"},{"source":"3048","target":"3138"},{"source":"3048","target":"3178"},{"source":"3048","target":"3185"},{"source":"3048","target":"3208"},{"source":"3048","target":"3276"},{"source":"3048","target":"3342"},{"source":"3048","target":"3374"},{"source":"3048","target":"3431"},{"source":"3049","target":"3070"},{"source":"3049","target":"3078"},{"source":"3049","target":"3082"},{"source":"3049","target":"3097"},{"source":"3049","target":"3101"},{"source":"3049","target":"3102"},{"source":"3049","target":"3106"},{"source":"3049","target":"3113"},{"source":"3049","target":"3115"},{"source":"3049","target":"3116"},{"source":"3049","target":"3120"},{"source":"3049","target":"3132"},{"source":"3049","target":"3146"},{"source":"3049","target":"3150"},{"source":"3049","target":"3152"},{"source":"3049","target":"3169"},{"source":"3049","target":"3179"},{"source":"3049","target":"3185"},{"source":"3049","target":"3188"},{"source":"3049","target":"3201"},{"source":"3049","target":"3206"},{"source":"3049","target":"3239"},{"source":"3049","target":"3247"},{"source":"3049","target":"3252"},{"source":"3049","target":"3265"},{"source":"3049","target":"3267"},{"source":"3049","target":"3277"},{"source":"3049","target":"3280"},{"source":"3049","target":"3291"},{"source":"3049","target":"3296"},{"source":"3049","target":"3297"},{"source":"3049","target":"3316"},{"source":"3049","target":"3330"},{"source":"3049","target":"3335"},{"source":"3049","target":"3344"},{"source":"3049","target":"3347"},{"source":"3049","target":"3350"},{"source":"3049","target":"3351"},{"source":"3049","target":"3381"},{"source":"3049","target":"3391"},{"source":"3049","target":"3397"},{"source":"3049","target":"3411"},{"source":"3049","target":"3416"},{"source":"3049","target":"3419"},{"source":"3049","target":"3434"},{"source":"3050","target":"3171"},{"source":"3050","target":"3214"},{"source":"3050","target":"3256"},{"source":"3050","target":"3296"},{"source":"3050","target":"3312"},{"source":"3050","target":"3335"},{"source":"3051","target":"3060"},{"source":"3051","target":"3075"},{"source":"3051","target":"3082"},{"source":"3051","target":"3101"},{"source":"3051","target":"3102"},{"source":"3051","target":"3106"},{"source":"3051","target":"3113"},{"source":"3051","target":"3116"},{"source":"3051","target":"3132"},{"source":"3051","target":"3140"},{"source":"3051","target":"3145"},{"source":"3051","target":"3152"},{"source":"3051","target":"3154"},{"source":"3051","target":"3160"},{"source":"3051","target":"3162"},{"source":"3051","target":"3168"},{"source":"3051","target":"3170"},{"source":"3051","target":"3172"},{"source":"3051","target":"3182"},{"source":"3051","target":"3185"},{"source":"3051","target":"3186"},{"source":"3051","target":"3198"},{"source":"3051","target":"3201"},{"source":"3051","target":"3204"},{"source":"3051","target":"3224"},{"source":"3051","target":"3240"},{"source":"3051","target":"3252"},{"source":"3051","target":"3260"},{"source":"3051","target":"3261"},{"source":"3051","target":"3267"},{"source":"3051","target":"3274"},{"source":"3051","target":"3277"},{"source":"3051","target":"3280"},{"source":"3051","target":"3287"},{"source":"3051","target":"3288"},{"source":"3051","target":"3291"},{"source":"3051","target":"3296"},{"source":"3051","target":"3298"},{"source":"3051","target":"3299"},{"source":"3051","target":"3320"},{"source":"3051","target":"3321"},{"source":"3051","target":"3330"},{"source":"3051","target":"3332"},{"source":"3051","target":"3344"},{"source":"3051","target":"3347"},{"source":"3051","target":"3350"},{"source":"3051","target":"3351"},{"source":"3051","target":"3353"},{"source":"3051","target":"3355"},{"source":"3051","target":"3373"},{"source":"3051","target":"3378"},{"source":"3051","target":"3381"},{"source":"3051","target":"3386"},{"source":"3051","target":"3396"},{"source":"3051","target":"3397"},{"source":"3051","target":"3406"},{"source":"3051","target":"3419"},{"source":"3051","target":"3434"},{"source":"3052","target":"3090"},{"source":"3052","target":"3104"},{"source":"3052","target":"3149"},{"source":"3052","target":"3184"},{"source":"3052","target":"3193"},{"source":"3052","target":"3202"},{"source":"3052","target":"3226"},{"source":"3052","target":"3232"},{"source":"3052","target":"3234"},{"source":"3052","target":"3237"},{"source":"3052","target":"3286"},{"source":"3052","target":"3294"},{"source":"3052","target":"3303"},{"source":"3052","target":"3315"},{"source":"3052","target":"3324"},{"source":"3052","target":"3348"},{"source":"3052","target":"3362"},{"source":"3052","target":"3384"},{"source":"3052","target":"3387"},{"source":"3052","target":"3388"},{"source":"3053","target":"3105"},{"source":"3053","target":"3122"},{"source":"3053","target":"3141"},{"source":"3053","target":"3200"},{"source":"3053","target":"3216"},{"source":"3053","target":"3218"},{"source":"3053","target":"3354"},{"source":"3054","target":"3056"},{"source":"3054","target":"3064"},{"source":"3054","target":"3065"},{"source":"3054","target":"3078"},{"source":"3054","target":"3084"},{"source":"3054","target":"3085"},{"source":"3054","target":"3096"},{"source":"3054","target":"3114"},{"source":"3054","target":"3119"},{"source":"3054","target":"3149"},{"source":"3054","target":"3153"},{"source":"3054","target":"3174"},{"source":"3054","target":"3184"},{"source":"3054","target":"3195"},{"source":"3054","target":"3226"},{"source":"3054","target":"3228"},{"source":"3054","target":"3232"},{"source":"3054","target":"3243"},{"source":"3054","target":"3284"},{"source":"3054","target":"3303"},{"source":"3054","target":"3315"},{"source":"3054","target":"3324"},{"source":"3054","target":"3348"},{"source":"3054","target":"3363"},{"source":"3054","target":"3387"},{"source":"3054","target":"3399"},{"source":"3054","target":"3426"},{"source":"3054","target":"3433"},{"source":"3055","target":"3074"},{"source":"3055","target":"3127"},{"source":"3055","target":"3147"},{"source":"3056","target":"3065"},{"source":"3056","target":"3073"},{"source":"3056","target":"3078"},{"source":"3056","target":"3085"},{"source":"3056","target":"3096"},{"source":"3056","target":"3098"},{"source":"3056","target":"3117"},{"source":"3056","target":"3129"},{"source":"3056","target":"3135"},{"source":"3056","target":"3184"},{"source":"3056","target":"3193"},{"source":"3056","target":"3195"},{"source":"3056","target":"3220"},{"source":"3056","target":"3226"},{"source":"3056","target":"3228"},{"source":"3056","target":"3232"},{"source":"3056","target":"3284"},{"source":"3056","target":"3286"},{"source":"3056","target":"3301"},{"source":"3056","target":"3304"},{"source":"3056","target":"3348"},{"source":"3056","target":"3363"},{"source":"3056","target":"3387"},{"source":"3056","target":"3426"},{"source":"3056","target":"3433"},{"source":"3057","target":"3061"},{"source":"3057","target":"3164"},{"source":"3057","target":"3222"},{"source":"3057","target":"3263"},{"source":"3057","target":"3278"},{"source":"3057","target":"3396"},{"source":"3057","target":"3432"},{"source":"3058","target":"3188"},{"source":"3058","target":"3209"},{"source":"3058","target":"3212"},{"source":"3058","target":"3299"},{"source":"3058","target":"3345"},{"source":"3058","target":"3352"},{"source":"3058","target":"3360"},{"source":"3059","target":"3300"},{"source":"3060","target":"3076"},{"source":"3060","target":"3079"},{"source":"3060","target":"3082"},{"source":"3060","target":"3101"},{"source":"3060","target":"3102"},{"source":"3060","target":"3111"},{"source":"3060","target":"3112"},{"source":"3060","target":"3113"},{"source":"3060","target":"3116"},{"source":"3060","target":"3132"},{"source":"3060","target":"3140"},{"source":"3060","target":"3145"},{"source":"3060","target":"3150"},{"source":"3060","target":"3152"},{"source":"3060","target":"3172"},{"source":"3060","target":"3179"},{"source":"3060","target":"3182"},{"source":"3060","target":"3185"},{"source":"3060","target":"3199"},{"source":"3060","target":"3201"},{"source":"3060","target":"3209"},{"source":"3060","target":"3258"},{"source":"3060","target":"3260"},{"source":"3060","target":"3272"},{"source":"3060","target":"3280"},{"source":"3060","target":"3287"},{"source":"3060","target":"3291"},{"source":"3060","target":"3298"},{"source":"3060","target":"3320"},{"source":"3060","target":"3328"},{"source":"3060","target":"3330"},{"source":"3060","target":"3332"},{"source":"3060","target":"3347"},{"source":"3060","target":"3350"},{"source":"3060","target":"3360"},{"source":"3060","target":"3367"},{"source":"3060","target":"3378"},{"source":"3060","target":"3381"},{"source":"3060","target":"3396"},{"source":"3060","target":"3397"},{"source":"3060","target":"3403"},{"source":"3060","target":"3411"},{"source":"3061","target":"3081"},{"source":"3061","target":"3263"},{"source":"3061","target":"3266"},{"source":"3061","target":"3308"},{"source":"3061","target":"3398"},{"source":"3061","target":"3405"},{"source":"3062","target":"3069"},{"source":"3062","target":"3100"},{"source":"3062","target":"3154"},{"source":"3062","target":"3162"},{"source":"3062","target":"3168"},{"source":"3062","target":"3177"},{"source":"3062","target":"3219"},{"source":"3062","target":"3233"},{"source":"3062","target":"3289"},{"source":"3062","target":"3295"},{"source":"3062","target":"3306"},{"source":"3062","target":"3331"},{"source":"3062","target":"3343"},{"source":"3062","target":"3366"},{"source":"3062","target":"3373"},{"source":"3062","target":"3395"},{"source":"3063","target":"3072"},{"source":"3063","target":"3155"},{"source":"3063","target":"3368"},{"source":"3064","target":"3065"},{"source":"3064","target":"3078"},{"source":"3064","target":"3096"},{"source":"3064","target":"3098"},{"source":"3064","target":"3108"},{"source":"3064","target":"3142"},{"source":"3064","target":"3149"},{"source":"3064","target":"3163"},{"source":"3064","target":"3174"},{"source":"3064","target":"3195"},{"source":"3064","target":"3226"},{"source":"3064","target":"3232"},{"source":"3064","target":"3284"},{"source":"3064","target":"3339"},{"source":"3064","target":"3348"},{"source":"3064","target":"3363"},{"source":"3064","target":"3399"},{"source":"3064","target":"3426"},{"source":"3065","target":"3078"},{"source":"3065","target":"3085"},{"source":"3065","target":"3096"},{"source":"3065","target":"3108"},{"source":"3065","target":"3174"},{"source":"3065","target":"3184"},{"source":"3065","target":"3195"},{"source":"3065","target":"3226"},{"source":"3065","target":"3228"},{"source":"3065","target":"3232"},{"source":"3065","target":"3284"},{"source":"3065","target":"3301"},{"source":"3065","target":"3362"},{"source":"3065","target":"3363"},{"source":"3065","target":"3387"},{"source":"3065","target":"3399"},{"source":"3065","target":"3433"},{"source":"3066","target":"3072"},{"source":"3066","target":"3083"},{"source":"3066","target":"3126"},{"source":"3066","target":"3128"},{"source":"3066","target":"3155"},{"source":"3066","target":"3322"},{"source":"3066","target":"3336"},{"source":"3067","target":"3079"},{"source":"3067","target":"3089"},{"source":"3067","target":"3157"},{"source":"3067","target":"3164"},{"source":"3067","target":"3189"},{"source":"3067","target":"3261"},{"source":"3067","target":"3327"},{"source":"3068","target":"3086"},{"source":"3068","target":"3154"},{"source":"3068","target":"3162"},{"source":"3068","target":"3168"},{"source":"3068","target":"3176"},{"source":"3068","target":"3366"},{"source":"3068","target":"3412"},{"source":"3068","target":"3415"},{"source":"3069","target":"3088"},{"source":"3069","target":"3140"},{"source":"3069","target":"3154"},{"source":"3069","target":"3162"},{"source":"3069","target":"3168"},{"source":"3069","target":"3191"},{"source":"3069","target":"3334"},{"source":"3069","target":"3366"},{"source":"3069","target":"3397"},{"source":"3070","target":"3082"},{"source":"3070","target":"3101"},{"source":"3070","target":"3106"},{"source":"3070","target":"3116"},{"source":"3070","target":"3120"},{"source":"3070","target":"3132"},{"source":"3070","target":"3140"},{"source":"3070","target":"3146"},{"source":"3070","target":"3150"},{"source":"3070","target":"3152"},{"source":"3070","target":"3154"},{"source":"3070","target":"3169"},{"source":"3070","target":"3198"},{"source":"3070","target":"3201"},{"source":"3070","target":"3206"},{"source":"3070","target":"3239"},{"source":"3070","target":"3240"},{"source":"3070","target":"3247"},{"source":"3070","target":"3252"},{"source":"3070","target":"3265"},{"source":"3070","target":"3267"},{"source":"3070","target":"3277"},{"source":"3070","target":"3297"},{"source":"3070","target":"3302"},{"source":"3070","target":"3316"},{"source":"3070","target":"3330"},{"source":"3070","target":"3344"},{"source":"3070","target":"3350"},{"source":"3070","target":"3351"},{"source":"3070","target":"3355"},{"source":"3070","target":"3386"},{"source":"3070","target":"3391"},{"source":"3070","target":"3397"},{"source":"3070","target":"3416"},{"source":"3070","target":"3434"},{"source":"3072","target":"3086"},{"source":"3072","target":"3097"},{"source":"3072","target":"3101"},{"source":"3072","target":"3118"},{"source":"3072","target":"3150"},{"source":"3072","target":"3152"},{"source":"3072","target":"3155"},{"source":"3072","target":"3192"},{"source":"3072","target":"3211"},{"source":"3072","target":"3212"},{"source":"3072","target":"3214"},{"source":"3072","target":"3248"},{"source":"3072","target":"3253"},{"source":"3072","target":"3263"},{"source":"3072","target":"3287"},{"source":"3072","target":"3302"},{"source":"3072","target":"3305"},{"source":"3072","target":"3329"},{"source":"3072","target":"3342"},{"source":"3072","target":"3353"},{"source":"3072","target":"3368"},{"source":"3072","target":"3385"},{"source":"3072","target":"3403"},{"source":"3073","target":"3078"},{"source":"3073","target":"3114"},{"source":"3073","target":"3119"},{"source":"3073","target":"3135"},{"source":"3073","target":"3137"},{"source":"3073","target":"3158"},{"source":"3073","target":"3163"},{"source":"3073","target":"3220"},{"source":"3073","target":"3232"},{"source":"3073","target":"3284"},{"source":"3073","target":"3293"},{"source":"3073","target":"3363"},{"source":"3073","target":"3417"},{"source":"3073","target":"3433"},{"source":"3074","target":"3127"},{"source":"3074","target":"3147"},{"source":"3075","target":"3097"},{"source":"3075","target":"3198"},{"source":"3075","target":"3313"},{"source":"3075","target":"3323"},{"source":"3075","target":"3357"},{"source":"3075","target":"3397"},{"source":"3076","target":"3079"},{"source":"3076","target":"3082"},{"source":"3076","target":"3101"},{"source":"3076","target":"3111"},{"source":"3076","target":"3113"},{"source":"3076","target":"3115"},{"source":"3076","target":"3116"},{"source":"3076","target":"3132"},{"source":"3076","target":"3136"},{"source":"3076","target":"3145"},{"source":"3076","target":"3150"},{"source":"3076","target":"3152"},{"source":"3076","target":"3172"},{"source":"3076","target":"3179"},{"source":"3076","target":"3182"},{"source":"3076","target":"3185"},{"source":"3076","target":"3199"},{"source":"3076","target":"3201"},{"source":"3076","target":"3204"},{"source":"3076","target":"3206"},{"source":"3076","target":"3225"},{"source":"3076","target":"3258"},{"source":"3076","target":"3261"},{"source":"3076","target":"3262"},{"source":"3076","target":"3272"},{"source":"3076","target":"3274"},{"source":"3076","target":"3279"},{"source":"3076","target":"3280"},{"source":"3076","target":"3281"},{"source":"3076","target":"3287"},{"source":"3076","target":"3289"},{"source":"3076","target":"3291"},{"source":"3076","target":"3296"},{"source":"3076","target":"3298"},{"source":"3076","target":"3313"},{"source":"3076","target":"3320"},{"source":"3076","target":"3332"},{"source":"3076","target":"3347"},{"source":"3076","target":"3350"},{"source":"3076","target":"3353"},{"source":"3076","target":"3367"},{"source":"3076","target":"3377"},{"source":"3076","target":"3378"},{"source":"3076","target":"3381"},{"source":"3076","target":"3396"},{"source":"3076","target":"3397"},{"source":"3076","target":"3403"},{"source":"3076","target":"3411"},{"source":"3076","target":"3422"},{"source":"3076","target":"3434"},{"source":"3077","target":"3086"},{"source":"3077","target":"3091"},{"source":"3077","target":"3103"},{"source":"3077","target":"3118"},{"source":"3077","target":"3125"},{"source":"3077","target":"3154"},{"source":"3077","target":"3162"},{"source":"3077","target":"3168"},{"source":"3077","target":"3176"},{"source":"3077","target":"3177"},{"source":"3077","target":"3203"},{"source":"3077","target":"3207"},{"source":"3077","target":"3223"},{"source":"3077","target":"3233"},{"source":"3077","target":"3241"},{"source":"3077","target":"3244"},{"source":"3077","target":"3253"},{"source":"3077","target":"3263"},{"source":"3077","target":"3273"},{"source":"3077","target":"3285"},{"source":"3077","target":"3295"},{"source":"3077","target":"3342"},{"source":"3077","target":"3356"},{"source":"3077","target":"3361"},{"source":"3077","target":"3366"},{"source":"3077","target":"3371"},{"source":"3077","target":"3373"},{"source":"3077","target":"3410"},{"source":"3077","target":"3412"},{"source":"3077","target":"3415"},{"source":"3077","target":"3420"},{"source":"3078","target":"3085"},{"source":"3078","target":"3090"},{"source":"3078","target":"3096"},{"source":"3078","target":"3098"},{"source":"3078","target":"3104"},{"source":"3078","target":"3108"},{"source":"3078","target":"3117"},{"source":"3078","target":"3129"},{"source":"3078","target":"3142"},{"source":"3078","target":"3149"},{"source":"3078","target":"3174"},{"source":"3078","target":"3195"},{"source":"3078","target":"3226"},{"source":"3078","target":"3232"},{"source":"3078","target":"3250"},{"source":"3078","target":"3284"},{"source":"3078","target":"3293"},{"source":"3078","target":"3301"},{"source":"3078","target":"3339"},{"source":"3078","target":"3348"},{"source":"3078","target":"3363"},{"source":"3078","target":"3364"},{"source":"3078","target":"3384"},{"source":"3078","target":"3387"},{"source":"3078","target":"3426"},{"source":"3078","target":"3435"},{"source":"3079","target":"3160"},{"source":"3079","target":"3172"},{"source":"3079","target":"3179"},{"source":"3079","target":"3182"},{"source":"3079","target":"3258"},{"source":"3079","target":"3262"},{"source":"3079","target":"3288"},{"source":"3079","target":"3320"},{"source":"3079","target":"3332"},{"source":"3079","target":"3350"},{"source":"3079","target":"3351"},{"source":"3079","target":"3386"},{"source":"3079","target":"3396"},{"source":"3079","target":"3411"},{"source":"3079","target":"3434"},{"source":"3080","target":"3090"},{"source":"3080","target":"3104"},{"source":"3080","target":"3137"},{"source":"3080","target":"3231"},{"source":"3080","target":"3269"},{"source":"3080","target":"3317"},{"source":"3080","target":"3333"},{"source":"3080","target":"3363"},{"source":"3080","target":"3388"},{"source":"3080","target":"3390"},{"source":"3080","target":"3394"},{"source":"3080","target":"3400"},{"source":"3081","target":"3138"},{"source":"3081","target":"3196"},{"source":"3081","target":"3208"},{"source":"3081","target":"3259"},{"source":"3081","target":"3263"},{"source":"3081","target":"3266"},{"source":"3081","target":"3308"},{"source":"3081","target":"3341"},{"source":"3081","target":"3365"},{"source":"3081","target":"3398"},{"source":"3081","target":"3405"},{"source":"3082","target":"3101"},{"source":"3082","target":"3106"},{"source":"3082","target":"3113"},{"source":"3082","target":"3115"},{"source":"3082","target":"3116"},{"source":"3082","target":"3120"},{"source":"3082","target":"3132"},{"source":"3082","target":"3140"},{"source":"3082","target":"3145"},{"source":"3082","target":"3146"},{"source":"3082","target":"3148"},{"source":"3082","target":"3150"},{"source":"3082","target":"3152"},{"source":"3082","target":"3169"},{"source":"3082","target":"3172"},{"source":"3082","target":"3182"},{"source":"3082","target":"3185"},{"source":"3082","target":"3191"},{"source":"3082","target":"3198"},{"source":"3082","target":"3201"},{"source":"3082","target":"3203"},{"source":"3082","target":"3204"},{"source":"3082","target":"3206"},{"source":"3082","target":"3224"},{"source":"3082","target":"3239"},{"source":"3082","target":"3240"},{"source":"3082","target":"3247"},{"source":"3082","target":"3252"},{"source":"3082","target":"3260"},{"source":"3082","target":"3265"},{"source":"3082","target":"3267"},{"source":"3082","target":"3272"},{"source":"3082","target":"3277"},{"source":"3082","target":"3280"},{"source":"3082","target":"3291"},{"source":"3082","target":"3297"},{"source":"3082","target":"3299"},{"source":"3082","target":"3306"},{"source":"3082","target":"3316"},{"source":"3082","target":"3320"},{"source":"3082","target":"3321"},{"source":"3082","target":"3330"},{"source":"3082","target":"3332"},{"source":"3082","target":"3335"},{"source":"3082","target":"3342"},{"source":"3082","target":"3344"},{"source":"3082","target":"3345"},{"source":"3082","target":"3347"},{"source":"3082","target":"3350"},{"source":"3082","target":"3351"},{"source":"3082","target":"3355"},{"source":"3082","target":"3357"},{"source":"3082","target":"3378"},{"source":"3082","target":"3381"},{"source":"3082","target":"3386"},{"source":"3082","target":"3391"},{"source":"3082","target":"3396"},{"source":"3082","target":"3397"},{"source":"3082","target":"3406"},{"source":"3082","target":"3409"},{"source":"3082","target":"3411"},{"source":"3082","target":"3416"},{"source":"3082","target":"3419"},{"source":"3082","target":"3421"},{"source":"3082","target":"3434"},{"source":"3083","target":"3126"},{"source":"3083","target":"3128"},{"source":"3083","target":"3322"},{"source":"3084","target":"3090"},{"source":"3084","target":"3104"},{"source":"3084","target":"3114"},{"source":"3084","target":"3119"},{"source":"3084","target":"3123"},{"source":"3084","target":"3130"},{"source":"3084","target":"3137"},{"source":"3084","target":"3149"},{"source":"3084","target":"3158"},{"source":"3084","target":"3166"},{"source":"3084","target":"3232"},{"source":"3084","target":"3238"},{"source":"3084","target":"3243"},{"source":"3084","target":"3257"},{"source":"3084","target":"3293"},{"source":"3084","target":"3300"},{"source":"3084","target":"3324"},{"source":"3084","target":"3339"},{"source":"3084","target":"3362"},{"source":"3084","target":"3364"},{"source":"3084","target":"3384"},{"source":"3084","target":"3387"},{"source":"3084","target":"3400"},{"source":"3084","target":"3417"},{"source":"3084","target":"3426"},{"source":"3084","target":"3433"},{"source":"3084","target":"3435"},{"source":"3085","target":"3108"},{"source":"3085","target":"3129"},{"source":"3085","target":"3193"},{"source":"3085","target":"3228"},{"source":"3085","target":"3232"},{"source":"3085","target":"3238"},{"source":"3085","target":"3250"},{"source":"3085","target":"3284"},{"source":"3085","target":"3304"},{"source":"3085","target":"3348"},{"source":"3085","target":"3363"},{"source":"3086","target":"3103"},{"source":"3086","target":"3136"},{"source":"3086","target":"3154"},{"source":"3086","target":"3162"},{"source":"3086","target":"3168"},{"source":"3086","target":"3176"},{"source":"3086","target":"3177"},{"source":"3086","target":"3207"},{"source":"3086","target":"3233"},{"source":"3086","target":"3241"},{"source":"3086","target":"3263"},{"source":"3086","target":"3285"},{"source":"3086","target":"3295"},{"source":"3086","target":"3346"},{"source":"3086","target":"3356"},{"source":"3086","target":"3366"},{"source":"3086","target":"3371"},{"source":"3086","target":"3379"},{"source":"3086","target":"3410"},{"source":"3086","target":"3412"},{"source":"3086","target":"3420"},{"source":"3087","target":"3107"},{"source":"3087","target":"3136"},{"source":"3087","target":"3187"},{"source":"3087","target":"3196"},{"source":"3087","target":"3219"},{"source":"3087","target":"3236"},{"source":"3087","target":"3249"},{"source":"3087","target":"3253"},{"source":"3087","target":"3255"},{"source":"3087","target":"3256"},{"source":"3087","target":"3264"},{"source":"3087","target":"3289"},{"source":"3087","target":"3296"},{"source":"3087","target":"3299"},{"source":"3087","target":"3313"},{"source":"3087","target":"3321"},{"source":"3087","target":"3327"},{"source":"3087","target":"3337"},{"source":"3087","target":"3338"},{"source":"3087","target":"3358"},{"source":"3087","target":"3365"},{"source":"3087","target":"3369"},{"source":"3087","target":"3385"},{"source":"3087","target":"3395"},{"source":"3087","target":"3404"},{"source":"3087","target":"3406"},{"source":"3087","target":"3427"},{"source":"3088","target":"3116"},{"source":"3088","target":"3208"},{"source":"3088","target":"3272"},{"source":"3088","target":"3280"},{"source":"3088","target":"3291"},{"source":"3088","target":"3298"},{"source":"3089","target":"3101"},{"source":"3089","target":"3106"},{"source":"3089","target":"3109"},{"source":"3089","target":"3116"},{"source":"3089","target":"3118"},{"source":"3089","target":"3120"},{"source":"3089","target":"3160"},{"source":"3089","target":"3188"},{"source":"3089","target":"3194"},{"source":"3089","target":"3209"},{"source":"3089","target":"3212"},{"source":"3089","target":"3240"},{"source":"3089","target":"3252"},{"source":"3089","target":"3260"},{"source":"3089","target":"3263"},{"source":"3089","target":"3287"},{"source":"3089","target":"3299"},{"source":"3089","target":"3319"},{"source":"3089","target":"3321"},{"source":"3089","target":"3332"},{"source":"3089","target":"3344"},{"source":"3089","target":"3345"},{"source":"3089","target":"3355"},{"source":"3089","target":"3360"},{"source":"3089","target":"3393"},{"source":"3089","target":"3397"},{"source":"3089","target":"3403"},{"source":"3089","target":"3406"},{"source":"3090","target":"3104"},{"source":"3090","target":"3114"},{"source":"3090","target":"3119"},{"source":"3090","target":"3123"},{"source":"3090","target":"3137"},{"source":"3090","target":"3139"},{"source":"3090","target":"3142"},{"source":"3090","target":"3158"},{"source":"3090","target":"3163"},{"source":"3090","target":"3195"},{"source":"3090","target":"3220"},{"source":"3090","target":"3229"},{"source":"3090","target":"3231"},{"source":"3090","target":"3232"},{"source":"3090","target":"3238"},{"source":"3090","target":"3250"},{"source":"3090","target":"3257"},{"source":"3090","target":"3293"},{"source":"3090","target":"3303"},{"source":"3090","target":"3324"},{"source":"3090","target":"3326"},{"source":"3090","target":"3339"},{"source":"3090","target":"3362"},{"source":"3090","target":"3363"},{"source":"3090","target":"3364"},{"source":"3090","target":"3384"},{"source":"3090","target":"3387"},{"source":"3090","target":"3392"},{"source":"3090","target":"3417"},{"source":"3090","target":"3426"},{"source":"3090","target":"3430"},{"source":"3090","target":"3433"},{"source":"3090","target":"3435"},{"source":"3092","target":"3104"},{"source":"3092","target":"3213"},{"source":"3092","target":"3226"},{"source":"3092","target":"3237"},{"source":"3092","target":"3303"},{"source":"3092","target":"3324"},{"source":"3092","target":"3362"},{"source":"3093","target":"3154"},{"source":"3093","target":"3171"},{"source":"3093","target":"3177"},{"source":"3093","target":"3204"},{"source":"3093","target":"3274"},{"source":"3093","target":"3291"},{"source":"3093","target":"3342"},{"source":"3093","target":"3357"},{"source":"3093","target":"3380"},{"source":"3094","target":"3145"},{"source":"3094","target":"3204"},{"source":"3094","target":"3267"},{"source":"3095","target":"3137"},{"source":"3095","target":"3139"},{"source":"3095","target":"3143"},{"source":"3095","target":"3153"},{"source":"3095","target":"3303"},{"source":"3095","target":"3324"},{"source":"3095","target":"3392"},{"source":"3095","target":"3426"},{"source":"3096","target":"3098"},{"source":"3096","target":"3108"},{"source":"3096","target":"3142"},{"source":"3096","target":"3149"},{"source":"3096","target":"3163"},{"source":"3096","target":"3174"},{"source":"3096","target":"3184"},{"source":"3096","target":"3195"},{"source":"3096","target":"3226"},{"source":"3096","target":"3232"},{"source":"3096","target":"3284"},{"source":"3096","target":"3301"},{"source":"3096","target":"3339"},{"source":"3096","target":"3348"},{"source":"3096","target":"3362"},{"source":"3096","target":"3363"},{"source":"3096","target":"3384"},{"source":"3096","target":"3387"},{"source":"3096","target":"3399"},{"source":"3096","target":"3426"},{"source":"3097","target":"3101"},{"source":"3097","target":"3107"},{"source":"3097","target":"3117"},{"source":"3097","target":"3124"},{"source":"3097","target":"3136"},{"source":"3097","target":"3150"},{"source":"3097","target":"3157"},{"source":"3097","target":"3177"},{"source":"3097","target":"3214"},{"source":"3097","target":"3215"},{"source":"3097","target":"3236"},{"source":"3097","target":"3274"},{"source":"3097","target":"3275"},{"source":"3097","target":"3279"},{"source":"3097","target":"3299"},{"source":"3097","target":"3302"},{"source":"3097","target":"3329"},{"source":"3097","target":"3340"},{"source":"3097","target":"3342"},{"source":"3097","target":"3345"},{"source":"3097","target":"3360"},{"source":"3098","target":"3108"},{"source":"3098","target":"3117"},{"source":"3098","target":"3119"},{"source":"3098","target":"3129"},{"source":"3098","target":"3142"},{"source":"3098","target":"3149"},{"source":"3098","target":"3195"},{"source":"3098","target":"3226"},{"source":"3098","target":"3232"},{"source":"3098","target":"3301"},{"source":"3098","target":"3339"},{"source":"3098","target":"3348"},{"source":"3098","target":"3362"},{"source":"3098","target":"3363"},{"source":"3098","target":"3364"},{"source":"3098","target":"3387"},{"source":"3099","target":"3242"},{"source":"3099","target":"3329"},{"source":"3099","target":"3349"},{"source":"3099","target":"3369"},{"source":"3100","target":"3111"},{"source":"3100","target":"3118"},{"source":"3100","target":"3145"},{"source":"3100","target":"3154"},{"source":"3100","target":"3162"},{"source":"3100","target":"3168"},{"source":"3100","target":"3179"},{"source":"3100","target":"3182"},{"source":"3100","target":"3233"},{"source":"3100","target":"3295"},{"source":"3100","target":"3320"},{"source":"3100","target":"3337"},{"source":"3100","target":"3346"},{"source":"3100","target":"3350"},{"source":"3100","target":"3366"},{"source":"3101","target":"3102"},{"source":"3101","target":"3106"},{"source":"3101","target":"3110"},{"source":"3101","target":"3113"},{"source":"3101","target":"3115"},{"source":"3101","target":"3116"},{"source":"3101","target":"3120"},{"source":"3101","target":"3132"},{"source":"3101","target":"3140"},{"source":"3101","target":"3145"},{"source":"3101","target":"3146"},{"source":"3101","target":"3150"},{"source":"3101","target":"3152"},{"source":"3101","target":"3155"},{"source":"3101","target":"3169"},{"source":"3101","target":"3179"},{"source":"3101","target":"3182"},{"source":"3101","target":"3185"},{"source":"3101","target":"3188"},{"source":"3101","target":"3198"},{"source":"3101","target":"3201"},{"source":"3101","target":"3206"},{"source":"3101","target":"3214"},{"source":"3101","target":"3224"},{"source":"3101","target":"3225"},{"source":"3101","target":"3239"},{"source":"3101","target":"3240"},{"source":"3101","target":"3247"},{"source":"3101","target":"3252"},{"source":"3101","target":"3253"},{"source":"3101","target":"3261"},{"source":"3101","target":"3265"},{"source":"3101","target":"3267"},{"source":"3101","target":"3277"},{"source":"3101","target":"3280"},{"source":"3101","target":"3288"},{"source":"3101","target":"3291"},{"source":"3101","target":"3296"},{"source":"3101","target":"3297"},{"source":"3101","target":"3302"},{"source":"3101","target":"3316"},{"source":"3101","target":"3320"},{"source":"3101","target":"3330"},{"source":"3101","target":"3332"},{"source":"3101","target":"3335"},{"source":"3101","target":"3344"},{"source":"3101","target":"3347"},{"source":"3101","target":"3350"},{"source":"3101","target":"3351"},{"source":"3101","target":"3353"},{"source":"3101","target":"3355"},{"source":"3101","target":"3360"},{"source":"3101","target":"3366"},{"source":"3101","target":"3373"},{"source":"3101","target":"3381"},{"source":"3101","target":"3385"},{"source":"3101","target":"3391"},{"source":"3101","target":"3397"},{"source":"3101","target":"3403"},{"source":"3101","target":"3406"},{"source":"3101","target":"3411"},{"source":"3101","target":"3416"},{"source":"3101","target":"3419"},{"source":"3101","target":"3434"},{"source":"3102","target":"3116"},{"source":"3102","target":"3132"},{"source":"3102","target":"3145"},{"source":"3102","target":"3146"},{"source":"3102","target":"3150"},{"source":"3102","target":"3152"},{"source":"3102","target":"3169"},{"source":"3102","target":"3179"},{"source":"3102","target":"3185"},{"source":"3102","target":"3201"},{"source":"3102","target":"3239"},{"source":"3102","target":"3247"},{"source":"3102","target":"3252"},{"source":"3102","target":"3265"},{"source":"3102","target":"3267"},{"source":"3102","target":"3277"},{"source":"3102","target":"3280"},{"source":"3102","target":"3297"},{"source":"3102","target":"3320"},{"source":"3102","target":"3330"},{"source":"3102","target":"3344"},{"source":"3102","target":"3347"},{"source":"3102","target":"3351"},{"source":"3102","target":"3416"},{"source":"3102","target":"3434"},{"source":"3103","target":"3136"},{"source":"3103","target":"3150"},{"source":"3103","target":"3176"},{"source":"3103","target":"3207"},{"source":"3103","target":"3241"},{"source":"3103","target":"3285"},{"source":"3103","target":"3359"},{"source":"3103","target":"3371"},{"source":"3103","target":"3410"},{"source":"3103","target":"3412"},{"source":"3103","target":"3420"},{"source":"3104","target":"3114"},{"source":"3104","target":"3119"},{"source":"3104","target":"3123"},{"source":"3104","target":"3130"},{"source":"3104","target":"3137"},{"source":"3104","target":"3232"},{"source":"3104","target":"3243"},{"source":"3104","target":"3293"},{"source":"3104","target":"3294"},{"source":"3104","target":"3324"},{"source":"3104","target":"3339"},{"source":"3104","target":"3362"},{"source":"3104","target":"3363"},{"source":"3104","target":"3364"},{"source":"3104","target":"3384"},{"source":"3104","target":"3390"},{"source":"3104","target":"3417"},{"source":"3104","target":"3426"},{"source":"3104","target":"3435"},{"source":"3105","target":"3122"},{"source":"3105","target":"3141"},{"source":"3105","target":"3200"},{"source":"3105","target":"3218"},{"source":"3105","target":"3251"},{"source":"3105","target":"3354"},{"source":"3106","target":"3116"},{"source":"3106","target":"3120"},{"source":"3106","target":"3146"},{"source":"3106","target":"3154"},{"source":"3106","target":"3160"},{"source":"3106","target":"3169"},{"source":"3106","target":"3191"},{"source":"3106","target":"3198"},{"source":"3106","target":"3201"},{"source":"3106","target":"3203"},{"source":"3106","target":"3224"},{"source":"3106","target":"3239"},{"source":"3106","target":"3240"},{"source":"3106","target":"3247"},{"source":"3106","target":"3252"},{"source":"3106","target":"3267"},{"source":"3106","target":"3291"},{"source":"3106","target":"3299"},{"source":"3106","target":"3319"},{"source":"3106","target":"3320"},{"source":"3106","target":"3321"},{"source":"3106","target":"3330"},{"source":"3106","target":"3332"},{"source":"3106","target":"3342"},{"source":"3106","target":"3344"},{"source":"3106","target":"3345"},{"source":"3106","target":"3355"},{"source":"3106","target":"3386"},{"source":"3106","target":"3391"},{"source":"3106","target":"3397"},{"source":"3106","target":"3406"},{"source":"3106","target":"3416"},{"source":"3106","target":"3434"},{"source":"3107","target":"3117"},{"source":"3107","target":"3154"},{"source":"3107","target":"3186"},{"source":"3107","target":"3187"},{"source":"3107","target":"3198"},{"source":"3107","target":"3215"},{"source":"3107","target":"3219"},{"source":"3107","target":"3242"},{"source":"3107","target":"3246"},{"source":"3107","target":"3263"},{"source":"3107","target":"3275"},{"source":"3107","target":"3288"},{"source":"3107","target":"3291"},{"source":"3107","target":"3313"},{"source":"3107","target":"3323"},{"source":"3107","target":"3330"},{"source":"3107","target":"3337"},{"source":"3107","target":"3340"},{"source":"3107","target":"3341"},{"source":"3107","target":"3342"},{"source":"3107","target":"3343"},{"source":"3107","target":"3379"},{"source":"3107","target":"3395"},{"source":"3107","target":"3403"},{"source":"3107","target":"3421"},{"source":"3108","target":"3149"},{"source":"3108","target":"3195"},{"source":"3108","target":"3226"},{"source":"3108","target":"3232"},{"source":"3108","target":"3250"},{"source":"3108","target":"3284"},{"source":"3108","target":"3339"},{"source":"3108","target":"3348"},{"source":"3108","target":"3363"},{"source":"3108","target":"3387"},{"source":"3108","target":"3426"},{"source":"3109","target":"3188"},{"source":"3109","target":"3212"},{"source":"3109","target":"3260"},{"source":"3109","target":"3299"},{"source":"3109","target":"3345"},{"source":"3109","target":"3360"},{"source":"3109","target":"3415"},{"source":"3110","target":"3138"},{"source":"3110","target":"3178"},{"source":"3110","target":"3302"},{"source":"3110","target":"3313"},{"source":"3110","target":"3327"},{"source":"3110","target":"3369"},{"source":"3110","target":"3374"},{"source":"3110","target":"3403"},{"source":"3110","target":"3421"},{"source":"3111","target":"3118"},{"source":"3111","target":"3136"},{"source":"3111","target":"3145"},{"source":"3111","target":"3150"},{"source":"3111","target":"3157"},{"source":"3111","target":"3172"},{"source":"3111","target":"3185"},{"source":"3111","target":"3189"},{"source":"3111","target":"3219"},{"source":"3111","target":"3224"},{"source":"3111","target":"3225"},{"source":"3111","target":"3240"},{"source":"3111","target":"3253"},{"source":"3111","target":"3261"},{"source":"3111","target":"3274"},{"source":"3111","target":"3279"},{"source":"3111","target":"3280"},{"source":"3111","target":"3287"},{"source":"3111","target":"3298"},{"source":"3111","target":"3302"},{"source":"3111","target":"3320"},{"source":"3111","target":"3342"},{"source":"3111","target":"3350"},{"source":"3111","target":"3353"},{"source":"3111","target":"3377"},{"source":"3111","target":"3378"},{"source":"3111","target":"3395"},{"source":"3111","target":"3396"},{"source":"3111","target":"3403"},{"source":"3111","target":"3415"},{"source":"3111","target":"3422"},{"source":"3111","target":"3434"},{"source":"3112","target":"3172"},{"source":"3112","target":"3185"},{"source":"3112","target":"3280"},{"source":"3112","target":"3298"},{"source":"3112","target":"3378"},{"source":"3112","target":"3422"},{"source":"3113","target":"3115"},{"source":"3113","target":"3120"},{"source":"3113","target":"3132"},{"source":"3113","target":"3145"},{"source":"3113","target":"3148"},{"source":"3113","target":"3162"},{"source":"3113","target":"3169"},{"source":"3113","target":"3179"},{"source":"3113","target":"3182"},{"source":"3113","target":"3198"},{"source":"3113","target":"3201"},{"source":"3113","target":"3204"},{"source":"3113","target":"3252"},{"source":"3113","target":"3261"},{"source":"3113","target":"3267"},{"source":"3113","target":"3272"},{"source":"3113","target":"3277"},{"source":"3113","target":"3280"},{"source":"3113","target":"3291"},{"source":"3113","target":"3297"},{"source":"3113","target":"3298"},{"source":"3113","target":"3299"},{"source":"3113","target":"3320"},{"source":"3113","target":"3323"},{"source":"3113","target":"3327"},{"source":"3113","target":"3335"},{"source":"3113","target":"3347"},{"source":"3113","target":"3350"},{"source":"3113","target":"3351"},{"source":"3113","target":"3366"},{"source":"3113","target":"3377"},{"source":"3113","target":"3378"},{"source":"3113","target":"3381"},{"source":"3113","target":"3391"},{"source":"3113","target":"3419"},{"source":"3113","target":"3434"},{"source":"3114","target":"3119"},{"source":"3114","target":"3123"},{"source":"3114","target":"3137"},{"source":"3114","target":"3139"},{"source":"3114","target":"3166"},{"source":"3114","target":"3231"},{"source":"3114","target":"3339"},{"source":"3114","target":"3362"},{"source":"3114","target":"3364"},{"source":"3114","target":"3394"},{"source":"3114","target":"3400"},{"source":"3114","target":"3426"},{"source":"3114","target":"3430"},{"source":"3114","target":"3435"},{"source":"3115","target":"3116"},{"source":"3115","target":"3124"},{"source":"3115","target":"3132"},{"source":"3115","target":"3150"},{"source":"3115","target":"3152"},{"source":"3115","target":"3179"},{"source":"3115","target":"3182"},{"source":"3115","target":"3185"},{"source":"3115","target":"3198"},{"source":"3115","target":"3201"},{"source":"3115","target":"3224"},{"source":"3115","target":"3247"},{"source":"3115","target":"3252"},{"source":"3115","target":"3259"},{"source":"3115","target":"3265"},{"source":"3115","target":"3280"},{"source":"3115","target":"3288"},{"source":"3115","target":"3291"},{"source":"3115","target":"3302"},{"source":"3115","target":"3335"},{"source":"3115","target":"3342"},{"source":"3115","target":"3344"},{"source":"3115","target":"3350"},{"source":"3115","target":"3351"},{"source":"3115","target":"3378"},{"source":"3115","target":"3396"},{"source":"3115","target":"3397"},{"source":"3115","target":"3411"},{"source":"3115","target":"3419"},{"source":"3115","target":"3422"},{"source":"3115","target":"3434"},{"source":"3116","target":"3120"},{"source":"3116","target":"3132"},{"source":"3116","target":"3146"},{"source":"3116","target":"3148"},{"source":"3116","target":"3150"},{"source":"3116","target":"3152"},{"source":"3116","target":"3169"},{"source":"3116","target":"3170"},{"source":"3116","target":"3179"},{"source":"3116","target":"3182"},{"source":"3116","target":"3185"},{"source":"3116","target":"3188"},{"source":"3116","target":"3198"},{"source":"3116","target":"3201"},{"source":"3116","target":"3206"},{"source":"3116","target":"3212"},{"source":"3116","target":"3214"},{"source":"3116","target":"3239"},{"source":"3116","target":"3247"},{"source":"3116","target":"3252"},{"source":"3116","target":"3258"},{"source":"3116","target":"3261"},{"source":"3116","target":"3265"},{"source":"3116","target":"3267"},{"source":"3116","target":"3272"},{"source":"3116","target":"3280"},{"source":"3116","target":"3291"},{"source":"3116","target":"3296"},{"source":"3116","target":"3297"},{"source":"3116","target":"3298"},{"source":"3116","target":"3302"},{"source":"3116","target":"3306"},{"source":"3116","target":"3320"},{"source":"3116","target":"3321"},{"source":"3116","target":"3330"},{"source":"3116","target":"3332"},{"source":"3116","target":"3335"},{"source":"3116","target":"3344"},{"source":"3116","target":"3347"},{"source":"3116","target":"3350"},{"source":"3116","target":"3351"},{"source":"3116","target":"3360"},{"source":"3116","target":"3381"},{"source":"3116","target":"3391"},{"source":"3116","target":"3396"},{"source":"3116","target":"3397"},{"source":"3116","target":"3411"},{"source":"3116","target":"3416"},{"source":"3116","target":"3418"},{"source":"3116","target":"3419"},{"source":"3116","target":"3422"},{"source":"3116","target":"3431"},{"source":"3116","target":"3434"},{"source":"3117","target":"3124"},{"source":"3117","target":"3173"},{"source":"3117","target":"3174"},{"source":"3117","target":"3195"},{"source":"3117","target":"3213"},{"source":"3117","target":"3214"},{"source":"3117","target":"3215"},{"source":"3117","target":"3228"},{"source":"3117","target":"3237"},{"source":"3117","target":"3274"},{"source":"3117","target":"3302"},{"source":"3117","target":"3304"},{"source":"3117","target":"3339"},{"source":"3117","target":"3342"},{"source":"3117","target":"3363"},{"source":"3117","target":"3364"},{"source":"3117","target":"3431"},{"source":"3118","target":"3145"},{"source":"3118","target":"3160"},{"source":"3118","target":"3162"},{"source":"3118","target":"3168"},{"source":"3118","target":"3172"},{"source":"3118","target":"3233"},{"source":"3118","target":"3263"},{"source":"3118","target":"3287"},{"source":"3118","target":"3295"},{"source":"3118","target":"3320"},{"source":"3118","target":"3332"},{"source":"3118","target":"3353"},{"source":"3118","target":"3366"},{"source":"3118","target":"3377"},{"source":"3118","target":"3379"},{"source":"3118","target":"3386"},{"source":"3118","target":"3396"},{"source":"3118","target":"3403"},{"source":"3118","target":"3412"},{"source":"3119","target":"3123"},{"source":"3119","target":"3135"},{"source":"3119","target":"3158"},{"source":"3119","target":"3166"},{"source":"3119","target":"3174"},{"source":"3119","target":"3232"},{"source":"3119","target":"3238"},{"source":"3119","target":"3257"},{"source":"3119","target":"3293"},{"source":"3119","target":"3324"},{"source":"3119","target":"3362"},{"source":"3119","target":"3387"},{"source":"3119","target":"3417"},{"source":"3119","target":"3435"},{"source":"3120","target":"3132"},{"source":"3120","target":"3146"},{"source":"3120","target":"3150"},{"source":"3120","target":"3154"},{"source":"3120","target":"3169"},{"source":"3120","target":"3191"},{"source":"3120","target":"3198"},{"source":"3120","target":"3201"},{"source":"3120","target":"3206"},{"source":"3120","target":"3207"},{"source":"3120","target":"3224"},{"source":"3120","target":"3239"},{"source":"3120","target":"3240"},{"source":"3120","target":"3247"},{"source":"3120","target":"3252"},{"source":"3120","target":"3267"},{"source":"3120","target":"3277"},{"source":"3120","target":"3280"},{"source":"3120","target":"3291"},{"source":"3120","target":"3297"},{"source":"3120","target":"3299"},{"source":"3120","target":"3316"},{"source":"3120","target":"3320"},{"source":"3120","target":"3321"},{"source":"3120","target":"3330"},{"source":"3120","target":"3335"},{"source":"3120","target":"3342"},{"source":"3120","target":"3344"},{"source":"3120","target":"3345"},{"source":"3120","target":"3350"},{"source":"3120","target":"3351"},{"source":"3120","target":"3355"},{"source":"3120","target":"3381"},{"source":"3120","target":"3391"},{"source":"3120","target":"3397"},{"source":"3120","target":"3406"},{"source":"3120","target":"3416"},{"source":"3120","target":"3419"},{"source":"3120","target":"3434"},{"source":"3122","target":"3141"},{"source":"3122","target":"3200"},{"source":"3122","target":"3218"},{"source":"3122","target":"3354"},{"source":"3123","target":"3135"},{"source":"3123","target":"3137"},{"source":"3123","target":"3158"},{"source":"3123","target":"3166"},{"source":"3123","target":"3231"},{"source":"3123","target":"3257"},{"source":"3123","target":"3339"},{"source":"3123","target":"3400"},{"source":"3123","target":"3430"},{"source":"3124","target":"3173"},{"source":"3124","target":"3185"},{"source":"3124","target":"3196"},{"source":"3124","target":"3205"},{"source":"3124","target":"3215"},{"source":"3124","target":"3256"},{"source":"3124","target":"3312"},{"source":"3124","target":"3335"},{"source":"3124","target":"3365"},{"source":"3124","target":"3380"},{"source":"3124","target":"3393"},{"source":"3124","target":"3418"},{"source":"3124","target":"3419"},{"source":"3126","target":"3128"},{"source":"3126","target":"3322"},{"source":"3126","target":"3336"},{"source":"3127","target":"3147"},{"source":"3128","target":"3322"},{"source":"3128","target":"3336"},{"source":"3129","target":"3226"},{"source":"3129","target":"3228"},{"source":"3129","target":"3257"},{"source":"3129","target":"3301"},{"source":"3129","target":"3324"},{"source":"3129","target":"3348"},{"source":"3129","target":"3363"},{"source":"3129","target":"3426"},{"source":"3129","target":"3435"},{"source":"3129","target":"3436"},{"source":"3130","target":"3300"},{"source":"3131","target":"3180"},{"source":"3131","target":"3181"},{"source":"3131","target":"3251"},{"source":"3131","target":"3372"},{"source":"3132","target":"3145"},{"source":"3132","target":"3146"},{"source":"3132","target":"3150"},{"source":"3132","target":"3152"},{"source":"3132","target":"3154"},{"source":"3132","target":"3169"},{"source":"3132","target":"3179"},{"source":"3132","target":"3185"},{"source":"3132","target":"3188"},{"source":"3132","target":"3201"},{"source":"3132","target":"3206"},{"source":"3132","target":"3212"},{"source":"3132","target":"3239"},{"source":"3132","target":"3247"},{"source":"3132","target":"3252"},{"source":"3132","target":"3253"},{"source":"3132","target":"3260"},{"source":"3132","target":"3265"},{"source":"3132","target":"3267"},{"source":"3132","target":"3277"},{"source":"3132","target":"3280"},{"source":"3132","target":"3288"},{"source":"3132","target":"3291"},{"source":"3132","target":"3296"},{"source":"3132","target":"3297"},{"source":"3132","target":"3316"},{"source":"3132","target":"3320"},{"source":"3132","target":"3321"},{"source":"3132","target":"3330"},{"source":"3132","target":"3332"},{"source":"3132","target":"3335"},{"source":"3132","target":"3344"},{"source":"3132","target":"3347"},{"source":"3132","target":"3350"},{"source":"3132","target":"3351"},{"source":"3132","target":"3355"},{"source":"3132","target":"3381"},{"source":"3132","target":"3391"},{"source":"3132","target":"3396"},{"source":"3132","target":"3397"},{"source":"3132","target":"3411"},{"source":"3132","target":"3416"},{"source":"3132","target":"3419"},{"source":"3132","target":"3434"},{"source":"3133","target":"3233"},{"source":"3133","target":"3273"},{"source":"3133","target":"3366"},{"source":"3135","target":"3158"},{"source":"3135","target":"3166"},{"source":"3135","target":"3220"},{"source":"3135","target":"3293"},{"source":"3135","target":"3363"},{"source":"3135","target":"3417"},{"source":"3135","target":"3433"},{"source":"3136","target":"3171"},{"source":"3136","target":"3187"},{"source":"3136","target":"3189"},{"source":"3136","target":"3196"},{"source":"3136","target":"3198"},{"source":"3136","target":"3214"},{"source":"3136","target":"3219"},{"source":"3136","target":"3233"},{"source":"3136","target":"3253"},{"source":"3136","target":"3256"},{"source":"3136","target":"3259"},{"source":"3136","target":"3264"},{"source":"3136","target":"3279"},{"source":"3136","target":"3282"},{"source":"3136","target":"3327"},{"source":"3136","target":"3330"},{"source":"3136","target":"3331"},{"source":"3136","target":"3335"},{"source":"3136","target":"3337"},{"source":"3136","target":"3340"},{"source":"3136","target":"3341"},{"source":"3136","target":"3365"},{"source":"3136","target":"3369"},{"source":"3136","target":"3379"},{"source":"3136","target":"3385"},{"source":"3136","target":"3395"},{"source":"3136","target":"3409"},{"source":"3136","target":"3419"},{"source":"3137","target":"3139"},{"source":"3137","target":"3149"},{"source":"3137","target":"3158"},{"source":"3137","target":"3166"},{"source":"3137","target":"3228"},{"source":"3137","target":"3229"},{"source":"3137","target":"3231"},{"source":"3137","target":"3232"},{"source":"3137","target":"3257"},{"source":"3137","target":"3348"},{"source":"3137","target":"3387"},{"source":"3137","target":"3392"},{"source":"3137","target":"3394"},{"source":"3137","target":"3400"},{"source":"3137","target":"3426"},{"source":"3137","target":"3430"},{"source":"3138","target":"3152"},{"source":"3138","target":"3178"},{"source":"3138","target":"3208"},{"source":"3138","target":"3211"},{"source":"3138","target":"3279"},{"source":"3138","target":"3307"},{"source":"3138","target":"3374"},{"source":"3139","target":"3153"},{"source":"3139","target":"3229"},{"source":"3139","target":"3231"},{"source":"3139","target":"3300"},{"source":"3139","target":"3392"},{"source":"3139","target":"3426"},{"source":"3139","target":"3428"},{"source":"3139","target":"3430"},{"source":"3140","target":"3145"},{"source":"3140","target":"3154"},{"source":"3140","target":"3161"},{"source":"3140","target":"3177"},{"source":"3140","target":"3179"},{"source":"3140","target":"3182"},{"source":"3140","target":"3194"},{"source":"3140","target":"3203"},{"source":"3140","target":"3214"},{"source":"3140","target":"3219"},{"source":"3140","target":"3225"},{"source":"3140","target":"3240"},{"source":"3140","target":"3255"},{"source":"3140","target":"3275"},{"source":"3140","target":"3277"},{"source":"3140","target":"3291"},{"source":"3140","target":"3302"},{"source":"3140","target":"3313"},{"source":"3140","target":"3320"},{"source":"3140","target":"3321"},{"source":"3140","target":"3331"},{"source":"3140","target":"3335"},{"source":"3140","target":"3341"},{"source":"3140","target":"3342"},{"source":"3140","target":"3345"},{"source":"3140","target":"3353"},{"source":"3140","target":"3360"},{"source":"3140","target":"3378"},{"source":"3140","target":"3379"},{"source":"3140","target":"3380"},{"source":"3140","target":"3386"},{"source":"3140","target":"3393"},{"source":"3140","target":"3397"},{"source":"3140","target":"3406"},{"source":"3141","target":"3200"},{"source":"3141","target":"3216"},{"source":"3141","target":"3218"},{"source":"3141","target":"3271"},{"source":"3141","target":"3354"},{"source":"3142","target":"3163"},{"source":"3142","target":"3174"},{"source":"3142","target":"3195"},{"source":"3142","target":"3213"},{"source":"3142","target":"3226"},{"source":"3142","target":"3232"},{"source":"3142","target":"3250"},{"source":"3142","target":"3284"},{"source":"3142","target":"3324"},{"source":"3142","target":"3339"},{"source":"3142","target":"3363"},{"source":"3142","target":"3387"},{"source":"3142","target":"3426"},{"source":"3143","target":"3153"},{"source":"3144","target":"3162"},{"source":"3144","target":"3214"},{"source":"3144","target":"3235"},{"source":"3144","target":"3255"},{"source":"3144","target":"3328"},{"source":"3144","target":"3346"},{"source":"3144","target":"3360"},{"source":"3144","target":"3431"},{"source":"3145","target":"3169"},{"source":"3145","target":"3172"},{"source":"3145","target":"3182"},{"source":"3145","target":"3185"},{"source":"3145","target":"3199"},{"source":"3145","target":"3201"},{"source":"3145","target":"3204"},{"source":"3145","target":"3206"},{"source":"3145","target":"3255"},{"source":"3145","target":"3260"},{"source":"3145","target":"3261"},{"source":"3145","target":"3267"},{"source":"3145","target":"3274"},{"source":"3145","target":"3277"},{"source":"3145","target":"3280"},{"source":"3145","target":"3287"},{"source":"3145","target":"3291"},{"source":"3145","target":"3297"},{"source":"3145","target":"3320"},{"source":"3145","target":"3330"},{"source":"3145","target":"3332"},{"source":"3145","target":"3347"},{"source":"3145","target":"3350"},{"source":"3145","target":"3351"},{"source":"3145","target":"3377"},{"source":"3145","target":"3378"},{"source":"3145","target":"3381"},{"source":"3145","target":"3385"},{"source":"3145","target":"3386"},{"source":"3145","target":"3396"},{"source":"3145","target":"3403"},{"source":"3145","target":"3419"},{"source":"3145","target":"3422"},{"source":"3146","target":"3152"},{"source":"3146","target":"3169"},{"source":"3146","target":"3198"},{"source":"3146","target":"3201"},{"source":"3146","target":"3206"},{"source":"3146","target":"3239"},{"source":"3146","target":"3247"},{"source":"3146","target":"3252"},{"source":"3146","target":"3265"},{"source":"3146","target":"3267"},{"source":"3146","target":"3277"},{"source":"3146","target":"3288"},{"source":"3146","target":"3291"},{"source":"3146","target":"3297"},{"source":"3146","target":"3302"},{"source":"3146","target":"3316"},{"source":"3146","target":"3330"},{"source":"3146","target":"3335"},{"source":"3146","target":"3344"},{"source":"3146","target":"3347"},{"source":"3146","target":"3351"},{"source":"3146","target":"3381"},{"source":"3146","target":"3383"},{"source":"3146","target":"3397"},{"source":"3146","target":"3416"},{"source":"3146","target":"3419"},{"source":"3146","target":"3434"},{"source":"3148","target":"3215"},{"source":"3148","target":"3242"},{"source":"3148","target":"3254"},{"source":"3148","target":"3272"},{"source":"3148","target":"3280"},{"source":"3148","target":"3298"},{"source":"3148","target":"3306"},{"source":"3148","target":"3327"},{"source":"3148","target":"3331"},{"source":"3148","target":"3360"},{"source":"3148","target":"3378"},{"source":"3148","target":"3381"},{"source":"3148","target":"3403"},{"source":"3148","target":"3411"},{"source":"3148","target":"3422"},{"source":"3148","target":"3434"},{"source":"3149","target":"3163"},{"source":"3149","target":"3174"},{"source":"3149","target":"3193"},{"source":"3149","target":"3195"},{"source":"3149","target":"3226"},{"source":"3149","target":"3232"},{"source":"3149","target":"3237"},{"source":"3149","target":"3284"},{"source":"3149","target":"3301"},{"source":"3149","target":"3339"},{"source":"3149","target":"3348"},{"source":"3149","target":"3387"},{"source":"3149","target":"3426"},{"source":"3149","target":"3435"},{"source":"3150","target":"3151"},{"source":"3150","target":"3152"},{"source":"3150","target":"3154"},{"source":"3150","target":"3169"},{"source":"3150","target":"3179"},{"source":"3150","target":"3185"},{"source":"3150","target":"3188"},{"source":"3150","target":"3198"},{"source":"3150","target":"3201"},{"source":"3150","target":"3223"},{"source":"3150","target":"3247"},{"source":"3150","target":"3252"},{"source":"3150","target":"3253"},{"source":"3150","target":"3265"},{"source":"3150","target":"3267"},{"source":"3150","target":"3272"},{"source":"3150","target":"3277"},{"source":"3150","target":"3280"},{"source":"3150","target":"3291"},{"source":"3150","target":"3296"},{"source":"3150","target":"3297"},{"source":"3150","target":"3302"},{"source":"3150","target":"3329"},{"source":"3150","target":"3330"},{"source":"3150","target":"3332"},{"source":"3150","target":"3335"},{"source":"3150","target":"3342"},{"source":"3150","target":"3344"},{"source":"3150","target":"3347"},{"source":"3150","target":"3350"},{"source":"3150","target":"3351"},{"source":"3150","target":"3360"},{"source":"3150","target":"3381"},{"source":"3150","target":"3397"},{"source":"3150","target":"3406"},{"source":"3150","target":"3409"},{"source":"3150","target":"3411"},{"source":"3150","target":"3419"},{"source":"3151","target":"3214"},{"source":"3151","target":"3312"},{"source":"3151","target":"3326"},{"source":"3151","target":"3327"},{"source":"3151","target":"3406"},{"source":"3151","target":"3409"},{"source":"3151","target":"3431"},{"source":"3152","target":"3169"},{"source":"3152","target":"3172"},{"source":"3152","target":"3182"},{"source":"3152","target":"3185"},{"source":"3152","target":"3188"},{"source":"3152","target":"3192"},{"source":"3152","target":"3198"},{"source":"3152","target":"3201"},{"source":"3152","target":"3204"},{"source":"3152","target":"3235"},{"source":"3152","target":"3239"},{"source":"3152","target":"3247"},{"source":"3152","target":"3252"},{"source":"3152","target":"3258"},{"source":"3152","target":"3265"},{"source":"3152","target":"3274"},{"source":"3152","target":"3280"},{"source":"3152","target":"3288"},{"source":"3152","target":"3291"},{"source":"3152","target":"3296"},{"source":"3152","target":"3297"},{"source":"3152","target":"3313"},{"source":"3152","target":"3320"},{"source":"3152","target":"3329"},{"source":"3152","target":"3330"},{"source":"3152","target":"3332"},{"source":"3152","target":"3335"},{"source":"3152","target":"3347"},{"source":"3152","target":"3350"},{"source":"3152","target":"3351"},{"source":"3152","target":"3353"},{"source":"3152","target":"3373"},{"source":"3152","target":"3378"},{"source":"3152","target":"3396"},{"source":"3152","target":"3397"},{"source":"3152","target":"3411"},{"source":"3152","target":"3419"},{"source":"3152","target":"3434"},{"source":"3153","target":"3229"},{"source":"3153","target":"3392"},{"source":"3153","target":"3428"},{"source":"3154","target":"3160"},{"source":"3154","target":"3162"},{"source":"3154","target":"3168"},{"source":"3154","target":"3177"},{"source":"3154","target":"3179"},{"source":"3154","target":"3188"},{"source":"3154","target":"3191"},{"source":"3154","target":"3207"},{"source":"3154","target":"3223"},{"source":"3154","target":"3233"},{"source":"3154","target":"3240"},{"source":"3154","target":"3252"},{"source":"3154","target":"3253"},{"source":"3154","target":"3256"},{"source":"3154","target":"3277"},{"source":"3154","target":"3288"},{"source":"3154","target":"3291"},{"source":"3154","target":"3295"},{"source":"3154","target":"3321"},{"source":"3154","target":"3334"},{"source":"3154","target":"3344"},{"source":"3154","target":"3346"},{"source":"3154","target":"3355"},{"source":"3154","target":"3366"},{"source":"3154","target":"3370"},{"source":"3154","target":"3371"},{"source":"3154","target":"3379"},{"source":"3154","target":"3380"},{"source":"3154","target":"3386"},{"source":"3154","target":"3391"},{"source":"3154","target":"3397"},{"source":"3154","target":"3411"},{"source":"3154","target":"3412"},{"source":"3154","target":"3415"},{"source":"3154","target":"3434"},{"source":"3155","target":"3368"},{"source":"3156","target":"3187"},{"source":"3156","target":"3255"},{"source":"3156","target":"3256"},{"source":"3156","target":"3264"},{"source":"3156","target":"3365"},{"source":"3156","target":"3369"},{"source":"3156","target":"3385"},{"source":"3157","target":"3320"},{"source":"3157","target":"3327"},{"source":"3157","target":"3328"},{"source":"3157","target":"3342"},{"source":"3157","target":"3350"},{"source":"3157","target":"3431"},{"source":"3158","target":"3163"},{"source":"3158","target":"3166"},{"source":"3158","target":"3195"},{"source":"3158","target":"3220"},{"source":"3158","target":"3232"},{"source":"3158","target":"3238"},{"source":"3158","target":"3293"},{"source":"3158","target":"3348"},{"source":"3158","target":"3363"},{"source":"3158","target":"3417"},{"source":"3158","target":"3433"},{"source":"3159","target":"3168"},{"source":"3159","target":"3295"},{"source":"3159","target":"3405"},{"source":"3160","target":"3186"},{"source":"3160","target":"3240"},{"source":"3160","target":"3298"},{"source":"3160","target":"3344"},{"source":"3160","target":"3350"},{"source":"3160","target":"3355"},{"source":"3160","target":"3360"},{"source":"3160","target":"3386"},{"source":"3160","target":"3397"},{"source":"3161","target":"3176"},{"source":"3161","target":"3225"},{"source":"3161","target":"3245"},{"source":"3162","target":"3168"},{"source":"3162","target":"3176"},{"source":"3162","target":"3177"},{"source":"3162","target":"3191"},{"source":"3162","target":"3203"},{"source":"3162","target":"3207"},{"source":"3162","target":"3233"},{"source":"3162","target":"3255"},{"source":"3162","target":"3273"},{"source":"3162","target":"3285"},{"source":"3162","target":"3295"},{"source":"3162","target":"3302"},{"source":"3162","target":"3306"},{"source":"3162","target":"3331"},{"source":"3162","target":"3334"},{"source":"3162","target":"3346"},{"source":"3162","target":"3356"},{"source":"3162","target":"3359"},{"source":"3162","target":"3366"},{"source":"3162","target":"3379"},{"source":"3162","target":"3412"},{"source":"3162","target":"3415"},{"source":"3163","target":"3166"},{"source":"3163","target":"3195"},{"source":"3163","target":"3226"},{"source":"3163","target":"3387"},{"source":"3163","target":"3435"},{"source":"3164","target":"3263"},{"source":"3165","target":"3343"},{"source":"3166","target":"3174"},{"source":"3166","target":"3232"},{"source":"3166","target":"3238"},{"source":"3166","target":"3339"},{"source":"3166","target":"3400"},{"source":"3167","target":"3177"},{"source":"3167","target":"3210"},{"source":"3167","target":"3236"},{"source":"3167","target":"3255"},{"source":"3167","target":"3256"},{"source":"3167","target":"3365"},{"source":"3167","target":"3369"},{"source":"3167","target":"3385"},{"source":"3168","target":"3176"},{"source":"3168","target":"3177"},{"source":"3168","target":"3179"},{"source":"3168","target":"3191"},{"source":"3168","target":"3207"},{"source":"3168","target":"3233"},{"source":"3168","target":"3273"},{"source":"3168","target":"3295"},{"source":"3168","target":"3331"},{"source":"3168","target":"3346"},{"source":"3168","target":"3366"},{"source":"3168","target":"3379"},{"source":"3168","target":"3405"},{"source":"3168","target":"3412"},{"source":"3168","target":"3415"},{"source":"3169","target":"3179"},{"source":"3169","target":"3198"},{"source":"3169","target":"3201"},{"source":"3169","target":"3239"},{"source":"3169","target":"3247"},{"source":"3169","target":"3252"},{"source":"3169","target":"3265"},{"source":"3169","target":"3267"},{"source":"3169","target":"3277"},{"source":"3169","target":"3280"},{"source":"3169","target":"3291"},{"source":"3169","target":"3297"},{"source":"3169","target":"3316"},{"source":"3169","target":"3330"},{"source":"3169","target":"3335"},{"source":"3169","target":"3344"},{"source":"3169","target":"3351"},{"source":"3169","target":"3381"},{"source":"3169","target":"3385"},{"source":"3169","target":"3391"},{"source":"3169","target":"3397"},{"source":"3169","target":"3416"},{"source":"3169","target":"3419"},{"source":"3169","target":"3434"},{"source":"3170","target":"3172"},{"source":"3170","target":"3185"},{"source":"3170","target":"3211"},{"source":"3170","target":"3280"},{"source":"3170","target":"3291"},{"source":"3170","target":"3298"},{"source":"3170","target":"3320"},{"source":"3170","target":"3332"},{"source":"3170","target":"3347"},{"source":"3170","target":"3350"},{"source":"3170","target":"3377"},{"source":"3170","target":"3378"},{"source":"3170","target":"3396"},{"source":"3170","target":"3434"},{"source":"3171","target":"3208"},{"source":"3171","target":"3214"},{"source":"3171","target":"3312"},{"source":"3171","target":"3404"},{"source":"3171","target":"3431"},{"source":"3172","target":"3179"},{"source":"3172","target":"3182"},{"source":"3172","target":"3185"},{"source":"3172","target":"3198"},{"source":"3172","target":"3199"},{"source":"3172","target":"3201"},{"source":"3172","target":"3204"},{"source":"3172","target":"3225"},{"source":"3172","target":"3258"},{"source":"3172","target":"3261"},{"source":"3172","target":"3272"},{"source":"3172","target":"3274"},{"source":"3172","target":"3280"},{"source":"3172","target":"3287"},{"source":"3172","target":"3291"},{"source":"3172","target":"3296"},{"source":"3172","target":"3298"},{"source":"3172","target":"3313"},{"source":"3172","target":"3320"},{"source":"3172","target":"3332"},{"source":"3172","target":"3347"},{"source":"3172","target":"3350"},{"source":"3172","target":"3351"},{"source":"3172","target":"3353"},{"source":"3172","target":"3377"},{"source":"3172","target":"3378"},{"source":"3172","target":"3381"},{"source":"3172","target":"3396"},{"source":"3172","target":"3403"},{"source":"3172","target":"3411"},{"source":"3172","target":"3422"},{"source":"3172","target":"3434"},{"source":"3173","target":"3210"},{"source":"3173","target":"3221"},{"source":"3173","target":"3335"},{"source":"3173","target":"3381"},{"source":"3173","target":"3418"},{"source":"3173","target":"3431"},{"source":"3174","target":"3184"},{"source":"3174","target":"3195"},{"source":"3174","target":"3226"},{"source":"3174","target":"3232"},{"source":"3174","target":"3284"},{"source":"3174","target":"3304"},{"source":"3174","target":"3339"},{"source":"3174","target":"3348"},{"source":"3174","target":"3362"},{"source":"3174","target":"3363"},{"source":"3174","target":"3387"},{"source":"3174","target":"3399"},{"source":"3174","target":"3426"},{"source":"3175","target":"3188"},{"source":"3175","target":"3194"},{"source":"3176","target":"3207"},{"source":"3176","target":"3223"},{"source":"3176","target":"3225"},{"source":"3176","target":"3233"},{"source":"3176","target":"3241"},{"source":"3176","target":"3285"},{"source":"3176","target":"3295"},{"source":"3176","target":"3356"},{"source":"3176","target":"3366"},{"source":"3176","target":"3412"},{"source":"3176","target":"3420"},{"source":"3177","target":"3186"},{"source":"3177","target":"3203"},{"source":"3177","target":"3204"},{"source":"3177","target":"3207"},{"source":"3177","target":"3233"},{"source":"3177","target":"3241"},{"source":"3177","target":"3273"},{"source":"3177","target":"3285"},{"source":"3177","target":"3291"},{"source":"3177","target":"3295"},{"source":"3177","target":"3366"},{"source":"3177","target":"3380"},{"source":"3177","target":"3412"},{"source":"3177","target":"3415"},{"source":"3177","target":"3420"},{"source":"3178","target":"3208"},{"source":"3178","target":"3211"},{"source":"3178","target":"3295"},{"source":"3178","target":"3307"},{"source":"3178","target":"3357"},{"source":"3178","target":"3374"},{"source":"3178","target":"3403"},{"source":"3178","target":"3415"},{"source":"3179","target":"3182"},{"source":"3179","target":"3185"},{"source":"3179","target":"3188"},{"source":"3179","target":"3201"},{"source":"3179","target":"3205"},{"source":"3179","target":"3247"},{"source":"3179","target":"3253"},{"source":"3179","target":"3258"},{"source":"3179","target":"3261"},{"source":"3179","target":"3262"},{"source":"3179","target":"3265"},{"source":"3179","target":"3280"},{"source":"3179","target":"3296"},{"source":"3179","target":"3297"},{"source":"3179","target":"3298"},{"source":"3179","target":"3332"},{"source":"3179","target":"3350"},{"source":"3179","target":"3351"},{"source":"3179","target":"3396"},{"source":"3179","target":"3397"},{"source":"3179","target":"3411"},{"source":"3179","target":"3434"},{"source":"3180","target":"3181"},{"source":"3180","target":"3251"},{"source":"3180","target":"3372"},{"source":"3181","target":"3251"},{"source":"3181","target":"3372"},{"source":"3182","target":"3185"},{"source":"3182","target":"3198"},{"source":"3182","target":"3204"},{"source":"3182","target":"3225"},{"source":"3182","target":"3258"},{"source":"3182","target":"3261"},{"source":"3182","target":"3262"},{"source":"3182","target":"3272"},{"source":"3182","target":"3274"},{"source":"3182","target":"3280"},{"source":"3182","target":"3288"},{"source":"3182","target":"3291"},{"source":"3182","target":"3297"},{"source":"3182","target":"3298"},{"source":"3182","target":"3320"},{"source":"3182","target":"3332"},{"source":"3182","target":"3350"},{"source":"3182","target":"3351"},{"source":"3182","target":"3353"},{"source":"3182","target":"3378"},{"source":"3182","target":"3386"},{"source":"3182","target":"3396"},{"source":"3182","target":"3397"},{"source":"3182","target":"3411"},{"source":"3182","target":"3434"},{"source":"3184","target":"3193"},{"source":"3184","target":"3213"},{"source":"3184","target":"3226"},{"source":"3184","target":"3234"},{"source":"3184","target":"3286"},{"source":"3184","target":"3294"},{"source":"3184","target":"3303"},{"source":"3184","target":"3315"},{"source":"3184","target":"3324"},{"source":"3184","target":"3363"},{"source":"3184","target":"3387"},{"source":"3184","target":"3390"},{"source":"3184","target":"3414"},{"source":"3184","target":"3417"},{"source":"3185","target":"3198"},{"source":"3185","target":"3201"},{"source":"3185","target":"3225"},{"source":"3185","target":"3261"},{"source":"3185","target":"3267"},{"source":"3185","target":"3272"},{"source":"3185","target":"3274"},{"source":"3185","target":"3277"},{"source":"3185","target":"3278"},{"source":"3185","target":"3280"},{"source":"3185","target":"3287"},{"source":"3185","target":"3297"},{"source":"3185","target":"3320"},{"source":"3185","target":"3335"},{"source":"3185","target":"3342"},{"source":"3185","target":"3347"},{"source":"3185","target":"3350"},{"source":"3185","target":"3351"},{"source":"3185","target":"3360"},{"source":"3185","target":"3377"},{"source":"3185","target":"3378"},{"source":"3185","target":"3385"},{"source":"3185","target":"3396"},{"source":"3185","target":"3403"},{"source":"3185","target":"3409"},{"source":"3185","target":"3411"},{"source":"3185","target":"3419"},{"source":"3185","target":"3422"},{"source":"3185","target":"3434"},{"source":"3186","target":"3191"},{"source":"3186","target":"3233"},{"source":"3186","target":"3246"},{"source":"3186","target":"3295"},{"source":"3186","target":"3320"},{"source":"3186","target":"3350"},{"source":"3186","target":"3386"},{"source":"3187","target":"3196"},{"source":"3187","target":"3240"},{"source":"3187","target":"3249"},{"source":"3187","target":"3253"},{"source":"3187","target":"3255"},{"source":"3187","target":"3256"},{"source":"3187","target":"3264"},{"source":"3187","target":"3337"},{"source":"3187","target":"3365"},{"source":"3187","target":"3369"},{"source":"3187","target":"3385"},{"source":"3187","target":"3402"},{"source":"3187","target":"3404"},{"source":"3187","target":"3408"},{"source":"3187","target":"3425"},{"source":"3188","target":"3194"},{"source":"3188","target":"3201"},{"source":"3188","target":"3206"},{"source":"3188","target":"3209"},{"source":"3188","target":"3212"},{"source":"3188","target":"3247"},{"source":"3188","target":"3252"},{"source":"3188","target":"3253"},{"source":"3188","target":"3260"},{"source":"3188","target":"3265"},{"source":"3188","target":"3277"},{"source":"3188","target":"3280"},{"source":"3188","target":"3299"},{"source":"3188","target":"3306"},{"source":"3188","target":"3320"},{"source":"3188","target":"3345"},{"source":"3188","target":"3352"},{"source":"3188","target":"3360"},{"source":"3188","target":"3411"},{"source":"3188","target":"3434"},{"source":"3189","target":"3198"},{"source":"3189","target":"3219"},{"source":"3189","target":"3259"},{"source":"3189","target":"3331"},{"source":"3189","target":"3369"},{"source":"3189","target":"3395"},{"source":"3189","target":"3406"},{"source":"3189","target":"3415"},{"source":"3190","target":"3221"},{"source":"3190","target":"3248"},{"source":"3190","target":"3275"},{"source":"3190","target":"3327"},{"source":"3190","target":"3341"},{"source":"3190","target":"3383"},{"source":"3191","target":"3203"},{"source":"3191","target":"3223"},{"source":"3191","target":"3233"},{"source":"3191","target":"3240"},{"source":"3191","target":"3258"},{"source":"3191","target":"3291"},{"source":"3191","target":"3313"},{"source":"3191","target":"3320"},{"source":"3191","target":"3344"},{"source":"3191","target":"3355"},{"source":"3191","target":"3359"},{"source":"3191","target":"3366"},{"source":"3191","target":"3379"},{"source":"3191","target":"3393"},{"source":"3191","target":"3412"},{"source":"3191","target":"3434"},{"source":"3192","target":"3198"},{"source":"3192","target":"3274"},{"source":"3192","target":"3353"},{"source":"3192","target":"3385"},{"source":"3192","target":"3422"},{"source":"3193","target":"3234"},{"source":"3193","target":"3294"},{"source":"3193","target":"3301"},{"source":"3193","target":"3315"},{"source":"3193","target":"3324"},{"source":"3193","target":"3414"},{"source":"3194","target":"3209"},{"source":"3194","target":"3212"},{"source":"3194","target":"3260"},{"source":"3194","target":"3320"},{"source":"3194","target":"3360"},{"source":"3194","target":"3397"},{"source":"3195","target":"3226"},{"source":"3195","target":"3232"},{"source":"3195","target":"3250"},{"source":"3195","target":"3284"},{"source":"3195","target":"3301"},{"source":"3195","target":"3348"},{"source":"3195","target":"3363"},{"source":"3195","target":"3387"},{"source":"3195","target":"3399"},{"source":"3195","target":"3426"},{"source":"3195","target":"3436"},{"source":"3196","target":"3221"},{"source":"3196","target":"3236"},{"source":"3196","target":"3253"},{"source":"3196","target":"3255"},{"source":"3196","target":"3256"},{"source":"3196","target":"3264"},{"source":"3196","target":"3289"},{"source":"3196","target":"3327"},{"source":"3196","target":"3330"},{"source":"3196","target":"3365"},{"source":"3196","target":"3369"},{"source":"3196","target":"3385"},{"source":"3196","target":"3402"},{"source":"3196","target":"3403"},{"source":"3196","target":"3418"},{"source":"3197","target":"3216"},{"source":"3197","target":"3224"},{"source":"3197","target":"3299"},{"source":"3197","target":"3321"},{"source":"3197","target":"3342"},{"source":"3197","target":"3345"},{"source":"3198","target":"3199"},{"source":"3198","target":"3201"},{"source":"3198","target":"3204"},{"source":"3198","target":"3219"},{"source":"3198","target":"3252"},{"source":"3198","target":"3253"},{"source":"3198","target":"3255"},{"source":"3198","target":"3259"},{"source":"3198","target":"3291"},{"source":"3198","target":"3321"},{"source":"3198","target":"3330"},{"source":"3198","target":"3331"},{"source":"3198","target":"3337"},{"source":"3198","target":"3342"},{"source":"3198","target":"3345"},{"source":"3198","target":"3347"},{"source":"3198","target":"3351"},{"source":"3198","target":"3353"},{"source":"3198","target":"3379"},{"source":"3198","target":"3385"},{"source":"3198","target":"3393"},{"source":"3198","target":"3395"},{"source":"3198","target":"3397"},{"source":"3198","target":"3411"},{"source":"3198","target":"3419"},{"source":"3198","target":"3422"},{"source":"3198","target":"3434"},{"source":"3199","target":"3259"},{"source":"3199","target":"3280"},{"source":"3199","target":"3320"},{"source":"3199","target":"3330"},{"source":"3199","target":"3331"},{"source":"3199","target":"3337"},{"source":"3199","target":"3358"},{"source":"3199","target":"3378"},{"source":"3199","target":"3434"},{"source":"3200","target":"3216"},{"source":"3200","target":"3218"},{"source":"3200","target":"3354"},{"source":"3201","target":"3204"},{"source":"3201","target":"3206"},{"source":"3201","target":"3239"},{"source":"3201","target":"3247"},{"source":"3201","target":"3252"},{"source":"3201","target":"3261"},{"source":"3201","target":"3265"},{"source":"3201","target":"3267"},{"source":"3201","target":"3272"},{"source":"3201","target":"3277"},{"source":"3201","target":"3280"},{"source":"3201","target":"3291"},{"source":"3201","target":"3296"},{"source":"3201","target":"3297"},{"source":"3201","target":"3316"},{"source":"3201","target":"3320"},{"source":"3201","target":"3330"},{"source":"3201","target":"3344"},{"source":"3201","target":"3347"},{"source":"3201","target":"3350"},{"source":"3201","target":"3351"},{"source":"3201","target":"3355"},{"source":"3201","target":"3360"},{"source":"3201","target":"3378"},{"source":"3201","target":"3381"},{"source":"3201","target":"3391"},{"source":"3201","target":"3397"},{"source":"3201","target":"3406"},{"source":"3201","target":"3411"},{"source":"3201","target":"3416"},{"source":"3201","target":"3419"},{"source":"3201","target":"3434"},{"source":"3202","target":"3232"},{"source":"3202","target":"3324"},{"source":"3203","target":"3208"},{"source":"3203","target":"3210"},{"source":"3203","target":"3224"},{"source":"3203","target":"3233"},{"source":"3203","target":"3240"},{"source":"3203","target":"3275"},{"source":"3203","target":"3291"},{"source":"3203","target":"3299"},{"source":"3203","target":"3313"},{"source":"3203","target":"3321"},{"source":"3203","target":"3342"},{"source":"3203","target":"3345"},{"source":"3203","target":"3366"},{"source":"3203","target":"3395"},{"source":"3203","target":"3406"},{"source":"3203","target":"3421"},{"source":"3204","target":"3267"},{"source":"3204","target":"3277"},{"source":"3204","target":"3280"},{"source":"3204","target":"3291"},{"source":"3204","target":"3296"},{"source":"3204","target":"3297"},{"source":"3204","target":"3302"},{"source":"3204","target":"3320"},{"source":"3204","target":"3321"},{"source":"3204","target":"3342"},{"source":"3204","target":"3347"},{"source":"3204","target":"3351"},{"source":"3204","target":"3360"},{"source":"3204","target":"3378"},{"source":"3204","target":"3419"},{"source":"3204","target":"3434"},{"source":"3205","target":"3242"},{"source":"3205","target":"3245"},{"source":"3205","target":"3263"},{"source":"3205","target":"3276"},{"source":"3205","target":"3278"},{"source":"3205","target":"3343"},{"source":"3205","target":"3369"},{"source":"3206","target":"3239"},{"source":"3206","target":"3240"},{"source":"3206","target":"3247"},{"source":"3206","target":"3252"},{"source":"3206","target":"3280"},{"source":"3206","target":"3291"},{"source":"3206","target":"3316"},{"source":"3206","target":"3320"},{"source":"3206","target":"3344"},{"source":"3206","target":"3347"},{"source":"3206","target":"3351"},{"source":"3206","target":"3355"},{"source":"3206","target":"3391"},{"source":"3206","target":"3397"},{"source":"3206","target":"3416"},{"source":"3206","target":"3434"},{"source":"3207","target":"3223"},{"source":"3207","target":"3233"},{"source":"3207","target":"3241"},{"source":"3207","target":"3252"},{"source":"3207","target":"3273"},{"source":"3207","target":"3285"},{"source":"3207","target":"3295"},{"source":"3207","target":"3350"},{"source":"3207","target":"3356"},{"source":"3207","target":"3359"},{"source":"3207","target":"3366"},{"source":"3207","target":"3371"},{"source":"3207","target":"3410"},{"source":"3207","target":"3412"},{"source":"3207","target":"3420"},{"source":"3208","target":"3214"},{"source":"3208","target":"3411"},{"source":"3208","target":"3431"},{"source":"3209","target":"3212"},{"source":"3209","target":"3260"},{"source":"3209","target":"3299"},{"source":"3209","target":"3320"},{"source":"3209","target":"3345"},{"source":"3209","target":"3360"},{"source":"3210","target":"3233"},{"source":"3210","target":"3302"},{"source":"3210","target":"3313"},{"source":"3210","target":"3346"},{"source":"3210","target":"3366"},{"source":"3210","target":"3411"},{"source":"3210","target":"3415"},{"source":"3211","target":"3215"},{"source":"3211","target":"3329"},{"source":"3211","target":"3330"},{"source":"3211","target":"3346"},{"source":"3211","target":"3374"},{"source":"3211","target":"3431"},{"source":"3212","target":"3240"},{"source":"3212","target":"3299"},{"source":"3212","target":"3321"},{"source":"3212","target":"3335"},{"source":"3212","target":"3345"},{"source":"3212","target":"3355"},{"source":"3212","target":"3360"},{"source":"3212","target":"3406"},{"source":"3212","target":"3434"},{"source":"3213","target":"3220"},{"source":"3213","target":"3234"},{"source":"3213","target":"3303"},{"source":"3213","target":"3324"},{"source":"3213","target":"3363"},{"source":"3213","target":"3394"},{"source":"3213","target":"3417"},{"source":"3214","target":"3219"},{"source":"3214","target":"3221"},{"source":"3214","target":"3248"},{"source":"3214","target":"3249"},{"source":"3214","target":"3253"},{"source":"3214","target":"3276"},{"source":"3214","target":"3279"},{"source":"3214","target":"3296"},{"source":"3214","target":"3312"},{"source":"3214","target":"3326"},{"source":"3214","target":"3327"},{"source":"3214","target":"3337"},{"source":"3214","target":"3342"},{"source":"3214","target":"3365"},{"source":"3214","target":"3379"},{"source":"3214","target":"3383"},{"source":"3214","target":"3419"},{"source":"3215","target":"3224"},{"source":"3215","target":"3239"},{"source":"3215","target":"3272"},{"source":"3215","target":"3274"},{"source":"3215","target":"3280"},{"source":"3215","target":"3302"},{"source":"3215","target":"3307"},{"source":"3215","target":"3335"},{"source":"3217","target":"3302"},{"source":"3218","target":"3354"},{"source":"3219","target":"3255"},{"source":"3219","target":"3256"},{"source":"3219","target":"3259"},{"source":"3219","target":"3330"},{"source":"3219","target":"3331"},{"source":"3219","target":"3337"},{"source":"3219","target":"3340"},{"source":"3219","target":"3341"},{"source":"3219","target":"3342"},{"source":"3219","target":"3365"},{"source":"3219","target":"3369"},{"source":"3219","target":"3379"},{"source":"3219","target":"3385"},{"source":"3219","target":"3395"},{"source":"3219","target":"3404"},{"source":"3219","target":"3409"},{"source":"3219","target":"3415"},{"source":"3220","target":"3232"},{"source":"3220","target":"3293"},{"source":"3220","target":"3324"},{"source":"3220","target":"3362"},{"source":"3220","target":"3363"},{"source":"3220","target":"3417"},{"source":"3220","target":"3433"},{"source":"3221","target":"3248"},{"source":"3221","target":"3249"},{"source":"3221","target":"3275"},{"source":"3221","target":"3327"},{"source":"3221","target":"3346"},{"source":"3221","target":"3383"},{"source":"3221","target":"3389"},{"source":"3222","target":"3245"},{"source":"3222","target":"3263"},{"source":"3222","target":"3278"},{"source":"3222","target":"3340"},{"source":"3223","target":"3241"},{"source":"3223","target":"3244"},{"source":"3223","target":"3285"},{"source":"3223","target":"3342"},{"source":"3223","target":"3366"},{"source":"3223","target":"3371"},{"source":"3223","target":"3406"},{"source":"3223","target":"3410"},{"source":"3223","target":"3412"},{"source":"3223","target":"3420"},{"source":"3224","target":"3239"},{"source":"3224","target":"3240"},{"source":"3224","target":"3252"},{"source":"3224","target":"3260"},{"source":"3224","target":"3267"},{"source":"3224","target":"3291"},{"source":"3224","target":"3299"},{"source":"3224","target":"3313"},{"source":"3224","target":"3321"},{"source":"3224","target":"3330"},{"source":"3224","target":"3342"},{"source":"3224","target":"3344"},{"source":"3224","target":"3345"},{"source":"3224","target":"3351"},{"source":"3224","target":"3353"},{"source":"3224","target":"3355"},{"source":"3224","target":"3360"},{"source":"3224","target":"3386"},{"source":"3224","target":"3391"},{"source":"3224","target":"3397"},{"source":"3224","target":"3406"},{"source":"3224","target":"3421"},{"source":"3224","target":"3434"},{"source":"3225","target":"3261"},{"source":"3225","target":"3274"},{"source":"3225","target":"3281"},{"source":"3225","target":"3287"},{"source":"3225","target":"3288"},{"source":"3225","target":"3320"},{"source":"3225","target":"3328"},{"source":"3225","target":"3386"},{"source":"3225","target":"3396"},{"source":"3225","target":"3403"},{"source":"3225","target":"3422"},{"source":"3226","target":"3232"},{"source":"3226","target":"3284"},{"source":"3226","target":"3339"},{"source":"3226","target":"3348"},{"source":"3226","target":"3363"},{"source":"3226","target":"3387"},{"source":"3226","target":"3390"},{"source":"3226","target":"3399"},{"source":"3226","target":"3417"},{"source":"3226","target":"3426"},{"source":"3226","target":"3433"},{"source":"3227","target":"3269"},{"source":"3227","target":"3324"},{"source":"3228","target":"3293"},{"source":"3228","target":"3324"},{"source":"3228","target":"3348"},{"source":"3228","target":"3363"},{"source":"3228","target":"3426"},{"source":"3229","target":"3231"},{"source":"3229","target":"3300"},{"source":"3229","target":"3392"},{"source":"3231","target":"3269"},{"source":"3231","target":"3317"},{"source":"3231","target":"3392"},{"source":"3231","target":"3394"},{"source":"3231","target":"3400"},{"source":"3232","target":"3234"},{"source":"3232","target":"3237"},{"source":"3232","target":"3257"},{"source":"3232","target":"3284"},{"source":"3232","target":"3301"},{"source":"3232","target":"3324"},{"source":"3232","target":"3339"},{"source":"3232","target":"3348"},{"source":"3232","target":"3363"},{"source":"3232","target":"3387"},{"source":"3232","target":"3400"},{"source":"3232","target":"3417"},{"source":"3232","target":"3426"},{"source":"3233","target":"3240"},{"source":"3233","target":"3244"},{"source":"3233","target":"3273"},{"source":"3233","target":"3285"},{"source":"3233","target":"3295"},{"source":"3233","target":"3302"},{"source":"3233","target":"3335"},{"source":"3233","target":"3346"},{"source":"3233","target":"3356"},{"source":"3233","target":"3359"},{"source":"3233","target":"3366"},{"source":"3233","target":"3370"},{"source":"3233","target":"3379"},{"source":"3233","target":"3412"},{"source":"3233","target":"3415"},{"source":"3234","target":"3237"},{"source":"3234","target":"3286"},{"source":"3234","target":"3294"},{"source":"3234","target":"3315"},{"source":"3234","target":"3324"},{"source":"3234","target":"3362"},{"source":"3234","target":"3390"},{"source":"3234","target":"3400"},{"source":"3235","target":"3280"},{"source":"3235","target":"3288"},{"source":"3235","target":"3397"},{"source":"3236","target":"3253"},{"source":"3236","target":"3256"},{"source":"3236","target":"3264"},{"source":"3236","target":"3359"},{"source":"3236","target":"3369"},{"source":"3236","target":"3385"},{"source":"3237","target":"3284"},{"source":"3237","target":"3286"},{"source":"3237","target":"3303"},{"source":"3237","target":"3315"},{"source":"3237","target":"3324"},{"source":"3237","target":"3390"},{"source":"3237","target":"3426"},{"source":"3238","target":"3257"},{"source":"3238","target":"3293"},{"source":"3238","target":"3348"},{"source":"3238","target":"3387"},{"source":"3238","target":"3433"},{"source":"3238","target":"3435"},{"source":"3239","target":"3240"},{"source":"3239","target":"3247"},{"source":"3239","target":"3252"},{"source":"3239","target":"3265"},{"source":"3239","target":"3267"},{"source":"3239","target":"3277"},{"source":"3239","target":"3291"},{"source":"3239","target":"3297"},{"source":"3239","target":"3316"},{"source":"3239","target":"3320"},{"source":"3239","target":"3321"},{"source":"3239","target":"3330"},{"source":"3239","target":"3344"},{"source":"3239","target":"3345"},{"source":"3239","target":"3347"},{"source":"3239","target":"3351"},{"source":"3239","target":"3355"},{"source":"3239","target":"3381"},{"source":"3239","target":"3391"},{"source":"3239","target":"3397"},{"source":"3239","target":"3406"},{"source":"3239","target":"3416"},{"source":"3239","target":"3419"},{"source":"3239","target":"3434"},{"source":"3240","target":"3247"},{"source":"3240","target":"3252"},{"source":"3240","target":"3276"},{"source":"3240","target":"3291"},{"source":"3240","target":"3299"},{"source":"3240","target":"3316"},{"source":"3240","target":"3319"},{"source":"3240","target":"3320"},{"source":"3240","target":"3321"},{"source":"3240","target":"3330"},{"source":"3240","target":"3332"},{"source":"3240","target":"3335"},{"source":"3240","target":"3341"},{"source":"3240","target":"3342"},{"source":"3240","target":"3344"},{"source":"3240","target":"3345"},{"source":"3240","target":"3355"},{"source":"3240","target":"3386"},{"source":"3240","target":"3391"},{"source":"3240","target":"3397"},{"source":"3240","target":"3406"},{"source":"3240","target":"3416"},{"source":"3240","target":"3421"},{"source":"3240","target":"3434"},{"source":"3241","target":"3285"},{"source":"3241","target":"3371"},{"source":"3241","target":"3410"},{"source":"3241","target":"3412"},{"source":"3241","target":"3420"},{"source":"3242","target":"3274"},{"source":"3242","target":"3329"},{"source":"3242","target":"3411"},{"source":"3243","target":"3293"},{"source":"3243","target":"3363"},{"source":"3243","target":"3384"},{"source":"3243","target":"3417"},{"source":"3243","target":"3433"},{"source":"3243","target":"3435"},{"source":"3244","target":"3246"},{"source":"3245","target":"3263"},{"source":"3245","target":"3278"},{"source":"3245","target":"3403"},{"source":"3246","target":"3275"},{"source":"3246","target":"3295"},{"source":"3246","target":"3321"},{"source":"3247","target":"3252"},{"source":"3247","target":"3265"},{"source":"3247","target":"3277"},{"source":"3247","target":"3280"},{"source":"3247","target":"3291"},{"source":"3247","target":"3296"},{"source":"3247","target":"3297"},{"source":"3247","target":"3316"},{"source":"3247","target":"3330"},{"source":"3247","target":"3335"},{"source":"3247","target":"3344"},{"source":"3247","target":"3347"},{"source":"3247","target":"3351"},{"source":"3247","target":"3355"},{"source":"3247","target":"3381"},{"source":"3247","target":"3391"},{"source":"3247","target":"3397"},{"source":"3247","target":"3416"},{"source":"3247","target":"3419"},{"source":"3247","target":"3434"},{"source":"3248","target":"3274"},{"source":"3248","target":"3313"},{"source":"3248","target":"3327"},{"source":"3248","target":"3360"},{"source":"3248","target":"3383"},{"source":"3248","target":"3389"},{"source":"3248","target":"3395"},{"source":"3248","target":"3424"},{"source":"3248","target":"3431"},{"source":"3249","target":"3346"},{"source":"3249","target":"3421"},{"source":"3250","target":"3363"},{"source":"3250","target":"3387"},{"source":"3251","target":"3372"},{"source":"3252","target":"3265"},{"source":"3252","target":"3267"},{"source":"3252","target":"3277"},{"source":"3252","target":"3280"},{"source":"3252","target":"3291"},{"source":"3252","target":"3297"},{"source":"3252","target":"3299"},{"source":"3252","target":"3316"},{"source":"3252","target":"3320"},{"source":"3252","target":"3321"},{"source":"3252","target":"3330"},{"source":"3252","target":"3335"},{"source":"3252","target":"3342"},{"source":"3252","target":"3344"},{"source":"3252","target":"3345"},{"source":"3252","target":"3347"},{"source":"3252","target":"3351"},{"source":"3252","target":"3355"},{"source":"3252","target":"3381"},{"source":"3252","target":"3385"},{"source":"3252","target":"3391"},{"source":"3252","target":"3397"},{"source":"3252","target":"3406"},{"source":"3252","target":"3411"},{"source":"3252","target":"3416"},{"source":"3252","target":"3419"},{"source":"3252","target":"3434"},{"source":"3253","target":"3255"},{"source":"3253","target":"3256"},{"source":"3253","target":"3264"},{"source":"3253","target":"3289"},{"source":"3253","target":"3327"},{"source":"3253","target":"3345"},{"source":"3253","target":"3369"},{"source":"3253","target":"3385"},{"source":"3253","target":"3404"},{"source":"3253","target":"3411"},{"source":"3253","target":"3431"},{"source":"3254","target":"3272"},{"source":"3254","target":"3280"},{"source":"3254","target":"3343"},{"source":"3254","target":"3409"},{"source":"3254","target":"3411"},{"source":"3255","target":"3256"},{"source":"3255","target":"3264"},{"source":"3255","target":"3369"},{"source":"3255","target":"3385"},{"source":"3256","target":"3263"},{"source":"3256","target":"3264"},{"source":"3256","target":"3274"},{"source":"3256","target":"3312"},{"source":"3256","target":"3338"},{"source":"3256","target":"3358"},{"source":"3256","target":"3365"},{"source":"3256","target":"3369"},{"source":"3256","target":"3376"},{"source":"3256","target":"3385"},{"source":"3256","target":"3393"},{"source":"3256","target":"3397"},{"source":"3256","target":"3401"},{"source":"3256","target":"3402"},{"source":"3256","target":"3418"},{"source":"3256","target":"3425"},{"source":"3256","target":"3427"},{"source":"3256","target":"3429"},{"source":"3257","target":"3293"},{"source":"3257","target":"3362"},{"source":"3257","target":"3364"},{"source":"3257","target":"3387"},{"source":"3257","target":"3426"},{"source":"3257","target":"3433"},{"source":"3257","target":"3435"},{"source":"3258","target":"3262"},{"source":"3258","target":"3274"},{"source":"3258","target":"3291"},{"source":"3258","target":"3299"},{"source":"3258","target":"3320"},{"source":"3258","target":"3332"},{"source":"3258","target":"3342"},{"source":"3258","target":"3350"},{"source":"3258","target":"3360"},{"source":"3258","target":"3396"},{"source":"3258","target":"3411"},{"source":"3258","target":"3434"},{"source":"3259","target":"3263"},{"source":"3259","target":"3276"},{"source":"3259","target":"3330"},{"source":"3259","target":"3337"},{"source":"3259","target":"3365"},{"source":"3259","target":"3369"},{"source":"3259","target":"3380"},{"source":"3259","target":"3395"},{"source":"3259","target":"3404"},{"source":"3260","target":"3287"},{"source":"3260","target":"3288"},{"source":"3260","target":"3292"},{"source":"3260","target":"3298"},{"source":"3260","target":"3299"},{"source":"3260","target":"3345"},{"source":"3260","target":"3360"},{"source":"3260","target":"3386"},{"source":"3260","target":"3406"},{"source":"3261","target":"3262"},{"source":"3261","target":"3274"},{"source":"3261","target":"3280"},{"source":"3261","target":"3287"},{"source":"3261","target":"3291"},{"source":"3261","target":"3298"},{"source":"3261","target":"3320"},{"source":"3261","target":"3332"},{"source":"3261","target":"3335"},{"source":"3261","target":"3350"},{"source":"3261","target":"3377"},{"source":"3261","target":"3378"},{"source":"3261","target":"3396"},{"source":"3261","target":"3397"},{"source":"3261","target":"3403"},{"source":"3261","target":"3422"},{"source":"3261","target":"3434"},{"source":"3262","target":"3287"},{"source":"3262","target":"3332"},{"source":"3262","target":"3350"},{"source":"3262","target":"3396"},{"source":"3262","target":"3411"},{"source":"3263","target":"3266"},{"source":"3263","target":"3278"},{"source":"3263","target":"3279"},{"source":"3263","target":"3287"},{"source":"3263","target":"3308"},{"source":"3263","target":"3398"},{"source":"3263","target":"3403"},{"source":"3263","target":"3405"},{"source":"3263","target":"3406"},{"source":"3264","target":"3337"},{"source":"3264","target":"3358"},{"source":"3264","target":"3365"},{"source":"3264","target":"3369"},{"source":"3264","target":"3385"},{"source":"3264","target":"3402"},{"source":"3264","target":"3404"},{"source":"3265","target":"3267"},{"source":"3265","target":"3277"},{"source":"3265","target":"3280"},{"source":"3265","target":"3297"},{"source":"3265","target":"3316"},{"source":"3265","target":"3351"},{"source":"3265","target":"3397"},{"source":"3265","target":"3416"},{"source":"3265","target":"3419"},{"source":"3266","target":"3308"},{"source":"3266","target":"3398"},{"source":"3266","target":"3405"},{"source":"3267","target":"3270"},{"source":"3267","target":"3277"},{"source":"3267","target":"3280"},{"source":"3267","target":"3291"},{"source":"3267","target":"3297"},{"source":"3267","target":"3299"},{"source":"3267","target":"3316"},{"source":"3267","target":"3320"},{"source":"3267","target":"3330"},{"source":"3267","target":"3335"},{"source":"3267","target":"3344"},{"source":"3267","target":"3347"},{"source":"3267","target":"3351"},{"source":"3267","target":"3365"},{"source":"3267","target":"3378"},{"source":"3267","target":"3381"},{"source":"3267","target":"3397"},{"source":"3267","target":"3416"},{"source":"3267","target":"3419"},{"source":"3268","target":"3407"},{"source":"3269","target":"3400"},{"source":"3272","target":"3274"},{"source":"3272","target":"3280"},{"source":"3272","target":"3291"},{"source":"3272","target":"3306"},{"source":"3272","target":"3320"},{"source":"3272","target":"3328"},{"source":"3272","target":"3347"},{"source":"3272","target":"3350"},{"source":"3272","target":"3351"},{"source":"3272","target":"3360"},{"source":"3272","target":"3378"},{"source":"3272","target":"3381"},{"source":"3272","target":"3422"},{"source":"3273","target":"3295"},{"source":"3273","target":"3346"},{"source":"3273","target":"3366"},{"source":"3273","target":"3373"},{"source":"3273","target":"3412"},{"source":"3274","target":"3281"},{"source":"3274","target":"3287"},{"source":"3274","target":"3291"},{"source":"3274","target":"3302"},{"source":"3274","target":"3313"},{"source":"3274","target":"3320"},{"source":"3274","target":"3350"},{"source":"3274","target":"3353"},{"source":"3274","target":"3360"},{"source":"3274","target":"3367"},{"source":"3274","target":"3375"},{"source":"3274","target":"3377"},{"source":"3274","target":"3396"},{"source":"3274","target":"3397"},{"source":"3274","target":"3422"},{"source":"3275","target":"3291"},{"source":"3275","target":"3292"},{"source":"3275","target":"3318"},{"source":"3275","target":"3327"},{"source":"3275","target":"3359"},{"source":"3275","target":"3385"},{"source":"3276","target":"3299"},{"source":"3276","target":"3340"},{"source":"3276","target":"3343"},{"source":"3276","target":"3353"},{"source":"3277","target":"3280"},{"source":"3277","target":"3291"},{"source":"3277","target":"3297"},{"source":"3277","target":"3316"},{"source":"3277","target":"3320"},{"source":"3277","target":"3321"},{"source":"3277","target":"3330"},{"source":"3277","target":"3344"},{"source":"3277","target":"3351"},{"source":"3277","target":"3378"},{"source":"3277","target":"3381"},{"source":"3277","target":"3391"},{"source":"3277","target":"3397"},{"source":"3277","target":"3416"},{"source":"3277","target":"3419"},{"source":"3277","target":"3434"},{"source":"3278","target":"3335"},{"source":"3278","target":"3361"},{"source":"3279","target":"3305"},{"source":"3279","target":"3326"},{"source":"3279","target":"3353"},{"source":"3279","target":"3374"},{"source":"3279","target":"3395"},{"source":"3279","target":"3432"},{"source":"3280","target":"3288"},{"source":"3280","target":"3291"},{"source":"3280","target":"3296"},{"source":"3280","target":"3297"},{"source":"3280","target":"3298"},{"source":"3280","target":"3306"},{"source":"3280","target":"3320"},{"source":"3280","target":"3327"},{"source":"3280","target":"3330"},{"source":"3280","target":"3332"},{"source":"3280","target":"3344"},{"source":"3280","target":"3347"},{"source":"3280","target":"3350"},{"source":"3280","target":"3351"},{"source":"3280","target":"3360"},{"source":"3280","target":"3378"},{"source":"3280","target":"3381"},{"source":"3280","target":"3391"},{"source":"3280","target":"3396"},{"source":"3280","target":"3397"},{"source":"3280","target":"3419"},{"source":"3280","target":"3422"},{"source":"3280","target":"3431"},{"source":"3280","target":"3434"},{"source":"3281","target":"3320"},{"source":"3281","target":"3367"},{"source":"3281","target":"3377"},{"source":"3281","target":"3378"},{"source":"3281","target":"3396"},{"source":"3283","target":"3309"},{"source":"3283","target":"3314"},{"source":"3283","target":"3318"},{"source":"3283","target":"3325"},{"source":"3283","target":"3382"},{"source":"3283","target":"3423"},{"source":"3284","target":"3324"},{"source":"3284","target":"3339"},{"source":"3284","target":"3348"},{"source":"3284","target":"3363"},{"source":"3284","target":"3387"},{"source":"3284","target":"3426"},{"source":"3285","target":"3356"},{"source":"3285","target":"3366"},{"source":"3285","target":"3371"},{"source":"3285","target":"3410"},{"source":"3285","target":"3420"},{"source":"3286","target":"3324"},{"source":"3286","target":"3414"},{"source":"3286","target":"3417"},{"source":"3287","target":"3298"},{"source":"3287","target":"3320"},{"source":"3287","target":"3332"},{"source":"3287","target":"3353"},{"source":"3287","target":"3355"},{"source":"3287","target":"3377"},{"source":"3287","target":"3396"},{"source":"3287","target":"3403"},{"source":"3287","target":"3406"},{"source":"3287","target":"3422"},{"source":"3288","target":"3291"},{"source":"3288","target":"3297"},{"source":"3288","target":"3313"},{"source":"3288","target":"3332"},{"source":"3288","target":"3350"},{"source":"3288","target":"3355"},{"source":"3288","target":"3360"},{"source":"3288","target":"3386"},{"source":"3288","target":"3393"},{"source":"3288","target":"3397"},{"source":"3288","target":"3411"},{"source":"3288","target":"3419"},{"source":"3288","target":"3422"},{"source":"3288","target":"3434"},{"source":"3289","target":"3302"},{"source":"3289","target":"3331"},{"source":"3289","target":"3341"},{"source":"3289","target":"3396"},{"source":"3291","target":"3297"},{"source":"3291","target":"3299"},{"source":"3291","target":"3302"},{"source":"3291","target":"3313"},{"source":"3291","target":"3320"},{"source":"3291","target":"3321"},{"source":"3291","target":"3330"},{"source":"3291","target":"3332"},{"source":"3291","target":"3335"},{"source":"3291","target":"3337"},{"source":"3291","target":"3341"},{"source":"3291","target":"3342"},{"source":"3291","target":"3344"},{"source":"3291","target":"3345"},{"source":"3291","target":"3347"},{"source":"3291","target":"3351"},{"source":"3291","target":"3353"},{"source":"3291","target":"3355"},{"source":"3291","target":"3360"},{"source":"3291","target":"3378"},{"source":"3291","target":"3380"},{"source":"3291","target":"3386"},{"source":"3291","target":"3391"},{"source":"3291","target":"3396"},{"source":"3291","target":"3397"},{"source":"3291","target":"3406"},{"source":"3291","target":"3416"},{"source":"3291","target":"3421"},{"source":"3291","target":"3422"},{"source":"3291","target":"3434"},{"source":"3292","target":"3302"},{"source":"3292","target":"3331"},{"source":"3292","target":"3341"},{"source":"3293","target":"3339"},{"source":"3293","target":"3348"},{"source":"3293","target":"3362"},{"source":"3293","target":"3363"},{"source":"3293","target":"3384"},{"source":"3293","target":"3394"},{"source":"3293","target":"3426"},{"source":"3293","target":"3433"},{"source":"3293","target":"3435"},{"source":"3294","target":"3303"},{"source":"3294","target":"3315"},{"source":"3294","target":"3324"},{"source":"3294","target":"3333"},{"source":"3294","target":"3362"},{"source":"3295","target":"3331"},{"source":"3295","target":"3334"},{"source":"3295","target":"3346"},{"source":"3295","target":"3356"},{"source":"3295","target":"3366"},{"source":"3295","target":"3412"},{"source":"3295","target":"3415"},{"source":"3296","target":"3297"},{"source":"3296","target":"3302"},{"source":"3296","target":"3304"},{"source":"3296","target":"3321"},{"source":"3296","target":"3337"},{"source":"3296","target":"3344"},{"source":"3296","target":"3350"},{"source":"3296","target":"3351"},{"source":"3296","target":"3411"},{"source":"3296","target":"3415"},{"source":"3296","target":"3434"},{"source":"3297","target":"3316"},{"source":"3297","target":"3330"},{"source":"3297","target":"3335"},{"source":"3297","target":"3351"},{"source":"3297","target":"3381"},{"source":"3297","target":"3391"},{"source":"3297","target":"3397"},{"source":"3297","target":"3416"},{"source":"3297","target":"3419"},{"source":"3298","target":"3306"},{"source":"3298","target":"3320"},{"source":"3298","target":"3328"},{"source":"3298","target":"3332"},{"source":"3298","target":"3350"},{"source":"3298","target":"3378"},{"source":"3298","target":"3381"},{"source":"3298","target":"3396"},{"source":"3299","target":"3321"},{"source":"3299","target":"3340"},{"source":"3299","target":"3342"},{"source":"3299","target":"3344"},{"source":"3299","target":"3345"},{"source":"3299","target":"3351"},{"source":"3299","target":"3353"},{"source":"3299","target":"3360"},{"source":"3299","target":"3391"},{"source":"3299","target":"3397"},{"source":"3299","target":"3403"},{"source":"3299","target":"3406"},{"source":"3299","target":"3421"},{"source":"3299","target":"3434"},{"source":"3300","target":"3392"},{"source":"3300","target":"3426"},{"source":"3300","target":"3430"},{"source":"3301","target":"3363"},{"source":"3301","target":"3387"},{"source":"3301","target":"3426"},{"source":"3301","target":"3436"},{"source":"3302","target":"3321"},{"source":"3302","target":"3330"},{"source":"3302","target":"3341"},{"source":"3302","target":"3343"},{"source":"3302","target":"3347"},{"source":"3302","target":"3350"},{"source":"3302","target":"3351"},{"source":"3302","target":"3356"},{"source":"3302","target":"3373"},{"source":"3302","target":"3403"},{"source":"3303","target":"3315"},{"source":"3303","target":"3324"},{"source":"3303","target":"3426"},{"source":"3304","target":"3324"},{"source":"3304","target":"3404"},{"source":"3305","target":"3374"},{"source":"3306","target":"3331"},{"source":"3306","target":"3351"},{"source":"3306","target":"3353"},{"source":"3306","target":"3422"},{"source":"3307","target":"3341"},{"source":"3307","target":"3374"},{"source":"3307","target":"3406"},{"source":"3308","target":"3398"},{"source":"3308","target":"3405"},{"source":"3309","target":"3311"},{"source":"3309","target":"3314"},{"source":"3309","target":"3318"},{"source":"3309","target":"3325"},{"source":"3309","target":"3382"},{"source":"3309","target":"3423"},{"source":"3311","target":"3318"},{"source":"3311","target":"3325"},{"source":"3311","target":"3382"},{"source":"3312","target":"3365"},{"source":"3312","target":"3393"},{"source":"3313","target":"3327"},{"source":"3313","target":"3342"},{"source":"3314","target":"3318"},{"source":"3314","target":"3325"},{"source":"3314","target":"3382"},{"source":"3314","target":"3423"},{"source":"3315","target":"3362"},{"source":"3316","target":"3344"},{"source":"3316","target":"3391"},{"source":"3316","target":"3397"},{"source":"3316","target":"3416"},{"source":"3316","target":"3419"},{"source":"3317","target":"3394"},{"source":"3318","target":"3325"},{"source":"3318","target":"3382"},{"source":"3318","target":"3423"},{"source":"3319","target":"3321"},{"source":"3319","target":"3344"},{"source":"3319","target":"3350"},{"source":"3319","target":"3393"},{"source":"3319","target":"3411"},{"source":"3320","target":"3321"},{"source":"3320","target":"3332"},{"source":"3320","target":"3344"},{"source":"3320","target":"3345"},{"source":"3320","target":"3347"},{"source":"3320","target":"3350"},{"source":"3320","target":"3353"},{"source":"3320","target":"3355"},{"source":"3320","target":"3360"},{"source":"3320","target":"3367"},{"source":"3320","target":"3377"},{"source":"3320","target":"3378"},{"source":"3320","target":"3381"},{"source":"3320","target":"3386"},{"source":"3320","target":"3396"},{"source":"3320","target":"3397"},{"source":"3320","target":"3403"},{"source":"3320","target":"3406"},{"source":"3320","target":"3422"},{"source":"3320","target":"3434"},{"source":"3321","target":"3327"},{"source":"3321","target":"3342"},{"source":"3321","target":"3344"},{"source":"3321","target":"3345"},{"source":"3321","target":"3351"},{"source":"3321","target":"3355"},{"source":"3321","target":"3360"},{"source":"3321","target":"3365"},{"source":"3321","target":"3380"},{"source":"3321","target":"3386"},{"source":"3321","target":"3391"},{"source":"3321","target":"3397"},{"source":"3321","target":"3406"},{"source":"3321","target":"3421"},{"source":"3321","target":"3422"},{"source":"3321","target":"3434"},{"source":"3322","target":"3336"},{"source":"3323","target":"3397"},{"source":"3324","target":"3339"},{"source":"3324","target":"3362"},{"source":"3324","target":"3363"},{"source":"3324","target":"3388"},{"source":"3324","target":"3390"},{"source":"3324","target":"3414"},{"source":"3324","target":"3417"},{"source":"3324","target":"3426"},{"source":"3325","target":"3382"},{"source":"3325","target":"3383"},{"source":"3325","target":"3423"},{"source":"3326","target":"3327"},{"source":"3326","target":"3342"},{"source":"3326","target":"3393"},{"source":"3326","target":"3395"},{"source":"3327","target":"3347"},{"source":"3327","target":"3366"},{"source":"3327","target":"3369"},{"source":"3327","target":"3383"},{"source":"3327","target":"3389"},{"source":"3327","target":"3421"},{"source":"3327","target":"3424"},{"source":"3328","target":"3343"},{"source":"3328","target":"3369"},{"source":"3329","target":"3349"},{"source":"3329","target":"3409"},{"source":"3329","target":"3431"},{"source":"3330","target":"3332"},{"source":"3330","target":"3335"},{"source":"3330","target":"3337"},{"source":"3330","target":"3344"},{"source":"3330","target":"3345"},{"source":"3330","target":"3347"},{"source":"3330","target":"3351"},{"source":"3330","target":"3355"},{"source":"3330","target":"3358"},{"source":"3330","target":"3369"},{"source":"3330","target":"3381"},{"source":"3330","target":"3391"},{"source":"3330","target":"3396"},{"source":"3330","target":"3397"},{"source":"3330","target":"3404"},{"source":"3330","target":"3411"},{"source":"3330","target":"3419"},{"source":"3330","target":"3422"},{"source":"3330","target":"3434"},{"source":"3331","target":"3353"},{"source":"3331","target":"3358"},{"source":"3331","target":"3366"},{"source":"3331","target":"3373"},{"source":"3331","target":"3395"},{"source":"3331","target":"3405"},{"source":"3332","target":"3347"},{"source":"3332","target":"3350"},{"source":"3332","target":"3353"},{"source":"3332","target":"3355"},{"source":"3332","target":"3378"},{"source":"3332","target":"3396"},{"source":"3332","target":"3403"},{"source":"3332","target":"3411"},{"source":"3332","target":"3434"},{"source":"3333","target":"3388"},{"source":"3333","target":"3394"},{"source":"3334","target":"3366"},{"source":"3335","target":"3350"},{"source":"3335","target":"3351"},{"source":"3335","target":"3357"},{"source":"3335","target":"3360"},{"source":"3335","target":"3385"},{"source":"3335","target":"3397"},{"source":"3335","target":"3411"},{"source":"3335","target":"3419"},{"source":"3335","target":"3434"},{"source":"3337","target":"3369"},{"source":"3338","target":"3376"},{"source":"3338","target":"3401"},{"source":"3338","target":"3402"},{"source":"3338","target":"3425"},{"source":"3338","target":"3427"},{"source":"3339","target":"3348"},{"source":"3339","target":"3362"},{"source":"3339","target":"3363"},{"source":"3339","target":"3387"},{"source":"3339","target":"3400"},{"source":"3339","target":"3417"},{"source":"3339","target":"3426"},{"source":"3340","target":"3365"},{"source":"3341","target":"3342"},{"source":"3341","target":"3359"},{"source":"3341","target":"3369"},{"source":"3342","target":"3344"},{"source":"3342","target":"3345"},{"source":"3342","target":"3353"},{"source":"3342","target":"3355"},{"source":"3342","target":"3391"},{"source":"3342","target":"3403"},{"source":"3342","target":"3406"},{"source":"3342","target":"3416"},{"source":"3342","target":"3419"},{"source":"3342","target":"3421"},{"source":"3343","target":"3411"},{"source":"3344","target":"3345"},{"source":"3344","target":"3351"},{"source":"3344","target":"3355"},{"source":"3344","target":"3386"},{"source":"3344","target":"3391"},{"source":"3344","target":"3393"},{"source":"3344","target":"3397"},{"source":"3344","target":"3406"},{"source":"3344","target":"3416"},{"source":"3344","target":"3434"},{"source":"3345","target":"3352"},{"source":"3345","target":"3355"},{"source":"3345","target":"3360"},{"source":"3345","target":"3386"},{"source":"3345","target":"3391"},{"source":"3345","target":"3397"},{"source":"3345","target":"3403"},{"source":"3345","target":"3406"},{"source":"3345","target":"3434"},{"source":"3346","target":"3361"},{"source":"3346","target":"3366"},{"source":"3346","target":"3379"},{"source":"3346","target":"3415"},{"source":"3346","target":"3421"},{"source":"3347","target":"3350"},{"source":"3347","target":"3351"},{"source":"3347","target":"3366"},{"source":"3347","target":"3378"},{"source":"3347","target":"3381"},{"source":"3347","target":"3396"},{"source":"3347","target":"3397"},{"source":"3347","target":"3403"},{"source":"3347","target":"3406"},{"source":"3347","target":"3416"},{"source":"3347","target":"3434"},{"source":"3348","target":"3363"},{"source":"3348","target":"3384"},{"source":"3348","target":"3387"},{"source":"3348","target":"3426"},{"source":"3348","target":"3435"},{"source":"3349","target":"3353"},{"source":"3349","target":"3360"},{"source":"3350","target":"3355"},{"source":"3350","target":"3360"},{"source":"3350","target":"3381"},{"source":"3350","target":"3386"},{"source":"3350","target":"3396"},{"source":"3350","target":"3411"},{"source":"3351","target":"3357"},{"source":"3351","target":"3360"},{"source":"3351","target":"3381"},{"source":"3351","target":"3391"},{"source":"3351","target":"3397"},{"source":"3351","target":"3416"},{"source":"3351","target":"3419"},{"source":"3351","target":"3431"},{"source":"3351","target":"3434"},{"source":"3352","target":"3360"},{"source":"3353","target":"3355"},{"source":"3353","target":"3360"},{"source":"3353","target":"3385"},{"source":"3353","target":"3386"},{"source":"3353","target":"3397"},{"source":"3353","target":"3403"},{"source":"3353","target":"3422"},{"source":"3353","target":"3434"},{"source":"3355","target":"3386"},{"source":"3355","target":"3391"},{"source":"3355","target":"3396"},{"source":"3355","target":"3397"},{"source":"3355","target":"3406"},{"source":"3355","target":"3434"},{"source":"3356","target":"3366"},{"source":"3356","target":"3412"},{"source":"3357","target":"3360"},{"source":"3358","target":"3369"},{"source":"3358","target":"3385"},{"source":"3359","target":"3366"},{"source":"3359","target":"3412"},{"source":"3360","target":"3386"},{"source":"3360","target":"3397"},{"source":"3360","target":"3406"},{"source":"3360","target":"3415"},{"source":"3360","target":"3431"},{"source":"3360","target":"3434"},{"source":"3362","target":"3363"},{"source":"3362","target":"3364"},{"source":"3362","target":"3384"},{"source":"3362","target":"3387"},{"source":"3362","target":"3390"},{"source":"3362","target":"3417"},{"source":"3362","target":"3426"},{"source":"3362","target":"3433"},{"source":"3362","target":"3435"},{"source":"3363","target":"3387"},{"source":"3363","target":"3394"},{"source":"3363","target":"3399"},{"source":"3363","target":"3414"},{"source":"3363","target":"3417"},{"source":"3363","target":"3426"},{"source":"3363","target":"3430"},{"source":"3363","target":"3433"},{"source":"3364","target":"3384"},{"source":"3364","target":"3417"},{"source":"3364","target":"3433"},{"source":"3364","target":"3435"},{"source":"3365","target":"3369"},{"source":"3365","target":"3385"},{"source":"3365","target":"3393"},{"source":"3365","target":"3395"},{"source":"3365","target":"3397"},{"source":"3365","target":"3429"},{"source":"3366","target":"3370"},{"source":"3366","target":"3379"},{"source":"3366","target":"3403"},{"source":"3366","target":"3412"},{"source":"3366","target":"3415"},{"source":"3367","target":"3377"},{"source":"3367","target":"3396"},{"source":"3369","target":"3385"},{"source":"3369","target":"3395"},{"source":"3371","target":"3410"},{"source":"3371","target":"3412"},{"source":"3371","target":"3420"},{"source":"3376","target":"3401"},{"source":"3376","target":"3402"},{"source":"3376","target":"3425"},{"source":"3376","target":"3427"},{"source":"3377","target":"3378"},{"source":"3377","target":"3396"},{"source":"3377","target":"3422"},{"source":"3378","target":"3381"},{"source":"3378","target":"3396"},{"source":"3378","target":"3397"},{"source":"3378","target":"3419"},{"source":"3379","target":"3412"},{"source":"3381","target":"3416"},{"source":"3381","target":"3419"},{"source":"3381","target":"3434"},{"source":"3382","target":"3423"},{"source":"3384","target":"3387"},{"source":"3384","target":"3417"},{"source":"3384","target":"3435"},{"source":"3386","target":"3396"},{"source":"3386","target":"3397"},{"source":"3386","target":"3403"},{"source":"3386","target":"3406"},{"source":"3386","target":"3434"},{"source":"3387","target":"3390"},{"source":"3387","target":"3399"},{"source":"3387","target":"3417"},{"source":"3387","target":"3426"},{"source":"3387","target":"3435"},{"source":"3388","target":"3394"},{"source":"3390","target":"3394"},{"source":"3391","target":"3397"},{"source":"3391","target":"3406"},{"source":"3391","target":"3416"},{"source":"3391","target":"3434"},{"source":"3392","target":"3426"},{"source":"3392","target":"3428"},{"source":"3392","target":"3430"},{"source":"3394","target":"3426"},{"source":"3395","target":"3403"},{"source":"3395","target":"3406"},{"source":"3395","target":"3415"},{"source":"3396","target":"3403"},{"source":"3396","target":"3411"},{"source":"3396","target":"3422"},{"source":"3396","target":"3434"},{"source":"3397","target":"3406"},{"source":"3397","target":"3416"},{"source":"3397","target":"3419"},{"source":"3397","target":"3434"},{"source":"3398","target":"3405"},{"source":"3399","target":"3433"},{"source":"3401","target":"3402"},{"source":"3401","target":"3425"},{"source":"3401","target":"3427"},{"source":"3402","target":"3425"},{"source":"3402","target":"3427"},{"source":"3403","target":"3422"},{"source":"3406","target":"3409"},{"source":"3406","target":"3421"},{"source":"3406","target":"3422"},{"source":"3406","target":"3434"},{"source":"3410","target":"3412"},{"source":"3410","target":"3420"},{"source":"3411","target":"3434"},{"source":"3412","target":"3420"},{"source":"3416","target":"3419"},{"source":"3416","target":"3434"},{"source":"3417","target":"3433"},{"source":"3417","target":"3435"},{"source":"3419","target":"3434"},{"source":"3422","target":"3434"},{"source":"3425","target":"3427"},{"source":"3426","target":"3430"},{"source":"3437","target":"3438"},{"source":"3437","target":"3439"},{"source":"3437","target":"3440"},{"source":"3437","target":"3441"},{"source":"3437","target":"3442"},{"source":"3437","target":"3443"},{"source":"3437","target":"3444"},{"source":"3437","target":"3445"},{"source":"3437","target":"3446"},{"source":"3437","target":"3447"},{"source":"3437","target":"3448"},{"source":"3437","target":"3449"},{"source":"3437","target":"3450"},{"source":"3437","target":"3451"},{"source":"3437","target":"3452"},{"source":"3437","target":"3453"},{"source":"3437","target":"3454"},{"source":"3437","target":"3455"},{"source":"3437","target":"3456"},{"source":"3437","target":"3457"},{"source":"3437","target":"3458"},{"source":"3437","target":"3459"},{"source":"3437","target":"3460"},{"source":"3437","target":"3461"},{"source":"3437","target":"3462"},{"source":"3437","target":"3463"},{"source":"3437","target":"3464"},{"source":"3437","target":"3465"},{"source":"3437","target":"3466"},{"source":"3437","target":"3467"},{"source":"3437","target":"3468"},{"source":"3437","target":"3469"},{"source":"3437","target":"3470"},{"source":"3437","target":"3471"},{"source":"3437","target":"3472"},{"source":"3437","target":"3473"},{"source":"3437","target":"3474"},{"source":"3437","target":"3475"},{"source":"3437","target":"3476"},{"source":"3437","target":"3477"},{"source":"3437","target":"3478"},{"source":"3437","target":"3479"},{"source":"3437","target":"3480"},{"source":"3437","target":"3481"},{"source":"3437","target":"3482"},{"source":"3437","target":"3483"},{"source":"3437","target":"3484"},{"source":"3437","target":"3485"},{"source":"3437","target":"3486"},{"source":"3437","target":"3487"},{"source":"3437","target":"3488"},{"source":"3437","target":"3489"},{"source":"3437","target":"3490"},{"source":"3437","target":"3491"},{"source":"3437","target":"3492"},{"source":"3437","target":"3493"},{"source":"3437","target":"3494"},{"source":"3437","target":"3495"},{"source":"3437","target":"3496"},{"source":"3437","target":"3497"},{"source":"3437","target":"3498"},{"source":"3437","target":"3499"},{"source":"3437","target":"3500"},{"source":"3437","target":"3501"},{"source":"3437","target":"3502"},{"source":"3437","target":"3503"},{"source":"3437","target":"3504"},{"source":"3437","target":"3505"},{"source":"3437","target":"3506"},{"source":"3437","target":"3507"},{"source":"3437","target":"3508"},{"source":"3437","target":"3509"},{"source":"3437","target":"3510"},{"source":"3437","target":"3511"},{"source":"3437","target":"3512"},{"source":"3437","target":"3513"},{"source":"3437","target":"3514"},{"source":"3437","target":"3515"},{"source":"3437","target":"3516"},{"source":"3437","target":"3517"},{"source":"3437","target":"3518"},{"source":"3437","target":"3519"},{"source":"3437","target":"3520"},{"source":"3437","target":"3521"},{"source":"3437","target":"3522"},{"source":"3437","target":"3523"},{"source":"3437","target":"3524"},{"source":"3437","target":"3525"},{"source":"3437","target":"3526"},{"source":"3437","target":"3527"},{"source":"3437","target":"3528"},{"source":"3437","target":"3529"},{"source":"3437","target":"3530"},{"source":"3437","target":"3531"},{"source":"3437","target":"3532"},{"source":"3437","target":"3533"},{"source":"3437","target":"3534"},{"source":"3437","target":"3535"},{"source":"3437","target":"3536"},{"source":"3437","target":"3537"},{"source":"3437","target":"3538"},{"source":"3437","target":"3539"},{"source":"3437","target":"3540"},{"source":"3437","target":"3541"},{"source":"3437","target":"3542"},{"source":"3437","target":"3543"},{"source":"3437","target":"3544"},{"source":"3437","target":"3545"},{"source":"3437","target":"3546"},{"source":"3437","target":"3547"},{"source":"3437","target":"3548"},{"source":"3437","target":"3549"},{"source":"3437","target":"3550"},{"source":"3437","target":"3551"},{"source":"3437","target":"3552"},{"source":"3437","target":"3553"},{"source":"3437","target":"3554"},{"source":"3437","target":"3555"},{"source":"3437","target":"3556"},{"source":"3437","target":"3557"},{"source":"3437","target":"3558"},{"source":"3437","target":"3559"},{"source":"3437","target":"3560"},{"source":"3437","target":"3561"},{"source":"3437","target":"3562"},{"source":"3437","target":"3563"},{"source":"3437","target":"3564"},{"source":"3437","target":"3565"},{"source":"3437","target":"3566"},{"source":"3437","target":"3567"},{"source":"3437","target":"3568"},{"source":"3437","target":"3569"},{"source":"3437","target":"3570"},{"source":"3437","target":"3571"},{"source":"3437","target":"3572"},{"source":"3437","target":"3573"},{"source":"3437","target":"3574"},{"source":"3437","target":"3575"},{"source":"3437","target":"3576"},{"source":"3437","target":"3577"},{"source":"3437","target":"3578"},{"source":"3437","target":"3579"},{"source":"3437","target":"3580"},{"source":"3437","target":"3581"},{"source":"3437","target":"3582"},{"source":"3437","target":"3583"},{"source":"3437","target":"3584"},{"source":"3437","target":"3585"},{"source":"3437","target":"3586"},{"source":"3437","target":"3587"},{"source":"3437","target":"3588"},{"source":"3437","target":"3589"},{"source":"3437","target":"3590"},{"source":"3437","target":"3591"},{"source":"3437","target":"3592"},{"source":"3437","target":"3593"},{"source":"3437","target":"3594"},{"source":"3437","target":"3595"},{"source":"3437","target":"3596"},{"source":"3437","target":"3597"},{"source":"3437","target":"3598"},{"source":"3437","target":"3599"},{"source":"3437","target":"3600"},{"source":"3437","target":"3601"},{"source":"3437","target":"3602"},{"source":"3437","target":"3603"},{"source":"3437","target":"3604"},{"source":"3437","target":"3605"},{"source":"3437","target":"3606"},{"source":"3437","target":"3607"},{"source":"3437","target":"3608"},{"source":"3437","target":"3609"},{"source":"3437","target":"3610"},{"source":"3437","target":"3611"},{"source":"3437","target":"3612"},{"source":"3437","target":"3613"},{"source":"3437","target":"3614"},{"source":"3437","target":"3615"},{"source":"3437","target":"3616"},{"source":"3437","target":"3617"},{"source":"3437","target":"3618"},{"source":"3437","target":"3619"},{"source":"3437","target":"3620"},{"source":"3437","target":"3621"},{"source":"3437","target":"3622"},{"source":"3437","target":"3623"},{"source":"3437","target":"3624"},{"source":"3437","target":"3625"},{"source":"3437","target":"3626"},{"source":"3437","target":"3627"},{"source":"3437","target":"3628"},{"source":"3437","target":"3629"},{"source":"3437","target":"3630"},{"source":"3437","target":"3631"},{"source":"3437","target":"3632"},{"source":"3437","target":"3633"},{"source":"3437","target":"3634"},{"source":"3437","target":"3635"},{"source":"3437","target":"3636"},{"source":"3437","target":"3637"},{"source":"3437","target":"3638"},{"source":"3437","target":"3639"},{"source":"3437","target":"3640"},{"source":"3437","target":"3641"},{"source":"3437","target":"3642"},{"source":"3437","target":"3643"},{"source":"3437","target":"3644"},{"source":"3437","target":"3645"},{"source":"3437","target":"3646"},{"source":"3437","target":"3647"},{"source":"3437","target":"3648"},{"source":"3437","target":"3649"},{"source":"3437","target":"3650"},{"source":"3437","target":"3651"},{"source":"3437","target":"3652"},{"source":"3437","target":"3653"},{"source":"3437","target":"3654"},{"source":"3437","target":"3655"},{"source":"3437","target":"3656"},{"source":"3437","target":"3657"},{"source":"3437","target":"3658"},{"source":"3437","target":"3659"},{"source":"3437","target":"3660"},{"source":"3437","target":"3661"},{"source":"3437","target":"3662"},{"source":"3437","target":"3663"},{"source":"3437","target":"3664"},{"source":"3437","target":"3665"},{"source":"3437","target":"3666"},{"source":"3437","target":"3667"},{"source":"3437","target":"3668"},{"source":"3437","target":"3669"},{"source":"3437","target":"3670"},{"source":"3437","target":"3671"},{"source":"3437","target":"3672"},{"source":"3437","target":"3673"},{"source":"3437","target":"3674"},{"source":"3437","target":"3675"},{"source":"3437","target":"3676"},{"source":"3437","target":"3677"},{"source":"3437","target":"3678"},{"source":"3437","target":"3679"},{"source":"3437","target":"3680"},{"source":"3437","target":"3681"},{"source":"3437","target":"3682"},{"source":"3437","target":"3683"},{"source":"3437","target":"3684"},{"source":"3437","target":"3685"},{"source":"3437","target":"3686"},{"source":"3437","target":"3687"},{"source":"3437","target":"3688"},{"source":"3437","target":"3689"},{"source":"3437","target":"3690"},{"source":"3437","target":"3691"},{"source":"3437","target":"3692"},{"source":"3437","target":"3693"},{"source":"3437","target":"3694"},{"source":"3437","target":"3695"},{"source":"3437","target":"3696"},{"source":"3437","target":"3697"},{"source":"3437","target":"3698"},{"source":"3437","target":"3699"},{"source":"3437","target":"3700"},{"source":"3437","target":"3701"},{"source":"3437","target":"3702"},{"source":"3437","target":"3703"},{"source":"3437","target":"3704"},{"source":"3437","target":"3705"},{"source":"3437","target":"3706"},{"source":"3437","target":"3707"},{"source":"3437","target":"3708"},{"source":"3437","target":"3709"},{"source":"3437","target":"3710"},{"source":"3437","target":"3711"},{"source":"3437","target":"3712"},{"source":"3437","target":"3713"},{"source":"3437","target":"3714"},{"source":"3437","target":"3715"},{"source":"3437","target":"3716"},{"source":"3437","target":"3717"},{"source":"3437","target":"3718"},{"source":"3437","target":"3719"},{"source":"3437","target":"3720"},{"source":"3437","target":"3721"},{"source":"3437","target":"3722"},{"source":"3437","target":"3723"},{"source":"3437","target":"3724"},{"source":"3437","target":"3725"},{"source":"3437","target":"3726"},{"source":"3437","target":"3727"},{"source":"3437","target":"3728"},{"source":"3437","target":"3729"},{"source":"3437","target":"3730"},{"source":"3437","target":"3731"},{"source":"3437","target":"3732"},{"source":"3437","target":"3733"},{"source":"3437","target":"3734"},{"source":"3437","target":"3735"},{"source":"3437","target":"3736"},{"source":"3437","target":"3737"},{"source":"3437","target":"3738"},{"source":"3437","target":"3739"},{"source":"3437","target":"3740"},{"source":"3437","target":"3741"},{"source":"3437","target":"3742"},{"source":"3437","target":"3743"},{"source":"3437","target":"3744"},{"source":"3437","target":"3745"},{"source":"3437","target":"3746"},{"source":"3437","target":"3747"},{"source":"3437","target":"3748"},{"source":"3437","target":"3749"},{"source":"3437","target":"3750"},{"source":"3437","target":"3751"},{"source":"3437","target":"3752"},{"source":"3437","target":"3753"},{"source":"3437","target":"3754"},{"source":"3437","target":"3755"},{"source":"3437","target":"3756"},{"source":"3437","target":"3757"},{"source":"3437","target":"3758"},{"source":"3437","target":"3759"},{"source":"3437","target":"3760"},{"source":"3437","target":"3761"},{"source":"3437","target":"3762"},{"source":"3437","target":"3763"},{"source":"3437","target":"3764"},{"source":"3437","target":"3765"},{"source":"3437","target":"3766"},{"source":"3437","target":"3767"},{"source":"3437","target":"3768"},{"source":"3437","target":"3769"},{"source":"3437","target":"3770"},{"source":"3437","target":"3771"},{"source":"3437","target":"3772"},{"source":"3437","target":"3773"},{"source":"3437","target":"3774"},{"source":"3437","target":"3775"},{"source":"3437","target":"3776"},{"source":"3437","target":"3777"},{"source":"3437","target":"3778"},{"source":"3437","target":"3779"},{"source":"3437","target":"3780"},{"source":"3437","target":"3781"},{"source":"3437","target":"3782"},{"source":"3437","target":"3783"},{"source":"3437","target":"3784"},{"source":"3437","target":"3785"},{"source":"3437","target":"3786"},{"source":"3437","target":"3787"},{"source":"3437","target":"3788"},{"source":"3437","target":"3789"},{"source":"3437","target":"3790"},{"source":"3437","target":"3791"},{"source":"3437","target":"3792"},{"source":"3437","target":"3793"},{"source":"3437","target":"3794"},{"source":"3437","target":"3795"},{"source":"3437","target":"3796"},{"source":"3437","target":"3797"},{"source":"3437","target":"3798"},{"source":"3437","target":"3799"},{"source":"3437","target":"3800"},{"source":"3437","target":"3801"},{"source":"3437","target":"3802"},{"source":"3437","target":"3803"},{"source":"3437","target":"3804"},{"source":"3437","target":"3805"},{"source":"3437","target":"3806"},{"source":"3437","target":"3807"},{"source":"3437","target":"3808"},{"source":"3437","target":"3809"},{"source":"3437","target":"3810"},{"source":"3437","target":"3811"},{"source":"3437","target":"3812"},{"source":"3437","target":"3813"},{"source":"3437","target":"3814"},{"source":"3437","target":"3815"},{"source":"3437","target":"3816"},{"source":"3437","target":"3817"},{"source":"3437","target":"3818"},{"source":"3437","target":"3819"},{"source":"3437","target":"3820"},{"source":"3437","target":"3821"},{"source":"3437","target":"3822"},{"source":"3437","target":"3823"},{"source":"3437","target":"3824"},{"source":"3437","target":"3825"},{"source":"3437","target":"3826"},{"source":"3437","target":"3827"},{"source":"3437","target":"3828"},{"source":"3437","target":"3829"},{"source":"3437","target":"3830"},{"source":"3437","target":"3831"},{"source":"3437","target":"3832"},{"source":"3437","target":"3833"},{"source":"3437","target":"3834"},{"source":"3437","target":"3835"},{"source":"3437","target":"3836"},{"source":"3437","target":"3837"},{"source":"3437","target":"3838"},{"source":"3437","target":"3839"},{"source":"3437","target":"3840"},{"source":"3437","target":"3841"},{"source":"3437","target":"3842"},{"source":"3437","target":"3843"},{"source":"3437","target":"3844"},{"source":"3437","target":"3845"},{"source":"3437","target":"3846"},{"source":"3437","target":"3847"},{"source":"3437","target":"3848"},{"source":"3437","target":"3849"},{"source":"3437","target":"3850"},{"source":"3437","target":"3851"},{"source":"3437","target":"3852"},{"source":"3437","target":"3853"},{"source":"3437","target":"3854"},{"source":"3437","target":"3855"},{"source":"3437","target":"3856"},{"source":"3437","target":"3857"},{"source":"3437","target":"3858"},{"source":"3437","target":"3859"},{"source":"3437","target":"3860"},{"source":"3437","target":"3861"},{"source":"3437","target":"3862"},{"source":"3437","target":"3863"},{"source":"3437","target":"3864"},{"source":"3437","target":"3865"},{"source":"3437","target":"3866"},{"source":"3437","target":"3867"},{"source":"3437","target":"3868"},{"source":"3437","target":"3869"},{"source":"3437","target":"3870"},{"source":"3437","target":"3871"},{"source":"3437","target":"3872"},{"source":"3437","target":"3873"},{"source":"3437","target":"3874"},{"source":"3437","target":"3875"},{"source":"3437","target":"3876"},{"source":"3437","target":"3877"},{"source":"3437","target":"3878"},{"source":"3437","target":"3879"},{"source":"3437","target":"3880"},{"source":"3437","target":"3881"},{"source":"3437","target":"3882"},{"source":"3437","target":"3883"},{"source":"3437","target":"3884"},{"source":"3437","target":"3885"},{"source":"3437","target":"3886"},{"source":"3437","target":"3887"},{"source":"3437","target":"3888"},{"source":"3437","target":"3889"},{"source":"3437","target":"3890"},{"source":"3437","target":"3891"},{"source":"3437","target":"3892"},{"source":"3437","target":"3893"},{"source":"3437","target":"3894"},{"source":"3437","target":"3895"},{"source":"3437","target":"3896"},{"source":"3437","target":"3897"},{"source":"3437","target":"3898"},{"source":"3437","target":"3899"},{"source":"3437","target":"3900"},{"source":"3437","target":"3901"},{"source":"3437","target":"3902"},{"source":"3437","target":"3903"},{"source":"3437","target":"3904"},{"source":"3437","target":"3905"},{"source":"3437","target":"3906"},{"source":"3437","target":"3907"},{"source":"3437","target":"3908"},{"source":"3437","target":"3909"},{"source":"3437","target":"3910"},{"source":"3437","target":"3911"},{"source":"3437","target":"3912"},{"source":"3437","target":"3913"},{"source":"3437","target":"3914"},{"source":"3437","target":"3915"},{"source":"3437","target":"3916"},{"source":"3437","target":"3917"},{"source":"3437","target":"3918"},{"source":"3437","target":"3919"},{"source":"3437","target":"3920"},{"source":"3437","target":"3921"},{"source":"3437","target":"3922"},{"source":"3437","target":"3923"},{"source":"3437","target":"3924"},{"source":"3437","target":"3925"},{"source":"3437","target":"3926"},{"source":"3437","target":"3927"},{"source":"3437","target":"3928"},{"source":"3437","target":"3929"},{"source":"3437","target":"3930"},{"source":"3437","target":"3931"},{"source":"3437","target":"3932"},{"source":"3437","target":"3933"},{"source":"3437","target":"3934"},{"source":"3437","target":"3935"},{"source":"3437","target":"3936"},{"source":"3437","target":"3937"},{"source":"3437","target":"3938"},{"source":"3437","target":"3939"},{"source":"3437","target":"3940"},{"source":"3437","target":"3941"},{"source":"3437","target":"3942"},{"source":"3437","target":"3943"},{"source":"3437","target":"3944"},{"source":"3437","target":"3945"},{"source":"3437","target":"3946"},{"source":"3437","target":"3947"},{"source":"3437","target":"3948"},{"source":"3437","target":"3949"},{"source":"3437","target":"3950"},{"source":"3437","target":"3951"},{"source":"3437","target":"3952"},{"source":"3437","target":"3953"},{"source":"3437","target":"3954"},{"source":"3437","target":"3955"},{"source":"3437","target":"3956"},{"source":"3437","target":"3957"},{"source":"3437","target":"3958"},{"source":"3437","target":"3959"},{"source":"3437","target":"3960"},{"source":"3437","target":"3961"},{"source":"3437","target":"3962"},{"source":"3437","target":"3963"},{"source":"3437","target":"3964"},{"source":"3437","target":"3965"},{"source":"3437","target":"3966"},{"source":"3437","target":"3967"},{"source":"3437","target":"3968"},{"source":"3437","target":"3969"},{"source":"3437","target":"3970"},{"source":"3437","target":"3971"},{"source":"3437","target":"3972"},{"source":"3437","target":"3973"},{"source":"3437","target":"3974"},{"source":"3437","target":"3975"},{"source":"3437","target":"3976"},{"source":"3437","target":"3977"},{"source":"3437","target":"3978"},{"source":"3437","target":"3979"},{"source":"3438","target":"3448"},{"source":"3438","target":"3449"},{"source":"3438","target":"3456"},{"source":"3438","target":"3480"},{"source":"3438","target":"3491"},{"source":"3438","target":"3501"},{"source":"3438","target":"3517"},{"source":"3438","target":"3522"},{"source":"3438","target":"3533"},{"source":"3438","target":"3540"},{"source":"3438","target":"3545"},{"source":"3438","target":"3586"},{"source":"3438","target":"3633"},{"source":"3438","target":"3677"},{"source":"3438","target":"3693"},{"source":"3438","target":"3734"},{"source":"3438","target":"3760"},{"source":"3438","target":"3784"},{"source":"3438","target":"3842"},{"source":"3438","target":"3851"},{"source":"3438","target":"3877"},{"source":"3438","target":"3938"},{"source":"3438","target":"3971"},{"source":"3439","target":"3513"},{"source":"3439","target":"3616"},{"source":"3439","target":"3638"},{"source":"3439","target":"3647"},{"source":"3439","target":"3699"},{"source":"3439","target":"3716"},{"source":"3439","target":"3799"},{"source":"3439","target":"3932"},{"source":"3440","target":"3495"},{"source":"3440","target":"3501"},{"source":"3440","target":"3525"},{"source":"3440","target":"3540"},{"source":"3440","target":"3545"},{"source":"3440","target":"3576"},{"source":"3440","target":"3596"},{"source":"3440","target":"3600"},{"source":"3440","target":"3633"},{"source":"3440","target":"3684"},{"source":"3440","target":"3697"},{"source":"3440","target":"3703"},{"source":"3440","target":"3734"},{"source":"3440","target":"3755"},{"source":"3440","target":"3780"},{"source":"3440","target":"3797"},{"source":"3440","target":"3805"},{"source":"3440","target":"3842"},{"source":"3440","target":"3851"},{"source":"3440","target":"3877"},{"source":"3440","target":"3886"},{"source":"3440","target":"3938"},{"source":"3440","target":"3968"},{"source":"3440","target":"3971"},{"source":"3441","target":"3536"},{"source":"3441","target":"3538"},{"source":"3441","target":"3546"},{"source":"3441","target":"3662"},{"source":"3441","target":"3949"},{"source":"3442","target":"3455"},{"source":"3442","target":"3470"},{"source":"3442","target":"3472"},{"source":"3442","target":"3505"},{"source":"3442","target":"3508"},{"source":"3442","target":"3521"},{"source":"3442","target":"3526"},{"source":"3442","target":"3553"},{"source":"3442","target":"3590"},{"source":"3442","target":"3597"},{"source":"3442","target":"3599"},{"source":"3442","target":"3608"},{"source":"3442","target":"3615"},{"source":"3442","target":"3629"},{"source":"3442","target":"3636"},{"source":"3442","target":"3644"},{"source":"3442","target":"3663"},{"source":"3442","target":"3678"},{"source":"3442","target":"3685"},{"source":"3442","target":"3698"},{"source":"3442","target":"3705"},{"source":"3442","target":"3710"},{"source":"3442","target":"3713"},{"source":"3442","target":"3715"},{"source":"3442","target":"3722"},{"source":"3442","target":"3728"},{"source":"3442","target":"3735"},{"source":"3442","target":"3740"},{"source":"3442","target":"3753"},{"source":"3442","target":"3773"},{"source":"3442","target":"3778"},{"source":"3442","target":"3791"},{"source":"3442","target":"3802"},{"source":"3442","target":"3835"},{"source":"3442","target":"3850"},{"source":"3442","target":"3865"},{"source":"3442","target":"3867"},{"source":"3442","target":"3876"},{"source":"3442","target":"3907"},{"source":"3442","target":"3918"},{"source":"3442","target":"3921"},{"source":"3442","target":"3936"},{"source":"3442","target":"3941"},{"source":"3442","target":"3977"},{"source":"3443","target":"3460"},{"source":"3443","target":"3464"},{"source":"3443","target":"3466"},{"source":"3443","target":"3469"},{"source":"3443","target":"3529"},{"source":"3443","target":"3554"},{"source":"3443","target":"3582"},{"source":"3443","target":"3593"},{"source":"3443","target":"3630"},{"source":"3443","target":"3634"},{"source":"3443","target":"3645"},{"source":"3443","target":"3738"},{"source":"3443","target":"3752"},{"source":"3443","target":"3829"},{"source":"3443","target":"3859"},{"source":"3443","target":"3906"},{"source":"3443","target":"3909"},{"source":"3443","target":"3915"},{"source":"3443","target":"3937"},{"source":"3443","target":"3956"},{"source":"3443","target":"3972"},{"source":"3444","target":"3742"},{"source":"3444","target":"3849"},{"source":"3444","target":"3861"},{"source":"3444","target":"3904"},{"source":"3445","target":"3538"},{"source":"3445","target":"3628"},{"source":"3445","target":"3725"},{"source":"3445","target":"3743"},{"source":"3445","target":"3819"},{"source":"3445","target":"3868"},{"source":"3446","target":"3490"},{"source":"3446","target":"3531"},{"source":"3446","target":"3546"},{"source":"3446","target":"3549"},{"source":"3446","target":"3580"},{"source":"3446","target":"3585"},{"source":"3446","target":"3624"},{"source":"3446","target":"3662"},{"source":"3446","target":"3814"},{"source":"3446","target":"3863"},{"source":"3447","target":"3580"},{"source":"3447","target":"3624"},{"source":"3447","target":"3679"},{"source":"3447","target":"3682"},{"source":"3447","target":"3894"},{"source":"3448","target":"3449"},{"source":"3448","target":"3456"},{"source":"3448","target":"3471"},{"source":"3448","target":"3475"},{"source":"3448","target":"3485"},{"source":"3448","target":"3491"},{"source":"3448","target":"3495"},{"source":"3448","target":"3501"},{"source":"3448","target":"3527"},{"source":"3448","target":"3540"},{"source":"3448","target":"3545"},{"source":"3448","target":"3577"},{"source":"3448","target":"3586"},{"source":"3448","target":"3596"},{"source":"3448","target":"3604"},{"source":"3448","target":"3609"},{"source":"3448","target":"3611"},{"source":"3448","target":"3633"},{"source":"3448","target":"3640"},{"source":"3448","target":"3642"},{"source":"3448","target":"3677"},{"source":"3448","target":"3684"},{"source":"3448","target":"3693"},{"source":"3448","target":"3697"},{"source":"3448","target":"3734"},{"source":"3448","target":"3737"},{"source":"3448","target":"3756"},{"source":"3448","target":"3779"},{"source":"3448","target":"3797"},{"source":"3448","target":"3800"},{"source":"3448","target":"3804"},{"source":"3448","target":"3828"},{"source":"3448","target":"3830"},{"source":"3448","target":"3838"},{"source":"3448","target":"3841"},{"source":"3448","target":"3845"},{"source":"3448","target":"3851"},{"source":"3448","target":"3860"},{"source":"3448","target":"3889"},{"source":"3448","target":"3930"},{"source":"3448","target":"3938"},{"source":"3448","target":"3943"},{"source":"3448","target":"3944"},{"source":"3448","target":"3948"},{"source":"3448","target":"3966"},{"source":"3449","target":"3456"},{"source":"3449","target":"3480"},{"source":"3449","target":"3491"},{"source":"3449","target":"3495"},{"source":"3449","target":"3501"},{"source":"3449","target":"3517"},{"source":"3449","target":"3545"},{"source":"3449","target":"3577"},{"source":"3449","target":"3586"},{"source":"3449","target":"3596"},{"source":"3449","target":"3604"},{"source":"3449","target":"3609"},{"source":"3449","target":"3618"},{"source":"3449","target":"3625"},{"source":"3449","target":"3633"},{"source":"3449","target":"3651"},{"source":"3449","target":"3674"},{"source":"3449","target":"3677"},{"source":"3449","target":"3684"},{"source":"3449","target":"3692"},{"source":"3449","target":"3693"},{"source":"3449","target":"3721"},{"source":"3449","target":"3734"},{"source":"3449","target":"3737"},{"source":"3449","target":"3756"},{"source":"3449","target":"3788"},{"source":"3449","target":"3796"},{"source":"3449","target":"3797"},{"source":"3449","target":"3800"},{"source":"3449","target":"3805"},{"source":"3449","target":"3830"},{"source":"3449","target":"3838"},{"source":"3449","target":"3841"},{"source":"3449","target":"3851"},{"source":"3449","target":"3873"},{"source":"3449","target":"3877"},{"source":"3449","target":"3889"},{"source":"3449","target":"3938"},{"source":"3449","target":"3943"},{"source":"3449","target":"3948"},{"source":"3449","target":"3962"},{"source":"3449","target":"3971"},{"source":"3450","target":"3497"},{"source":"3450","target":"3528"},{"source":"3450","target":"3545"},{"source":"3450","target":"3596"},{"source":"3450","target":"3604"},{"source":"3450","target":"3605"},{"source":"3450","target":"3642"},{"source":"3450","target":"3672"},{"source":"3450","target":"3730"},{"source":"3450","target":"3731"},{"source":"3450","target":"3737"},{"source":"3450","target":"3790"},{"source":"3450","target":"3804"},{"source":"3450","target":"3838"},{"source":"3450","target":"3860"},{"source":"3450","target":"3913"},{"source":"3450","target":"3930"},{"source":"3452","target":"3462"},{"source":"3452","target":"3488"},{"source":"3452","target":"3545"},{"source":"3452","target":"3573"},{"source":"3452","target":"3576"},{"source":"3452","target":"3596"},{"source":"3452","target":"3603"},{"source":"3452","target":"3611"},{"source":"3452","target":"3658"},{"source":"3452","target":"3824"},{"source":"3452","target":"3838"},{"source":"3452","target":"3877"},{"source":"3452","target":"3891"},{"source":"3452","target":"3902"},{"source":"3452","target":"3966"},{"source":"3454","target":"3547"},{"source":"3454","target":"3586"},{"source":"3454","target":"3605"},{"source":"3454","target":"3621"},{"source":"3454","target":"3642"},{"source":"3454","target":"3673"},{"source":"3454","target":"3677"},{"source":"3454","target":"3693"},{"source":"3454","target":"3775"},{"source":"3454","target":"3779"},{"source":"3454","target":"3861"},{"source":"3454","target":"3880"},{"source":"3455","target":"3470"},{"source":"3455","target":"3498"},{"source":"3455","target":"3505"},{"source":"3455","target":"3521"},{"source":"3455","target":"3526"},{"source":"3455","target":"3553"},{"source":"3455","target":"3588"},{"source":"3455","target":"3590"},{"source":"3455","target":"3599"},{"source":"3455","target":"3608"},{"source":"3455","target":"3629"},{"source":"3455","target":"3636"},{"source":"3455","target":"3663"},{"source":"3455","target":"3685"},{"source":"3455","target":"3710"},{"source":"3455","target":"3713"},{"source":"3455","target":"3715"},{"source":"3455","target":"3722"},{"source":"3455","target":"3728"},{"source":"3455","target":"3735"},{"source":"3455","target":"3740"},{"source":"3455","target":"3753"},{"source":"3455","target":"3769"},{"source":"3455","target":"3773"},{"source":"3455","target":"3778"},{"source":"3455","target":"3802"},{"source":"3455","target":"3815"},{"source":"3455","target":"3827"},{"source":"3455","target":"3835"},{"source":"3455","target":"3850"},{"source":"3455","target":"3862"},{"source":"3455","target":"3867"},{"source":"3455","target":"3876"},{"source":"3455","target":"3886"},{"source":"3455","target":"3907"},{"source":"3455","target":"3921"},{"source":"3456","target":"3461"},{"source":"3456","target":"3495"},{"source":"3456","target":"3501"},{"source":"3456","target":"3514"},{"source":"3456","target":"3545"},{"source":"3456","target":"3557"},{"source":"3456","target":"3577"},{"source":"3456","target":"3586"},{"source":"3456","target":"3596"},{"source":"3456","target":"3604"},{"source":"3456","target":"3609"},{"source":"3456","target":"3618"},{"source":"3456","target":"3633"},{"source":"3456","target":"3651"},{"source":"3456","target":"3654"},{"source":"3456","target":"3674"},{"source":"3456","target":"3677"},{"source":"3456","target":"3687"},{"source":"3456","target":"3692"},{"source":"3456","target":"3693"},{"source":"3456","target":"3697"},{"source":"3456","target":"3703"},{"source":"3456","target":"3734"},{"source":"3456","target":"3750"},{"source":"3456","target":"3756"},{"source":"3456","target":"3762"},{"source":"3456","target":"3797"},{"source":"3456","target":"3800"},{"source":"3456","target":"3804"},{"source":"3456","target":"3824"},{"source":"3456","target":"3830"},{"source":"3456","target":"3831"},{"source":"3456","target":"3841"},{"source":"3456","target":"3842"},{"source":"3456","target":"3851"},{"source":"3456","target":"3858"},{"source":"3456","target":"3873"},{"source":"3456","target":"3884"},{"source":"3456","target":"3938"},{"source":"3456","target":"3943"},{"source":"3456","target":"3948"},{"source":"3456","target":"3962"},{"source":"3456","target":"3968"},{"source":"3456","target":"3971"},{"source":"3457","target":"3703"},{"source":"3457","target":"3830"},{"source":"3457","target":"3831"},{"source":"3457","target":"3938"},{"source":"3457","target":"3944"},{"source":"3458","target":"3468"},{"source":"3458","target":"3493"},{"source":"3458","target":"3506"},{"source":"3458","target":"3569"},{"source":"3458","target":"3584"},{"source":"3458","target":"3593"},{"source":"3458","target":"3643"},{"source":"3458","target":"3648"},{"source":"3458","target":"3711"},{"source":"3458","target":"3718"},{"source":"3458","target":"3719"},{"source":"3458","target":"3792"},{"source":"3458","target":"3793"},{"source":"3458","target":"3810"},{"source":"3458","target":"3822"},{"source":"3458","target":"3900"},{"source":"3458","target":"3903"},{"source":"3458","target":"3951"},{"source":"3458","target":"3969"},{"source":"3459","target":"3469"},{"source":"3459","target":"3529"},{"source":"3459","target":"3534"},{"source":"3459","target":"3564"},{"source":"3459","target":"3614"},{"source":"3459","target":"3645"},{"source":"3459","target":"3758"},{"source":"3459","target":"3763"},{"source":"3459","target":"3770"},{"source":"3459","target":"3782"},{"source":"3459","target":"3793"},{"source":"3459","target":"3812"},{"source":"3459","target":"3825"},{"source":"3459","target":"3945"},{"source":"3460","target":"3464"},{"source":"3460","target":"3466"},{"source":"3460","target":"3469"},{"source":"3460","target":"3474"},{"source":"3460","target":"3515"},{"source":"3460","target":"3529"},{"source":"3460","target":"3568"},{"source":"3460","target":"3601"},{"source":"3460","target":"3602"},{"source":"3460","target":"3630"},{"source":"3460","target":"3634"},{"source":"3460","target":"3726"},{"source":"3460","target":"3752"},{"source":"3460","target":"3761"},{"source":"3460","target":"3768"},{"source":"3460","target":"3782"},{"source":"3460","target":"3786"},{"source":"3460","target":"3829"},{"source":"3460","target":"3881"},{"source":"3460","target":"3900"},{"source":"3460","target":"3915"},{"source":"3460","target":"3931"},{"source":"3460","target":"3937"},{"source":"3460","target":"3945"},{"source":"3460","target":"3956"},{"source":"3460","target":"3972"},{"source":"3461","target":"3495"},{"source":"3461","target":"3559"},{"source":"3461","target":"3831"},{"source":"3461","target":"3930"},{"source":"3461","target":"3934"},{"source":"3461","target":"3968"},{"source":"3462","target":"3488"},{"source":"3462","target":"3559"},{"source":"3462","target":"3576"},{"source":"3462","target":"3596"},{"source":"3462","target":"3604"},{"source":"3462","target":"3611"},{"source":"3462","target":"3672"},{"source":"3462","target":"3756"},{"source":"3462","target":"3762"},{"source":"3462","target":"3800"},{"source":"3462","target":"3824"},{"source":"3462","target":"3838"},{"source":"3462","target":"3877"},{"source":"3462","target":"3891"},{"source":"3462","target":"3926"},{"source":"3462","target":"3930"},{"source":"3462","target":"3934"},{"source":"3462","target":"3966"},{"source":"3463","target":"3486"},{"source":"3463","target":"3506"},{"source":"3463","target":"3555"},{"source":"3463","target":"3558"},{"source":"3463","target":"3569"},{"source":"3463","target":"3591"},{"source":"3463","target":"3593"},{"source":"3463","target":"3680"},{"source":"3463","target":"3705"},{"source":"3463","target":"3706"},{"source":"3463","target":"3714"},{"source":"3463","target":"3793"},{"source":"3463","target":"3794"},{"source":"3463","target":"3822"},{"source":"3463","target":"3826"},{"source":"3463","target":"3861"},{"source":"3463","target":"3869"},{"source":"3463","target":"3906"},{"source":"3463","target":"3909"},{"source":"3463","target":"3924"},{"source":"3463","target":"3931"},{"source":"3463","target":"3947"},{"source":"3463","target":"3951"},{"source":"3464","target":"3466"},{"source":"3464","target":"3469"},{"source":"3464","target":"3474"},{"source":"3464","target":"3510"},{"source":"3464","target":"3529"},{"source":"3464","target":"3554"},{"source":"3464","target":"3583"},{"source":"3464","target":"3601"},{"source":"3464","target":"3602"},{"source":"3464","target":"3604"},{"source":"3464","target":"3612"},{"source":"3464","target":"3617"},{"source":"3464","target":"3630"},{"source":"3464","target":"3634"},{"source":"3464","target":"3668"},{"source":"3464","target":"3680"},{"source":"3464","target":"3724"},{"source":"3464","target":"3726"},{"source":"3464","target":"3738"},{"source":"3464","target":"3761"},{"source":"3464","target":"3764"},{"source":"3464","target":"3777"},{"source":"3464","target":"3823"},{"source":"3464","target":"3829"},{"source":"3464","target":"3895"},{"source":"3464","target":"3915"},{"source":"3464","target":"3945"},{"source":"3464","target":"3956"},{"source":"3465","target":"3476"},{"source":"3465","target":"3519"},{"source":"3465","target":"3571"},{"source":"3465","target":"3579"},{"source":"3465","target":"3675"},{"source":"3465","target":"3701"},{"source":"3465","target":"3708"},{"source":"3465","target":"3757"},{"source":"3465","target":"3759"},{"source":"3465","target":"3774"},{"source":"3465","target":"3836"},{"source":"3465","target":"3837"},{"source":"3465","target":"3918"},{"source":"3465","target":"3957"},{"source":"3465","target":"3975"},{"source":"3466","target":"3469"},{"source":"3466","target":"3510"},{"source":"3466","target":"3529"},{"source":"3466","target":"3554"},{"source":"3466","target":"3583"},{"source":"3466","target":"3602"},{"source":"3466","target":"3634"},{"source":"3466","target":"3652"},{"source":"3466","target":"3668"},{"source":"3466","target":"3680"},{"source":"3466","target":"3726"},{"source":"3466","target":"3738"},{"source":"3466","target":"3761"},{"source":"3466","target":"3784"},{"source":"3466","target":"3821"},{"source":"3466","target":"3829"},{"source":"3466","target":"3881"},{"source":"3466","target":"3915"},{"source":"3466","target":"3937"},{"source":"3466","target":"3945"},{"source":"3466","target":"3956"},{"source":"3466","target":"3972"},{"source":"3467","target":"3533"},{"source":"3467","target":"3830"},{"source":"3468","target":"3524"},{"source":"3468","target":"3529"},{"source":"3468","target":"3532"},{"source":"3468","target":"3534"},{"source":"3468","target":"3535"},{"source":"3468","target":"3568"},{"source":"3468","target":"3584"},{"source":"3468","target":"3601"},{"source":"3468","target":"3622"},{"source":"3468","target":"3623"},{"source":"3468","target":"3645"},{"source":"3468","target":"3680"},{"source":"3468","target":"3718"},{"source":"3468","target":"3758"},{"source":"3468","target":"3764"},{"source":"3468","target":"3777"},{"source":"3468","target":"3782"},{"source":"3468","target":"3810"},{"source":"3468","target":"3823"},{"source":"3468","target":"3826"},{"source":"3468","target":"3866"},{"source":"3468","target":"3878"},{"source":"3468","target":"3881"},{"source":"3468","target":"3900"},{"source":"3468","target":"3927"},{"source":"3468","target":"3945"},{"source":"3468","target":"3956"},{"source":"3469","target":"3474"},{"source":"3469","target":"3510"},{"source":"3469","target":"3529"},{"source":"3469","target":"3554"},{"source":"3469","target":"3561"},{"source":"3469","target":"3604"},{"source":"3469","target":"3630"},{"source":"3469","target":"3634"},{"source":"3469","target":"3668"},{"source":"3469","target":"3726"},{"source":"3469","target":"3738"},{"source":"3469","target":"3752"},{"source":"3469","target":"3761"},{"source":"3469","target":"3764"},{"source":"3469","target":"3825"},{"source":"3469","target":"3829"},{"source":"3469","target":"3881"},{"source":"3469","target":"3915"},{"source":"3469","target":"3927"},{"source":"3469","target":"3945"},{"source":"3469","target":"3956"},{"source":"3469","target":"3972"},{"source":"3470","target":"3520"},{"source":"3470","target":"3521"},{"source":"3470","target":"3553"},{"source":"3470","target":"3599"},{"source":"3470","target":"3629"},{"source":"3470","target":"3710"},{"source":"3470","target":"3753"},{"source":"3470","target":"3767"},{"source":"3470","target":"3769"},{"source":"3470","target":"3773"},{"source":"3470","target":"3778"},{"source":"3470","target":"3796"},{"source":"3470","target":"3876"},{"source":"3471","target":"3475"},{"source":"3471","target":"3484"},{"source":"3471","target":"3485"},{"source":"3471","target":"3526"},{"source":"3471","target":"3540"},{"source":"3471","target":"3543"},{"source":"3471","target":"3545"},{"source":"3471","target":"3611"},{"source":"3471","target":"3672"},{"source":"3471","target":"3684"},{"source":"3471","target":"3702"},{"source":"3471","target":"3838"},{"source":"3471","target":"3845"},{"source":"3471","target":"3851"},{"source":"3471","target":"3852"},{"source":"3471","target":"3873"},{"source":"3471","target":"3877"},{"source":"3471","target":"3902"},{"source":"3471","target":"3930"},{"source":"3471","target":"3938"},{"source":"3471","target":"3940"},{"source":"3471","target":"3966"},{"source":"3471","target":"3971"},{"source":"3472","target":"3482"},{"source":"3472","target":"3505"},{"source":"3472","target":"3508"},{"source":"3472","target":"3521"},{"source":"3472","target":"3526"},{"source":"3472","target":"3553"},{"source":"3472","target":"3598"},{"source":"3472","target":"3629"},{"source":"3472","target":"3644"},{"source":"3472","target":"3685"},{"source":"3472","target":"3698"},{"source":"3472","target":"3840"},{"source":"3472","target":"3850"},{"source":"3473","target":"3538"},{"source":"3473","target":"3541"},{"source":"3473","target":"3567"},{"source":"3473","target":"3595"},{"source":"3473","target":"3628"},{"source":"3473","target":"3725"},{"source":"3473","target":"3739"},{"source":"3473","target":"3743"},{"source":"3473","target":"3819"},{"source":"3473","target":"3857"},{"source":"3473","target":"3868"},{"source":"3473","target":"3871"},{"source":"3473","target":"3874"},{"source":"3473","target":"3892"},{"source":"3473","target":"3912"},{"source":"3473","target":"3917"},{"source":"3474","target":"3554"},{"source":"3474","target":"3602"},{"source":"3474","target":"3604"},{"source":"3474","target":"3630"},{"source":"3474","target":"3634"},{"source":"3474","target":"3738"},{"source":"3474","target":"3761"},{"source":"3474","target":"3764"},{"source":"3474","target":"3823"},{"source":"3474","target":"3829"},{"source":"3474","target":"3915"},{"source":"3474","target":"3945"},{"source":"3474","target":"3956"},{"source":"3474","target":"3967"},{"source":"3475","target":"3484"},{"source":"3475","target":"3485"},{"source":"3475","target":"3488"},{"source":"3475","target":"3501"},{"source":"3475","target":"3526"},{"source":"3475","target":"3543"},{"source":"3475","target":"3545"},{"source":"3475","target":"3586"},{"source":"3475","target":"3611"},{"source":"3475","target":"3642"},{"source":"3475","target":"3672"},{"source":"3475","target":"3684"},{"source":"3475","target":"3702"},{"source":"3475","target":"3828"},{"source":"3475","target":"3838"},{"source":"3475","target":"3842"},{"source":"3475","target":"3845"},{"source":"3475","target":"3851"},{"source":"3475","target":"3852"},{"source":"3475","target":"3873"},{"source":"3475","target":"3877"},{"source":"3475","target":"3902"},{"source":"3475","target":"3926"},{"source":"3475","target":"3930"},{"source":"3475","target":"3938"},{"source":"3475","target":"3940"},{"source":"3475","target":"3948"},{"source":"3475","target":"3966"},{"source":"3475","target":"3971"},{"source":"3476","target":"3519"},{"source":"3476","target":"3579"},{"source":"3476","target":"3675"},{"source":"3476","target":"3701"},{"source":"3476","target":"3708"},{"source":"3476","target":"3757"},{"source":"3476","target":"3759"},{"source":"3476","target":"3774"},{"source":"3476","target":"3809"},{"source":"3476","target":"3836"},{"source":"3476","target":"3837"},{"source":"3476","target":"3957"},{"source":"3476","target":"3975"},{"source":"3477","target":"3565"},{"source":"3477","target":"3637"},{"source":"3477","target":"3651"},{"source":"3477","target":"3756"},{"source":"3477","target":"3847"},{"source":"3478","target":"3500"},{"source":"3478","target":"3587"},{"source":"3478","target":"3607"},{"source":"3478","target":"3655"},{"source":"3478","target":"3696"},{"source":"3478","target":"3747"},{"source":"3478","target":"3766"},{"source":"3478","target":"3776"},{"source":"3478","target":"3783"},{"source":"3478","target":"3791"},{"source":"3478","target":"3809"},{"source":"3478","target":"3920"},{"source":"3478","target":"3933"},{"source":"3478","target":"3960"},{"source":"3478","target":"3964"},{"source":"3478","target":"3967"},{"source":"3479","target":"3481"},{"source":"3479","target":"3516"},{"source":"3479","target":"3523"},{"source":"3479","target":"3562"},{"source":"3479","target":"3581"},{"source":"3479","target":"3594"},{"source":"3479","target":"3613"},{"source":"3479","target":"3639"},{"source":"3479","target":"3649"},{"source":"3479","target":"3695"},{"source":"3479","target":"3830"},{"source":"3479","target":"3883"},{"source":"3479","target":"3898"},{"source":"3479","target":"3919"},{"source":"3480","target":"3491"},{"source":"3480","target":"3540"},{"source":"3480","target":"3545"},{"source":"3480","target":"3586"},{"source":"3480","target":"3604"},{"source":"3480","target":"3625"},{"source":"3480","target":"3633"},{"source":"3480","target":"3651"},{"source":"3480","target":"3667"},{"source":"3480","target":"3674"},{"source":"3480","target":"3677"},{"source":"3480","target":"3684"},{"source":"3480","target":"3692"},{"source":"3480","target":"3693"},{"source":"3480","target":"3734"},{"source":"3480","target":"3756"},{"source":"3480","target":"3799"},{"source":"3480","target":"3830"},{"source":"3480","target":"3841"},{"source":"3480","target":"3938"},{"source":"3480","target":"3968"},{"source":"3480","target":"3971"},{"source":"3481","target":"3516"},{"source":"3481","target":"3562"},{"source":"3481","target":"3581"},{"source":"3481","target":"3594"},{"source":"3481","target":"3613"},{"source":"3481","target":"3639"},{"source":"3481","target":"3649"},{"source":"3481","target":"3695"},{"source":"3481","target":"3830"},{"source":"3481","target":"3883"},{"source":"3481","target":"3898"},{"source":"3481","target":"3919"},{"source":"3482","target":"3505"},{"source":"3482","target":"3508"},{"source":"3482","target":"3521"},{"source":"3482","target":"3553"},{"source":"3482","target":"3598"},{"source":"3482","target":"3644"},{"source":"3482","target":"3685"},{"source":"3482","target":"3698"},{"source":"3482","target":"3832"},{"source":"3482","target":"3850"},{"source":"3482","target":"3901"},{"source":"3483","target":"3499"},{"source":"3483","target":"3524"},{"source":"3483","target":"3617"},{"source":"3483","target":"3690"},{"source":"3483","target":"3724"},{"source":"3483","target":"3754"},{"source":"3483","target":"3782"},{"source":"3483","target":"3793"},{"source":"3483","target":"3821"},{"source":"3483","target":"3878"},{"source":"3483","target":"3895"},{"source":"3483","target":"3937"},{"source":"3484","target":"3501"},{"source":"3484","target":"3521"},{"source":"3484","target":"3568"},{"source":"3484","target":"3633"},{"source":"3484","target":"3684"},{"source":"3484","target":"3817"},{"source":"3484","target":"3831"},{"source":"3484","target":"3842"},{"source":"3484","target":"3873"},{"source":"3484","target":"3940"},{"source":"3484","target":"3968"},{"source":"3484","target":"3971"},{"source":"3485","target":"3488"},{"source":"3485","target":"3514"},{"source":"3485","target":"3518"},{"source":"3485","target":"3528"},{"source":"3485","target":"3559"},{"source":"3485","target":"3611"},{"source":"3485","target":"3627"},{"source":"3485","target":"3681"},{"source":"3485","target":"3790"},{"source":"3485","target":"3804"},{"source":"3485","target":"3817"},{"source":"3485","target":"3838"},{"source":"3485","target":"3845"},{"source":"3485","target":"3930"},{"source":"3485","target":"3966"},{"source":"3486","target":"3493"},{"source":"3486","target":"3506"},{"source":"3486","target":"3509"},{"source":"3486","target":"3569"},{"source":"3486","target":"3572"},{"source":"3486","target":"3591"},{"source":"3486","target":"3593"},{"source":"3486","target":"3680"},{"source":"3486","target":"3705"},{"source":"3486","target":"3706"},{"source":"3486","target":"3711"},{"source":"3486","target":"3714"},{"source":"3486","target":"3793"},{"source":"3486","target":"3794"},{"source":"3486","target":"3803"},{"source":"3486","target":"3822"},{"source":"3486","target":"3826"},{"source":"3486","target":"3833"},{"source":"3486","target":"3855"},{"source":"3486","target":"3869"},{"source":"3486","target":"3870"},{"source":"3486","target":"3900"},{"source":"3486","target":"3906"},{"source":"3486","target":"3909"},{"source":"3486","target":"3924"},{"source":"3486","target":"3951"},{"source":"3486","target":"3969"},{"source":"3486","target":"3976"},{"source":"3487","target":"3496"},{"source":"3487","target":"3504"},{"source":"3487","target":"3530"},{"source":"3487","target":"3551"},{"source":"3487","target":"3566"},{"source":"3487","target":"3723"},{"source":"3487","target":"3925"},{"source":"3487","target":"3961"},{"source":"3488","target":"3514"},{"source":"3488","target":"3518"},{"source":"3488","target":"3527"},{"source":"3488","target":"3528"},{"source":"3488","target":"3542"},{"source":"3488","target":"3545"},{"source":"3488","target":"3557"},{"source":"3488","target":"3559"},{"source":"3488","target":"3573"},{"source":"3488","target":"3576"},{"source":"3488","target":"3596"},{"source":"3488","target":"3604"},{"source":"3488","target":"3605"},{"source":"3488","target":"3611"},{"source":"3488","target":"3627"},{"source":"3488","target":"3640"},{"source":"3488","target":"3658"},{"source":"3488","target":"3672"},{"source":"3488","target":"3687"},{"source":"3488","target":"3702"},{"source":"3488","target":"3707"},{"source":"3488","target":"3730"},{"source":"3488","target":"3731"},{"source":"3488","target":"3737"},{"source":"3488","target":"3790"},{"source":"3488","target":"3800"},{"source":"3488","target":"3804"},{"source":"3488","target":"3824"},{"source":"3488","target":"3830"},{"source":"3488","target":"3838"},{"source":"3488","target":"3845"},{"source":"3488","target":"3858"},{"source":"3488","target":"3860"},{"source":"3488","target":"3877"},{"source":"3488","target":"3884"},{"source":"3488","target":"3891"},{"source":"3488","target":"3902"},{"source":"3488","target":"3913"},{"source":"3488","target":"3926"},{"source":"3488","target":"3930"},{"source":"3488","target":"3938"},{"source":"3488","target":"3966"},{"source":"3489","target":"3652"},{"source":"3489","target":"3665"},{"source":"3489","target":"3676"},{"source":"3489","target":"3825"},{"source":"3490","target":"3531"},{"source":"3490","target":"3546"},{"source":"3490","target":"3549"},{"source":"3490","target":"3580"},{"source":"3490","target":"3585"},{"source":"3490","target":"3624"},{"source":"3490","target":"3662"},{"source":"3490","target":"3682"},{"source":"3490","target":"3771"},{"source":"3490","target":"3814"},{"source":"3490","target":"3863"},{"source":"3490","target":"3894"},{"source":"3490","target":"3905"},{"source":"3491","target":"3540"},{"source":"3491","target":"3545"},{"source":"3491","target":"3586"},{"source":"3491","target":"3611"},{"source":"3491","target":"3684"},{"source":"3491","target":"3693"},{"source":"3491","target":"3712"},{"source":"3491","target":"3788"},{"source":"3491","target":"3797"},{"source":"3491","target":"3838"},{"source":"3491","target":"3842"},{"source":"3491","target":"3845"},{"source":"3491","target":"3851"},{"source":"3491","target":"3938"},{"source":"3491","target":"3962"},{"source":"3491","target":"3966"},{"source":"3491","target":"3968"},{"source":"3491","target":"3971"},{"source":"3492","target":"3496"},{"source":"3492","target":"3521"},{"source":"3492","target":"3556"},{"source":"3492","target":"3684"},{"source":"3492","target":"3697"},{"source":"3492","target":"3756"},{"source":"3492","target":"3841"},{"source":"3492","target":"3930"},{"source":"3493","target":"3506"},{"source":"3493","target":"3558"},{"source":"3493","target":"3584"},{"source":"3493","target":"3593"},{"source":"3493","target":"3646"},{"source":"3493","target":"3648"},{"source":"3493","target":"3680"},{"source":"3493","target":"3711"},{"source":"3493","target":"3719"},{"source":"3493","target":"3792"},{"source":"3493","target":"3810"},{"source":"3493","target":"3900"},{"source":"3493","target":"3903"},{"source":"3493","target":"3924"},{"source":"3493","target":"3951"},{"source":"3493","target":"3969"},{"source":"3494","target":"3583"},{"source":"3494","target":"3690"},{"source":"3494","target":"3705"},{"source":"3495","target":"3501"},{"source":"3495","target":"3525"},{"source":"3495","target":"3545"},{"source":"3495","target":"3548"},{"source":"3495","target":"3577"},{"source":"3495","target":"3586"},{"source":"3495","target":"3596"},{"source":"3495","target":"3609"},{"source":"3495","target":"3618"},{"source":"3495","target":"3621"},{"source":"3495","target":"3625"},{"source":"3495","target":"3633"},{"source":"3495","target":"3651"},{"source":"3495","target":"3667"},{"source":"3495","target":"3684"},{"source":"3495","target":"3687"},{"source":"3495","target":"3692"},{"source":"3495","target":"3697"},{"source":"3495","target":"3721"},{"source":"3495","target":"3734"},{"source":"3495","target":"3750"},{"source":"3495","target":"3756"},{"source":"3495","target":"3796"},{"source":"3495","target":"3797"},{"source":"3495","target":"3824"},{"source":"3495","target":"3830"},{"source":"3495","target":"3831"},{"source":"3495","target":"3842"},{"source":"3495","target":"3851"},{"source":"3495","target":"3860"},{"source":"3495","target":"3872"},{"source":"3495","target":"3873"},{"source":"3495","target":"3877"},{"source":"3495","target":"3880"},{"source":"3495","target":"3884"},{"source":"3495","target":"3908"},{"source":"3495","target":"3929"},{"source":"3495","target":"3930"},{"source":"3495","target":"3934"},{"source":"3495","target":"3938"},{"source":"3495","target":"3943"},{"source":"3495","target":"3944"},{"source":"3495","target":"3948"},{"source":"3495","target":"3962"},{"source":"3495","target":"3968"},{"source":"3495","target":"3971"},{"source":"3495","target":"3978"},{"source":"3496","target":"3505"},{"source":"3496","target":"3520"},{"source":"3496","target":"3521"},{"source":"3496","target":"3547"},{"source":"3496","target":"3550"},{"source":"3496","target":"3551"},{"source":"3496","target":"3629"},{"source":"3496","target":"3672"},{"source":"3496","target":"3677"},{"source":"3496","target":"3684"},{"source":"3496","target":"3722"},{"source":"3496","target":"3750"},{"source":"3496","target":"3775"},{"source":"3496","target":"3817"},{"source":"3496","target":"3831"},{"source":"3496","target":"3861"},{"source":"3497","target":"3518"},{"source":"3497","target":"3527"},{"source":"3497","target":"3528"},{"source":"3497","target":"3542"},{"source":"3497","target":"3543"},{"source":"3497","target":"3545"},{"source":"3497","target":"3576"},{"source":"3497","target":"3596"},{"source":"3497","target":"3604"},{"source":"3497","target":"3611"},{"source":"3497","target":"3658"},{"source":"3497","target":"3672"},{"source":"3497","target":"3707"},{"source":"3497","target":"3790"},{"source":"3497","target":"3804"},{"source":"3497","target":"3824"},{"source":"3497","target":"3838"},{"source":"3497","target":"3852"},{"source":"3497","target":"3902"},{"source":"3497","target":"3926"},{"source":"3497","target":"3940"},{"source":"3497","target":"3966"},{"source":"3498","target":"3521"},{"source":"3498","target":"3599"},{"source":"3498","target":"3615"},{"source":"3498","target":"3629"},{"source":"3498","target":"3636"},{"source":"3498","target":"3705"},{"source":"3498","target":"3713"},{"source":"3498","target":"3715"},{"source":"3498","target":"3722"},{"source":"3498","target":"3728"},{"source":"3498","target":"3740"},{"source":"3498","target":"3835"},{"source":"3498","target":"3862"},{"source":"3498","target":"3867"},{"source":"3498","target":"3907"},{"source":"3498","target":"3921"},{"source":"3499","target":"3532"},{"source":"3499","target":"3534"},{"source":"3499","target":"3535"},{"source":"3499","target":"3564"},{"source":"3499","target":"3617"},{"source":"3499","target":"3671"},{"source":"3499","target":"3680"},{"source":"3499","target":"3690"},{"source":"3499","target":"3719"},{"source":"3499","target":"3758"},{"source":"3499","target":"3764"},{"source":"3499","target":"3793"},{"source":"3499","target":"3821"},{"source":"3499","target":"3825"},{"source":"3499","target":"3829"},{"source":"3499","target":"3834"},{"source":"3499","target":"3843"},{"source":"3499","target":"3881"},{"source":"3499","target":"3947"},{"source":"3500","target":"3508"},{"source":"3500","target":"3587"},{"source":"3500","target":"3615"},{"source":"3500","target":"3641"},{"source":"3500","target":"3655"},{"source":"3500","target":"3664"},{"source":"3500","target":"3696"},{"source":"3500","target":"3747"},{"source":"3500","target":"3766"},{"source":"3500","target":"3776"},{"source":"3500","target":"3783"},{"source":"3500","target":"3791"},{"source":"3500","target":"3809"},{"source":"3500","target":"3920"},{"source":"3500","target":"3933"},{"source":"3500","target":"3960"},{"source":"3500","target":"3964"},{"source":"3500","target":"3967"},{"source":"3501","target":"3517"},{"source":"3501","target":"3525"},{"source":"3501","target":"3533"},{"source":"3501","target":"3545"},{"source":"3501","target":"3577"},{"source":"3501","target":"3586"},{"source":"3501","target":"3596"},{"source":"3501","target":"3604"},{"source":"3501","target":"3609"},{"source":"3501","target":"3625"},{"source":"3501","target":"3633"},{"source":"3501","target":"3651"},{"source":"3501","target":"3674"},{"source":"3501","target":"3677"},{"source":"3501","target":"3684"},{"source":"3501","target":"3692"},{"source":"3501","target":"3721"},{"source":"3501","target":"3734"},{"source":"3501","target":"3741"},{"source":"3501","target":"3756"},{"source":"3501","target":"3760"},{"source":"3501","target":"3796"},{"source":"3501","target":"3797"},{"source":"3501","target":"3800"},{"source":"3501","target":"3824"},{"source":"3501","target":"3830"},{"source":"3501","target":"3841"},{"source":"3501","target":"3842"},{"source":"3501","target":"3851"},{"source":"3501","target":"3873"},{"source":"3501","target":"3877"},{"source":"3501","target":"3884"},{"source":"3501","target":"3889"},{"source":"3501","target":"3938"},{"source":"3501","target":"3943"},{"source":"3501","target":"3948"},{"source":"3501","target":"3962"},{"source":"3501","target":"3968"},{"source":"3501","target":"3971"},{"source":"3502","target":"3669"},{"source":"3502","target":"3700"},{"source":"3502","target":"3813"},{"source":"3502","target":"3830"},{"source":"3502","target":"3864"},{"source":"3502","target":"3898"},{"source":"3502","target":"3911"},{"source":"3503","target":"3576"},{"source":"3503","target":"3596"},{"source":"3503","target":"3640"},{"source":"3503","target":"3672"},{"source":"3503","target":"3731"},{"source":"3503","target":"3779"},{"source":"3503","target":"3785"},{"source":"3503","target":"3800"},{"source":"3503","target":"3804"},{"source":"3503","target":"3838"},{"source":"3503","target":"3930"},{"source":"3503","target":"3959"},{"source":"3504","target":"3530"},{"source":"3504","target":"3551"},{"source":"3504","target":"3626"},{"source":"3504","target":"3677"},{"source":"3504","target":"3723"},{"source":"3504","target":"3839"},{"source":"3505","target":"3508"},{"source":"3505","target":"3512"},{"source":"3505","target":"3521"},{"source":"3505","target":"3526"},{"source":"3505","target":"3553"},{"source":"3505","target":"3598"},{"source":"3505","target":"3607"},{"source":"3505","target":"3629"},{"source":"3505","target":"3644"},{"source":"3505","target":"3685"},{"source":"3505","target":"3698"},{"source":"3505","target":"3722"},{"source":"3505","target":"3747"},{"source":"3505","target":"3753"},{"source":"3505","target":"3773"},{"source":"3505","target":"3827"},{"source":"3505","target":"3840"},{"source":"3505","target":"3850"},{"source":"3505","target":"3936"},{"source":"3506","target":"3507"},{"source":"3506","target":"3509"},{"source":"3506","target":"3511"},{"source":"3506","target":"3515"},{"source":"3506","target":"3534"},{"source":"3506","target":"3555"},{"source":"3506","target":"3558"},{"source":"3506","target":"3568"},{"source":"3506","target":"3569"},{"source":"3506","target":"3584"},{"source":"3506","target":"3591"},{"source":"3506","target":"3593"},{"source":"3506","target":"3620"},{"source":"3506","target":"3623"},{"source":"3506","target":"3631"},{"source":"3506","target":"3643"},{"source":"3506","target":"3646"},{"source":"3506","target":"3648"},{"source":"3506","target":"3680"},{"source":"3506","target":"3690"},{"source":"3506","target":"3706"},{"source":"3506","target":"3711"},{"source":"3506","target":"3714"},{"source":"3506","target":"3718"},{"source":"3506","target":"3754"},{"source":"3506","target":"3758"},{"source":"3506","target":"3784"},{"source":"3506","target":"3786"},{"source":"3506","target":"3794"},{"source":"3506","target":"3810"},{"source":"3506","target":"3822"},{"source":"3506","target":"3826"},{"source":"3506","target":"3829"},{"source":"3506","target":"3833"},{"source":"3506","target":"3855"},{"source":"3506","target":"3869"},{"source":"3506","target":"3895"},{"source":"3506","target":"3896"},{"source":"3506","target":"3903"},{"source":"3506","target":"3924"},{"source":"3506","target":"3951"},{"source":"3506","target":"3958"},{"source":"3506","target":"3969"},{"source":"3507","target":"3511"},{"source":"3507","target":"3554"},{"source":"3507","target":"3555"},{"source":"3507","target":"3690"},{"source":"3507","target":"3754"},{"source":"3507","target":"3823"},{"source":"3507","target":"3927"},{"source":"3508","target":"3521"},{"source":"3508","target":"3553"},{"source":"3508","target":"3598"},{"source":"3508","target":"3607"},{"source":"3508","target":"3615"},{"source":"3508","target":"3632"},{"source":"3508","target":"3644"},{"source":"3508","target":"3685"},{"source":"3508","target":"3698"},{"source":"3508","target":"3722"},{"source":"3508","target":"3728"},{"source":"3508","target":"3747"},{"source":"3508","target":"3776"},{"source":"3508","target":"3791"},{"source":"3508","target":"3809"},{"source":"3508","target":"3840"},{"source":"3508","target":"3850"},{"source":"3508","target":"3933"},{"source":"3509","target":"3569"},{"source":"3509","target":"3593"},{"source":"3509","target":"3706"},{"source":"3509","target":"3714"},{"source":"3509","target":"3718"},{"source":"3509","target":"3793"},{"source":"3509","target":"3794"},{"source":"3509","target":"3803"},{"source":"3509","target":"3826"},{"source":"3509","target":"3833"},{"source":"3509","target":"3855"},{"source":"3509","target":"3869"},{"source":"3509","target":"3896"},{"source":"3509","target":"3900"},{"source":"3509","target":"3906"},{"source":"3509","target":"3909"},{"source":"3509","target":"3924"},{"source":"3509","target":"3947"},{"source":"3509","target":"3951"},{"source":"3510","target":"3529"},{"source":"3510","target":"3554"},{"source":"3510","target":"3602"},{"source":"3510","target":"3630"},{"source":"3510","target":"3634"},{"source":"3510","target":"3668"},{"source":"3510","target":"3738"},{"source":"3510","target":"3752"},{"source":"3510","target":"3761"},{"source":"3510","target":"3821"},{"source":"3510","target":"3829"},{"source":"3510","target":"3869"},{"source":"3510","target":"3881"},{"source":"3510","target":"3915"},{"source":"3510","target":"3931"},{"source":"3510","target":"3945"},{"source":"3511","target":"3515"},{"source":"3511","target":"3530"},{"source":"3511","target":"3555"},{"source":"3511","target":"3566"},{"source":"3511","target":"3648"},{"source":"3511","target":"3671"},{"source":"3511","target":"3706"},{"source":"3511","target":"3719"},{"source":"3511","target":"3724"},{"source":"3511","target":"3738"},{"source":"3511","target":"3763"},{"source":"3511","target":"3770"},{"source":"3511","target":"3794"},{"source":"3511","target":"3821"},{"source":"3511","target":"3866"},{"source":"3511","target":"3896"},{"source":"3511","target":"3900"},{"source":"3511","target":"3904"},{"source":"3511","target":"3909"},{"source":"3512","target":"3517"},{"source":"3512","target":"3525"},{"source":"3512","target":"3533"},{"source":"3512","target":"3577"},{"source":"3512","target":"3604"},{"source":"3512","target":"3737"},{"source":"3512","target":"3760"},{"source":"3512","target":"3800"},{"source":"3512","target":"3830"},{"source":"3512","target":"3873"},{"source":"3512","target":"3929"},{"source":"3513","target":"3616"},{"source":"3513","target":"3799"},{"source":"3513","target":"3932"},{"source":"3513","target":"3952"},{"source":"3514","target":"3518"},{"source":"3514","target":"3528"},{"source":"3514","target":"3542"},{"source":"3514","target":"3545"},{"source":"3514","target":"3557"},{"source":"3514","target":"3578"},{"source":"3514","target":"3596"},{"source":"3514","target":"3604"},{"source":"3514","target":"3605"},{"source":"3514","target":"3611"},{"source":"3514","target":"3627"},{"source":"3514","target":"3633"},{"source":"3514","target":"3635"},{"source":"3514","target":"3640"},{"source":"3514","target":"3670"},{"source":"3514","target":"3672"},{"source":"3514","target":"3674"},{"source":"3514","target":"3687"},{"source":"3514","target":"3707"},{"source":"3514","target":"3730"},{"source":"3514","target":"3737"},{"source":"3514","target":"3760"},{"source":"3514","target":"3790"},{"source":"3514","target":"3800"},{"source":"3514","target":"3804"},{"source":"3514","target":"3824"},{"source":"3514","target":"3828"},{"source":"3514","target":"3830"},{"source":"3514","target":"3832"},{"source":"3514","target":"3838"},{"source":"3514","target":"3858"},{"source":"3514","target":"3860"},{"source":"3514","target":"3884"},{"source":"3514","target":"3913"},{"source":"3514","target":"3926"},{"source":"3514","target":"3938"},{"source":"3514","target":"3966"},{"source":"3515","target":"3555"},{"source":"3515","target":"3566"},{"source":"3515","target":"3593"},{"source":"3515","target":"3706"},{"source":"3515","target":"3829"},{"source":"3515","target":"3855"},{"source":"3515","target":"3958"},{"source":"3516","target":"3523"},{"source":"3516","target":"3562"},{"source":"3516","target":"3581"},{"source":"3516","target":"3613"},{"source":"3516","target":"3639"},{"source":"3516","target":"3649"},{"source":"3516","target":"3695"},{"source":"3516","target":"3830"},{"source":"3516","target":"3883"},{"source":"3516","target":"3898"},{"source":"3516","target":"3919"},{"source":"3517","target":"3533"},{"source":"3517","target":"3577"},{"source":"3517","target":"3586"},{"source":"3517","target":"3633"},{"source":"3517","target":"3677"},{"source":"3517","target":"3756"},{"source":"3517","target":"3760"},{"source":"3517","target":"3830"},{"source":"3517","target":"3851"},{"source":"3517","target":"3877"},{"source":"3517","target":"3948"},{"source":"3518","target":"3528"},{"source":"3518","target":"3542"},{"source":"3518","target":"3545"},{"source":"3518","target":"3557"},{"source":"3518","target":"3578"},{"source":"3518","target":"3596"},{"source":"3518","target":"3604"},{"source":"3518","target":"3605"},{"source":"3518","target":"3611"},{"source":"3518","target":"3635"},{"source":"3518","target":"3640"},{"source":"3518","target":"3670"},{"source":"3518","target":"3687"},{"source":"3518","target":"3702"},{"source":"3518","target":"3707"},{"source":"3518","target":"3730"},{"source":"3518","target":"3737"},{"source":"3518","target":"3790"},{"source":"3518","target":"3800"},{"source":"3518","target":"3804"},{"source":"3518","target":"3824"},{"source":"3518","target":"3830"},{"source":"3518","target":"3832"},{"source":"3518","target":"3838"},{"source":"3518","target":"3858"},{"source":"3518","target":"3860"},{"source":"3518","target":"3902"},{"source":"3518","target":"3938"},{"source":"3519","target":"3571"},{"source":"3519","target":"3579"},{"source":"3519","target":"3675"},{"source":"3519","target":"3701"},{"source":"3519","target":"3705"},{"source":"3519","target":"3708"},{"source":"3519","target":"3757"},{"source":"3519","target":"3759"},{"source":"3519","target":"3774"},{"source":"3519","target":"3836"},{"source":"3519","target":"3837"},{"source":"3519","target":"3918"},{"source":"3519","target":"3957"},{"source":"3519","target":"3975"},{"source":"3520","target":"3526"},{"source":"3520","target":"3550"},{"source":"3520","target":"3625"},{"source":"3520","target":"3667"},{"source":"3520","target":"3672"},{"source":"3520","target":"3684"},{"source":"3520","target":"3971"},{"source":"3521","target":"3526"},{"source":"3521","target":"3550"},{"source":"3521","target":"3553"},{"source":"3521","target":"3556"},{"source":"3521","target":"3573"},{"source":"3521","target":"3590"},{"source":"3521","target":"3592"},{"source":"3521","target":"3597"},{"source":"3521","target":"3598"},{"source":"3521","target":"3608"},{"source":"3521","target":"3615"},{"source":"3521","target":"3618"},{"source":"3521","target":"3625"},{"source":"3521","target":"3629"},{"source":"3521","target":"3666"},{"source":"3521","target":"3672"},{"source":"3521","target":"3684"},{"source":"3521","target":"3685"},{"source":"3521","target":"3698"},{"source":"3521","target":"3705"},{"source":"3521","target":"3710"},{"source":"3521","target":"3713"},{"source":"3521","target":"3722"},{"source":"3521","target":"3728"},{"source":"3521","target":"3735"},{"source":"3521","target":"3740"},{"source":"3521","target":"3753"},{"source":"3521","target":"3769"},{"source":"3521","target":"3773"},{"source":"3521","target":"3778"},{"source":"3521","target":"3797"},{"source":"3521","target":"3802"},{"source":"3521","target":"3815"},{"source":"3521","target":"3827"},{"source":"3521","target":"3831"},{"source":"3521","target":"3835"},{"source":"3521","target":"3840"},{"source":"3521","target":"3842"},{"source":"3521","target":"3850"},{"source":"3521","target":"3867"},{"source":"3521","target":"3876"},{"source":"3521","target":"3907"},{"source":"3521","target":"3921"},{"source":"3521","target":"3936"},{"source":"3521","target":"3948"},{"source":"3521","target":"3962"},{"source":"3522","target":"3592"},{"source":"3522","target":"3677"},{"source":"3522","target":"3779"},{"source":"3522","target":"3872"},{"source":"3522","target":"3930"},{"source":"3522","target":"3950"},{"source":"3522","target":"3979"},{"source":"3523","target":"3562"},{"source":"3523","target":"3581"},{"source":"3523","target":"3594"},{"source":"3523","target":"3613"},{"source":"3523","target":"3639"},{"source":"3523","target":"3649"},{"source":"3523","target":"3695"},{"source":"3523","target":"3830"},{"source":"3523","target":"3883"},{"source":"3523","target":"3898"},{"source":"3523","target":"3919"},{"source":"3524","target":"3535"},{"source":"3524","target":"3568"},{"source":"3524","target":"3584"},{"source":"3524","target":"3601"},{"source":"3524","target":"3602"},{"source":"3524","target":"3623"},{"source":"3524","target":"3645"},{"source":"3524","target":"3768"},{"source":"3524","target":"3770"},{"source":"3524","target":"3782"},{"source":"3524","target":"3786"},{"source":"3524","target":"3866"},{"source":"3524","target":"3906"},{"source":"3525","target":"3540"},{"source":"3525","target":"3550"},{"source":"3525","target":"3551"},{"source":"3525","target":"3563"},{"source":"3525","target":"3573"},{"source":"3525","target":"3577"},{"source":"3525","target":"3596"},{"source":"3525","target":"3625"},{"source":"3525","target":"3651"},{"source":"3525","target":"3656"},{"source":"3525","target":"3674"},{"source":"3525","target":"3677"},{"source":"3525","target":"3683"},{"source":"3525","target":"3692"},{"source":"3525","target":"3721"},{"source":"3525","target":"3734"},{"source":"3525","target":"3737"},{"source":"3525","target":"3756"},{"source":"3525","target":"3780"},{"source":"3525","target":"3841"},{"source":"3525","target":"3842"},{"source":"3525","target":"3851"},{"source":"3525","target":"3873"},{"source":"3525","target":"3886"},{"source":"3525","target":"3889"},{"source":"3525","target":"3948"},{"source":"3525","target":"3950"},{"source":"3525","target":"3962"},{"source":"3525","target":"3968"},{"source":"3525","target":"3970"},{"source":"3526","target":"3543"},{"source":"3526","target":"3553"},{"source":"3526","target":"3559"},{"source":"3526","target":"3563"},{"source":"3526","target":"3573"},{"source":"3526","target":"3590"},{"source":"3526","target":"3599"},{"source":"3526","target":"3629"},{"source":"3526","target":"3684"},{"source":"3526","target":"3685"},{"source":"3526","target":"3698"},{"source":"3526","target":"3713"},{"source":"3526","target":"3722"},{"source":"3526","target":"3753"},{"source":"3526","target":"3769"},{"source":"3526","target":"3773"},{"source":"3526","target":"3831"},{"source":"3526","target":"3840"},{"source":"3526","target":"3850"},{"source":"3526","target":"3862"},{"source":"3526","target":"3865"},{"source":"3527","target":"3528"},{"source":"3527","target":"3542"},{"source":"3527","target":"3545"},{"source":"3527","target":"3557"},{"source":"3527","target":"3604"},{"source":"3527","target":"3611"},{"source":"3527","target":"3672"},{"source":"3527","target":"3702"},{"source":"3527","target":"3707"},{"source":"3527","target":"3785"},{"source":"3527","target":"3800"},{"source":"3527","target":"3804"},{"source":"3527","target":"3838"},{"source":"3527","target":"3851"},{"source":"3527","target":"3902"},{"source":"3527","target":"3926"},{"source":"3527","target":"3930"},{"source":"3527","target":"3938"},{"source":"3527","target":"3966"},{"source":"3528","target":"3542"},{"source":"3528","target":"3545"},{"source":"3528","target":"3557"},{"source":"3528","target":"3559"},{"source":"3528","target":"3576"},{"source":"3528","target":"3596"},{"source":"3528","target":"3604"},{"source":"3528","target":"3605"},{"source":"3528","target":"3611"},{"source":"3528","target":"3627"},{"source":"3528","target":"3640"},{"source":"3528","target":"3681"},{"source":"3528","target":"3687"},{"source":"3528","target":"3702"},{"source":"3528","target":"3707"},{"source":"3528","target":"3730"},{"source":"3528","target":"3737"},{"source":"3528","target":"3790"},{"source":"3528","target":"3800"},{"source":"3528","target":"3804"},{"source":"3528","target":"3824"},{"source":"3528","target":"3832"},{"source":"3528","target":"3838"},{"source":"3528","target":"3858"},{"source":"3528","target":"3860"},{"source":"3528","target":"3926"},{"source":"3528","target":"3930"},{"source":"3528","target":"3938"},{"source":"3529","target":"3554"},{"source":"3529","target":"3568"},{"source":"3529","target":"3601"},{"source":"3529","target":"3602"},{"source":"3529","target":"3614"},{"source":"3529","target":"3630"},{"source":"3529","target":"3634"},{"source":"3529","target":"3668"},{"source":"3529","target":"3726"},{"source":"3529","target":"3738"},{"source":"3529","target":"3752"},{"source":"3529","target":"3758"},{"source":"3529","target":"3761"},{"source":"3529","target":"3777"},{"source":"3529","target":"3793"},{"source":"3529","target":"3829"},{"source":"3529","target":"3869"},{"source":"3529","target":"3900"},{"source":"3529","target":"3906"},{"source":"3529","target":"3909"},{"source":"3529","target":"3915"},{"source":"3529","target":"3937"},{"source":"3529","target":"3945"},{"source":"3529","target":"3947"},{"source":"3529","target":"3956"},{"source":"3529","target":"3972"},{"source":"3530","target":"3551"},{"source":"3530","target":"3673"},{"source":"3530","target":"3723"},{"source":"3530","target":"3925"},{"source":"3531","target":"3546"},{"source":"3531","target":"3549"},{"source":"3531","target":"3662"},{"source":"3531","target":"3771"},{"source":"3531","target":"3863"},{"source":"3531","target":"3949"},{"source":"3532","target":"3535"},{"source":"3532","target":"3564"},{"source":"3532","target":"3610"},{"source":"3532","target":"3617"},{"source":"3532","target":"3622"},{"source":"3532","target":"3767"},{"source":"3532","target":"3777"},{"source":"3532","target":"3803"},{"source":"3532","target":"3829"},{"source":"3532","target":"3927"},{"source":"3532","target":"3931"},{"source":"3532","target":"3956"},{"source":"3533","target":"3633"},{"source":"3533","target":"3674"},{"source":"3533","target":"3734"},{"source":"3533","target":"3760"},{"source":"3533","target":"3795"},{"source":"3533","target":"3830"},{"source":"3533","target":"3877"},{"source":"3533","target":"3929"},{"source":"3533","target":"3948"},{"source":"3534","target":"3535"},{"source":"3534","target":"3564"},{"source":"3534","target":"3568"},{"source":"3534","target":"3593"},{"source":"3534","target":"3612"},{"source":"3534","target":"3614"},{"source":"3534","target":"3617"},{"source":"3534","target":"3705"},{"source":"3534","target":"3758"},{"source":"3534","target":"3761"},{"source":"3534","target":"3770"},{"source":"3534","target":"3793"},{"source":"3534","target":"3810"},{"source":"3534","target":"3825"},{"source":"3534","target":"3829"},{"source":"3534","target":"3881"},{"source":"3534","target":"3906"},{"source":"3534","target":"3937"},{"source":"3535","target":"3584"},{"source":"3535","target":"3601"},{"source":"3535","target":"3623"},{"source":"3535","target":"3645"},{"source":"3535","target":"3694"},{"source":"3535","target":"3758"},{"source":"3535","target":"3782"},{"source":"3535","target":"3821"},{"source":"3535","target":"3823"},{"source":"3535","target":"3825"},{"source":"3535","target":"3866"},{"source":"3535","target":"3881"},{"source":"3535","target":"3927"},{"source":"3536","target":"3549"},{"source":"3536","target":"3606"},{"source":"3536","target":"3624"},{"source":"3536","target":"3662"},{"source":"3536","target":"3679"},{"source":"3536","target":"3682"},{"source":"3536","target":"3727"},{"source":"3536","target":"3812"},{"source":"3536","target":"3922"},{"source":"3537","target":"3664"},{"source":"3537","target":"3887"},{"source":"3537","target":"3901"},{"source":"3538","target":"3541"},{"source":"3538","target":"3567"},{"source":"3538","target":"3595"},{"source":"3538","target":"3628"},{"source":"3538","target":"3657"},{"source":"3538","target":"3725"},{"source":"3538","target":"3739"},{"source":"3538","target":"3743"},{"source":"3538","target":"3819"},{"source":"3538","target":"3857"},{"source":"3538","target":"3868"},{"source":"3538","target":"3871"},{"source":"3538","target":"3874"},{"source":"3538","target":"3892"},{"source":"3538","target":"3912"},{"source":"3538","target":"3917"},{"source":"3539","target":"3583"},{"source":"3539","target":"3584"},{"source":"3539","target":"3678"},{"source":"3539","target":"3690"},{"source":"3539","target":"3724"},{"source":"3539","target":"3823"},{"source":"3539","target":"3890"},{"source":"3539","target":"3895"},{"source":"3539","target":"3904"},{"source":"3540","target":"3556"},{"source":"3540","target":"3563"},{"source":"3540","target":"3596"},{"source":"3540","target":"3618"},{"source":"3540","target":"3656"},{"source":"3540","target":"3667"},{"source":"3540","target":"3674"},{"source":"3540","target":"3677"},{"source":"3540","target":"3684"},{"source":"3540","target":"3692"},{"source":"3540","target":"3693"},{"source":"3540","target":"3734"},{"source":"3540","target":"3750"},{"source":"3540","target":"3760"},{"source":"3540","target":"3780"},{"source":"3540","target":"3797"},{"source":"3540","target":"3830"},{"source":"3540","target":"3841"},{"source":"3540","target":"3842"},{"source":"3540","target":"3851"},{"source":"3540","target":"3886"},{"source":"3540","target":"3962"},{"source":"3540","target":"3966"},{"source":"3540","target":"3968"},{"source":"3540","target":"3971"},{"source":"3541","target":"3595"},{"source":"3541","target":"3628"},{"source":"3541","target":"3657"},{"source":"3541","target":"3725"},{"source":"3541","target":"3743"},{"source":"3541","target":"3868"},{"source":"3541","target":"3874"},{"source":"3541","target":"3892"},{"source":"3541","target":"3912"},{"source":"3542","target":"3543"},{"source":"3542","target":"3545"},{"source":"3542","target":"3559"},{"source":"3542","target":"3596"},{"source":"3542","target":"3604"},{"source":"3542","target":"3611"},{"source":"3542","target":"3628"},{"source":"3542","target":"3635"},{"source":"3542","target":"3658"},{"source":"3542","target":"3672"},{"source":"3542","target":"3687"},{"source":"3542","target":"3702"},{"source":"3542","target":"3707"},{"source":"3542","target":"3730"},{"source":"3542","target":"3790"},{"source":"3542","target":"3800"},{"source":"3542","target":"3804"},{"source":"3542","target":"3817"},{"source":"3542","target":"3824"},{"source":"3542","target":"3838"},{"source":"3542","target":"3852"},{"source":"3542","target":"3902"},{"source":"3542","target":"3926"},{"source":"3542","target":"3930"},{"source":"3542","target":"3940"},{"source":"3542","target":"3966"},{"source":"3543","target":"3576"},{"source":"3543","target":"3605"},{"source":"3543","target":"3859"},{"source":"3543","target":"3940"},{"source":"3544","target":"3674"},{"source":"3544","target":"3775"},{"source":"3544","target":"3808"},{"source":"3544","target":"3888"},{"source":"3545","target":"3557"},{"source":"3545","target":"3559"},{"source":"3545","target":"3576"},{"source":"3545","target":"3577"},{"source":"3545","target":"3578"},{"source":"3545","target":"3586"},{"source":"3545","target":"3596"},{"source":"3545","target":"3604"},{"source":"3545","target":"3605"},{"source":"3545","target":"3611"},{"source":"3545","target":"3627"},{"source":"3545","target":"3633"},{"source":"3545","target":"3640"},{"source":"3545","target":"3642"},{"source":"3545","target":"3651"},{"source":"3545","target":"3654"},{"source":"3545","target":"3672"},{"source":"3545","target":"3674"},{"source":"3545","target":"3677"},{"source":"3545","target":"3681"},{"source":"3545","target":"3684"},{"source":"3545","target":"3687"},{"source":"3545","target":"3697"},{"source":"3545","target":"3702"},{"source":"3545","target":"3703"},{"source":"3545","target":"3722"},{"source":"3545","target":"3730"},{"source":"3545","target":"3731"},{"source":"3545","target":"3734"},{"source":"3545","target":"3737"},{"source":"3545","target":"3755"},{"source":"3545","target":"3756"},{"source":"3545","target":"3785"},{"source":"3545","target":"3788"},{"source":"3545","target":"3790"},{"source":"3545","target":"3800"},{"source":"3545","target":"3804"},{"source":"3545","target":"3824"},{"source":"3545","target":"3828"},{"source":"3545","target":"3830"},{"source":"3545","target":"3831"},{"source":"3545","target":"3838"},{"source":"3545","target":"3841"},{"source":"3545","target":"3842"},{"source":"3545","target":"3845"},{"source":"3545","target":"3851"},{"source":"3545","target":"3852"},{"source":"3545","target":"3858"},{"source":"3545","target":"3860"},{"source":"3545","target":"3884"},{"source":"3545","target":"3889"},{"source":"3545","target":"3891"},{"source":"3545","target":"3902"},{"source":"3545","target":"3913"},{"source":"3545","target":"3926"},{"source":"3545","target":"3930"},{"source":"3545","target":"3938"},{"source":"3545","target":"3943"},{"source":"3545","target":"3962"},{"source":"3545","target":"3966"},{"source":"3545","target":"3968"},{"source":"3545","target":"3971"},{"source":"3546","target":"3549"},{"source":"3546","target":"3580"},{"source":"3546","target":"3624"},{"source":"3546","target":"3662"},{"source":"3546","target":"3679"},{"source":"3546","target":"3811"},{"source":"3546","target":"3863"},{"source":"3546","target":"3894"},{"source":"3546","target":"3939"},{"source":"3546","target":"3949"},{"source":"3546","target":"3963"},{"source":"3547","target":"3548"},{"source":"3547","target":"3628"},{"source":"3547","target":"3677"},{"source":"3547","target":"3684"},{"source":"3547","target":"3693"},{"source":"3547","target":"3747"},{"source":"3547","target":"3750"},{"source":"3547","target":"3775"},{"source":"3547","target":"3779"},{"source":"3547","target":"3950"},{"source":"3548","target":"3661"},{"source":"3548","target":"3737"},{"source":"3548","target":"3897"},{"source":"3548","target":"3908"},{"source":"3548","target":"3948"},{"source":"3549","target":"3566"},{"source":"3549","target":"3585"},{"source":"3549","target":"3624"},{"source":"3549","target":"3662"},{"source":"3549","target":"3682"},{"source":"3549","target":"3812"},{"source":"3549","target":"3814"},{"source":"3549","target":"3863"},{"source":"3549","target":"3905"},{"source":"3550","target":"3552"},{"source":"3550","target":"3573"},{"source":"3550","target":"3625"},{"source":"3550","target":"3633"},{"source":"3550","target":"3667"},{"source":"3550","target":"3672"},{"source":"3550","target":"3684"},{"source":"3550","target":"3797"},{"source":"3550","target":"3872"},{"source":"3550","target":"3950"},{"source":"3550","target":"3968"},{"source":"3550","target":"3971"},{"source":"3551","target":"3723"},{"source":"3551","target":"3925"},{"source":"3551","target":"3961"},{"source":"3552","target":"3573"},{"source":"3552","target":"3625"},{"source":"3552","target":"3672"},{"source":"3552","target":"3830"},{"source":"3552","target":"3886"},{"source":"3553","target":"3563"},{"source":"3553","target":"3598"},{"source":"3553","target":"3599"},{"source":"3553","target":"3629"},{"source":"3553","target":"3644"},{"source":"3553","target":"3663"},{"source":"3553","target":"3685"},{"source":"3553","target":"3698"},{"source":"3553","target":"3705"},{"source":"3553","target":"3710"},{"source":"3553","target":"3722"},{"source":"3553","target":"3728"},{"source":"3553","target":"3753"},{"source":"3553","target":"3769"},{"source":"3553","target":"3773"},{"source":"3553","target":"3778"},{"source":"3553","target":"3802"},{"source":"3553","target":"3827"},{"source":"3553","target":"3835"},{"source":"3553","target":"3840"},{"source":"3553","target":"3867"},{"source":"3553","target":"3921"},{"source":"3553","target":"3936"},{"source":"3554","target":"3561"},{"source":"3554","target":"3634"},{"source":"3554","target":"3680"},{"source":"3554","target":"3726"},{"source":"3554","target":"3752"},{"source":"3554","target":"3761"},{"source":"3554","target":"3794"},{"source":"3554","target":"3829"},{"source":"3554","target":"3915"},{"source":"3554","target":"3945"},{"source":"3554","target":"3956"},{"source":"3554","target":"3972"},{"source":"3555","target":"3584"},{"source":"3555","target":"3591"},{"source":"3555","target":"3593"},{"source":"3555","target":"3600"},{"source":"3555","target":"3604"},{"source":"3555","target":"3617"},{"source":"3555","target":"3754"},{"source":"3555","target":"3758"},{"source":"3555","target":"3767"},{"source":"3555","target":"3777"},{"source":"3555","target":"3803"},{"source":"3555","target":"3810"},{"source":"3555","target":"3829"},{"source":"3555","target":"3956"},{"source":"3556","target":"3611"},{"source":"3556","target":"3625"},{"source":"3556","target":"3684"},{"source":"3556","target":"3688"},{"source":"3556","target":"3693"},{"source":"3556","target":"3817"},{"source":"3556","target":"3851"},{"source":"3556","target":"3971"},{"source":"3557","target":"3574"},{"source":"3557","target":"3596"},{"source":"3557","target":"3604"},{"source":"3557","target":"3611"},{"source":"3557","target":"3627"},{"source":"3557","target":"3635"},{"source":"3557","target":"3640"},{"source":"3557","target":"3642"},{"source":"3557","target":"3670"},{"source":"3557","target":"3687"},{"source":"3557","target":"3702"},{"source":"3557","target":"3730"},{"source":"3557","target":"3731"},{"source":"3557","target":"3737"},{"source":"3557","target":"3790"},{"source":"3557","target":"3800"},{"source":"3557","target":"3804"},{"source":"3557","target":"3824"},{"source":"3557","target":"3828"},{"source":"3557","target":"3838"},{"source":"3557","target":"3858"},{"source":"3557","target":"3860"},{"source":"3557","target":"3938"},{"source":"3558","target":"3568"},{"source":"3558","target":"3584"},{"source":"3558","target":"3593"},{"source":"3558","target":"3620"},{"source":"3558","target":"3643"},{"source":"3558","target":"3646"},{"source":"3558","target":"3648"},{"source":"3558","target":"3711"},{"source":"3558","target":"3719"},{"source":"3558","target":"3738"},{"source":"3558","target":"3758"},{"source":"3558","target":"3768"},{"source":"3558","target":"3782"},{"source":"3558","target":"3786"},{"source":"3558","target":"3792"},{"source":"3558","target":"3793"},{"source":"3558","target":"3794"},{"source":"3558","target":"3810"},{"source":"3558","target":"3826"},{"source":"3558","target":"3829"},{"source":"3558","target":"3855"},{"source":"3558","target":"3866"},{"source":"3558","target":"3869"},{"source":"3558","target":"3870"},{"source":"3558","target":"3881"},{"source":"3558","target":"3903"},{"source":"3558","target":"3906"},{"source":"3558","target":"3909"},{"source":"3558","target":"3924"},{"source":"3558","target":"3945"},{"source":"3558","target":"3947"},{"source":"3558","target":"3951"},{"source":"3558","target":"3958"},{"source":"3558","target":"3969"},{"source":"3559","target":"3573"},{"source":"3559","target":"3576"},{"source":"3559","target":"3604"},{"source":"3559","target":"3627"},{"source":"3559","target":"3681"},{"source":"3559","target":"3731"},{"source":"3559","target":"3762"},{"source":"3559","target":"3804"},{"source":"3559","target":"3831"},{"source":"3559","target":"3838"},{"source":"3559","target":"3877"},{"source":"3559","target":"3884"},{"source":"3559","target":"3891"},{"source":"3559","target":"3902"},{"source":"3559","target":"3926"},{"source":"3559","target":"3930"},{"source":"3559","target":"3934"},{"source":"3559","target":"3944"},{"source":"3560","target":"3691"},{"source":"3560","target":"3830"},{"source":"3561","target":"3604"},{"source":"3561","target":"3612"},{"source":"3561","target":"3738"},{"source":"3561","target":"3752"},{"source":"3561","target":"3803"},{"source":"3561","target":"3825"},{"source":"3561","target":"3927"},{"source":"3561","target":"3942"},{"source":"3561","target":"3945"},{"source":"3561","target":"3964"},{"source":"3562","target":"3581"},{"source":"3562","target":"3594"},{"source":"3562","target":"3613"},{"source":"3562","target":"3639"},{"source":"3562","target":"3649"},{"source":"3562","target":"3695"},{"source":"3562","target":"3830"},{"source":"3562","target":"3883"},{"source":"3562","target":"3898"},{"source":"3562","target":"3919"},{"source":"3563","target":"3656"},{"source":"3563","target":"3667"},{"source":"3563","target":"3683"},{"source":"3563","target":"3684"},{"source":"3563","target":"3741"},{"source":"3563","target":"3830"},{"source":"3563","target":"3852"},{"source":"3563","target":"3873"},{"source":"3563","target":"3886"},{"source":"3563","target":"3948"},{"source":"3563","target":"3962"},{"source":"3563","target":"3968"},{"source":"3564","target":"3568"},{"source":"3564","target":"3617"},{"source":"3564","target":"3622"},{"source":"3564","target":"3678"},{"source":"3564","target":"3680"},{"source":"3564","target":"3690"},{"source":"3564","target":"3719"},{"source":"3564","target":"3803"},{"source":"3564","target":"3821"},{"source":"3564","target":"3825"},{"source":"3564","target":"3878"},{"source":"3564","target":"3927"},{"source":"3565","target":"3637"},{"source":"3565","target":"3756"},{"source":"3566","target":"3662"},{"source":"3566","target":"3723"},{"source":"3566","target":"3780"},{"source":"3566","target":"3961"},{"source":"3567","target":"3595"},{"source":"3567","target":"3628"},{"source":"3567","target":"3657"},{"source":"3567","target":"3725"},{"source":"3567","target":"3739"},{"source":"3567","target":"3743"},{"source":"3567","target":"3857"},{"source":"3567","target":"3868"},{"source":"3567","target":"3874"},{"source":"3567","target":"3912"},{"source":"3567","target":"3917"},{"source":"3568","target":"3593"},{"source":"3568","target":"3601"},{"source":"3568","target":"3614"},{"source":"3568","target":"3617"},{"source":"3568","target":"3623"},{"source":"3568","target":"3645"},{"source":"3568","target":"3680"},{"source":"3568","target":"3758"},{"source":"3568","target":"3764"},{"source":"3568","target":"3768"},{"source":"3568","target":"3782"},{"source":"3568","target":"3786"},{"source":"3568","target":"3793"},{"source":"3568","target":"3810"},{"source":"3568","target":"3818"},{"source":"3568","target":"3825"},{"source":"3568","target":"3834"},{"source":"3568","target":"3843"},{"source":"3568","target":"3866"},{"source":"3568","target":"3906"},{"source":"3568","target":"3914"},{"source":"3568","target":"3915"},{"source":"3568","target":"3931"},{"source":"3568","target":"3947"},{"source":"3568","target":"3973"},{"source":"3569","target":"3591"},{"source":"3569","target":"3593"},{"source":"3569","target":"3680"},{"source":"3569","target":"3705"},{"source":"3569","target":"3706"},{"source":"3569","target":"3714"},{"source":"3569","target":"3793"},{"source":"3569","target":"3794"},{"source":"3569","target":"3803"},{"source":"3569","target":"3822"},{"source":"3569","target":"3826"},{"source":"3569","target":"3833"},{"source":"3569","target":"3869"},{"source":"3569","target":"3900"},{"source":"3569","target":"3906"},{"source":"3569","target":"3909"},{"source":"3569","target":"3924"},{"source":"3569","target":"3947"},{"source":"3569","target":"3951"},{"source":"3569","target":"3969"},{"source":"3571","target":"3579"},{"source":"3571","target":"3675"},{"source":"3571","target":"3701"},{"source":"3571","target":"3708"},{"source":"3571","target":"3757"},{"source":"3571","target":"3759"},{"source":"3571","target":"3774"},{"source":"3571","target":"3836"},{"source":"3571","target":"3837"},{"source":"3571","target":"3899"},{"source":"3571","target":"3918"},{"source":"3571","target":"3957"},{"source":"3571","target":"3965"},{"source":"3571","target":"3975"},{"source":"3572","target":"3705"},{"source":"3572","target":"3706"},{"source":"3572","target":"3714"},{"source":"3572","target":"3794"},{"source":"3572","target":"3822"},{"source":"3572","target":"3869"},{"source":"3573","target":"3576"},{"source":"3573","target":"3611"},{"source":"3573","target":"3625"},{"source":"3573","target":"3672"},{"source":"3573","target":"3702"},{"source":"3573","target":"3797"},{"source":"3573","target":"3838"},{"source":"3573","target":"3852"},{"source":"3573","target":"3877"},{"source":"3573","target":"3891"},{"source":"3573","target":"3902"},{"source":"3573","target":"3930"},{"source":"3573","target":"3966"},{"source":"3574","target":"3576"},{"source":"3574","target":"3596"},{"source":"3574","target":"3605"},{"source":"3574","target":"3611"},{"source":"3574","target":"3635"},{"source":"3574","target":"3640"},{"source":"3574","target":"3642"},{"source":"3574","target":"3731"},{"source":"3574","target":"3762"},{"source":"3574","target":"3828"},{"source":"3574","target":"3830"},{"source":"3574","target":"3877"},{"source":"3574","target":"3891"},{"source":"3575","target":"3672"},{"source":"3575","target":"3872"},{"source":"3576","target":"3577"},{"source":"3576","target":"3596"},{"source":"3576","target":"3604"},{"source":"3576","target":"3605"},{"source":"3576","target":"3611"},{"source":"3576","target":"3640"},{"source":"3576","target":"3642"},{"source":"3576","target":"3658"},{"source":"3576","target":"3670"},{"source":"3576","target":"3702"},{"source":"3576","target":"3707"},{"source":"3576","target":"3731"},{"source":"3576","target":"3756"},{"source":"3576","target":"3785"},{"source":"3576","target":"3790"},{"source":"3576","target":"3800"},{"source":"3576","target":"3824"},{"source":"3576","target":"3828"},{"source":"3576","target":"3830"},{"source":"3576","target":"3838"},{"source":"3576","target":"3858"},{"source":"3576","target":"3860"},{"source":"3576","target":"3877"},{"source":"3576","target":"3891"},{"source":"3576","target":"3902"},{"source":"3576","target":"3926"},{"source":"3576","target":"3930"},{"source":"3576","target":"3938"},{"source":"3576","target":"3966"},{"source":"3577","target":"3586"},{"source":"3577","target":"3596"},{"source":"3577","target":"3604"},{"source":"3577","target":"3609"},{"source":"3577","target":"3611"},{"source":"3577","target":"3618"},{"source":"3577","target":"3625"},{"source":"3577","target":"3633"},{"source":"3577","target":"3642"},{"source":"3577","target":"3651"},{"source":"3577","target":"3656"},{"source":"3577","target":"3674"},{"source":"3577","target":"3677"},{"source":"3577","target":"3684"},{"source":"3577","target":"3692"},{"source":"3577","target":"3693"},{"source":"3577","target":"3721"},{"source":"3577","target":"3734"},{"source":"3577","target":"3741"},{"source":"3577","target":"3756"},{"source":"3577","target":"3780"},{"source":"3577","target":"3797"},{"source":"3577","target":"3800"},{"source":"3577","target":"3828"},{"source":"3577","target":"3830"},{"source":"3577","target":"3841"},{"source":"3577","target":"3842"},{"source":"3577","target":"3851"},{"source":"3577","target":"3873"},{"source":"3577","target":"3877"},{"source":"3577","target":"3886"},{"source":"3577","target":"3889"},{"source":"3577","target":"3929"},{"source":"3577","target":"3938"},{"source":"3577","target":"3943"},{"source":"3577","target":"3944"},{"source":"3577","target":"3948"},{"source":"3577","target":"3962"},{"source":"3577","target":"3968"},{"source":"3578","target":"3596"},{"source":"3578","target":"3604"},{"source":"3578","target":"3611"},{"source":"3578","target":"3633"},{"source":"3578","target":"3640"},{"source":"3578","target":"3670"},{"source":"3578","target":"3683"},{"source":"3578","target":"3730"},{"source":"3578","target":"3731"},{"source":"3578","target":"3737"},{"source":"3578","target":"3790"},{"source":"3578","target":"3804"},{"source":"3578","target":"3824"},{"source":"3578","target":"3828"},{"source":"3578","target":"3830"},{"source":"3578","target":"3838"},{"source":"3578","target":"3858"},{"source":"3578","target":"3860"},{"source":"3578","target":"3877"},{"source":"3578","target":"3938"},{"source":"3579","target":"3675"},{"source":"3579","target":"3701"},{"source":"3579","target":"3708"},{"source":"3579","target":"3757"},{"source":"3579","target":"3759"},{"source":"3579","target":"3774"},{"source":"3579","target":"3836"},{"source":"3579","target":"3837"},{"source":"3579","target":"3918"},{"source":"3579","target":"3957"},{"source":"3579","target":"3975"},{"source":"3580","target":"3585"},{"source":"3580","target":"3679"},{"source":"3580","target":"3894"},{"source":"3580","target":"3905"},{"source":"3581","target":"3594"},{"source":"3581","target":"3613"},{"source":"3581","target":"3649"},{"source":"3581","target":"3695"},{"source":"3581","target":"3883"},{"source":"3581","target":"3898"},{"source":"3582","target":"3752"},{"source":"3583","target":"3600"},{"source":"3583","target":"3758"},{"source":"3583","target":"3825"},{"source":"3583","target":"3869"},{"source":"3583","target":"3931"},{"source":"3584","target":"3593"},{"source":"3584","target":"3617"},{"source":"3584","target":"3620"},{"source":"3584","target":"3631"},{"source":"3584","target":"3643"},{"source":"3584","target":"3646"},{"source":"3584","target":"3690"},{"source":"3584","target":"3711"},{"source":"3584","target":"3718"},{"source":"3584","target":"3719"},{"source":"3584","target":"3758"},{"source":"3584","target":"3763"},{"source":"3584","target":"3764"},{"source":"3584","target":"3768"},{"source":"3584","target":"3782"},{"source":"3584","target":"3784"},{"source":"3584","target":"3792"},{"source":"3584","target":"3793"},{"source":"3584","target":"3794"},{"source":"3584","target":"3810"},{"source":"3584","target":"3818"},{"source":"3584","target":"3821"},{"source":"3584","target":"3826"},{"source":"3584","target":"3833"},{"source":"3584","target":"3866"},{"source":"3584","target":"3870"},{"source":"3584","target":"3893"},{"source":"3584","target":"3896"},{"source":"3584","target":"3900"},{"source":"3584","target":"3903"},{"source":"3584","target":"3904"},{"source":"3584","target":"3906"},{"source":"3584","target":"3924"},{"source":"3584","target":"3927"},{"source":"3584","target":"3947"},{"source":"3584","target":"3951"},{"source":"3584","target":"3969"},{"source":"3584","target":"3973"},{"source":"3584","target":"3976"},{"source":"3585","target":"3679"},{"source":"3585","target":"3863"},{"source":"3585","target":"3949"},{"source":"3586","target":"3596"},{"source":"3586","target":"3604"},{"source":"3586","target":"3633"},{"source":"3586","target":"3651"},{"source":"3586","target":"3674"},{"source":"3586","target":"3677"},{"source":"3586","target":"3684"},{"source":"3586","target":"3692"},{"source":"3586","target":"3693"},{"source":"3586","target":"3697"},{"source":"3586","target":"3712"},{"source":"3586","target":"3734"},{"source":"3586","target":"3756"},{"source":"3586","target":"3760"},{"source":"3586","target":"3765"},{"source":"3586","target":"3788"},{"source":"3586","target":"3796"},{"source":"3586","target":"3797"},{"source":"3586","target":"3800"},{"source":"3586","target":"3830"},{"source":"3586","target":"3839"},{"source":"3586","target":"3841"},{"source":"3586","target":"3851"},{"source":"3586","target":"3889"},{"source":"3586","target":"3930"},{"source":"3586","target":"3938"},{"source":"3586","target":"3948"},{"source":"3586","target":"3971"},{"source":"3587","target":"3641"},{"source":"3587","target":"3655"},{"source":"3587","target":"3696"},{"source":"3587","target":"3747"},{"source":"3587","target":"3766"},{"source":"3587","target":"3776"},{"source":"3587","target":"3783"},{"source":"3587","target":"3791"},{"source":"3587","target":"3809"},{"source":"3587","target":"3920"},{"source":"3587","target":"3933"},{"source":"3587","target":"3960"},{"source":"3587","target":"3964"},{"source":"3587","target":"3967"},{"source":"3588","target":"3827"},{"source":"3588","target":"3862"},{"source":"3589","target":"3592"},{"source":"3590","target":"3599"},{"source":"3590","target":"3608"},{"source":"3590","target":"3615"},{"source":"3590","target":"3629"},{"source":"3590","target":"3636"},{"source":"3590","target":"3663"},{"source":"3590","target":"3666"},{"source":"3590","target":"3705"},{"source":"3590","target":"3710"},{"source":"3590","target":"3713"},{"source":"3590","target":"3715"},{"source":"3590","target":"3722"},{"source":"3590","target":"3728"},{"source":"3590","target":"3740"},{"source":"3590","target":"3756"},{"source":"3590","target":"3815"},{"source":"3590","target":"3835"},{"source":"3590","target":"3862"},{"source":"3590","target":"3867"},{"source":"3590","target":"3907"},{"source":"3590","target":"3921"},{"source":"3590","target":"3944"},{"source":"3591","target":"3593"},{"source":"3591","target":"3680"},{"source":"3591","target":"3706"},{"source":"3591","target":"3714"},{"source":"3591","target":"3793"},{"source":"3591","target":"3794"},{"source":"3591","target":"3822"},{"source":"3591","target":"3826"},{"source":"3591","target":"3833"},{"source":"3591","target":"3855"},{"source":"3591","target":"3900"},{"source":"3591","target":"3924"},{"source":"3591","target":"3951"},{"source":"3592","target":"3626"},{"source":"3592","target":"3677"},{"source":"3592","target":"3847"},{"source":"3592","target":"3888"},{"source":"3592","target":"3891"},{"source":"3592","target":"3916"},{"source":"3592","target":"3979"},{"source":"3593","target":"3601"},{"source":"3593","target":"3623"},{"source":"3593","target":"3631"},{"source":"3593","target":"3634"},{"source":"3593","target":"3646"},{"source":"3593","target":"3648"},{"source":"3593","target":"3680"},{"source":"3593","target":"3706"},{"source":"3593","target":"3711"},{"source":"3593","target":"3714"},{"source":"3593","target":"3718"},{"source":"3593","target":"3719"},{"source":"3593","target":"3738"},{"source":"3593","target":"3758"},{"source":"3593","target":"3764"},{"source":"3593","target":"3768"},{"source":"3593","target":"3782"},{"source":"3593","target":"3786"},{"source":"3593","target":"3793"},{"source":"3593","target":"3794"},{"source":"3593","target":"3810"},{"source":"3593","target":"3818"},{"source":"3593","target":"3829"},{"source":"3593","target":"3833"},{"source":"3593","target":"3855"},{"source":"3593","target":"3869"},{"source":"3593","target":"3906"},{"source":"3593","target":"3924"},{"source":"3593","target":"3931"},{"source":"3593","target":"3947"},{"source":"3593","target":"3951"},{"source":"3594","target":"3613"},{"source":"3594","target":"3649"},{"source":"3594","target":"3695"},{"source":"3594","target":"3830"},{"source":"3594","target":"3883"},{"source":"3594","target":"3898"},{"source":"3595","target":"3628"},{"source":"3595","target":"3657"},{"source":"3595","target":"3725"},{"source":"3595","target":"3739"},{"source":"3595","target":"3743"},{"source":"3595","target":"3857"},{"source":"3595","target":"3868"},{"source":"3595","target":"3912"},{"source":"3595","target":"3917"},{"source":"3596","target":"3603"},{"source":"3596","target":"3604"},{"source":"3596","target":"3605"},{"source":"3596","target":"3611"},{"source":"3596","target":"3627"},{"source":"3596","target":"3633"},{"source":"3596","target":"3635"},{"source":"3596","target":"3640"},{"source":"3596","target":"3642"},{"source":"3596","target":"3658"},{"source":"3596","target":"3670"},{"source":"3596","target":"3672"},{"source":"3596","target":"3674"},{"source":"3596","target":"3677"},{"source":"3596","target":"3681"},{"source":"3596","target":"3684"},{"source":"3596","target":"3686"},{"source":"3596","target":"3687"},{"source":"3596","target":"3692"},{"source":"3596","target":"3693"},{"source":"3596","target":"3702"},{"source":"3596","target":"3721"},{"source":"3596","target":"3730"},{"source":"3596","target":"3731"},{"source":"3596","target":"3734"},{"source":"3596","target":"3737"},{"source":"3596","target":"3750"},{"source":"3596","target":"3756"},{"source":"3596","target":"3762"},{"source":"3596","target":"3779"},{"source":"3596","target":"3780"},{"source":"3596","target":"3785"},{"source":"3596","target":"3788"},{"source":"3596","target":"3790"},{"source":"3596","target":"3797"},{"source":"3596","target":"3800"},{"source":"3596","target":"3804"},{"source":"3596","target":"3824"},{"source":"3596","target":"3828"},{"source":"3596","target":"3830"},{"source":"3596","target":"3832"},{"source":"3596","target":"3838"},{"source":"3596","target":"3841"},{"source":"3596","target":"3851"},{"source":"3596","target":"3858"},{"source":"3596","target":"3860"},{"source":"3596","target":"3877"},{"source":"3596","target":"3880"},{"source":"3596","target":"3884"},{"source":"3596","target":"3889"},{"source":"3596","target":"3902"},{"source":"3596","target":"3913"},{"source":"3596","target":"3926"},{"source":"3596","target":"3930"},{"source":"3596","target":"3938"},{"source":"3596","target":"3943"},{"source":"3596","target":"3948"},{"source":"3596","target":"3962"},{"source":"3596","target":"3966"},{"source":"3596","target":"3971"},{"source":"3598","target":"3685"},{"source":"3598","target":"3698"},{"source":"3598","target":"3850"},{"source":"3598","target":"3936"},{"source":"3599","target":"3608"},{"source":"3599","target":"3615"},{"source":"3599","target":"3629"},{"source":"3599","target":"3636"},{"source":"3599","target":"3663"},{"source":"3599","target":"3666"},{"source":"3599","target":"3705"},{"source":"3599","target":"3710"},{"source":"3599","target":"3713"},{"source":"3599","target":"3715"},{"source":"3599","target":"3722"},{"source":"3599","target":"3728"},{"source":"3599","target":"3735"},{"source":"3599","target":"3740"},{"source":"3599","target":"3753"},{"source":"3599","target":"3769"},{"source":"3599","target":"3773"},{"source":"3599","target":"3802"},{"source":"3599","target":"3815"},{"source":"3599","target":"3835"},{"source":"3599","target":"3850"},{"source":"3599","target":"3862"},{"source":"3599","target":"3867"},{"source":"3599","target":"3907"},{"source":"3599","target":"3921"},{"source":"3600","target":"3612"},{"source":"3600","target":"3825"},{"source":"3600","target":"3861"},{"source":"3601","target":"3604"},{"source":"3601","target":"3623"},{"source":"3601","target":"3645"},{"source":"3601","target":"3768"},{"source":"3601","target":"3782"},{"source":"3601","target":"3786"},{"source":"3601","target":"3818"},{"source":"3601","target":"3823"},{"source":"3601","target":"3825"},{"source":"3601","target":"3866"},{"source":"3601","target":"3881"},{"source":"3601","target":"3906"},{"source":"3602","target":"3630"},{"source":"3602","target":"3634"},{"source":"3602","target":"3738"},{"source":"3602","target":"3761"},{"source":"3602","target":"3770"},{"source":"3602","target":"3829"},{"source":"3602","target":"3869"},{"source":"3602","target":"3945"},{"source":"3602","target":"3972"},{"source":"3603","target":"3640"},{"source":"3603","target":"3672"},{"source":"3603","target":"3756"},{"source":"3603","target":"3790"},{"source":"3603","target":"3828"},{"source":"3603","target":"3838"},{"source":"3604","target":"3605"},{"source":"3604","target":"3611"},{"source":"3604","target":"3617"},{"source":"3604","target":"3627"},{"source":"3604","target":"3633"},{"source":"3604","target":"3635"},{"source":"3604","target":"3640"},{"source":"3604","target":"3645"},{"source":"3604","target":"3658"},{"source":"3604","target":"3672"},{"source":"3604","target":"3674"},{"source":"3604","target":"3677"},{"source":"3604","target":"3687"},{"source":"3604","target":"3721"},{"source":"3604","target":"3730"},{"source":"3604","target":"3731"},{"source":"3604","target":"3734"},{"source":"3604","target":"3737"},{"source":"3604","target":"3756"},{"source":"3604","target":"3770"},{"source":"3604","target":"3788"},{"source":"3604","target":"3790"},{"source":"3604","target":"3800"},{"source":"3604","target":"3804"},{"source":"3604","target":"3828"},{"source":"3604","target":"3830"},{"source":"3604","target":"3838"},{"source":"3604","target":"3841"},{"source":"3604","target":"3845"},{"source":"3604","target":"3851"},{"source":"3604","target":"3852"},{"source":"3604","target":"3858"},{"source":"3604","target":"3860"},{"source":"3604","target":"3861"},{"source":"3604","target":"3869"},{"source":"3604","target":"3889"},{"source":"3604","target":"3902"},{"source":"3604","target":"3913"},{"source":"3604","target":"3914"},{"source":"3604","target":"3915"},{"source":"3604","target":"3926"},{"source":"3604","target":"3938"},{"source":"3604","target":"3943"},{"source":"3604","target":"3948"},{"source":"3604","target":"3962"},{"source":"3604","target":"3966"},{"source":"3605","target":"3611"},{"source":"3605","target":"3635"},{"source":"3605","target":"3640"},{"source":"3605","target":"3670"},{"source":"3605","target":"3672"},{"source":"3605","target":"3687"},{"source":"3605","target":"3702"},{"source":"3605","target":"3707"},{"source":"3605","target":"3730"},{"source":"3605","target":"3731"},{"source":"3605","target":"3737"},{"source":"3605","target":"3756"},{"source":"3605","target":"3785"},{"source":"3605","target":"3790"},{"source":"3605","target":"3800"},{"source":"3605","target":"3804"},{"source":"3605","target":"3824"},{"source":"3605","target":"3828"},{"source":"3605","target":"3830"},{"source":"3605","target":"3838"},{"source":"3605","target":"3860"},{"source":"3605","target":"3877"},{"source":"3605","target":"3880"},{"source":"3605","target":"3926"},{"source":"3605","target":"3938"},{"source":"3605","target":"3948"},{"source":"3606","target":"3662"},{"source":"3606","target":"3727"},{"source":"3606","target":"3745"},{"source":"3607","target":"3644"},{"source":"3607","target":"3698"},{"source":"3607","target":"3747"},{"source":"3607","target":"3933"},{"source":"3608","target":"3615"},{"source":"3608","target":"3694"},{"source":"3608","target":"3705"},{"source":"3608","target":"3710"},{"source":"3608","target":"3713"},{"source":"3608","target":"3722"},{"source":"3608","target":"3728"},{"source":"3608","target":"3735"},{"source":"3608","target":"3740"},{"source":"3608","target":"3862"},{"source":"3608","target":"3867"},{"source":"3608","target":"3907"},{"source":"3608","target":"3921"},{"source":"3609","target":"3618"},{"source":"3609","target":"3633"},{"source":"3609","target":"3692"},{"source":"3609","target":"3721"},{"source":"3609","target":"3741"},{"source":"3609","target":"3750"},{"source":"3609","target":"3756"},{"source":"3609","target":"3779"},{"source":"3609","target":"3797"},{"source":"3609","target":"3830"},{"source":"3609","target":"3851"},{"source":"3609","target":"3877"},{"source":"3609","target":"3886"},{"source":"3609","target":"3938"},{"source":"3609","target":"3943"},{"source":"3609","target":"3948"},{"source":"3609","target":"3962"},{"source":"3609","target":"3968"},{"source":"3610","target":"3659"},{"source":"3610","target":"3660"},{"source":"3610","target":"3674"},{"source":"3610","target":"3732"},{"source":"3610","target":"3764"},{"source":"3610","target":"3772"},{"source":"3610","target":"3779"},{"source":"3610","target":"3847"},{"source":"3610","target":"3888"},{"source":"3610","target":"3927"},{"source":"3610","target":"3950"},{"source":"3610","target":"3953"},{"source":"3610","target":"3979"},{"source":"3611","target":"3633"},{"source":"3611","target":"3635"},{"source":"3611","target":"3640"},{"source":"3611","target":"3672"},{"source":"3611","target":"3731"},{"source":"3611","target":"3734"},{"source":"3611","target":"3737"},{"source":"3611","target":"3762"},{"source":"3611","target":"3785"},{"source":"3611","target":"3790"},{"source":"3611","target":"3800"},{"source":"3611","target":"3804"},{"source":"3611","target":"3817"},{"source":"3611","target":"3824"},{"source":"3611","target":"3830"},{"source":"3611","target":"3838"},{"source":"3611","target":"3842"},{"source":"3611","target":"3845"},{"source":"3611","target":"3851"},{"source":"3611","target":"3852"},{"source":"3611","target":"3858"},{"source":"3611","target":"3860"},{"source":"3611","target":"3877"},{"source":"3611","target":"3891"},{"source":"3611","target":"3902"},{"source":"3611","target":"3913"},{"source":"3611","target":"3926"},{"source":"3611","target":"3930"},{"source":"3611","target":"3938"},{"source":"3611","target":"3966"},{"source":"3611","target":"3971"},{"source":"3612","target":"3673"},{"source":"3612","target":"3758"},{"source":"3612","target":"3759"},{"source":"3612","target":"3764"},{"source":"3612","target":"3810"},{"source":"3612","target":"3825"},{"source":"3612","target":"3836"},{"source":"3612","target":"3837"},{"source":"3612","target":"3869"},{"source":"3612","target":"3893"},{"source":"3612","target":"3895"},{"source":"3612","target":"3937"},{"source":"3612","target":"3941"},{"source":"3612","target":"3945"},{"source":"3613","target":"3639"},{"source":"3613","target":"3649"},{"source":"3613","target":"3695"},{"source":"3613","target":"3830"},{"source":"3613","target":"3883"},{"source":"3613","target":"3898"},{"source":"3613","target":"3919"},{"source":"3614","target":"3652"},{"source":"3614","target":"3758"},{"source":"3614","target":"3825"},{"source":"3614","target":"3900"},{"source":"3614","target":"3945"},{"source":"3615","target":"3629"},{"source":"3615","target":"3636"},{"source":"3615","target":"3664"},{"source":"3615","target":"3705"},{"source":"3615","target":"3740"},{"source":"3615","target":"3776"},{"source":"3615","target":"3815"},{"source":"3615","target":"3835"},{"source":"3615","target":"3867"},{"source":"3615","target":"3907"},{"source":"3615","target":"3921"},{"source":"3616","target":"3638"},{"source":"3616","target":"3647"},{"source":"3616","target":"3699"},{"source":"3616","target":"3716"},{"source":"3616","target":"3799"},{"source":"3616","target":"3844"},{"source":"3616","target":"3848"},{"source":"3616","target":"3918"},{"source":"3616","target":"3932"},{"source":"3617","target":"3622"},{"source":"3617","target":"3645"},{"source":"3617","target":"3680"},{"source":"3617","target":"3690"},{"source":"3617","target":"3719"},{"source":"3617","target":"3724"},{"source":"3617","target":"3738"},{"source":"3617","target":"3754"},{"source":"3617","target":"3758"},{"source":"3617","target":"3777"},{"source":"3617","target":"3793"},{"source":"3617","target":"3803"},{"source":"3617","target":"3821"},{"source":"3617","target":"3823"},{"source":"3617","target":"3825"},{"source":"3617","target":"3830"},{"source":"3617","target":"3834"},{"source":"3617","target":"3869"},{"source":"3617","target":"3878"},{"source":"3617","target":"3895"},{"source":"3617","target":"3927"},{"source":"3617","target":"3931"},{"source":"3618","target":"3625"},{"source":"3618","target":"3633"},{"source":"3618","target":"3684"},{"source":"3618","target":"3692"},{"source":"3618","target":"3734"},{"source":"3618","target":"3750"},{"source":"3618","target":"3797"},{"source":"3618","target":"3842"},{"source":"3618","target":"3851"},{"source":"3618","target":"3873"},{"source":"3618","target":"3968"},{"source":"3618","target":"3971"},{"source":"3619","target":"3760"},{"source":"3619","target":"3880"},{"source":"3619","target":"3970"},{"source":"3620","target":"3646"},{"source":"3620","target":"3648"},{"source":"3620","target":"3711"},{"source":"3620","target":"3714"},{"source":"3620","target":"3718"},{"source":"3620","target":"3764"},{"source":"3620","target":"3792"},{"source":"3620","target":"3810"},{"source":"3620","target":"3870"},{"source":"3620","target":"3900"},{"source":"3620","target":"3906"},{"source":"3620","target":"3969"},{"source":"3621","target":"3684"},{"source":"3621","target":"3689"},{"source":"3621","target":"3721"},{"source":"3621","target":"3797"},{"source":"3621","target":"3861"},{"source":"3621","target":"3902"},{"source":"3622","target":"3690"},{"source":"3622","target":"3719"},{"source":"3622","target":"3803"},{"source":"3622","target":"3821"},{"source":"3622","target":"3878"},{"source":"3622","target":"3927"},{"source":"3622","target":"3931"},{"source":"3623","target":"3645"},{"source":"3623","target":"3758"},{"source":"3623","target":"3768"},{"source":"3623","target":"3782"},{"source":"3623","target":"3786"},{"source":"3623","target":"3793"},{"source":"3623","target":"3810"},{"source":"3623","target":"3818"},{"source":"3623","target":"3866"},{"source":"3623","target":"3906"},{"source":"3623","target":"3947"},{"source":"3624","target":"3662"},{"source":"3624","target":"3679"},{"source":"3624","target":"3806"},{"source":"3624","target":"3814"},{"source":"3624","target":"3863"},{"source":"3624","target":"3905"},{"source":"3624","target":"3949"},{"source":"3625","target":"3633"},{"source":"3625","target":"3656"},{"source":"3625","target":"3667"},{"source":"3625","target":"3672"},{"source":"3625","target":"3674"},{"source":"3625","target":"3677"},{"source":"3625","target":"3684"},{"source":"3625","target":"3692"},{"source":"3625","target":"3721"},{"source":"3625","target":"3734"},{"source":"3625","target":"3756"},{"source":"3625","target":"3797"},{"source":"3625","target":"3830"},{"source":"3625","target":"3841"},{"source":"3625","target":"3842"},{"source":"3625","target":"3851"},{"source":"3625","target":"3873"},{"source":"3625","target":"3886"},{"source":"3625","target":"3938"},{"source":"3625","target":"3948"},{"source":"3625","target":"3962"},{"source":"3625","target":"3968"},{"source":"3625","target":"3978"},{"source":"3626","target":"3839"},{"source":"3626","target":"3847"},{"source":"3626","target":"3916"},{"source":"3626","target":"3979"},{"source":"3627","target":"3635"},{"source":"3627","target":"3640"},{"source":"3627","target":"3681"},{"source":"3627","target":"3702"},{"source":"3627","target":"3707"},{"source":"3627","target":"3730"},{"source":"3627","target":"3790"},{"source":"3627","target":"3804"},{"source":"3627","target":"3824"},{"source":"3628","target":"3657"},{"source":"3628","target":"3725"},{"source":"3628","target":"3739"},{"source":"3628","target":"3743"},{"source":"3628","target":"3760"},{"source":"3628","target":"3819"},{"source":"3628","target":"3857"},{"source":"3628","target":"3868"},{"source":"3628","target":"3871"},{"source":"3628","target":"3874"},{"source":"3628","target":"3892"},{"source":"3628","target":"3912"},{"source":"3628","target":"3917"},{"source":"3628","target":"3962"},{"source":"3629","target":"3636"},{"source":"3629","target":"3666"},{"source":"3629","target":"3698"},{"source":"3629","target":"3705"},{"source":"3629","target":"3710"},{"source":"3629","target":"3713"},{"source":"3629","target":"3722"},{"source":"3629","target":"3728"},{"source":"3629","target":"3735"},{"source":"3629","target":"3740"},{"source":"3629","target":"3753"},{"source":"3629","target":"3769"},{"source":"3629","target":"3778"},{"source":"3629","target":"3815"},{"source":"3629","target":"3835"},{"source":"3629","target":"3840"},{"source":"3629","target":"3850"},{"source":"3629","target":"3862"},{"source":"3629","target":"3867"},{"source":"3629","target":"3876"},{"source":"3629","target":"3907"},{"source":"3629","target":"3921"},{"source":"3629","target":"3977"},{"source":"3630","target":"3634"},{"source":"3630","target":"3738"},{"source":"3630","target":"3829"},{"source":"3630","target":"3945"},{"source":"3631","target":"3648"},{"source":"3631","target":"3711"},{"source":"3631","target":"3786"},{"source":"3631","target":"3792"},{"source":"3631","target":"3833"},{"source":"3631","target":"3903"},{"source":"3632","target":"3720"},{"source":"3632","target":"3787"},{"source":"3632","target":"3791"},{"source":"3632","target":"3918"},{"source":"3633","target":"3651"},{"source":"3633","target":"3654"},{"source":"3633","target":"3656"},{"source":"3633","target":"3667"},{"source":"3633","target":"3674"},{"source":"3633","target":"3677"},{"source":"3633","target":"3684"},{"source":"3633","target":"3687"},{"source":"3633","target":"3692"},{"source":"3633","target":"3693"},{"source":"3633","target":"3721"},{"source":"3633","target":"3734"},{"source":"3633","target":"3741"},{"source":"3633","target":"3750"},{"source":"3633","target":"3756"},{"source":"3633","target":"3760"},{"source":"3633","target":"3788"},{"source":"3633","target":"3796"},{"source":"3633","target":"3797"},{"source":"3633","target":"3800"},{"source":"3633","target":"3804"},{"source":"3633","target":"3824"},{"source":"3633","target":"3828"},{"source":"3633","target":"3830"},{"source":"3633","target":"3841"},{"source":"3633","target":"3842"},{"source":"3633","target":"3851"},{"source":"3633","target":"3860"},{"source":"3633","target":"3873"},{"source":"3633","target":"3877"},{"source":"3633","target":"3884"},{"source":"3633","target":"3889"},{"source":"3633","target":"3928"},{"source":"3633","target":"3938"},{"source":"3633","target":"3943"},{"source":"3633","target":"3948"},{"source":"3633","target":"3962"},{"source":"3633","target":"3968"},{"source":"3633","target":"3971"},{"source":"3634","target":"3738"},{"source":"3634","target":"3752"},{"source":"3634","target":"3761"},{"source":"3634","target":"3829"},{"source":"3634","target":"3915"},{"source":"3634","target":"3937"},{"source":"3634","target":"3945"},{"source":"3634","target":"3956"},{"source":"3634","target":"3972"},{"source":"3635","target":"3640"},{"source":"3635","target":"3670"},{"source":"3635","target":"3686"},{"source":"3635","target":"3702"},{"source":"3635","target":"3730"},{"source":"3635","target":"3731"},{"source":"3635","target":"3790"},{"source":"3635","target":"3800"},{"source":"3635","target":"3804"},{"source":"3635","target":"3830"},{"source":"3635","target":"3832"},{"source":"3635","target":"3838"},{"source":"3635","target":"3926"},{"source":"3635","target":"3930"},{"source":"3635","target":"3938"},{"source":"3635","target":"3948"},{"source":"3636","target":"3666"},{"source":"3636","target":"3705"},{"source":"3636","target":"3710"},{"source":"3636","target":"3713"},{"source":"3636","target":"3722"},{"source":"3636","target":"3728"},{"source":"3636","target":"3735"},{"source":"3636","target":"3740"},{"source":"3636","target":"3753"},{"source":"3636","target":"3769"},{"source":"3636","target":"3802"},{"source":"3636","target":"3815"},{"source":"3636","target":"3835"},{"source":"3636","target":"3862"},{"source":"3636","target":"3867"},{"source":"3636","target":"3907"},{"source":"3636","target":"3921"},{"source":"3637","target":"3659"},{"source":"3637","target":"3756"},{"source":"3638","target":"3647"},{"source":"3638","target":"3716"},{"source":"3638","target":"3799"},{"source":"3638","target":"3844"},{"source":"3638","target":"3848"},{"source":"3638","target":"3918"},{"source":"3638","target":"3932"},{"source":"3638","target":"3952"},{"source":"3639","target":"3649"},{"source":"3639","target":"3695"},{"source":"3639","target":"3830"},{"source":"3639","target":"3883"},{"source":"3639","target":"3898"},{"source":"3640","target":"3642"},{"source":"3640","target":"3670"},{"source":"3640","target":"3687"},{"source":"3640","target":"3702"},{"source":"3640","target":"3707"},{"source":"3640","target":"3730"},{"source":"3640","target":"3731"},{"source":"3640","target":"3734"},{"source":"3640","target":"3737"},{"source":"3640","target":"3762"},{"source":"3640","target":"3785"},{"source":"3640","target":"3790"},{"source":"3640","target":"3800"},{"source":"3640","target":"3804"},{"source":"3640","target":"3824"},{"source":"3640","target":"3828"},{"source":"3640","target":"3832"},{"source":"3640","target":"3838"},{"source":"3640","target":"3858"},{"source":"3640","target":"3860"},{"source":"3640","target":"3884"},{"source":"3640","target":"3926"},{"source":"3640","target":"3938"},{"source":"3641","target":"3655"},{"source":"3641","target":"3696"},{"source":"3641","target":"3907"},{"source":"3641","target":"3920"},{"source":"3641","target":"3933"},{"source":"3641","target":"3960"},{"source":"3641","target":"3967"},{"source":"3642","target":"3658"},{"source":"3642","target":"3659"},{"source":"3642","target":"3730"},{"source":"3642","target":"3731"},{"source":"3642","target":"3737"},{"source":"3642","target":"3779"},{"source":"3642","target":"3828"},{"source":"3642","target":"3838"},{"source":"3642","target":"3860"},{"source":"3642","target":"3930"},{"source":"3642","target":"3938"},{"source":"3643","target":"3646"},{"source":"3643","target":"3648"},{"source":"3643","target":"3680"},{"source":"3643","target":"3711"},{"source":"3643","target":"3718"},{"source":"3643","target":"3719"},{"source":"3643","target":"3794"},{"source":"3643","target":"3810"},{"source":"3643","target":"3826"},{"source":"3643","target":"3833"},{"source":"3643","target":"3855"},{"source":"3643","target":"3870"},{"source":"3643","target":"3895"},{"source":"3643","target":"3896"},{"source":"3643","target":"3903"},{"source":"3643","target":"3909"},{"source":"3643","target":"3924"},{"source":"3643","target":"3951"},{"source":"3643","target":"3976"},{"source":"3644","target":"3685"},{"source":"3644","target":"3698"},{"source":"3644","target":"3747"},{"source":"3644","target":"3840"},{"source":"3644","target":"3850"},{"source":"3645","target":"3680"},{"source":"3645","target":"3764"},{"source":"3645","target":"3782"},{"source":"3645","target":"3786"},{"source":"3645","target":"3843"},{"source":"3645","target":"3866"},{"source":"3645","target":"3941"},{"source":"3646","target":"3648"},{"source":"3646","target":"3711"},{"source":"3646","target":"3719"},{"source":"3646","target":"3758"},{"source":"3646","target":"3763"},{"source":"3646","target":"3810"},{"source":"3646","target":"3924"},{"source":"3646","target":"3951"},{"source":"3646","target":"3969"},{"source":"3647","target":"3716"},{"source":"3647","target":"3799"},{"source":"3647","target":"3918"},{"source":"3647","target":"3932"},{"source":"3648","target":"3706"},{"source":"3648","target":"3711"},{"source":"3648","target":"3719"},{"source":"3648","target":"3758"},{"source":"3648","target":"3763"},{"source":"3648","target":"3792"},{"source":"3648","target":"3810"},{"source":"3648","target":"3816"},{"source":"3648","target":"3903"},{"source":"3648","target":"3924"},{"source":"3649","target":"3695"},{"source":"3649","target":"3830"},{"source":"3649","target":"3883"},{"source":"3649","target":"3898"},{"source":"3649","target":"3919"},{"source":"3651","target":"3674"},{"source":"3651","target":"3677"},{"source":"3651","target":"3683"},{"source":"3651","target":"3734"},{"source":"3651","target":"3750"},{"source":"3651","target":"3756"},{"source":"3651","target":"3824"},{"source":"3651","target":"3828"},{"source":"3651","target":"3830"},{"source":"3651","target":"3841"},{"source":"3651","target":"3851"},{"source":"3651","target":"3858"},{"source":"3651","target":"3873"},{"source":"3651","target":"3877"},{"source":"3651","target":"3884"},{"source":"3651","target":"3886"},{"source":"3651","target":"3929"},{"source":"3651","target":"3938"},{"source":"3651","target":"3948"},{"source":"3652","target":"3665"},{"source":"3652","target":"3676"},{"source":"3652","target":"3825"},{"source":"3653","target":"3720"},{"source":"3653","target":"3789"},{"source":"3653","target":"3918"},{"source":"3654","target":"3697"},{"source":"3654","target":"3703"},{"source":"3654","target":"3755"},{"source":"3654","target":"3804"},{"source":"3654","target":"3824"},{"source":"3654","target":"3830"},{"source":"3654","target":"3930"},{"source":"3654","target":"3938"},{"source":"3655","target":"3696"},{"source":"3655","target":"3747"},{"source":"3655","target":"3776"},{"source":"3655","target":"3783"},{"source":"3655","target":"3791"},{"source":"3655","target":"3920"},{"source":"3655","target":"3933"},{"source":"3655","target":"3960"},{"source":"3655","target":"3964"},{"source":"3655","target":"3967"},{"source":"3656","target":"3667"},{"source":"3656","target":"3677"},{"source":"3656","target":"3683"},{"source":"3656","target":"3684"},{"source":"3656","target":"3692"},{"source":"3656","target":"3734"},{"source":"3656","target":"3750"},{"source":"3656","target":"3756"},{"source":"3656","target":"3830"},{"source":"3656","target":"3841"},{"source":"3656","target":"3842"},{"source":"3656","target":"3886"},{"source":"3656","target":"3929"},{"source":"3656","target":"3948"},{"source":"3656","target":"3968"},{"source":"3657","target":"3725"},{"source":"3657","target":"3739"},{"source":"3657","target":"3743"},{"source":"3657","target":"3819"},{"source":"3657","target":"3857"},{"source":"3657","target":"3868"},{"source":"3657","target":"3892"},{"source":"3658","target":"3731"},{"source":"3658","target":"3756"},{"source":"3658","target":"3785"},{"source":"3658","target":"3800"},{"source":"3658","target":"3828"},{"source":"3658","target":"3891"},{"source":"3658","target":"3966"},{"source":"3659","target":"3772"},{"source":"3659","target":"3779"},{"source":"3659","target":"3888"},{"source":"3659","target":"3930"},{"source":"3659","target":"3950"},{"source":"3659","target":"3979"},{"source":"3660","target":"3775"},{"source":"3660","target":"3780"},{"source":"3660","target":"3847"},{"source":"3660","target":"3870"},{"source":"3661","target":"3737"},{"source":"3661","target":"3897"},{"source":"3661","target":"3908"},{"source":"3661","target":"3948"},{"source":"3662","target":"3682"},{"source":"3662","target":"3745"},{"source":"3662","target":"3812"},{"source":"3662","target":"3814"},{"source":"3662","target":"3863"},{"source":"3662","target":"3905"},{"source":"3663","target":"3710"},{"source":"3663","target":"3713"},{"source":"3663","target":"3728"},{"source":"3663","target":"3735"},{"source":"3663","target":"3740"},{"source":"3663","target":"3862"},{"source":"3663","target":"3921"},{"source":"3663","target":"3977"},{"source":"3664","target":"3696"},{"source":"3664","target":"3776"},{"source":"3664","target":"3901"},{"source":"3664","target":"3918"},{"source":"3664","target":"3933"},{"source":"3664","target":"3960"},{"source":"3665","target":"3676"},{"source":"3665","target":"3825"},{"source":"3665","target":"3931"},{"source":"3666","target":"3710"},{"source":"3666","target":"3728"},{"source":"3666","target":"3921"},{"source":"3667","target":"3683"},{"source":"3667","target":"3684"},{"source":"3667","target":"3692"},{"source":"3667","target":"3734"},{"source":"3667","target":"3736"},{"source":"3667","target":"3842"},{"source":"3667","target":"3852"},{"source":"3667","target":"3873"},{"source":"3667","target":"3886"},{"source":"3667","target":"3902"},{"source":"3667","target":"3948"},{"source":"3667","target":"3962"},{"source":"3667","target":"3968"},{"source":"3668","target":"3738"},{"source":"3668","target":"3761"},{"source":"3668","target":"3829"},{"source":"3668","target":"3945"},{"source":"3668","target":"3956"},{"source":"3669","target":"3700"},{"source":"3669","target":"3813"},{"source":"3669","target":"3830"},{"source":"3669","target":"3864"},{"source":"3669","target":"3911"},{"source":"3670","target":"3686"},{"source":"3670","target":"3687"},{"source":"3670","target":"3702"},{"source":"3670","target":"3731"},{"source":"3670","target":"3790"},{"source":"3670","target":"3804"},{"source":"3670","target":"3824"},{"source":"3670","target":"3830"},{"source":"3670","target":"3858"},{"source":"3670","target":"3880"},{"source":"3670","target":"3938"},{"source":"3670","target":"3948"},{"source":"3671","target":"3768"},{"source":"3671","target":"3770"},{"source":"3671","target":"3793"},{"source":"3671","target":"3821"},{"source":"3671","target":"3882"},{"source":"3671","target":"3958"},{"source":"3672","target":"3684"},{"source":"3672","target":"3702"},{"source":"3672","target":"3707"},{"source":"3672","target":"3737"},{"source":"3672","target":"3785"},{"source":"3672","target":"3797"},{"source":"3672","target":"3804"},{"source":"3672","target":"3838"},{"source":"3672","target":"3845"},{"source":"3672","target":"3851"},{"source":"3672","target":"3852"},{"source":"3672","target":"3872"},{"source":"3672","target":"3877"},{"source":"3672","target":"3891"},{"source":"3672","target":"3902"},{"source":"3672","target":"3926"},{"source":"3672","target":"3928"},{"source":"3672","target":"3930"},{"source":"3672","target":"3938"},{"source":"3672","target":"3940"},{"source":"3672","target":"3962"},{"source":"3672","target":"3966"},{"source":"3674","target":"3677"},{"source":"3674","target":"3692"},{"source":"3674","target":"3693"},{"source":"3674","target":"3734"},{"source":"3674","target":"3750"},{"source":"3674","target":"3756"},{"source":"3674","target":"3760"},{"source":"3674","target":"3788"},{"source":"3674","target":"3830"},{"source":"3674","target":"3841"},{"source":"3674","target":"3847"},{"source":"3674","target":"3851"},{"source":"3674","target":"3886"},{"source":"3674","target":"3888"},{"source":"3674","target":"3938"},{"source":"3674","target":"3948"},{"source":"3674","target":"3962"},{"source":"3674","target":"3979"},{"source":"3675","target":"3708"},{"source":"3675","target":"3757"},{"source":"3675","target":"3759"},{"source":"3675","target":"3774"},{"source":"3675","target":"3836"},{"source":"3675","target":"3837"},{"source":"3675","target":"3899"},{"source":"3675","target":"3957"},{"source":"3676","target":"3825"},{"source":"3677","target":"3684"},{"source":"3677","target":"3692"},{"source":"3677","target":"3693"},{"source":"3677","target":"3697"},{"source":"3677","target":"3712"},{"source":"3677","target":"3734"},{"source":"3677","target":"3756"},{"source":"3677","target":"3788"},{"source":"3677","target":"3797"},{"source":"3677","target":"3800"},{"source":"3677","target":"3828"},{"source":"3677","target":"3839"},{"source":"3677","target":"3841"},{"source":"3677","target":"3847"},{"source":"3677","target":"3851"},{"source":"3677","target":"3888"},{"source":"3677","target":"3930"},{"source":"3677","target":"3938"},{"source":"3677","target":"3943"},{"source":"3677","target":"3948"},{"source":"3677","target":"3962"},{"source":"3677","target":"3968"},{"source":"3678","target":"3791"},{"source":"3679","target":"3806"},{"source":"3679","target":"3863"},{"source":"3679","target":"3894"},{"source":"3679","target":"3905"},{"source":"3679","target":"3939"},{"source":"3679","target":"3963"},{"source":"3680","target":"3690"},{"source":"3680","target":"3706"},{"source":"3680","target":"3711"},{"source":"3680","target":"3714"},{"source":"3680","target":"3718"},{"source":"3680","target":"3794"},{"source":"3680","target":"3803"},{"source":"3680","target":"3822"},{"source":"3680","target":"3826"},{"source":"3680","target":"3830"},{"source":"3680","target":"3833"},{"source":"3680","target":"3843"},{"source":"3680","target":"3869"},{"source":"3680","target":"3870"},{"source":"3680","target":"3878"},{"source":"3680","target":"3882"},{"source":"3680","target":"3895"},{"source":"3680","target":"3900"},{"source":"3680","target":"3909"},{"source":"3680","target":"3924"},{"source":"3680","target":"3931"},{"source":"3680","target":"3951"},{"source":"3680","target":"3955"},{"source":"3680","target":"3958"},{"source":"3680","target":"3969"},{"source":"3681","target":"3707"},{"source":"3681","target":"3790"},{"source":"3681","target":"3804"},{"source":"3682","target":"3812"},{"source":"3682","target":"3814"},{"source":"3682","target":"3949"},{"source":"3683","target":"3692"},{"source":"3683","target":"3756"},{"source":"3683","target":"3790"},{"source":"3683","target":"3830"},{"source":"3683","target":"3842"},{"source":"3683","target":"3877"},{"source":"3683","target":"3886"},{"source":"3683","target":"3944"},{"source":"3683","target":"3948"},{"source":"3683","target":"3968"},{"source":"3684","target":"3692"},{"source":"3684","target":"3693"},{"source":"3684","target":"3697"},{"source":"3684","target":"3702"},{"source":"3684","target":"3721"},{"source":"3684","target":"3734"},{"source":"3684","target":"3736"},{"source":"3684","target":"3741"},{"source":"3684","target":"3750"},{"source":"3684","target":"3756"},{"source":"3684","target":"3780"},{"source":"3684","target":"3797"},{"source":"3684","target":"3817"},{"source":"3684","target":"3828"},{"source":"3684","target":"3830"},{"source":"3684","target":"3831"},{"source":"3684","target":"3841"},{"source":"3684","target":"3842"},{"source":"3684","target":"3851"},{"source":"3684","target":"3852"},{"source":"3684","target":"3872"},{"source":"3684","target":"3873"},{"source":"3684","target":"3877"},{"source":"3684","target":"3886"},{"source":"3684","target":"3902"},{"source":"3684","target":"3926"},{"source":"3684","target":"3938"},{"source":"3684","target":"3948"},{"source":"3684","target":"3962"},{"source":"3684","target":"3966"},{"source":"3684","target":"3968"},{"source":"3684","target":"3971"},{"source":"3685","target":"3698"},{"source":"3685","target":"3840"},{"source":"3685","target":"3850"},{"source":"3687","target":"3702"},{"source":"3687","target":"3730"},{"source":"3687","target":"3731"},{"source":"3687","target":"3737"},{"source":"3687","target":"3762"},{"source":"3687","target":"3790"},{"source":"3687","target":"3800"},{"source":"3687","target":"3804"},{"source":"3687","target":"3824"},{"source":"3687","target":"3830"},{"source":"3687","target":"3838"},{"source":"3687","target":"3858"},{"source":"3687","target":"3860"},{"source":"3687","target":"3884"},{"source":"3687","target":"3926"},{"source":"3687","target":"3938"},{"source":"3687","target":"3966"},{"source":"3689","target":"3721"},{"source":"3690","target":"3758"},{"source":"3690","target":"3768"},{"source":"3690","target":"3781"},{"source":"3690","target":"3782"},{"source":"3690","target":"3803"},{"source":"3690","target":"3821"},{"source":"3690","target":"3866"},{"source":"3690","target":"3869"},{"source":"3690","target":"3870"},{"source":"3690","target":"3878"},{"source":"3690","target":"3895"},{"source":"3690","target":"3927"},{"source":"3690","target":"3946"},{"source":"3690","target":"3955"},{"source":"3691","target":"3830"},{"source":"3692","target":"3693"},{"source":"3692","target":"3712"},{"source":"3692","target":"3721"},{"source":"3692","target":"3734"},{"source":"3692","target":"3756"},{"source":"3692","target":"3797"},{"source":"3692","target":"3830"},{"source":"3692","target":"3841"},{"source":"3692","target":"3851"},{"source":"3692","target":"3873"},{"source":"3692","target":"3877"},{"source":"3692","target":"3886"},{"source":"3692","target":"3938"},{"source":"3692","target":"3948"},{"source":"3692","target":"3962"},{"source":"3692","target":"3968"},{"source":"3693","target":"3734"},{"source":"3693","target":"3756"},{"source":"3693","target":"3838"},{"source":"3693","target":"3841"},{"source":"3693","target":"3845"},{"source":"3693","target":"3851"},{"source":"3693","target":"3938"},{"source":"3693","target":"3948"},{"source":"3693","target":"3970"},{"source":"3693","target":"3971"},{"source":"3694","target":"3816"},{"source":"3694","target":"3867"},{"source":"3695","target":"3830"},{"source":"3695","target":"3883"},{"source":"3695","target":"3898"},{"source":"3695","target":"3919"},{"source":"3696","target":"3747"},{"source":"3696","target":"3776"},{"source":"3696","target":"3783"},{"source":"3696","target":"3791"},{"source":"3696","target":"3920"},{"source":"3696","target":"3933"},{"source":"3696","target":"3960"},{"source":"3696","target":"3967"},{"source":"3697","target":"3756"},{"source":"3697","target":"3797"},{"source":"3697","target":"3824"},{"source":"3697","target":"3830"},{"source":"3697","target":"3831"},{"source":"3697","target":"3842"},{"source":"3697","target":"3858"},{"source":"3697","target":"3884"},{"source":"3697","target":"3938"},{"source":"3697","target":"3971"},{"source":"3698","target":"3728"},{"source":"3698","target":"3747"},{"source":"3698","target":"3840"},{"source":"3698","target":"3850"},{"source":"3700","target":"3813"},{"source":"3700","target":"3830"},{"source":"3700","target":"3864"},{"source":"3700","target":"3911"},{"source":"3701","target":"3757"},{"source":"3701","target":"3759"},{"source":"3701","target":"3774"},{"source":"3701","target":"3836"},{"source":"3701","target":"3837"},{"source":"3701","target":"3910"},{"source":"3701","target":"3957"},{"source":"3701","target":"3965"},{"source":"3701","target":"3975"},{"source":"3702","target":"3721"},{"source":"3702","target":"3731"},{"source":"3702","target":"3737"},{"source":"3702","target":"3790"},{"source":"3702","target":"3800"},{"source":"3702","target":"3804"},{"source":"3702","target":"3824"},{"source":"3702","target":"3830"},{"source":"3702","target":"3832"},{"source":"3702","target":"3838"},{"source":"3702","target":"3845"},{"source":"3702","target":"3877"},{"source":"3702","target":"3891"},{"source":"3702","target":"3902"},{"source":"3702","target":"3938"},{"source":"3702","target":"3948"},{"source":"3702","target":"3966"},{"source":"3703","target":"3755"},{"source":"3703","target":"3830"},{"source":"3703","target":"3831"},{"source":"3703","target":"3842"},{"source":"3703","target":"3902"},{"source":"3703","target":"3926"},{"source":"3703","target":"3938"},{"source":"3703","target":"3968"},{"source":"3703","target":"3971"},{"source":"3704","target":"3891"},{"source":"3705","target":"3706"},{"source":"3705","target":"3713"},{"source":"3705","target":"3714"},{"source":"3705","target":"3722"},{"source":"3705","target":"3740"},{"source":"3705","target":"3759"},{"source":"3705","target":"3763"},{"source":"3705","target":"3793"},{"source":"3705","target":"3794"},{"source":"3705","target":"3802"},{"source":"3705","target":"3818"},{"source":"3705","target":"3822"},{"source":"3705","target":"3826"},{"source":"3705","target":"3835"},{"source":"3705","target":"3867"},{"source":"3705","target":"3869"},{"source":"3705","target":"3906"},{"source":"3705","target":"3907"},{"source":"3705","target":"3921"},{"source":"3705","target":"3924"},{"source":"3706","target":"3714"},{"source":"3706","target":"3793"},{"source":"3706","target":"3794"},{"source":"3706","target":"3803"},{"source":"3706","target":"3822"},{"source":"3706","target":"3833"},{"source":"3706","target":"3869"},{"source":"3706","target":"3870"},{"source":"3706","target":"3900"},{"source":"3706","target":"3906"},{"source":"3706","target":"3924"},{"source":"3707","target":"3730"},{"source":"3707","target":"3731"},{"source":"3707","target":"3737"},{"source":"3707","target":"3756"},{"source":"3707","target":"3785"},{"source":"3707","target":"3828"},{"source":"3707","target":"3838"},{"source":"3707","target":"3891"},{"source":"3707","target":"3913"},{"source":"3707","target":"3930"},{"source":"3708","target":"3757"},{"source":"3708","target":"3759"},{"source":"3708","target":"3774"},{"source":"3708","target":"3836"},{"source":"3708","target":"3837"},{"source":"3708","target":"3918"},{"source":"3708","target":"3957"},{"source":"3708","target":"3975"},{"source":"3710","target":"3713"},{"source":"3710","target":"3715"},{"source":"3710","target":"3722"},{"source":"3710","target":"3728"},{"source":"3710","target":"3735"},{"source":"3710","target":"3740"},{"source":"3710","target":"3753"},{"source":"3710","target":"3769"},{"source":"3710","target":"3835"},{"source":"3710","target":"3862"},{"source":"3710","target":"3867"},{"source":"3710","target":"3907"},{"source":"3710","target":"3921"},{"source":"3711","target":"3718"},{"source":"3711","target":"3719"},{"source":"3711","target":"3758"},{"source":"3711","target":"3784"},{"source":"3711","target":"3792"},{"source":"3711","target":"3794"},{"source":"3711","target":"3810"},{"source":"3711","target":"3826"},{"source":"3711","target":"3870"},{"source":"3711","target":"3881"},{"source":"3711","target":"3896"},{"source":"3711","target":"3903"},{"source":"3711","target":"3924"},{"source":"3711","target":"3951"},{"source":"3711","target":"3969"},{"source":"3712","target":"3734"},{"source":"3712","target":"3838"},{"source":"3712","target":"3938"},{"source":"3713","target":"3715"},{"source":"3713","target":"3722"},{"source":"3713","target":"3728"},{"source":"3713","target":"3735"},{"source":"3713","target":"3740"},{"source":"3713","target":"3753"},{"source":"3713","target":"3802"},{"source":"3713","target":"3835"},{"source":"3713","target":"3862"},{"source":"3713","target":"3867"},{"source":"3713","target":"3907"},{"source":"3713","target":"3921"},{"source":"3714","target":"3793"},{"source":"3714","target":"3794"},{"source":"3714","target":"3803"},{"source":"3714","target":"3822"},{"source":"3714","target":"3823"},{"source":"3714","target":"3829"},{"source":"3714","target":"3833"},{"source":"3714","target":"3869"},{"source":"3714","target":"3870"},{"source":"3714","target":"3900"},{"source":"3714","target":"3906"},{"source":"3714","target":"3924"},{"source":"3714","target":"3951"},{"source":"3715","target":"3740"},{"source":"3715","target":"3815"},{"source":"3715","target":"3835"},{"source":"3715","target":"3867"},{"source":"3715","target":"3907"},{"source":"3715","target":"3921"},{"source":"3716","target":"3799"},{"source":"3716","target":"3932"},{"source":"3717","target":"3744"},{"source":"3717","target":"3830"},{"source":"3718","target":"3758"},{"source":"3718","target":"3792"},{"source":"3718","target":"3793"},{"source":"3718","target":"3810"},{"source":"3718","target":"3822"},{"source":"3718","target":"3826"},{"source":"3718","target":"3833"},{"source":"3718","target":"3870"},{"source":"3718","target":"3896"},{"source":"3718","target":"3900"},{"source":"3718","target":"3903"},{"source":"3718","target":"3906"},{"source":"3718","target":"3924"},{"source":"3718","target":"3947"},{"source":"3718","target":"3951"},{"source":"3718","target":"3969"},{"source":"3719","target":"3758"},{"source":"3719","target":"3764"},{"source":"3719","target":"3770"},{"source":"3719","target":"3810"},{"source":"3719","target":"3895"},{"source":"3719","target":"3924"},{"source":"3719","target":"3927"},{"source":"3719","target":"3951"},{"source":"3720","target":"3749"},{"source":"3720","target":"3751"},{"source":"3720","target":"3787"},{"source":"3720","target":"3789"},{"source":"3720","target":"3802"},{"source":"3720","target":"3918"},{"source":"3720","target":"3923"},{"source":"3721","target":"3741"},{"source":"3721","target":"3756"},{"source":"3721","target":"3796"},{"source":"3721","target":"3797"},{"source":"3721","target":"3830"},{"source":"3721","target":"3858"},{"source":"3721","target":"3860"},{"source":"3721","target":"3873"},{"source":"3721","target":"3877"},{"source":"3721","target":"3938"},{"source":"3721","target":"3948"},{"source":"3721","target":"3968"},{"source":"3722","target":"3728"},{"source":"3722","target":"3740"},{"source":"3722","target":"3753"},{"source":"3722","target":"3773"},{"source":"3722","target":"3778"},{"source":"3722","target":"3802"},{"source":"3722","target":"3827"},{"source":"3722","target":"3835"},{"source":"3722","target":"3850"},{"source":"3722","target":"3862"},{"source":"3722","target":"3876"},{"source":"3722","target":"3907"},{"source":"3722","target":"3918"},{"source":"3722","target":"3921"},{"source":"3723","target":"3961"},{"source":"3725","target":"3739"},{"source":"3725","target":"3743"},{"source":"3725","target":"3819"},{"source":"3725","target":"3857"},{"source":"3725","target":"3868"},{"source":"3725","target":"3871"},{"source":"3725","target":"3874"},{"source":"3725","target":"3892"},{"source":"3725","target":"3912"},{"source":"3725","target":"3917"},{"source":"3726","target":"3738"},{"source":"3726","target":"3752"},{"source":"3726","target":"3829"},{"source":"3726","target":"3861"},{"source":"3726","target":"3909"},{"source":"3726","target":"3945"},{"source":"3726","target":"3956"},{"source":"3726","target":"3972"},{"source":"3727","target":"3745"},{"source":"3727","target":"3771"},{"source":"3727","target":"3949"},{"source":"3728","target":"3735"},{"source":"3728","target":"3740"},{"source":"3728","target":"3753"},{"source":"3728","target":"3769"},{"source":"3728","target":"3815"},{"source":"3728","target":"3835"},{"source":"3728","target":"3862"},{"source":"3728","target":"3867"},{"source":"3728","target":"3907"},{"source":"3728","target":"3921"},{"source":"3730","target":"3731"},{"source":"3730","target":"3737"},{"source":"3730","target":"3790"},{"source":"3730","target":"3800"},{"source":"3730","target":"3804"},{"source":"3730","target":"3824"},{"source":"3730","target":"3832"},{"source":"3730","target":"3913"},{"source":"3730","target":"3926"},{"source":"3731","target":"3736"},{"source":"3731","target":"3762"},{"source":"3731","target":"3785"},{"source":"3731","target":"3790"},{"source":"3731","target":"3800"},{"source":"3731","target":"3804"},{"source":"3731","target":"3824"},{"source":"3731","target":"3858"},{"source":"3731","target":"3860"},{"source":"3731","target":"3877"},{"source":"3731","target":"3884"},{"source":"3731","target":"3891"},{"source":"3731","target":"3902"},{"source":"3731","target":"3913"},{"source":"3731","target":"3926"},{"source":"3731","target":"3938"},{"source":"3731","target":"3966"},{"source":"3733","target":"3861"},{"source":"3733","target":"3954"},{"source":"3734","target":"3737"},{"source":"3734","target":"3756"},{"source":"3734","target":"3760"},{"source":"3734","target":"3788"},{"source":"3734","target":"3800"},{"source":"3734","target":"3824"},{"source":"3734","target":"3830"},{"source":"3734","target":"3841"},{"source":"3734","target":"3851"},{"source":"3734","target":"3873"},{"source":"3734","target":"3877"},{"source":"3734","target":"3884"},{"source":"3734","target":"3929"},{"source":"3734","target":"3938"},{"source":"3734","target":"3948"},{"source":"3734","target":"3962"},{"source":"3734","target":"3968"},{"source":"3734","target":"3971"},{"source":"3735","target":"3740"},{"source":"3735","target":"3753"},{"source":"3735","target":"3867"},{"source":"3735","target":"3921"},{"source":"3736","target":"3785"},{"source":"3736","target":"3830"},{"source":"3736","target":"3831"},{"source":"3736","target":"3842"},{"source":"3736","target":"3873"},{"source":"3736","target":"3938"},{"source":"3736","target":"3948"},{"source":"3736","target":"3968"},{"source":"3737","target":"3790"},{"source":"3737","target":"3800"},{"source":"3737","target":"3804"},{"source":"3737","target":"3824"},{"source":"3737","target":"3838"},{"source":"3737","target":"3858"},{"source":"3737","target":"3860"},{"source":"3737","target":"3873"},{"source":"3737","target":"3884"},{"source":"3737","target":"3930"},{"source":"3737","target":"3938"},{"source":"3737","target":"3966"},{"source":"3738","target":"3752"},{"source":"3738","target":"3754"},{"source":"3738","target":"3761"},{"source":"3738","target":"3782"},{"source":"3738","target":"3821"},{"source":"3738","target":"3829"},{"source":"3738","target":"3859"},{"source":"3738","target":"3915"},{"source":"3738","target":"3937"},{"source":"3738","target":"3945"},{"source":"3738","target":"3956"},{"source":"3738","target":"3972"},{"source":"3739","target":"3743"},{"source":"3739","target":"3819"},{"source":"3739","target":"3868"},{"source":"3739","target":"3871"},{"source":"3739","target":"3874"},{"source":"3739","target":"3892"},{"source":"3739","target":"3912"},{"source":"3740","target":"3815"},{"source":"3740","target":"3835"},{"source":"3740","target":"3862"},{"source":"3740","target":"3865"},{"source":"3740","target":"3867"},{"source":"3740","target":"3907"},{"source":"3740","target":"3921"},{"source":"3740","target":"3977"},{"source":"3741","target":"3780"},{"source":"3741","target":"3797"},{"source":"3741","target":"3830"},{"source":"3741","target":"3851"},{"source":"3741","target":"3852"},{"source":"3741","target":"3877"},{"source":"3741","target":"3938"},{"source":"3741","target":"3948"},{"source":"3741","target":"3966"},{"source":"3742","target":"3849"},{"source":"3742","target":"3861"},{"source":"3742","target":"3954"},{"source":"3743","target":"3819"},{"source":"3743","target":"3857"},{"source":"3743","target":"3868"},{"source":"3743","target":"3871"},{"source":"3743","target":"3874"},{"source":"3743","target":"3892"},{"source":"3743","target":"3912"},{"source":"3743","target":"3917"},{"source":"3744","target":"3830"},{"source":"3745","target":"3812"},{"source":"3745","target":"3949"},{"source":"3746","target":"3846"},{"source":"3747","target":"3766"},{"source":"3747","target":"3776"},{"source":"3747","target":"3783"},{"source":"3747","target":"3791"},{"source":"3747","target":"3809"},{"source":"3747","target":"3920"},{"source":"3747","target":"3933"},{"source":"3747","target":"3960"},{"source":"3747","target":"3964"},{"source":"3747","target":"3967"},{"source":"3749","target":"3751"},{"source":"3749","target":"3789"},{"source":"3749","target":"3918"},{"source":"3749","target":"3923"},{"source":"3750","target":"3756"},{"source":"3750","target":"3779"},{"source":"3750","target":"3795"},{"source":"3750","target":"3797"},{"source":"3750","target":"3830"},{"source":"3750","target":"3831"},{"source":"3750","target":"3851"},{"source":"3750","target":"3877"},{"source":"3750","target":"3884"},{"source":"3750","target":"3938"},{"source":"3750","target":"3948"},{"source":"3750","target":"3950"},{"source":"3750","target":"3968"},{"source":"3750","target":"3971"},{"source":"3751","target":"3787"},{"source":"3751","target":"3789"},{"source":"3751","target":"3923"},{"source":"3752","target":"3761"},{"source":"3752","target":"3764"},{"source":"3752","target":"3829"},{"source":"3752","target":"3915"},{"source":"3752","target":"3937"},{"source":"3752","target":"3945"},{"source":"3752","target":"3972"},{"source":"3753","target":"3773"},{"source":"3753","target":"3778"},{"source":"3753","target":"3802"},{"source":"3753","target":"3835"},{"source":"3753","target":"3850"},{"source":"3753","target":"3867"},{"source":"3753","target":"3876"},{"source":"3753","target":"3907"},{"source":"3753","target":"3921"},{"source":"3754","target":"3927"},{"source":"3755","target":"3830"},{"source":"3755","target":"3926"},{"source":"3755","target":"3971"},{"source":"3756","target":"3772"},{"source":"3756","target":"3785"},{"source":"3756","target":"3797"},{"source":"3756","target":"3800"},{"source":"3756","target":"3824"},{"source":"3756","target":"3828"},{"source":"3756","target":"3830"},{"source":"3756","target":"3841"},{"source":"3756","target":"3851"},{"source":"3756","target":"3877"},{"source":"3756","target":"3884"},{"source":"3756","target":"3886"},{"source":"3756","target":"3889"},{"source":"3756","target":"3929"},{"source":"3756","target":"3938"},{"source":"3756","target":"3943"},{"source":"3756","target":"3944"},{"source":"3756","target":"3948"},{"source":"3756","target":"3962"},{"source":"3756","target":"3968"},{"source":"3757","target":"3759"},{"source":"3757","target":"3774"},{"source":"3757","target":"3836"},{"source":"3757","target":"3837"},{"source":"3757","target":"3899"},{"source":"3757","target":"3918"},{"source":"3757","target":"3957"},{"source":"3757","target":"3975"},{"source":"3758","target":"3761"},{"source":"3758","target":"3764"},{"source":"3758","target":"3768"},{"source":"3758","target":"3777"},{"source":"3758","target":"3782"},{"source":"3758","target":"3786"},{"source":"3758","target":"3793"},{"source":"3758","target":"3810"},{"source":"3758","target":"3818"},{"source":"3758","target":"3825"},{"source":"3758","target":"3829"},{"source":"3758","target":"3833"},{"source":"3758","target":"3855"},{"source":"3758","target":"3906"},{"source":"3758","target":"3924"},{"source":"3758","target":"3937"},{"source":"3758","target":"3945"},{"source":"3758","target":"3947"},{"source":"3758","target":"3951"},{"source":"3758","target":"3969"},{"source":"3759","target":"3774"},{"source":"3759","target":"3836"},{"source":"3759","target":"3837"},{"source":"3759","target":"3918"},{"source":"3759","target":"3957"},{"source":"3759","target":"3965"},{"source":"3759","target":"3975"},{"source":"3760","target":"3830"},{"source":"3760","target":"3948"},{"source":"3760","target":"3962"},{"source":"3761","target":"3829"},{"source":"3761","target":"3915"},{"source":"3761","target":"3945"},{"source":"3761","target":"3956"},{"source":"3761","target":"3972"},{"source":"3762","target":"3800"},{"source":"3762","target":"3804"},{"source":"3762","target":"3824"},{"source":"3762","target":"3884"},{"source":"3762","target":"3902"},{"source":"3762","target":"3930"},{"source":"3762","target":"3934"},{"source":"3763","target":"3782"},{"source":"3763","target":"3793"},{"source":"3763","target":"3799"},{"source":"3763","target":"3810"},{"source":"3763","target":"3924"},{"source":"3764","target":"3767"},{"source":"3764","target":"3793"},{"source":"3764","target":"3810"},{"source":"3764","target":"3818"},{"source":"3764","target":"3821"},{"source":"3764","target":"3825"},{"source":"3764","target":"3834"},{"source":"3764","target":"3881"},{"source":"3764","target":"3895"},{"source":"3764","target":"3915"},{"source":"3764","target":"3927"},{"source":"3764","target":"3931"},{"source":"3764","target":"3972"},{"source":"3765","target":"3830"},{"source":"3765","target":"3930"},{"source":"3766","target":"3776"},{"source":"3766","target":"3791"},{"source":"3766","target":"3809"},{"source":"3766","target":"3933"},{"source":"3766","target":"3964"},{"source":"3767","target":"3782"},{"source":"3767","target":"3803"},{"source":"3767","target":"3829"},{"source":"3767","target":"3927"},{"source":"3767","target":"3958"},{"source":"3768","target":"3770"},{"source":"3768","target":"3782"},{"source":"3768","target":"3786"},{"source":"3768","target":"3793"},{"source":"3768","target":"3810"},{"source":"3768","target":"3818"},{"source":"3768","target":"3866"},{"source":"3768","target":"3906"},{"source":"3768","target":"3914"},{"source":"3768","target":"3945"},{"source":"3768","target":"3947"},{"source":"3769","target":"3778"},{"source":"3769","target":"3977"},{"source":"3771","target":"3855"},{"source":"3771","target":"3949"},{"source":"3771","target":"3956"},{"source":"3772","target":"3779"},{"source":"3772","target":"3847"},{"source":"3772","target":"3950"},{"source":"3772","target":"3968"},{"source":"3773","target":"3778"},{"source":"3773","target":"3802"},{"source":"3773","target":"3850"},{"source":"3774","target":"3836"},{"source":"3774","target":"3837"},{"source":"3774","target":"3899"},{"source":"3774","target":"3910"},{"source":"3774","target":"3918"},{"source":"3774","target":"3957"},{"source":"3774","target":"3975"},{"source":"3775","target":"3847"},{"source":"3775","target":"3895"},{"source":"3775","target":"3953"},{"source":"3776","target":"3783"},{"source":"3776","target":"3791"},{"source":"3776","target":"3809"},{"source":"3776","target":"3920"},{"source":"3776","target":"3933"},{"source":"3776","target":"3960"},{"source":"3776","target":"3964"},{"source":"3776","target":"3967"},{"source":"3777","target":"3803"},{"source":"3777","target":"3829"},{"source":"3778","target":"3827"},{"source":"3778","target":"3876"},{"source":"3779","target":"3872"},{"source":"3779","target":"3930"},{"source":"3779","target":"3938"},{"source":"3779","target":"3941"},{"source":"3779","target":"3979"},{"source":"3780","target":"3842"},{"source":"3780","target":"3851"},{"source":"3780","target":"3877"},{"source":"3780","target":"3929"},{"source":"3780","target":"3966"},{"source":"3780","target":"3971"},{"source":"3781","target":"3823"},{"source":"3781","target":"3946"},{"source":"3782","target":"3786"},{"source":"3782","target":"3793"},{"source":"3782","target":"3810"},{"source":"3782","target":"3818"},{"source":"3782","target":"3836"},{"source":"3782","target":"3866"},{"source":"3782","target":"3881"},{"source":"3782","target":"3906"},{"source":"3782","target":"3927"},{"source":"3782","target":"3931"},{"source":"3782","target":"3945"},{"source":"3782","target":"3947"},{"source":"3783","target":"3791"},{"source":"3783","target":"3809"},{"source":"3783","target":"3920"},{"source":"3783","target":"3933"},{"source":"3783","target":"3960"},{"source":"3784","target":"3793"},{"source":"3784","target":"3833"},{"source":"3784","target":"3896"},{"source":"3784","target":"3906"},{"source":"3784","target":"3947"},{"source":"3784","target":"3973"},{"source":"3785","target":"3800"},{"source":"3785","target":"3858"},{"source":"3785","target":"3860"},{"source":"3785","target":"3966"},{"source":"3786","target":"3793"},{"source":"3786","target":"3810"},{"source":"3786","target":"3822"},{"source":"3786","target":"3900"},{"source":"3786","target":"3906"},{"source":"3786","target":"3945"},{"source":"3786","target":"3947"},{"source":"3787","target":"3923"},{"source":"3788","target":"3841"},{"source":"3789","target":"3807"},{"source":"3789","target":"3918"},{"source":"3789","target":"3923"},{"source":"3790","target":"3800"},{"source":"3790","target":"3804"},{"source":"3790","target":"3824"},{"source":"3790","target":"3828"},{"source":"3790","target":"3830"},{"source":"3790","target":"3832"},{"source":"3790","target":"3838"},{"source":"3790","target":"3845"},{"source":"3790","target":"3851"},{"source":"3790","target":"3858"},{"source":"3790","target":"3860"},{"source":"3790","target":"3884"},{"source":"3790","target":"3902"},{"source":"3790","target":"3913"},{"source":"3790","target":"3926"},{"source":"3790","target":"3938"},{"source":"3791","target":"3809"},{"source":"3791","target":"3901"},{"source":"3791","target":"3920"},{"source":"3791","target":"3933"},{"source":"3791","target":"3960"},{"source":"3791","target":"3964"},{"source":"3791","target":"3967"},{"source":"3792","target":"3822"},{"source":"3792","target":"3882"},{"source":"3792","target":"3924"},{"source":"3792","target":"3951"},{"source":"3792","target":"3969"},{"source":"3793","target":"3794"},{"source":"3793","target":"3803"},{"source":"3793","target":"3810"},{"source":"3793","target":"3818"},{"source":"3793","target":"3822"},{"source":"3793","target":"3825"},{"source":"3793","target":"3826"},{"source":"3793","target":"3833"},{"source":"3793","target":"3866"},{"source":"3793","target":"3870"},{"source":"3793","target":"3896"},{"source":"3793","target":"3900"},{"source":"3793","target":"3906"},{"source":"3793","target":"3924"},{"source":"3793","target":"3931"},{"source":"3793","target":"3947"},{"source":"3793","target":"3951"},{"source":"3793","target":"3973"},{"source":"3793","target":"3976"},{"source":"3794","target":"3822"},{"source":"3794","target":"3826"},{"source":"3794","target":"3833"},{"source":"3794","target":"3855"},{"source":"3794","target":"3869"},{"source":"3794","target":"3870"},{"source":"3794","target":"3900"},{"source":"3794","target":"3903"},{"source":"3794","target":"3906"},{"source":"3794","target":"3909"},{"source":"3794","target":"3914"},{"source":"3794","target":"3924"},{"source":"3794","target":"3947"},{"source":"3794","target":"3951"},{"source":"3794","target":"3969"},{"source":"3795","target":"3830"},{"source":"3795","target":"3929"},{"source":"3796","target":"3797"},{"source":"3796","target":"3851"},{"source":"3796","target":"3950"},{"source":"3797","target":"3830"},{"source":"3797","target":"3842"},{"source":"3797","target":"3851"},{"source":"3797","target":"3872"},{"source":"3797","target":"3886"},{"source":"3797","target":"3938"},{"source":"3797","target":"3948"},{"source":"3797","target":"3962"},{"source":"3797","target":"3968"},{"source":"3797","target":"3971"},{"source":"3799","target":"3844"},{"source":"3799","target":"3848"},{"source":"3799","target":"3918"},{"source":"3799","target":"3932"},{"source":"3799","target":"3952"},{"source":"3800","target":"3804"},{"source":"3800","target":"3824"},{"source":"3800","target":"3830"},{"source":"3800","target":"3838"},{"source":"3800","target":"3851"},{"source":"3800","target":"3913"},{"source":"3800","target":"3926"},{"source":"3800","target":"3938"},{"source":"3800","target":"3943"},{"source":"3800","target":"3944"},{"source":"3800","target":"3962"},{"source":"3801","target":"3885"},{"source":"3801","target":"3921"},{"source":"3802","target":"3835"},{"source":"3802","target":"3907"},{"source":"3802","target":"3921"},{"source":"3803","target":"3821"},{"source":"3803","target":"3869"},{"source":"3803","target":"3890"},{"source":"3803","target":"3906"},{"source":"3804","target":"3824"},{"source":"3804","target":"3830"},{"source":"3804","target":"3838"},{"source":"3804","target":"3845"},{"source":"3804","target":"3858"},{"source":"3804","target":"3860"},{"source":"3804","target":"3884"},{"source":"3804","target":"3902"},{"source":"3804","target":"3913"},{"source":"3804","target":"3926"},{"source":"3804","target":"3930"},{"source":"3804","target":"3938"},{"source":"3805","target":"3916"},{"source":"3805","target":"3950"},{"source":"3806","target":"3894"},{"source":"3806","target":"3905"},{"source":"3806","target":"3963"},{"source":"3809","target":"3887"},{"source":"3809","target":"3901"},{"source":"3809","target":"3920"},{"source":"3809","target":"3933"},{"source":"3809","target":"3960"},{"source":"3810","target":"3833"},{"source":"3810","target":"3855"},{"source":"3810","target":"3881"},{"source":"3810","target":"3896"},{"source":"3810","target":"3906"},{"source":"3810","target":"3924"},{"source":"3810","target":"3947"},{"source":"3810","target":"3951"},{"source":"3811","target":"3949"},{"source":"3813","target":"3830"},{"source":"3813","target":"3864"},{"source":"3813","target":"3911"},{"source":"3814","target":"3949"},{"source":"3815","target":"3835"},{"source":"3815","target":"3867"},{"source":"3815","target":"3907"},{"source":"3815","target":"3921"},{"source":"3817","target":"3831"},{"source":"3817","target":"3842"},{"source":"3817","target":"3851"},{"source":"3817","target":"3971"},{"source":"3818","target":"3866"},{"source":"3818","target":"3896"},{"source":"3819","target":"3868"},{"source":"3819","target":"3874"},{"source":"3819","target":"3912"},{"source":"3819","target":"3917"},{"source":"3821","target":"3825"},{"source":"3821","target":"3829"},{"source":"3821","target":"3834"},{"source":"3821","target":"3878"},{"source":"3821","target":"3881"},{"source":"3821","target":"3906"},{"source":"3821","target":"3927"},{"source":"3821","target":"3931"},{"source":"3821","target":"3933"},{"source":"3821","target":"3947"},{"source":"3822","target":"3826"},{"source":"3822","target":"3833"},{"source":"3822","target":"3855"},{"source":"3822","target":"3869"},{"source":"3822","target":"3870"},{"source":"3822","target":"3896"},{"source":"3822","target":"3900"},{"source":"3822","target":"3906"},{"source":"3822","target":"3909"},{"source":"3822","target":"3924"},{"source":"3822","target":"3951"},{"source":"3822","target":"3969"},{"source":"3822","target":"3976"},{"source":"3823","target":"3927"},{"source":"3823","target":"3946"},{"source":"3823","target":"3956"},{"source":"3824","target":"3830"},{"source":"3824","target":"3831"},{"source":"3824","target":"3838"},{"source":"3824","target":"3858"},{"source":"3824","target":"3860"},{"source":"3824","target":"3873"},{"source":"3824","target":"3877"},{"source":"3824","target":"3884"},{"source":"3824","target":"3902"},{"source":"3824","target":"3913"},{"source":"3824","target":"3926"},{"source":"3824","target":"3938"},{"source":"3824","target":"3966"},{"source":"3825","target":"3843"},{"source":"3825","target":"3893"},{"source":"3825","target":"3927"},{"source":"3825","target":"3931"},{"source":"3826","target":"3833"},{"source":"3826","target":"3869"},{"source":"3826","target":"3870"},{"source":"3826","target":"3890"},{"source":"3826","target":"3896"},{"source":"3826","target":"3900"},{"source":"3826","target":"3906"},{"source":"3826","target":"3909"},{"source":"3826","target":"3924"},{"source":"3826","target":"3947"},{"source":"3826","target":"3951"},{"source":"3826","target":"3958"},{"source":"3826","target":"3969"},{"source":"3826","target":"3976"},{"source":"3828","target":"3838"},{"source":"3828","target":"3860"},{"source":"3828","target":"3938"},{"source":"3828","target":"3966"},{"source":"3829","target":"3843"},{"source":"3829","target":"3900"},{"source":"3829","target":"3915"},{"source":"3829","target":"3945"},{"source":"3829","target":"3956"},{"source":"3829","target":"3972"},{"source":"3830","target":"3831"},{"source":"3830","target":"3832"},{"source":"3830","target":"3841"},{"source":"3830","target":"3842"},{"source":"3830","target":"3851"},{"source":"3830","target":"3858"},{"source":"3830","target":"3860"},{"source":"3830","target":"3864"},{"source":"3830","target":"3873"},{"source":"3830","target":"3880"},{"source":"3830","target":"3883"},{"source":"3830","target":"3886"},{"source":"3830","target":"3898"},{"source":"3830","target":"3902"},{"source":"3830","target":"3911"},{"source":"3830","target":"3913"},{"source":"3830","target":"3918"},{"source":"3830","target":"3919"},{"source":"3830","target":"3926"},{"source":"3830","target":"3930"},{"source":"3830","target":"3943"},{"source":"3830","target":"3948"},{"source":"3830","target":"3957"},{"source":"3830","target":"3962"},{"source":"3830","target":"3966"},{"source":"3830","target":"3968"},{"source":"3830","target":"3970"},{"source":"3830","target":"3971"},{"source":"3831","target":"3842"},{"source":"3831","target":"3851"},{"source":"3831","target":"3884"},{"source":"3831","target":"3938"},{"source":"3831","target":"3968"},{"source":"3831","target":"3971"},{"source":"3833","target":"3869"},{"source":"3833","target":"3896"},{"source":"3833","target":"3900"},{"source":"3833","target":"3906"},{"source":"3833","target":"3909"},{"source":"3833","target":"3924"},{"source":"3833","target":"3947"},{"source":"3833","target":"3951"},{"source":"3833","target":"3969"},{"source":"3833","target":"3973"},{"source":"3833","target":"3976"},{"source":"3834","target":"3881"},{"source":"3835","target":"3850"},{"source":"3835","target":"3862"},{"source":"3835","target":"3867"},{"source":"3835","target":"3907"},{"source":"3835","target":"3921"},{"source":"3836","target":"3837"},{"source":"3836","target":"3893"},{"source":"3836","target":"3899"},{"source":"3836","target":"3910"},{"source":"3836","target":"3918"},{"source":"3836","target":"3957"},{"source":"3836","target":"3964"},{"source":"3836","target":"3975"},{"source":"3837","target":"3918"},{"source":"3837","target":"3957"},{"source":"3837","target":"3975"},{"source":"3838","target":"3845"},{"source":"3838","target":"3851"},{"source":"3838","target":"3852"},{"source":"3838","target":"3860"},{"source":"3838","target":"3877"},{"source":"3838","target":"3884"},{"source":"3838","target":"3891"},{"source":"3838","target":"3902"},{"source":"3838","target":"3926"},{"source":"3838","target":"3930"},{"source":"3838","target":"3934"},{"source":"3838","target":"3938"},{"source":"3838","target":"3940"},{"source":"3838","target":"3943"},{"source":"3838","target":"3944"},{"source":"3838","target":"3966"},{"source":"3838","target":"3971"},{"source":"3840","target":"3850"},{"source":"3841","target":"3851"},{"source":"3841","target":"3929"},{"source":"3841","target":"3938"},{"source":"3841","target":"3948"},{"source":"3841","target":"3950"},{"source":"3841","target":"3962"},{"source":"3842","target":"3851"},{"source":"3842","target":"3873"},{"source":"3842","target":"3877"},{"source":"3842","target":"3886"},{"source":"3842","target":"3908"},{"source":"3842","target":"3929"},{"source":"3842","target":"3938"},{"source":"3842","target":"3948"},{"source":"3842","target":"3966"},{"source":"3842","target":"3968"},{"source":"3842","target":"3971"},{"source":"3843","target":"3927"},{"source":"3844","target":"3848"},{"source":"3845","target":"3851"},{"source":"3845","target":"3891"},{"source":"3845","target":"3902"},{"source":"3845","target":"3966"},{"source":"3847","target":"3916"},{"source":"3847","target":"3953"},{"source":"3847","target":"3979"},{"source":"3848","target":"3918"},{"source":"3849","target":"3861"},{"source":"3849","target":"3904"},{"source":"3851","target":"3873"},{"source":"3851","target":"3877"},{"source":"3851","target":"3889"},{"source":"3851","target":"3938"},{"source":"3851","target":"3943"},{"source":"3851","target":"3948"},{"source":"3851","target":"3966"},{"source":"3851","target":"3968"},{"source":"3851","target":"3971"},{"source":"3852","target":"3873"},{"source":"3852","target":"3877"},{"source":"3852","target":"3886"},{"source":"3852","target":"3902"},{"source":"3852","target":"3926"},{"source":"3852","target":"3966"},{"source":"3852","target":"3971"},{"source":"3854","target":"3918"},{"source":"3855","target":"3976"},{"source":"3857","target":"3868"},{"source":"3857","target":"3917"},{"source":"3858","target":"3860"},{"source":"3858","target":"3884"},{"source":"3858","target":"3913"},{"source":"3858","target":"3926"},{"source":"3858","target":"3930"},{"source":"3858","target":"3938"},{"source":"3859","target":"3861"},{"source":"3859","target":"3870"},{"source":"3860","target":"3884"},{"source":"3860","target":"3902"},{"source":"3860","target":"3913"},{"source":"3860","target":"3930"},{"source":"3860","target":"3938"},{"source":"3860","target":"3966"},{"source":"3861","target":"3904"},{"source":"3861","target":"3954"},{"source":"3862","target":"3867"},{"source":"3862","target":"3921"},{"source":"3863","target":"3894"},{"source":"3864","target":"3911"},{"source":"3866","target":"3881"},{"source":"3866","target":"3906"},{"source":"3866","target":"3947"},{"source":"3867","target":"3907"},{"source":"3867","target":"3921"},{"source":"3868","target":"3874"},{"source":"3868","target":"3892"},{"source":"3868","target":"3912"},{"source":"3868","target":"3917"},{"source":"3869","target":"3870"},{"source":"3869","target":"3900"},{"source":"3869","target":"3906"},{"source":"3869","target":"3924"},{"source":"3869","target":"3931"},{"source":"3869","target":"3947"},{"source":"3870","target":"3896"},{"source":"3870","target":"3900"},{"source":"3870","target":"3903"},{"source":"3870","target":"3906"},{"source":"3870","target":"3924"},{"source":"3870","target":"3947"},{"source":"3870","target":"3951"},{"source":"3871","target":"3917"},{"source":"3872","target":"3888"},{"source":"3872","target":"3950"},{"source":"3872","target":"3979"},{"source":"3873","target":"3877"},{"source":"3873","target":"3886"},{"source":"3873","target":"3902"},{"source":"3873","target":"3938"},{"source":"3873","target":"3943"},{"source":"3873","target":"3948"},{"source":"3873","target":"3962"},{"source":"3873","target":"3966"},{"source":"3873","target":"3968"},{"source":"3873","target":"3971"},{"source":"3874","target":"3892"},{"source":"3874","target":"3912"},{"source":"3874","target":"3917"},{"source":"3875","target":"3887"},{"source":"3877","target":"3886"},{"source":"3877","target":"3902"},{"source":"3877","target":"3929"},{"source":"3877","target":"3930"},{"source":"3877","target":"3938"},{"source":"3877","target":"3943"},{"source":"3877","target":"3948"},{"source":"3877","target":"3962"},{"source":"3877","target":"3966"},{"source":"3877","target":"3968"},{"source":"3877","target":"3971"},{"source":"3878","target":"3903"},{"source":"3879","target":"3918"},{"source":"3880","target":"3908"},{"source":"3880","target":"3970"},{"source":"3883","target":"3898"},{"source":"3883","target":"3919"},{"source":"3884","target":"3902"},{"source":"3884","target":"3926"},{"source":"3884","target":"3930"},{"source":"3884","target":"3938"},{"source":"3884","target":"3948"},{"source":"3884","target":"3968"},{"source":"3884","target":"3971"},{"source":"3886","target":"3948"},{"source":"3886","target":"3962"},{"source":"3886","target":"3968"},{"source":"3886","target":"3971"},{"source":"3887","target":"3931"},{"source":"3888","target":"3950"},{"source":"3888","target":"3979"},{"source":"3889","target":"3938"},{"source":"3889","target":"3943"},{"source":"3890","target":"3927"},{"source":"3891","target":"3902"},{"source":"3891","target":"3916"},{"source":"3891","target":"3926"},{"source":"3891","target":"3930"},{"source":"3891","target":"3966"},{"source":"3892","target":"3912"},{"source":"3892","target":"3917"},{"source":"3893","target":"3941"},{"source":"3894","target":"3963"},{"source":"3896","target":"3903"},{"source":"3896","target":"3924"},{"source":"3896","target":"3951"},{"source":"3896","target":"3969"},{"source":"3896","target":"3976"},{"source":"3897","target":"3908"},{"source":"3898","target":"3919"},{"source":"3899","target":"3957"},{"source":"3900","target":"3906"},{"source":"3900","target":"3909"},{"source":"3900","target":"3924"},{"source":"3900","target":"3947"},{"source":"3900","target":"3951"},{"source":"3900","target":"3969"},{"source":"3900","target":"3976"},{"source":"3901","target":"3918"},{"source":"3901","target":"3933"},{"source":"3902","target":"3926"},{"source":"3902","target":"3930"},{"source":"3902","target":"3934"},{"source":"3902","target":"3938"},{"source":"3902","target":"3940"},{"source":"3902","target":"3966"},{"source":"3903","target":"3924"},{"source":"3903","target":"3951"},{"source":"3903","target":"3969"},{"source":"3906","target":"3909"},{"source":"3906","target":"3924"},{"source":"3906","target":"3931"},{"source":"3906","target":"3937"},{"source":"3906","target":"3969"},{"source":"3906","target":"3973"},{"source":"3906","target":"3976"},{"source":"3907","target":"3921"},{"source":"3907","target":"3960"},{"source":"3909","target":"3924"},{"source":"3909","target":"3931"},{"source":"3909","target":"3945"},{"source":"3909","target":"3976"},{"source":"3912","target":"3917"},{"source":"3914","target":"3915"},{"source":"3914","target":"3967"},{"source":"3914","target":"3978"},{"source":"3915","target":"3945"},{"source":"3915","target":"3956"},{"source":"3915","target":"3972"},{"source":"3916","target":"3950"},{"source":"3918","target":"3923"},{"source":"3918","target":"3957"},{"source":"3918","target":"3975"},{"source":"3920","target":"3933"},{"source":"3920","target":"3960"},{"source":"3920","target":"3964"},{"source":"3920","target":"3967"},{"source":"3924","target":"3947"},{"source":"3924","target":"3951"},{"source":"3924","target":"3969"},{"source":"3924","target":"3976"},{"source":"3925","target":"3961"},{"source":"3926","target":"3930"},{"source":"3926","target":"3934"},{"source":"3926","target":"3938"},{"source":"3926","target":"3943"},{"source":"3926","target":"3966"},{"source":"3926","target":"3968"},{"source":"3926","target":"3971"},{"source":"3927","target":"3945"},{"source":"3929","target":"3948"},{"source":"3930","target":"3934"},{"source":"3930","target":"3938"},{"source":"3930","target":"3941"},{"source":"3931","target":"3947"},{"source":"3933","target":"3960"},{"source":"3933","target":"3964"},{"source":"3933","target":"3967"},{"source":"3937","target":"3945"},{"source":"3938","target":"3943"},{"source":"3938","target":"3948"},{"source":"3938","target":"3962"},{"source":"3938","target":"3966"},{"source":"3938","target":"3968"},{"source":"3938","target":"3971"},{"source":"3939","target":"3963"},{"source":"3940","target":"3966"},{"source":"3943","target":"3948"},{"source":"3944","target":"3948"},{"source":"3944","target":"3962"},{"source":"3945","target":"3956"},{"source":"3945","target":"3972"},{"source":"3947","target":"3951"},{"source":"3947","target":"3973"},{"source":"3947","target":"3976"},{"source":"3948","target":"3962"},{"source":"3948","target":"3968"},{"source":"3948","target":"3971"},{"source":"3950","target":"3979"},{"source":"3951","target":"3958"},{"source":"3951","target":"3969"},{"source":"3956","target":"3964"},{"source":"3956","target":"3972"},{"source":"3957","target":"3975"},{"source":"3960","target":"3967"},{"source":"3962","target":"3968"},{"source":"3964","target":"3967"},{"source":"3966","target":"3971"},{"source":"3968","target":"3971"},{"source":"3980","target":"3981"},{"source":"3980","target":"3982"},{"source":"3980","target":"3983"},{"source":"3980","target":"3984"},{"source":"3980","target":"3985"},{"source":"3980","target":"3986"},{"source":"3980","target":"3987"},{"source":"3980","target":"3988"},{"source":"3980","target":"3989"},{"source":"3980","target":"3990"},{"source":"3980","target":"3991"},{"source":"3980","target":"3992"},{"source":"3980","target":"3993"},{"source":"3980","target":"3994"},{"source":"3980","target":"3995"},{"source":"3980","target":"3996"},{"source":"3980","target":"3997"},{"source":"3980","target":"3998"},{"source":"3980","target":"3999"},{"source":"3980","target":"4000"},{"source":"3980","target":"4001"},{"source":"3980","target":"4002"},{"source":"3980","target":"4003"},{"source":"3980","target":"4004"},{"source":"3980","target":"4005"},{"source":"3980","target":"4006"},{"source":"3980","target":"4007"},{"source":"3980","target":"4008"},{"source":"3980","target":"4009"},{"source":"3980","target":"4010"},{"source":"3980","target":"4011"},{"source":"3980","target":"4012"},{"source":"3980","target":"4013"},{"source":"3980","target":"4014"},{"source":"3980","target":"4015"},{"source":"3980","target":"4016"},{"source":"3980","target":"4017"},{"source":"3980","target":"4018"},{"source":"3980","target":"4019"},{"source":"3980","target":"4020"},{"source":"3980","target":"4021"},{"source":"3980","target":"4022"},{"source":"3980","target":"4023"},{"source":"3980","target":"4024"},{"source":"3980","target":"4025"},{"source":"3980","target":"4026"},{"source":"3980","target":"4027"},{"source":"3980","target":"4028"},{"source":"3980","target":"4029"},{"source":"3980","target":"4030"},{"source":"3980","target":"4031"},{"source":"3980","target":"4032"},{"source":"3980","target":"4033"},{"source":"3980","target":"4034"},{"source":"3980","target":"4035"},{"source":"3980","target":"4036"},{"source":"3980","target":"4037"},{"source":"3980","target":"4038"},{"source":"3981","target":"3994"},{"source":"3981","target":"3997"},{"source":"3981","target":"3998"},{"source":"3981","target":"4009"},{"source":"3981","target":"4018"},{"source":"3981","target":"4019"},{"source":"3981","target":"4023"},{"source":"3982","target":"3986"},{"source":"3982","target":"3988"},{"source":"3982","target":"3994"},{"source":"3982","target":"3997"},{"source":"3982","target":"3998"},{"source":"3982","target":"4003"},{"source":"3982","target":"4009"},{"source":"3982","target":"4014"},{"source":"3982","target":"4021"},{"source":"3982","target":"4023"},{"source":"3982","target":"4026"},{"source":"3982","target":"4030"},{"source":"3982","target":"4037"},{"source":"3983","target":"4017"},{"source":"3985","target":"3988"},{"source":"3985","target":"3993"},{"source":"3985","target":"3995"},{"source":"3985","target":"4004"},{"source":"3985","target":"4014"},{"source":"3986","target":"4000"},{"source":"3986","target":"4014"},{"source":"3986","target":"4017"},{"source":"3986","target":"4021"},{"source":"3986","target":"4026"},{"source":"3986","target":"4030"},{"source":"3986","target":"4033"},{"source":"3987","target":"4012"},{"source":"3988","target":"3993"},{"source":"3988","target":"3995"},{"source":"3988","target":"4021"},{"source":"3988","target":"4030"},{"source":"3989","target":"3991"},{"source":"3989","target":"4011"},{"source":"3989","target":"4013"},{"source":"3989","target":"4038"},{"source":"3990","target":"4007"},{"source":"3990","target":"4016"},{"source":"3990","target":"4025"},{"source":"3991","target":"4031"},{"source":"3992","target":"4000"},{"source":"3992","target":"4017"},{"source":"3993","target":"3995"},{"source":"3993","target":"4004"},{"source":"3993","target":"4030"},{"source":"3994","target":"3996"},{"source":"3994","target":"3997"},{"source":"3994","target":"3998"},{"source":"3994","target":"4009"},{"source":"3994","target":"4018"},{"source":"3994","target":"4019"},{"source":"3994","target":"4023"},{"source":"3994","target":"4030"},{"source":"3995","target":"4000"},{"source":"3995","target":"4004"},{"source":"3995","target":"4014"},{"source":"3995","target":"4023"},{"source":"3995","target":"4026"},{"source":"3996","target":"4002"},{"source":"3996","target":"4028"},{"source":"3997","target":"3998"},{"source":"3997","target":"4009"},{"source":"3997","target":"4018"},{"source":"3997","target":"4019"},{"source":"3997","target":"4021"},{"source":"3997","target":"4023"},{"source":"3997","target":"4030"},{"source":"3998","target":"3999"},{"source":"3998","target":"4002"},{"source":"3998","target":"4005"},{"source":"3998","target":"4009"},{"source":"3998","target":"4014"},{"source":"3998","target":"4018"},{"source":"3998","target":"4019"},{"source":"3998","target":"4021"},{"source":"3998","target":"4023"},{"source":"3999","target":"4005"},{"source":"3999","target":"4036"},{"source":"4000","target":"4017"},{"source":"4000","target":"4021"},{"source":"4000","target":"4026"},{"source":"4000","target":"4030"},{"source":"4000","target":"4033"},{"source":"4001","target":"4029"},{"source":"4002","target":"4020"},{"source":"4002","target":"4023"},{"source":"4002","target":"4027"},{"source":"4002","target":"4031"},{"source":"4003","target":"4009"},{"source":"4003","target":"4023"},{"source":"4003","target":"4030"},{"source":"4004","target":"4013"},{"source":"4004","target":"4020"},{"source":"4004","target":"4023"},{"source":"4004","target":"4030"},{"source":"4004","target":"4031"},{"source":"4004","target":"4038"},{"source":"4006","target":"4027"},{"source":"4007","target":"4016"},{"source":"4007","target":"4025"},{"source":"4009","target":"4019"},{"source":"4009","target":"4023"},{"source":"4009","target":"4030"},{"source":"4011","target":"4031"},{"source":"4013","target":"4023"},{"source":"4013","target":"4031"},{"source":"4013","target":"4038"},{"source":"4014","target":"4017"},{"source":"4014","target":"4021"},{"source":"4014","target":"4023"},{"source":"4014","target":"4030"},{"source":"4014","target":"4037"},{"source":"4014","target":"4038"},{"source":"4016","target":"4025"},{"source":"4017","target":"4021"},{"source":"4017","target":"4026"},{"source":"4017","target":"4030"},{"source":"4018","target":"4023"},{"source":"4018","target":"4030"},{"source":"4019","target":"4026"},{"source":"4019","target":"4030"},{"source":"4020","target":"4027"},{"source":"4020","target":"4030"},{"source":"4020","target":"4031"},{"source":"4020","target":"4037"},{"source":"4020","target":"4038"},{"source":"4021","target":"4026"},{"source":"4021","target":"4030"},{"source":"4023","target":"4030"},{"source":"4023","target":"4031"},{"source":"4023","target":"4034"},{"source":"4023","target":"4038"},{"source":"4026","target":"4030"},{"source":"4027","target":"4031"},{"source":"4027","target":"4032"},{"source":"4027","target":"4038"},{"source":"4031","target":"4038"}]}